BL51 BANKED LINKER/LOCATER V6.22                                                        08/15/2015  11:21:09  PAGE 1


BL51 BANKED LINKER/LOCATER V6.22, INVOKED BY:
D:\PROGRAM FILES (X86)\KEIL_V5\C51\BIN\BL51.EXE .\AD.obj, .\Battery.obj, .\communication.obj, .\Delay.obj, .\operation.o
>> bj, .\Other.obj, .\pwm.obj, .\Timer.obj, .\UART.obj, .\voice.obj, .\ISP_DataFlash.obj, .\ElecMotor.obj, .\Schedular.o
>> bj, Main.obj TO DDC-Z RAMSIZE (256)


MEMORY MODEL: COMPACT


INPUT MODULES INCLUDED:
  .\AD.obj (AD)
  .\Battery.obj (BATTERY)
  .\communication.obj (COMMUNICATION)
  .\Delay.obj (DELAY)
  .\operation.obj (OPERATION)
  .\Other.obj (OTHER)
  .\pwm.obj (PWM)
  .\Timer.obj (TIMER)
  .\UART.obj (UART)
  .\voice.obj (VOICE)
  .\ISP_DataFlash.obj (ISP_DATAFLASH)
  .\ElecMotor.obj (ELECMOTOR)
  .\Schedular.obj (SCHEDULAR)
  Main.obj (MAIN)
  D:\PROGRAM FILES (X86)\KEIL_V5\C51\LIB\C51C.LIB (?C_STARTUP)
  D:\PROGRAM FILES (X86)\KEIL_V5\C51\LIB\C51C.LIB (?C?CLDPTR)
  D:\PROGRAM FILES (X86)\KEIL_V5\C51\LIB\C51C.LIB (?C?LMUL)
  D:\PROGRAM FILES (X86)\KEIL_V5\C51\LIB\C51C.LIB (?C?ULDIV)
  D:\PROGRAM FILES (X86)\KEIL_V5\C51\LIB\C51C.LIB (?C?LNEG)
  D:\PROGRAM FILES (X86)\KEIL_V5\C51\LIB\C51C.LIB (?C?ICALL)
  D:\PROGRAM FILES (X86)\KEIL_V5\C51\LIB\C51C.LIB (?C?LIMUL)
  D:\PROGRAM FILES (X86)\KEIL_V5\C51\LIB\C51C.LIB (?C_INIT)


LINK MAP OF MODULE:  DDC-Z (AD)


            TYPE    BASE      LENGTH    RELOCATION   SEGMENT NAME
            -----------------------------------------------------

            * * * * * * *   D A T A   M E M O R Y   * * * * * * *
            REG     0000H     0008H     ABSOLUTE     "REG BANK 0"
                    0008H     0018H                  *** GAP ***
            BIT     0020H.0   0004H.4   UNIT         ?BI?MAIN
            BIT     0024H.4   0000H.2   UNIT         ?BI?OPERATION
            BIT     0024H.6   0000H.1   UNIT         ?BI?ELECMOTOR
            BIT     0024H.7   0000H.1   UNIT         ?BI?_HSCH_ADD_TASK?SCHEDULAR
            BIT     0025H.0   0000H.1   UNIT         _BIT_GROUP_
                    0025H.1   0000H.7                *** GAP ***
            DATA    0026H     0028H     UNIT         ?DT?SCHEDULAR
            IDATA   004EH     0001H     UNIT         ?STACK

            * * * * * * *  X D A T A   M E M O R Y  * * * * * * *
            XDATA   0000H     0002H     INPAGE       ?PD?BATTERY
            XDATA   0002H     0003H     INPAGE       ?PD?INITSIGNAL?COMMUNICATION
            XDATA   0005H     0003H     INPAGE       ?PD?INITSIGNAL_F?COMMUNICATION
            XDATA   0008H     0003H     INPAGE       ?PD?_SEND_DATA?COMMUNICATION
            XDATA   000BH     0003H     INPAGE       ?PD?_COMMODE_DATA?COMMUNICATION
BL51 BANKED LINKER/LOCATER V6.22                                                      08/15/2015  11:21:09  PAGE 2


            XDATA   000EH     0003H     INPAGE       ?PD?_COMMODE_DATA_WX?COMMUNICATION
            XDATA   0011H     0002H     INPAGE       ?PD?_UART_SEND_DATA?COMMUNICATION
            XDATA   0013H     0002H     INPAGE       ?PD?_UART_SEND_DATA_F?COMMUNICATION
            XDATA   0015H     0002H     INPAGE       ?PD?_UART_SEND_DATA_F2?COMMUNICATION
            XDATA   0017H     0004H     INPAGE       ?PD?_SEND_CODE_TO_LOCK?COMMUNICATION
            XDATA   001BH     0004H     INPAGE       ?PD?_SEND_CODE_TO_LOCK_TAILI?COMMUNICATION
            XDATA   001FH     0007H     INPAGE       ?PD?COMMUNICATION
            XDATA   0026H     0004H     INPAGE       ?PD?_CUSTOM_DELAY?DELAY
            XDATA   002AH     0002H     INPAGE       ?PD?_MAGNET_DELAY?DELAY
            XDATA   002CH     0002H     INPAGE       ?PD?DELAY
            XDATA   002EH     0005H     INPAGE       ?PD?OPERATION
            XDATA   0033H     0004H     INPAGE       ?PD?_MAGNET_CW?OTHER
            XDATA   0037H     0004H     INPAGE       ?PD?_MAGNET_CW_TAILI?OTHER
            XDATA   003BH     0002H     INPAGE       ?PD?PWM
            XDATA   003DH     0002H     INPAGE       ?PD?_INITTIMER?TIMER
            XDATA   003FH     0004H     INPAGE       ?PD?TIMER
            XDATA   0043H     0003H     INPAGE       ?PD?_SENDNBYTE?UART
            XDATA   0046H     0001H     INPAGE       ?PD?VOICE
            XDATA   0047H     0003H     INPAGE       ?PD?_FLASH_READ_DATA?ISP_DATAFLASH
            XDATA   004AH     0001H     INPAGE       ?PD?ELECMOTOR
            XDATA   004BH     0001H     INPAGE       ?PD?HSCH_DISPATCH_TASKS?SCHEDULAR
            XDATA   004CH     0002H     INPAGE       ?PD?_HSCH_ADD_TASK?SCHEDULAR
            XDATA   004EH     0001H     INPAGE       ?PD?HSCH_UPDATE?SCHEDULAR
            XDATA   004FH     0004H     INPAGE       ?PD?SCHEDULAR
            XDATA   0053H     0039H     INPAGE       ?PD?MAIN
            XDATA   008CH     0008H     INPAGE       _PDATA_GROUP_

            * * * * * * *   C O D E   M E M O R Y   * * * * * * *
            CODE    0000H     0003H     ABSOLUTE     
            CODE    0003H     0008H     INBLOCK      ?PR?MOTO_VIBRATION?OTHER
            CODE    000BH     0003H     ABSOLUTE     
            CODE    000EH     0015H     INBLOCK      ?PR?_FLASH_PAGE_ERASE?ISP_DATAFLASH
            CODE    0023H     0003H     ABSOLUTE     
            CODE    0026H     0239H     INBLOCK      ?PR?TIMER0?MAIN
            CODE    025FH     0196H     INBLOCK      ?PR?_VERIFYBATTERY?BATTERY
            CODE    03F5H     0177H     UNIT         ?C?LIB_CODE
            CODE    056CH     016DH     INBLOCK      ?PR?UART_ISR?MAIN
            CODE    06D9H     00FAH     UNIT         ?C_INITSEG
            CODE    07D3H     002CH     INBLOCK      ?PR?DETECT_WHEEL_MOVING?OPERATION
            CODE    07FFH     0001H     INBLOCK      ?PR?KEY_ROTATE_ON_SPEECH?VOICE
            CODE    0800H     00C2H     INBLOCK      ?PR?HSCH_UPDATE?SCHEDULAR
            CODE    08C2H     008CH     UNIT         ?C_C51STARTUP
            CODE    094EH     007DH     INBLOCK      ?PR?_HSCH_ADD_TASK?SCHEDULAR
            CODE    09CBH     0078H     INBLOCK      ?PR?_GETADCRESULT?AD
            CODE    0A43H     0075H     INBLOCK      ?PR?_INITTIMER?TIMER
            CODE    0AB8H     0073H     INBLOCK      ?PR?_SEND_CODE_TO_LOCK?COMMUNICATION
            CODE    0B2BH     0073H     INBLOCK      ?PR?_SEND_CODE_TO_LOCK_TAILI?COMMUNICATION
            CODE    0B9EH     0071H     INBLOCK      ?PR?HSCH_DISPATCH_TASKS?SCHEDULAR
            CODE    0C0FH     006AH     INBLOCK      ?PR?RECEIVE_BYTE?COMMUNICATION
            CODE    0C79H     006AH     INBLOCK      ?PR?RECEIVE_BYTE_LOCK?COMMUNICATION
            CODE    0CE3H     0062H     INBLOCK      ?PR?_PWM_CHANNEL?PWM
            CODE    0D45H     0060H     INBLOCK      ?PR?_SEND_DATA?COMMUNICATION
            CODE    0DA5H     005FH     INBLOCK      ?PR?DETECT_SELFLEARN_ACTION?OPERATION
            CODE    0E04H     0056H     INBLOCK      ?PR?ELECMOTOR_CODE?ELECMOTOR
            CODE    0E5AH     0055H     INBLOCK      ?PR?_UART_SEND_DATA?COMMUNICATION
            CODE    0EAFH     004CH     INBLOCK      ?PR?_INITT0?TIMER
            CODE    0EFBH     004BH     INBLOCK      ?PR?_HSCH_DELETE_TASK?SCHEDULAR
BL51 BANKED LINKER/LOCATER V6.22                                                      08/15/2015  11:21:09  PAGE 3


            CODE    0F46H     0048H     INBLOCK      ?PR?INITSIGNAL?COMMUNICATION
            CODE    0F8EH     0048H     INBLOCK      ?PR?INITSIGNAL_F?COMMUNICATION
            CODE    0FD6H     0029H     INBLOCK      ?PR?DETECT_OPEN_ACTION?OPERATION
            CODE    0FFFH     0001H     INBLOCK      ?PR?HSCH_REPORT_STATUS?SCHEDULAR
            CODE    1000H     0048H     INBLOCK      ?PR?DETECT_CLOSE_ACTION?OPERATION
            CODE    1048H     0047H     INBLOCK      ?PR?DISABLE_SENSOR?OTHER
            CODE    108FH     0046H     INBLOCK      ?PR?_UART_SEND_DATA_F2?COMMUNICATION
            CODE    10D5H     0043H     INBLOCK      ?PR?UART_SEND_DATA_MATCH?COMMUNICATION
            CODE    1118H     0041H     INBLOCK      ?PR?RECEIVE_WORD?COMMUNICATION
            CODE    1159H     0041H     INBLOCK      ?PR?SELF_LEARN_PROGRAMMING_F?ISP_DATAFLASH
            CODE    119AH     0040H     INBLOCK      ?PR?_UART_SEND_DATA_F?COMMUNICATION
            CODE    11DAH     003FH     INBLOCK      ?PR?_CUSTOM_DELAY?DELAY
            CODE    1219H     003EH     INBLOCK      ?PR?_MAGNET_DELAY?DELAY
            CODE    1257H     0036H     INBLOCK      ?PR?_INITUART?UART
            CODE    128DH     0036H     INBLOCK      ?PR?_SC_SPEECH?VOICE
            CODE    12C3H     0034H     INBLOCK      ?PR?_COMMODE_DATA_WX?COMMUNICATION
            CODE    12F7H     0032H     INBLOCK      ?PR?_COMMODE_DATA?COMMUNICATION
            CODE    1329H     0032H     INBLOCK      ?PR?ACCUMULATOR_VOICE_PROMOT?VOICE
            CODE    135BH     0032H     INBLOCK      ?PR?SELF_LEARN_PROGRAMMING?ISP_DATAFLASH
            CODE    138DH     0031H     INBLOCK      ?PR?_MAGNET_CW?OTHER
            CODE    13BEH     0031H     INBLOCK      ?PR?_MAGNET_CW_TAILI?OTHER
            CODE    13EFH     0030H     INBLOCK      ?PR?_FLASH_WRITE_DATA?ISP_DATAFLASH
            CODE    141FH     002FH     INBLOCK      ?PR?DETECT_VIBRATION?OPERATION
            CODE    144EH     002EH     INBLOCK      ?PR?SLAVE_AWAY_OPERATION?OPERATION
            CODE    147CH     002BH     INBLOCK      ?PR?_SENDNBYTE?UART
            CODE    14A7H     0029H     INBLOCK      ?PR?ELECMOTOR_TEST?ELECMOTOR
            CODE    14D0H     0026H     INBLOCK      ?PR?SELFLEARN_RESET?OPERATION
            CODE    14F6H     0024H     INBLOCK      ?PR?SLAVE_NEARBY_OPERATION?OPERATION
            CODE    151AH     0022H     INBLOCK      ?PR?ENSENSOR_AFTERIDCERT?OPERATION
            CODE    153CH     0021H     INBLOCK      ?PR?ENSENSOR_AFTER_SLAVE_AWAY?OPERATION
            CODE    155DH     0020H     INBLOCK      ?PR?_DELAY_MS?DELAY
            CODE    157DH     001EH     INBLOCK      ?PR?RESET_AFTER_STOLEN_ALARMING?OPERATION
            CODE    159BH     001EH     INBLOCK      ?PR?_FLASH_READ_DATA?ISP_DATAFLASH
            CODE    15B9H     001CH     INBLOCK      ?PR?ELECMOTOR_DELAY_CW?ELECMOTOR
            CODE    15D5H     001CH     INBLOCK      ?PR?ELECMOTOR_DELAY_ACW?ELECMOTOR
            CODE    15F1H     001BH     INBLOCK      ?PR?ENSENSOR_AFTER_CLOSE?OPERATION
            CODE    160CH     001BH     INBLOCK      ?PR?INITVOICE?VOICE
            CODE    1627H     001AH     INBLOCK      ?PR?DELAY_1MS?DELAY
            CODE    1641H     001AH     INBLOCK      ?PR?DELAY_5MS?DELAY
            CODE    165BH     001AH     INBLOCK      ?PR?DELAY_10MS?DELAY
            CODE    1675H     001AH     INBLOCK      ?PR?DELAY_12MS?DELAY
            CODE    168FH     001AH     INBLOCK      ?PR?DELAY_50MS?DELAY
            CODE    16A9H     001AH     INBLOCK      ?PR?DELAY_100MS?DELAY
            CODE    16C3H     001AH     INBLOCK      ?PR?DELAY_500MS?DELAY
            CODE    16DDH     001AH     INBLOCK      ?PR?TRIGGER_ISP?ISP_DATAFLASH
            CODE    16F7H     0019H     INBLOCK      ?PR?_DELAY_US?DELAY
            CODE    1710H     0018H     INBLOCK      ?PR?INIT_PWM?PWM
            CODE    1728H     0017H     INBLOCK      ?PR?_DELAY?DELAY
            CODE    173FH     0017H     INBLOCK      ?PR?MAIN?MAIN
            CODE    1756H     0016H     INBLOCK      ?PR?FELL_ALARM_TO_SLAVE?OPERATION
            CODE    176CH     0016H     INBLOCK      ?PR?RAISE_ALARM_TO_SLAVE?OPERATION
            CODE    1782H     0016H     INBLOCK      ?PR?BATSTOLEN_ALARM_TO_SLAVE?OPERATION
            CODE    1798H     0014H     INBLOCK      ?PR?DISABLE_ISP?ISP_DATAFLASH
            CODE    17ACH     0013H     INBLOCK      ?PR?HOST_TOUCH_SPEECH?VOICE
            CODE    17BFH     0013H     INBLOCK      ?PR?STOLEN_ALARM_SPEECH2?VOICE
            CODE    17D2H     0013H     INBLOCK      ?PR?ENABLE_ISP?ISP_DATAFLASH
            CODE    17E5H     0011H     INBLOCK      ?PR?SELF_LEARN_SPEECH?VOICE
BL51 BANKED LINKER/LOCATER V6.22                                                      08/15/2015  11:21:09  PAGE 4


            CODE    17F6H     000AH     INBLOCK      ?PR?OPEN_TRANCEIVER?COMMUNICATION
            CODE    1800H     0011H     INBLOCK      ?PR?IDCERTED_SPEECH?VOICE
            CODE    1811H     0011H     INBLOCK      ?PR?ELECMOTOR_CW?ELECMOTOR
            CODE    1822H     0010H     INBLOCK      ?PR?RESET_AFTER_WIREBROKEN?OPERATION
            CODE    1832H     000FH     INBLOCK      ?PR?HSCH_MANUAL_TIMER0_RELOAD?TIMER
            CODE    1841H     000FH     INBLOCK      ?PR?MOTORBAT_LOW_SPEECH?VOICE
            CODE    1850H     000FH     INBLOCK      ?PR?BATTERY_HINT?VOICE
            CODE    185FH     000FH     INBLOCK      ?PR?ID_SPEECH?VOICE
            CODE    186EH     000FH     INBLOCK      ?PR?HOST_2NDTOUCH_SPEECH?VOICE
            CODE    187DH     000FH     INBLOCK      ?PR?STOLEN_ALARM_SPEECH1?VOICE
            CODE    188CH     000FH     INBLOCK      ?PR?OPEN_LOCK_SPEECH?VOICE
            CODE    189BH     000FH     INBLOCK      ?PR?CLOSE_LOCK_SPEECH?VOICE
            CODE    18AAH     000FH     INBLOCK      ?PR?BATTERY_STOLEN_SPEECH?VOICE
            CODE    18B9H     000FH     INBLOCK      ?PR?CUTTING_WIRE_VOICE?VOICE
            CODE    18C8H     000FH     INBLOCK      ?PR?PRODUCT_TEST_VOICE?VOICE
            CODE    18D7H     000FH     INBLOCK      ?PR?BATTERY_LOW_ALARM_SPEECH?VOICE
            CODE    18E6H     000FH     INBLOCK      ?PR?BATTERY_HIGH_ALARM_SPEECH?VOICE
            CODE    18F5H     000FH     INBLOCK      ?PR?ALARM_STOLEN_SPEECH?VOICE
            CODE    1904H     000FH     INBLOCK      ?PR?ALARM_RAISED_SPEECH?VOICE
            CODE    1913H     000FH     INBLOCK      ?PR?ALARM_FELL_SPEECH?VOICE
            CODE    1922H     000FH     INBLOCK      ?PR?HOST_BATTERY_HIGH_ALARM_SPEECH?VOICE
            CODE    1931H     000FH     INBLOCK      ?PR?BATTERY_STOLEN_SPEECH_F3?VOICE
            CODE    1940H     000FH     INBLOCK      ?PR?WIRE_BROKEN_SPEECH?VOICE
            CODE    194FH     000FH     INBLOCK      ?PR?LOCK_ROTATED_ON_SPEECH?VOICE
            CODE    195EH     000FH     INBLOCK      ?PR?LOCK_ROTATED_OFF_SPEECH?VOICE
            CODE    196DH     000EH     INBLOCK      ?PR?_MAGNET_ACW?OTHER
            CODE    197BH     000EH     INBLOCK      ?PR?_MAGNET_ACW_TAILI?OTHER
            CODE    1989H     000EH     INBLOCK      ?PR?ELECMOTOR_ACW?ELECMOTOR
            CODE    1997H     000DH     INBLOCK      ?PR?CHECK_MOTOR_ACCUMULATOR?BATTERY
            CODE    19A4H     000CH     INBLOCK      ?PR?HOST_STOLEN_ACTION?OPERATION
            CODE    19B0H     000CH     INBLOCK      ?PR?ENABLE_SENSOR?OTHER
            CODE    19BCH     000BH     INBLOCK      ?PR?INITSENSOR?OPERATION
            CODE    19C7H     0009H     INBLOCK      ?PR?INITTRANSCEIVER?COMMUNICATION
            CODE    19D0H     0009H     INBLOCK      ?PR?DISABLE_SENSOR_AFTER_IDCERT?OPERATION
            CODE    19D9H     0009H     INBLOCK      ?PR?ENTER_NOGUARD_VOICE?VOICE
            CODE    19E2H     0008H     INBLOCK      ?PR?MYPWM?PWM
            CODE    19EAH     0008H     INBLOCK      ?PR?_SENDDATA?UART
            CODE    19F2H     0004H     INBLOCK      ?PR?SEOS_GO_TO_SLEEP?TIMER
            CODE    19F6H     0004H     INBLOCK      ?PR?HSCH_GO_TO_SLEEP?SCHEDULAR
            CODE    19FAH     0003H     INBLOCK      ?PR?CLOSE_TRANCEIVER?COMMUNICATION
            CODE    19FDH     0003H     INBLOCK      ?PR?HSCH_START?TIMER
            CODE    1A00H     0003H     INBLOCK      ?PR?INITELECMOTOR?ELECMOTOR
                    1A03H     15FDH                  *** GAP ***
            CODE    3000H     0001H     ABSOLUTE     
            CODE    3001H     0001H     ABSOLUTE     
            CODE    3002H     0001H     ABSOLUTE     
            CODE    3003H     0001H     ABSOLUTE     
            CODE    3004H     0001H     ABSOLUTE     
            CODE    3005H     0001H     ABSOLUTE     



OVERLAY MAP OF MODULE:   DDC-Z (AD)


SEGMENT                                             BIT_GROUP          PDATA_GROUP
  +--> CALLED SEGMENT                            START    LENGTH     START    LENGTH
BL51 BANKED LINKER/LOCATER V6.22                                                      08/15/2015  11:21:09  PAGE 5


------------------------------------------------------------------------------------
?PR?TIMER0?MAIN                                  -----    -----      -----    -----
  +--> ?PR?IDCERTED_SPEECH?VOICE
  +--> ?PR?CHECK_MOTOR_ACCUMULATOR?BATTERY
  +--> ?PR?ACCUMULATOR_VOICE_PROMOT?VOICE
  +--> ?PR?ENSENSOR_AFTER_SLAVE_AWAY?OPERATION
  +--> ?PR?ENSENSOR_AFTER_CLOSE?OPERATION
  +--> ?PR?HOST_STOLEN_ACTION?OPERATION
  +--> ?PR?DISABLE_SENSOR_AFTER_IDCERT?OPERA...
  +--> ?PR?RESET_AFTER_WIREBROKEN?OPERATION
  +--> ?PR?RESET_AFTER_STOLEN_ALARMING?OPERA...
  +--> ?PR?SELFLEARN_RESET?OPERATION
  +--> ?PR?ENTER_NOGUARD_VOICE?VOICE
  +--> ?PR?DETECT_SELFLEARN_ACTION?OPERATION
  +--> ?PR?DETECT_VIBRATION?OPERATION
  +--> ?PR?DETECT_WHEEL_MOVING?OPERATION
  +--> ?PR?DETECT_OPEN_ACTION?OPERATION
  +--> ?PR?DETECT_CLOSE_ACTION?OPERATION
  +--> ?PR?BATTERY_HINT?VOICE
  +--> ?PR?DELAY_500MS?DELAY
  +--> ?PR?HOST_TOUCH_SPEECH?VOICE
  +--> ?PR?ID_SPEECH?VOICE

?PR?IDCERTED_SPEECH?VOICE                        -----    -----      -----    -----
  +--> ?PR?ID_SPEECH?VOICE

?PR?ID_SPEECH?VOICE                              -----    -----      -----    -----
  +--> ?PR?_SC_SPEECH?VOICE
  +--> ?PR?_DELAY?DELAY

?PR?_SC_SPEECH?VOICE                             -----    -----      0090H    0002H
  +--> ?PR?DELAY_50MS?DELAY
  +--> ?PR?_DELAY_US?DELAY

?PR?CHECK_MOTOR_ACCUMULATOR?BATTERY              -----    -----      -----    -----
  +--> ?PR?_GETADCRESULT?AD

?PR?ACCUMULATOR_VOICE_PROMOT?VOICE               -----    -----      -----    -----
  +--> ?PR?_VERIFYBATTERY?BATTERY

?PR?_VERIFYBATTERY?BATTERY                       -----    -----      008CH    0002H
  +--> ?PR?_SC_SPEECH?VOICE
  +--> ?PR?_DELAY?DELAY
  +--> ?PR?MOTORBAT_LOW_SPEECH?VOICE

?PR?MOTORBAT_LOW_SPEECH?VOICE                    -----    -----      -----    -----
  +--> ?PR?_SC_SPEECH?VOICE
  +--> ?PR?_DELAY?DELAY

?PR?ENSENSOR_AFTER_SLAVE_AWAY?OPERATION          -----    -----      -----    -----
  +--> ?PR?ENABLE_SENSOR?OTHER

?PR?ENSENSOR_AFTER_CLOSE?OPERATION               -----    -----      -----    -----
  +--> ?PR?ENABLE_SENSOR?OTHER

?PR?HOST_STOLEN_ACTION?OPERATION                 -----    -----      -----    -----
  +--> ?PR?STOLEN_ALARM_SPEECH1?VOICE
BL51 BANKED LINKER/LOCATER V6.22                                                      08/15/2015  11:21:09  PAGE 6


  +--> ?PR?STOLEN_ALARM_SPEECH2?VOICE

?PR?STOLEN_ALARM_SPEECH1?VOICE                   -----    -----      -----    -----
  +--> ?PR?_SC_SPEECH?VOICE
  +--> ?PR?_DELAY?DELAY

?PR?STOLEN_ALARM_SPEECH2?VOICE                   -----    -----      -----    -----
  +--> ?PR?_SC_SPEECH?VOICE
  +--> ?PR?_DELAY?DELAY

?PR?DISABLE_SENSOR_AFTER_IDCERT?OPERA...         -----    -----      -----    -----
  +--> ?PR?DISABLE_SENSOR?OTHER

?PR?RESET_AFTER_STOLEN_ALARMING?OPERA...         -----    -----      -----    -----
  +--> ?PR?CLOSE_TRANCEIVER?COMMUNICATION

?PR?ENTER_NOGUARD_VOICE?VOICE                    -----    -----      -----    -----
  +--> ?PR?SELF_LEARN_SPEECH?VOICE

?PR?SELF_LEARN_SPEECH?VOICE                      -----    -----      -----    -----
  +--> ?PR?_SC_SPEECH?VOICE
  +--> ?PR?_DELAY?DELAY

?PR?DETECT_SELFLEARN_ACTION?OPERATION            -----    -----      -----    -----
  +--> ?PR?SELF_LEARN_SPEECH?VOICE
  +--> ?PR?SELF_LEARN_PROGRAMMING?ISP_DATAFLASH

?PR?SELF_LEARN_PROGRAMMING?ISP_DATAFLASH         -----    -----      -----    -----
  +--> ?PR?_FLASH_PAGE_ERASE?ISP_DATAFLASH
  +--> ?PR?_FLASH_WRITE_DATA?ISP_DATAFLASH

?PR?_FLASH_PAGE_ERASE?ISP_DATAFLASH              -----    -----      008CH    0002H
  +--> ?PR?ENABLE_ISP?ISP_DATAFLASH
  +--> ?PR?TRIGGER_ISP?ISP_DATAFLASH
  +--> ?PR?DISABLE_ISP?ISP_DATAFLASH

?PR?ENABLE_ISP?ISP_DATAFLASH                     -----    -----      -----    -----
  +--> ?PR?TRIGGER_ISP?ISP_DATAFLASH

?PR?DISABLE_ISP?ISP_DATAFLASH                    -----    -----      -----    -----
  +--> ?PR?TRIGGER_ISP?ISP_DATAFLASH

?PR?_FLASH_WRITE_DATA?ISP_DATAFLASH              -----    -----      008CH    0003H
  +--> ?PR?ENABLE_ISP?ISP_DATAFLASH
  +--> ?PR?TRIGGER_ISP?ISP_DATAFLASH
  +--> ?PR?DISABLE_ISP?ISP_DATAFLASH

?PR?DETECT_OPEN_ACTION?OPERATION                 -----    -----      -----    -----
  +--> ?PR?DISABLE_SENSOR?OTHER
  +--> ?PR?ELECMOTOR_CW?ELECMOTOR
  +--> ?PR?SLAVE_NEARBY_OPERATION?OPERATION

?PR?ELECMOTOR_CW?ELECMOTOR                       -----    -----      -----    -----
  +--> ?PR?ELECMOTOR_CODE?ELECMOTOR
  +--> ?PR?ELECMOTOR_DELAY_CW?ELECMOTOR

?PR?ELECMOTOR_CODE?ELECMOTOR                     -----    -----      008CH    0002H
BL51 BANKED LINKER/LOCATER V6.22                                                      08/15/2015  11:21:09  PAGE 7


  +--> ?PR?DELAY_12MS?DELAY
  +--> ?PR?DELAY_5MS?DELAY

?PR?ELECMOTOR_DELAY_CW?ELECMOTOR                 -----    -----      -----    -----
  +--> ?PR?DELAY_500MS?DELAY

?PR?SLAVE_NEARBY_OPERATION?OPERATION             -----    -----      -----    -----
  +--> ?PR?OPEN_LOCK_SPEECH?VOICE
  +--> ?PR?_VERIFYBATTERY?BATTERY
  +--> ?PR?KEY_ROTATE_ON_SPEECH?VOICE

?PR?OPEN_LOCK_SPEECH?VOICE                       -----    -----      -----    -----
  +--> ?PR?_SC_SPEECH?VOICE
  +--> ?PR?_DELAY?DELAY

?PR?DETECT_CLOSE_ACTION?OPERATION                -----    -----      -----    -----
  +--> ?PR?ELECMOTOR_ACW?ELECMOTOR
  +--> ?PR?SLAVE_AWAY_OPERATION?OPERATION

?PR?ELECMOTOR_ACW?ELECMOTOR                      -----    -----      -----    -----
  +--> ?PR?ELECMOTOR_DELAY_ACW?ELECMOTOR

?PR?ELECMOTOR_DELAY_ACW?ELECMOTOR                -----    -----      -----    -----
  +--> ?PR?DELAY_500MS?DELAY

?PR?SLAVE_AWAY_OPERATION?OPERATION               -----    -----      -----    -----
  +--> ?PR?CLOSE_LOCK_SPEECH?VOICE
  +--> ?PR?_VERIFYBATTERY?BATTERY
  +--> ?PR?_DELAY?DELAY

?PR?CLOSE_LOCK_SPEECH?VOICE                      -----    -----      -----    -----
  +--> ?PR?_SC_SPEECH?VOICE
  +--> ?PR?_DELAY?DELAY

?PR?BATTERY_HINT?VOICE                           -----    -----      -----    -----
  +--> ?PR?_SC_SPEECH?VOICE
  +--> ?PR?_DELAY?DELAY

?PR?HOST_TOUCH_SPEECH?VOICE                      -----    -----      -----    -----
  +--> ?PR?_SC_SPEECH?VOICE
  +--> ?PR?_DELAY?DELAY

*** NEW ROOT ***************************************************

?PR?UART_ISR?MAIN                                -----    -----      -----    -----
  +--> ?PR?IDCERTED_SPEECH?VOICE
  +--> ?PR?SELF_LEARN_SPEECH?VOICE
  +--> ?PR?ID_SPEECH?VOICE

*** NEW ROOT ***************************************************

?C_C51STARTUP                                    -----    -----      -----    -----
  +--> ?PR?MAIN?MAIN
  +--> ?C_INITSEG

?PR?MAIN?MAIN                                    -----    -----      -----    -----
  +--> ?PR?INITVOICE?VOICE
BL51 BANKED LINKER/LOCATER V6.22                                                      08/15/2015  11:21:09  PAGE 8


  +--> ?PR?INITELECMOTOR?ELECMOTOR
  +--> ?PR?_INITUART?UART
  +--> ?PR?INITSENSOR?OPERATION
  +--> ?PR?INITTRANSCEIVER?COMMUNICATION

?PR?INITVOICE?VOICE                              -----    -----      -----    -----
  +--> ?PR?_DELAY_US?DELAY

?PR?INITELECMOTOR?ELECMOTOR                      -----    -----      -----    -----
  +--> ?PR?ELECMOTOR_ACW?ELECMOTOR

?PR?_INITUART?UART                               -----    -----      -----    -----
  +--> ?PR?_INITT0?TIMER

?PR?_INITT0?TIMER                                -----    -----      0092H    0002H
  +--> ?PR?_HSCH_DELETE_TASK?SCHEDULAR
  +--> ?PR?HSCH_MANUAL_TIMER0_RELOAD?TIMER

?PR?_HSCH_DELETE_TASK?SCHEDULAR                  0025H.0  0000H.1    -----    -----



SYMBOL TABLE OF MODULE:  DDC-Z (AD)

  VALUE           TYPE          NAME
  ----------------------------------

  -------         MODULE        AD
  C:0000H         SYMBOL        _ICE_DUMMY_
  D:0080H         PUBLIC        P0
  D:0090H         PUBLIC        P1
  D:00A0H         PUBLIC        P2
  D:00B0H         PUBLIC        P3
  D:00A8H         PUBLIC        IE
  D:00E2H         PUBLIC        ADCH
  B:00F8H.4       PUBLIC        ADCI
  D:00B8H         PUBLIC        IP
  B:00F8H.3       PUBLIC        ADCS
  D:00F6H         PUBLIC        P0DIDS
  D:00D8H         PUBLIC        WDCON0
  D:0098H         PUBLIC        SCON
  D:0088H         PUBLIC        TCON
  B:00F8H.0       PUBLIC        AADR0
  B:00F8H.1       PUBLIC        AADR1
  B:00F8H.2       PUBLIC        AADR2
  D:00E8H         PUBLIC        EIE
  D:00F8H         PUBLIC        ADCCON0
  D:00E1H         PUBLIC        ADCCON1
  D:00C0H         PUBLIC        I2CON
  D:00C8H         PUBLIC        T2CON
  C:09CBH         PUBLIC        _GetADCResult
  D:00D0H         PUBLIC        PSW
  -------         PROC          _GETADCRESULT
  D:0007H         SYMBOL        ch
  -------         DO            
  D:0005H         SYMBOL        DataL
  D:0002H         SYMBOL        DataH
BL51 BANKED LINKER/LOCATER V6.22                                                      08/15/2015  11:21:09  PAGE 9


  -------         ENDDO         
  C:09CBH         LINE#         17
  C:09CBH         LINE#         18
  C:09CBH         LINE#         19
  C:09CCH         LINE#         20
  C:09CDH         LINE#         22
  C:09D2H         LINE#         23
  C:09D2H         LINE#         25
  C:09D5H         LINE#         27
  C:09D7H         LINE#         28
  C:09D9H         LINE#         29
  C:09DBH         LINE#         31
  C:09DEH         LINE#         33
  C:09E0H         LINE#         34
  C:09E2H         LINE#         36
  C:09E4H         LINE#         37
  C:09EBH         LINE#         39
  C:09EFH         LINE#         40
  C:0A01H         LINE#         42
  C:0A05H         LINE#         43
  C:0A05H         LINE#         45
  C:0A0AH         LINE#         46
  C:0A0AH         LINE#         48
  C:0A0DH         LINE#         51
  C:0A0FH         LINE#         52
  C:0A11H         LINE#         53
  C:0A13H         LINE#         55
  C:0A16H         LINE#         57
  C:0A18H         LINE#         58
  C:0A1AH         LINE#         60
  C:0A1CH         LINE#         61
  C:0A23H         LINE#         63
  C:0A29H         LINE#         64
  C:0A3BH         LINE#         66
  C:0A3FH         LINE#         67
  C:0A3FH         LINE#         69
  C:0A42H         LINE#         70
  -------         ENDPROC       _GETADCRESULT
  -------         ENDMOD        AD

  -------         MODULE        BATTERY
  C:0000H         SYMBOL        _ICE_DUMMY_
  C:1997H         PUBLIC        Check_motor_accumulator
  D:0080H         PUBLIC        P0
  D:0090H         PUBLIC        P1
  D:00A0H         PUBLIC        P2
  D:00B0H         PUBLIC        P3
  X:0000H         PUBLIC        Check2_stage
  B:0090H.4       PUBLIC        voice_EN
  D:00A8H         PUBLIC        IE
  D:00B8H         PUBLIC        IP
  C:025FH         PUBLIC        _verifybattery
  D:00D8H         PUBLIC        WDCON0
  D:0098H         PUBLIC        SCON
  D:0088H         PUBLIC        TCON
  D:00E8H         PUBLIC        EIE
  D:00F8H         PUBLIC        ADCCON0
BL51 BANKED LINKER/LOCATER V6.22                                                      08/15/2015  11:21:09  PAGE 10


  X:0001H         PUBLIC        Battery_level
  D:00C0H         PUBLIC        I2CON
  D:00C8H         PUBLIC        T2CON
  D:00D0H         PUBLIC        PSW
  -------         PROC          CHECK_MOTOR_ACCUMULATOR
  C:1997H         LINE#         23
  C:1997H         LINE#         24
  C:1997H         LINE#         26
  C:19A3H         LINE#         27
  -------         ENDPROC       CHECK_MOTOR_ACCUMULATOR
  -------         PROC          _VERIFYBATTERY
  X:008CH         SYMBOL        Check2
  C:025FH         LINE#         34
  C:0266H         LINE#         35
  C:0266H         LINE#         38
  C:026EH         LINE#         39
  C:0275H         LINE#         40
  C:0281H         LINE#         41
  C:0286H         LINE#         43
  C:0295H         LINE#         44
  C:0295H         LINE#         45
  C:0295H         LINE#         46
  C:0295H         LINE#         48
  C:02A1H         LINE#         49
  C:02A1H         LINE#         50
  C:02A1H         LINE#         51
  C:02A1H         LINE#         52
  C:02A1H         LINE#         53
  C:02A1H         LINE#         54
  C:02A3H         LINE#         56
  C:02BBH         LINE#         57
  C:02BBH         LINE#         58
  C:02BBH         LINE#         59
  C:02BBH         LINE#         60
  C:02BBH         LINE#         61
  C:02BBH         LINE#         62
  C:02BDH         LINE#         64
  C:02D5H         LINE#         65
  C:02D5H         LINE#         66
  C:02D5H         LINE#         67
  C:02D5H         LINE#         68
  C:02D5H         LINE#         69
  C:02D5H         LINE#         70
  C:02D7H         LINE#         72
  C:02EFH         LINE#         73
  C:02EFH         LINE#         74
  C:02EFH         LINE#         75
  C:02EFH         LINE#         76
  C:02EFH         LINE#         77
  C:02EFH         LINE#         78
  C:02F1H         LINE#         80
  C:0309H         LINE#         81
  C:0309H         LINE#         82
  C:0309H         LINE#         83
  C:0309H         LINE#         84
  C:0309H         LINE#         85
  C:0309H         LINE#         86
BL51 BANKED LINKER/LOCATER V6.22                                                      08/15/2015  11:21:09  PAGE 11


  C:030BH         LINE#         88
  C:0319H         LINE#         89
  C:0319H         LINE#         90
  C:0319H         LINE#         91
  C:0319H         LINE#         92
  C:0319H         LINE#         93
  C:031BH         LINE#         95
  C:031BH         LINE#         96
  C:031BH         LINE#         98
  C:0327H         LINE#         99
  C:0327H         LINE#         100
  C:0329H         LINE#         101
  C:032EH         LINE#         102
  C:0330H         LINE#         103
  C:0330H         LINE#         104
  C:0332H         LINE#         106
  C:034AH         LINE#         107
  C:034AH         LINE#         108
  C:034CH         LINE#         109
  C:0351H         LINE#         110
  C:0353H         LINE#         111
  C:0353H         LINE#         112
  C:0355H         LINE#         114
  C:036DH         LINE#         115
  C:036DH         LINE#         116
  C:036FH         LINE#         117
  C:0374H         LINE#         118
  C:0376H         LINE#         119
  C:0376H         LINE#         120
  C:0378H         LINE#         122
  C:0390H         LINE#         123
  C:0390H         LINE#         124
  C:0392H         LINE#         125
  C:0397H         LINE#         126
  C:0399H         LINE#         127
  C:0399H         LINE#         128
  C:039BH         LINE#         130
  C:03B3H         LINE#         131
  C:03B3H         LINE#         132
  C:03B5H         LINE#         133
  C:03BAH         LINE#         134
  C:03BCH         LINE#         135
  C:03BCH         LINE#         136
  C:03BEH         LINE#         138
  C:03D6H         LINE#         139
  C:03D6H         LINE#         140
  C:03D8H         LINE#         141
  C:03DDH         LINE#         142
  C:03E2H         LINE#         143
  C:03E4H         LINE#         144
  C:03E5H         LINE#         146
  C:03F1H         LINE#         147
  C:03F1H         LINE#         148
  C:03F4H         LINE#         149
  C:03F4H         LINE#         150
  C:03F4H         LINE#         151
  C:03F4H         LINE#         271
BL51 BANKED LINKER/LOCATER V6.22                                                      08/15/2015  11:21:09  PAGE 12


  -------         ENDPROC       _VERIFYBATTERY
  -------         ENDMOD        BATTERY

  -------         MODULE        COMMUNICATION
  C:0000H         SYMBOL        _ICE_DUMMY_
  C:0C0FH         PUBLIC        receive_byte
  D:0080H         PUBLIC        P0
  D:0090H         PUBLIC        P1
  B:00B0H.0       PUBLIC        receive_wire
  D:00A0H         PUBLIC        P2
  D:00B0H         PUBLIC        P3
  C:12F7H         PUBLIC        _ComMode_Data
  C:0E5AH         PUBLIC        _UART_Send_Data
  C:1118H         PUBLIC        receive_word
  D:00A8H         PUBLIC        IE
  C:12C3H         PUBLIC        _ComMode_Data_WX
  D:00B8H         PUBLIC        IP
  C:19C7H         PUBLIC        InitTransceiver
  B:0080H.1       PUBLIC        lock_code
  C:119AH         PUBLIC        _UART_Send_Data_F
  D:00D8H         PUBLIC        WDCON0
  B:0090H.0       PUBLIC        P10
  B:0090H.1       PUBLIC        P11
  C:19FAH         PUBLIC        close_tranceiver
  D:0098H         PUBLIC        SCON
  D:0088H         PUBLIC        TCON
  C:0F46H         PUBLIC        initsignal
  B:00A0H.7       PUBLIC        transmiter_EN
  B:0090H.3       PUBLIC        receiver_EN
  C:17FBH         PUBLIC        open_tranceiver
  C:0B2BH         PUBLIC        _send_code_to_lock_Taili
  D:00E8H         PUBLIC        EIE
  B:00A0H.3       PUBLIC        MagentControl_2
  D:00F8H         PUBLIC        ADCCON0
  D:00C0H         PUBLIC        I2CON
  C:108FH         PUBLIC        _UART_Send_Data_F2
  C:0F8EH         PUBLIC        initsignal_F
  B:00A0H.6       PUBLIC        transmiter_power
  D:00C8H         PUBLIC        T2CON
  C:0D45H         PUBLIC        _Send_Data
  C:0C79H         PUBLIC        receive_byte_Lock
  B:0090H.0       PUBLIC        TXD
  C:10D5H         PUBLIC        UART_Send_Data_match
  C:0AB8H         PUBLIC        _send_code_to_lock
  D:00D0H         PUBLIC        PSW
  X:001FH         PUBLIC        myTxRxData
  -------         PROC          INITTRANSCEIVER
  C:19C7H         LINE#         38
  C:19C7H         LINE#         39
  C:19C7H         LINE#         40
  C:19C9H         LINE#         41
  C:19CBH         LINE#         42
  C:19CDH         LINE#         43
  C:19CFH         LINE#         44
  -------         ENDPROC       INITTRANSCEIVER
  -------         PROC          INITSIGNAL
  -------         DO            
BL51 BANKED LINKER/LOCATER V6.22                                                      08/15/2015  11:21:09  PAGE 13


  X:0002H         SYMBOL        k
  X:0003H         SYMBOL        k1
  X:0004H         SYMBOL        mystartbuffer
  -------         ENDDO         
  C:0F46H         LINE#         53
  C:0F46H         LINE#         54
  C:0F46H         LINE#         56
  C:0F4BH         LINE#         57
  C:0F4EH         LINE#         58
  C:0F4EH         LINE#         59
  C:0F52H         LINE#         60
  C:0F52H         LINE#         61
  C:0F55H         LINE#         62
  C:0F55H         LINE#         63
  C:0F55H         LINE#         64
  C:0F55H         LINE#         66
  C:0F55H         LINE#         68
  C:0F55H         LINE#         69
  C:0F57H         LINE#         70
  C:0F60H         LINE#         72
  C:0F60H         LINE#         73
  C:0F62H         LINE#         74
  C:0F68H         LINE#         75
  C:0F71H         LINE#         77
  C:0F7CH         LINE#         78
  C:0F81H         LINE#         81
  C:0F8BH         LINE#         82
  C:0F8DH         LINE#         83
  -------         ENDPROC       INITSIGNAL
  -------         PROC          INITSIGNAL_F
  -------         DO            
  X:0005H         SYMBOL        k
  X:0006H         SYMBOL        k1
  X:0007H         SYMBOL        mystartbuffer
  -------         ENDDO         
  C:0F8EH         LINE#         85
  C:0F8EH         LINE#         86
  C:0F8EH         LINE#         88
  C:0F93H         LINE#         89
  C:0F96H         LINE#         90
  C:0F96H         LINE#         92
  C:0F9AH         LINE#         97
  C:0F9AH         LINE#         98
  C:0F9DH         LINE#         99
  C:0F9DH         LINE#         100
  C:0F9DH         LINE#         101
  C:0F9DH         LINE#         103
  C:0F9DH         LINE#         105
  C:0F9DH         LINE#         106
  C:0F9FH         LINE#         107
  C:0FA8H         LINE#         109
  C:0FA8H         LINE#         110
  C:0FAAH         LINE#         111
  C:0FB0H         LINE#         112
  C:0FB9H         LINE#         114
  C:0FC4H         LINE#         115
  C:0FC9H         LINE#         118
BL51 BANKED LINKER/LOCATER V6.22                                                      08/15/2015  11:21:09  PAGE 14


  C:0FD3H         LINE#         119
  C:0FD5H         LINE#         120
  -------         ENDPROC       INITSIGNAL_F
  -------         PROC          _SEND_DATA
  X:0008H         SYMBOL        x
  -------         DO            
  X:0009H         SYMBOL        i
  X:000AH         SYMBOL        n
  -------         ENDDO         
  C:0D45H         LINE#         126
  C:0D49H         LINE#         127
  C:0D49H         LINE#         129
  C:0D4CH         LINE#         130
  C:0D4CH         LINE#         131
  C:0D50H         LINE#         132
  C:0D50H         LINE#         133
  C:0D5AH         LINE#         134
  C:0D5AH         LINE#         135
  C:0D5CH         LINE#         136
  C:0D64H         LINE#         137
  C:0D66H         LINE#         139
  C:0D66H         LINE#         140
  C:0D68H         LINE#         141
  C:0D73H         LINE#         142
  C:0D73H         LINE#         143
  C:0D75H         LINE#         144
  C:0D83H         LINE#         145
  C:0D8EH         LINE#         146
  C:0D99H         LINE#         147
  C:0DA4H         LINE#         148
  -------         ENDPROC       _SEND_DATA
  -------         PROC          _COMMODE_DATA
  X:000BH         SYMBOL        ComMode
  X:000CH         SYMBOL        x
  C:12F7H         LINE#         156
  C:1301H         LINE#         157
  C:1301H         LINE#         158
  C:1303H         LINE#         159
  C:1308H         LINE#         160
  C:130AH         LINE#         161
  C:130FH         LINE#         162
  C:1313H         LINE#         163
  C:1319H         LINE#         165
  C:131CH         LINE#         166
  C:1324H         LINE#         168
  C:1326H         LINE#         169
  C:1328H         LINE#         170
  -------         ENDPROC       _COMMODE_DATA
  -------         PROC          _COMMODE_DATA_WX
  X:000EH         SYMBOL        ComMode
  X:000FH         SYMBOL        x
  C:12C3H         LINE#         178
  C:12CDH         LINE#         179
  C:12CDH         LINE#         180
  C:12CFH         LINE#         181
  C:12D4H         LINE#         182
  C:12D6H         LINE#         183
BL51 BANKED LINKER/LOCATER V6.22                                                      08/15/2015  11:21:09  PAGE 15


  C:12DBH         LINE#         184
  C:12DFH         LINE#         185
  C:12E5H         LINE#         187
  C:12E8H         LINE#         188
  C:12F0H         LINE#         190
  C:12F2H         LINE#         191
  C:12F4H         LINE#         192
  C:12F6H         LINE#         193
  -------         ENDPROC       _COMMODE_DATA_WX
  -------         PROC          _UART_SEND_DATA
  X:0011H         SYMBOL        command
  -------         DO            
  X:0012H         SYMBOL        ii
  -------         ENDDO         
  C:0E5AH         LINE#         198
  C:0E5CH         LINE#         199
  C:0E5CH         LINE#         200
  C:0E5CH         LINE#         201
  C:0E5FH         LINE#         202
  C:0E67H         LINE#         203
  C:0E6EH         LINE#         204
  C:0E75H         LINE#         205
  C:0E7CH         LINE#         206
  C:0E83H         LINE#         207
  C:0E89H         LINE#         209
  C:0E8CH         LINE#         211
  C:0E90H         LINE#         212
  C:0E90H         LINE#         213
  C:0E9BH         LINE#         214
  C:0E9EH         LINE#         215
  C:0EA9H         LINE#         217
  C:0EACH         LINE#         218
  -------         ENDPROC       _UART_SEND_DATA
  -------         PROC          _UART_SEND_DATA_F
  X:0013H         SYMBOL        command
  -------         DO            
  X:0014H         SYMBOL        ii
  -------         ENDDO         
  C:119AH         LINE#         224
  C:119CH         LINE#         225
  C:119CH         LINE#         226
  C:119CH         LINE#         227
  C:119FH         LINE#         228
  C:11A7H         LINE#         229
  C:11AEH         LINE#         230
  C:11B5H         LINE#         231
  C:11BCH         LINE#         232
  C:11C3H         LINE#         233
  C:11C9H         LINE#         235
  C:11CCH         LINE#         237
  C:11D7H         LINE#         239
  C:11D9H         LINE#         244
  -------         ENDPROC       _UART_SEND_DATA_F
  -------         PROC          _UART_SEND_DATA_F2
  X:0015H         SYMBOL        command
  -------         DO            
  X:0016H         SYMBOL        ii
BL51 BANKED LINKER/LOCATER V6.22                                                      08/15/2015  11:21:09  PAGE 16


  -------         ENDDO         
  C:108FH         LINE#         249
  C:1091H         LINE#         250
  C:1091H         LINE#         251
  C:1091H         LINE#         252
  C:1094H         LINE#         253
  C:109CH         LINE#         254
  C:10A3H         LINE#         255
  C:10AAH         LINE#         256
  C:10B1H         LINE#         257
  C:10B8H         LINE#         258
  C:10BEH         LINE#         260
  C:10C1H         LINE#         261
  C:10C4H         LINE#         262
  C:10C7H         LINE#         263
  C:10D2H         LINE#         265
  C:10D4H         LINE#         270
  -------         ENDPROC       _UART_SEND_DATA_F2
  C:17F6H         SYMBOL        L?0095
  -------         PROC          L?0094
  -------         ENDPROC       L?0094
  C:17F6H         SYMBOL        L?0095
  -------         PROC          OPEN_TRANCEIVER
  C:17FBH         LINE#         276
  C:17FBH         LINE#         277
  C:17FBH         LINE#         282
  C:17FDH         LINE#         283
  C:17FFH         LINE#         285
  -------         ENDPROC       OPEN_TRANCEIVER
  -------         PROC          CLOSE_TRANCEIVER
  C:19FAH         LINE#         291
  C:19FAH         LINE#         292
  C:19FAH         LINE#         297
  C:19FCH         LINE#         302
  -------         ENDPROC       CLOSE_TRANCEIVER
  -------         PROC          UART_SEND_DATA_MATCH
  C:10D5H         LINE#         307
  C:10D5H         LINE#         308
  C:10D5H         LINE#         309
  C:10D8H         LINE#         311
  C:10DDH         LINE#         312
  C:10E1H         LINE#         313
  C:10E8H         LINE#         314
  C:10EFH         LINE#         315
  C:10F6H         LINE#         316
  C:10FDH         LINE#         317
  C:1104H         LINE#         319
  C:1107H         LINE#         321
  C:1112H         LINE#         322
  C:1115H         LINE#         324
  -------         ENDPROC       UART_SEND_DATA_MATCH
  -------         PROC          RECEIVE_BYTE
  C:0C0FH         LINE#         331
  C:0C0FH         LINE#         332
  C:0C0FH         LINE#         334
  C:0C12H         LINE#         335
  C:0C12H         LINE#         337
BL51 BANKED LINKER/LOCATER V6.22                                                      08/15/2015  11:21:09  PAGE 17


  C:0C1CH         LINE#         338
  C:0C1CH         LINE#         339
  C:0C1EH         LINE#         340
  C:0C1EH         LINE#         341
  C:0C20H         LINE#         342
  C:0C21H         LINE#         345
  C:0C21H         LINE#         347
  C:0C24H         LINE#         348
  C:0C24H         LINE#         350
  C:0C26H         LINE#         353
  C:0C35H         LINE#         354
  C:0C35H         LINE#         356
  C:0C3BH         LINE#         357
  C:0C3DH         LINE#         358
  C:0C3DH         LINE#         359
  C:0C3DH         LINE#         360
  C:0C3FH         LINE#         362
  C:0C47H         LINE#         363
  C:0C47H         LINE#         365
  C:0C4DH         LINE#         366
  C:0C50H         LINE#         367
  C:0C55H         LINE#         368
  C:0C59H         LINE#         369
  C:0C5BH         LINE#         371
  C:0C5BH         LINE#         373
  C:0C60H         LINE#         374
  C:0C60H         LINE#         376
  C:0C64H         LINE#         377
  C:0C65H         LINE#         379
  C:0C65H         LINE#         381
  C:0C6FH         LINE#         382
  C:0C6FH         LINE#         383
  C:0C73H         LINE#         384
  C:0C75H         LINE#         385
  C:0C78H         LINE#         386
  C:0C78H         LINE#         387
  C:0C78H         LINE#         388
  C:0C78H         LINE#         389
  -------         ENDPROC       RECEIVE_BYTE
  -------         PROC          RECEIVE_BYTE_LOCK
  C:0C79H         LINE#         395
  C:0C79H         LINE#         396
  C:0C79H         LINE#         398
  C:0C7CH         LINE#         399
  C:0C7CH         LINE#         401
  C:0C86H         LINE#         402
  C:0C86H         LINE#         403
  C:0C88H         LINE#         404
  C:0C88H         LINE#         405
  C:0C8AH         LINE#         406
  C:0C8BH         LINE#         409
  C:0C8BH         LINE#         411
  C:0C8EH         LINE#         412
  C:0C8EH         LINE#         414
  C:0C90H         LINE#         417
  C:0C9FH         LINE#         418
  C:0C9FH         LINE#         420
BL51 BANKED LINKER/LOCATER V6.22                                                      08/15/2015  11:21:09  PAGE 18


  C:0CA5H         LINE#         421
  C:0CA7H         LINE#         422
  C:0CA7H         LINE#         423
  C:0CA7H         LINE#         424
  C:0CA9H         LINE#         426
  C:0CB1H         LINE#         427
  C:0CB1H         LINE#         429
  C:0CB7H         LINE#         430
  C:0CBAH         LINE#         431
  C:0CBFH         LINE#         432
  C:0CC3H         LINE#         433
  C:0CC5H         LINE#         435
  C:0CC5H         LINE#         437
  C:0CCAH         LINE#         438
  C:0CCAH         LINE#         440
  C:0CCEH         LINE#         441
  C:0CCFH         LINE#         443
  C:0CCFH         LINE#         445
  C:0CD9H         LINE#         446
  C:0CD9H         LINE#         447
  C:0CDDH         LINE#         448
  C:0CDFH         LINE#         449
  C:0CE2H         LINE#         450
  C:0CE2H         LINE#         451
  C:0CE2H         LINE#         452
  C:0CE2H         LINE#         453
  -------         ENDPROC       RECEIVE_BYTE_LOCK
  -------         PROC          RECEIVE_WORD
  C:1118H         LINE#         459
  C:1118H         LINE#         460
  C:1118H         LINE#         462
  C:111FH         LINE#         463
  C:111FH         LINE#         464
  C:1120H         LINE#         466
  C:112DH         LINE#         469
  C:1136H         LINE#         470
  C:1136H         LINE#         471
  C:113BH         LINE#         472
  C:113CH         LINE#         474
  C:1146H         LINE#         475
  C:1146H         LINE#         476
  C:114BH         LINE#         477
  C:114CH         LINE#         478
  C:1150H         LINE#         479
  C:1150H         LINE#         480
  C:1152H         LINE#         481
  C:1152H         LINE#         482
  C:1154H         LINE#         484
  C:1154H         LINE#         485
  C:1158H         LINE#         486
  C:1158H         LINE#         487
  C:1158H         LINE#         488
  -------         ENDPROC       RECEIVE_WORD
  -------         PROC          _SEND_CODE_TO_LOCK
  D:0007H         SYMBOL        x
  X:0017H         SYMBOL        y
  -------         DO            
BL51 BANKED LINKER/LOCATER V6.22                                                      08/15/2015  11:21:09  PAGE 19


  X:0019H         SYMBOL        i
  X:001AH         SYMBOL        n
  -------         ENDDO         
  C:0AB8H         LINE#         495
  C:0ABFH         LINE#         496
  C:0ABFH         LINE#         498
  C:0AC4H         LINE#         499
  C:0AC8H         LINE#         500
  C:0ACBH         LINE#         506
  C:0ACFH         LINE#         507
  C:0ACFH         LINE#         508
  C:0AD3H         LINE#         509
  C:0AD3H         LINE#         510
  C:0ADDH         LINE#         511
  C:0ADDH         LINE#         512
  C:0ADFH         LINE#         513
  C:0AE8H         LINE#         514
  C:0AEAH         LINE#         516
  C:0AEAH         LINE#         517
  C:0AECH         LINE#         518
  C:0AF8H         LINE#         519
  C:0AF8H         LINE#         520
  C:0AFAH         LINE#         521
  C:0B08H         LINE#         522
  C:0B14H         LINE#         523
  C:0B1FH         LINE#         524
  C:0B2AH         LINE#         525
  -------         ENDPROC       _SEND_CODE_TO_LOCK
  -------         PROC          _SEND_CODE_TO_LOCK_TAILI
  D:0007H         SYMBOL        x
  X:001BH         SYMBOL        y
  -------         DO            
  X:001DH         SYMBOL        i
  X:001EH         SYMBOL        n
  -------         ENDDO         
  C:0B2BH         LINE#         532
  C:0B32H         LINE#         533
  C:0B32H         LINE#         535
  C:0B37H         LINE#         536
  C:0B3BH         LINE#         537
  C:0B3EH         LINE#         543
  C:0B42H         LINE#         544
  C:0B42H         LINE#         545
  C:0B46H         LINE#         546
  C:0B46H         LINE#         547
  C:0B50H         LINE#         548
  C:0B50H         LINE#         549
  C:0B52H         LINE#         550
  C:0B5BH         LINE#         551
  C:0B5DH         LINE#         553
  C:0B5DH         LINE#         554
  C:0B5FH         LINE#         555
  C:0B6BH         LINE#         556
  C:0B6BH         LINE#         557
  C:0B6DH         LINE#         558
  C:0B7BH         LINE#         559
  C:0B87H         LINE#         560
BL51 BANKED LINKER/LOCATER V6.22                                                      08/15/2015  11:21:09  PAGE 20


  C:0B92H         LINE#         561
  C:0B9DH         LINE#         562
  -------         ENDPROC       _SEND_CODE_TO_LOCK_TAILI
  -------         ENDMOD        COMMUNICATION

  -------         MODULE        DELAY
  C:0000H         SYMBOL        _ICE_DUMMY_
  D:0080H         PUBLIC        P0
  D:0090H         PUBLIC        P1
  D:00A0H         PUBLIC        P2
  D:00B0H         PUBLIC        P3
  X:002CH         PUBLIC        Timeout_loop
  D:00A8H         PUBLIC        IE
  C:165BH         PUBLIC        Delay_10ms
  C:1675H         PUBLIC        Delay_12ms
  C:168FH         PUBLIC        Delay_50ms
  D:00B8H         PUBLIC        IP
  B:0090H.2       PUBLIC        magnet_overcurrent
  D:00D8H         PUBLIC        WDCON0
  C:1219H         PUBLIC        _Magnet_Delay
  D:0098H         PUBLIC        SCON
  D:0088H         PUBLIC        TCON
  C:16A9H         PUBLIC        Delay_100ms
  C:16C3H         PUBLIC        Delay_500ms
  C:11DAH         PUBLIC        _Custom_Delay
  C:155DH         PUBLIC        _delay_ms
  D:00E8H         PUBLIC        EIE
  D:00F8H         PUBLIC        ADCCON0
  C:16F7H         PUBLIC        _delay_us
  D:00C0H         PUBLIC        I2CON
  C:1627H         PUBLIC        Delay_1ms
  D:00C8H         PUBLIC        T2CON
  C:1641H         PUBLIC        Delay_5ms
  C:1728H         PUBLIC        _Delay
  D:00D0H         PUBLIC        PSW
  -------         PROC          DELAY_1MS
  C:1627H         LINE#         15
  C:1627H         LINE#         16
  C:1627H         LINE#         17
  C:1630H         LINE#         20
  C:1640H         LINE#         21
  -------         ENDPROC       DELAY_1MS
  -------         PROC          DELAY_5MS
  C:1641H         LINE#         23
  C:1641H         LINE#         24
  C:1641H         LINE#         25
  C:164AH         LINE#         28
  C:165AH         LINE#         29
  -------         ENDPROC       DELAY_5MS
  -------         PROC          DELAY_10MS
  C:165BH         LINE#         31
  C:165BH         LINE#         32
  C:165BH         LINE#         33
  C:1664H         LINE#         36
  C:1674H         LINE#         37
  -------         ENDPROC       DELAY_10MS
  -------         PROC          DELAY_12MS
BL51 BANKED LINKER/LOCATER V6.22                                                      08/15/2015  11:21:09  PAGE 21


  C:1675H         LINE#         39
  C:1675H         LINE#         40
  C:1675H         LINE#         41
  C:167EH         LINE#         44
  C:168EH         LINE#         45
  -------         ENDPROC       DELAY_12MS
  -------         PROC          DELAY_50MS
  C:168FH         LINE#         48
  C:168FH         LINE#         49
  C:168FH         LINE#         50
  C:1698H         LINE#         53
  C:16A8H         LINE#         54
  -------         ENDPROC       DELAY_50MS
  -------         PROC          DELAY_100MS
  C:16A9H         LINE#         57
  C:16A9H         LINE#         58
  C:16A9H         LINE#         59
  C:16B2H         LINE#         62
  C:16C2H         LINE#         63
  -------         ENDPROC       DELAY_100MS
  -------         PROC          DELAY_500MS
  C:16C3H         LINE#         66
  C:16C3H         LINE#         67
  C:16C3H         LINE#         68
  C:16CCH         LINE#         71
  C:16DCH         LINE#         72
  -------         ENDPROC       DELAY_500MS
  -------         PROC          _DELAY
  D:0007H         SYMBOL        n
  -------         DO            
  D:0004H         SYMBOL        x
  -------         ENDDO         
  C:1728H         LINE#         79
  C:1728H         LINE#         80
  C:1728H         LINE#         82
  C:172EH         LINE#         83
  C:172EH         LINE#         84
  C:1732H         LINE#         85
  C:173EH         LINE#         87
  -------         ENDPROC       _DELAY
  -------         PROC          _CUSTOM_DELAY
  D:0007H         SYMBOL        t
  X:0026H         SYMBOL        m
  -------         DO            
  X:0028H         SYMBOL        i
  D:0006H         SYMBOL        j
  -------         ENDDO         
  C:11DAH         LINE#         93
  C:11E1H         LINE#         94
  C:11E1H         LINE#         97
  C:11F3H         LINE#         98
  C:1218H         LINE#         99
  -------         ENDPROC       _CUSTOM_DELAY
  -------         PROC          _DELAY_MS
  D:0006H         SYMBOL        count
  -------         DO            
  D:0004H         SYMBOL        i
BL51 BANKED LINKER/LOCATER V6.22                                                      08/15/2015  11:21:09  PAGE 22


  D:0002H         SYMBOL        j
  -------         ENDDO         
  C:155DH         LINE#         106
  C:155DH         LINE#         107
  C:155DH         LINE#         109
  C:1567H         LINE#         110
  C:1567H         LINE#         111
  C:1575H         LINE#         112
  C:157CH         LINE#         113
  -------         ENDPROC       _DELAY_MS
  -------         PROC          _DELAY_US
  D:0006H         SYMBOL        count1
  -------         DO            
  D:0004H         SYMBOL        i
  D:0003H         SYMBOL        j
  -------         ENDDO         
  C:16F7H         LINE#         121
  C:16F7H         LINE#         122
  C:16F7H         LINE#         125
  C:1701H         LINE#         126
  C:1701H         LINE#         127
  C:1708H         LINE#         128
  C:170FH         LINE#         129
  -------         ENDPROC       _DELAY_US
  -------         PROC          _MAGNET_DELAY
  X:002AH         SYMBOL        x
  D:0004H         SYMBOL        y
  -------         DO            
  D:0001H         SYMBOL        i
  D:0002H         SYMBOL        j
  -------         ENDDO         
  C:1219H         LINE#         135
  C:1220H         LINE#         136
  C:1220H         LINE#         139
  C:1222H         LINE#         140
  C:1222H         LINE#         141
  C:1236H         LINE#         142
  C:123BH         LINE#         143
  C:123DH         LINE#         144
  C:123DH         LINE#         146
  C:1240H         LINE#         147
  C:1240H         LINE#         148
  C:1251H         LINE#         149
  C:1251H         LINE#         151
  C:1251H         LINE#         153
  C:1251H         LINE#         154
  C:1256H         LINE#         155
  -------         ENDPROC       _MAGNET_DELAY
  -------         ENDMOD        DELAY

  -------         MODULE        OPERATION
  C:0000H         SYMBOL        _ICE_DUMMY_
  D:0080H         PUBLIC        P0
  D:0090H         PUBLIC        P1
  B:0080H.3       PUBLIC        fell_sensor_detect
  D:00A0H         PUBLIC        P2
  D:00B0H         PUBLIC        P3
BL51 BANKED LINKER/LOCATER V6.22                                                      08/15/2015  11:21:09  PAGE 23


  D:00A8H         PUBLIC        IE
  B:0024H.4       PUBLIC        sensor_EN
  C:141FH         PUBLIC        Detect_vibration
  C:19BCH         PUBLIC        InitSensor
  D:00B8H         PUBLIC        IP
  X:002EH         PUBLIC        wire_broken_level
  C:1822H         PUBLIC        Reset_after_wirebroken
  B:0080H.1       PUBLIC        wire_broken
  C:1782H         PUBLIC        Batstolen_Alarm_to_Slave
  C:157DH         PUBLIC        Reset_after_stolen_alarming
  D:00D8H         PUBLIC        WDCON0
  X:002FH         PUBLIC        wire_broken_time
  D:0098H         PUBLIC        SCON
  D:0088H         PUBLIC        TCON
  C:1000H         PUBLIC        Detect_close_action
  C:14F6H         PUBLIC        slave_nearby_operation
  B:00A0H.5       PUBLIC        key_rotate
  C:07D3H         PUBLIC        Detect_wheel_moving
  C:19D0H         PUBLIC        Disable_sensor_after_IDcert
  B:0080H.7       PUBLIC        horizontal_sensor
  D:00E8H         PUBLIC        EIE
  C:0FD6H         PUBLIC        Detect_open_action
  B:0080H.2       PUBLIC        wheeled_rotate
  B:0080H.4       PUBLIC        raised_sensor_detect
  D:00F8H         PUBLIC        ADCCON0
  C:153CH         PUBLIC        Ensensor_after_slave_away
  D:00C0H         PUBLIC        I2CON
  C:15F1H         PUBLIC        ENsensor_After_Close
  C:0DA5H         PUBLIC        Detect_selflearn_action
  C:151AH         PUBLIC        ENsensor_afterIDcert
  D:00C8H         PUBLIC        T2CON
  C:14D0H         PUBLIC        SelfLearn_Reset
  C:176CH         PUBLIC        Raise_Alarm_to_Slave
  C:144EH         PUBLIC        slave_away_operation
  X:0031H         PUBLIC        key_rotate_off_time
  B:0024H.5       PUBLIC        enable_sensor_delayEN
  C:1756H         PUBLIC        Fell_Alarm_to_Slave
  D:00D0H         PUBLIC        PSW
  B:0080H.0       PUBLIC        sensor_detect
  C:19A4H         PUBLIC        Host_stolen_action
  -------         PROC          SLAVE_AWAY_OPERATION
  C:144EH         LINE#         93
  C:144EH         LINE#         94
  C:144EH         LINE#         95
  C:1451H         LINE#         96
  C:1451H         LINE#         97
  C:1454H         LINE#         98
  C:1464H         LINE#         99
  C:1467H         LINE#         103
  C:1467H         LINE#         105
  C:1469H         LINE#         106
  C:146DH         LINE#         108
  C:1472H         LINE#         109
  C:1476H         LINE#         111
  C:1479H         LINE#         112
  C:147BH         LINE#         113
  -------         ENDPROC       SLAVE_AWAY_OPERATION
BL51 BANKED LINKER/LOCATER V6.22                                                      08/15/2015  11:21:09  PAGE 24


  -------         PROC          SLAVE_NEARBY_OPERATION
  C:14F6H         LINE#         119
  C:14F6H         LINE#         120
  C:14F6H         LINE#         121
  C:14F8H         LINE#         123
  C:14FAH         LINE#         124
  C:14FEH         LINE#         125
  C:1500H         LINE#         126
  C:1503H         LINE#         128
  C:1506H         LINE#         129
  C:1506H         LINE#         130
  C:1509H         LINE#         131
  C:150CH         LINE#         132
  C:1516H         LINE#         133
  C:1519H         LINE#         134
  C:1519H         LINE#         135
  -------         ENDPROC       SLAVE_NEARBY_OPERATION
  -------         PROC          INITSENSOR
  C:19BCH         LINE#         141
  C:19BCH         LINE#         142
  C:19BCH         LINE#         143
  C:19BEH         LINE#         144
  C:19C0H         LINE#         145
  C:19C2H         LINE#         146
  C:19C4H         LINE#         147
  C:19C6H         LINE#         148
  -------         ENDPROC       INITSENSOR
  -------         PROC          HOST_STOLEN_ACTION
  C:19A4H         LINE#         154
  C:19A4H         LINE#         155
  C:19A4H         LINE#         157
  C:19A7H         LINE#         158
  C:19A7H         LINE#         159
  C:19A9H         LINE#         161
  C:19ACH         LINE#         162
  C:19AFH         LINE#         173
  C:19AFH         LINE#         174
  -------         ENDPROC       HOST_STOLEN_ACTION
  -------         PROC          ENSENSOR_AFTERIDCERT
  C:151AH         LINE#         181
  C:151AH         LINE#         182
  C:151AH         LINE#         183
  C:151DH         LINE#         184
  C:151DH         LINE#         186
  C:1527H         LINE#         187
  C:1527H         LINE#         188
  C:1529H         LINE#         189
  C:152BH         LINE#         190
  C:152EH         LINE#         193
  C:1536H         LINE#         194
  C:1536H         LINE#         195
  C:1539H         LINE#         196
  C:1539H         LINE#         197
  C:153BH         LINE#         199
  C:153BH         LINE#         200
  C:153BH         LINE#         201
  -------         ENDPROC       ENSENSOR_AFTERIDCERT
BL51 BANKED LINKER/LOCATER V6.22                                                      08/15/2015  11:21:09  PAGE 25


  -------         PROC          ENSENSOR_AFTER_CLOSE
  C:15F1H         LINE#         206
  C:15F1H         LINE#         207
  C:15F1H         LINE#         208
  C:15F7H         LINE#         209
  C:15F7H         LINE#         210
  C:1601H         LINE#         211
  C:1601H         LINE#         212
  C:1603H         LINE#         213
  C:1605H         LINE#         214
  C:1608H         LINE#         215
  C:160BH         LINE#         216
  C:160BH         LINE#         217
  C:160BH         LINE#         218
  -------         ENDPROC       ENSENSOR_AFTER_CLOSE
  -------         PROC          SELFLEARN_RESET
  C:14D0H         LINE#         224
  C:14D0H         LINE#         225
  C:14D0H         LINE#         226
  C:14D3H         LINE#         227
  C:14D3H         LINE#         228
  C:14DDH         LINE#         229
  C:14DDH         LINE#         230
  C:14DFH         LINE#         231
  C:14E1H         LINE#         233
  C:14E6H         LINE#         234
  C:14EBH         LINE#         235
  C:14EDH         LINE#         236
  C:14EFH         LINE#         237
  C:14F1H         LINE#         238
  C:14F3H         LINE#         239
  C:14F5H         LINE#         240
  C:14F5H         LINE#         241
  C:14F5H         LINE#         242
  -------         ENDPROC       SELFLEARN_RESET
  -------         PROC          FELL_ALARM_TO_SLAVE
  C:1756H         LINE#         248
  C:1756H         LINE#         249
  C:1756H         LINE#         250
  C:1761H         LINE#         251
  C:1761H         LINE#         252
  C:1766H         LINE#         253
  C:176BH         LINE#         254
  C:176BH         LINE#         255
  -------         ENDPROC       FELL_ALARM_TO_SLAVE
  -------         PROC          RAISE_ALARM_TO_SLAVE
  C:176CH         LINE#         261
  C:176CH         LINE#         262
  C:176CH         LINE#         263
  C:1777H         LINE#         264
  C:1777H         LINE#         265
  C:177CH         LINE#         266
  C:1781H         LINE#         267
  C:1781H         LINE#         268
  -------         ENDPROC       RAISE_ALARM_TO_SLAVE
  -------         PROC          BATSTOLEN_ALARM_TO_SLAVE
  C:1782H         LINE#         274
BL51 BANKED LINKER/LOCATER V6.22                                                      08/15/2015  11:21:09  PAGE 26


  C:1782H         LINE#         275
  C:1782H         LINE#         276
  C:178DH         LINE#         277
  C:178DH         LINE#         278
  C:1792H         LINE#         279
  C:1797H         LINE#         280
  C:1797H         LINE#         281
  -------         ENDPROC       BATSTOLEN_ALARM_TO_SLAVE
  -------         PROC          DISABLE_SENSOR_AFTER_IDCERT
  C:19D0H         LINE#         286
  C:19D0H         LINE#         287
  C:19D0H         LINE#         288
  C:19D3H         LINE#         289
  C:19D3H         LINE#         290
  C:19D5H         LINE#         292
  C:19D8H         LINE#         293
  C:19D8H         LINE#         294
  -------         ENDPROC       DISABLE_SENSOR_AFTER_IDCERT
  -------         PROC          RESET_AFTER_WIREBROKEN
  C:1822H         LINE#         299
  C:1822H         LINE#         300
  C:1822H         LINE#         301
  C:1825H         LINE#         302
  C:1825H         LINE#         303
  C:1827H         LINE#         304
  C:182BH         LINE#         305
  C:182DH         LINE#         306
  C:182FH         LINE#         307
  C:1831H         LINE#         308
  C:1831H         LINE#         309
  -------         ENDPROC       RESET_AFTER_WIREBROKEN
  -------         PROC          RESET_AFTER_STOLEN_ALARMING
  C:157DH         LINE#         315
  C:157DH         LINE#         316
  C:157DH         LINE#         317
  C:1580H         LINE#         318
  C:1580H         LINE#         319
  C:158AH         LINE#         320
  C:158AH         LINE#         321
  C:158EH         LINE#         322
  C:1590H         LINE#         323
  C:1592H         LINE#         324
  C:1594H         LINE#         325
  C:1597H         LINE#         326
  C:159AH         LINE#         327
  C:159AH         LINE#         328
  C:159AH         LINE#         329
  -------         ENDPROC       RESET_AFTER_STOLEN_ALARMING
  -------         PROC          ENSENSOR_AFTER_SLAVE_AWAY
  C:153CH         LINE#         334
  C:153CH         LINE#         335
  C:153CH         LINE#         336
  C:1545H         LINE#         337
  C:1545H         LINE#         338
  C:154FH         LINE#         339
  C:154FH         LINE#         340
  C:1552H         LINE#         341
BL51 BANKED LINKER/LOCATER V6.22                                                      08/15/2015  11:21:09  PAGE 27


  C:1554H         LINE#         342
  C:1556H         LINE#         343
  C:1559H         LINE#         344
  C:155CH         LINE#         345
  C:155CH         LINE#         346
  C:155CH         LINE#         347
  -------         ENDPROC       ENSENSOR_AFTER_SLAVE_AWAY
  -------         PROC          DETECT_SELFLEARN_ACTION
  C:0DA5H         LINE#         352
  C:0DA5H         LINE#         353
  C:0DA5H         LINE#         354
  C:0DA8H         LINE#         355
  C:0DA8H         LINE#         356
  C:0DABH         LINE#         357
  C:0DABH         LINE#         358
  C:0DB6H         LINE#         359
  C:0DC1H         LINE#         360
  C:0DC1H         LINE#         361
  C:0DC8H         LINE#         362
  C:0DCCH         LINE#         363
  C:0DCEH         LINE#         364
  C:0DCEH         LINE#         365
  C:0DD0H         LINE#         367
  C:0DD0H         LINE#         368
  C:0DDCH         LINE#         369
  C:0DDCH         LINE#         370
  C:0DE0H         LINE#         371
  C:0DE5H         LINE#         372
  C:0DE5H         LINE#         373
  C:0DE5H         LINE#         375
  C:0DEDH         LINE#         376
  C:0DEDH         LINE#         377
  C:0DEFH         LINE#         378
  C:0DF1H         LINE#         379
  C:0DF4H         LINE#         380
  C:0DF4H         LINE#         381
  C:0DF4H         LINE#         383
  C:0DF7H         LINE#         384
  C:0DF7H         LINE#         385
  C:0DF9H         LINE#         386
  C:0DFBH         LINE#         387
  C:0DFDH         LINE#         389
  C:0E00H         LINE#         391
  C:0E03H         LINE#         396
  C:0E03H         LINE#         397
  -------         ENDPROC       DETECT_SELFLEARN_ACTION
  -------         PROC          DETECT_OPEN_ACTION
  C:0FD6H         LINE#         402
  C:0FD6H         LINE#         403
  C:0FD6H         LINE#         405
  C:0FE1H         LINE#         406
  C:0FE1H         LINE#         407
  C:0FE4H         LINE#         408
  C:0FE9H         LINE#         409
  C:0FEBH         LINE#         411
  C:0FEFH         LINE#         412
  C:0FF1H         LINE#         413
BL51 BANKED LINKER/LOCATER V6.22                                                      08/15/2015  11:21:09  PAGE 28


  C:0FF4H         LINE#         414
  C:0FF6H         LINE#         415
  C:0FF9H         LINE#         416
  C:0FFCH         LINE#         418
  C:0FFEH         LINE#         419
  C:0FFEH         LINE#         420
  -------         ENDPROC       DETECT_OPEN_ACTION
  -------         PROC          DETECT_CLOSE_ACTION
  C:1000H         LINE#         425
  C:1000H         LINE#         426
  C:1000H         LINE#         427
  C:100DH         LINE#         428
  C:100DH         LINE#         429
  C:1013H         LINE#         430
  C:1013H         LINE#         431
  C:101EH         LINE#         432
  C:1029H         LINE#         433
  C:1029H         LINE#         434
  C:102FH         LINE#         435
  C:102FH         LINE#         436
  C:1032H         LINE#         438
  C:1036H         LINE#         439
  C:1039H         LINE#         440
  C:103BH         LINE#         441
  C:103DH         LINE#         442
  C:103DH         LINE#         443
  C:103DH         LINE#         444
  C:103DH         LINE#         445
  C:103EH         LINE#         446
  C:1041H         LINE#         447
  C:1047H         LINE#         448
  -------         ENDPROC       DETECT_CLOSE_ACTION
  -------         PROC          DETECT_VIBRATION
  C:141FH         LINE#         453
  C:141FH         LINE#         454
  C:141FH         LINE#         455
  C:1425H         LINE#         456
  C:1425H         LINE#         457
  C:1427H         LINE#         458
  C:142DH         LINE#         459
  C:142DH         LINE#         460
  C:1430H         LINE#         461
  C:1430H         LINE#         462
  C:1447H         LINE#         463
  C:1447H         LINE#         464
  C:1449H         LINE#         465
  C:144DH         LINE#         466
  C:144DH         LINE#         467
  C:144DH         LINE#         468
  -------         ENDPROC       DETECT_VIBRATION
  -------         PROC          DETECT_WHEEL_MOVING
  C:07D3H         LINE#         473
  C:07D3H         LINE#         474
  C:07D3H         LINE#         475
  C:07D6H         LINE#         476
  C:07D6H         LINE#         477
  C:07D8H         LINE#         478
BL51 BANKED LINKER/LOCATER V6.22                                                      08/15/2015  11:21:09  PAGE 29


  C:07DEH         LINE#         479
  C:07DEH         LINE#         480
  C:07E1H         LINE#         481
  C:07E1H         LINE#         482
  C:07F8H         LINE#         483
  C:07F8H         LINE#         484
  C:07FAH         LINE#         485
  C:07FEH         LINE#         486
  C:07FEH         LINE#         487
  C:07FEH         LINE#         488
  -------         ENDPROC       DETECT_WHEEL_MOVING
  -------         ENDMOD        OPERATION

  -------         MODULE        OTHER
  C:0000H         SYMBOL        _ICE_DUMMY_
  D:0080H         PUBLIC        P0
  D:0090H         PUBLIC        P1
  D:00A0H         PUBLIC        P2
  D:00B0H         PUBLIC        P3
  D:00A8H         PUBLIC        IE
  C:197BH         PUBLIC        _magnet_ACW_Taili
  B:00A0H.4       PUBLIC        Moto_EN
  D:00B8H         PUBLIC        IP
  D:00D8H         PUBLIC        WDCON0
  D:0098H         PUBLIC        SCON
  D:0088H         PUBLIC        TCON
  C:0003H         PUBLIC        Moto_Vibration
  C:196DH         PUBLIC        _magnet_ACW
  C:19B0H         PUBLIC        Enable_sensor
  C:13BEH         PUBLIC        _magnet_CW_Taili
  D:00E8H         PUBLIC        EIE
  C:1048H         PUBLIC        disable_sensor
  B:00A0H.2       PUBLIC        MagentControl_1
  B:00A0H.3       PUBLIC        MagentControl_2
  D:00F8H         PUBLIC        ADCCON0
  D:00C0H         PUBLIC        I2CON
  D:00C8H         PUBLIC        T2CON
  C:138DH         PUBLIC        _magnet_CW
  D:00D0H         PUBLIC        PSW
  B:0080H.5       PUBLIC        Externalmotor
  -------         PROC          _MAGNET_CW
  X:0033H         SYMBOL        x
  X:0035H         SYMBOL        y
  D:0003H         SYMBOL        z
  C:138DH         LINE#         44
  C:139AH         LINE#         45
  C:139AH         LINE#         47
  C:13A3H         LINE#         49
  C:13A5H         LINE#         50
  C:13A7H         LINE#         51
  C:13B7H         LINE#         52
  C:13B9H         LINE#         53
  C:13BBH         LINE#         54
  C:13BDH         LINE#         55
  -------         ENDPROC       _MAGNET_CW
  -------         PROC          _MAGNET_CW_TAILI
  X:0037H         SYMBOL        x
BL51 BANKED LINKER/LOCATER V6.22                                                      08/15/2015  11:21:09  PAGE 30


  X:0039H         SYMBOL        y
  D:0003H         SYMBOL        z
  C:13BEH         LINE#         61
  C:13CBH         LINE#         62
  C:13CBH         LINE#         64
  C:13D4H         LINE#         66
  C:13D6H         LINE#         67
  C:13D8H         LINE#         68
  C:13E8H         LINE#         69
  C:13EAH         LINE#         70
  C:13ECH         LINE#         71
  C:13EEH         LINE#         72
  -------         ENDPROC       _MAGNET_CW_TAILI
  -------         PROC          _MAGNET_ACW
  D:0006H         SYMBOL        x
  D:0004H         SYMBOL        y
  C:196DH         LINE#         78
  C:196DH         LINE#         79
  C:196DH         LINE#         80
  C:196FH         LINE#         81
  C:1971H         LINE#         82
  C:1973H         LINE#         83
  C:1976H         LINE#         84
  C:1978H         LINE#         85
  C:197AH         LINE#         86
  -------         ENDPROC       _MAGNET_ACW
  -------         PROC          _MAGNET_ACW_TAILI
  D:0006H         SYMBOL        x
  D:0004H         SYMBOL        y
  C:197BH         LINE#         92
  C:197BH         LINE#         93
  C:197BH         LINE#         94
  C:197DH         LINE#         95
  C:197FH         LINE#         96
  C:1981H         LINE#         97
  C:1984H         LINE#         98
  C:1986H         LINE#         99
  C:1988H         LINE#         100
  -------         ENDPROC       _MAGNET_ACW_TAILI
  -------         PROC          DISABLE_SENSOR
  C:1048H         LINE#         106
  C:1048H         LINE#         107
  C:1048H         LINE#         109
  C:104AH         LINE#         110
  C:104CH         LINE#         112
  C:104EH         LINE#         113
  C:1050H         LINE#         114
  C:1054H         LINE#         115
  C:1057H         LINE#         116
  C:105AH         LINE#         117
  C:105FH         LINE#         118
  C:1064H         LINE#         119
  C:1069H         LINE#         120
  C:106CH         LINE#         121
  C:106FH         LINE#         122
  C:1071H         LINE#         123
  C:1073H         LINE#         124
BL51 BANKED LINKER/LOCATER V6.22                                                      08/15/2015  11:21:09  PAGE 31


  C:1075H         LINE#         125
  C:1078H         LINE#         126
  C:107AH         LINE#         127
  C:107DH         LINE#         129
  C:107FH         LINE#         132
  C:1082H         LINE#         133
  C:1084H         LINE#         135
  C:1086H         LINE#         136
  C:1089H         LINE#         138
  C:108BH         LINE#         139
  C:108EH         LINE#         140
  -------         ENDPROC       DISABLE_SENSOR
  -------         PROC          ENABLE_SENSOR
  C:19B0H         LINE#         146
  C:19B0H         LINE#         147
  C:19B0H         LINE#         149
  C:19B2H         LINE#         150
  C:19B4H         LINE#         153
  C:19B8H         LINE#         154
  C:19BBH         LINE#         155
  -------         ENDPROC       ENABLE_SENSOR
  -------         PROC          MOTO_VIBRATION
  C:0003H         LINE#         161
  C:0003H         LINE#         162
  C:0003H         LINE#         163
  C:0005H         LINE#         164
  C:0008H         LINE#         165
  C:000AH         LINE#         166
  -------         ENDPROC       MOTO_VIBRATION
  -------         ENDMOD        OTHER

  -------         MODULE        PWM
  C:0000H         SYMBOL        _ICE_DUMMY_
  D:0080H         PUBLIC        P0
  D:0090H         PUBLIC        P1
  D:00A0H         PUBLIC        P2
  D:00B0H         PUBLIC        P3
  D:00DCH         PUBLIC        PWMCON0
  D:00D1H         PUBLIC        PWMPH
  D:00A8H         PUBLIC        IE
  D:00D9H         PUBLIC        PWMPL
  C:0CE3H         PUBLIC        _PWM_Channel
  D:00B8H         PUBLIC        IP
  C:19E2H         PUBLIC        myPwm
  D:00D8H         PUBLIC        WDCON0
  D:0098H         PUBLIC        SCON
  D:0088H         PUBLIC        TCON
  D:00E8H         PUBLIC        EIE
  D:00F8H         PUBLIC        ADCCON0
  D:00C0H         PUBLIC        I2CON
  X:003BH         PUBLIC        PWM_shadow
  D:00C8H         PUBLIC        T2CON
  C:1710H         PUBLIC        Init_PWM
  D:00D2H         PUBLIC        PWM0H
  D:00D3H         PUBLIC        PWM1H
  D:00D5H         PUBLIC        PWM2H
  D:00D6H         PUBLIC        PWM3H
BL51 BANKED LINKER/LOCATER V6.22                                                      08/15/2015  11:21:09  PAGE 32


  D:00DAH         PUBLIC        PWM0L
  D:00DBH         PUBLIC        PWM1L
  D:00DDH         PUBLIC        PWM2L
  D:00DEH         PUBLIC        PWM3L
  D:00D0H         PUBLIC        PSW
  -------         PROC          INIT_PWM
  C:1710H         LINE#         19
  C:1710H         LINE#         20
  C:1710H         LINE#         22
  C:1713H         LINE#         24
  C:171BH         LINE#         26
  C:1724H         LINE#         27
  C:1727H         LINE#         28
  -------         ENDPROC       INIT_PWM
  -------         PROC          _PWM_CHANNEL
  D:0007H         SYMBOL        Channel
  C:0CE3H         LINE#         34
  C:0CE3H         LINE#         35
  C:0CE3H         LINE#         36
  C:0CF1H         LINE#         37
  C:0CF1H         LINE#         39
  C:0CF1H         LINE#         40
  C:0CF1H         LINE#         41
  C:0CF9H         LINE#         42
  C:0D02H         LINE#         43
  C:0D05H         LINE#         44
  C:0D05H         LINE#         45
  C:0D06H         LINE#         47
  C:0D06H         LINE#         48
  C:0D06H         LINE#         49
  C:0D0EH         LINE#         50
  C:0D17H         LINE#         51
  C:0D1AH         LINE#         52
  C:0D1AH         LINE#         53
  C:0D1BH         LINE#         55
  C:0D1BH         LINE#         56
  C:0D1BH         LINE#         57
  C:0D23H         LINE#         58
  C:0D2CH         LINE#         59
  C:0D2FH         LINE#         60
  C:0D2FH         LINE#         61
  C:0D30H         LINE#         63
  C:0D30H         LINE#         64
  C:0D30H         LINE#         65
  C:0D38H         LINE#         66
  C:0D41H         LINE#         67
  C:0D44H         LINE#         68
  C:0D44H         LINE#         69
  C:0D44H         LINE#         70
  C:0D44H         LINE#         71
  -------         ENDPROC       _PWM_CHANNEL
  -------         PROC          MYPWM
  C:19E2H         LINE#         77
  C:19E2H         LINE#         78
  C:19E2H         LINE#         80
  C:19E7H         LINE#         82
  -------         ENDPROC       MYPWM
BL51 BANKED LINKER/LOCATER V6.22                                                      08/15/2015  11:21:09  PAGE 33


  -------         ENDMOD        PWM

  -------         MODULE        TIMER
  C:0000H         SYMBOL        _ICE_DUMMY_
  D:0080H         PUBLIC        P0
  D:0090H         PUBLIC        P1
  D:00A0H         PUBLIC        P2
  D:00B0H         PUBLIC        P3
  B:00A8H.7       PUBLIC        EA
  D:00A8H         PUBLIC        IE
  D:00B8H         PUBLIC        IP
  C:0EAFH         PUBLIC        _InitT0
  C:0A43H         PUBLIC        _InitTimer
  D:00D8H         PUBLIC        WDCON0
  D:0087H         PUBLIC        PCON
  D:0098H         PUBLIC        SCON
  X:003FH         PUBLIC        timer0_8H
[...]
  B:0022H.5       PUBLIC        IDkey_flash_EN
  X:0074H         PUBLIC        ID_certificated_numbers
  X:0075H         PUBLIC        raise_wire_time
  B:00A0H.7       PUBLIC        transmiter_EN
  B:0022H.6       PUBLIC        Host_stolen_alarming
  D:008CH         PUBLIC        TH0
  B:0022H.7       PUBLIC        flashing_flag
  B:0080H.7       PUBLIC        horizontal_sensor
  D:008AH         PUBLIC        TL0
  B:0023H.0       PUBLIC        vibration_flag
  X:0076H         PUBLIC        fell_wire_time
  B:0023H.1       PUBLIC        host_stolen_alarm2_EN
BL51 BANKED LINKER/LOCATER V6.22                                                      08/15/2015  11:21:09  PAGE 51


  X:0077H         PUBLIC        After_IDcert_timecount
  D:00E8H         PUBLIC        EIE
  C:0026H         PUBLIC        timer0
  B:0080H.4       PUBLIC        raised_sensor_detect
  B:0023H.2       PUBLIC        ID_certificated_flag
  D:00F8H         PUBLIC        ADCCON0
  D:00C0H         PUBLIC        I2CON
  B:0023H.3       PUBLIC        wheeled_flag
  B:0023H.4       PUBLIC        EN_host_stolen_alarming
  B:0023H.5       PUBLIC        Check_Motobattery_flag
  X:0078H         PUBLIC        vibration_count
  X:007AH         PUBLIC        timer0_count
  X:007CH         PUBLIC        sensor_3rdstage_effcount
  D:00C8H         PUBLIC        T2CON
  X:007DH         PUBLIC        enable_sensor_delay_count
  X:007EH         PUBLIC        host_stolen_alarm1_count
  X:007FH         PUBLIC        host_stolen_alarm2_count
  X:0080H         PUBLIC        sensor_3rdstage_interval
  B:0023H.6       PUBLIC        ID_selflearning_flag
  B:0023H.7       PUBLIC        battery_stolen_EN
  B:0024H.0       PUBLIC        position_sensor_EN
  C:056CH         PUBLIC        uart_isr
  X:0082H         PUBLIC        wheeled_count
  X:0084H         PUBLIC        raised_fell_number
  B:0024H.1       PUBLIC        never_alarm_speech
  X:0086H         PUBLIC        Check_Motobattery_count
  B:0024H.2       PUBLIC        Battery_hint_flag
  X:0087H         PUBLIC        Open_action_flag
  X:0088H         PUBLIC        receive_HV_count
  X:0089H         PUBLIC        receive_LV_count
  B:0024H.3       PUBLIC        raised_flag
  X:008AH         PUBLIC        raised_alarm_count
  D:00D0H         PUBLIC        PSW
  B:0080H.0       PUBLIC        sensor_detect
  X:008BH         PUBLIC        Stolen_alarm_reset_count
  B:0080H.5       PUBLIC        Externalmotor
  -------         PROC          MAIN
  C:173FH         LINE#         131
  C:173FH         LINE#         132
  C:173FH         LINE#         133
  C:1742H         LINE#         136
  C:1745H         LINE#         138
  C:174CH         LINE#         144
  C:174FH         LINE#         146
  C:1752H         LINE#         149
  C:1754H         LINE#         151
  C:1754H         LINE#         152
  C:1754H         LINE#         153
  -------         ENDPROC       MAIN
  -------         PROC          TIMER0
  C:0026H         LINE#         161
  C:0043H         LINE#         164
  C:0048H         LINE#         165
  C:004DH         LINE#         168
  C:0064H         LINE#         169
  C:0064H         LINE#         171
  C:0068H         LINE#         176
BL51 BANKED LINKER/LOCATER V6.22                                                      08/15/2015  11:21:09  PAGE 52


  C:006BH         LINE#         177
  C:006BH         LINE#         178
  C:006DH         LINE#         179
  C:0070H         LINE#         180
  C:0072H         LINE#         181
  C:0075H         LINE#         182
  C:0079H         LINE#         183
  C:0079H         LINE#         187
  C:007CH         LINE#         188
  C:007FH         LINE#         197
  C:0082H         LINE#         200
  C:0085H         LINE#         208
  C:0088H         LINE#         211
  C:008BH         LINE#         213
  C:008EH         LINE#         214
  C:0091H         LINE#         215
  C:0094H         LINE#         216
  C:0094H         LINE#         219
  C:0097H         LINE#         222
  C:009AH         LINE#         223
  C:009DH         LINE#         224
  C:00A0H         LINE#         226
  C:00A3H         LINE#         227
  C:00A6H         LINE#         229
  C:00A9H         LINE#         230
  C:00A9H         LINE#         231
  C:00ABH         LINE#         232
  C:00AEH         LINE#         233
  C:00AEH         LINE#         239
  C:00B3H         LINE#         240
  C:00B3H         LINE#         242
  C:00C4H         LINE#         243
  C:00C4H         LINE#         245
  C:00C4H         LINE#         246
  C:00C4H         LINE#         249
  C:00D3H         LINE#         250
  C:00D3H         LINE#         252
  C:00DFH         LINE#         253
  C:00DFH         LINE#         254
  C:00E1H         LINE#         257
  C:00E5H         LINE#         261
  C:00E8H         LINE#         262
  C:00EBH         LINE#         263
  C:00EEH         LINE#         264
  C:00F1H         LINE#         265
  C:00F1H         LINE#         266
  C:00F3H         LINE#         268
  C:00F3H         LINE#         270
  C:00F7H         LINE#         271
  C:00F7H         LINE#         272
  C:00F7H         LINE#         273
  C:00F9H         LINE#         276
  C:00F9H         LINE#         277
  C:00F9H         LINE#         278
  C:00FFH         LINE#         279
  C:00FFH         LINE#         281
  C:0109H         LINE#         282
BL51 BANKED LINKER/LOCATER V6.22                                                      08/15/2015  11:21:09  PAGE 53


  C:0109H         LINE#         283
  C:010BH         LINE#         284
  C:0110H         LINE#         287
  C:0113H         LINE#         288
  C:0113H         LINE#         289
  C:0115H         LINE#         291
  C:0115H         LINE#         292
  C:0119H         LINE#         293
  C:0119H         LINE#         296
  C:0130H         LINE#         297
  C:0130H         LINE#         298
  C:0134H         LINE#         299
  C:0137H         LINE#         300
  C:013AH         LINE#         301
  C:013FH         LINE#         302
  C:013FH         LINE#         303
  C:013FH         LINE#         304
  C:0141H         LINE#         307
  C:0141H         LINE#         308
  C:0141H         LINE#         309
  C:0147H         LINE#         310
  C:0147H         LINE#         312
  C:0151H         LINE#         313
  C:0151H         LINE#         314
  C:0153H         LINE#         316
  C:0155H         LINE#         317
  C:0157H         LINE#         318
  C:0159H         LINE#         319
  C:015CH         LINE#         320
  C:015CH         LINE#         321
  C:015EH         LINE#         323
  C:015EH         LINE#         324
  C:0162H         LINE#         325
  C:0162H         LINE#         328
  C:0179H         LINE#         329
  C:0179H         LINE#         330
  C:017DH         LINE#         331
  C:0180H         LINE#         332
  C:0183H         LINE#         333
  C:0188H         LINE#         334
  C:018DH         LINE#         335
  C:0190H         LINE#         336
  C:0190H         LINE#         337
  C:0190H         LINE#         338
  C:0190H         LINE#         339
  C:0190H         LINE#         342
  C:0193H         LINE#         343
  C:0193H         LINE#         344
  C:0195H         LINE#         345
  C:0197H         LINE#         346
  C:019BH         LINE#         347
  C:019DH         LINE#         348
  C:019FH         LINE#         349
  C:01A5H         LINE#         350
  C:01A5H         LINE#         351
  C:01A7H         LINE#         352
  C:01A9H         LINE#         353
BL51 BANKED LINKER/LOCATER V6.22                                                      08/15/2015  11:21:09  PAGE 54


  C:01ACH         LINE#         354
  C:01ACH         LINE#         356
  C:01B4H         LINE#         357
  C:01B4H         LINE#         358
  C:01B6H         LINE#         359
  C:01B8H         LINE#         361
  C:01BAH         LINE#         362
  C:01BAH         LINE#         366
  C:01BDH         LINE#         367
  C:01BDH         LINE#         369
  C:01C0H         LINE#         370
  C:01C0H         LINE#         372
  C:01C8H         LINE#         373
  C:01C8H         LINE#         375
  C:01CAH         LINE#         376
  C:01CCH         LINE#         378
  C:01CFH         LINE#         379
  C:01CFH         LINE#         381
  C:01D1H         LINE#         382
  C:01D1H         LINE#         383
  C:01D1H         LINE#         384
  C:01D3H         LINE#         386
  C:01D3H         LINE#         387
  C:01D5H         LINE#         388
  C:01D9H         LINE#         389
  C:01DCH         LINE#         390
  C:01DEH         LINE#         391
  C:01DEH         LINE#         393
  C:01E1H         LINE#         394
  C:01E1H         LINE#         396
  C:01E9H         LINE#         397
  C:01E9H         LINE#         399
  C:01EBH         LINE#         400
  C:01EDH         LINE#         402
  C:01F0H         LINE#         403
  C:01F0H         LINE#         404
  C:01F2H         LINE#         405
  C:01F2H         LINE#         406
  C:01F2H         LINE#         407
  C:01F4H         LINE#         409
  C:01F4H         LINE#         410
  C:01F6H         LINE#         411
  C:01FAH         LINE#         412
  C:01FDH         LINE#         413
  C:01FFH         LINE#         414
  C:01FFH         LINE#         415
  C:01FFH         LINE#         418
  C:0202H         LINE#         419
  C:0202H         LINE#         420
  C:0219H         LINE#         421
  C:0219H         LINE#         422
  C:021BH         LINE#         423
  C:021FH         LINE#         424
  C:0221H         LINE#         426
  C:0224H         LINE#         427
  C:0227H         LINE#         428
  C:022AH         LINE#         429
BL51 BANKED LINKER/LOCATER V6.22                                                      08/15/2015  11:21:09  PAGE 55


  C:022FH         LINE#         430
  C:0234H         LINE#         431
  C:023DH         LINE#         432
  C:0241H         LINE#         433
  C:0244H         LINE#         434
  C:0244H         LINE#         435
  C:0244H         LINE#         436
  -------         ENDPROC       TIMER0
  -------         PROC          UART_ISR
  C:056CH         LINE#         441
  C:0589H         LINE#         443
  C:058EH         LINE#         444
  C:058EH         LINE#         445
  C:0590H         LINE#         446
  C:059AH         LINE#         450
  C:059FH         LINE#         451
  C:059FH         LINE#         453
  C:05ADH         LINE#         454
  C:05ADH         LINE#         455
  C:05B2H         LINE#         456
  C:05B4H         LINE#         457
  C:05C6H         LINE#         458
  C:05C6H         LINE#         459
  C:05CBH         LINE#         460
  C:05CDH         LINE#         461
  C:05E0H         LINE#         462
  C:05E0H         LINE#         463
  C:05E5H         LINE#         464
  C:05E7H         LINE#         465
  C:05F7H         LINE#         466
  C:05F7H         LINE#         467
  C:05FCH         LINE#         468
  C:05FEH         LINE#         469
  C:0610H         LINE#         470
  C:0610H         LINE#         471
  C:0615H         LINE#         472
  C:0617H         LINE#         497
  C:061DH         LINE#         498
  C:061DH         LINE#         499
  C:061FH         LINE#         500
  C:0621H         LINE#         501
  C:0623H         LINE#         504
  C:0623H         LINE#         505
  C:0627H         LINE#         506
  C:0627H         LINE#         509
  C:062CH         LINE#         510
  C:062CH         LINE#         511
  C:062EH         LINE#         512
  C:063EH         LINE#         513
  C:063EH         LINE#         514
  C:063EH         LINE#         515
  C:063EH         LINE#         516
  C:0640H         LINE#         517
  C:0644H         LINE#         518
  C:0646H         LINE#         519
  C:0649H         LINE#         520
  C:064DH         LINE#         521
BL51 BANKED LINKER/LOCATER V6.22                                                      08/15/2015  11:21:09  PAGE 56


  C:064DH         LINE#         522
  C:064FH         LINE#         524
  C:064FH         LINE#         525
  C:064FH         LINE#         526
  C:0651H         LINE#         527
  C:0654H         LINE#         528
  C:0654H         LINE#         529
  C:0656H         LINE#         531
  C:0656H         LINE#         532
  C:0656H         LINE#         533
  C:0658H         LINE#         534
  C:0658H         LINE#         535
  C:065AH         LINE#         536
  C:065AH         LINE#         537
  C:065AH         LINE#         539
  C:065AH         LINE#         541
  C:065AH         LINE#         551
  C:0665H         LINE#         552
  C:0665H         LINE#         553
  C:066AH         LINE#         554
  C:066CH         LINE#         555
  C:0679H         LINE#         556
  C:0679H         LINE#         557
  C:067EH         LINE#         558
  C:0680H         LINE#         559
  C:0684H         LINE#         560
  C:0684H         LINE#         561
  C:0689H         LINE#         562
  C:068BH         LINE#         563
  C:0692H         LINE#         564
  C:0692H         LINE#         565
  C:0695H         LINE#         566
  C:0697H         LINE#         567
  C:069BH         LINE#         568
  C:069BH         LINE#         569
  C:06A0H         LINE#         570
  C:06A2H         LINE#         571
  C:06A6H         LINE#         572
  C:06A6H         LINE#         573
  C:06ABH         LINE#         574
  C:06ADH         LINE#         575
  C:06B3H         LINE#         576
  C:06B3H         LINE#         577
  C:06B5H         LINE#         578
  C:06B7H         LINE#         579
  C:06BAH         LINE#         580
  C:06BCH         LINE#         582
  C:06BCH         LINE#         583
  C:06BEH         LINE#         584
  C:06BEH         LINE#         586
  C:06BEH         LINE#         587
  C:06BEH         LINE#         588
  -------         ENDPROC       UART_ISR
  -------         ENDMOD        MAIN

  -------         MODULE        ?C?CLDPTR
  C:03F5H         PUBLIC        ?C?CLDPTR
BL51 BANKED LINKER/LOCATER V6.22                                                      08/15/2015  11:21:09  PAGE 57


  -------         ENDMOD        ?C?CLDPTR

  -------         MODULE        ?C?LMUL
  C:040EH         PUBLIC        ?C?LMUL
  -------         ENDMOD        ?C?LMUL

  -------         MODULE        ?C?ULDIV
  C:0499H         PUBLIC        ?C?ULDIV
  -------         ENDMOD        ?C?ULDIV

  -------         MODULE        ?C?LNEG
  C:052BH         PUBLIC        ?C?LNEG
  -------         ENDMOD        ?C?LNEG

  -------         MODULE        ?C?ICALL
  C:0539H         PUBLIC        ?C?ICALL
  C:053DH         PUBLIC        ?C?ICALL2
  -------         ENDMOD        ?C?ICALL

  -------         MODULE        ?C?LIMUL
  C:053FH         PUBLIC        ?C?LIMUL
  -------         ENDMOD        ?C?LIMUL

*** WARNING L16: UNCALLED SEGMENT, IGNORED FOR OVERLAY PROCESS
    SEGMENT: ?PR?_COMMODE_DATA?COMMUNICATION

*** WARNING L16: UNCALLED SEGMENT, IGNORED FOR OVERLAY PROCESS
    SEGMENT: ?PR?_COMMODE_DATA_WX?COMMUNICATION

*** WARNING L16: UNCALLED SEGMENT, IGNORED FOR OVERLAY PROCESS
    SEGMENT: ?PR?_UART_SEND_DATA_F?COMMUNICATION

*** WARNING L16: UNCALLED SEGMENT, IGNORED FOR OVERLAY PROCESS
    SEGMENT: ?PR?_UART_SEND_DATA_F2?COMMUNICATION

*** WARNING L16: UNCALLED SEGMENT, IGNORED FOR OVERLAY PROCESS
    SEGMENT: ?PR?UART_SEND_DATA_MATCH?COMMUNICATION

*** WARNING L16: UNCALLED SEGMENT, IGNORED FOR OVERLAY PROCESS
    SEGMENT: ?PR?RECEIVE_BYTE?COMMUNICATION

*** WARNING L16: UNCALLED SEGMENT, IGNORED FOR OVERLAY PROCESS
    SEGMENT: ?PR?RECEIVE_BYTE_LOCK?COMMUNICATION

*** WARNING L16: UNCALLED SEGMENT, IGNORED FOR OVERLAY PROCESS
    SEGMENT: ?PR?RECEIVE_WORD?COMMUNICATION

*** WARNING L16: UNCALLED SEGMENT, IGNORED FOR OVERLAY PROCESS
    SEGMENT: ?PR?DELAY_100MS?DELAY

*** WARNING L16: UNCALLED SEGMENT, IGNORED FOR OVERLAY PROCESS
    SEGMENT: ?PR?_DELAY_MS?DELAY

*** WARNING L16: UNCALLED SEGMENT, IGNORED FOR OVERLAY PROCESS
    SEGMENT: ?PR?ENSENSOR_AFTERIDCERT?OPERATION

*** WARNING L16: UNCALLED SEGMENT, IGNORED FOR OVERLAY PROCESS
BL51 BANKED LINKER/LOCATER V6.22                                                      08/15/2015  11:21:09  PAGE 58


    SEGMENT: ?PR?FELL_ALARM_TO_SLAVE?OPERATION

*** WARNING L16: UNCALLED SEGMENT, IGNORED FOR OVERLAY PROCESS
    SEGMENT: ?PR?RAISE_ALARM_TO_SLAVE?OPERATION

*** WARNING L16: UNCALLED SEGMENT, IGNORED FOR OVERLAY PROCESS
    SEGMENT: ?PR?BATSTOLEN_ALARM_TO_SLAVE?OPERATION

*** WARNING L16: UNCALLED SEGMENT, IGNORED FOR OVERLAY PROCESS
    SEGMENT: ?PR?_MAGNET_CW?OTHER

*** WARNING L16: UNCALLED SEGMENT, IGNORED FOR OVERLAY PROCESS
    SEGMENT: ?PR?_MAGNET_CW_TAILI?OTHER

*** WARNING L16: UNCALLED SEGMENT, IGNORED FOR OVERLAY PROCESS
    SEGMENT: ?PR?_MAGNET_ACW?OTHER

*** WARNING L16: UNCALLED SEGMENT, IGNORED FOR OVERLAY PROCESS
    SEGMENT: ?PR?_MAGNET_ACW_TAILI?OTHER

*** WARNING L16: UNCALLED SEGMENT, IGNORED FOR OVERLAY PROCESS
    SEGMENT: ?PR?MOTO_VIBRATION?OTHER

*** WARNING L16: UNCALLED SEGMENT, IGNORED FOR OVERLAY PROCESS
    SEGMENT: ?PR?MYPWM?PWM

*** WARNING L16: UNCALLED SEGMENT, IGNORED FOR OVERLAY PROCESS
    SEGMENT: ?PR?_INITTIMER?TIMER

*** WARNING L16: UNCALLED SEGMENT, IGNORED FOR OVERLAY PROCESS
    SEGMENT: ?PR?HSCH_START?TIMER

*** WARNING L16: UNCALLED SEGMENT, IGNORED FOR OVERLAY PROCESS
    SEGMENT: ?PR?SEOS_GO_TO_SLEEP?TIMER

*** WARNING L16: UNCALLED SEGMENT, IGNORED FOR OVERLAY PROCESS
    SEGMENT: ?PR?HOST_2NDTOUCH_SPEECH?VOICE

*** WARNING L16: UNCALLED SEGMENT, IGNORED FOR OVERLAY PROCESS
    SEGMENT: ?PR?BATTERY_STOLEN_SPEECH?VOICE

*** WARNING L16: UNCALLED SEGMENT, IGNORED FOR OVERLAY PROCESS
    SEGMENT: ?PR?CUTTING_WIRE_VOICE?VOICE

*** WARNING L16: UNCALLED SEGMENT, IGNORED FOR OVERLAY PROCESS
    SEGMENT: ?PR?PRODUCT_TEST_VOICE?VOICE

*** WARNING L16: UNCALLED SEGMENT, IGNORED FOR OVERLAY PROCESS
    SEGMENT: ?PR?BATTERY_LOW_ALARM_SPEECH?VOICE

*** WARNING L16: UNCALLED SEGMENT, IGNORED FOR OVERLAY PROCESS
    SEGMENT: ?PR?BATTERY_HIGH_ALARM_SPEECH?VOICE

*** WARNING L16: UNCALLED SEGMENT, IGNORED FOR OVERLAY PROCESS
    SEGMENT: ?PR?ALARM_STOLEN_SPEECH?VOICE

*** WARNING L16: UNCALLED SEGMENT, IGNORED FOR OVERLAY PROCESS
BL51 BANKED LINKER/LOCATER V6.22                                                      08/15/2015  11:21:09  PAGE 59


    SEGMENT: ?PR?ALARM_RAISED_SPEECH?VOICE

*** WARNING L16: UNCALLED SEGMENT, IGNORED FOR OVERLAY PROCESS
    SEGMENT: ?PR?ALARM_FELL_SPEECH?VOICE

*** WARNING L16: UNCALLED SEGMENT, IGNORED FOR OVERLAY PROCESS
    SEGMENT: ?PR?HOST_BATTERY_HIGH_ALARM_SPEECH?VOICE

*** WARNING L16: UNCALLED SEGMENT, IGNORED FOR OVERLAY PROCESS
    SEGMENT: ?PR?BATTERY_STOLEN_SPEECH_F3?VOICE

*** WARNING L16: UNCALLED SEGMENT, IGNORED FOR OVERLAY PROCESS
    SEGMENT: ?PR?WIRE_BROKEN_SPEECH?VOICE

*** WARNING L16: UNCALLED SEGMENT, IGNORED FOR OVERLAY PROCESS
    SEGMENT: ?PR?LOCK_ROTATED_ON_SPEECH?VOICE

*** WARNING L16: UNCALLED SEGMENT, IGNORED FOR OVERLAY PROCESS
    SEGMENT: ?PR?LOCK_ROTATED_OFF_SPEECH?VOICE

*** WARNING L16: UNCALLED SEGMENT, IGNORED FOR OVERLAY PROCESS
    SEGMENT: ?PR?_FLASH_READ_DATA?ISP_DATAFLASH

*** WARNING L16: UNCALLED SEGMENT, IGNORED FOR OVERLAY PROCESS
    SEGMENT: ?PR?SELF_LEARN_PROGRAMMING_F?ISP_DATAFLASH

*** WARNING L16: UNCALLED SEGMENT, IGNORED FOR OVERLAY PROCESS
    SEGMENT: ?PR?ELECMOTOR_TEST?ELECMOTOR

*** WARNING L16: UNCALLED SEGMENT, IGNORED FOR OVERLAY PROCESS
    SEGMENT: ?PR?HSCH_DISPATCH_TASKS?SCHEDULAR

*** WARNING L16: UNCALLED SEGMENT, IGNORED FOR OVERLAY PROCESS
    SEGMENT: ?PR?_HSCH_ADD_TASK?SCHEDULAR

*** WARNING L16: UNCALLED SEGMENT, IGNORED FOR OVERLAY PROCESS
    SEGMENT: ?PR?HSCH_UPDATE?SCHEDULAR

*** WARNING L15: MULTIPLE CALL TO SEGMENT
    SEGMENT: ?PR?_SC_SPEECH?VOICE
    CALLER1: ?PR?TIMER0?MAIN
    CALLER2: ?PR?UART_ISR?MAIN

Program Size: data=54.1 xdata=148 code=6665
LINK/LOCATE RUN COMPLETE.  44 WARNING(S),  0 ERROR(S)
