BL51 BANKED LINKER/LOCATER V6.22                                                        05/13/2016  09:47:49  PAGE 1


BL51 BANKED LINKER/LOCATER V6.22, INVOKED BY:
D:\PROGRAM FILES (X86)\KEIL_V5\C51\BIN\BL51.EXE .\AD.obj, .\Battery.obj, .\communication.obj, .\Delay.obj, .\operation.o
>> bj, .\Other.obj, .\pwm.obj, .\Timer.obj, .\UART.obj, .\voice.obj, .\ISP_DataFlash.obj, .\Schedular.obj, main.obj TO D
>> DC-F RAMSIZE (256)


MEMORY MODEL: COMPACT


INPUT MODULES INCLUDED:
  .\AD.obj (AD)
  .\Battery.obj (BATTERY)
  .\communication.obj (COMMUNICATION)
  .\Delay.obj (DELAY)
  .\operation.obj (OPERATION)
  .\Other.obj (OTHER)
  .\pwm.obj (PWM)
  .\Timer.obj (TIMER)
  .\UART.obj (UART)
  .\voice.obj (VOICE)
  .\ISP_DataFlash.obj (ISP_DATAFLASH)
  .\Schedular.obj (SCHEDULAR)
  main.obj (MAIN)
  D:\PROGRAM FILES (X86)\KEIL_V5\C51\LIB\C51C.LIB (?C_STARTUP)
  D:\PROGRAM FILES (X86)\KEIL_V5\C51\LIB\C51C.LIB (?C?CLDPTR)
  D:\PROGRAM FILES (X86)\KEIL_V5\C51\LIB\C51C.LIB (?C?LMUL)
  D:\PROGRAM FILES (X86)\KEIL_V5\C51\LIB\C51C.LIB (?C?ULDIV)
  D:\PROGRAM FILES (X86)\KEIL_V5\C51\LIB\C51C.LIB (?C?LNEG)
  D:\PROGRAM FILES (X86)\KEIL_V5\C51\LIB\C51C.LIB (?C?ICALL)
  D:\PROGRAM FILES (X86)\KEIL_V5\C51\LIB\C51C.LIB (?C?LIMUL)
  D:\PROGRAM FILES (X86)\KEIL_V5\C51\LIB\C51C.LIB (?C_INIT)


LINK MAP OF MODULE:  DDC-F (AD)


            TYPE    BASE      LENGTH    RELOCATION   SEGMENT NAME
            -----------------------------------------------------

            * * * * * * *   D A T A   M E M O R Y   * * * * * * *
            REG     0000H     0008H     ABSOLUTE     "REG BANK 0"
                    0008H     0018H                  *** GAP ***
            BIT     0020H.0   0005H.2   UNIT         ?BI?MAIN
            BIT     0025H.2   0000H.3   UNIT         ?BI?OPERATION
            BIT     0025H.5   0000H.2   UNIT         _BIT_GROUP_
            BIT     0025H.7   0000H.1   UNIT         ?BI?_HSCH_ADD_TASK?SCHEDULAR
            DATA    0026H     0028H     UNIT         ?DT?SCHEDULAR
            IDATA   004EH     0001H     UNIT         ?STACK

            * * * * * * *  X D A T A   M E M O R Y  * * * * * * *
            XDATA   0000H     0002H     INPAGE       ?PD?_VERIFYBATTERY?BATTERY
            XDATA   0002H     0002H     INPAGE       ?PD?BATTERY
            XDATA   0004H     0003H     INPAGE       ?PD?INITSIGNAL?COMMUNICATION
            XDATA   0007H     0003H     INPAGE       ?PD?_SEND_DATA?COMMUNICATION
            XDATA   000AH     0003H     INPAGE       ?PD?_COMMODE_DATA?COMMUNICATION
            XDATA   000DH     0003H     INPAGE       ?PD?_COMMODE_DATA_WX?COMMUNICATION
            XDATA   0010H     0002H     INPAGE       ?PD?_UART_SEND_DATA?COMMUNICATION
            XDATA   0012H     0002H     INPAGE       ?PD?_UART_SEND_DATA_F2?COMMUNICATION
BL51 BANKED LINKER/LOCATER V6.22                                                      05/13/2016  09:47:49  PAGE 2


            XDATA   0014H     0004H     INPAGE       ?PD?_SEND_CODE_TO_LOCK?COMMUNICATION
            XDATA   0018H     0004H     INPAGE       ?PD?_SEND_CODE_TO_LOCK_TAILI?COMMUNICATION
            XDATA   001CH     0001H     INPAGE       ?PD?_UART_SEND_DATA_BROADTEST?COMMUNICATION
            XDATA   001DH     0007H     INPAGE       ?PD?COMMUNICATION
            XDATA   0024H     0002H     INPAGE       ?PD?_MAGNET_DELAY?DELAY
            XDATA   0026H     0002H     INPAGE       ?PD?DELAY
            XDATA   0028H     0008H     INPAGE       ?PD?OPERATION
            XDATA   0030H     0004H     INPAGE       ?PD?_MAGNET_CW?OTHER
            XDATA   0034H     0004H     INPAGE       ?PD?_MAGNET_CW_TAILI?OTHER
            XDATA   0038H     0002H     INPAGE       ?PD?PWM
            XDATA   003AH     0002H     INPAGE       ?PD?_INITTIMER?TIMER
            XDATA   003CH     0004H     INPAGE       ?PD?TIMER
            XDATA   0040H     0001H     INPAGE       ?PD?VOICE
            XDATA   0041H     0003H     INPAGE       ?PD?_FLASH_READ_DATA?ISP_DATAFLASH
            XDATA   0044H     0001H     INPAGE       ?PD?HSCH_DISPATCH_TASKS?SCHEDULAR
            XDATA   0045H     0002H     INPAGE       ?PD?_HSCH_ADD_TASK?SCHEDULAR
            XDATA   0047H     0001H     INPAGE       ?PD?HSCH_UPDATE?SCHEDULAR
            XDATA   0048H     0004H     INPAGE       ?PD?SCHEDULAR
            XDATA   004CH     0049H     INPAGE       ?PD?MAIN
            XDATA   0095H     000CH     INPAGE       _PDATA_GROUP_

            * * * * * * *   C O D E   M E M O R Y   * * * * * * *
            CODE    0000H     0003H     ABSOLUTE     
            CODE    0003H     0008H     INBLOCK      ?PR?MOTO_VIBRATION?OTHER
            CODE    000BH     0003H     ABSOLUTE     
            CODE    000EH     0015H     INBLOCK      ?PR?_FLASH_PAGE_ERASE?ISP_DATAFLASH
            CODE    0023H     0003H     ABSOLUTE     
            CODE    0026H     021CH     INBLOCK      ?PR?TIMER0?MAIN
            CODE    0242H     0196H     INBLOCK      ?PR?_VERIFYBATTERY?BATTERY
            CODE    03D8H     0177H     UNIT         ?C?LIB_CODE
            CODE    054FH     0172H     INBLOCK      ?PR?UART_ISR?MAIN
            CODE    06C1H     0131H     UNIT         ?C_INITSEG
            CODE    07F2H     000EH     INBLOCK      ?PR?_MAGNET_ACW?OTHER
            CODE    0800H     00C2H     INBLOCK      ?PR?HSCH_UPDATE?SCHEDULAR
            CODE    08C2H     008CH     UNIT         ?C_C51STARTUP
            CODE    094EH     007DH     INBLOCK      ?PR?_HSCH_ADD_TASK?SCHEDULAR
            CODE    09CBH     0078H     INBLOCK      ?PR?_GETADCRESULT?AD
            CODE    0A43H     0075H     INBLOCK      ?PR?_INITTIMER?TIMER
            CODE    0AB8H     0074H     INBLOCK      ?PR?INITSIGNAL?COMMUNICATION
            CODE    0B2CH     0073H     INBLOCK      ?PR?_SEND_CODE_TO_LOCK?COMMUNICATION
            CODE    0B9FH     0073H     INBLOCK      ?PR?_SEND_CODE_TO_LOCK_TAILI?COMMUNICATION
            CODE    0C12H     0071H     INBLOCK      ?PR?HSCH_DISPATCH_TASKS?SCHEDULAR
            CODE    0C83H     0070H     INBLOCK      ?PR?DETECT_SELFLEARN_ACTION?OPERATION
            CODE    0CF3H     006FH     INBLOCK      ?PR?DETECT_VIBRATION?OPERATION
            CODE    0D62H     006AH     INBLOCK      ?PR?RECEIVE_BYTE?COMMUNICATION
            CODE    0DCCH     006AH     INBLOCK      ?PR?RECEIVE_BYTE_LOCK?COMMUNICATION
            CODE    0E36H     0062H     INBLOCK      ?PR?_PWM_CHANNEL?PWM
            CODE    0E98H     0060H     INBLOCK      ?PR?_SEND_DATA?COMMUNICATION
            CODE    0EF8H     005AH     INBLOCK      ?PR?_UART_SEND_DATA?COMMUNICATION
            CODE    0F52H     0052H     INBLOCK      ?PR?DETECT_CLOSE_ACTION?OPERATION
            CODE    0FA4H     004DH     INBLOCK      ?PR?_UART_SEND_DATA_F2?COMMUNICATION
            CODE    0FF1H     000FH     INBLOCK      ?PR?HSCH_MANUAL_TIMER0_RELOAD?TIMER
            CODE    1000H     004CH     INBLOCK      ?PR?_INITT0?TIMER
            CODE    104CH     004BH     INBLOCK      ?PR?_UART_SEND_DATA_BROADTEST?COMMUNICATION
            CODE    1097H     004BH     INBLOCK      ?PR?_HSCH_DELETE_TASK?SCHEDULAR
            CODE    10E2H     0048H     INBLOCK      ?PR?INITSIGNAL_F?COMMUNICATION
            CODE    112AH     0047H     INBLOCK      ?PR?_UART_SEND_DATA_F?COMMUNICATION
BL51 BANKED LINKER/LOCATER V6.22                                                      05/13/2016  09:47:49  PAGE 3


            CODE    1171H     0047H     INBLOCK      ?PR?DISABLE_SENSOR?OTHER
            CODE    11B8H     0043H     INBLOCK      ?PR?SELF_LEARN_PROGRAMMING?ISP_DATAFLASH
            CODE    11FBH     0043H     INBLOCK      ?PR?SELF_LEARN_PROGRAMMING_F?ISP_DATAFLASH
            CODE    123EH     0041H     INBLOCK      ?PR?RECEIVE_WORD?COMMUNICATION
            CODE    127FH     003FH     INBLOCK      ?PR?_CUSTOM_DELAY?DELAY
            CODE    12BEH     003EH     INBLOCK      ?PR?_UART_SEND_DATA_F3?COMMUNICATION
            CODE    12FCH     003EH     INBLOCK      ?PR?_MAGNET_DELAY?DELAY
            CODE    133AH     0036H     INBLOCK      ?PR?SLAVE_NEARBY_OPERATION?OPERATION
            CODE    1370H     0036H     INBLOCK      ?PR?_INITUART?UART
            CODE    13A6H     0036H     INBLOCK      ?PR?_SC_SPEECH?VOICE
            CODE    13DCH     0034H     INBLOCK      ?PR?_COMMODE_DATA_WX?COMMUNICATION
            CODE    1410H     0032H     INBLOCK      ?PR?_COMMODE_DATA?COMMUNICATION
            CODE    1442H     0032H     INBLOCK      ?PR?ACCUMULATOR_VOICE_PROMOT?VOICE
            CODE    1474H     0031H     INBLOCK      ?PR?DETECT_OPEN_ACTION?OPERATION
            CODE    14A5H     0031H     INBLOCK      ?PR?DETECT_WHEEL_MOVING?OPERATION
            CODE    14D6H     0031H     INBLOCK      ?PR?_MAGNET_CW?OTHER
            CODE    1507H     0031H     INBLOCK      ?PR?_MAGNET_CW_TAILI?OTHER
            CODE    1538H     002EH     INBLOCK      ?PR?SLAVE_AWAY_OPERATION?OPERATION
            CODE    1566H     002EH     INBLOCK      ?PR?_FLASH_WRITE_DATA?ISP_DATAFLASH
            CODE    1594H     002BH     INBLOCK      ?PR?_SENDNBYTE?UART
            CODE    15BFH     0027H     INBLOCK      ?PR?MAIN?MAIN
            CODE    15E6H     0026H     INBLOCK      ?PR?SELFLEARN_RESET?OPERATION
            CODE    160CH     0022H     INBLOCK      ?PR?ENSENSOR_AFTERIDCERT?OPERATION
            CODE    162EH     0021H     INBLOCK      ?PR?ENSENSOR_AFTER_SLAVE_AWAY?OPERATION
            CODE    164FH     0020H     INBLOCK      ?PR?_DELAY_MS?DELAY
            CODE    166FH     001FH     INBLOCK      ?PR?UART_SEND_DATA_MATCH_F?COMMUNICATION
            CODE    168EH     001EH     INBLOCK      ?PR?ENSENSOR_AFTER_CLOSE?OPERATION
            CODE    16ACH     001EH     INBLOCK      ?PR?RESET_AFTER_STOLEN_ALARMING?OPERATION
            CODE    16CAH     001EH     INBLOCK      ?PR?_FLASH_READ_DATA?ISP_DATAFLASH
            CODE    16E8H     001BH     INBLOCK      ?PR?INITVOICE?VOICE
            CODE    1703H     001AH     INBLOCK      ?PR?DELAY_1MS?DELAY
            CODE    171DH     001AH     INBLOCK      ?PR?DELAY_5MS?DELAY
            CODE    1737H     001AH     INBLOCK      ?PR?DELAY_10MS?DELAY
            CODE    1751H     001AH     INBLOCK      ?PR?DELAY_12MS?DELAY
            CODE    176BH     001AH     INBLOCK      ?PR?DELAY_50MS?DELAY
            CODE    1785H     001AH     INBLOCK      ?PR?DELAY_100MS?DELAY
            CODE    179FH     001AH     INBLOCK      ?PR?DELAY_500MS?DELAY
            CODE    17B9H     001AH     INBLOCK      ?PR?TRIGGER_ISP?ISP_DATAFLASH
            CODE    17D3H     0019H     INBLOCK      ?PR?_DELAY_US?DELAY
            CODE    17ECH     0014H     INBLOCK      ?PR?DISABLE_ISP?ISP_DATAFLASH
            CODE    1800H     0018H     INBLOCK      ?PR?HOST_STOLEN_ACTION?OPERATION
            CODE    1818H     0018H     INBLOCK      ?PR?INIT_PWM?PWM
            CODE    1830H     0017H     INBLOCK      ?PR?UART_SEND_DATA_MATCH?COMMUNICATION
            CODE    1847H     0017H     INBLOCK      ?PR?_DELAY?DELAY
            CODE    185EH     0016H     INBLOCK      ?PR?FELL_ALARM_TO_SLAVE?OPERATION
            CODE    1874H     0016H     INBLOCK      ?PR?RAISE_ALARM_TO_SLAVE?OPERATION
            CODE    188AH     0016H     INBLOCK      ?PR?BATSTOLEN_ALARM_TO_SLAVE?OPERATION
            CODE    18A0H     0013H     INBLOCK      ?PR?HOST_TOUCH_SPEECH?VOICE
            CODE    18B3H     0013H     INBLOCK      ?PR?STOLEN_ALARM_SPEECH2?VOICE
            CODE    18C6H     0013H     INBLOCK      ?PR?ENABLE_ISP?ISP_DATAFLASH
            CODE    18D9H     0011H     INBLOCK      ?PR?SELF_LEARN_SPEECH?VOICE
            CODE    18EAH     0010H     INBLOCK      ?PR?RESET_AFTER_WIREBROKEN?OPERATION
            CODE    18FAH     000FH     INBLOCK      ?PR?MOTORBAT_LOW_SPEECH?VOICE
            CODE    1909H     000FH     INBLOCK      ?PR?BATTERY_HINT?VOICE
            CODE    1918H     000FH     INBLOCK      ?PR?ID_SPEECH?VOICE
            CODE    1927H     000FH     INBLOCK      ?PR?HOST_2NDTOUCH_SPEECH?VOICE
            CODE    1936H     000FH     INBLOCK      ?PR?STOLEN_ALARM_SPEECH1?VOICE
BL51 BANKED LINKER/LOCATER V6.22                                                      05/13/2016  09:47:49  PAGE 4


            CODE    1945H     000FH     INBLOCK      ?PR?OPEN_LOCK_SPEECH?VOICE
            CODE    1954H     000FH     INBLOCK      ?PR?CLOSE_LOCK_SPEECH?VOICE
            CODE    1963H     000FH     INBLOCK      ?PR?BATTERY_STOLEN_SPEECH?VOICE
            CODE    1972H     000FH     INBLOCK      ?PR?CUTTING_WIRE_VOICE?VOICE
            CODE    1981H     000FH     INBLOCK      ?PR?PRODUCT_TEST_VOICE?VOICE
            CODE    1990H     000FH     INBLOCK      ?PR?BATTERY_LOW_ALARM_SPEECH?VOICE
            CODE    199FH     000FH     INBLOCK      ?PR?BATTERY_HIGH_ALARM_SPEECH?VOICE
            CODE    19AEH     000FH     INBLOCK      ?PR?ALARM_STOLEN_SPEECH?VOICE
            CODE    19BDH     000FH     INBLOCK      ?PR?ALARM_RAISED_SPEECH?VOICE
            CODE    19CCH     000FH     INBLOCK      ?PR?ALARM_FELL_SPEECH?VOICE
            CODE    19DBH     000FH     INBLOCK      ?PR?HOST_BATTERY_HIGH_ALARM_SPEECH?VOICE
            CODE    19EAH     000FH     INBLOCK      ?PR?BATTERY_STOLEN_SPEECH_F3?VOICE
            CODE    19F9H     000FH     INBLOCK      ?PR?WIRE_BROKEN_SPEECH?VOICE
            CODE    1A08H     000FH     INBLOCK      ?PR?LOCK_ROTATED_ON_SPEECH?VOICE
            CODE    1A17H     000FH     INBLOCK      ?PR?LOCK_ROTATED_OFF_SPEECH?VOICE
            CODE    1A26H     000EH     INBLOCK      ?PR?_MAGNET_ACW_TAILI?OTHER
            CODE    1A34H     000DH     INBLOCK      ?PR?CHECK_MOTOR_ACCUMULATOR?BATTERY
            CODE    1A41H     000CH     INBLOCK      ?PR?OPEN_TRANCEIVER?COMMUNICATION
            CODE    1A4DH     000CH     INBLOCK      ?PR?OPEN_TRANCEIVER_F?COMMUNICATION
            CODE    1A59H     000CH     INBLOCK      ?PR?ENABLE_SENSOR?OTHER
            CODE    1A65H     000BH     INBLOCK      ?PR?CLOSE_TRANCEIVER?COMMUNICATION
            CODE    1A70H     000BH     INBLOCK      ?PR?CLOSE_TRANCEIVER_F?COMMUNICATION
            CODE    1A7BH     000BH     INBLOCK      ?PR?INITSENSOR?OPERATION
            CODE    1A86H     0009H     INBLOCK      ?PR?DISABLE_SENSOR_AFTER_IDCERT?OPERATION
            CODE    1A8FH     0009H     INBLOCK      ?PR?ENTER_NOGUARD_VOICE?VOICE
            CODE    1A98H     0008H     INBLOCK      ?PR?MYPWM?PWM
            CODE    1AA0H     0008H     INBLOCK      ?PR?_SENDDATA?UART
            CODE    1AA8H     0007H     INBLOCK      ?PR?INITTRANSCEIVER?COMMUNICATION
            CODE    1AAFH     0004H     INBLOCK      ?PR?SEOS_GO_TO_SLEEP?TIMER
            CODE    1AB3H     0004H     INBLOCK      ?PR?HSCH_GO_TO_SLEEP?SCHEDULAR
            CODE    1AB7H     0003H     INBLOCK      ?PR?HSCH_START?TIMER
            CODE    1ABAH     0003H     INBLOCK      ?PR?IDCERTED_SPEECH?VOICE
            CODE    1ABDH     0001H     INBLOCK      ?PR?KEY_ROTATE_ON_SPEECH?VOICE
            CODE    1ABEH     0001H     INBLOCK      ?PR?HSCH_REPORT_STATUS?SCHEDULAR
                    1ABFH     1541H                  *** GAP ***
            CODE    3000H     0001H     ABSOLUTE     
            CODE    3001H     0001H     ABSOLUTE     
            CODE    3002H     0001H     ABSOLUTE     
            CODE    3003H     0001H     ABSOLUTE     
            CODE    3004H     0001H     ABSOLUTE     
            CODE    3005H     0001H     ABSOLUTE     



OVERLAY MAP OF MODULE:   DDC-F (AD)


SEGMENT                                             BIT_GROUP          PDATA_GROUP
  +--> CALLED SEGMENT                            START    LENGTH     START    LENGTH
------------------------------------------------------------------------------------
?PR?TIMER0?MAIN                                  -----    -----      0095H    0001H
  +--> ?PR?ALARM_STOLEN_SPEECH?VOICE
  +--> ?PR?MOTO_VIBRATION?OTHER
  +--> ?PR?ALARM_RAISED_SPEECH?VOICE
  +--> ?PR?ALARM_FELL_SPEECH?VOICE
  +--> ?PR?WIRE_BROKEN_SPEECH?VOICE
  +--> ?PR?BATTERY_STOLEN_SPEECH_F3?VOICE
BL51 BANKED LINKER/LOCATER V6.22                                                      05/13/2016  09:47:49  PAGE 5


  +--> ?PR?CHECK_MOTOR_ACCUMULATOR?BATTERY
  +--> ?PR?BATTERY_LOW_ALARM_SPEECH?VOICE
  +--> ?PR?_UART_SEND_DATA_F?COMMUNICATION
  +--> ?PR?OPEN_TRANCEIVER_F?COMMUNICATION
  +--> ?PR?INITSIGNAL_F?COMMUNICATION
  +--> ?PR?_UART_SEND_DATA_F3?COMMUNICATION
  +--> ?PR?CLOSE_TRANCEIVER_F?COMMUNICATION
  +--> ?PR?_DELAY?DELAY
  +--> ?PR?SELF_LEARN_PROGRAMMING_F?ISP_DATA...

?PR?ALARM_STOLEN_SPEECH?VOICE                    -----    -----      -----    -----
  +--> ?PR?_SC_SPEECH?VOICE
  +--> ?PR?_DELAY?DELAY

?PR?_SC_SPEECH?VOICE                             -----    -----      0096H    0002H
  +--> ?PR?DELAY_50MS?DELAY
  +--> ?PR?_DELAY_US?DELAY

?PR?MOTO_VIBRATION?OTHER                         -----    -----      -----    -----
  +--> ?PR?DELAY_500MS?DELAY

?PR?ALARM_RAISED_SPEECH?VOICE                    -----    -----      -----    -----
  +--> ?PR?_SC_SPEECH?VOICE
  +--> ?PR?_DELAY?DELAY

?PR?ALARM_FELL_SPEECH?VOICE                      -----    -----      -----    -----
  +--> ?PR?_SC_SPEECH?VOICE
  +--> ?PR?_DELAY?DELAY

?PR?WIRE_BROKEN_SPEECH?VOICE                     -----    -----      -----    -----
  +--> ?PR?_SC_SPEECH?VOICE
  +--> ?PR?_DELAY?DELAY

?PR?BATTERY_STOLEN_SPEECH_F3?VOICE               -----    -----      -----    -----
  +--> ?PR?_SC_SPEECH?VOICE
  +--> ?PR?_DELAY?DELAY

?PR?CHECK_MOTOR_ACCUMULATOR?BATTERY              -----    -----      -----    -----
  +--> ?PR?_GETADCRESULT?AD

?PR?BATTERY_LOW_ALARM_SPEECH?VOICE               -----    -----      -----    -----
  +--> ?PR?_SC_SPEECH?VOICE
  +--> ?PR?_DELAY?DELAY

?PR?_UART_SEND_DATA_F?COMMUNICATION              -----    -----      0096H    0002H
  +--> ?PR?OPEN_TRANCEIVER_F?COMMUNICATION
  +--> ?PR?INITSIGNAL_F?COMMUNICATION
  +--> ?PR?_SENDNBYTE?UART
  +--> ?PR?CLOSE_TRANCEIVER_F?COMMUNICATION

?PR?OPEN_TRANCEIVER_F?COMMUNICATION              -----    -----      -----    -----
  +--> ?PR?_INITUART?UART

?PR?_INITUART?UART                               -----    -----      -----    -----
  +--> ?PR?_INITT0?TIMER

?PR?_INITT0?TIMER                                -----    -----      009FH    0002H
BL51 BANKED LINKER/LOCATER V6.22                                                      05/13/2016  09:47:49  PAGE 6


  +--> ?PR?_HSCH_DELETE_TASK?SCHEDULAR
  +--> ?PR?HSCH_MANUAL_TIMER0_RELOAD?TIMER

?PR?_HSCH_DELETE_TASK?SCHEDULAR                  0025H.6  0000H.1    -----    -----

?PR?INITSIGNAL_F?COMMUNICATION                   -----    -----      0098H    0003H
  +--> ?PR?_CUSTOM_DELAY?DELAY

?PR?_CUSTOM_DELAY?DELAY                          -----    -----      009BH    0004H

?PR?_SENDNBYTE?UART                              -----    -----      0098H    0003H
  +--> ?PR?_SENDDATA?UART

?PR?CLOSE_TRANCEIVER_F?COMMUNICATION             -----    -----      -----    -----
  +--> ?PR?_INITUART?UART

?PR?_UART_SEND_DATA_F3?COMMUNICATION             -----    -----      0096H    0001H
  +--> ?PR?DELAY_1MS?DELAY
  +--> ?PR?_SENDNBYTE?UART

?PR?SELF_LEARN_PROGRAMMING_F?ISP_DATA...         -----    -----      -----    -----
  +--> ?PR?_FLASH_PAGE_ERASE?ISP_DATAFLASH
  +--> ?PR?_FLASH_WRITE_DATA?ISP_DATAFLASH

?PR?_FLASH_PAGE_ERASE?ISP_DATAFLASH              -----    -----      0096H    0002H
  +--> ?PR?ENABLE_ISP?ISP_DATAFLASH
  +--> ?PR?TRIGGER_ISP?ISP_DATAFLASH
  +--> ?PR?DISABLE_ISP?ISP_DATAFLASH

?PR?ENABLE_ISP?ISP_DATAFLASH                     -----    -----      -----    -----
  +--> ?PR?TRIGGER_ISP?ISP_DATAFLASH

?PR?DISABLE_ISP?ISP_DATAFLASH                    -----    -----      -----    -----
  +--> ?PR?TRIGGER_ISP?ISP_DATAFLASH

?PR?_FLASH_WRITE_DATA?ISP_DATAFLASH              -----    -----      0096H    0003H
  +--> ?PR?ENABLE_ISP?ISP_DATAFLASH
  +--> ?PR?TRIGGER_ISP?ISP_DATAFLASH
  +--> ?PR?DISABLE_ISP?ISP_DATAFLASH

*** NEW ROOT ***************************************************

?C_C51STARTUP                                    -----    -----      -----    -----
  +--> ?PR?MAIN?MAIN
  +--> ?C_INITSEG

?PR?MAIN?MAIN                                    -----    -----      -----    -----
  +--> ?PR?INITVOICE?VOICE
  +--> ?PR?_INITUART?UART
  +--> ?PR?SEOS_GO_TO_SLEEP?TIMER

?PR?INITVOICE?VOICE                              -----    -----      -----    -----
  +--> ?PR?_DELAY_US?DELAY



UNRESOLVED EXTERNAL SYMBOLS:
BL51 BANKED LINKER/LOCATER V6.22                                                      05/13/2016  09:47:49  PAGE 7


   AFTER_IDCERT_TIMECOUNT
   AUTOLOCK_G
   CHECK_MOTOBATTERY_COUNT
   CHECK_MOTOBATTERY_FLAG
   ELECMOTOR_ACW
   ELECMOTOR_CW
   EN_HOST_STOLEN_ALARMING
   FLASHING_FLAG
   HOST_STOLEN_ALARMING
   IDKEY_FLASH_EN
   IDKEY_SELFLEARN_FLAG1
   IDKEY_SELFLEARN_FLAG2
   IDKEY_SELFLEARN_FLAG3
   IDKEY_SELFLEARN_FLAG4
   IDKEY_SELFLEARN_FLAG5
   IDKEY_SELFLEARN_HVCOUNT
   IDKEY_SELFLEARN_LVCOUNT
   IDKEY_SPEECH_FLASH
   ID_CERTIFICATED_FLAG
   ID_CERTIFICATED_NUMBERS
   ID_SELFLEARNING_TIMECOUNT
   ID_SPEECHED_FLAG
   JUST_POWER_UP
   LOAD_BATTERY_RESULT
   NEVER_ALARM
   NEVER_ALARM_SPEECH
   OPEN_ACTION_FLAG
   SILENCE_FLAG
   SLAVE_NEARBY_ACTIONED_FLAG
   SLAVE_NEARBY_COUNT
   STOLEN_ALARM_RESET_COUNT
   TIMER0_COUNT2
   WIRE_BROKEN_RESET



SYMBOL TABLE OF MODULE:  DDC-F (AD)

  VALUE           TYPE          NAME
  ----------------------------------

  -------         MODULE        AD
  C:0000H         SYMBOL        _ICE_DUMMY_
  D:0080H         PUBLIC        P0
  D:0090H         PUBLIC        P1
  D:00A0H         PUBLIC        P2
  D:00B0H         PUBLIC        P3
  D:00A8H         PUBLIC        IE
  D:00E2H         PUBLIC        ADCH
  B:00F8H.4       PUBLIC        ADCI
  D:00B8H         PUBLIC        IP
  B:00F8H.3       PUBLIC        ADCS
  D:00F6H         PUBLIC        P0DIDS
  D:00D8H         PUBLIC        WDCON0
  D:0098H         PUBLIC        SCON
  D:0088H         PUBLIC        TCON
  B:00F8H.0       PUBLIC        AADR0
BL51 BANKED LINKER/LOCATER V6.22                                                      05/13/2016  09:47:49  PAGE 8


  B:00F8H.1       PUBLIC        AADR1
  B:00F8H.2       PUBLIC        AADR2
  D:00E8H         PUBLIC        EIE
  D:00F8H         PUBLIC        ADCCON0
  D:00E1H         PUBLIC        ADCCON1
  D:00C0H         PUBLIC        I2CON
  D:00C8H         PUBLIC        T2CON
  C:09CBH         PUBLIC        _GetADCResult
  D:00D0H         PUBLIC        PSW
  -------         PROC          _GETADCRESULT
  D:0007H         SYMBOL        ch
  -------         DO            
  D:0005H         SYMBOL        DataL
  D:0002H         SYMBOL        DataH
  -------         ENDDO         
  C:09CBH         LINE#         17
  C:09CBH         LINE#         18
  C:09CBH         LINE#         19
  C:09CCH         LINE#         20
  C:09CDH         LINE#         22
  C:09D2H         LINE#         23
  C:09D2H         LINE#         25
  C:09D5H         LINE#         27
  C:09D7H         LINE#         28
  C:09D9H         LINE#         29
  C:09DBH         LINE#         31
  C:09DEH         LINE#         33
  C:09E0H         LINE#         34
  C:09E2H         LINE#         36
  C:09E4H         LINE#         37
  C:09EBH         LINE#         39
  C:09EFH         LINE#         40
  C:0A01H         LINE#         42
  C:0A05H         LINE#         43
  C:0A05H         LINE#         45
  C:0A0AH         LINE#         46
  C:0A0AH         LINE#         48
  C:0A0DH         LINE#         51
  C:0A0FH         LINE#         52
  C:0A11H         LINE#         53
  C:0A13H         LINE#         55
  C:0A16H         LINE#         57
  C:0A18H         LINE#         58
  C:0A1AH         LINE#         60
  C:0A1CH         LINE#         61
  C:0A23H         LINE#         63
  C:0A29H         LINE#         64
  C:0A3BH         LINE#         66
  C:0A3FH         LINE#         67
  C:0A3FH         LINE#         69
  C:0A42H         LINE#         70
  -------         ENDPROC       _GETADCRESULT
  -------         ENDMOD        AD

  -------         MODULE        BATTERY
  C:0000H         SYMBOL        _ICE_DUMMY_
  C:1A34H         PUBLIC        Check_motor_accumulator
BL51 BANKED LINKER/LOCATER V6.22                                                      05/13/2016  09:47:49  PAGE 9


  D:0080H         PUBLIC        P0
  D:0090H         PUBLIC        P1
  D:00A0H         PUBLIC        P2
  D:00B0H         PUBLIC        P3
  X:0002H         PUBLIC        Check2_stage
  B:0090H.4       PUBLIC        voice_EN
  D:00A8H         PUBLIC        IE
  D:00B8H         PUBLIC        IP
  C:0242H         PUBLIC        _verifybattery
  D:00D8H         PUBLIC        WDCON0
  D:0098H         PUBLIC        SCON
  D:0088H         PUBLIC        TCON
  D:00E8H         PUBLIC        EIE
  D:00F8H         PUBLIC        ADCCON0
  X:0003H         PUBLIC        Battery_level
  D:00C0H         PUBLIC        I2CON
  D:00C8H         PUBLIC        T2CON
  D:00D0H         PUBLIC        PSW
  -------         PROC          CHECK_MOTOR_ACCUMULATOR
  C:1A34H         LINE#         23
  C:1A34H         LINE#         24
  C:1A34H         LINE#         26
  C:1A40H         LINE#         27
  -------         ENDPROC       CHECK_MOTOR_ACCUMULATOR
  -------         PROC          _VERIFYBATTERY
  X:0000H         SYMBOL        Check2
  C:0242H         LINE#         34
  C:0249H         LINE#         35
  C:0249H         LINE#         156
  C:0251H         LINE#         157
  C:0258H         LINE#         158
  C:0264H         LINE#         159
  C:0269H         LINE#         161
  C:0278H         LINE#         162
  C:0278H         LINE#         163
  C:0278H         LINE#         164
  C:0278H         LINE#         166
  C:0284H         LINE#         167
  C:0284H         LINE#         168
  C:0284H         LINE#         169
  C:0284H         LINE#         170
  C:0284H         LINE#         171
  C:0284H         LINE#         172
  C:0286H         LINE#         174
  C:029EH         LINE#         175
  C:029EH         LINE#         176
  C:029EH         LINE#         177
  C:029EH         LINE#         178
  C:029EH         LINE#         179
  C:029EH         LINE#         180
  C:02A0H         LINE#         182
  C:02B8H         LINE#         183
  C:02B8H         LINE#         184
  C:02B8H         LINE#         185
  C:02B8H         LINE#         186
  C:02B8H         LINE#         187
  C:02B8H         LINE#         188
BL51 BANKED LINKER/LOCATER V6.22                                                      05/13/2016  09:47:49  PAGE 10


  C:02BAH         LINE#         190
  C:02D2H         LINE#         191
  C:02D2H         LINE#         192
  C:02D2H         LINE#         193
  C:02D2H         LINE#         194
  C:02D2H         LINE#         195
  C:02D2H         LINE#         196
  C:02D4H         LINE#         198
  C:02ECH         LINE#         199
  C:02ECH         LINE#         200
  C:02ECH         LINE#         201
  C:02ECH         LINE#         202
  C:02ECH         LINE#         203
  C:02ECH         LINE#         204
  C:02EEH         LINE#         206
  C:02FCH         LINE#         207
  C:02FCH         LINE#         208
  C:02FCH         LINE#         209
  C:02FCH         LINE#         210
  C:02FCH         LINE#         211
  C:02FEH         LINE#         213
  C:02FEH         LINE#         214
  C:02FEH         LINE#         216
  C:030AH         LINE#         217
  C:030AH         LINE#         218
  C:030CH         LINE#         219
  C:0311H         LINE#         220
  C:0313H         LINE#         221
  C:0313H         LINE#         222
  C:0315H         LINE#         224
  C:032DH         LINE#         225
  C:032DH         LINE#         226
  C:032FH         LINE#         227
  C:0334H         LINE#         228
  C:0336H         LINE#         229
  C:0336H         LINE#         230
  C:0338H         LINE#         232
  C:0350H         LINE#         233
  C:0350H         LINE#         234
  C:0352H         LINE#         235
  C:0357H         LINE#         236
  C:0359H         LINE#         237
  C:0359H         LINE#         238
  C:035BH         LINE#         240
  C:0373H         LINE#         241
  C:0373H         LINE#         242
  C:0375H         LINE#         243
  C:037AH         LINE#         244
  C:037CH         LINE#         245
  C:037CH         LINE#         246
  C:037EH         LINE#         248
  C:0396H         LINE#         249
  C:0396H         LINE#         250
  C:0398H         LINE#         251
  C:039DH         LINE#         252
  C:039FH         LINE#         253
  C:039FH         LINE#         254
BL51 BANKED LINKER/LOCATER V6.22                                                      05/13/2016  09:47:49  PAGE 11


  C:03A1H         LINE#         256
  C:03B9H         LINE#         257
  C:03B9H         LINE#         258
  C:03BBH         LINE#         259
  C:03C0H         LINE#         260
  C:03C5H         LINE#         261
  C:03C7H         LINE#         262
  C:03C8H         LINE#         264
  C:03D4H         LINE#         265
  C:03D4H         LINE#         266
  C:03D7H         LINE#         267
  C:03D7H         LINE#         268
  C:03D7H         LINE#         269
  C:03D7H         LINE#         271
  -------         ENDPROC       _VERIFYBATTERY
  -------         ENDMOD        BATTERY

  -------         MODULE        COMMUNICATION
  C:0000H         SYMBOL        _ICE_DUMMY_
  C:0D62H         PUBLIC        receive_byte
  D:0080H         PUBLIC        P0
  D:0090H         PUBLIC        P1
  B:00B0H.0       PUBLIC        receive_wire
  D:00A0H         PUBLIC        P2
  D:00B0H         PUBLIC        P3
  C:1410H         PUBLIC        _ComMode_Data
  C:0EF8H         PUBLIC        _UART_Send_Data
  C:123EH         PUBLIC        receive_word
  D:00A8H         PUBLIC        IE
  C:13DCH         PUBLIC        _ComMode_Data_WX
  C:104CH         PUBLIC        _UART_Send_Data_Broadtest
  D:00B8H         PUBLIC        IP
  C:166FH         PUBLIC        UART_Send_Data_match_F
  C:1AA8H         PUBLIC        InitTransceiver
  B:0080H.1       PUBLIC        lock_code
  C:112AH         PUBLIC        _UART_Send_Data_F
  D:00D8H         PUBLIC        WDCON0
  B:0090H.0       PUBLIC        P10
  B:0090H.1       PUBLIC        P11
  C:1A65H         PUBLIC        close_tranceiver
  D:0098H         PUBLIC        SCON
  D:0088H         PUBLIC        TCON
  C:0AE4H         PUBLIC        initsignal
  B:00A0H.7       PUBLIC        transmiter_EN
  B:0090H.3       PUBLIC        receiver_EN
  C:1A41H         PUBLIC        open_tranceiver
  C:0B9FH         PUBLIC        _send_code_to_lock_Taili
  D:00E8H         PUBLIC        EIE
  B:00A0H.3       PUBLIC        MagentControl_2
  C:1A70H         PUBLIC        close_tranceiver_F
  D:00F8H         PUBLIC        ADCCON0
  D:00C0H         PUBLIC        I2CON
  C:0FA4H         PUBLIC        _UART_Send_Data_F2
  C:10E2H         PUBLIC        initsignal_F
  C:12BEH         PUBLIC        _UART_Send_Data_F3
  D:00C8H         PUBLIC        T2CON
  C:0E98H         PUBLIC        _Send_Data
BL51 BANKED LINKER/LOCATER V6.22                                                      05/13/2016  09:47:49  PAGE 12


  C:0DCCH         PUBLIC        receive_byte_Lock
  B:0090H.0       PUBLIC        TXD
  C:1A4DH         PUBLIC        open_tranceiver_F
  C:1830H         PUBLIC        UART_Send_Data_match
  C:0B2CH         PUBLIC        _send_code_to_lock
  D:00D0H         PUBLIC        PSW
  X:001DH         PUBLIC        myTxRxData
  -------         PROC          INITTRANSCEIVER
  C:1AA8H         LINE#         38
  C:1AA8H         LINE#         39
  C:1AA8H         LINE#         40
  C:1AAAH         LINE#         41
  C:1AACH         LINE#         42
  C:1AAEH         LINE#         44
  -------         ENDPROC       INITTRANSCEIVER
  -------         PROC          L?0102
  -------         ENDPROC       L?0102
  -------         PROC          INITSIGNAL
  -------         DO            
  X:0004H         SYMBOL        k
  X:0005H         SYMBOL        k1
  X:0006H         SYMBOL        mystartbuffer
  -------         ENDDO         
  C:0AE4H         LINE#         53
  C:0AE4H         LINE#         54
  C:0AE4H         LINE#         56
  C:0AE9H         LINE#         57
  C:0AECH         LINE#         58
  C:0AECH         LINE#         59
  C:0AF0H         LINE#         60
  C:0AF0H         LINE#         61
  C:0AF3H         LINE#         62
  C:0AF3H         LINE#         63
  C:0AF3H         LINE#         64
  C:0AF3H         LINE#         66
  C:0AF3H         LINE#         68
  C:0AF3H         LINE#         69
  C:0AF5H         LINE#         70
  C:0AFEH         LINE#         72
  C:0AFEH         LINE#         73
  C:0B00H         LINE#         74
  C:0B06H         LINE#         75
  C:0B0FH         LINE#         77
  C:0B1AH         LINE#         78
  C:0B1FH         LINE#         81
  C:0B29H         LINE#         82
  C:0B2BH         LINE#         83
  -------         ENDPROC       INITSIGNAL
  -------         PROC          INITSIGNAL_F
  -------         DO            
  X:0098H         SYMBOL        k
  X:0099H         SYMBOL        k1
  X:009AH         SYMBOL        mystartbuffer
  -------         ENDDO         
  C:10E2H         LINE#         85
  C:10E2H         LINE#         86
  C:10E2H         LINE#         88
BL51 BANKED LINKER/LOCATER V6.22                                                      05/13/2016  09:47:49  PAGE 13


  C:10E7H         LINE#         89
  C:10EAH         LINE#         90
  C:10EAH         LINE#         95
  C:10EEH         LINE#         97
  C:10EEH         LINE#         98
  C:10F1H         LINE#         99
  C:10F1H         LINE#         100
  C:10F1H         LINE#         101
  C:10F1H         LINE#         103
  C:10F1H         LINE#         105
  C:10F1H         LINE#         106
  C:10F3H         LINE#         107
  C:10FCH         LINE#         109
  C:10FCH         LINE#         110
  C:10FEH         LINE#         111
  C:1104H         LINE#         112
  C:110DH         LINE#         114
  C:1118H         LINE#         115
  C:111DH         LINE#         118
  C:1127H         LINE#         119
  C:1129H         LINE#         120
  -------         ENDPROC       INITSIGNAL_F
  -------         PROC          _SEND_DATA
  X:0007H         SYMBOL        x
  -------         DO            
  X:0008H         SYMBOL        i
  X:0009H         SYMBOL        n
  -------         ENDDO         
  C:0E98H         LINE#         126
  C:0E9CH         LINE#         127
  C:0E9CH         LINE#         129
  C:0E9FH         LINE#         130
  C:0E9FH         LINE#         131
  C:0EA3H         LINE#         132
  C:0EA3H         LINE#         133
  C:0EADH         LINE#         134
  C:0EADH         LINE#         135
  C:0EAFH         LINE#         136
  C:0EB7H         LINE#         137
  C:0EB9H         LINE#         139
  C:0EB9H         LINE#         140
  C:0EBBH         LINE#         141
  C:0EC6H         LINE#         142
  C:0EC6H         LINE#         143
  C:0EC8H         LINE#         144
  C:0ED6H         LINE#         145
  C:0EE1H         LINE#         146
  C:0EECH         LINE#         147
  C:0EF7H         LINE#         148
  -------         ENDPROC       _SEND_DATA
  -------         PROC          _COMMODE_DATA
  X:000AH         SYMBOL        ComMode
  X:000BH         SYMBOL        x
  C:1410H         LINE#         156
  C:141AH         LINE#         157
  C:141AH         LINE#         158
  C:141CH         LINE#         159
BL51 BANKED LINKER/LOCATER V6.22                                                      05/13/2016  09:47:49  PAGE 14


  C:1421H         LINE#         160
  C:1423H         LINE#         161
  C:1428H         LINE#         162
  C:142CH         LINE#         163
  C:1432H         LINE#         165
  C:1435H         LINE#         166
  C:143DH         LINE#         168
  C:143FH         LINE#         169
  C:1441H         LINE#         170
  -------         ENDPROC       _COMMODE_DATA
  -------         PROC          _COMMODE_DATA_WX
  X:000DH         SYMBOL        ComMode
  X:000EH         SYMBOL        x
  C:13DCH         LINE#         178
  C:13E6H         LINE#         179
  C:13E6H         LINE#         180
  C:13E8H         LINE#         181
  C:13EDH         LINE#         182
  C:13EFH         LINE#         183
  C:13F4H         LINE#         184
  C:13F8H         LINE#         185
  C:13FEH         LINE#         187
  C:1401H         LINE#         188
  C:1409H         LINE#         190
  C:140BH         LINE#         191
  C:140DH         LINE#         192
  C:140FH         LINE#         193
  -------         ENDPROC       _COMMODE_DATA_WX
  -------         PROC          _UART_SEND_DATA
  X:0010H         SYMBOL        command
  -------         DO            
  X:0011H         SYMBOL        ii
  -------         ENDDO         
  C:0EF8H         LINE#         198
  C:0EFCH         LINE#         199
  C:0EFCH         LINE#         200
  C:0EFFH         LINE#         201
  C:0F02H         LINE#         202
  C:0F0AH         LINE#         203
  C:0F11H         LINE#         204
  C:0F18H         LINE#         205
  C:0F1FH         LINE#         206
  C:0F26H         LINE#         207
  C:0F2CH         LINE#         209
  C:0F2FH         LINE#         211
  C:0F33H         LINE#         212
  C:0F33H         LINE#         213
  C:0F3EH         LINE#         214
  C:0F41H         LINE#         215
  C:0F4CH         LINE#         217
  C:0F4FH         LINE#         218
  -------         ENDPROC       _UART_SEND_DATA
  -------         PROC          _UART_SEND_DATA_F
  X:0096H         SYMBOL        command
  -------         DO            
  X:0097H         SYMBOL        ii
  -------         ENDDO         
BL51 BANKED LINKER/LOCATER V6.22                                                      05/13/2016  09:47:49  PAGE 15


  C:112AH         LINE#         224
  C:112EH         LINE#         225
  C:112EH         LINE#         226
  C:1131H         LINE#         227
  C:1134H         LINE#         229
  C:113CH         LINE#         230
  C:1143H         LINE#         231
  C:114AH         LINE#         232
  C:1151H         LINE#         233
  C:1158H         LINE#         234
  C:115EH         LINE#         236
  C:1161H         LINE#         238
  C:116CH         LINE#         240
  C:116EH         LINE#         241
  -------         ENDPROC       _UART_SEND_DATA_F
  -------         PROC          _UART_SEND_DATA_F2
  X:0012H         SYMBOL        command
  -------         DO            
  X:0013H         SYMBOL        ii
  -------         ENDDO         
  C:0FA4H         LINE#         248
  C:0FA8H         LINE#         249
  C:0FA8H         LINE#         250
  C:0FABH         LINE#         251
  C:0FAEH         LINE#         252
  C:0FB6H         LINE#         253
  C:0FBDH         LINE#         254
  C:0FC4H         LINE#         255
  C:0FCBH         LINE#         256
  C:0FD2H         LINE#         257
  C:0FD8H         LINE#         259
  C:0FDBH         LINE#         260
  C:0FDEH         LINE#         261
  C:0FE1H         LINE#         262
  C:0FECH         LINE#         264
  C:0FEEH         LINE#         266
  -------         ENDPROC       _UART_SEND_DATA_F2
  -------         PROC          _UART_SEND_DATA_F3
  D:0007H         SYMBOL        command
  -------         DO            
  X:0096H         SYMBOL        ii
  -------         ENDDO         
  C:12BEH         LINE#         272
  C:12BEH         LINE#         273
  C:12BEH         LINE#         274
  C:12C2H         LINE#         275
  C:12C9H         LINE#         276
  C:12D0H         LINE#         277
  C:12D7H         LINE#         278
  C:12DEH         LINE#         279
  C:12E5H         LINE#         280
  C:12E8H         LINE#         282
  C:12EBH         LINE#         283
  C:12EEH         LINE#         284
  C:12F1H         LINE#         285
  -------         ENDPROC       _UART_SEND_DATA_F3
  -------         PROC          OPEN_TRANCEIVER
BL51 BANKED LINKER/LOCATER V6.22                                                      05/13/2016  09:47:49  PAGE 16


  C:1A41H         LINE#         292
  C:1A41H         LINE#         293
  C:1A41H         LINE#         295
  C:1A48H         LINE#         298
  C:1A4AH         LINE#         299
  C:1A4CH         LINE#         300
  -------         ENDPROC       OPEN_TRANCEIVER
  -------         PROC          OPEN_TRANCEIVER_F
  C:1A4DH         LINE#         306
  C:1A4DH         LINE#         307
  C:1A4DH         LINE#         308
  C:1A54H         LINE#         310
  C:1A56H         LINE#         311
  C:1A58H         LINE#         312
  -------         ENDPROC       OPEN_TRANCEIVER_F
  -------         PROC          CLOSE_TRANCEIVER
  C:1A65H         LINE#         318
  C:1A65H         LINE#         319
  C:1A65H         LINE#         321
  C:1A67H         LINE#         324
  C:1A69H         LINE#         327
  -------         ENDPROC       CLOSE_TRANCEIVER
  -------         PROC          CLOSE_TRANCEIVER_F
  C:1A70H         LINE#         334
  C:1A70H         LINE#         335
  C:1A70H         LINE#         337
  C:1A72H         LINE#         340
  C:1A74H         LINE#         342
  -------         ENDPROC       CLOSE_TRANCEIVER_F
  -------         PROC          UART_SEND_DATA_MATCH
  C:1830H         LINE#         349
  C:1830H         LINE#         350
  C:1830H         LINE#         351
  C:1833H         LINE#         353
  C:1833H         LINE#         354
  C:1833H         LINE#         355
  C:1833H         LINE#         356
  C:1833H         LINE#         357
  C:1833H         LINE#         358
  C:1833H         LINE#         359
  C:1833H         LINE#         361
  C:1836H         LINE#         363
  C:1841H         LINE#         364
  C:1844H         LINE#         366
  -------         ENDPROC       UART_SEND_DATA_MATCH
  -------         PROC          UART_SEND_DATA_MATCH_F
  C:166FH         LINE#         373
  C:166FH         LINE#         374
  C:166FH         LINE#         375
  C:1671H         LINE#         376
  C:1673H         LINE#         377
  C:167AH         LINE#         379
  C:167AH         LINE#         380
  C:167AH         LINE#         381
  C:167AH         LINE#         382
  C:167AH         LINE#         383
  C:167AH         LINE#         384
BL51 BANKED LINKER/LOCATER V6.22                                                      05/13/2016  09:47:49  PAGE 17


  C:167AH         LINE#         385
  C:167AH         LINE#         387
  C:167DH         LINE#         389
  C:1688H         LINE#         390
  C:168BH         LINE#         392
  C:168DH         LINE#         393
  -------         ENDPROC       UART_SEND_DATA_MATCH_F
  -------         PROC          RECEIVE_BYTE
  C:0D62H         LINE#         399
  C:0D62H         LINE#         400
  C:0D62H         LINE#         402
  C:0D65H         LINE#         403
  C:0D65H         LINE#         405
  C:0D6FH         LINE#         406
  C:0D6FH         LINE#         407
  C:0D71H         LINE#         408
  C:0D71H         LINE#         409
  C:0D73H         LINE#         410
  C:0D74H         LINE#         413
  C:0D74H         LINE#         415
  C:0D77H         LINE#         416
  C:0D77H         LINE#         418
  C:0D79H         LINE#         421
  C:0D88H         LINE#         422
  C:0D88H         LINE#         424
  C:0D8EH         LINE#         425
  C:0D90H         LINE#         426
  C:0D90H         LINE#         427
  C:0D90H         LINE#         428
  C:0D92H         LINE#         430
  C:0D9AH         LINE#         431
  C:0D9AH         LINE#         433
  C:0DA0H         LINE#         434
  C:0DA3H         LINE#         435
  C:0DA8H         LINE#         436
  C:0DACH         LINE#         437
  C:0DAEH         LINE#         439
  C:0DAEH         LINE#         441
  C:0DB3H         LINE#         442
  C:0DB3H         LINE#         444
  C:0DB7H         LINE#         445
  C:0DB8H         LINE#         447
  C:0DB8H         LINE#         449
  C:0DC2H         LINE#         450
  C:0DC2H         LINE#         451
  C:0DC6H         LINE#         452
  C:0DC8H         LINE#         453
  C:0DCBH         LINE#         454
  C:0DCBH         LINE#         455
  C:0DCBH         LINE#         456
  C:0DCBH         LINE#         457
  -------         ENDPROC       RECEIVE_BYTE
  -------         PROC          RECEIVE_BYTE_LOCK
  C:0DCCH         LINE#         463
  C:0DCCH         LINE#         464
  C:0DCCH         LINE#         466
  C:0DCFH         LINE#         467
BL51 BANKED LINKER/LOCATER V6.22                                                      05/13/2016  09:47:49  PAGE 18


  C:0DCFH         LINE#         469
  C:0DD9H         LINE#         470
  C:0DD9H         LINE#         471
  C:0DDBH         LINE#         472
  C:0DDBH         LINE#         473
  C:0DDDH         LINE#         474
  C:0DDEH         LINE#         477
  C:0DDEH         LINE#         479
  C:0DE1H         LINE#         480
  C:0DE1H         LINE#         482
  C:0DE3H         LINE#         485
  C:0DF2H         LINE#         486
  C:0DF2H         LINE#         488
  C:0DF8H         LINE#         489
  C:0DFAH         LINE#         490
  C:0DFAH         LINE#         491
  C:0DFAH         LINE#         492
  C:0DFCH         LINE#         494
  C:0E04H         LINE#         495
  C:0E04H         LINE#         497
  C:0E0AH         LINE#         498
  C:0E0DH         LINE#         499
  C:0E12H         LINE#         500
  C:0E16H         LINE#         501
  C:0E18H         LINE#         503
  C:0E18H         LINE#         505
  C:0E1DH         LINE#         506
  C:0E1DH         LINE#         508
  C:0E21H         LINE#         509
  C:0E22H         LINE#         511
  C:0E22H         LINE#         513
  C:0E2CH         LINE#         514
  C:0E2CH         LINE#         515
  C:0E30H         LINE#         516
  C:0E32H         LINE#         517
  C:0E35H         LINE#         518
  C:0E35H         LINE#         519
  C:0E35H         LINE#         520
  C:0E35H         LINE#         521
  -------         ENDPROC       RECEIVE_BYTE_LOCK
  -------         PROC          RECEIVE_WORD
  C:123EH         LINE#         527
  C:123EH         LINE#         528
  C:123EH         LINE#         530
  C:1245H         LINE#         531
  C:1245H         LINE#         532
  C:1246H         LINE#         534
  C:1253H         LINE#         537
  C:125CH         LINE#         538
  C:125CH         LINE#         539
  C:1261H         LINE#         540
  C:1262H         LINE#         542
  C:126CH         LINE#         543
  C:126CH         LINE#         544
  C:1271H         LINE#         545
  C:1272H         LINE#         546
  C:1276H         LINE#         547
BL51 BANKED LINKER/LOCATER V6.22                                                      05/13/2016  09:47:49  PAGE 19


  C:1276H         LINE#         548
  C:1278H         LINE#         549
  C:1278H         LINE#         550
  C:127AH         LINE#         552
  C:127AH         LINE#         553
  C:127EH         LINE#         554
  C:127EH         LINE#         555
  C:127EH         LINE#         556
  -------         ENDPROC       RECEIVE_WORD
  -------         PROC          _SEND_CODE_TO_LOCK
  D:0007H         SYMBOL        x
  X:0014H         SYMBOL        y
  -------         DO            
  X:0016H         SYMBOL        i
  X:0017H         SYMBOL        n
  -------         ENDDO         
  C:0B2CH         LINE#         563
  C:0B33H         LINE#         564
  C:0B33H         LINE#         566
  C:0B38H         LINE#         567
  C:0B3CH         LINE#         568
  C:0B3FH         LINE#         574
  C:0B43H         LINE#         575
  C:0B43H         LINE#         576
  C:0B47H         LINE#         577
  C:0B47H         LINE#         578
  C:0B51H         LINE#         579
  C:0B51H         LINE#         580
  C:0B53H         LINE#         581
  C:0B5CH         LINE#         582
  C:0B5EH         LINE#         584
  C:0B5EH         LINE#         585
  C:0B60H         LINE#         586
  C:0B6CH         LINE#         587
  C:0B6CH         LINE#         588
  C:0B6EH         LINE#         589
  C:0B7CH         LINE#         590
  C:0B88H         LINE#         591
  C:0B93H         LINE#         592
  C:0B9EH         LINE#         593
  -------         ENDPROC       _SEND_CODE_TO_LOCK
  -------         PROC          _SEND_CODE_TO_LOCK_TAILI
  D:0007H         SYMBOL        x
  X:0018H         SYMBOL        y
  -------         DO            
  X:001AH         SYMBOL        i
  X:001BH         SYMBOL        n
  -------         ENDDO         
  C:0B9FH         LINE#         600
  C:0BA6H         LINE#         601
  C:0BA6H         LINE#         603
  C:0BABH         LINE#         604
  C:0BAFH         LINE#         605
  C:0BB2H         LINE#         611
  C:0BB6H         LINE#         612
  C:0BB6H         LINE#         613
  C:0BBAH         LINE#         614
BL51 BANKED LINKER/LOCATER V6.22                                                      05/13/2016  09:47:49  PAGE 20


  C:0BBAH         LINE#         615
  C:0BC4H         LINE#         616
  C:0BC4H         LINE#         617
  C:0BC6H         LINE#         618
  C:0BCFH         LINE#         619
  C:0BD1H         LINE#         621
  C:0BD1H         LINE#         622
  C:0BD3H         LINE#         623
  C:0BDFH         LINE#         624
  C:0BDFH         LINE#         625
  C:0BE1H         LINE#         626
  C:0BEFH         LINE#         627
  C:0BFBH         LINE#         628
  C:0C06H         LINE#         629
  C:0C11H         LINE#         630
  -------         ENDPROC       _SEND_CODE_TO_LOCK_TAILI
  -------         PROC          _UART_SEND_DATA_BROADTEST
  D:0007H         SYMBOL        command
  -------         DO            
  X:001CH         SYMBOL        ii
  -------         ENDDO         
  C:104CH         LINE#         635
  C:104CH         LINE#         636
  C:104CH         LINE#         637
  C:1050H         LINE#         640
  C:1057H         LINE#         641
  C:105EH         LINE#         642
  C:1065H         LINE#         643
  C:106CH         LINE#         644
  C:1073H         LINE#         645
  C:1076H         LINE#         647
  C:1079H         LINE#         649
  C:107DH         LINE#         650
  C:107DH         LINE#         651
  C:1088H         LINE#         652
  C:108BH         LINE#         653
  C:1096H         LINE#         657
  -------         ENDPROC       _UART_SEND_DATA_BROADTEST
  -------         ENDMOD        COMMUNICATION

  -------         MODULE        DELAY
  C:0000H         SYMBOL        _ICE_DUMMY_
  D:0080H         PUBLIC        P0
  D:0090H         PUBLIC        P1
  D:00A0H         PUBLIC        P2
  D:00B0H         PUBLIC        P3
  X:0026H         PUBLIC        Timeout_loop
  D:00A8H         PUBLIC        IE
  C:1737H         PUBLIC        Delay_10ms
  C:1751H         PUBLIC        Delay_12ms
  C:176BH         PUBLIC        Delay_50ms
  D:00B8H         PUBLIC        IP
  B:0090H.2       PUBLIC        magnet_overcurrent
  D:00D8H         PUBLIC        WDCON0
  C:12FCH         PUBLIC        _Magnet_Delay
  D:0098H         PUBLIC        SCON
  D:0088H         PUBLIC        TCON
BL51 BANKED LINKER/LOCATER V6.22                                                      05/13/2016  09:47:49  PAGE 21


  C:1785H         PUBLIC        Delay_100ms
  C:179FH         PUBLIC        Delay_500ms
  C:127FH         PUBLIC        _Custom_Delay
  C:164FH         PUBLIC        _delay_ms
  D:00E8H         PUBLIC        EIE
  D:00F8H         PUBLIC        ADCCON0
  C:17D3H         PUBLIC        _delay_us
  D:00C0H         PUBLIC        I2CON
  C:1703H         PUBLIC        Delay_1ms
  D:00C8H         PUBLIC        T2CON
  C:171DH         PUBLIC        Delay_5ms
  C:1847H         PUBLIC        _Delay
  D:00D0H         PUBLIC        PSW
  -------         PROC          DELAY_1MS
  C:1703H         LINE#         15
  C:1703H         LINE#         16
  C:1703H         LINE#         17
  C:170CH         LINE#         20
  C:171CH         LINE#         21
  -------         ENDPROC       DELAY_1MS
  -------         PROC          DELAY_5MS
  C:171DH         LINE#         23
  C:171DH         LINE#         24
  C:171DH         LINE#         25
  C:1726H         LINE#         28
  C:1736H         LINE#         29
  -------         ENDPROC       DELAY_5MS
  -------         PROC          DELAY_10MS
  C:1737H         LINE#         31
  C:1737H         LINE#         32
  C:1737H         LINE#         33
  C:1740H         LINE#         36
  C:1750H         LINE#         37
  -------         ENDPROC       DELAY_10MS
  -------         PROC          DELAY_12MS
  C:1751H         LINE#         39
  C:1751H         LINE#         40
  C:1751H         LINE#         41
  C:175AH         LINE#         44
  C:176AH         LINE#         45
  -------         ENDPROC       DELAY_12MS
  -------         PROC          DELAY_50MS
  C:176BH         LINE#         48
  C:176BH         LINE#         49
  C:176BH         LINE#         50
  C:1774H         LINE#         53
  C:1784H         LINE#         54
  -------         ENDPROC       DELAY_50MS
  -------         PROC          DELAY_100MS
  C:1785H         LINE#         57
  C:1785H         LINE#         58
  C:1785H         LINE#         59
  C:178EH         LINE#         62
  C:179EH         LINE#         63
  -------         ENDPROC       DELAY_100MS
  -------         PROC          DELAY_500MS
  C:179FH         LINE#         66
BL51 BANKED LINKER/LOCATER V6.22                                                      05/13/2016  09:47:49  PAGE 22


  C:179FH         LINE#         67
  C:179FH         LINE#         68
  C:17A8H         LINE#         71
  C:17B8H         LINE#         72
  -------         ENDPROC       DELAY_500MS
  -------         PROC          _DELAY
  D:0007H         SYMBOL        n
  -------         DO            
  D:0004H         SYMBOL        x
  -------         ENDDO         
  C:1847H         LINE#         79
  C:1847H         LINE#         80
  C:1847H         LINE#         82
  C:184DH         LINE#         83
  C:184DH         LINE#         84
  C:1851H         LINE#         85
  C:185DH         LINE#         87
  -------         ENDPROC       _DELAY
  -------         PROC          _CUSTOM_DELAY
  D:0007H         SYMBOL        t
  X:009BH         SYMBOL        m
  -------         DO            
  X:009DH         SYMBOL        i
  D:0006H         SYMBOL        j
  -------         ENDDO         
  C:127FH         LINE#         93
  C:1286H         LINE#         94
  C:1286H         LINE#         97
  C:1298H         LINE#         98
  C:12BDH         LINE#         99
  -------         ENDPROC       _CUSTOM_DELAY
  -------         PROC          _DELAY_MS
  D:0006H         SYMBOL        count
  -------         DO            
  D:0004H         SYMBOL        i
  D:0002H         SYMBOL        j
  -------         ENDDO         
  C:164FH         LINE#         106
  C:164FH         LINE#         107
  C:164FH         LINE#         109
  C:1659H         LINE#         110
  C:1659H         LINE#         111
  C:1667H         LINE#         112
  C:166EH         LINE#         113
  -------         ENDPROC       _DELAY_MS
  -------         PROC          _DELAY_US
  D:0006H         SYMBOL        count1
  -------         DO            
  D:0004H         SYMBOL        i
  D:0003H         SYMBOL        j
  -------         ENDDO         
  C:17D3H         LINE#         121
  C:17D3H         LINE#         122
  C:17D3H         LINE#         125
  C:17DDH         LINE#         126
  C:17DDH         LINE#         127
  C:17E4H         LINE#         128
BL51 BANKED LINKER/LOCATER V6.22                                                      05/13/2016  09:47:49  PAGE 23


  C:17EBH         LINE#         129
  -------         ENDPROC       _DELAY_US
  -------         PROC          _MAGNET_DELAY
  X:0024H         SYMBOL        x
  D:0004H         SYMBOL        y
  -------         DO            
  D:0001H         SYMBOL        i
  D:0002H         SYMBOL        j
  -------         ENDDO         
  C:12FCH         LINE#         135
  C:1303H         LINE#         136
  C:1303H         LINE#         139
  C:1305H         LINE#         140
  C:1305H         LINE#         141
  C:1319H         LINE#         142
  C:131EH         LINE#         143
  C:1320H         LINE#         144
  C:1320H         LINE#         146
  C:1323H         LINE#         147
  C:1323H         LINE#         148
  C:1334H         LINE#         149
  C:1334H         LINE#         151
  C:1334H         LINE#         153
  C:1334H         LINE#         154
  C:1339H         LINE#         155
  -------         ENDPROC       _MAGNET_DELAY
  -------         ENDMOD        DELAY

  -------         MODULE        OPERATION
  C:0000H         SYMBOL        _ICE_DUMMY_
  B:00A0H.4       PUBLIC        Lock_EN
  D:0080H         PUBLIC        P0
  D:0090H         PUBLIC        P1
  B:0080H.3       PUBLIC        fell_sensor_detect
  D:00A0H         PUBLIC        P2
  B:0025H.2       PUBLIC        vibration_flag1
  D:00B0H         PUBLIC        P3
  D:00A8H         PUBLIC        IE
  B:0025H.3       PUBLIC        sensor_EN
  C:0CF3H         PUBLIC        Detect_vibration
  X:0028H         PUBLIC        vibration_count1
  X:002AH         PUBLIC        vibration_count2
  C:1A7BH         PUBLIC        InitSensor
  D:00B8H         PUBLIC        IP
  X:002BH         PUBLIC        wire_broken_level
  C:18EAH         PUBLIC        Reset_after_wirebroken
  B:0080H.1       PUBLIC        wire_broken
  C:188AH         PUBLIC        Batstolen_Alarm_to_Slave
  C:16ACH         PUBLIC        Reset_after_stolen_alarming
  D:00D8H         PUBLIC        WDCON0
  X:002CH         PUBLIC        wire_broken_time
  D:0098H         PUBLIC        SCON
  D:0088H         PUBLIC        TCON
  C:0F52H         PUBLIC        Detect_close_action
  B:0090H.6       PUBLIC        Generator_lock
  C:133AH         PUBLIC        slave_nearby_operation
  B:00A0H.6       PUBLIC        the3rd_sendor
BL51 BANKED LINKER/LOCATER V6.22                                                      05/13/2016  09:47:49  PAGE 24


  B:00A0H.5       PUBLIC        key_rotate
  C:14A5H         PUBLIC        Detect_wheel_moving
  C:1A86H         PUBLIC        Disable_sensor_after_IDcert
  B:0080H.7       PUBLIC        horizontal_sensor
  D:00E8H         PUBLIC        EIE
  C:1474H         PUBLIC        Detect_open_action
  B:0080H.2       PUBLIC        wheeled_rotate
  B:0080H.4       PUBLIC        raised_sensor_detect
  D:00F8H         PUBLIC        ADCCON0
  C:162EH         PUBLIC        Ensensor_after_slave_away
  D:00C0H         PUBLIC        I2CON
  C:168EH         PUBLIC        ENsensor_After_Close
  C:0C83H         PUBLIC        Detect_selflearn_action
  C:160CH         PUBLIC        ENsensor_afterIDcert
  D:00C8H         PUBLIC        T2CON
  C:15E6H         PUBLIC        SelfLearn_Reset
  C:1874H         PUBLIC        Raise_Alarm_to_Slave
  C:1538H         PUBLIC        slave_away_operation
  X:002EH         PUBLIC        key_rotate_off_time
  B:0025H.4       PUBLIC        enable_sensor_delayEN
  C:185EH         PUBLIC        Fell_Alarm_to_Slave
  D:00D0H         PUBLIC        PSW
  B:0080H.0       PUBLIC        sensor_detect
  C:1800H         PUBLIC        Host_stolen_action
  B:0080H.5       PUBLIC        Externalmotor
  -------         PROC          SLAVE_AWAY_OPERATION
  C:1538H         LINE#         100
  C:1538H         LINE#         101
  C:1538H         LINE#         102
  C:153BH         LINE#         103
  C:153BH         LINE#         104
  C:153EH         LINE#         105
  C:154EH         LINE#         106
  C:1551H         LINE#         110
  C:1551H         LINE#         112
  C:1553H         LINE#         113
  C:1557H         LINE#         115
  C:155CH         LINE#         116
  C:1560H         LINE#         118
  C:1563H         LINE#         119
  C:1565H         LINE#         120
  -------         ENDPROC       SLAVE_AWAY_OPERATION
  -------         PROC          SLAVE_NEARBY_OPERATION
  C:133AH         LINE#         126
  C:133AH         LINE#         127
  C:133AH         LINE#         128
  C:133CH         LINE#         130
  C:133EH         LINE#         131
  C:1342H         LINE#         132
  C:1344H         LINE#         133
  C:1347H         LINE#         135
  C:134AH         LINE#         136
  C:134DH         LINE#         137
  C:1350H         LINE#         138
  C:1353H         LINE#         139
  C:1355H         LINE#         140
  C:1357H         LINE#         142
BL51 BANKED LINKER/LOCATER V6.22                                                      05/13/2016  09:47:49  PAGE 25


  C:135AH         LINE#         143
  C:135AH         LINE#         144
  C:135DH         LINE#         145
  C:135FH         LINE#         146
  C:1362H         LINE#         147
  C:136CH         LINE#         148
  C:136FH         LINE#         149
  C:136FH         LINE#         169
  -------         ENDPROC       SLAVE_NEARBY_OPERATION
  -------         PROC          INITSENSOR
  C:1A7BH         LINE#         175
  C:1A7BH         LINE#         176
  C:1A7BH         LINE#         177
  C:1A7DH         LINE#         178
  C:1A7FH         LINE#         179
  C:1A81H         LINE#         180
  C:1A83H         LINE#         181
  C:1A85H         LINE#         182
  -------         ENDPROC       INITSENSOR
  -------         PROC          HOST_STOLEN_ACTION
  C:1800H         LINE#         188
  C:1800H         LINE#         189
  C:1800H         LINE#         191
  C:1803H         LINE#         192
  C:1803H         LINE#         193
  C:1805H         LINE#         195
  C:1808H         LINE#         196
  C:180BH         LINE#         198
  C:180EH         LINE#         199
  C:180EH         LINE#         200
  C:1810H         LINE#         201
  C:1812H         LINE#         203
  C:1812H         LINE#         204
  C:1817H         LINE#         205
  C:1817H         LINE#         207
  C:1817H         LINE#         208
  -------         ENDPROC       HOST_STOLEN_ACTION
  -------         PROC          ENSENSOR_AFTERIDCERT
  C:160CH         LINE#         215
  C:160CH         LINE#         216
  C:160CH         LINE#         217
  C:160FH         LINE#         218
  C:160FH         LINE#         220
  C:1619H         LINE#         221
  C:1619H         LINE#         222
  C:161BH         LINE#         223
  C:161DH         LINE#         224
  C:1620H         LINE#         227
  C:1628H         LINE#         228
  C:1628H         LINE#         229
  C:162BH         LINE#         230
  C:162BH         LINE#         231
  C:162DH         LINE#         233
  C:162DH         LINE#         234
  C:162DH         LINE#         235
  -------         ENDPROC       ENSENSOR_AFTERIDCERT
  -------         PROC          ENSENSOR_AFTER_CLOSE
BL51 BANKED LINKER/LOCATER V6.22                                                      05/13/2016  09:47:49  PAGE 26


  C:168EH         LINE#         240
  C:168EH         LINE#         241
  C:168EH         LINE#         242
  C:1697H         LINE#         243
  C:1697H         LINE#         244
  C:16A1H         LINE#         245
  C:16A1H         LINE#         246
  C:16A3H         LINE#         247
  C:16A5H         LINE#         248
  C:16A8H         LINE#         249
  C:16ABH         LINE#         250
  C:16ABH         LINE#         251
  C:16ABH         LINE#         252
  -------         ENDPROC       ENSENSOR_AFTER_CLOSE
  -------         PROC          SELFLEARN_RESET
  C:15E6H         LINE#         258
  C:15E6H         LINE#         259
  C:15E6H         LINE#         260
  C:15E9H         LINE#         261
  C:15E9H         LINE#         262
  C:15F3H         LINE#         263
  C:15F3H         LINE#         264
  C:15F5H         LINE#         265
  C:15F7H         LINE#         267
  C:15FCH         LINE#         268
  C:1601H         LINE#         269
  C:1603H         LINE#         270
  C:1605H         LINE#         271
  C:1607H         LINE#         272
  C:1609H         LINE#         273
  C:160BH         LINE#         274
  C:160BH         LINE#         275
  C:160BH         LINE#         276
  -------         ENDPROC       SELFLEARN_RESET
  -------         PROC          FELL_ALARM_TO_SLAVE
  C:185EH         LINE#         282
  C:185EH         LINE#         283
  C:185EH         LINE#         284
  C:1869H         LINE#         285
  C:1869H         LINE#         286
  C:186EH         LINE#         287
  C:1873H         LINE#         288
  C:1873H         LINE#         289
  -------         ENDPROC       FELL_ALARM_TO_SLAVE
  -------         PROC          RAISE_ALARM_TO_SLAVE
  C:1874H         LINE#         295
  C:1874H         LINE#         296
  C:1874H         LINE#         297
  C:187FH         LINE#         298
  C:187FH         LINE#         299
  C:1884H         LINE#         300
  C:1889H         LINE#         301
  C:1889H         LINE#         302
  -------         ENDPROC       RAISE_ALARM_TO_SLAVE
  -------         PROC          BATSTOLEN_ALARM_TO_SLAVE
  C:188AH         LINE#         308
  C:188AH         LINE#         309
BL51 BANKED LINKER/LOCATER V6.22                                                      05/13/2016  09:47:49  PAGE 27


  C:188AH         LINE#         310
  C:1895H         LINE#         311
  C:1895H         LINE#         312
  C:189AH         LINE#         313
  C:189FH         LINE#         314
  C:189FH         LINE#         315
  -------         ENDPROC       BATSTOLEN_ALARM_TO_SLAVE
  -------         PROC          DISABLE_SENSOR_AFTER_IDCERT
  C:1A86H         LINE#         320
  C:1A86H         LINE#         321
  C:1A86H         LINE#         322
  C:1A89H         LINE#         323
  C:1A89H         LINE#         324
  C:1A8BH         LINE#         326
  C:1A8EH         LINE#         327
  C:1A8EH         LINE#         328
  -------         ENDPROC       DISABLE_SENSOR_AFTER_IDCERT
  -------         PROC          RESET_AFTER_WIREBROKEN
  C:18EAH         LINE#         333
  C:18EAH         LINE#         334
  C:18EAH         LINE#         335
  C:18EDH         LINE#         336
  C:18EDH         LINE#         337
  C:18EFH         LINE#         338
  C:18F3H         LINE#         339
  C:18F5H         LINE#         340
  C:18F7H         LINE#         341
  C:18F9H         LINE#         342
  C:18F9H         LINE#         343
  -------         ENDPROC       RESET_AFTER_WIREBROKEN
  -------         PROC          RESET_AFTER_STOLEN_ALARMING
  C:16ACH         LINE#         349
  C:16ACH         LINE#         350
  C:16ACH         LINE#         351
  C:16AFH         LINE#         352
  C:16AFH         LINE#         353
  C:16B9H         LINE#         354
  C:16B9H         LINE#         355
  C:16BDH         LINE#         356
  C:16BFH         LINE#         357
  C:16C1H         LINE#         358
  C:16C3H         LINE#         359
  C:16C6H         LINE#         360
  C:16C9H         LINE#         361
  C:16C9H         LINE#         362
  C:16C9H         LINE#         363
  -------         ENDPROC       RESET_AFTER_STOLEN_ALARMING
  -------         PROC          ENSENSOR_AFTER_SLAVE_AWAY
  C:162EH         LINE#         368
  C:162EH         LINE#         369
  C:162EH         LINE#         370
  C:1637H         LINE#         371
  C:1637H         LINE#         372
  C:1641H         LINE#         373
  C:1641H         LINE#         374
  C:1644H         LINE#         375
  C:1646H         LINE#         376
BL51 BANKED LINKER/LOCATER V6.22                                                      05/13/2016  09:47:49  PAGE 28


  C:1648H         LINE#         377
  C:164BH         LINE#         378
  C:164EH         LINE#         379
  C:164EH         LINE#         380
  C:164EH         LINE#         381
  -------         ENDPROC       ENSENSOR_AFTER_SLAVE_AWAY
  -------         PROC          DETECT_SELFLEARN_ACTION
  C:0C83H         LINE#         386
  C:0C83H         LINE#         387
  C:0C83H         LINE#         388
  C:0C86H         LINE#         389
  C:0C86H         LINE#         391
  C:0C88H         LINE#         393
  C:0C8BH         LINE#         394
  C:0C8BH         LINE#         395
  C:0C96H         LINE#         396
  C:0CA1H         LINE#         397
  C:0CA1H         LINE#         398
  C:0CA8H         LINE#         399
  C:0CACH         LINE#         400
  C:0CAEH         LINE#         401
  C:0CAEH         LINE#         402
  C:0CB0H         LINE#         404
  C:0CB0H         LINE#         405
  C:0CBCH         LINE#         406
  C:0CBCH         LINE#         407
  C:0CC0H         LINE#         408
  C:0CC5H         LINE#         409
  C:0CC5H         LINE#         410
  C:0CC5H         LINE#         412
  C:0CCDH         LINE#         413
  C:0CCDH         LINE#         414
  C:0CCFH         LINE#         415
  C:0CD1H         LINE#         416
  C:0CD4H         LINE#         417
  C:0CD4H         LINE#         418
  C:0CD6H         LINE#         419
  C:0CDEH         LINE#         420
  C:0CE0H         LINE#         423
  C:0CE3H         LINE#         424
  C:0CE3H         LINE#         425
  C:0CE5H         LINE#         426
  C:0CE7H         LINE#         427
  C:0CE9H         LINE#         429
  C:0CECH         LINE#         431
  C:0CEFH         LINE#         434
  C:0CF2H         LINE#         436
  C:0CF2H         LINE#         437
  -------         ENDPROC       DETECT_SELFLEARN_ACTION
  -------         PROC          DETECT_OPEN_ACTION
  C:1474H         LINE#         442
  C:1474H         LINE#         443
  C:1474H         LINE#         445
  C:147FH         LINE#         446
  C:147FH         LINE#         447
  C:1482H         LINE#         448
  C:1487H         LINE#         449
BL51 BANKED LINKER/LOCATER V6.22                                                      05/13/2016  09:47:49  PAGE 29


  C:1489H         LINE#         451
  C:148DH         LINE#         452
  C:148FH         LINE#         453
  C:1492H         LINE#         454
  C:1494H         LINE#         455
  C:1497H         LINE#         456
  C:149AH         LINE#         458
  C:149CH         LINE#         460
  C:149EH         LINE#         461
  C:14A4H         LINE#         462
  C:14A4H         LINE#         463
  -------         ENDPROC       DETECT_OPEN_ACTION
  -------         PROC          DETECT_CLOSE_ACTION
  C:0F52H         LINE#         468
  C:0F52H         LINE#         469
  C:0F52H         LINE#         470
  C:0F62H         LINE#         471
  C:0F62H         LINE#         472
  C:0F68H         LINE#         473
  C:0F68H         LINE#         474
  C:0F73H         LINE#         475
  C:0F7EH         LINE#         476
  C:0F7EH         LINE#         477
  C:0F87H         LINE#         478
  C:0F87H         LINE#         479
  C:0F8AH         LINE#         481
  C:0F8EH         LINE#         482
  C:0F91H         LINE#         483
  C:0F93H         LINE#         484
  C:0F95H         LINE#         486
  C:0F98H         LINE#         487
  C:0F98H         LINE#         488
  C:0F98H         LINE#         489
  C:0F98H         LINE#         490
  C:0F9AH         LINE#         491
  C:0F9DH         LINE#         492
  C:0FA3H         LINE#         493
  -------         ENDPROC       DETECT_CLOSE_ACTION
  -------         PROC          DETECT_VIBRATION
  C:0CF3H         LINE#         498
  C:0CF3H         LINE#         499
  C:0CF3H         LINE#         500
  C:0CFCH         LINE#         501
  C:0CFCH         LINE#         502
  C:0D06H         LINE#         503
  C:0D06H         LINE#         504
  C:0D08H         LINE#         505
  C:0D0AH         LINE#         506
  C:0D0FH         LINE#         508
  C:0D11H         LINE#         509
  C:0D16H         LINE#         511
  C:0D1BH         LINE#         512
  C:0D1BH         LINE#         513
  C:0D1DH         LINE#         515
  C:0D21H         LINE#         517
  C:0D24H         LINE#         518
  C:0D24H         LINE#         519
BL51 BANKED LINKER/LOCATER V6.22                                                      05/13/2016  09:47:49  PAGE 30


  C:0D3BH         LINE#         520
  C:0D3BH         LINE#         521
  C:0D3DH         LINE#         522
  C:0D41H         LINE#         523
  C:0D41H         LINE#         524
  C:0D41H         LINE#         526
  C:0D44H         LINE#         527
  C:0D44H         LINE#         528
  C:0D5BH         LINE#         529
  C:0D5BH         LINE#         530
  C:0D5DH         LINE#         531
  C:0D61H         LINE#         532
  C:0D61H         LINE#         533
  C:0D61H         LINE#         534
  -------         ENDPROC       DETECT_VIBRATION
  -------         PROC          DETECT_WHEEL_MOVING
  C:14A5H         LINE#         539
  C:14A5H         LINE#         540
  C:14A5H         LINE#         541
  C:14A8H         LINE#         542
  C:14A8H         LINE#         543
  C:14AAH         LINE#         544
  C:14B0H         LINE#         546
  C:14B5H         LINE#         547
  C:14B5H         LINE#         548
  C:14B8H         LINE#         549
  C:14B8H         LINE#         550
  C:14CFH         LINE#         551
  C:14CFH         LINE#         552
  C:14D1H         LINE#         553
  C:14D5H         LINE#         554
  C:14D5H         LINE#         555
  C:14D5H         LINE#         556
  -------         ENDPROC       DETECT_WHEEL_MOVING
  -------         ENDMOD        OPERATION

  -------         MODULE        OTHER
  C:0000H         SYMBOL        _ICE_DUMMY_
  D:0080H         PUBLIC        P0
  D:0090H         PUBLIC        P1
  D:00A0H         PUBLIC        P2
  D:00B0H         PUBLIC        P3
  D:00A8H         PUBLIC        IE
  C:1A26H         PUBLIC        _magnet_ACW_Taili
  B:00A0H.4       PUBLIC        Moto_EN
  D:00B8H         PUBLIC        IP
  D:00D8H         PUBLIC        WDCON0
  D:0098H         PUBLIC        SCON
  D:0088H         PUBLIC        TCON
  C:0003H         PUBLIC        Moto_Vibration
  C:07F2H         PUBLIC        _magnet_ACW
  C:1A59H         PUBLIC        Enable_sensor
  C:1507H         PUBLIC        _magnet_CW_Taili
  D:00E8H         PUBLIC        EIE
  C:1171H         PUBLIC        disable_sensor
  B:00A0H.2       PUBLIC        MagentControl_1
  B:00A0H.3       PUBLIC        MagentControl_2
BL51 BANKED LINKER/LOCATER V6.22                                                      05/13/2016  09:47:49  PAGE 31


  D:00F8H         PUBLIC        ADCCON0
  D:00C0H         PUBLIC        I2CON
  D:00C8H         PUBLIC        T2CON
  C:14D6H         PUBLIC        _magnet_CW
  D:00D0H         PUBLIC        PSW
  B:0080H.5       PUBLIC        Externalmotor
  -------         PROC          _MAGNET_CW
  X:0030H         SYMBOL        x
  X:0032H         SYMBOL        y
  D:0003H         SYMBOL        z
  C:14D6H         LINE#         44
  C:14E3H         LINE#         45
  C:14E3H         LINE#         47
  C:14ECH         LINE#         49
  C:14EEH         LINE#         50
  C:14F0H         LINE#         51
  C:1500H         LINE#         52
  C:1502H         LINE#         53
  C:1504H         LINE#         54
  C:1506H         LINE#         55
  -------         ENDPROC       _MAGNET_CW
  -------         PROC          _MAGNET_CW_TAILI
  X:0034H         SYMBOL        x
  X:0036H         SYMBOL        y
  D:0003H         SYMBOL        z
  C:1507H         LINE#         61
  C:1514H         LINE#         62
  C:1514H         LINE#         64
  C:151DH         LINE#         66
  C:151FH         LINE#         67
  C:1521H         LINE#         68
  C:1531H         LINE#         69
  C:1533H         LINE#         70
  C:1535H         LINE#         71
  C:1537H         LINE#         72
  -------         ENDPROC       _MAGNET_CW_TAILI
  -------         PROC          _MAGNET_ACW
  D:0006H         SYMBOL        x
  D:0004H         SYMBOL        y
  C:07F2H         LINE#         78
  C:07F2H         LINE#         79
  C:07F2H         LINE#         80
  C:07F4H         LINE#         81
  C:07F6H         LINE#         82
  C:07F8H         LINE#         83
  C:07FBH         LINE#         84
  C:07FDH         LINE#         85
  C:07FFH         LINE#         86
  -------         ENDPROC       _MAGNET_ACW
  -------         PROC          _MAGNET_ACW_TAILI
  D:0006H         SYMBOL        x
  D:0004H         SYMBOL        y
  C:1A26H         LINE#         92
  C:1A26H         LINE#         93
  C:1A26H         LINE#         94
  C:1A28H         LINE#         95
  C:1A2AH         LINE#         96
BL51 BANKED LINKER/LOCATER V6.22                                                      05/13/2016  09:47:49  PAGE 32


  C:1A2CH         LINE#         97
  C:1A2FH         LINE#         98
  C:1A31H         LINE#         99
  C:1A33H         LINE#         100
  -------         ENDPROC       _MAGNET_ACW_TAILI
  -------         PROC          DISABLE_SENSOR
  C:1171H         LINE#         106
  C:1171H         LINE#         107
  C:1171H         LINE#         109
  C:1173H         LINE#         110
  C:1175H         LINE#         112
  C:1177H         LINE#         113
  C:1179H         LINE#         114
  C:117DH         LINE#         115
  C:1180H         LINE#         116
  C:1183H         LINE#         117
  C:1188H         LINE#         118
  C:118DH         LINE#         119
  C:1192H         LINE#         120
  C:1195H         LINE#         121
  C:1198H         LINE#         122
  C:119AH         LINE#         123
  C:119CH         LINE#         124
  C:119EH         LINE#         125
  C:11A1H         LINE#         126
  C:11A3H         LINE#         127
  C:11A6H         LINE#         129
  C:11A8H         LINE#         132
  C:11ABH         LINE#         133
  C:11ADH         LINE#         135
  C:11AFH         LINE#         136
  C:11B2H         LINE#         138
  C:11B4H         LINE#         139
  C:11B7H         LINE#         140
  -------         ENDPROC       DISABLE_SENSOR
  -------         PROC          ENABLE_SENSOR
  C:1A59H         LINE#         146
  C:1A59H         LINE#         147
  C:1A59H         LINE#         149
  C:1A5BH         LINE#         150
  C:1A5DH         LINE#         153
  C:1A61H         LINE#         154
  C:1A64H         LINE#         155
  -------         ENDPROC       ENABLE_SENSOR
  -------         PROC          MOTO_VIBRATION
  C:0003H         LINE#         161
  C:0003H         LINE#         162
  C:0003H         LINE#         163
  C:0005H         LINE#         164
  C:0008H         LINE#         165
  C:000AH         LINE#         166
  -------         ENDPROC       MOTO_VIBRATION
  -------         ENDMOD        OTHER

  -------         MODULE        PWM
  C:0000H         SYMBOL        _ICE_DUMMY_
  D:0080H         PUBLIC        P0
BL51 BANKED LINKER/LOCATER V6.22                                                      05/13/2016  09:47:49  PAGE 33


  D:0090H         PUBLIC        P1
  D:00A0H         PUBLIC        P2
  D:00B0H         PUBLIC        P3
  D:00DCH         PUBLIC        PWMCON0
  D:00D1H         PUBLIC        PWMPH
  D:00A8H         PUBLIC        IE
  D:00D9H         PUBLIC        PWMPL
  C:0E36H         PUBLIC        _PWM_Channel
  D:00B8H         PUBLIC        IP
  C:1A98H         PUBLIC        myPwm
  D:00D8H         PUBLIC        WDCON0
  D:0098H         PUBLIC        SCON
  D:0088H         PUBLIC        TCON
  D:00E8H         PUBLIC        EIE
  D:00F8H         PUBLIC        ADCCON0
  D:00C0H         PUBLIC        I2CON
  X:0038H         PUBLIC        PWM_shadow
  D:00C8H         PUBLIC        T2CON
  C:1818H         PUBLIC        Init_PWM
  D:00D2H         PUBLIC        PWM0H
  D:00D3H         PUBLIC        PWM1H
  D:00D5H         PUBLIC        PWM2H
  D:00D6H         PUBLIC        PWM3H
  D:00DAH         PUBLIC        PWM0L
  D:00DBH         PUBLIC        PWM1L
  D:00DDH         PUBLIC        PWM2L
  D:00DEH         PUBLIC        PWM3L
  D:00D0H         PUBLIC        PSW
  -------         PROC          INIT_PWM
  C:1818H         LINE#         19
  C:1818H         LINE#         20
  C:1818H         LINE#         22
[...]

*** WARNING L16: UNCALLED SEGMENT, IGNORED FOR OVERLAY PROCESS
    SEGMENT: ?PR?PRODUCT_TEST_VOICE?VOICE

*** WARNING L16: UNCALLED SEGMENT, IGNORED FOR OVERLAY PROCESS
    SEGMENT: ?PR?BATTERY_HIGH_ALARM_SPEECH?VOICE

*** WARNING L16: UNCALLED SEGMENT, IGNORED FOR OVERLAY PROCESS
BL51 BANKED LINKER/LOCATER V6.22                                                      05/13/2016  09:47:49  PAGE 59


    SEGMENT: ?PR?HOST_BATTERY_HIGH_ALARM_SPEECH?VOICE

*** WARNING L16: UNCALLED SEGMENT, IGNORED FOR OVERLAY PROCESS
    SEGMENT: ?PR?LOCK_ROTATED_ON_SPEECH?VOICE

*** WARNING L16: UNCALLED SEGMENT, IGNORED FOR OVERLAY PROCESS
    SEGMENT: ?PR?LOCK_ROTATED_OFF_SPEECH?VOICE

*** WARNING L16: UNCALLED SEGMENT, IGNORED FOR OVERLAY PROCESS
    SEGMENT: ?PR?IDCERTED_SPEECH?VOICE

*** WARNING L16: UNCALLED SEGMENT, IGNORED FOR OVERLAY PROCESS
    SEGMENT: ?PR?ACCUMULATOR_VOICE_PROMOT?VOICE

*** WARNING L16: UNCALLED SEGMENT, IGNORED FOR OVERLAY PROCESS
    SEGMENT: ?PR?ENTER_NOGUARD_VOICE?VOICE

*** WARNING L16: UNCALLED SEGMENT, IGNORED FOR OVERLAY PROCESS
    SEGMENT: ?PR?_FLASH_READ_DATA?ISP_DATAFLASH

*** WARNING L16: UNCALLED SEGMENT, IGNORED FOR OVERLAY PROCESS
    SEGMENT: ?PR?HSCH_DISPATCH_TASKS?SCHEDULAR

*** WARNING L16: UNCALLED SEGMENT, IGNORED FOR OVERLAY PROCESS
    SEGMENT: ?PR?_HSCH_ADD_TASK?SCHEDULAR

*** WARNING L16: UNCALLED SEGMENT, IGNORED FOR OVERLAY PROCESS
    SEGMENT: ?PR?HSCH_UPDATE?SCHEDULAR

*** WARNING L15: MULTIPLE CALL TO SEGMENT
    SEGMENT: ?PR?_INITT0?TIMER
    CALLER1: ?PR?TIMER0?MAIN
    CALLER2: ?C_C51STARTUP

*** WARNING L15: MULTIPLE CALL TO SEGMENT
    SEGMENT: ?PR?_HSCH_DELETE_TASK?SCHEDULAR
    CALLER1: ?PR?TIMER0?MAIN
    CALLER2: ?C_C51STARTUP

*** WARNING L1: UNRESOLVED EXTERNAL SYMBOL
    SYMBOL:  JUST_POWER_UP
    MODULE:  .\operation.obj (OPERATION)

*** WARNING L1: UNRESOLVED EXTERNAL SYMBOL
    SYMBOL:  LOAD_BATTERY_RESULT
    MODULE:  .\operation.obj (OPERATION)

*** WARNING L1: UNRESOLVED EXTERNAL SYMBOL
    SYMBOL:  ELECMOTOR_CW
    MODULE:  .\operation.obj (OPERATION)

*** WARNING L1: UNRESOLVED EXTERNAL SYMBOL
    SYMBOL:  SLAVE_NEARBY_COUNT
    MODULE:  .\operation.obj (OPERATION)

*** WARNING L1: UNRESOLVED EXTERNAL SYMBOL
    SYMBOL:  TIMER0_COUNT2
BL51 BANKED LINKER/LOCATER V6.22                                                      05/13/2016  09:47:49  PAGE 60


    MODULE:  .\operation.obj (OPERATION)

*** WARNING L1: UNRESOLVED EXTERNAL SYMBOL
    SYMBOL:  NEVER_ALARM
    MODULE:  .\operation.obj (OPERATION)

*** WARNING L1: UNRESOLVED EXTERNAL SYMBOL
    SYMBOL:  SILENCE_FLAG
    MODULE:  .\operation.obj (OPERATION)

*** WARNING L1: UNRESOLVED EXTERNAL SYMBOL
    SYMBOL:  WIRE_BROKEN_RESET
    MODULE:  .\operation.obj (OPERATION)

*** WARNING L1: UNRESOLVED EXTERNAL SYMBOL
    SYMBOL:  IDKEY_SPEECH_FLASH
    MODULE:  .\operation.obj (OPERATION)

*** WARNING L1: UNRESOLVED EXTERNAL SYMBOL
    SYMBOL:  IDKEY_SELFLEARN_HVCOUNT
    MODULE:  .\operation.obj (OPERATION)

*** WARNING L1: UNRESOLVED EXTERNAL SYMBOL
    SYMBOL:  IDKEY_SELFLEARN_FLAG1
    MODULE:  .\operation.obj (OPERATION)

*** WARNING L1: UNRESOLVED EXTERNAL SYMBOL
    SYMBOL:  IDKEY_SELFLEARN_FLAG2
    MODULE:  .\operation.obj (OPERATION)

*** WARNING L1: UNRESOLVED EXTERNAL SYMBOL
    SYMBOL:  IDKEY_SELFLEARN_LVCOUNT
    MODULE:  .\operation.obj (OPERATION)

*** WARNING L1: UNRESOLVED EXTERNAL SYMBOL
    SYMBOL:  IDKEY_SELFLEARN_FLAG3
    MODULE:  .\operation.obj (OPERATION)

*** WARNING L1: UNRESOLVED EXTERNAL SYMBOL
    SYMBOL:  IDKEY_SELFLEARN_FLAG4
    MODULE:  .\operation.obj (OPERATION)

*** WARNING L1: UNRESOLVED EXTERNAL SYMBOL
    SYMBOL:  SLAVE_NEARBY_ACTIONED_FLAG
    MODULE:  .\operation.obj (OPERATION)

*** WARNING L1: UNRESOLVED EXTERNAL SYMBOL
    SYMBOL:  IDKEY_SELFLEARN_FLAG5
    MODULE:  .\operation.obj (OPERATION)

*** WARNING L1: UNRESOLVED EXTERNAL SYMBOL
    SYMBOL:  ID_SELFLEARNING_TIMECOUNT
    MODULE:  .\operation.obj (OPERATION)

*** WARNING L1: UNRESOLVED EXTERNAL SYMBOL
    SYMBOL:  ID_SPEECHED_FLAG
    MODULE:  .\operation.obj (OPERATION)
BL51 BANKED LINKER/LOCATER V6.22                                                      05/13/2016  09:47:49  PAGE 61



*** WARNING L1: UNRESOLVED EXTERNAL SYMBOL
    SYMBOL:  IDKEY_FLASH_EN
    MODULE:  .\operation.obj (OPERATION)

*** WARNING L1: UNRESOLVED EXTERNAL SYMBOL
    SYMBOL:  ID_CERTIFICATED_NUMBERS
    MODULE:  .\operation.obj (OPERATION)

*** WARNING L1: UNRESOLVED EXTERNAL SYMBOL
    SYMBOL:  HOST_STOLEN_ALARMING
    MODULE:  .\operation.obj (OPERATION)

*** WARNING L1: UNRESOLVED EXTERNAL SYMBOL
    SYMBOL:  ELECMOTOR_ACW
    MODULE:  .\operation.obj (OPERATION)

*** WARNING L1: UNRESOLVED EXTERNAL SYMBOL
    SYMBOL:  FLASHING_FLAG
    MODULE:  .\operation.obj (OPERATION)

*** WARNING L1: UNRESOLVED EXTERNAL SYMBOL
    SYMBOL:  AFTER_IDCERT_TIMECOUNT
    MODULE:  .\operation.obj (OPERATION)

*** WARNING L1: UNRESOLVED EXTERNAL SYMBOL
    SYMBOL:  ID_CERTIFICATED_FLAG
    MODULE:  .\operation.obj (OPERATION)

*** WARNING L1: UNRESOLVED EXTERNAL SYMBOL
    SYMBOL:  EN_HOST_STOLEN_ALARMING
    MODULE:  .\operation.obj (OPERATION)

*** WARNING L1: UNRESOLVED EXTERNAL SYMBOL
    SYMBOL:  AUTOLOCK_G
    MODULE:  .\operation.obj (OPERATION)

*** WARNING L1: UNRESOLVED EXTERNAL SYMBOL
    SYMBOL:  OPEN_ACTION_FLAG
    MODULE:  .\operation.obj (OPERATION)

*** WARNING L1: UNRESOLVED EXTERNAL SYMBOL
    SYMBOL:  STOLEN_ALARM_RESET_COUNT
    MODULE:  .\operation.obj (OPERATION)

*** WARNING L2: REFERENCE MADE TO UNRESOLVED EXTERNAL
    SYMBOL:  SILENCE_FLAG
    MODULE:  .\operation.obj (OPERATION)
    ADDRESS: 1539H

*** WARNING L2: REFERENCE MADE TO UNRESOLVED EXTERNAL
    SYMBOL:  LOAD_BATTERY_RESULT
    MODULE:  .\operation.obj (OPERATION)
    ADDRESS: 1546H

*** WARNING L2: REFERENCE MADE TO UNRESOLVED EXTERNAL
    SYMBOL:  ID_CERTIFICATED_NUMBERS
BL51 BANKED LINKER/LOCATER V6.22                                                      05/13/2016  09:47:49  PAGE 62


    MODULE:  .\operation.obj (OPERATION)
    ADDRESS: 155EH

*** WARNING L2: REFERENCE MADE TO UNRESOLVED EXTERNAL
    SYMBOL:  SILENCE_FLAG
    MODULE:  .\operation.obj (OPERATION)
    ADDRESS: 1561H

*** WARNING L2: REFERENCE MADE TO UNRESOLVED EXTERNAL
    SYMBOL:  SILENCE_FLAG
    MODULE:  .\operation.obj (OPERATION)
    ADDRESS: 1564H

*** WARNING L2: REFERENCE MADE TO UNRESOLVED EXTERNAL
    SYMBOL:  SLAVE_NEARBY_ACTIONED_FLAG
    MODULE:  .\operation.obj (OPERATION)
    ADDRESS: 133BH

*** WARNING L2: REFERENCE MADE TO UNRESOLVED EXTERNAL
    SYMBOL:  ID_SPEECHED_FLAG
    MODULE:  .\operation.obj (OPERATION)
    ADDRESS: 133DH

*** WARNING L2: REFERENCE MADE TO UNRESOLVED EXTERNAL
    SYMBOL:  AFTER_IDCERT_TIMECOUNT
    MODULE:  .\operation.obj (OPERATION)
    ADDRESS: 1340H

*** WARNING L2: REFERENCE MADE TO UNRESOLVED EXTERNAL
    SYMBOL:  ID_CERTIFICATED_FLAG
    MODULE:  .\operation.obj (OPERATION)
    ADDRESS: 1343H

*** WARNING L2: REFERENCE MADE TO UNRESOLVED EXTERNAL
    SYMBOL:  ID_CERTIFICATED_NUMBERS
    MODULE:  .\operation.obj (OPERATION)
    ADDRESS: 1345H

*** WARNING L2: REFERENCE MADE TO UNRESOLVED EXTERNAL
    SYMBOL:  SILENCE_FLAG
    MODULE:  .\operation.obj (OPERATION)
    ADDRESS: 1358H

*** WARNING L2: REFERENCE MADE TO UNRESOLVED EXTERNAL
    SYMBOL:  JUST_POWER_UP
    MODULE:  .\operation.obj (OPERATION)
    ADDRESS: 1360H

*** WARNING L2: REFERENCE MADE TO UNRESOLVED EXTERNAL
    SYMBOL:  LOAD_BATTERY_RESULT
    MODULE:  .\operation.obj (OPERATION)
    ADDRESS: 1363H

*** WARNING L2: REFERENCE MADE TO UNRESOLVED EXTERNAL
    SYMBOL:  EN_HOST_STOLEN_ALARMING
    MODULE:  .\operation.obj (OPERATION)
    ADDRESS: 1801H
BL51 BANKED LINKER/LOCATER V6.22                                                      05/13/2016  09:47:49  PAGE 63



*** WARNING L2: REFERENCE MADE TO UNRESOLVED EXTERNAL
    SYMBOL:  HOST_STOLEN_ALARMING
    MODULE:  .\operation.obj (OPERATION)
    ADDRESS: 1804H

*** WARNING L2: REFERENCE MADE TO UNRESOLVED EXTERNAL
    SYMBOL:  ID_CERTIFICATED_FLAG
    MODULE:  .\operation.obj (OPERATION)
    ADDRESS: 160DH

*** WARNING L2: REFERENCE MADE TO UNRESOLVED EXTERNAL
    SYMBOL:  AFTER_IDCERT_TIMECOUNT
    MODULE:  .\operation.obj (OPERATION)
    ADDRESS: 1610H

*** WARNING L2: REFERENCE MADE TO UNRESOLVED EXTERNAL
    SYMBOL:  ID_CERTIFICATED_FLAG
    MODULE:  .\operation.obj (OPERATION)
    ADDRESS: 161AH

*** WARNING L2: REFERENCE MADE TO UNRESOLVED EXTERNAL
    SYMBOL:  ID_CERTIFICATED_NUMBERS
    MODULE:  .\operation.obj (OPERATION)
    ADDRESS: 161EH

*** WARNING L2: REFERENCE MADE TO UNRESOLVED EXTERNAL
    SYMBOL:  OPEN_ACTION_FLAG
    MODULE:  .\operation.obj (OPERATION)
    ADDRESS: 1621H

*** WARNING L2: REFERENCE MADE TO UNRESOLVED EXTERNAL
    SYMBOL:  NEVER_ALARM
    MODULE:  .\operation.obj (OPERATION)
    ADDRESS: 1626H

*** WARNING L2: REFERENCE MADE TO UNRESOLVED EXTERNAL
    SYMBOL:  NEVER_ALARM
    MODULE:  .\operation.obj (OPERATION)
    ADDRESS: 162CH

*** WARNING L2: REFERENCE MADE TO UNRESOLVED EXTERNAL
    SYMBOL:  AUTOLOCK_G
    MODULE:  .\operation.obj (OPERATION)
    ADDRESS: 1695H

*** WARNING L2: REFERENCE MADE TO UNRESOLVED EXTERNAL
    SYMBOL:  NEVER_ALARM
    MODULE:  .\operation.obj (OPERATION)
    ADDRESS: 16A6H

*** WARNING L2: REFERENCE MADE TO UNRESOLVED EXTERNAL
    SYMBOL:  ID_SELFLEARNING_TIMECOUNT
    MODULE:  .\operation.obj (OPERATION)
    ADDRESS: 15EAH

*** WARNING L2: REFERENCE MADE TO UNRESOLVED EXTERNAL
BL51 BANKED LINKER/LOCATER V6.22                                                      05/13/2016  09:47:49  PAGE 64


    SYMBOL:  IDKEY_SELFLEARN_HVCOUNT
    MODULE:  .\operation.obj (OPERATION)
    ADDRESS: 15F8H

*** WARNING L2: REFERENCE MADE TO UNRESOLVED EXTERNAL
    SYMBOL:  IDKEY_SELFLEARN_LVCOUNT
    MODULE:  .\operation.obj (OPERATION)
    ADDRESS: 15FDH

*** WARNING L2: REFERENCE MADE TO UNRESOLVED EXTERNAL
    SYMBOL:  IDKEY_SELFLEARN_FLAG1
    MODULE:  .\operation.obj (OPERATION)
    ADDRESS: 1602H

*** WARNING L2: REFERENCE MADE TO UNRESOLVED EXTERNAL
    SYMBOL:  IDKEY_SELFLEARN_FLAG2
    MODULE:  .\operation.obj (OPERATION)
    ADDRESS: 1604H

*** WARNING L2: REFERENCE MADE TO UNRESOLVED EXTERNAL
    SYMBOL:  IDKEY_SELFLEARN_FLAG3
    MODULE:  .\operation.obj (OPERATION)
    ADDRESS: 1606H

*** WARNING L2: REFERENCE MADE TO UNRESOLVED EXTERNAL
    SYMBOL:  IDKEY_SELFLEARN_FLAG4
    MODULE:  .\operation.obj (OPERATION)
    ADDRESS: 1608H

*** WARNING L2: REFERENCE MADE TO UNRESOLVED EXTERNAL
    SYMBOL:  IDKEY_SELFLEARN_FLAG5
    MODULE:  .\operation.obj (OPERATION)
    ADDRESS: 160AH

*** WARNING L2: REFERENCE MADE TO UNRESOLVED EXTERNAL
    SYMBOL:  IDKEY_SPEECH_FLASH
    MODULE:  .\operation.obj (OPERATION)
    ADDRESS: 1A87H

*** WARNING L2: REFERENCE MADE TO UNRESOLVED EXTERNAL
    SYMBOL:  IDKEY_SPEECH_FLASH
    MODULE:  .\operation.obj (OPERATION)
    ADDRESS: 1A8AH

*** WARNING L2: REFERENCE MADE TO UNRESOLVED EXTERNAL
    SYMBOL:  WIRE_BROKEN_RESET
    MODULE:  .\operation.obj (OPERATION)
    ADDRESS: 18EBH

*** WARNING L2: REFERENCE MADE TO UNRESOLVED EXTERNAL
    SYMBOL:  WIRE_BROKEN_RESET
    MODULE:  .\operation.obj (OPERATION)
    ADDRESS: 18EEH

*** WARNING L2: REFERENCE MADE TO UNRESOLVED EXTERNAL
    SYMBOL:  EN_HOST_STOLEN_ALARMING
    MODULE:  .\operation.obj (OPERATION)
BL51 BANKED LINKER/LOCATER V6.22                                                      05/13/2016  09:47:49  PAGE 65


    ADDRESS: 18F4H

*** WARNING L2: REFERENCE MADE TO UNRESOLVED EXTERNAL
    SYMBOL:  HOST_STOLEN_ALARMING
    MODULE:  .\operation.obj (OPERATION)
    ADDRESS: 18F6H

*** WARNING L2: REFERENCE MADE TO UNRESOLVED EXTERNAL
    SYMBOL:  EN_HOST_STOLEN_ALARMING
    MODULE:  .\operation.obj (OPERATION)
    ADDRESS: 16ADH

*** WARNING L2: REFERENCE MADE TO UNRESOLVED EXTERNAL
    SYMBOL:  STOLEN_ALARM_RESET_COUNT
    MODULE:  .\operation.obj (OPERATION)
    ADDRESS: 16B0H

*** WARNING L2: REFERENCE MADE TO UNRESOLVED EXTERNAL
    SYMBOL:  EN_HOST_STOLEN_ALARMING
    MODULE:  .\operation.obj (OPERATION)
    ADDRESS: 16BEH

*** WARNING L2: REFERENCE MADE TO UNRESOLVED EXTERNAL
    SYMBOL:  HOST_STOLEN_ALARMING
    MODULE:  .\operation.obj (OPERATION)
    ADDRESS: 16C0H

*** WARNING L2: REFERENCE MADE TO UNRESOLVED EXTERNAL
    SYMBOL:  STOLEN_ALARM_RESET_COUNT
    MODULE:  .\operation.obj (OPERATION)
    ADDRESS: 16C4H

*** WARNING L2: REFERENCE MADE TO UNRESOLVED EXTERNAL
    SYMBOL:  JUST_POWER_UP
    MODULE:  .\operation.obj (OPERATION)
    ADDRESS: 1635H

*** WARNING L2: REFERENCE MADE TO UNRESOLVED EXTERNAL
    SYMBOL:  SLAVE_NEARBY_COUNT
    MODULE:  .\operation.obj (OPERATION)
    ADDRESS: 1638H

*** WARNING L2: REFERENCE MADE TO UNRESOLVED EXTERNAL
    SYMBOL:  SLAVE_NEARBY_ACTIONED_FLAG
    MODULE:  .\operation.obj (OPERATION)
    ADDRESS: 1645H

*** WARNING L2: REFERENCE MADE TO UNRESOLVED EXTERNAL
    SYMBOL:  ID_CERTIFICATED_FLAG
    MODULE:  .\operation.obj (OPERATION)
    ADDRESS: 1647H

*** WARNING L2: REFERENCE MADE TO UNRESOLVED EXTERNAL
    SYMBOL:  NEVER_ALARM
    MODULE:  .\operation.obj (OPERATION)
    ADDRESS: 1649H

BL51 BANKED LINKER/LOCATER V6.22                                                      05/13/2016  09:47:49  PAGE 66


*** WARNING L2: REFERENCE MADE TO UNRESOLVED EXTERNAL
    SYMBOL:  OPEN_ACTION_FLAG
    MODULE:  .\operation.obj (OPERATION)
    ADDRESS: 0CDAH

*** WARNING L2: REFERENCE MADE TO UNRESOLVED EXTERNAL
    SYMBOL:  IDKEY_FLASH_EN
    MODULE:  .\operation.obj (OPERATION)
    ADDRESS: 0CE1H

*** WARNING L2: REFERENCE MADE TO UNRESOLVED EXTERNAL
    SYMBOL:  IDKEY_FLASH_EN
    MODULE:  .\operation.obj (OPERATION)
    ADDRESS: 0CE4H

*** WARNING L2: REFERENCE MADE TO UNRESOLVED EXTERNAL
    SYMBOL:  FLASHING_FLAG
    MODULE:  .\operation.obj (OPERATION)
    ADDRESS: 0CE6H

*** WARNING L2: REFERENCE MADE TO UNRESOLVED EXTERNAL
    SYMBOL:  OPEN_ACTION_FLAG
    MODULE:  .\operation.obj (OPERATION)
    ADDRESS: 1478H

*** WARNING L2: REFERENCE MADE TO UNRESOLVED EXTERNAL
    SYMBOL:  ID_CERTIFICATED_FLAG
    MODULE:  .\operation.obj (OPERATION)
    ADDRESS: 147DH

*** WARNING L2: REFERENCE MADE TO UNRESOLVED EXTERNAL
    SYMBOL:  OPEN_ACTION_FLAG
    MODULE:  .\operation.obj (OPERATION)
    ADDRESS: 1483H

*** WARNING L2: REFERENCE MADE TO UNRESOLVED EXTERNAL
    SYMBOL:  ID_SPEECHED_FLAG
    MODULE:  .\operation.obj (OPERATION)
    ADDRESS: 1488H

*** WARNING L2: REFERENCE MADE TO UNRESOLVED EXTERNAL
    SYMBOL:  AFTER_IDCERT_TIMECOUNT
    MODULE:  .\operation.obj (OPERATION)
    ADDRESS: 148BH

*** WARNING L2: REFERENCE MADE TO UNRESOLVED EXTERNAL
    SYMBOL:  ID_CERTIFICATED_FLAG
    MODULE:  .\operation.obj (OPERATION)
    ADDRESS: 148EH

*** WARNING L2: REFERENCE MADE TO UNRESOLVED EXTERNAL
    SYMBOL:  ID_CERTIFICATED_NUMBERS
    MODULE:  .\operation.obj (OPERATION)
    ADDRESS: 1490H

*** WARNING L2: REFERENCE MADE TO UNRESOLVED EXTERNAL
    SYMBOL:  SLAVE_NEARBY_ACTIONED_FLAG
BL51 BANKED LINKER/LOCATER V6.22                                                      05/13/2016  09:47:49  PAGE 67


    MODULE:  .\operation.obj (OPERATION)
    ADDRESS: 1493H

*** WARNING L2: REFERENCE MADE TO UNRESOLVED EXTERNAL
    SYMBOL:  ELECMOTOR_CW
    MODULE:  .\operation.obj (OPERATION)
    ADDRESS: 1495H

*** WARNING L2: REFERENCE MADE TO UNRESOLVED EXTERNAL
    SYMBOL:  JUST_POWER_UP
    MODULE:  .\operation.obj (OPERATION)
    ADDRESS: 149BH

*** WARNING L2: REFERENCE MADE TO UNRESOLVED EXTERNAL
    SYMBOL:  AUTOLOCK_G
    MODULE:  .\operation.obj (OPERATION)
    ADDRESS: 149DH

*** WARNING L2: REFERENCE MADE TO UNRESOLVED EXTERNAL
    SYMBOL:  TIMER0_COUNT2
    MODULE:  .\operation.obj (OPERATION)
    ADDRESS: 14A0H

*** WARNING L2: REFERENCE MADE TO UNRESOLVED EXTERNAL
    SYMBOL:  SLAVE_NEARBY_ACTIONED_FLAG
    MODULE:  .\operation.obj (OPERATION)
    ADDRESS: 0F56H

*** WARNING L2: REFERENCE MADE TO UNRESOLVED EXTERNAL
    SYMBOL:  AUTOLOCK_G
    MODULE:  .\operation.obj (OPERATION)
    ADDRESS: 0F59H

*** WARNING L2: REFERENCE MADE TO UNRESOLVED EXTERNAL
    SYMBOL:  OPEN_ACTION_FLAG
    MODULE:  .\operation.obj (OPERATION)
    ADDRESS: 0F5CH

*** WARNING L2: REFERENCE MADE TO UNRESOLVED EXTERNAL
    SYMBOL:  SLAVE_NEARBY_ACTIONED_FLAG
    MODULE:  .\operation.obj (OPERATION)
    ADDRESS: 0F82H

*** WARNING L2: REFERENCE MADE TO UNRESOLVED EXTERNAL
    SYMBOL:  AUTOLOCK_G
    MODULE:  .\operation.obj (OPERATION)
    ADDRESS: 0F85H

*** WARNING L2: REFERENCE MADE TO UNRESOLVED EXTERNAL
    SYMBOL:  ELECMOTOR_ACW
    MODULE:  .\operation.obj (OPERATION)
    ADDRESS: 0F88H

*** WARNING L2: REFERENCE MADE TO UNRESOLVED EXTERNAL
    SYMBOL:  OPEN_ACTION_FLAG
    MODULE:  .\operation.obj (OPERATION)
    ADDRESS: 0F8CH
BL51 BANKED LINKER/LOCATER V6.22                                                      05/13/2016  09:47:49  PAGE 68



*** WARNING L2: REFERENCE MADE TO UNRESOLVED EXTERNAL
    SYMBOL:  IDKEY_SPEECH_FLASH
    MODULE:  .\operation.obj (OPERATION)
    ADDRESS: 0F92H

*** WARNING L2: REFERENCE MADE TO UNRESOLVED EXTERNAL
    SYMBOL:  ID_SPEECHED_FLAG
    MODULE:  .\operation.obj (OPERATION)
    ADDRESS: 0F94H

*** WARNING L2: REFERENCE MADE TO UNRESOLVED EXTERNAL
    SYMBOL:  TIMER0_COUNT2
    MODULE:  .\operation.obj (OPERATION)
    ADDRESS: 0F97H

*** WARNING L2: REFERENCE MADE TO UNRESOLVED EXTERNAL
    SYMBOL:  TIMER0_COUNT2
    MODULE:  .\operation.obj (OPERATION)
    ADDRESS: 0D17H

*** WARNING L2: REFERENCE MADE TO UNRESOLVED EXTERNAL
    SYMBOL:  TIMER0_COUNT2
    MODULE:  .\operation.obj (OPERATION)
    ADDRESS: 14B1H

*** WARNING L1: UNRESOLVED EXTERNAL SYMBOL
    SYMBOL:  HOST_STOLEN_ALARMING
    MODULE:  .\Other.obj (OTHER)

*** WARNING L1: UNRESOLVED EXTERNAL SYMBOL
    SYMBOL:  EN_HOST_STOLEN_ALARMING
    MODULE:  .\Other.obj (OTHER)

*** WARNING L2: REFERENCE MADE TO UNRESOLVED EXTERNAL
    SYMBOL:  HOST_STOLEN_ALARMING
    MODULE:  .\Other.obj (OTHER)
    ADDRESS: 1199H

*** WARNING L2: REFERENCE MADE TO UNRESOLVED EXTERNAL
    SYMBOL:  EN_HOST_STOLEN_ALARMING
    MODULE:  .\Other.obj (OTHER)
    ADDRESS: 119DH

*** WARNING L1: UNRESOLVED EXTERNAL SYMBOL
    SYMBOL:  LOAD_BATTERY_RESULT
    MODULE:  .\voice.obj (VOICE)

*** WARNING L1: UNRESOLVED EXTERNAL SYMBOL
    SYMBOL:  FLASHING_FLAG
    MODULE:  .\voice.obj (VOICE)

*** WARNING L1: UNRESOLVED EXTERNAL SYMBOL
    SYMBOL:  EN_HOST_STOLEN_ALARMING
    MODULE:  .\voice.obj (VOICE)

*** WARNING L1: UNRESOLVED EXTERNAL SYMBOL
BL51 BANKED LINKER/LOCATER V6.22                                                      05/13/2016  09:47:49  PAGE 69


    SYMBOL:  CHECK_MOTOBATTERY_FLAG
    MODULE:  .\voice.obj (VOICE)

*** WARNING L1: UNRESOLVED EXTERNAL SYMBOL
    SYMBOL:  NEVER_ALARM_SPEECH
    MODULE:  .\voice.obj (VOICE)

*** WARNING L1: UNRESOLVED EXTERNAL SYMBOL
    SYMBOL:  CHECK_MOTOBATTERY_COUNT
    MODULE:  .\voice.obj (VOICE)

*** WARNING L2: REFERENCE MADE TO UNRESOLVED EXTERNAL
    SYMBOL:  FLASHING_FLAG
    MODULE:  .\voice.obj (VOICE)
    ADDRESS: 18E8H

*** WARNING L2: REFERENCE MADE TO UNRESOLVED EXTERNAL
    SYMBOL:  CHECK_MOTOBATTERY_COUNT
    MODULE:  .\voice.obj (VOICE)
    ADDRESS: 1443H

*** WARNING L2: REFERENCE MADE TO UNRESOLVED EXTERNAL
    SYMBOL:  CHECK_MOTOBATTERY_FLAG
    MODULE:  .\voice.obj (VOICE)
    ADDRESS: 1450H

*** WARNING L2: REFERENCE MADE TO UNRESOLVED EXTERNAL
    SYMBOL:  EN_HOST_STOLEN_ALARMING
    MODULE:  .\voice.obj (VOICE)
    ADDRESS: 1453H

*** WARNING L2: REFERENCE MADE TO UNRESOLVED EXTERNAL
    SYMBOL:  LOAD_BATTERY_RESULT
    MODULE:  .\voice.obj (VOICE)
    ADDRESS: 1466H

*** WARNING L2: REFERENCE MADE TO UNRESOLVED EXTERNAL
    SYMBOL:  CHECK_MOTOBATTERY_FLAG
    MODULE:  .\voice.obj (VOICE)
    ADDRESS: 1472H

*** WARNING L2: REFERENCE MADE TO UNRESOLVED EXTERNAL
    SYMBOL:  NEVER_ALARM_SPEECH
    MODULE:  .\voice.obj (VOICE)
    ADDRESS: 1A90H

*** WARNING L2: REFERENCE MADE TO UNRESOLVED EXTERNAL
    SYMBOL:  NEVER_ALARM_SPEECH
    MODULE:  .\voice.obj (VOICE)
    ADDRESS: 1A93H

Program Size: data=55.0 xdata=161 code=6853
LINK/LOCATE RUN COMPLETE.  180 WARNING(S),  0 ERROR(S)
