BL51 BANKED LINKER/LOCATER V6.22                                                        07/31/2015  14:02:49  PAGE 1


BL51 BANKED LINKER/LOCATER V6.22, INVOKED BY:
D:\PROGRAM FILES (X86)\KEIL_V5\C51\BIN\BL51.EXE .\AD.obj, .\Battery.obj, .\communication.obj, .\Delay.obj, .\operation.o
>> bj, .\Other.obj, .\pwm.obj, .\Timer.obj, .\UART.obj, .\voice.obj, .\ISP_DataFlash.obj, .\Schedular.obj, main.obj TO D
>> DC-F RAMSIZE (256)


MEMORY MODEL: COMPACT


INPUT MODULES INCLUDED:
  .\AD.obj (AD)
  .\Battery.obj (BATTERY)
  .\communication.obj (COMMUNICATION)
  .\Delay.obj (DELAY)
  .\operation.obj (OPERATION)
  .\Other.obj (OTHER)
  .\pwm.obj (PWM)
  .\Timer.obj (TIMER)
  .\UART.obj (UART)
  .\voice.obj (VOICE)
  .\ISP_DataFlash.obj (ISP_DATAFLASH)
  .\Schedular.obj (SCHEDULAR)
  main.obj (MAIN)
  D:\PROGRAM FILES (X86)\KEIL_V5\C51\LIB\C51C.LIB (?C_STARTUP)
  D:\PROGRAM FILES (X86)\KEIL_V5\C51\LIB\C51C.LIB (?C?CLDPTR)
  D:\PROGRAM FILES (X86)\KEIL_V5\C51\LIB\C51C.LIB (?C?LMUL)
  D:\PROGRAM FILES (X86)\KEIL_V5\C51\LIB\C51C.LIB (?C?ULDIV)
  D:\PROGRAM FILES (X86)\KEIL_V5\C51\LIB\C51C.LIB (?C?LNEG)
  D:\PROGRAM FILES (X86)\KEIL_V5\C51\LIB\C51C.LIB (?C?ICALL)
  D:\PROGRAM FILES (X86)\KEIL_V5\C51\LIB\C51C.LIB (?C?LIMUL)
  D:\PROGRAM FILES (X86)\KEIL_V5\C51\LIB\C51C.LIB (?C_INIT)


LINK MAP OF MODULE:  DDC-F (AD)


            TYPE    BASE      LENGTH    RELOCATION   SEGMENT NAME
            -----------------------------------------------------

            * * * * * * *   D A T A   M E M O R Y   * * * * * * *
            REG     0000H     0008H     ABSOLUTE     "REG BANK 0"
                    0008H     0018H                  *** GAP ***
            BIT     0020H.0   0005H.1   UNIT         ?BI?MAIN
            BIT     0025H.1   0000H.2   UNIT         ?BI?OPERATION
            BIT     0025H.3   0000H.2   UNIT         _BIT_GROUP_
            BIT     0025H.5   0000H.1   UNIT         ?BI?_HSCH_ADD_TASK?SCHEDULAR
                    0025H.6   0000H.2                *** GAP ***
            DATA    0026H     0028H     UNIT         ?DT?SCHEDULAR
            IDATA   004EH     0001H     UNIT         ?STACK

            * * * * * * *  X D A T A   M E M O R Y  * * * * * * *
            XDATA   0000H     0002H     INPAGE       ?PD?_VERIFYBATTERY?BATTERY
            XDATA   0002H     0002H     INPAGE       ?PD?BATTERY
            XDATA   0004H     0003H     INPAGE       ?PD?INITSIGNAL?COMMUNICATION
            XDATA   0007H     0003H     INPAGE       ?PD?_SEND_DATA?COMMUNICATION
            XDATA   000AH     0003H     INPAGE       ?PD?_COMMODE_DATA?COMMUNICATION
            XDATA   000DH     0003H     INPAGE       ?PD?_COMMODE_DATA_WX?COMMUNICATION
            XDATA   0010H     0002H     INPAGE       ?PD?_UART_SEND_DATA?COMMUNICATION
BL51 BANKED LINKER/LOCATER V6.22                                                      07/31/2015  14:02:49  PAGE 2


            XDATA   0012H     0004H     INPAGE       ?PD?_SEND_CODE_TO_LOCK?COMMUNICATION
            XDATA   0016H     0004H     INPAGE       ?PD?_SEND_CODE_TO_LOCK_TAILI?COMMUNICATION
            XDATA   001AH     0007H     INPAGE       ?PD?COMMUNICATION
            XDATA   0021H     0002H     INPAGE       ?PD?_MAGNET_DELAY?DELAY
            XDATA   0023H     0002H     INPAGE       ?PD?DELAY
            XDATA   0025H     0005H     INPAGE       ?PD?OPERATION
            XDATA   002AH     0004H     INPAGE       ?PD?_MAGNET_CW?OTHER
            XDATA   002EH     0004H     INPAGE       ?PD?_MAGNET_CW_TAILI?OTHER
            XDATA   0032H     0002H     INPAGE       ?PD?PWM
            XDATA   0034H     0002H     INPAGE       ?PD?_INITTIMER?TIMER
            XDATA   0036H     0004H     INPAGE       ?PD?TIMER
            XDATA   003AH     0001H     INPAGE       ?PD?VOICE
            XDATA   003BH     0003H     INPAGE       ?PD?_FLASH_READ_DATA?ISP_DATAFLASH
            XDATA   003EH     0001H     INPAGE       ?PD?HSCH_DISPATCH_TASKS?SCHEDULAR
            XDATA   003FH     0002H     INPAGE       ?PD?_HSCH_ADD_TASK?SCHEDULAR
            XDATA   0041H     0001H     INPAGE       ?PD?HSCH_UPDATE?SCHEDULAR
            XDATA   0042H     0004H     INPAGE       ?PD?SCHEDULAR
            XDATA   0046H     0047H     INPAGE       ?PD?MAIN
            XDATA   008DH     000BH     INPAGE       _PDATA_GROUP_

            * * * * * * *   C O D E   M E M O R Y   * * * * * * *
            CODE    0000H     0003H     ABSOLUTE     
            CODE    0003H     0008H     INBLOCK      ?PR?MOTO_VIBRATION?OTHER
            CODE    000BH     0003H     ABSOLUTE     
            CODE    000EH     0015H     INBLOCK      ?PR?_FLASH_PAGE_ERASE?ISP_DATAFLASH
            CODE    0023H     0003H     ABSOLUTE     
            CODE    0026H     0014H     INBLOCK      ?PR?DISABLE_ISP?ISP_DATAFLASH
            CODE    003AH     0001H     INBLOCK      ?PR?KEY_ROTATE_ON_SPEECH?VOICE
            CODE    003BH     0003H     ABSOLUTE     
            CODE    003EH     022CH     INBLOCK      ?PR?TIMER0?MAIN
            CODE    026AH     01AAH     INBLOCK      ?PR?_VERIFYBATTERY?BATTERY
            CODE    0414H     0177H     UNIT         ?C?LIB_CODE
            CODE    058BH     0170H     INBLOCK      ?PR?UART_ISR?MAIN
            CODE    06FBH     0120H     UNIT         ?C_INITSEG
            CODE    081BH     00C2H     INBLOCK      ?PR?HSCH_UPDATE?SCHEDULAR
            CODE    08DDH     008CH     UNIT         ?C_C51STARTUP
            CODE    0969H     007DH     INBLOCK      ?PR?_HSCH_ADD_TASK?SCHEDULAR
            CODE    09E6H     0078H     INBLOCK      ?PR?_GETADCRESULT?AD
            CODE    0A5EH     0075H     INBLOCK      ?PR?_INITTIMER?TIMER
            CODE    0AD3H     0073H     INBLOCK      ?PR?_SEND_CODE_TO_LOCK?COMMUNICATION
            CODE    0B46H     0073H     INBLOCK      ?PR?_SEND_CODE_TO_LOCK_TAILI?COMMUNICATION
            CODE    0BB9H     0071H     INBLOCK      ?PR?HSCH_DISPATCH_TASKS?SCHEDULAR
            CODE    0C2AH     006EH     INBLOCK      ?PR?MAIN?MAIN
            CODE    0C98H     006AH     INBLOCK      ?PR?RECEIVE_BYTE?COMMUNICATION
            CODE    0D02H     006AH     INBLOCK      ?PR?RECEIVE_BYTE_LOCK?COMMUNICATION
            CODE    0D6CH     0062H     INBLOCK      ?PR?_PWM_CHANNEL?PWM
            CODE    0DCEH     0060H     INBLOCK      ?PR?_SEND_DATA?COMMUNICATION
            CODE    0E2EH     0058H     INBLOCK      ?PR?DETECT_SELFLEARN_ACTION?OPERATION
            CODE    0E86H     0057H     INBLOCK      ?PR?_UART_SEND_DATA?COMMUNICATION
            CODE    0EDDH     004CH     INBLOCK      ?PR?_INITT0?TIMER
            CODE    0F29H     004BH     INBLOCK      ?PR?_HSCH_DELETE_TASK?SCHEDULAR
            CODE    0F74H     0048H     INBLOCK      ?PR?INITSIGNAL?COMMUNICATION
            CODE    0FBCH     0043H     INBLOCK      ?PR?UART_SEND_DATA_MATCH?COMMUNICATION
            CODE    0FFFH     0001H     INBLOCK      ?PR?HSCH_REPORT_STATUS?SCHEDULAR
            CODE    1000H     0048H     INBLOCK      ?PR?INITSIGNAL_F?COMMUNICATION
            CODE    1048H     0048H     INBLOCK      ?PR?DETECT_CLOSE_ACTION?OPERATION
            CODE    1090H     0047H     INBLOCK      ?PR?DISABLE_SENSOR?OTHER
BL51 BANKED LINKER/LOCATER V6.22                                                      07/31/2015  14:02:49  PAGE 3


            CODE    10D7H     0045H     INBLOCK      ?PR?_UART_SEND_DATA_F?COMMUNICATION
            CODE    111CH     0043H     INBLOCK      ?PR?SELF_LEARN_PROGRAMMING?ISP_DATAFLASH
            CODE    115FH     0043H     INBLOCK      ?PR?SELF_LEARN_PROGRAMMING_F?ISP_DATAFLASH
            CODE    11A2H     0041H     INBLOCK      ?PR?RECEIVE_WORD?COMMUNICATION
            CODE    11E3H     003FH     INBLOCK      ?PR?_CUSTOM_DELAY?DELAY
            CODE    1222H     003EH     INBLOCK      ?PR?_MAGNET_DELAY?DELAY
            CODE    1260H     0036H     INBLOCK      ?PR?_INITUART?UART
            CODE    1296H     0036H     INBLOCK      ?PR?_SC_SPEECH?VOICE
            CODE    12CCH     0034H     INBLOCK      ?PR?_COMMODE_DATA_WX?COMMUNICATION
            CODE    1300H     0032H     INBLOCK      ?PR?_COMMODE_DATA?COMMUNICATION
            CODE    1332H     0032H     INBLOCK      ?PR?ACCUMULATOR_VOICE_PROMOT?VOICE
            CODE    1364H     0031H     INBLOCK      ?PR?_MAGNET_CW?OTHER
            CODE    1395H     0031H     INBLOCK      ?PR?_MAGNET_CW_TAILI?OTHER
            CODE    13C6H     002FH     INBLOCK      ?PR?DETECT_VIBRATION?OPERATION
            CODE    13F5H     002EH     INBLOCK      ?PR?SLAVE_AWAY_OPERATION?OPERATION
            CODE    1423H     002EH     INBLOCK      ?PR?_FLASH_WRITE_DATA?ISP_DATAFLASH
            CODE    1451H     002CH     INBLOCK      ?PR?DETECT_WHEEL_MOVING?OPERATION
            CODE    147DH     002BH     INBLOCK      ?PR?_SENDNBYTE?UART
            CODE    14A8H     0029H     INBLOCK      ?PR?DETECT_OPEN_ACTION?OPERATION
            CODE    14D1H     0026H     INBLOCK      ?PR?SELFLEARN_RESET?OPERATION
            CODE    14F7H     0024H     INBLOCK      ?PR?SLAVE_NEARBY_OPERATION?OPERATION
            CODE    151BH     0023H     INBLOCK      ?PR?KBI_ISR?MAIN
            CODE    153EH     0022H     INBLOCK      ?PR?ENSENSOR_AFTERIDCERT?OPERATION
            CODE    1560H     0021H     INBLOCK      ?PR?ENSENSOR_AFTER_SLAVE_AWAY?OPERATION
            CODE    1581H     0020H     INBLOCK      ?PR?_DELAY_MS?DELAY
            CODE    15A1H     001EH     INBLOCK      ?PR?RESET_AFTER_STOLEN_ALARMING?OPERATION
            CODE    15BFH     001EH     INBLOCK      ?PR?_FLASH_READ_DATA?ISP_DATAFLASH
            CODE    15DDH     001BH     INBLOCK      ?PR?ENSENSOR_AFTER_CLOSE?OPERATION
            CODE    15F8H     001BH     INBLOCK      ?PR?INITVOICE?VOICE
            CODE    1613H     001AH     INBLOCK      ?PR?DELAY_1MS?DELAY
            CODE    162DH     001AH     INBLOCK      ?PR?DELAY_5MS?DELAY
            CODE    1647H     001AH     INBLOCK      ?PR?DELAY_10MS?DELAY
            CODE    1661H     001AH     INBLOCK      ?PR?DELAY_12MS?DELAY
            CODE    167BH     001AH     INBLOCK      ?PR?DELAY_50MS?DELAY
            CODE    1695H     001AH     INBLOCK      ?PR?DELAY_100MS?DELAY
            CODE    16AFH     001AH     INBLOCK      ?PR?DELAY_500MS?DELAY
            CODE    16C9H     001AH     INBLOCK      ?PR?TRIGGER_ISP?ISP_DATAFLASH
            CODE    16E3H     0019H     INBLOCK      ?PR?_DELAY_US?DELAY
            CODE    16FCH     0018H     INBLOCK      ?PR?HOST_STOLEN_ACTION?OPERATION
            CODE    1714H     0018H     INBLOCK      ?PR?INIT_PWM?PWM
            CODE    172CH     0017H     INBLOCK      ?PR?_DELAY?DELAY
            CODE    1743H     0016H     INBLOCK      ?PR?FELL_ALARM_TO_SLAVE?OPERATION
            CODE    1759H     0016H     INBLOCK      ?PR?RAISE_ALARM_TO_SLAVE?OPERATION
            CODE    176FH     0016H     INBLOCK      ?PR?BATSTOLEN_ALARM_TO_SLAVE?OPERATION
            CODE    1785H     0013H     INBLOCK      ?PR?HOST_TOUCH_SPEECH?VOICE
            CODE    1798H     0013H     INBLOCK      ?PR?STOLEN_ALARM_SPEECH2?VOICE
            CODE    17ABH     0013H     INBLOCK      ?PR?ENABLE_ISP?ISP_DATAFLASH
            CODE    17BEH     0011H     INBLOCK      ?PR?SELF_LEARN_SPEECH?VOICE
            CODE    17CFH     0010H     INBLOCK      ?PR?RESET_AFTER_WIREBROKEN?OPERATION
            CODE    17DFH     000FH     INBLOCK      ?PR?HSCH_MANUAL_TIMER0_RELOAD?TIMER
            CODE    17EEH     000FH     INBLOCK      ?PR?MOTORBAT_LOW_SPEECH?VOICE
            CODE    17FDH     0003H     INBLOCK      ?PR?HSCH_START?TIMER
            CODE    1800H     000FH     INBLOCK      ?PR?BATTERY_HINT?VOICE
            CODE    180FH     000FH     INBLOCK      ?PR?ID_SPEECH?VOICE
            CODE    181EH     000FH     INBLOCK      ?PR?HOST_2NDTOUCH_SPEECH?VOICE
            CODE    182DH     000FH     INBLOCK      ?PR?STOLEN_ALARM_SPEECH1?VOICE
            CODE    183CH     000FH     INBLOCK      ?PR?OPEN_LOCK_SPEECH?VOICE
BL51 BANKED LINKER/LOCATER V6.22                                                      07/31/2015  14:02:49  PAGE 4


            CODE    184BH     000FH     INBLOCK      ?PR?CLOSE_LOCK_SPEECH?VOICE
            CODE    185AH     000FH     INBLOCK      ?PR?BATTERY_STOLEN_SPEECH?VOICE
            CODE    1869H     000FH     INBLOCK      ?PR?CUTTING_WIRE_VOICE?VOICE
            CODE    1878H     000FH     INBLOCK      ?PR?PRODUCT_TEST_VOICE?VOICE
            CODE    1887H     000FH     INBLOCK      ?PR?BATTERY_LOW_ALARM_SPEECH?VOICE
            CODE    1896H     000FH     INBLOCK      ?PR?BATTERY_HIGH_ALARM_SPEECH?VOICE
            CODE    18A5H     000FH     INBLOCK      ?PR?ALARM_STOLEN_SPEECH?VOICE
            CODE    18B4H     000FH     INBLOCK      ?PR?ALARM_RAISED_SPEECH?VOICE
            CODE    18C3H     000FH     INBLOCK      ?PR?ALARM_FELL_SPEECH?VOICE
            CODE    18D2H     000FH     INBLOCK      ?PR?HOST_BATTERY_HIGH_ALARM_SPEECH?VOICE
            CODE    18E1H     000FH     INBLOCK      ?PR?BATTERY_STOLEN_SPEECH_F3?VOICE
            CODE    18F0H     000FH     INBLOCK      ?PR?WIRE_BROKEN_SPEECH?VOICE
            CODE    18FFH     000FH     INBLOCK      ?PR?LOCK_ROTATED_ON_SPEECH?VOICE
            CODE    190EH     000FH     INBLOCK      ?PR?LOCK_ROTATED_OFF_SPEECH?VOICE
            CODE    191DH     000EH     INBLOCK      ?PR?_MAGNET_ACW?OTHER
            CODE    192BH     000EH     INBLOCK      ?PR?_MAGNET_ACW_TAILI?OTHER
            CODE    1939H     000DH     INBLOCK      ?PR?CHECK_MOTOR_ACCUMULATOR?BATTERY
            CODE    1946H     000CH     INBLOCK      ?PR?OPEN_TRANCEIVER?COMMUNICATION
            CODE    1952H     000CH     INBLOCK      ?PR?ENABLE_SENSOR?OTHER
            CODE    195EH     000BH     INBLOCK      ?PR?CLOSE_TRANCEIVER?COMMUNICATION
            CODE    1969H     000BH     INBLOCK      ?PR?INITSENSOR?OPERATION
            CODE    1974H     0009H     INBLOCK      ?PR?INITTRANSCEIVER?COMMUNICATION
            CODE    197DH     0009H     INBLOCK      ?PR?DISABLE_SENSOR_AFTER_IDCERT?OPERATION
            CODE    1986H     0009H     INBLOCK      ?PR?ENTER_NOGUARD_VOICE?VOICE
            CODE    198FH     0008H     INBLOCK      ?PR?MYPWM?PWM
            CODE    1997H     0008H     INBLOCK      ?PR?_SENDDATA?UART
            CODE    199FH     0004H     INBLOCK      ?PR?SEOS_GO_TO_SLEEP?TIMER
            CODE    19A3H     0004H     INBLOCK      ?PR?HSCH_GO_TO_SLEEP?SCHEDULAR
            CODE    19A7H     0003H     INBLOCK      ?PR?IDCERTED_SPEECH?VOICE
                    19AAH     1656H                  *** GAP ***
            CODE    3000H     0001H     ABSOLUTE     
            CODE    3001H     0001H     ABSOLUTE     
            CODE    3002H     0001H     ABSOLUTE     
            CODE    3003H     0001H     ABSOLUTE     
            CODE    3004H     0001H     ABSOLUTE     
            CODE    3005H     0001H     ABSOLUTE     



OVERLAY MAP OF MODULE:   DDC-F (AD)


SEGMENT                                             BIT_GROUP          PDATA_GROUP
  +--> CALLED SEGMENT                            START    LENGTH     START    LENGTH
------------------------------------------------------------------------------------
?PR?TIMER0?MAIN                                  -----    -----      -----    -----
  +--> ?PR?CHECK_MOTOR_ACCUMULATOR?BATTERY
  +--> ?PR?BATTERY_LOW_ALARM_SPEECH?VOICE
  +--> ?PR?_UART_SEND_DATA_F?COMMUNICATION
  +--> ?PR?MOTO_VIBRATION?OTHER
  +--> ?PR?SELF_LEARN_PROGRAMMING_F?ISP_DATA...
  +--> ?PR?_DELAY?DELAY

?PR?CHECK_MOTOR_ACCUMULATOR?BATTERY              -----    -----      -----    -----
  +--> ?PR?_GETADCRESULT?AD

?PR?BATTERY_LOW_ALARM_SPEECH?VOICE               -----    -----      -----    -----
BL51 BANKED LINKER/LOCATER V6.22                                                      07/31/2015  14:02:49  PAGE 5


  +--> ?PR?_SC_SPEECH?VOICE
  +--> ?PR?_DELAY?DELAY

?PR?_SC_SPEECH?VOICE                             -----    -----      0096H    0002H
  +--> ?PR?DELAY_50MS?DELAY
  +--> ?PR?_DELAY_US?DELAY

?PR?_UART_SEND_DATA_F?COMMUNICATION              -----    -----      008DH    0002H
  +--> ?PR?OPEN_TRANCEIVER?COMMUNICATION
  +--> ?PR?INITSIGNAL_F?COMMUNICATION
  +--> ?PR?_SENDNBYTE?UART
  +--> ?PR?CLOSE_TRANCEIVER?COMMUNICATION

?PR?OPEN_TRANCEIVER?COMMUNICATION                -----    -----      -----    -----
  +--> ?PR?_INITUART?UART

?PR?_INITUART?UART                               -----    -----      -----    -----
  +--> ?PR?_INITT0?TIMER

?PR?_INITT0?TIMER                                -----    -----      0096H    0002H
  +--> ?PR?_HSCH_DELETE_TASK?SCHEDULAR
  +--> ?PR?HSCH_MANUAL_TIMER0_RELOAD?TIMER

?PR?_HSCH_DELETE_TASK?SCHEDULAR                  0025H.4  0000H.1    -----    -----

?PR?INITSIGNAL_F?COMMUNICATION                   -----    -----      008FH    0003H
  +--> ?PR?_CUSTOM_DELAY?DELAY

?PR?_CUSTOM_DELAY?DELAY                          -----    -----      0092H    0004H

?PR?_SENDNBYTE?UART                              -----    -----      008FH    0003H
  +--> ?PR?_SENDDATA?UART

?PR?CLOSE_TRANCEIVER?COMMUNICATION               -----    -----      -----    -----
  +--> ?PR?_INITUART?UART

?PR?MOTO_VIBRATION?OTHER                         -----    -----      -----    -----
  +--> ?PR?DELAY_500MS?DELAY

?PR?SELF_LEARN_PROGRAMMING_F?ISP_DATA...         -----    -----      -----    -----
  +--> ?PR?_FLASH_PAGE_ERASE?ISP_DATAFLASH
  +--> ?PR?_FLASH_WRITE_DATA?ISP_DATAFLASH

?PR?_FLASH_PAGE_ERASE?ISP_DATAFLASH              -----    -----      008DH    0002H
  +--> ?PR?ENABLE_ISP?ISP_DATAFLASH
  +--> ?PR?TRIGGER_ISP?ISP_DATAFLASH
  +--> ?PR?DISABLE_ISP?ISP_DATAFLASH

?PR?ENABLE_ISP?ISP_DATAFLASH                     -----    -----      -----    -----
  +--> ?PR?TRIGGER_ISP?ISP_DATAFLASH

?PR?DISABLE_ISP?ISP_DATAFLASH                    -----    -----      -----    -----
  +--> ?PR?TRIGGER_ISP?ISP_DATAFLASH

?PR?_FLASH_WRITE_DATA?ISP_DATAFLASH              -----    -----      008DH    0003H
  +--> ?PR?ENABLE_ISP?ISP_DATAFLASH
  +--> ?PR?TRIGGER_ISP?ISP_DATAFLASH
BL51 BANKED LINKER/LOCATER V6.22                                                      07/31/2015  14:02:49  PAGE 6


  +--> ?PR?DISABLE_ISP?ISP_DATAFLASH

*** NEW ROOT ***************************************************

?C_C51STARTUP                                    -----    -----      -----    -----
  +--> ?PR?MAIN?MAIN
  +--> ?C_INITSEG

?PR?MAIN?MAIN                                    -----    -----      -----    -----
  +--> ?PR?INITVOICE?VOICE
  +--> ?PR?_INITUART?UART
  +--> ?PR?ALARM_STOLEN_SPEECH?VOICE
  +--> ?PR?MOTO_VIBRATION?OTHER
  +--> ?PR?ALARM_RAISED_SPEECH?VOICE
  +--> ?PR?ALARM_FELL_SPEECH?VOICE
  +--> ?PR?WIRE_BROKEN_SPEECH?VOICE
  +--> ?PR?HOST_BATTERY_HIGH_ALARM_SPEECH?VOICE
  +--> ?PR?SEOS_GO_TO_SLEEP?TIMER

?PR?INITVOICE?VOICE                              -----    -----      -----    -----
  +--> ?PR?_DELAY_US?DELAY

?PR?ALARM_STOLEN_SPEECH?VOICE                    -----    -----      -----    -----
  +--> ?PR?_SC_SPEECH?VOICE
  +--> ?PR?_DELAY?DELAY

?PR?ALARM_RAISED_SPEECH?VOICE                    -----    -----      -----    -----
  +--> ?PR?_SC_SPEECH?VOICE
  +--> ?PR?_DELAY?DELAY

?PR?ALARM_FELL_SPEECH?VOICE                      -----    -----      -----    -----
  +--> ?PR?_SC_SPEECH?VOICE
  +--> ?PR?_DELAY?DELAY

?PR?WIRE_BROKEN_SPEECH?VOICE                     -----    -----      -----    -----
  +--> ?PR?_SC_SPEECH?VOICE
  +--> ?PR?_DELAY?DELAY

?PR?HOST_BATTERY_HIGH_ALARM_SPEECH?VOICE         -----    -----      -----    -----
  +--> ?PR?_SC_SPEECH?VOICE
  +--> ?PR?_DELAY?DELAY



UNRESOLVED EXTERNAL SYMBOLS:
   AFTER_IDCERT_TIMECOUNT
   CHECK_MOTOBATTERY_COUNT
   CHECK_MOTOBATTERY_FLAG
   ELECMOTOR_ACW
   ELECMOTOR_CW
   EN_HOST_STOLEN_ALARMING
   FLASHING_FLAG
   HOST_STOLEN_ALARMING
   IDKEY_FLASH_EN
   IDKEY_SELFLEARN_FLAG1
   IDKEY_SELFLEARN_FLAG2
   IDKEY_SELFLEARN_FLAG3
BL51 BANKED LINKER/LOCATER V6.22                                                      07/31/2015  14:02:49  PAGE 7


   IDKEY_SELFLEARN_FLAG4
   IDKEY_SELFLEARN_FLAG5
   IDKEY_SELFLEARN_HVCOUNT
   IDKEY_SELFLEARN_LVCOUNT
   IDKEY_SPEECH_FLASH
   ID_CERTIFICATED_FLAG
   ID_CERTIFICATED_NUMBERS
   ID_SELFLEARNING_FLAG
   ID_SELFLEARNING_TIMECOUNT
   ID_SPEECHED_FLAG
   JUST_POWER_UP
   LOAD_BATTERY_RESULT
   NEVER_ALARM
   NEVER_ALARM_SPEECH
   OPEN_ACTION_FLAG
   SILENCE_FLAG
   SLAVE_NEARBY_ACTIONED_FLAG
   SLAVE_NEARBY_COUNT
   STOLEN_ALARM_RESET_COUNT
   WIRE_BROKEN_RESET



SYMBOL TABLE OF MODULE:  DDC-F (AD)

  VALUE           TYPE          NAME
  ----------------------------------

  -------         MODULE        AD
  C:0000H         SYMBOL        _ICE_DUMMY_
  D:0080H         PUBLIC        P0
  D:0090H         PUBLIC        P1
  D:00A0H         PUBLIC        P2
  D:00B0H         PUBLIC        P3
  D:00A8H         PUBLIC        IE
  D:00E2H         PUBLIC        ADCH
  B:00F8H.4       PUBLIC        ADCI
  D:00B8H         PUBLIC        IP
  B:00F8H.3       PUBLIC        ADCS
  D:00F6H         PUBLIC        P0DIDS
  D:00D8H         PUBLIC        WDCON0
  D:0098H         PUBLIC        SCON
  D:0088H         PUBLIC        TCON
  B:00F8H.0       PUBLIC        AADR0
  B:00F8H.1       PUBLIC        AADR1
  B:00F8H.2       PUBLIC        AADR2
  D:00E8H         PUBLIC        EIE
  D:00F8H         PUBLIC        ADCCON0
  D:00E1H         PUBLIC        ADCCON1
  D:00C0H         PUBLIC        I2CON
  D:00C8H         PUBLIC        T2CON
  C:09E6H         PUBLIC        _GetADCResult
  D:00D0H         PUBLIC        PSW
  -------         PROC          _GETADCRESULT
  D:0007H         SYMBOL        ch
  -------         DO            
  D:0005H         SYMBOL        DataL
BL51 BANKED LINKER/LOCATER V6.22                                                      07/31/2015  14:02:49  PAGE 8


  D:0002H         SYMBOL        DataH
  -------         ENDDO         
  C:09E6H         LINE#         17
  C:09E6H         LINE#         18
  C:09E6H         LINE#         19
  C:09E7H         LINE#         20
  C:09E8H         LINE#         22
  C:09EDH         LINE#         23
  C:09EDH         LINE#         25
  C:09F0H         LINE#         27
  C:09F2H         LINE#         28
  C:09F4H         LINE#         29
  C:09F6H         LINE#         31
  C:09F9H         LINE#         33
  C:09FBH         LINE#         34
  C:09FDH         LINE#         36
  C:09FFH         LINE#         37
  C:0A06H         LINE#         39
  C:0A0AH         LINE#         40
  C:0A1CH         LINE#         42
  C:0A20H         LINE#         43
  C:0A20H         LINE#         45
  C:0A25H         LINE#         46
  C:0A25H         LINE#         48
  C:0A28H         LINE#         51
  C:0A2AH         LINE#         52
  C:0A2CH         LINE#         53
  C:0A2EH         LINE#         55
  C:0A31H         LINE#         57
  C:0A33H         LINE#         58
  C:0A35H         LINE#         60
  C:0A37H         LINE#         61
  C:0A3EH         LINE#         63
  C:0A44H         LINE#         64
  C:0A56H         LINE#         66
  C:0A5AH         LINE#         67
  C:0A5AH         LINE#         69
  C:0A5DH         LINE#         70
  -------         ENDPROC       _GETADCRESULT
  -------         ENDMOD        AD

  -------         MODULE        BATTERY
  C:0000H         SYMBOL        _ICE_DUMMY_
  C:1939H         PUBLIC        Check_motor_accumulator
  D:0080H         PUBLIC        P0
  D:0090H         PUBLIC        P1
  D:00A0H         PUBLIC        P2
  D:00B0H         PUBLIC        P3
  X:0002H         PUBLIC        Check2_stage
  B:0090H.4       PUBLIC        voice_EN
  D:00A8H         PUBLIC        IE
  D:00B8H         PUBLIC        IP
  C:026AH         PUBLIC        _verifybattery
  D:00D8H         PUBLIC        WDCON0
  D:0098H         PUBLIC        SCON
  D:0088H         PUBLIC        TCON
  D:00E8H         PUBLIC        EIE
BL51 BANKED LINKER/LOCATER V6.22                                                      07/31/2015  14:02:49  PAGE 9


  D:00F8H         PUBLIC        ADCCON0
  X:0003H         PUBLIC        Battery_level
  D:00C0H         PUBLIC        I2CON
  D:00C8H         PUBLIC        T2CON
  D:00D0H         PUBLIC        PSW
  -------         PROC          CHECK_MOTOR_ACCUMULATOR
  C:1939H         LINE#         23
  C:1939H         LINE#         24
  C:1939H         LINE#         26
  C:1945H         LINE#         27
  -------         ENDPROC       CHECK_MOTOR_ACCUMULATOR
  -------         PROC          _VERIFYBATTERY
  X:0000H         SYMBOL        Check2
  C:026AH         LINE#         34
  C:0271H         LINE#         35
  C:0271H         LINE#         156
  C:0282H         LINE#         157
  C:0289H         LINE#         158
  C:02A0H         LINE#         159
  C:02A5H         LINE#         161
  C:02B4H         LINE#         162
  C:02B4H         LINE#         163
  C:02B4H         LINE#         164
  C:02B4H         LINE#         166
  C:02C0H         LINE#         167
  C:02C0H         LINE#         168
  C:02C0H         LINE#         169
  C:02C0H         LINE#         170
  C:02C0H         LINE#         171
  C:02C0H         LINE#         172
  C:02C2H         LINE#         174
  C:02DAH         LINE#         175
  C:02DAH         LINE#         176
  C:02DAH         LINE#         177
  C:02DAH         LINE#         178
  C:02DAH         LINE#         179
  C:02DAH         LINE#         180
  C:02DCH         LINE#         182
  C:02F4H         LINE#         183
  C:02F4H         LINE#         184
  C:02F4H         LINE#         185
  C:02F4H         LINE#         186
  C:02F4H         LINE#         187
  C:02F4H         LINE#         188
  C:02F6H         LINE#         190
  C:030EH         LINE#         191
  C:030EH         LINE#         192
  C:030EH         LINE#         193
  C:030EH         LINE#         194
  C:030EH         LINE#         195
  C:030EH         LINE#         196
  C:0310H         LINE#         198
  C:0328H         LINE#         199
  C:0328H         LINE#         200
  C:0328H         LINE#         201
  C:0328H         LINE#         202
  C:0328H         LINE#         203
BL51 BANKED LINKER/LOCATER V6.22                                                      07/31/2015  14:02:49  PAGE 10


  C:0328H         LINE#         204
  C:032AH         LINE#         206
  C:0338H         LINE#         207
  C:0338H         LINE#         208
  C:0338H         LINE#         209
  C:0338H         LINE#         210
  C:0338H         LINE#         211
  C:033AH         LINE#         213
  C:033AH         LINE#         214
  C:033AH         LINE#         216
  C:0346H         LINE#         217
  C:0346H         LINE#         218
  C:0348H         LINE#         219
  C:034DH         LINE#         220
  C:034FH         LINE#         221
  C:034FH         LINE#         222
  C:0351H         LINE#         224
  C:0369H         LINE#         225
  C:0369H         LINE#         226
  C:036BH         LINE#         227
  C:0370H         LINE#         228
  C:0372H         LINE#         229
  C:0372H         LINE#         230
  C:0374H         LINE#         232
  C:038CH         LINE#         233
  C:038CH         LINE#         234
  C:038EH         LINE#         235
  C:0393H         LINE#         236
  C:0395H         LINE#         237
  C:0395H         LINE#         238
  C:0397H         LINE#         240
  C:03AFH         LINE#         241
  C:03AFH         LINE#         242
  C:03B1H         LINE#         243
  C:03B6H         LINE#         244
  C:03B8H         LINE#         245
  C:03B8H         LINE#         246
  C:03BAH         LINE#         248
  C:03D2H         LINE#         249
  C:03D2H         LINE#         250
  C:03D4H         LINE#         251
  C:03D9H         LINE#         252
  C:03DBH         LINE#         253
  C:03DBH         LINE#         254
  C:03DDH         LINE#         256
  C:03F5H         LINE#         257
  C:03F5H         LINE#         258
  C:03F7H         LINE#         259
  C:03FCH         LINE#         260
  C:0401H         LINE#         261
  C:0403H         LINE#         262
  C:0404H         LINE#         264
  C:0410H         LINE#         265
  C:0410H         LINE#         266
  C:0413H         LINE#         267
  C:0413H         LINE#         268
  C:0413H         LINE#         269
BL51 BANKED LINKER/LOCATER V6.22                                                      07/31/2015  14:02:49  PAGE 11


  C:0413H         LINE#         271
  -------         ENDPROC       _VERIFYBATTERY
  -------         ENDMOD        BATTERY

  -------         MODULE        COMMUNICATION
  C:0000H         SYMBOL        _ICE_DUMMY_
  C:0C98H         PUBLIC        receive_byte
  D:0080H         PUBLIC        P0
  D:0090H         PUBLIC        P1
  B:00B0H.0       PUBLIC        receive_wire
  D:00A0H         PUBLIC        P2
  D:00B0H         PUBLIC        P3
  C:1300H         PUBLIC        _ComMode_Data
  C:0E86H         PUBLIC        _UART_Send_Data
  C:11A2H         PUBLIC        receive_word
  D:00A8H         PUBLIC        IE
  C:12CCH         PUBLIC        _ComMode_Data_WX
  D:00B8H         PUBLIC        IP
  C:1974H         PUBLIC        InitTransceiver
  B:0080H.1       PUBLIC        lock_code
  C:10D7H         PUBLIC        _UART_Send_Data_F
  D:00D8H         PUBLIC        WDCON0
  B:0090H.0       PUBLIC        P10
  B:0090H.1       PUBLIC        P11
  C:195EH         PUBLIC        close_tranceiver
  D:0098H         PUBLIC        SCON
  D:0088H         PUBLIC        TCON
  C:0F74H         PUBLIC        initsignal
  B:00A0H.7       PUBLIC        transmiter_EN
  B:0090H.3       PUBLIC        receiver_EN
  C:1946H         PUBLIC        open_tranceiver
  C:0B46H         PUBLIC        _send_code_to_lock_Taili
  D:00E8H         PUBLIC        EIE
  B:00A0H.3       PUBLIC        MagentControl_2
  D:00F8H         PUBLIC        ADCCON0
  D:00C0H         PUBLIC        I2CON
  C:1000H         PUBLIC        initsignal_F
  B:00A0H.6       PUBLIC        transmiter_power
  D:00C8H         PUBLIC        T2CON
  C:0DCEH         PUBLIC        _Send_Data
  C:0D02H         PUBLIC        receive_byte_Lock
  B:0090H.0       PUBLIC        TXD
  C:0FBCH         PUBLIC        UART_Send_Data_match
  C:0AD3H         PUBLIC        _send_code_to_lock
  D:00D0H         PUBLIC        PSW
  X:001AH         PUBLIC        myTxRxData
  -------         PROC          INITTRANSCEIVER
  C:1974H         LINE#         38
  C:1974H         LINE#         39
  C:1974H         LINE#         40
  C:1976H         LINE#         41
  C:1978H         LINE#         42
  C:197AH         LINE#         43
  C:197CH         LINE#         44
  -------         ENDPROC       INITTRANSCEIVER
  -------         PROC          INITSIGNAL
  -------         DO            
BL51 BANKED LINKER/LOCATER V6.22                                                      07/31/2015  14:02:49  PAGE 12


  X:0004H         SYMBOL        k
  X:0005H         SYMBOL        k1
  X:0006H         SYMBOL        mystartbuffer
  -------         ENDDO         
  C:0F74H         LINE#         53
  C:0F74H         LINE#         54
  C:0F74H         LINE#         56
  C:0F79H         LINE#         57
  C:0F7CH         LINE#         58
  C:0F7CH         LINE#         59
  C:0F80H         LINE#         60
  C:0F80H         LINE#         61
  C:0F83H         LINE#         62
  C:0F83H         LINE#         63
  C:0F83H         LINE#         64
  C:0F83H         LINE#         66
  C:0F83H         LINE#         68
  C:0F83H         LINE#         69
  C:0F85H         LINE#         70
  C:0F8EH         LINE#         72
  C:0F8EH         LINE#         73
  C:0F90H         LINE#         74
  C:0F96H         LINE#         75
  C:0F9FH         LINE#         77
  C:0FAAH         LINE#         78
  C:0FAFH         LINE#         81
  C:0FB9H         LINE#         82
  C:0FBBH         LINE#         83
  -------         ENDPROC       INITSIGNAL
  -------         PROC          INITSIGNAL_F
  -------         DO            
  X:008FH         SYMBOL        k
  X:0090H         SYMBOL        k1
  X:0091H         SYMBOL        mystartbuffer
  -------         ENDDO         
  C:1000H         LINE#         85
  C:1000H         LINE#         86
  C:1000H         LINE#         88
  C:1005H         LINE#         89
  C:1008H         LINE#         90
  C:1008H         LINE#         95
  C:100CH         LINE#         97
  C:100CH         LINE#         98
  C:100FH         LINE#         99
  C:100FH         LINE#         100
  C:100FH         LINE#         101
  C:100FH         LINE#         103
  C:100FH         LINE#         105
  C:100FH         LINE#         106
  C:1011H         LINE#         107
  C:101AH         LINE#         109
  C:101AH         LINE#         110
  C:101CH         LINE#         111
  C:1022H         LINE#         112
  C:102BH         LINE#         114
  C:1036H         LINE#         115
  C:103BH         LINE#         118
BL51 BANKED LINKER/LOCATER V6.22                                                      07/31/2015  14:02:49  PAGE 13


  C:1045H         LINE#         119
  C:1047H         LINE#         120
  -------         ENDPROC       INITSIGNAL_F
  -------         PROC          _SEND_DATA
  X:0007H         SYMBOL        x
  -------         DO            
  X:0008H         SYMBOL        i
  X:0009H         SYMBOL        n
  -------         ENDDO         
  C:0DCEH         LINE#         126
  C:0DD2H         LINE#         127
  C:0DD2H         LINE#         129
  C:0DD5H         LINE#         130
  C:0DD5H         LINE#         131
  C:0DD9H         LINE#         132
  C:0DD9H         LINE#         133
  C:0DE3H         LINE#         134
  C:0DE3H         LINE#         135
  C:0DE5H         LINE#         136
  C:0DEDH         LINE#         137
  C:0DEFH         LINE#         139
  C:0DEFH         LINE#         140
  C:0DF1H         LINE#         141
  C:0DFCH         LINE#         142
  C:0DFCH         LINE#         143
  C:0DFEH         LINE#         144
  C:0E0CH         LINE#         145
  C:0E17H         LINE#         146
  C:0E22H         LINE#         147
  C:0E2DH         LINE#         148
  -------         ENDPROC       _SEND_DATA
  -------         PROC          _COMMODE_DATA
  X:000AH         SYMBOL        ComMode
  X:000BH         SYMBOL        x
  C:1300H         LINE#         156
  C:130AH         LINE#         157
  C:130AH         LINE#         158
  C:130CH         LINE#         159
  C:1311H         LINE#         160
  C:1313H         LINE#         161
  C:1318H         LINE#         162
  C:131CH         LINE#         163
  C:1322H         LINE#         165
  C:1325H         LINE#         166
  C:132DH         LINE#         168
  C:132FH         LINE#         169
  C:1331H         LINE#         170
  -------         ENDPROC       _COMMODE_DATA
  -------         PROC          _COMMODE_DATA_WX
  X:000DH         SYMBOL        ComMode
  X:000EH         SYMBOL        x
  C:12CCH         LINE#         178
  C:12D6H         LINE#         179
  C:12D6H         LINE#         180
  C:12D8H         LINE#         181
  C:12DDH         LINE#         182
  C:12DFH         LINE#         183
BL51 BANKED LINKER/LOCATER V6.22                                                      07/31/2015  14:02:49  PAGE 14


  C:12E4H         LINE#         184
  C:12E8H         LINE#         185
  C:12EEH         LINE#         187
  C:12F1H         LINE#         188
  C:12F9H         LINE#         190
  C:12FBH         LINE#         191
  C:12FDH         LINE#         192
  C:12FFH         LINE#         193
  -------         ENDPROC       _COMMODE_DATA_WX
  -------         PROC          _UART_SEND_DATA
  X:0010H         SYMBOL        command
  -------         DO            
  X:0011H         SYMBOL        ii
  -------         ENDDO         
  C:0E86H         LINE#         198
  C:0E8AH         LINE#         199
  C:0E8AH         LINE#         200
  C:0E8DH         LINE#         201
  C:0E90H         LINE#         202
  C:0E98H         LINE#         203
  C:0E9FH         LINE#         204
  C:0EA6H         LINE#         205
  C:0EADH         LINE#         206
  C:0EB4H         LINE#         207
  C:0EBAH         LINE#         209
  C:0EBDH         LINE#         211
  C:0EC1H         LINE#         212
  C:0EC1H         LINE#         213
  C:0ECCH         LINE#         214
  C:0ECFH         LINE#         215
  C:0EDAH         LINE#         217
  -------         ENDPROC       _UART_SEND_DATA
  -------         PROC          _UART_SEND_DATA_F
  X:008DH         SYMBOL        command
  -------         DO            
  X:008EH         SYMBOL        ii
  -------         ENDDO         
  C:10D7H         LINE#         223
  C:10DBH         LINE#         224
  C:10DBH         LINE#         225
  C:10DEH         LINE#         226
  C:10E1H         LINE#         227
  C:10E9H         LINE#         228
  C:10F0H         LINE#         229
  C:10F7H         LINE#         230
  C:10FEH         LINE#         231
  C:1105H         LINE#         232
  C:110BH         LINE#         234
  C:110EH         LINE#         235
  C:1119H         LINE#         237
  -------         ENDPROC       _UART_SEND_DATA_F
  -------         PROC          OPEN_TRANCEIVER
  C:1946H         LINE#         244
  C:1946H         LINE#         245
  C:1946H         LINE#         247
  C:194DH         LINE#         250
  C:194FH         LINE#         251
BL51 BANKED LINKER/LOCATER V6.22                                                      07/31/2015  14:02:49  PAGE 15


  C:1951H         LINE#         252
  -------         ENDPROC       OPEN_TRANCEIVER
  -------         PROC          CLOSE_TRANCEIVER
  C:195EH         LINE#         258
  C:195EH         LINE#         259
  C:195EH         LINE#         261
  C:1960H         LINE#         264
  C:1962H         LINE#         267
  -------         ENDPROC       CLOSE_TRANCEIVER
  -------         PROC          UART_SEND_DATA_MATCH
  C:0FBCH         LINE#         274
  C:0FBCH         LINE#         275
  C:0FBCH         LINE#         276
  C:0FBFH         LINE#         278
  C:0FC4H         LINE#         279
  C:0FC8H         LINE#         280
  C:0FCFH         LINE#         281
  C:0FD6H         LINE#         282
  C:0FDDH         LINE#         283
  C:0FE4H         LINE#         284
  C:0FEBH         LINE#         286
  C:0FEEH         LINE#         288
  C:0FF9H         LINE#         289
  C:0FFCH         LINE#         291
  -------         ENDPROC       UART_SEND_DATA_MATCH
  -------         PROC          RECEIVE_BYTE
  C:0C98H         LINE#         298
  C:0C98H         LINE#         299
  C:0C98H         LINE#         301
  C:0C9BH         LINE#         302
  C:0C9BH         LINE#         304
  C:0CA5H         LINE#         305
  C:0CA5H         LINE#         306
  C:0CA7H         LINE#         307
  C:0CA7H         LINE#         308
  C:0CA9H         LINE#         309
  C:0CAAH         LINE#         312
  C:0CAAH         LINE#         314
  C:0CADH         LINE#         315
  C:0CADH         LINE#         317
  C:0CAFH         LINE#         320
  C:0CBEH         LINE#         321
  C:0CBEH         LINE#         323
  C:0CC4H         LINE#         324
  C:0CC6H         LINE#         325
  C:0CC6H         LINE#         326
  C:0CC6H         LINE#         327
  C:0CC8H         LINE#         329
  C:0CD0H         LINE#         330
  C:0CD0H         LINE#         332
  C:0CD6H         LINE#         333
  C:0CD9H         LINE#         334
  C:0CDEH         LINE#         335
  C:0CE2H         LINE#         336
  C:0CE4H         LINE#         338
  C:0CE4H         LINE#         340
  C:0CE9H         LINE#         341
BL51 BANKED LINKER/LOCATER V6.22                                                      07/31/2015  14:02:49  PAGE 16


  C:0CE9H         LINE#         343
  C:0CEDH         LINE#         344
  C:0CEEH         LINE#         346
  C:0CEEH         LINE#         348
  C:0CF8H         LINE#         349
  C:0CF8H         LINE#         350
  C:0CFCH         LINE#         351
  C:0CFEH         LINE#         352
  C:0D01H         LINE#         353
  C:0D01H         LINE#         354
  C:0D01H         LINE#         355
  C:0D01H         LINE#         356
  -------         ENDPROC       RECEIVE_BYTE
  -------         PROC          RECEIVE_BYTE_LOCK
  C:0D02H         LINE#         362
  C:0D02H         LINE#         363
  C:0D02H         LINE#         365
  C:0D05H         LINE#         366
  C:0D05H         LINE#         368
  C:0D0FH         LINE#         369
  C:0D0FH         LINE#         370
  C:0D11H         LINE#         371
  C:0D11H         LINE#         372
  C:0D13H         LINE#         373
  C:0D14H         LINE#         376
  C:0D14H         LINE#         378
  C:0D17H         LINE#         379
  C:0D17H         LINE#         381
  C:0D19H         LINE#         384
  C:0D28H         LINE#         385
  C:0D28H         LINE#         387
  C:0D2EH         LINE#         388
  C:0D30H         LINE#         389
  C:0D30H         LINE#         390
  C:0D30H         LINE#         391
  C:0D32H         LINE#         393
  C:0D3AH         LINE#         394
  C:0D3AH         LINE#         396
  C:0D40H         LINE#         397
  C:0D43H         LINE#         398
  C:0D48H         LINE#         399
  C:0D4CH         LINE#         400
  C:0D4EH         LINE#         402
  C:0D4EH         LINE#         404
  C:0D53H         LINE#         405
  C:0D53H         LINE#         407
  C:0D57H         LINE#         408
  C:0D58H         LINE#         410
  C:0D58H         LINE#         412
  C:0D62H         LINE#         413
  C:0D62H         LINE#         414
  C:0D66H         LINE#         415
  C:0D68H         LINE#         416
  C:0D6BH         LINE#         417
  C:0D6BH         LINE#         418
  C:0D6BH         LINE#         419
  C:0D6BH         LINE#         420
BL51 BANKED LINKER/LOCATER V6.22                                                      07/31/2015  14:02:49  PAGE 17


  -------         ENDPROC       RECEIVE_BYTE_LOCK
  -------         PROC          RECEIVE_WORD
  C:11A2H         LINE#         426
  C:11A2H         LINE#         427
  C:11A2H         LINE#         429
  C:11A9H         LINE#         430
  C:11A9H         LINE#         431
  C:11AAH         LINE#         433
  C:11B7H         LINE#         436
  C:11C0H         LINE#         437
  C:11C0H         LINE#         438
  C:11C5H         LINE#         439
  C:11C6H         LINE#         441
  C:11D0H         LINE#         442
  C:11D0H         LINE#         443
  C:11D5H         LINE#         444
  C:11D6H         LINE#         445
  C:11DAH         LINE#         446
  C:11DAH         LINE#         447
  C:11DCH         LINE#         448
  C:11DCH         LINE#         449
  C:11DEH         LINE#         451
  C:11DEH         LINE#         452
  C:11E2H         LINE#         453
  C:11E2H         LINE#         454
  C:11E2H         LINE#         455
  -------         ENDPROC       RECEIVE_WORD
  -------         PROC          _SEND_CODE_TO_LOCK
  D:0007H         SYMBOL        x
  X:0012H         SYMBOL        y
  -------         DO            
  X:0014H         SYMBOL        i
  X:0015H         SYMBOL        n
  -------         ENDDO         
  C:0AD3H         LINE#         462
  C:0ADAH         LINE#         463
  C:0ADAH         LINE#         465
  C:0ADFH         LINE#         466
  C:0AE3H         LINE#         467
  C:0AE6H         LINE#         473
  C:0AEAH         LINE#         474
  C:0AEAH         LINE#         475
  C:0AEEH         LINE#         476
  C:0AEEH         LINE#         477
  C:0AF8H         LINE#         478
  C:0AF8H         LINE#         479
  C:0AFAH         LINE#         480
  C:0B03H         LINE#         481
  C:0B05H         LINE#         483
  C:0B05H         LINE#         484
  C:0B07H         LINE#         485
  C:0B13H         LINE#         486
  C:0B13H         LINE#         487
  C:0B15H         LINE#         488
  C:0B23H         LINE#         489
  C:0B2FH         LINE#         490
  C:0B3AH         LINE#         491
BL51 BANKED LINKER/LOCATER V6.22                                                      07/31/2015  14:02:49  PAGE 18


  C:0B45H         LINE#         492
  -------         ENDPROC       _SEND_CODE_TO_LOCK
  -------         PROC          _SEND_CODE_TO_LOCK_TAILI
  D:0007H         SYMBOL        x
  X:0016H         SYMBOL        y
  -------         DO            
  X:0018H         SYMBOL        i
  X:0019H         SYMBOL        n
  -------         ENDDO         
  C:0B46H         LINE#         499
  C:0B4DH         LINE#         500
  C:0B4DH         LINE#         502
  C:0B52H         LINE#         503
  C:0B56H         LINE#         504
  C:0B59H         LINE#         510
  C:0B5DH         LINE#         511
  C:0B5DH         LINE#         512
  C:0B61H         LINE#         513
  C:0B61H         LINE#         514
  C:0B6BH         LINE#         515
  C:0B6BH         LINE#         516
  C:0B6DH         LINE#         517
  C:0B76H         LINE#         518
  C:0B78H         LINE#         520
  C:0B78H         LINE#         521
  C:0B7AH         LINE#         522
  C:0B86H         LINE#         523
  C:0B86H         LINE#         524
  C:0B88H         LINE#         525
  C:0B96H         LINE#         526
  C:0BA2H         LINE#         527
  C:0BADH         LINE#         528
  C:0BB8H         LINE#         529
  -------         ENDPROC       _SEND_CODE_TO_LOCK_TAILI
  -------         ENDMOD        COMMUNICATION

  -------         MODULE        DELAY
  C:0000H         SYMBOL        _ICE_DUMMY_
  D:0080H         PUBLIC        P0
  D:0090H         PUBLIC        P1
  D:00A0H         PUBLIC        P2
  D:00B0H         PUBLIC        P3
  X:0023H         PUBLIC        Timeout_loop
  D:00A8H         PUBLIC        IE
  C:1647H         PUBLIC        Delay_10ms
  C:1661H         PUBLIC        Delay_12ms
  C:167BH         PUBLIC        Delay_50ms
  D:00B8H         PUBLIC        IP
  B:0090H.2       PUBLIC        magnet_overcurrent
  D:00D8H         PUBLIC        WDCON0
  C:1222H         PUBLIC        _Magnet_Delay
  D:0098H         PUBLIC        SCON
  D:0088H         PUBLIC        TCON
  C:1695H         PUBLIC        Delay_100ms
  C:16AFH         PUBLIC        Delay_500ms
  C:11E3H         PUBLIC        _Custom_Delay
  C:1581H         PUBLIC        _delay_ms
BL51 BANKED LINKER/LOCATER V6.22                                                      07/31/2015  14:02:49  PAGE 19


  D:00E8H         PUBLIC        EIE
  D:00F8H         PUBLIC        ADCCON0
  C:16E3H         PUBLIC        _delay_us
  D:00C0H         PUBLIC        I2CON
  C:1613H         PUBLIC        Delay_1ms
  D:00C8H         PUBLIC        T2CON
  C:162DH         PUBLIC        Delay_5ms
  C:172CH         PUBLIC        _Delay
  D:00D0H         PUBLIC        PSW
  -------         PROC          DELAY_1MS
  C:1613H         LINE#         15
  C:1613H         LINE#         16
  C:1613H         LINE#         17
  C:161CH         LINE#         20
  C:162CH         LINE#         21
  -------         ENDPROC       DELAY_1MS
  -------         PROC          DELAY_5MS
  C:162DH         LINE#         23
  C:162DH         LINE#         24
  C:162DH         LINE#         25
  C:1636H         LINE#         28
  C:1646H         LINE#         29
  -------         ENDPROC       DELAY_5MS
  -------         PROC          DELAY_10MS
  C:1647H         LINE#         31
  C:1647H         LINE#         32
  C:1647H         LINE#         33
  C:1650H         LINE#         36
  C:1660H         LINE#         37
  -------         ENDPROC       DELAY_10MS
  -------         PROC          DELAY_12MS
  C:1661H         LINE#         39
  C:1661H         LINE#         40
  C:1661H         LINE#         41
  C:166AH         LINE#         44
  C:167AH         LINE#         45
  -------         ENDPROC       DELAY_12MS
  -------         PROC          DELAY_50MS
  C:167BH         LINE#         48
  C:167BH         LINE#         49
  C:167BH         LINE#         50
  C:1684H         LINE#         53
  C:1694H         LINE#         54
  -------         ENDPROC       DELAY_50MS
  -------         PROC          DELAY_100MS
  C:1695H         LINE#         57
  C:1695H         LINE#         58
  C:1695H         LINE#         59
  C:169EH         LINE#         62
  C:16AEH         LINE#         63
  -------         ENDPROC       DELAY_100MS
  -------         PROC          DELAY_500MS
  C:16AFH         LINE#         66
  C:16AFH         LINE#         67
  C:16AFH         LINE#         68
  C:16B8H         LINE#         71
  C:16C8H         LINE#         72
BL51 BANKED LINKER/LOCATER V6.22                                                      07/31/2015  14:02:49  PAGE 20


  -------         ENDPROC       DELAY_500MS
  -------         PROC          _DELAY
  D:0007H         SYMBOL        n
  -------         DO            
  D:0004H         SYMBOL        x
  -------         ENDDO         
  C:172CH         LINE#         79
  C:172CH         LINE#         80
  C:172CH         LINE#         82
  C:1732H         LINE#         83
  C:1732H         LINE#         84
  C:1736H         LINE#         85
  C:1742H         LINE#         87
  -------         ENDPROC       _DELAY
  -------         PROC          _CUSTOM_DELAY
  D:0007H         SYMBOL        t
  X:0092H         SYMBOL        m
  -------         DO            
  X:0094H         SYMBOL        i
  D:0006H         SYMBOL        j
  -------         ENDDO         
  C:11E3H         LINE#         93
  C:11EAH         LINE#         94
  C:11EAH         LINE#         97
  C:11FCH         LINE#         98
  C:1221H         LINE#         99
  -------         ENDPROC       _CUSTOM_DELAY
  -------         PROC          _DELAY_MS
  D:0006H         SYMBOL        count
  -------         DO            
  D:0004H         SYMBOL        i
  D:0002H         SYMBOL        j
  -------         ENDDO         
  C:1581H         LINE#         106
  C:1581H         LINE#         107
  C:1581H         LINE#         109
  C:158BH         LINE#         110
  C:158BH         LINE#         111
  C:1599H         LINE#         112
  C:15A0H         LINE#         113
  -------         ENDPROC       _DELAY_MS
  -------         PROC          _DELAY_US
  D:0006H         SYMBOL        count1
  -------         DO            
  D:0004H         SYMBOL        i
  D:0003H         SYMBOL        j
  -------         ENDDO         
  C:16E3H         LINE#         121
  C:16E3H         LINE#         122
  C:16E3H         LINE#         125
  C:16EDH         LINE#         126
  C:16EDH         LINE#         127
  C:16F4H         LINE#         128
  C:16FBH         LINE#         129
  -------         ENDPROC       _DELAY_US
  -------         PROC          _MAGNET_DELAY
  X:0021H         SYMBOL        x
BL51 BANKED LINKER/LOCATER V6.22                                                      07/31/2015  14:02:49  PAGE 21


  D:0004H         SYMBOL        y
  -------         DO            
  D:0001H         SYMBOL        i
  D:0002H         SYMBOL        j
  -------         ENDDO         
  C:1222H         LINE#         135
  C:1229H         LINE#         136
  C:1229H         LINE#         139
  C:122BH         LINE#         140
  C:122BH         LINE#         141
  C:123FH         LINE#         142
  C:1244H         LINE#         143
  C:1246H         LINE#         144
  C:1246H         LINE#         146
  C:1249H         LINE#         147
  C:1249H         LINE#         148
  C:125AH         LINE#         149
  C:125AH         LINE#         151
  C:125AH         LINE#         153
  C:125AH         LINE#         154
  C:125FH         LINE#         155
  -------         ENDPROC       _MAGNET_DELAY
  -------         ENDMOD        DELAY

  -------         MODULE        OPERATION
  C:0000H         SYMBOL        _ICE_DUMMY_
  D:0080H         PUBLIC        P0
  D:0090H         PUBLIC        P1
  B:0080H.3       PUBLIC        fell_sensor_detect
  D:00A0H         PUBLIC        P2
  D:00B0H         PUBLIC        P3
  D:00A8H         PUBLIC        IE
  B:0025H.1       PUBLIC        sensor_EN
  C:13C6H         PUBLIC        Detect_vibration
  C:1969H         PUBLIC        InitSensor
  D:00B8H         PUBLIC        IP
  X:0025H         PUBLIC        wire_broken_level
  C:17CFH         PUBLIC        Reset_after_wirebroken
  B:0080H.1       PUBLIC        wire_broken
  C:176FH         PUBLIC        Batstolen_Alarm_to_Slave
  C:15A1H         PUBLIC        Reset_after_stolen_alarming
  D:00D8H         PUBLIC        WDCON0
  X:0026H         PUBLIC        wire_broken_time
  D:0098H         PUBLIC        SCON
  D:0088H         PUBLIC        TCON
  C:1048H         PUBLIC        Detect_close_action
  C:14F7H         PUBLIC        slave_nearby_operation
  B:00A0H.5       PUBLIC        key_rotate
  C:1451H         PUBLIC        Detect_wheel_moving
  C:197DH         PUBLIC        Disable_sensor_after_IDcert
  B:0080H.7       PUBLIC        horizontal_sensor
  D:00E8H         PUBLIC        EIE
  C:14A8H         PUBLIC        Detect_open_action
  B:0080H.2       PUBLIC        wheeled_rotate
  B:0080H.4       PUBLIC        raised_sensor_detect
  D:00F8H         PUBLIC        ADCCON0
  C:1560H         PUBLIC        Ensensor_after_slave_away
BL51 BANKED LINKER/LOCATER V6.22                                                      07/31/2015  14:02:49  PAGE 22


  D:00C0H         PUBLIC        I2CON
  C:15DDH         PUBLIC        ENsensor_After_Close
  C:0E2EH         PUBLIC        Detect_selflearn_action
  C:153EH         PUBLIC        ENsensor_afterIDcert
  D:00C8H         PUBLIC        T2CON
  C:14D1H         PUBLIC        SelfLearn_Reset
  C:1759H         PUBLIC        Raise_Alarm_to_Slave
  C:13F5H         PUBLIC        slave_away_operation
  X:0028H         PUBLIC        key_rotate_off_time
  B:0025H.2       PUBLIC        enable_sensor_delayEN
  C:1743H         PUBLIC        Fell_Alarm_to_Slave
  D:00D0H         PUBLIC        PSW
  B:0080H.0       PUBLIC        sensor_detect
  C:16FCH         PUBLIC        Host_stolen_action
  -------         PROC          SLAVE_AWAY_OPERATION
  C:13F5H         LINE#         93
  C:13F5H         LINE#         94
  C:13F5H         LINE#         95
  C:13F8H         LINE#         96
  C:13F8H         LINE#         97
  C:13FBH         LINE#         98
  C:140BH         LINE#         99
  C:140EH         LINE#         103
  C:140EH         LINE#         105
  C:1410H         LINE#         106
  C:1414H         LINE#         108
  C:1419H         LINE#         109
  C:141DH         LINE#         111
  C:1420H         LINE#         112
  C:1422H         LINE#         113
  -------         ENDPROC       SLAVE_AWAY_OPERATION
  -------         PROC          SLAVE_NEARBY_OPERATION
  C:14F7H         LINE#         119
  C:14F7H         LINE#         120
  C:14F7H         LINE#         121
  C:14F9H         LINE#         123
  C:14FBH         LINE#         124
  C:14FFH         LINE#         125
  C:1501H         LINE#         126
  C:1504H         LINE#         128
  C:1507H         LINE#         129
  C:1507H         LINE#         130
  C:150AH         LINE#         131
  C:150DH         LINE#         132
  C:1517H         LINE#         133
  C:151AH         LINE#         134
  C:151AH         LINE#         135
  -------         ENDPROC       SLAVE_NEARBY_OPERATION
  -------         PROC          INITSENSOR
  C:1969H         LINE#         141
  C:1969H         LINE#         142
  C:1969H         LINE#         143
  C:196BH         LINE#         144
  C:196DH         LINE#         145
  C:196FH         LINE#         146
  C:1971H         LINE#         147
  C:1973H         LINE#         148
BL51 BANKED LINKER/LOCATER V6.22                                                      07/31/2015  14:02:49  PAGE 23


  -------         ENDPROC       INITSENSOR
  -------         PROC          HOST_STOLEN_ACTION
  C:16FCH         LINE#         154
  C:16FCH         LINE#         155
  C:16FCH         LINE#         157
  C:16FFH         LINE#         158
  C:16FFH         LINE#         159
  C:1701H         LINE#         161
  C:1704H         LINE#         163
  C:1707H         LINE#         164
  C:1707H         LINE#         165
  C:1709H         LINE#         166
  C:170BH         LINE#         168
  C:170BH         LINE#         169
  C:1710H         LINE#         170
  C:1710H         LINE#         172
  C:1713H         LINE#         173
  C:1713H         LINE#         174
  -------         ENDPROC       HOST_STOLEN_ACTION
  -------         PROC          ENSENSOR_AFTERIDCERT
  C:153EH         LINE#         181
  C:153EH         LINE#         182
  C:153EH         LINE#         183
  C:1541H         LINE#         184
  C:1541H         LINE#         186
  C:154BH         LINE#         187
  C:154BH         LINE#         188
  C:154DH         LINE#         189
  C:154FH         LINE#         190
  C:1552H         LINE#         193
  C:155AH         LINE#         194
  C:155AH         LINE#         195
  C:155DH         LINE#         196
  C:155DH         LINE#         197
  C:155FH         LINE#         199
  C:155FH         LINE#         200
  C:155FH         LINE#         201
  -------         ENDPROC       ENSENSOR_AFTERIDCERT
  -------         PROC          ENSENSOR_AFTER_CLOSE
  C:15DDH         LINE#         206
  C:15DDH         LINE#         207
  C:15DDH         LINE#         208
  C:15E3H         LINE#         209
  C:15E3H         LINE#         210
  C:15EDH         LINE#         211
  C:15EDH         LINE#         212
  C:15EFH         LINE#         213
  C:15F1H         LINE#         214
  C:15F4H         LINE#         215
  C:15F7H         LINE#         216
  C:15F7H         LINE#         217
  C:15F7H         LINE#         218
  -------         ENDPROC       ENSENSOR_AFTER_CLOSE
  -------         PROC          SELFLEARN_RESET
  C:14D1H         LINE#         224
  C:14D1H         LINE#         225
  C:14D1H         LINE#         226
BL51 BANKED LINKER/LOCATER V6.22                                                      07/31/2015  14:02:49  PAGE 24


  C:14D4H         LINE#         227
  C:14D4H         LINE#         228
  C:14DEH         LINE#         229
  C:14DEH         LINE#         230
  C:14E0H         LINE#         231
  C:14E2H         LINE#         233
  C:14E7H         LINE#         234
  C:14ECH         LINE#         235
  C:14EEH         LINE#         236
  C:14F0H         LINE#         237
  C:14F2H         LINE#         238
  C:14F4H         LINE#         239
  C:14F6H         LINE#         240
  C:14F6H         LINE#         241
  C:14F6H         LINE#         242
  -------         ENDPROC       SELFLEARN_RESET
  -------         PROC          FELL_ALARM_TO_SLAVE
  C:1743H         LINE#         248
  C:1743H         LINE#         249
  C:1743H         LINE#         250
  C:174EH         LINE#         251
  C:174EH         LINE#         252
  C:1753H         LINE#         253
  C:1758H         LINE#         254
  C:1758H         LINE#         255
  -------         ENDPROC       FELL_ALARM_TO_SLAVE
  -------         PROC          RAISE_ALARM_TO_SLAVE
  C:1759H         LINE#         261
  C:1759H         LINE#         262
  C:1759H         LINE#         263
  C:1764H         LINE#         264
  C:1764H         LINE#         265
  C:1769H         LINE#         266
  C:176EH         LINE#         267
  C:176EH         LINE#         268
  -------         ENDPROC       RAISE_ALARM_TO_SLAVE
  -------         PROC          BATSTOLEN_ALARM_TO_SLAVE
  C:176FH         LINE#         274
  C:176FH         LINE#         275
  C:176FH         LINE#         276
  C:177AH         LINE#         277
  C:177AH         LINE#         278
  C:177FH         LINE#         279
  C:1784H         LINE#         280
  C:1784H         LINE#         281
  -------         ENDPROC       BATSTOLEN_ALARM_TO_SLAVE
  -------         PROC          DISABLE_SENSOR_AFTER_IDCERT
  C:197DH         LINE#         286
  C:197DH         LINE#         287
  C:197DH         LINE#         288
  C:1980H         LINE#         289
  C:1980H         LINE#         290
  C:1982H         LINE#         292
  C:1985H         LINE#         293
  C:1985H         LINE#         294
  -------         ENDPROC       DISABLE_SENSOR_AFTER_IDCERT
  -------         PROC          RESET_AFTER_WIREBROKEN
BL51 BANKED LINKER/LOCATER V6.22                                                      07/31/2015  14:02:49  PAGE 25


  C:17CFH         LINE#         299
  C:17CFH         LINE#         300
  C:17CFH         LINE#         301
  C:17D2H         LINE#         302
  C:17D2H         LINE#         303
  C:17D4H         LINE#         304
  C:17D8H         LINE#         305
  C:17DAH         LINE#         306
  C:17DCH         LINE#         307
  C:17DEH         LINE#         308
  C:17DEH         LINE#         309
  -------         ENDPROC       RESET_AFTER_WIREBROKEN
  -------         PROC          RESET_AFTER_STOLEN_ALARMING
  C:15A1H         LINE#         315
  C:15A1H         LINE#         316
  C:15A1H         LINE#         317
  C:15A4H         LINE#         318
  C:15A4H         LINE#         319
  C:15AEH         LINE#         320
  C:15AEH         LINE#         321
  C:15B2H         LINE#         322
  C:15B4H         LINE#         323
  C:15B6H         LINE#         324
  C:15B8H         LINE#         325
  C:15BBH         LINE#         326
  C:15BEH         LINE#         327
  C:15BEH         LINE#         328
  C:15BEH         LINE#         329
  -------         ENDPROC       RESET_AFTER_STOLEN_ALARMING
  -------         PROC          ENSENSOR_AFTER_SLAVE_AWAY
  C:1560H         LINE#         334
  C:1560H         LINE#         335
  C:1560H         LINE#         336
  C:1569H         LINE#         337
  C:1569H         LINE#         338
  C:1573H         LINE#         339
  C:1573H         LINE#         340
  C:1576H         LINE#         341
  C:1578H         LINE#         342
  C:157AH         LINE#         343
  C:157DH         LINE#         344
  C:1580H         LINE#         345
  C:1580H         LINE#         346
  C:1580H         LINE#         347
  -------         ENDPROC       ENSENSOR_AFTER_SLAVE_AWAY
  -------         PROC          DETECT_SELFLEARN_ACTION
  C:0E2EH         LINE#         352
  C:0E2EH         LINE#         353
  C:0E2EH         LINE#         354
  C:0E31H         LINE#         355
  C:0E31H         LINE#         356
  C:0E34H         LINE#         357
  C:0E34H         LINE#         358
  C:0E3FH         LINE#         359
  C:0E4AH         LINE#         360
  C:0E4AH         LINE#         361
  C:0E4DH         LINE#         362
BL51 BANKED LINKER/LOCATER V6.22                                                      07/31/2015  14:02:49  PAGE 26


  C:0E4FH         LINE#         363
  C:0E4FH         LINE#         364
  C:0E51H         LINE#         366
  C:0E51H         LINE#         367
  C:0E5DH         LINE#         368
  C:0E5DH         LINE#         369
  C:0E61H         LINE#         370
  C:0E66H         LINE#         371
  C:0E66H         LINE#         372
  C:0E66H         LINE#         374
  C:0E6EH         LINE#         375
  C:0E6EH         LINE#         376
  C:0E70H         LINE#         377
  C:0E72H         LINE#         378
  C:0E75H         LINE#         379
  C:0E75H         LINE#         380
  C:0E75H         LINE#         382
  C:0E78H         LINE#         383
  C:0E78H         LINE#         384
  C:0E7AH         LINE#         385
  C:0E7CH         LINE#         387
  C:0E7FH         LINE#         389
  C:0E82H         LINE#         392
  C:0E85H         LINE#         394
  C:0E85H         LINE#         395
  -------         ENDPROC       DETECT_SELFLEARN_ACTION
  -------         PROC          DETECT_OPEN_ACTION
  C:14A8H         LINE#         400
  C:14A8H         LINE#         401
  C:14A8H         LINE#         403
  C:14B3H         LINE#         404
  C:14B3H         LINE#         405
  C:14B6H         LINE#         406
  C:14BBH         LINE#         407
  C:14BDH         LINE#         409
  C:14C1H         LINE#         410
  C:14C3H         LINE#         411
  C:14C6H         LINE#         412
  C:14C8H         LINE#         413
  C:14CBH         LINE#         414
  C:14CEH         LINE#         416
  C:14D0H         LINE#         417
  C:14D0H         LINE#         418
  -------         ENDPROC       DETECT_OPEN_ACTION
  -------         PROC          DETECT_CLOSE_ACTION
  C:1048H         LINE#         423
  C:1048H         LINE#         424
  C:1048H         LINE#         425
  C:1055H         LINE#         426
  C:1055H         LINE#         427
  C:105BH         LINE#         428
  C:105BH         LINE#         429
  C:1066H         LINE#         430
  C:1071H         LINE#         431
  C:1071H         LINE#         432
  C:1077H         LINE#         433
  C:1077H         LINE#         434
BL51 BANKED LINKER/LOCATER V6.22                                                      07/31/2015  14:02:49  PAGE 27


  C:107AH         LINE#         436
  C:107EH         LINE#         437
  C:1081H         LINE#         438
  C:1083H         LINE#         439
  C:1085H         LINE#         440
  C:1085H         LINE#         441
  C:1085H         LINE#         442
  C:1085H         LINE#         443
  C:1086H         LINE#         444
  C:1089H         LINE#         445
  C:108FH         LINE#         446
  -------         ENDPROC       DETECT_CLOSE_ACTION
  -------         PROC          DETECT_VIBRATION
  C:13C6H         LINE#         451
  C:13C6H         LINE#         452
  C:13C6H         LINE#         453
  C:13CCH         LINE#         454
  C:13CCH         LINE#         455
  C:13CEH         LINE#         456
  C:13D4H         LINE#         457
  C:13D4H         LINE#         458
  C:13D7H         LINE#         459
  C:13D7H         LINE#         460
  C:13EEH         LINE#         461
  C:13EEH         LINE#         462
  C:13F0H         LINE#         463
  C:13F4H         LINE#         464
  C:13F4H         LINE#         465
  C:13F4H         LINE#         466
  -------         ENDPROC       DETECT_VIBRATION
  -------         PROC          DETECT_WHEEL_MOVING
  C:1451H         LINE#         471
  C:1451H         LINE#         472
  C:1451H         LINE#         473
  C:1454H         LINE#         474
  C:1454H         LINE#         475
  C:1456H         LINE#         476
  C:145CH         LINE#         477
  C:145CH         LINE#         478
  C:145FH         LINE#         479
  C:145FH         LINE#         480
  C:1476H         LINE#         481
  C:1476H         LINE#         482
  C:1478H         LINE#         483
  C:147CH         LINE#         484
  C:147CH         LINE#         485
  C:147CH         LINE#         486
  -------         ENDPROC       DETECT_WHEEL_MOVING
  -------         ENDMOD        OPERATION

  -------         MODULE        OTHER
  C:0000H         SYMBOL        _ICE_DUMMY_
  D:0080H         PUBLIC        P0
  D:0090H         PUBLIC        P1
  D:00A0H         PUBLIC        P2
  D:00B0H         PUBLIC        P3
  D:00A8H         PUBLIC        IE
BL51 BANKED LINKER/LOCATER V6.22                                                      07/31/2015  14:02:49  PAGE 28


  C:192BH         PUBLIC        _magnet_ACW_Taili
  B:00A0H.4       PUBLIC        Moto_EN
  D:00B8H         PUBLIC        IP
  D:00D8H         PUBLIC        WDCON0
  D:0098H         PUBLIC        SCON
  D:0088H         PUBLIC        TCON
  C:0003H         PUBLIC        Moto_Vibration
  C:191DH         PUBLIC        _magnet_ACW
  C:1952H         PUBLIC        Enable_sensor
  C:1395H         PUBLIC        _magnet_CW_Taili
  D:00E8H         PUBLIC        EIE
  C:1090H         PUBLIC        disable_sensor
  B:00A0H.2       PUBLIC        MagentControl_1
  B:00A0H.3       PUBLIC        MagentControl_2
  D:00F8H         PUBLIC        ADCCON0
  D:00C0H         PUBLIC        I2CON
  D:00C8H         PUBLIC        T2CON
  C:1364H         PUBLIC        _magnet_CW
  D:00D0H         PUBLIC        PSW
  B:0080H.5       PUBLIC        Externalmotor
  -------         PROC          _MAGNET_CW
  X:002AH         SYMBOL        x
  X:002CH         SYMBOL        y
  D:0003H         SYMBOL        z
  C:1364H         LINE#         44
  C:1371H         LINE#         45
  C:1371H         LINE#         47
  C:137AH         LINE#         49
  C:137CH         LINE#         50
  C:137EH         LINE#         51
  C:138EH         LINE#         52
  C:1390H         LINE#         53
  C:1392H         LINE#         54
  C:1394H         LINE#         55
  -------         ENDPROC       _MAGNET_CW
  -------         PROC          _MAGNET_CW_TAILI
  X:002EH         SYMBOL        x
  X:0030H         SYMBOL        y
  D:0003H         SYMBOL        z
  C:1395H         LINE#         61
  C:13A2H         LINE#         62
  C:13A2H         LINE#         64
  C:13ABH         LINE#         66
  C:13ADH         LINE#         67
  C:13AFH         LINE#         68
  C:13BFH         LINE#         69
  C:13C1H         LINE#         70
  C:13C3H         LINE#         71
  C:13C5H         LINE#         72
  -------         ENDPROC       _MAGNET_CW_TAILI
  -------         PROC          _MAGNET_ACW
  D:0006H         SYMBOL        x
  D:0004H         SYMBOL        y
  C:191DH         LINE#         78
  C:191DH         LINE#         79
  C:191DH         LINE#         80
  C:191FH         LINE#         81
BL51 BANKED LINKER/LOCATER V6.22                                                      07/31/2015  14:02:49  PAGE 29


  C:1921H         LINE#         82
  C:1923H         LINE#         83
  C:1926H         LINE#         84
  C:1928H         LINE#         85
  C:192AH         LINE#         86
  -------         ENDPROC       _MAGNET_ACW
  -------         PROC          _MAGNET_ACW_TAILI
  D:0006H         SYMBOL        x
  D:0004H         SYMBOL        y
  C:192BH         LINE#         92
  C:192BH         LINE#         93
  C:192BH         LINE#         94
  C:192DH         LINE#         95
  C:192FH         LINE#         96
  C:1931H         LINE#         97
  C:1934H         LINE#         98
  C:1936H         LINE#         99
  C:1938H         LINE#         100
  -------         ENDPROC       _MAGNET_ACW_TAILI
  -------         PROC          DISABLE_SENSOR
  C:1090H         LINE#         106
  C:1090H         LINE#         107
  C:1090H         LINE#         109
  C:1092H         LINE#         110
  C:1094H         LINE#         112
  C:1096H         LINE#         113
  C:1098H         LINE#         114
  C:109CH         LINE#         115
  C:109FH         LINE#         116
  C:10A2H         LINE#         117
  C:10A7H         LINE#         118
  C:10ACH         LINE#         119
  C:10B1H         LINE#         120
  C:10B4H         LINE#         121
  C:10B7H         LINE#         122
  C:10B9H         LINE#         123
  C:10BBH         LINE#         124
  C:10BDH         LINE#         125
  C:10C0H         LINE#         126
  C:10C2H         LINE#         127
  C:10C5H         LINE#         129
  C:10C7H         LINE#         132
  C:10CAH         LINE#         133
  C:10CCH         LINE#         135
  C:10CEH         LINE#         136
  C:10D1H         LINE#         138
  C:10D3H         LINE#         139
  C:10D6H         LINE#         140
  -------         ENDPROC       DISABLE_SENSOR
  -------         PROC          ENABLE_SENSOR
  C:1952H         LINE#         146
  C:1952H         LINE#         147
  C:1952H         LINE#         149
  C:1954H         LINE#         150
  C:1956H         LINE#         153
  C:195AH         LINE#         154
  C:195DH         LINE#         155
BL51 BANKED LINKER/LOCATER V6.22                                                      07/31/2015  14:02:49  PAGE 30


  -------         ENDPROC       ENABLE_SENSOR
  -------         PROC          MOTO_VIBRATION
  C:0003H         LINE#         161
  C:0003H         LINE#         162
  C:0003H         LINE#         163
  C:0005H         LINE#         164
  C:0008H         LINE#         165
  C:000AH         LINE#         166
  -------         ENDPROC       MOTO_VIBRATION
  -------         ENDMOD        OTHER

  -------         MODULE        PWM
  C:0000H         SYMBOL        _ICE_DUMMY_
  D:0080H         PUBLIC        P0
  D:0090H         PUBLIC        P1
  D:00A0H         PUBLIC        P2
  D:00B0H         PUBLIC        P3
  D:00DCH         PUBLIC        PWMCON0
  D:00D1H         PUBLIC        PWMPH
  D:00A8H         PUBLIC        IE
  D:00D9H         PUBLIC        PWMPL
  C:0D6CH         PUBLIC        _PWM_Channel
  D:00B8H         PUBLIC        IP
  C:198FH         PUBLIC        myPwm
  D:00D8H         PUBLIC        WDCON0
  D:0098H         PUBLIC        SCON
  D:0088H         PUBLIC        TCON
  D:00E8H         PUBLIC        EIE
  D:00F8H         PUBLIC        ADCCON0
  D:00C0H         PUBLIC        I2CON
  X:0032H         PUBLIC        PWM_shadow
  D:00C8H         PUBLIC        T2CON
  C:1714H         PUBLIC        Init_PWM
  D:00D2H         PUBLIC        PWM0H
  D:00D3H         PUBLIC        PWM1H
  D:00D5H         PUBLIC        PWM2H
  D:00D6H         PUBLIC        PWM3H
  D:00DAH         PUBLIC        PWM0L
  D:00DBH         PUBLIC        PWM1L
  D:00DDH         PUBLIC        PWM2L
  D:00DEH         PUBLIC        PWM3L
  D:00D0H         PUBLIC        PSW
  -------         PROC          INIT_PWM
  C:1714H         LINE#         19
  C:1714H         LINE#         20
  C:1714H         LINE#         22
  C:1717H         LINE#         24
  C:171FH         LINE#         26
  C:1728H         LINE#         27
  C:172BH         LINE#         28
  -------         ENDPROC       INIT_PWM
  -------         PROC          _PWM_CHANNEL
  D:0007H         SYMBOL        Channel
  C:0D6CH         LINE#         34
  C:0D6CH         LINE#         35
  C:0D6CH         LINE#         36
  C:0D7AH         LINE#         37
BL51 BANKED LINKER/LOCATER V6.22                                                      07/31/2015  14:02:49  PAGE 31


  C:0D7AH         LINE#         39
  C:0D7AH         LINE#         40
  C:0D7AH         LINE#         41
  C:0D82H         LINE#         42
  C:0D8BH         LINE#         43
  C:0D8EH         LINE#         44
  C:0D8EH         LINE#         45
  C:0D8FH         LINE#         47
  C:0D8FH         LINE#         48
  C:0D8FH         LINE#         49
  C:0D97H         LINE#         50
  C:0DA0H         LINE#         51
  C:0DA3H         LINE#         52
  C:0DA3H         LINE#         53
  C:0DA4H         LINE#         55
  C:0DA4H         LINE#         56
  C:0DA4H         LINE#         57
  C:0DACH         LINE#         58
  C:0DB5H         LINE#         59
  C:0DB8H         LINE#         60
  C:0DB8H         LINE#         61
  C:0DB9H         LINE#         63
  C:0DB9H         LINE#         64
  C:0DB9H         LINE#         65
  C:0DC1H         LINE#         66
  C:0DCAH         LINE#         67
  C:0DCDH         LINE#         68
  C:0DCDH         LINE#         69
  C:0DCDH         LINE#         70
  C:0DCDH         LINE#         71
  -------         ENDPROC       _PWM_CHANNEL
  -------         PROC          MYPWM
  C:198FH         LINE#         77
  C:198FH         LINE#         78
  C:198FH         LINE#         80
  C:1994H         LINE#         82
  -------         ENDPROC       MYPWM
  -------         ENDMOD        PWM

  -------         MODULE        TIMER
  C:0000H         SYMBOL        _ICE_DUMMY_
  D:0080H         PUBLIC        P0
  D:0090H         PUBLIC        P1
  D:00A0H         PUBLIC        P2
  D:00B0H         PUBLIC        P3
  B:00A8H.7       PUBLIC        EA
  D:00A8H         PUBLIC        IE
  D:00B8H         PUBLIC        IP
  C:0EDDH         PUBLIC        _InitT0
  C:0A5EH         PUBLIC        _InitTimer
  D:00D8H         PUBLIC        WDCON0
  D:0087H         PUBLIC        PCON
  D:0098H         PUBLIC        SCON
  X:0036H         PUBLIC        timer0_8H
  D:0089H         PUBLIC        TMOD
  D:0088H         PUBLIC        TCON
  X:0037H         PUBLIC        timer1_8H
BL51 BANKED LINKER/LOCATER V6.22                                                      07/31/2015  14:02:49  PAGE 32


  X:0038H         PUBLIC        timer0_8L
  C:17FDH         PUBLIC        hSCH_Start
  X:0039H         PUBLIC        timer1_8L
  B:00A8H.1       PUBLIC        ET0
  B:00A8H.3       PUBLIC        ET1
  D:008CH         PUBLIC        TH0
  D:008DH         PUBLIC        TH1
  D:008AH         PUBLIC        TL0
  D:008BH         PUBLIC        TL1
  D:00E8H         PUBLIC        EIE
  B:00B8H.3       PUBLIC        PT1
  B:0088H.4       PUBLIC        TR0
  B:0088H.6       PUBLIC        TR1
  C:17DFH         PUBLIC        hSCH_Manual_Timer0_Reload
  D:00F8H         PUBLIC        ADCCON0
  D:00C0H         PUBLIC        I2CON
  D:00C8H         PUBLIC        T2CON
  C:199FH         PUBLIC        sEOS_Go_To_Sleep
  D:00D0H         PUBLIC        PSW
  -------         PROC          _INITTIMER
  D:0007H         SYMBOL        Tick_ms_T0
  X:0034H         SYMBOL        Tick_us_T1
  -------         DO            
  D:0004H         SYMBOL        Inc_T0
  D:0004H         SYMBOL        Inc_T1
  D:0004H         SYMBOL        timer0_16
  D:0004H         SYMBOL        timer1_16
  -------         ENDDO         
  C:0A5EH         LINE#         36
  C:0A65H         LINE#         37
  C:0A65H         LINE#         42
  C:0A77H         LINE#         43
  C:0A7DH         LINE#         44
  C:0A80H         LINE#         45
  C:0A84H         LINE#         48
  C:0AA3H         LINE#         49
  C:0AABH         LINE#         50
  C:0AAFH         LINE#         51
  C:0AB5H         LINE#         53
  C:0AB8H         LINE#         55
  C:0ABDH         LINE#         56
  C:0AC2H         LINE#         57
  C:0AC4H         LINE#         58
  C:0AC6H         LINE#         60
  C:0AC8H         LINE#         61
  C:0ACAH         LINE#         62
  C:0ACCH         LINE#         63
  C:0ACEH         LINE#         64
  C:0AD0H         LINE#         65
  C:0AD2H         LINE#         66
  -------         ENDPROC       _INITTIMER
  -------         PROC          _INITT0
  X:0096H         SYMBOL        Tick_ms_T0
  -------         DO            
  D:0004H         SYMBOL        Inc_T0
  D:0004H         SYMBOL        timer0_16
  X:0097H         SYMBOL        i
BL51 BANKED LINKER/LOCATER V6.22                                                      07/31/2015  14:02:49  PAGE 33


  -------         ENDDO         
  C:0EDDH         LINE#         71
  C:0EE1H         LINE#         72
  C:0EE1H         LINE#         77
  C:0EEDH         LINE#         78
  C:0EEDH         LINE#         79
  C:0EF0H         LINE#         80
  C:0EF7H         LINE#         83
  C:0F0DH         LINE#         84
  C:0F16H         LINE#         85
  C:0F19H         LINE#         86
  C:0F1DH         LINE#         88
  C:0F20H         LINE#         89
  C:0F23H         LINE#         91
  C:0F26H         LINE#         93
  C:0F28H         LINE#         94
  -------         ENDPROC       _INITT0
  -------         PROC          HSCH_START
  C:17FDH         LINE#         108
  C:17FDH         LINE#         109
  C:17FDH         LINE#         110
  C:17FFH         LINE#         111
  -------         ENDPROC       HSCH_START
  -------         PROC          SEOS_GO_TO_SLEEP
  C:199FH         LINE#         117
  C:199FH         LINE#         118
  C:199FH         LINE#         119
  C:19A2H         LINE#         120
  -------         ENDPROC       SEOS_GO_TO_SLEEP
  -------         PROC          HSCH_MANUAL_TIMER0_RELOAD
  C:17DFH         LINE#         134
  C:17DFH         LINE#         135
  C:17DFH         LINE#         137
  C:17E1H         LINE#         143
  C:17E6H         LINE#         144
  C:17EBH         LINE#         147
  C:17EDH         LINE#         148
  -------         ENDPROC       HSCH_MANUAL_TIMER0_RELOAD
  -------         ENDMOD        TIMER

  -------         MODULE        UART
  C:0000H         SYMBOL        _ICE_DUMMY_
  D:0080H         PUBLIC        P0
  D:0090H         PUBLIC        P1
  D:00A0H         PUBLIC        P2
  D:00B0H         PUBLIC        P3
  B:00A8H.7       PUBLIC        EA
  C:1997H         PUBLIC        _SendData
[...]
    SEGMENT: ?PR?_INITTIMER?TIMER

*** WARNING L16: UNCALLED SEGMENT, IGNORED FOR OVERLAY PROCESS
    SEGMENT: ?PR?HSCH_START?TIMER

*** WARNING L16: UNCALLED SEGMENT, IGNORED FOR OVERLAY PROCESS
    SEGMENT: ?PR?BATTERY_HINT?VOICE

*** WARNING L16: UNCALLED SEGMENT, IGNORED FOR OVERLAY PROCESS
    SEGMENT: ?PR?HOST_TOUCH_SPEECH?VOICE

*** WARNING L16: UNCALLED SEGMENT, IGNORED FOR OVERLAY PROCESS
    SEGMENT: ?PR?HOST_2NDTOUCH_SPEECH?VOICE

*** WARNING L16: UNCALLED SEGMENT, IGNORED FOR OVERLAY PROCESS
    SEGMENT: ?PR?BATTERY_STOLEN_SPEECH?VOICE

*** WARNING L16: UNCALLED SEGMENT, IGNORED FOR OVERLAY PROCESS
    SEGMENT: ?PR?CUTTING_WIRE_VOICE?VOICE

*** WARNING L16: UNCALLED SEGMENT, IGNORED FOR OVERLAY PROCESS
    SEGMENT: ?PR?PRODUCT_TEST_VOICE?VOICE

*** WARNING L16: UNCALLED SEGMENT, IGNORED FOR OVERLAY PROCESS
    SEGMENT: ?PR?BATTERY_HIGH_ALARM_SPEECH?VOICE
BL51 BANKED LINKER/LOCATER V6.22                                                      07/31/2015  14:02:49  PAGE 57



*** WARNING L16: UNCALLED SEGMENT, IGNORED FOR OVERLAY PROCESS
    SEGMENT: ?PR?BATTERY_STOLEN_SPEECH_F3?VOICE

*** WARNING L16: UNCALLED SEGMENT, IGNORED FOR OVERLAY PROCESS
    SEGMENT: ?PR?LOCK_ROTATED_ON_SPEECH?VOICE

*** WARNING L16: UNCALLED SEGMENT, IGNORED FOR OVERLAY PROCESS
    SEGMENT: ?PR?LOCK_ROTATED_OFF_SPEECH?VOICE

*** WARNING L16: UNCALLED SEGMENT, IGNORED FOR OVERLAY PROCESS
    SEGMENT: ?PR?IDCERTED_SPEECH?VOICE

*** WARNING L16: UNCALLED SEGMENT, IGNORED FOR OVERLAY PROCESS
    SEGMENT: ?PR?ACCUMULATOR_VOICE_PROMOT?VOICE

*** WARNING L16: UNCALLED SEGMENT, IGNORED FOR OVERLAY PROCESS
    SEGMENT: ?PR?ENTER_NOGUARD_VOICE?VOICE

*** WARNING L16: UNCALLED SEGMENT, IGNORED FOR OVERLAY PROCESS
    SEGMENT: ?PR?_FLASH_READ_DATA?ISP_DATAFLASH

*** WARNING L16: UNCALLED SEGMENT, IGNORED FOR OVERLAY PROCESS
    SEGMENT: ?PR?HSCH_DISPATCH_TASKS?SCHEDULAR

*** WARNING L16: UNCALLED SEGMENT, IGNORED FOR OVERLAY PROCESS
    SEGMENT: ?PR?_HSCH_ADD_TASK?SCHEDULAR

*** WARNING L16: UNCALLED SEGMENT, IGNORED FOR OVERLAY PROCESS
    SEGMENT: ?PR?HSCH_UPDATE?SCHEDULAR

*** WARNING L15: MULTIPLE CALL TO SEGMENT
    SEGMENT: ?PR?_INITT0?TIMER
    CALLER1: ?PR?TIMER0?MAIN
    CALLER2: ?C_C51STARTUP

*** WARNING L15: MULTIPLE CALL TO SEGMENT
    SEGMENT: ?PR?_HSCH_DELETE_TASK?SCHEDULAR
    CALLER1: ?PR?TIMER0?MAIN
    CALLER2: ?C_C51STARTUP

*** WARNING L15: MULTIPLE CALL TO SEGMENT
    SEGMENT: ?PR?_SC_SPEECH?VOICE
    CALLER1: ?PR?TIMER0?MAIN
    CALLER2: ?C_C51STARTUP

*** WARNING L1: UNRESOLVED EXTERNAL SYMBOL
    SYMBOL:  JUST_POWER_UP
    MODULE:  .\operation.obj (OPERATION)

*** WARNING L1: UNRESOLVED EXTERNAL SYMBOL
    SYMBOL:  LOAD_BATTERY_RESULT
    MODULE:  .\operation.obj (OPERATION)

*** WARNING L1: UNRESOLVED EXTERNAL SYMBOL
    SYMBOL:  ELECMOTOR_CW
    MODULE:  .\operation.obj (OPERATION)
BL51 BANKED LINKER/LOCATER V6.22                                                      07/31/2015  14:02:49  PAGE 58



*** WARNING L1: UNRESOLVED EXTERNAL SYMBOL
    SYMBOL:  SLAVE_NEARBY_COUNT
    MODULE:  .\operation.obj (OPERATION)

*** WARNING L1: UNRESOLVED EXTERNAL SYMBOL
    SYMBOL:  NEVER_ALARM
    MODULE:  .\operation.obj (OPERATION)

*** WARNING L1: UNRESOLVED EXTERNAL SYMBOL
    SYMBOL:  SILENCE_FLAG
    MODULE:  .\operation.obj (OPERATION)

*** WARNING L1: UNRESOLVED EXTERNAL SYMBOL
    SYMBOL:  WIRE_BROKEN_RESET
    MODULE:  .\operation.obj (OPERATION)

*** WARNING L1: UNRESOLVED EXTERNAL SYMBOL
    SYMBOL:  IDKEY_SPEECH_FLASH
    MODULE:  .\operation.obj (OPERATION)

*** WARNING L1: UNRESOLVED EXTERNAL SYMBOL
    SYMBOL:  IDKEY_SELFLEARN_HVCOUNT
    MODULE:  .\operation.obj (OPERATION)

*** WARNING L1: UNRESOLVED EXTERNAL SYMBOL
    SYMBOL:  IDKEY_SELFLEARN_FLAG1
    MODULE:  .\operation.obj (OPERATION)

*** WARNING L1: UNRESOLVED EXTERNAL SYMBOL
    SYMBOL:  IDKEY_SELFLEARN_FLAG2
    MODULE:  .\operation.obj (OPERATION)

*** WARNING L1: UNRESOLVED EXTERNAL SYMBOL
    SYMBOL:  IDKEY_SELFLEARN_LVCOUNT
    MODULE:  .\operation.obj (OPERATION)

*** WARNING L1: UNRESOLVED EXTERNAL SYMBOL
    SYMBOL:  IDKEY_SELFLEARN_FLAG3
    MODULE:  .\operation.obj (OPERATION)

*** WARNING L1: UNRESOLVED EXTERNAL SYMBOL
    SYMBOL:  IDKEY_SELFLEARN_FLAG4
    MODULE:  .\operation.obj (OPERATION)

*** WARNING L1: UNRESOLVED EXTERNAL SYMBOL
    SYMBOL:  SLAVE_NEARBY_ACTIONED_FLAG
    MODULE:  .\operation.obj (OPERATION)

*** WARNING L1: UNRESOLVED EXTERNAL SYMBOL
    SYMBOL:  IDKEY_SELFLEARN_FLAG5
    MODULE:  .\operation.obj (OPERATION)

*** WARNING L1: UNRESOLVED EXTERNAL SYMBOL
    SYMBOL:  ID_SELFLEARNING_TIMECOUNT
    MODULE:  .\operation.obj (OPERATION)

BL51 BANKED LINKER/LOCATER V6.22                                                      07/31/2015  14:02:49  PAGE 59


*** WARNING L1: UNRESOLVED EXTERNAL SYMBOL
    SYMBOL:  ID_SPEECHED_FLAG
    MODULE:  .\operation.obj (OPERATION)

*** WARNING L1: UNRESOLVED EXTERNAL SYMBOL
    SYMBOL:  IDKEY_FLASH_EN
    MODULE:  .\operation.obj (OPERATION)

*** WARNING L1: UNRESOLVED EXTERNAL SYMBOL
    SYMBOL:  ID_CERTIFICATED_NUMBERS
    MODULE:  .\operation.obj (OPERATION)

*** WARNING L1: UNRESOLVED EXTERNAL SYMBOL
    SYMBOL:  HOST_STOLEN_ALARMING
    MODULE:  .\operation.obj (OPERATION)

*** WARNING L1: UNRESOLVED EXTERNAL SYMBOL
    SYMBOL:  ELECMOTOR_ACW
    MODULE:  .\operation.obj (OPERATION)

*** WARNING L1: UNRESOLVED EXTERNAL SYMBOL
    SYMBOL:  FLASHING_FLAG
    MODULE:  .\operation.obj (OPERATION)

*** WARNING L1: UNRESOLVED EXTERNAL SYMBOL
    SYMBOL:  AFTER_IDCERT_TIMECOUNT
    MODULE:  .\operation.obj (OPERATION)

*** WARNING L1: UNRESOLVED EXTERNAL SYMBOL
    SYMBOL:  ID_CERTIFICATED_FLAG
    MODULE:  .\operation.obj (OPERATION)

*** WARNING L1: UNRESOLVED EXTERNAL SYMBOL
    SYMBOL:  EN_HOST_STOLEN_ALARMING
    MODULE:  .\operation.obj (OPERATION)

*** WARNING L1: UNRESOLVED EXTERNAL SYMBOL
    SYMBOL:  ID_SELFLEARNING_FLAG
    MODULE:  .\operation.obj (OPERATION)

*** WARNING L1: UNRESOLVED EXTERNAL SYMBOL
    SYMBOL:  OPEN_ACTION_FLAG
    MODULE:  .\operation.obj (OPERATION)

*** WARNING L1: UNRESOLVED EXTERNAL SYMBOL
    SYMBOL:  STOLEN_ALARM_RESET_COUNT
    MODULE:  .\operation.obj (OPERATION)

*** WARNING L2: REFERENCE MADE TO UNRESOLVED EXTERNAL
    SYMBOL:  SILENCE_FLAG
    MODULE:  .\operation.obj (OPERATION)
    ADDRESS: 13F6H

*** WARNING L2: REFERENCE MADE TO UNRESOLVED EXTERNAL
    SYMBOL:  LOAD_BATTERY_RESULT
    MODULE:  .\operation.obj (OPERATION)
    ADDRESS: 1403H
BL51 BANKED LINKER/LOCATER V6.22                                                      07/31/2015  14:02:49  PAGE 60



*** WARNING L2: REFERENCE MADE TO UNRESOLVED EXTERNAL
    SYMBOL:  ID_CERTIFICATED_NUMBERS
    MODULE:  .\operation.obj (OPERATION)
    ADDRESS: 141BH

*** WARNING L2: REFERENCE MADE TO UNRESOLVED EXTERNAL
    SYMBOL:  SILENCE_FLAG
    MODULE:  .\operation.obj (OPERATION)
    ADDRESS: 141EH

*** WARNING L2: REFERENCE MADE TO UNRESOLVED EXTERNAL
    SYMBOL:  SILENCE_FLAG
    MODULE:  .\operation.obj (OPERATION)
    ADDRESS: 1421H

*** WARNING L2: REFERENCE MADE TO UNRESOLVED EXTERNAL
    SYMBOL:  SLAVE_NEARBY_ACTIONED_FLAG
    MODULE:  .\operation.obj (OPERATION)
    ADDRESS: 14F8H

*** WARNING L2: REFERENCE MADE TO UNRESOLVED EXTERNAL
    SYMBOL:  ID_SPEECHED_FLAG
    MODULE:  .\operation.obj (OPERATION)
    ADDRESS: 14FAH

*** WARNING L2: REFERENCE MADE TO UNRESOLVED EXTERNAL
    SYMBOL:  AFTER_IDCERT_TIMECOUNT
    MODULE:  .\operation.obj (OPERATION)
    ADDRESS: 14FDH

*** WARNING L2: REFERENCE MADE TO UNRESOLVED EXTERNAL
    SYMBOL:  ID_CERTIFICATED_FLAG
    MODULE:  .\operation.obj (OPERATION)
    ADDRESS: 1500H

*** WARNING L2: REFERENCE MADE TO UNRESOLVED EXTERNAL
    SYMBOL:  ID_CERTIFICATED_NUMBERS
    MODULE:  .\operation.obj (OPERATION)
    ADDRESS: 1502H

*** WARNING L2: REFERENCE MADE TO UNRESOLVED EXTERNAL
    SYMBOL:  SILENCE_FLAG
    MODULE:  .\operation.obj (OPERATION)
    ADDRESS: 1505H

*** WARNING L2: REFERENCE MADE TO UNRESOLVED EXTERNAL
    SYMBOL:  JUST_POWER_UP
    MODULE:  .\operation.obj (OPERATION)
    ADDRESS: 150BH

*** WARNING L2: REFERENCE MADE TO UNRESOLVED EXTERNAL
    SYMBOL:  LOAD_BATTERY_RESULT
    MODULE:  .\operation.obj (OPERATION)
    ADDRESS: 150EH

*** WARNING L2: REFERENCE MADE TO UNRESOLVED EXTERNAL
BL51 BANKED LINKER/LOCATER V6.22                                                      07/31/2015  14:02:49  PAGE 61


    SYMBOL:  EN_HOST_STOLEN_ALARMING
    MODULE:  .\operation.obj (OPERATION)
    ADDRESS: 16FDH

*** WARNING L2: REFERENCE MADE TO UNRESOLVED EXTERNAL
    SYMBOL:  HOST_STOLEN_ALARMING
    MODULE:  .\operation.obj (OPERATION)
    ADDRESS: 1700H

*** WARNING L2: REFERENCE MADE TO UNRESOLVED EXTERNAL
    SYMBOL:  ID_CERTIFICATED_FLAG
    MODULE:  .\operation.obj (OPERATION)
    ADDRESS: 153FH

*** WARNING L2: REFERENCE MADE TO UNRESOLVED EXTERNAL
    SYMBOL:  AFTER_IDCERT_TIMECOUNT
    MODULE:  .\operation.obj (OPERATION)
    ADDRESS: 1542H

*** WARNING L2: REFERENCE MADE TO UNRESOLVED EXTERNAL
    SYMBOL:  ID_CERTIFICATED_FLAG
    MODULE:  .\operation.obj (OPERATION)
    ADDRESS: 154CH

*** WARNING L2: REFERENCE MADE TO UNRESOLVED EXTERNAL
    SYMBOL:  ID_CERTIFICATED_NUMBERS
    MODULE:  .\operation.obj (OPERATION)
    ADDRESS: 1550H

*** WARNING L2: REFERENCE MADE TO UNRESOLVED EXTERNAL
    SYMBOL:  OPEN_ACTION_FLAG
    MODULE:  .\operation.obj (OPERATION)
    ADDRESS: 1553H

*** WARNING L2: REFERENCE MADE TO UNRESOLVED EXTERNAL
    SYMBOL:  NEVER_ALARM
    MODULE:  .\operation.obj (OPERATION)
    ADDRESS: 1558H

*** WARNING L2: REFERENCE MADE TO UNRESOLVED EXTERNAL
    SYMBOL:  NEVER_ALARM
    MODULE:  .\operation.obj (OPERATION)
    ADDRESS: 155EH

*** WARNING L2: REFERENCE MADE TO UNRESOLVED EXTERNAL
    SYMBOL:  NEVER_ALARM
    MODULE:  .\operation.obj (OPERATION)
    ADDRESS: 15F2H

*** WARNING L2: REFERENCE MADE TO UNRESOLVED EXTERNAL
    SYMBOL:  ID_SELFLEARNING_FLAG
    MODULE:  .\operation.obj (OPERATION)
    ADDRESS: 14D2H

*** WARNING L2: REFERENCE MADE TO UNRESOLVED EXTERNAL
    SYMBOL:  ID_SELFLEARNING_TIMECOUNT
    MODULE:  .\operation.obj (OPERATION)
BL51 BANKED LINKER/LOCATER V6.22                                                      07/31/2015  14:02:49  PAGE 62


    ADDRESS: 14D5H

*** WARNING L2: REFERENCE MADE TO UNRESOLVED EXTERNAL
    SYMBOL:  ID_SELFLEARNING_FLAG
    MODULE:  .\operation.obj (OPERATION)
    ADDRESS: 14DFH

*** WARNING L2: REFERENCE MADE TO UNRESOLVED EXTERNAL
    SYMBOL:  IDKEY_SELFLEARN_HVCOUNT
    MODULE:  .\operation.obj (OPERATION)
    ADDRESS: 14E3H

*** WARNING L2: REFERENCE MADE TO UNRESOLVED EXTERNAL
    SYMBOL:  IDKEY_SELFLEARN_LVCOUNT
    MODULE:  .\operation.obj (OPERATION)
    ADDRESS: 14E8H

*** WARNING L2: REFERENCE MADE TO UNRESOLVED EXTERNAL
    SYMBOL:  IDKEY_SELFLEARN_FLAG1
    MODULE:  .\operation.obj (OPERATION)
    ADDRESS: 14EDH

*** WARNING L2: REFERENCE MADE TO UNRESOLVED EXTERNAL
    SYMBOL:  IDKEY_SELFLEARN_FLAG2
    MODULE:  .\operation.obj (OPERATION)
    ADDRESS: 14EFH

*** WARNING L2: REFERENCE MADE TO UNRESOLVED EXTERNAL
    SYMBOL:  IDKEY_SELFLEARN_FLAG3
    MODULE:  .\operation.obj (OPERATION)
    ADDRESS: 14F1H

*** WARNING L2: REFERENCE MADE TO UNRESOLVED EXTERNAL
    SYMBOL:  IDKEY_SELFLEARN_FLAG4
    MODULE:  .\operation.obj (OPERATION)
    ADDRESS: 14F3H

*** WARNING L2: REFERENCE MADE TO UNRESOLVED EXTERNAL
    SYMBOL:  IDKEY_SELFLEARN_FLAG5
    MODULE:  .\operation.obj (OPERATION)
    ADDRESS: 14F5H

*** WARNING L2: REFERENCE MADE TO UNRESOLVED EXTERNAL
    SYMBOL:  IDKEY_SPEECH_FLASH
    MODULE:  .\operation.obj (OPERATION)
    ADDRESS: 197EH

*** WARNING L2: REFERENCE MADE TO UNRESOLVED EXTERNAL
    SYMBOL:  IDKEY_SPEECH_FLASH
    MODULE:  .\operation.obj (OPERATION)
    ADDRESS: 1981H

*** WARNING L2: REFERENCE MADE TO UNRESOLVED EXTERNAL
    SYMBOL:  WIRE_BROKEN_RESET
    MODULE:  .\operation.obj (OPERATION)
    ADDRESS: 17D0H

BL51 BANKED LINKER/LOCATER V6.22                                                      07/31/2015  14:02:49  PAGE 63


*** WARNING L2: REFERENCE MADE TO UNRESOLVED EXTERNAL
    SYMBOL:  WIRE_BROKEN_RESET
    MODULE:  .\operation.obj (OPERATION)
    ADDRESS: 17D3H

*** WARNING L2: REFERENCE MADE TO UNRESOLVED EXTERNAL
    SYMBOL:  EN_HOST_STOLEN_ALARMING
    MODULE:  .\operation.obj (OPERATION)
    ADDRESS: 17D9H

*** WARNING L2: REFERENCE MADE TO UNRESOLVED EXTERNAL
    SYMBOL:  HOST_STOLEN_ALARMING
    MODULE:  .\operation.obj (OPERATION)
    ADDRESS: 17DBH

*** WARNING L2: REFERENCE MADE TO UNRESOLVED EXTERNAL
    SYMBOL:  EN_HOST_STOLEN_ALARMING
    MODULE:  .\operation.obj (OPERATION)
    ADDRESS: 15A2H

*** WARNING L2: REFERENCE MADE TO UNRESOLVED EXTERNAL
    SYMBOL:  STOLEN_ALARM_RESET_COUNT
    MODULE:  .\operation.obj (OPERATION)
    ADDRESS: 15A5H

*** WARNING L2: REFERENCE MADE TO UNRESOLVED EXTERNAL
    SYMBOL:  EN_HOST_STOLEN_ALARMING
    MODULE:  .\operation.obj (OPERATION)
    ADDRESS: 15B3H

*** WARNING L2: REFERENCE MADE TO UNRESOLVED EXTERNAL
    SYMBOL:  HOST_STOLEN_ALARMING
    MODULE:  .\operation.obj (OPERATION)
    ADDRESS: 15B5H

*** WARNING L2: REFERENCE MADE TO UNRESOLVED EXTERNAL
    SYMBOL:  STOLEN_ALARM_RESET_COUNT
    MODULE:  .\operation.obj (OPERATION)
    ADDRESS: 15B9H

*** WARNING L2: REFERENCE MADE TO UNRESOLVED EXTERNAL
    SYMBOL:  JUST_POWER_UP
    MODULE:  .\operation.obj (OPERATION)
    ADDRESS: 1567H

*** WARNING L2: REFERENCE MADE TO UNRESOLVED EXTERNAL
    SYMBOL:  SLAVE_NEARBY_COUNT
    MODULE:  .\operation.obj (OPERATION)
    ADDRESS: 156AH

*** WARNING L2: REFERENCE MADE TO UNRESOLVED EXTERNAL
    SYMBOL:  SLAVE_NEARBY_ACTIONED_FLAG
    MODULE:  .\operation.obj (OPERATION)
    ADDRESS: 1577H

*** WARNING L2: REFERENCE MADE TO UNRESOLVED EXTERNAL
    SYMBOL:  ID_CERTIFICATED_FLAG
BL51 BANKED LINKER/LOCATER V6.22                                                      07/31/2015  14:02:49  PAGE 64


    MODULE:  .\operation.obj (OPERATION)
    ADDRESS: 1579H

*** WARNING L2: REFERENCE MADE TO UNRESOLVED EXTERNAL
    SYMBOL:  NEVER_ALARM
    MODULE:  .\operation.obj (OPERATION)
    ADDRESS: 157BH

*** WARNING L2: REFERENCE MADE TO UNRESOLVED EXTERNAL
    SYMBOL:  ID_SELFLEARNING_FLAG
    MODULE:  .\operation.obj (OPERATION)
    ADDRESS: 0E4EH

*** WARNING L2: REFERENCE MADE TO UNRESOLVED EXTERNAL
    SYMBOL:  ID_SELFLEARNING_FLAG
    MODULE:  .\operation.obj (OPERATION)
    ADDRESS: 0E71H

*** WARNING L2: REFERENCE MADE TO UNRESOLVED EXTERNAL
    SYMBOL:  IDKEY_FLASH_EN
    MODULE:  .\operation.obj (OPERATION)
    ADDRESS: 0E76H

*** WARNING L2: REFERENCE MADE TO UNRESOLVED EXTERNAL
    SYMBOL:  IDKEY_FLASH_EN
    MODULE:  .\operation.obj (OPERATION)
    ADDRESS: 0E79H

*** WARNING L2: REFERENCE MADE TO UNRESOLVED EXTERNAL
    SYMBOL:  FLASHING_FLAG
    MODULE:  .\operation.obj (OPERATION)
    ADDRESS: 0E7BH

*** WARNING L2: REFERENCE MADE TO UNRESOLVED EXTERNAL
    SYMBOL:  OPEN_ACTION_FLAG
    MODULE:  .\operation.obj (OPERATION)
    ADDRESS: 14ACH

*** WARNING L2: REFERENCE MADE TO UNRESOLVED EXTERNAL
    SYMBOL:  ID_CERTIFICATED_FLAG
    MODULE:  .\operation.obj (OPERATION)
    ADDRESS: 14B1H

*** WARNING L2: REFERENCE MADE TO UNRESOLVED EXTERNAL
    SYMBOL:  OPEN_ACTION_FLAG
    MODULE:  .\operation.obj (OPERATION)
    ADDRESS: 14B7H

*** WARNING L2: REFERENCE MADE TO UNRESOLVED EXTERNAL
    SYMBOL:  ID_SPEECHED_FLAG
    MODULE:  .\operation.obj (OPERATION)
    ADDRESS: 14BCH

*** WARNING L2: REFERENCE MADE TO UNRESOLVED EXTERNAL
    SYMBOL:  AFTER_IDCERT_TIMECOUNT
    MODULE:  .\operation.obj (OPERATION)
    ADDRESS: 14BFH
BL51 BANKED LINKER/LOCATER V6.22                                                      07/31/2015  14:02:49  PAGE 65



*** WARNING L2: REFERENCE MADE TO UNRESOLVED EXTERNAL
    SYMBOL:  ID_CERTIFICATED_FLAG
    MODULE:  .\operation.obj (OPERATION)
    ADDRESS: 14C2H

*** WARNING L2: REFERENCE MADE TO UNRESOLVED EXTERNAL
    SYMBOL:  ID_CERTIFICATED_NUMBERS
    MODULE:  .\operation.obj (OPERATION)
    ADDRESS: 14C4H

*** WARNING L2: REFERENCE MADE TO UNRESOLVED EXTERNAL
    SYMBOL:  SLAVE_NEARBY_ACTIONED_FLAG
    MODULE:  .\operation.obj (OPERATION)
    ADDRESS: 14C7H

*** WARNING L2: REFERENCE MADE TO UNRESOLVED EXTERNAL
    SYMBOL:  ELECMOTOR_CW
    MODULE:  .\operation.obj (OPERATION)
    ADDRESS: 14C9H

*** WARNING L2: REFERENCE MADE TO UNRESOLVED EXTERNAL
    SYMBOL:  JUST_POWER_UP
    MODULE:  .\operation.obj (OPERATION)
    ADDRESS: 14CFH

*** WARNING L2: REFERENCE MADE TO UNRESOLVED EXTERNAL
    SYMBOL:  SLAVE_NEARBY_ACTIONED_FLAG
    MODULE:  .\operation.obj (OPERATION)
    ADDRESS: 104CH

*** WARNING L2: REFERENCE MADE TO UNRESOLVED EXTERNAL
    SYMBOL:  OPEN_ACTION_FLAG
    MODULE:  .\operation.obj (OPERATION)
    ADDRESS: 104FH

*** WARNING L2: REFERENCE MADE TO UNRESOLVED EXTERNAL
    SYMBOL:  SLAVE_NEARBY_ACTIONED_FLAG
    MODULE:  .\operation.obj (OPERATION)
    ADDRESS: 1075H

*** WARNING L2: REFERENCE MADE TO UNRESOLVED EXTERNAL
    SYMBOL:  ELECMOTOR_ACW
    MODULE:  .\operation.obj (OPERATION)
    ADDRESS: 1078H

*** WARNING L2: REFERENCE MADE TO UNRESOLVED EXTERNAL
    SYMBOL:  OPEN_ACTION_FLAG
    MODULE:  .\operation.obj (OPERATION)
    ADDRESS: 107CH

*** WARNING L2: REFERENCE MADE TO UNRESOLVED EXTERNAL
    SYMBOL:  IDKEY_SPEECH_FLASH
    MODULE:  .\operation.obj (OPERATION)
    ADDRESS: 1082H

*** WARNING L2: REFERENCE MADE TO UNRESOLVED EXTERNAL
BL51 BANKED LINKER/LOCATER V6.22                                                      07/31/2015  14:02:49  PAGE 66


    SYMBOL:  ID_SPEECHED_FLAG
    MODULE:  .\operation.obj (OPERATION)
    ADDRESS: 1084H

*** WARNING L1: UNRESOLVED EXTERNAL SYMBOL
    SYMBOL:  HOST_STOLEN_ALARMING
    MODULE:  .\Other.obj (OTHER)

*** WARNING L1: UNRESOLVED EXTERNAL SYMBOL
    SYMBOL:  EN_HOST_STOLEN_ALARMING
    MODULE:  .\Other.obj (OTHER)

*** WARNING L2: REFERENCE MADE TO UNRESOLVED EXTERNAL
    SYMBOL:  HOST_STOLEN_ALARMING
    MODULE:  .\Other.obj (OTHER)
    ADDRESS: 10B8H

*** WARNING L2: REFERENCE MADE TO UNRESOLVED EXTERNAL
    SYMBOL:  EN_HOST_STOLEN_ALARMING
    MODULE:  .\Other.obj (OTHER)
    ADDRESS: 10BCH

*** WARNING L1: UNRESOLVED EXTERNAL SYMBOL
    SYMBOL:  LOAD_BATTERY_RESULT
    MODULE:  .\voice.obj (VOICE)

*** WARNING L1: UNRESOLVED EXTERNAL SYMBOL
    SYMBOL:  FLASHING_FLAG
    MODULE:  .\voice.obj (VOICE)

*** WARNING L1: UNRESOLVED EXTERNAL SYMBOL
    SYMBOL:  EN_HOST_STOLEN_ALARMING
    MODULE:  .\voice.obj (VOICE)

*** WARNING L1: UNRESOLVED EXTERNAL SYMBOL
    SYMBOL:  CHECK_MOTOBATTERY_FLAG
    MODULE:  .\voice.obj (VOICE)

*** WARNING L1: UNRESOLVED EXTERNAL SYMBOL
    SYMBOL:  NEVER_ALARM_SPEECH
    MODULE:  .\voice.obj (VOICE)

*** WARNING L1: UNRESOLVED EXTERNAL SYMBOL
    SYMBOL:  CHECK_MOTOBATTERY_COUNT
    MODULE:  .\voice.obj (VOICE)

*** WARNING L2: REFERENCE MADE TO UNRESOLVED EXTERNAL
    SYMBOL:  FLASHING_FLAG
    MODULE:  .\voice.obj (VOICE)
    ADDRESS: 17CDH

*** WARNING L2: REFERENCE MADE TO UNRESOLVED EXTERNAL
    SYMBOL:  CHECK_MOTOBATTERY_COUNT
    MODULE:  .\voice.obj (VOICE)
    ADDRESS: 1333H

*** WARNING L2: REFERENCE MADE TO UNRESOLVED EXTERNAL
BL51 BANKED LINKER/LOCATER V6.22                                                      07/31/2015  14:02:49  PAGE 67


    SYMBOL:  CHECK_MOTOBATTERY_FLAG
    MODULE:  .\voice.obj (VOICE)
    ADDRESS: 1340H

*** WARNING L2: REFERENCE MADE TO UNRESOLVED EXTERNAL
    SYMBOL:  EN_HOST_STOLEN_ALARMING
    MODULE:  .\voice.obj (VOICE)
    ADDRESS: 1343H

*** WARNING L2: REFERENCE MADE TO UNRESOLVED EXTERNAL
    SYMBOL:  LOAD_BATTERY_RESULT
    MODULE:  .\voice.obj (VOICE)
    ADDRESS: 1356H

*** WARNING L2: REFERENCE MADE TO UNRESOLVED EXTERNAL
    SYMBOL:  CHECK_MOTOBATTERY_FLAG
    MODULE:  .\voice.obj (VOICE)
    ADDRESS: 1362H

*** WARNING L2: REFERENCE MADE TO UNRESOLVED EXTERNAL
    SYMBOL:  NEVER_ALARM_SPEECH
    MODULE:  .\voice.obj (VOICE)
    ADDRESS: 1987H

*** WARNING L2: REFERENCE MADE TO UNRESOLVED EXTERNAL
    SYMBOL:  NEVER_ALARM_SPEECH
    MODULE:  .\voice.obj (VOICE)
    ADDRESS: 198AH

Program Size: data=54.6 xdata=152 code=6576
LINK/LOCATE RUN COMPLETE.  173 WARNING(S),  0 ERROR(S)
