BL51 BANKED LINKER/LOCATER V6.22                                                        07/03/2015  10:06:22  PAGE 1


BL51 BANKED LINKER/LOCATER V6.22, INVOKED BY:
D:\PROGRAM FILES (X86)\KEIL_V5\C51\BIN\BL51.EXE .\AD.obj, .\Battery.obj, .\communication.obj, .\Delay.obj, .\operation.o
>> bj, .\Other.obj, .\pwm.obj, .\Timer.obj, .\UART.obj, .\voice.obj, .\ISP_DataFlash.obj, .\Schedular.obj, main.obj TO D
>> DC-F RAMSIZE (256)


MEMORY MODEL: COMPACT


INPUT MODULES INCLUDED:
  .\AD.obj (AD)
  .\Battery.obj (BATTERY)
  .\communication.obj (COMMUNICATION)
  .\Delay.obj (DELAY)
  .\operation.obj (OPERATION)
  .\Other.obj (OTHER)
  .\pwm.obj (PWM)
  .\Timer.obj (TIMER)
  .\UART.obj (UART)
  .\voice.obj (VOICE)
  .\ISP_DataFlash.obj (ISP_DATAFLASH)
  .\Schedular.obj (SCHEDULAR)
  main.obj (MAIN)
  D:\PROGRAM FILES (X86)\KEIL_V5\C51\LIB\C51C.LIB (?C_STARTUP)
  D:\PROGRAM FILES (X86)\KEIL_V5\C51\LIB\C51C.LIB (?C?CLDPTR)
  D:\PROGRAM FILES (X86)\KEIL_V5\C51\LIB\C51C.LIB (?C?LMUL)
  D:\PROGRAM FILES (X86)\KEIL_V5\C51\LIB\C51C.LIB (?C?ULDIV)
  D:\PROGRAM FILES (X86)\KEIL_V5\C51\LIB\C51C.LIB (?C?LNEG)
  D:\PROGRAM FILES (X86)\KEIL_V5\C51\LIB\C51C.LIB (?C?ICALL)
  D:\PROGRAM FILES (X86)\KEIL_V5\C51\LIB\C51C.LIB (?C?LIMUL)
  D:\PROGRAM FILES (X86)\KEIL_V5\C51\LIB\C51C.LIB (?C_INIT)


LINK MAP OF MODULE:  DDC-F (AD)


            TYPE    BASE      LENGTH    RELOCATION   SEGMENT NAME
            -----------------------------------------------------

            * * * * * * *   D A T A   M E M O R Y   * * * * * * *
            REG     0000H     0008H     ABSOLUTE     "REG BANK 0"
                    0008H     0018H                  *** GAP ***
            BIT     0020H.0   0004H.6   UNIT         ?BI?MAIN
            BIT     0024H.6   0000H.2   UNIT         ?BI?OPERATION
            BIT     0025H.0   0000H.1   UNIT         ?BI?_HSCH_ADD_TASK?SCHEDULAR
            BIT     0025H.1   0000H.1   UNIT         _BIT_GROUP_
                    0025H.2   0000H.6                *** GAP ***
            DATA    0026H     0028H     UNIT         ?DT?SCHEDULAR
            IDATA   004EH     0001H     UNIT         ?STACK

            * * * * * * *  X D A T A   M E M O R Y  * * * * * * *
            XDATA   0000H     0002H     INPAGE       ?PD?_VERIFYBATTERY?BATTERY
            XDATA   0002H     0001H     INPAGE       ?PD?BATTERY
            XDATA   0003H     0003H     INPAGE       ?PD?_SEND_DATA?COMMUNICATION
            XDATA   0006H     0003H     INPAGE       ?PD?_COMMODE_DATA?COMMUNICATION
            XDATA   0009H     0003H     INPAGE       ?PD?_COMMODE_DATA_WX?COMMUNICATION
            XDATA   000CH     0002H     INPAGE       ?PD?_UART_SEND_DATA?COMMUNICATION
            XDATA   000EH     0004H     INPAGE       ?PD?_SEND_CODE_TO_LOCK?COMMUNICATION
BL51 BANKED LINKER/LOCATER V6.22                                                      07/03/2015  10:06:22  PAGE 2


            XDATA   0012H     0004H     INPAGE       ?PD?_SEND_CODE_TO_LOCK_TAILI?COMMUNICATION
            XDATA   0016H     0007H     INPAGE       ?PD?COMMUNICATION
            XDATA   001DH     0002H     INPAGE       ?PD?_MAGNET_DELAY?DELAY
            XDATA   001FH     0002H     INPAGE       ?PD?DELAY
            XDATA   0021H     0004H     INPAGE       ?PD?_MAGNET_CW?OTHER
            XDATA   0025H     0004H     INPAGE       ?PD?_MAGNET_CW_TAILI?OTHER
            XDATA   0029H     0002H     INPAGE       ?PD?PWM
            XDATA   002BH     0002H     INPAGE       ?PD?_INITTIMER?TIMER
            XDATA   002DH     0004H     INPAGE       ?PD?TIMER
            XDATA   0031H     0001H     INPAGE       ?PD?VOICE
            XDATA   0032H     0002H     INPAGE       ?PD?_FLASH_PAGE_ERASE?ISP_DATAFLASH
            XDATA   0034H     0003H     INPAGE       ?PD?_FLASH_WRITE_DATA?ISP_DATAFLASH
            XDATA   0037H     0003H     INPAGE       ?PD?_FLASH_READ_DATA?ISP_DATAFLASH
            XDATA   003AH     0001H     INPAGE       ?PD?HSCH_DISPATCH_TASKS?SCHEDULAR
            XDATA   003BH     0002H     INPAGE       ?PD?_HSCH_ADD_TASK?SCHEDULAR
            XDATA   003DH     0001H     INPAGE       ?PD?HSCH_UPDATE?SCHEDULAR
            XDATA   003EH     0004H     INPAGE       ?PD?SCHEDULAR
            XDATA   0042H     0046H     INPAGE       ?PD?MAIN
            XDATA   0088H     000BH     INPAGE       _PDATA_GROUP_

            * * * * * * *   C O D E   M E M O R Y   * * * * * * *
            CODE    0000H     0003H     ABSOLUTE     
            CODE    0003H     0008H     INBLOCK      ?PR?MOTO_VIBRATION?OTHER
            CODE    000BH     0003H     ABSOLUTE     
            CODE    000EH     0015H     INBLOCK      ?PR?_FLASH_PAGE_ERASE?ISP_DATAFLASH
            CODE    0023H     0003H     ABSOLUTE     
            CODE    0026H     0014H     INBLOCK      ?PR?DISABLE_ISP?ISP_DATAFLASH
            CODE    003AH     0001H     INBLOCK      ?PR?KEY_ROTATE_ON_SPEECH?VOICE
            CODE    003BH     0003H     ABSOLUTE     
            CODE    003EH     020EH     INBLOCK      ?PR?TIMER0?MAIN
            CODE    024CH     0177H     UNIT         ?C?LIB_CODE
            CODE    03C3H     0170H     INBLOCK      ?PR?UART_ISR?MAIN
            CODE    0533H     0109H     UNIT         ?C_INITSEG
            CODE    063CH     00DDH     INBLOCK      ?PR?_VERIFYBATTERY?BATTERY
            CODE    0719H     00C2H     INBLOCK      ?PR?HSCH_UPDATE?SCHEDULAR
            CODE    07DBH     0024H     INBLOCK      ?PR?SLAVE_NEARBY_OPERATION?OPERATION
            CODE    07FFH     0001H     INBLOCK      ?PR?HSCH_REPORT_STATUS?SCHEDULAR
            CODE    0800H     00A4H     INBLOCK      ?PR?DETECT_SELFLEARN_ACTION?OPERATION
            CODE    08A4H     008CH     UNIT         ?C_C51STARTUP
            CODE    0930H     007DH     INBLOCK      ?PR?_HSCH_ADD_TASK?SCHEDULAR
            CODE    09ADH     0078H     INBLOCK      ?PR?_GETADCRESULT?AD
            CODE    0A25H     0078H     INBLOCK      ?PR?MAIN?MAIN
            CODE    0A9DH     0075H     INBLOCK      ?PR?_INITTIMER?TIMER
            CODE    0B12H     0073H     INBLOCK      ?PR?_SEND_CODE_TO_LOCK?COMMUNICATION
            CODE    0B85H     0073H     INBLOCK      ?PR?_SEND_CODE_TO_LOCK_TAILI?COMMUNICATION
            CODE    0BF8H     0071H     INBLOCK      ?PR?HSCH_DISPATCH_TASKS?SCHEDULAR
            CODE    0C69H     006AH     INBLOCK      ?PR?RECEIVE_BYTE?COMMUNICATION
            CODE    0CD3H     006AH     INBLOCK      ?PR?RECEIVE_BYTE_LOCK?COMMUNICATION
            CODE    0D3DH     0062H     INBLOCK      ?PR?_PWM_CHANNEL?PWM
            CODE    0D9FH     0060H     INBLOCK      ?PR?_SEND_DATA?COMMUNICATION
            CODE    0DFFH     0057H     INBLOCK      ?PR?_UART_SEND_DATA?COMMUNICATION
            CODE    0E56H     0053H     INBLOCK      ?PR?SELF_LEARN_PROGRAMMING?ISP_DATAFLASH
            CODE    0EA9H     004CH     INBLOCK      ?PR?_INITT0?TIMER
            CODE    0EF5H     004BH     INBLOCK      ?PR?_HSCH_DELETE_TASK?SCHEDULAR
            CODE    0F40H     0048H     INBLOCK      ?PR?INITSIGNAL?COMMUNICATION
            CODE    0F88H     0048H     INBLOCK      ?PR?INITSIGNAL_F?COMMUNICATION
            CODE    0FD0H     0030H     INBLOCK      ?PR?_FLASH_WRITE_DATA?ISP_DATAFLASH
BL51 BANKED LINKER/LOCATER V6.22                                                      07/03/2015  10:06:22  PAGE 3


            CODE    1000H     0047H     INBLOCK      ?PR?DISABLE_SENSOR?OTHER
            CODE    1047H     0045H     INBLOCK      ?PR?_UART_SEND_DATA_F?COMMUNICATION
            CODE    108CH     0043H     INBLOCK      ?PR?UART_SEND_DATA_MATCH?COMMUNICATION
            CODE    10CFH     0041H     INBLOCK      ?PR?RECEIVE_WORD?COMMUNICATION
            CODE    1110H     0041H     INBLOCK      ?PR?SELF_LEARN_PROGRAMMING_F?ISP_DATAFLASH
            CODE    1151H     003FH     INBLOCK      ?PR?_CUSTOM_DELAY?DELAY
            CODE    1190H     003EH     INBLOCK      ?PR?_MAGNET_DELAY?DELAY
            CODE    11CEH     0036H     INBLOCK      ?PR?_INITUART?UART
            CODE    1204H     0036H     INBLOCK      ?PR?_SC_SPEECH?VOICE
            CODE    123AH     0034H     INBLOCK      ?PR?_COMMODE_DATA_WX?COMMUNICATION
            CODE    126EH     0032H     INBLOCK      ?PR?_COMMODE_DATA?COMMUNICATION
            CODE    12A0H     0032H     INBLOCK      ?PR?ACCUMULATOR_VOICE_PROMOT?VOICE
            CODE    12D2H     0031H     INBLOCK      ?PR?_MAGNET_CW?OTHER
            CODE    1303H     0031H     INBLOCK      ?PR?_MAGNET_CW_TAILI?OTHER
            CODE    1334H     002FH     INBLOCK      ?PR?DETECT_VIBRATION?OPERATION
            CODE    1363H     002EH     INBLOCK      ?PR?SLAVE_AWAY_OPERATION?OPERATION
            CODE    1391H     002CH     INBLOCK      ?PR?DETECT_WHEEL_MOVING?OPERATION
            CODE    13BDH     002BH     INBLOCK      ?PR?DETECT_CLOSE_ACTION?OPERATION
            CODE    13E8H     002BH     INBLOCK      ?PR?_SENDNBYTE?UART
            CODE    1413H     0029H     INBLOCK      ?PR?DETECT_OPEN_ACTION?OPERATION
            CODE    143CH     0026H     INBLOCK      ?PR?SELFLEARN_RESET?OPERATION
            CODE    1462H     0022H     INBLOCK      ?PR?ENSENSOR_AFTERIDCERT?OPERATION
            CODE    1484H     0021H     INBLOCK      ?PR?ENSENSOR_AFTER_SLAVE_AWAY?OPERATION
            CODE    14A5H     0021H     INBLOCK      ?PR?KBI_ISR?MAIN
            CODE    14C6H     0020H     INBLOCK      ?PR?_DELAY_MS?DELAY
            CODE    14E6H     001EH     INBLOCK      ?PR?RESET_AFTER_STOLEN_ALARMING?OPERATION
            CODE    1504H     001EH     INBLOCK      ?PR?_FLASH_READ_DATA?ISP_DATAFLASH
            CODE    1522H     001BH     INBLOCK      ?PR?ENSENSOR_AFTER_CLOSE?OPERATION
            CODE    153DH     001BH     INBLOCK      ?PR?INITVOICE?VOICE
            CODE    1558H     001AH     INBLOCK      ?PR?DELAY_1MS?DELAY
            CODE    1572H     001AH     INBLOCK      ?PR?DELAY_5MS?DELAY
            CODE    158CH     001AH     INBLOCK      ?PR?DELAY_10MS?DELAY
            CODE    15A6H     001AH     INBLOCK      ?PR?DELAY_12MS?DELAY
            CODE    15C0H     001AH     INBLOCK      ?PR?DELAY_50MS?DELAY
            CODE    15DAH     001AH     INBLOCK      ?PR?DELAY_100MS?DELAY
            CODE    15F4H     001AH     INBLOCK      ?PR?DELAY_500MS?DELAY
            CODE    160EH     001AH     INBLOCK      ?PR?TRIGGER_ISP?ISP_DATAFLASH
            CODE    1628H     0019H     INBLOCK      ?PR?_DELAY_US?DELAY
            CODE    1641H     0018H     INBLOCK      ?PR?INIT_PWM?PWM
            CODE    1659H     0017H     INBLOCK      ?PR?_DELAY?DELAY
            CODE    1670H     0016H     INBLOCK      ?PR?FELL_ALARM_TO_SLAVE?OPERATION
            CODE    1686H     0016H     INBLOCK      ?PR?RAISE_ALARM_TO_SLAVE?OPERATION
            CODE    169CH     0016H     INBLOCK      ?PR?BATSTOLEN_ALARM_TO_SLAVE?OPERATION
            CODE    16B2H     0013H     INBLOCK      ?PR?HOST_TOUCH_SPEECH?VOICE
            CODE    16C5H     0013H     INBLOCK      ?PR?STOLEN_ALARM_SPEECH2?VOICE
            CODE    16D8H     0013H     INBLOCK      ?PR?ENABLE_ISP?ISP_DATAFLASH
            CODE    16EBH     0011H     INBLOCK      ?PR?SELF_LEARN_SPEECH?VOICE
            CODE    16FCH     0011H     INBLOCK      ?PR?IDCERTED_SPEECH?VOICE
            CODE    170DH     0010H     INBLOCK      ?PR?RESET_AFTER_WIREBROKEN?OPERATION
            CODE    171DH     000FH     INBLOCK      ?PR?HSCH_MANUAL_TIMER0_RELOAD?TIMER
            CODE    172CH     000FH     INBLOCK      ?PR?MOTORBAT_LOW_SPEECH?VOICE
            CODE    173BH     000FH     INBLOCK      ?PR?ID_SPEECH?VOICE
            CODE    174AH     000FH     INBLOCK      ?PR?HOST_2NDTOUCH_SPEECH?VOICE
            CODE    1759H     000FH     INBLOCK      ?PR?STOLEN_ALARM_SPEECH1?VOICE
            CODE    1768H     000FH     INBLOCK      ?PR?OPEN_LOCK_SPEECH?VOICE
            CODE    1777H     000FH     INBLOCK      ?PR?CLOSE_LOCK_SPEECH?VOICE
            CODE    1786H     000FH     INBLOCK      ?PR?BATTERY_STOLEN_SPEECH?VOICE
BL51 BANKED LINKER/LOCATER V6.22                                                      07/03/2015  10:06:22  PAGE 4


            CODE    1795H     000FH     INBLOCK      ?PR?CUTTING_WIRE_VOICE?VOICE
            CODE    17A4H     000FH     INBLOCK      ?PR?PRODUCT_TEST_VOICE?VOICE
            CODE    17B3H     000FH     INBLOCK      ?PR?BATTERY_LOW_ALARM_SPEECH?VOICE
            CODE    17C2H     000FH     INBLOCK      ?PR?BATTERY_HIGH_ALARM_SPEECH?VOICE
            CODE    17D1H     000FH     INBLOCK      ?PR?ALARM_STOLEN_SPEECH?VOICE
            CODE    17E0H     000FH     INBLOCK      ?PR?ALARM_RAISED_SPEECH?VOICE
            CODE    17EFH     000FH     INBLOCK      ?PR?ALARM_FELL_SPEECH?VOICE
                    17FEH     0002H                  *** GAP ***
            CODE    1800H     000FH     INBLOCK      ?PR?HOST_BATTERY_HIGH_ALARM_SPEECH?VOICE
            CODE    180FH     000FH     INBLOCK      ?PR?BATTERY_STOLEN_SPEECH_F3?VOICE
            CODE    181EH     000FH     INBLOCK      ?PR?WIRE_BROKEN_SPEECH?VOICE
            CODE    182DH     000FH     INBLOCK      ?PR?LOCK_ROTATED_ON_SPEECH?VOICE
            CODE    183CH     000FH     INBLOCK      ?PR?LOCK_ROTATED_OFF_SPEECH?VOICE
            CODE    184BH     000EH     INBLOCK      ?PR?_MAGNET_ACW?OTHER
            CODE    1859H     000EH     INBLOCK      ?PR?_MAGNET_ACW_TAILI?OTHER
            CODE    1867H     000DH     INBLOCK      ?PR?CHECK_MOTOR_ACCUMULATOR?BATTERY
            CODE    1874H     000CH     INBLOCK      ?PR?HOST_STOLEN_ACTION?OPERATION
            CODE    1880H     000CH     INBLOCK      ?PR?ENABLE_SENSOR?OTHER
            CODE    188CH     000BH     INBLOCK      ?PR?INITSENSOR?OPERATION
            CODE    1897H     0009H     INBLOCK      ?PR?INITTRANSCEIVER?COMMUNICATION
            CODE    18A0H     0009H     INBLOCK      ?PR?DISABLE_SENSOR_AFTER_IDCERT?OPERATION
            CODE    18A9H     0009H     INBLOCK      ?PR?ENTER_NOGUARD_VOICE?VOICE
            CODE    18B2H     0008H     INBLOCK      ?PR?MYPWM?PWM
            CODE    18BAH     0008H     INBLOCK      ?PR?_SENDDATA?UART
            CODE    18C2H     0005H     INBLOCK      ?PR?OPEN_TRANCEIVER?COMMUNICATION
            CODE    18C7H     0004H     INBLOCK      ?PR?SEOS_GO_TO_SLEEP?TIMER
            CODE    18CBH     0004H     INBLOCK      ?PR?HSCH_GO_TO_SLEEP?SCHEDULAR
            CODE    18CFH     0003H     INBLOCK      ?PR?CLOSE_TRANCEIVER?COMMUNICATION
            CODE    18D2H     0003H     INBLOCK      ?PR?HSCH_START?TIMER
                    18D5H     0723H                  *** GAP ***
            CODE    1FF8H     0001H     ABSOLUTE     
            CODE    1FF9H     0001H     ABSOLUTE     
            CODE    1FFAH     0001H     ABSOLUTE     
            CODE    1FFBH     0001H     ABSOLUTE     
            CODE    1FFCH     0001H     ABSOLUTE     
            CODE    1FFDH     0001H     ABSOLUTE     



OVERLAY MAP OF MODULE:   DDC-F (AD)


SEGMENT                                             BIT_GROUP          PDATA_GROUP
  +--> CALLED SEGMENT                            START    LENGTH     START    LENGTH
------------------------------------------------------------------------------------
?PR?TIMER0?MAIN                                  -----    -----      -----    -----
  +--> ?PR?CHECK_MOTOR_ACCUMULATOR?BATTERY
  +--> ?PR?BATTERY_LOW_ALARM_SPEECH?VOICE
  +--> ?PR?_UART_SEND_DATA_F?COMMUNICATION
  +--> ?PR?UART_SEND_DATA_MATCH?COMMUNICATION
  +--> ?PR?MOTO_VIBRATION?OTHER

?PR?CHECK_MOTOR_ACCUMULATOR?BATTERY              -----    -----      -----    -----
  +--> ?PR?_GETADCRESULT?AD

?PR?BATTERY_LOW_ALARM_SPEECH?VOICE               -----    -----      -----    -----
  +--> ?PR?_SC_SPEECH?VOICE
BL51 BANKED LINKER/LOCATER V6.22                                                      07/03/2015  10:06:22  PAGE 5


  +--> ?PR?_DELAY?DELAY

?PR?_SC_SPEECH?VOICE                             -----    -----      0091H    0002H
  +--> ?PR?DELAY_50MS?DELAY
  +--> ?PR?_DELAY_US?DELAY

?PR?_UART_SEND_DATA_F?COMMUNICATION              -----    -----      0088H    0002H
  +--> ?PR?OPEN_TRANCEIVER?COMMUNICATION
  +--> ?PR?INITSIGNAL_F?COMMUNICATION
  +--> ?PR?_SENDNBYTE?UART
  +--> ?PR?CLOSE_TRANCEIVER?COMMUNICATION

?PR?INITSIGNAL_F?COMMUNICATION                   -----    -----      008AH    0003H
  +--> ?PR?_CUSTOM_DELAY?DELAY

?PR?_CUSTOM_DELAY?DELAY                          -----    -----      008DH    0004H

?PR?_SENDNBYTE?UART                              -----    -----      008AH    0003H
  +--> ?PR?_SENDDATA?UART

?PR?UART_SEND_DATA_MATCH?COMMUNICATION           -----    -----      -----    -----
  +--> ?PR?OPEN_TRANCEIVER?COMMUNICATION
  +--> ?PR?INITSIGNAL?COMMUNICATION
  +--> ?PR?_SENDNBYTE?UART
  +--> ?PR?DELAY_50MS?DELAY
  +--> ?PR?CLOSE_TRANCEIVER?COMMUNICATION

?PR?INITSIGNAL?COMMUNICATION                     -----    -----      0088H    0003H
  +--> ?PR?_CUSTOM_DELAY?DELAY

?PR?MOTO_VIBRATION?OTHER                         -----    -----      -----    -----
  +--> ?PR?DELAY_500MS?DELAY

*** NEW ROOT ***************************************************

?C_C51STARTUP                                    -----    -----      -----    -----
  +--> ?PR?MAIN?MAIN
  +--> ?C_INITSEG

?PR?MAIN?MAIN                                    -----    -----      -----    -----
  +--> ?PR?INITVOICE?VOICE
  +--> ?PR?_INITUART?UART
  +--> ?PR?ALARM_STOLEN_SPEECH?VOICE
  +--> ?PR?MOTO_VIBRATION?OTHER
  +--> ?PR?ALARM_RAISED_SPEECH?VOICE
  +--> ?PR?ALARM_FELL_SPEECH?VOICE
  +--> ?PR?WIRE_BROKEN_SPEECH?VOICE
  +--> ?PR?HOST_BATTERY_HIGH_ALARM_SPEECH?VOICE
  +--> ?PR?SEOS_GO_TO_SLEEP?TIMER

?PR?INITVOICE?VOICE                              -----    -----      -----    -----
  +--> ?PR?_DELAY_US?DELAY

?PR?_INITUART?UART                               -----    -----      -----    -----
  +--> ?PR?_INITT0?TIMER

?PR?_INITT0?TIMER                                -----    -----      0091H    0002H
BL51 BANKED LINKER/LOCATER V6.22                                                      07/03/2015  10:06:22  PAGE 6


  +--> ?PR?_HSCH_DELETE_TASK?SCHEDULAR
  +--> ?PR?HSCH_MANUAL_TIMER0_RELOAD?TIMER

?PR?_HSCH_DELETE_TASK?SCHEDULAR                  0025H.1  0000H.1    -----    -----

?PR?ALARM_STOLEN_SPEECH?VOICE                    -----    -----      -----    -----
  +--> ?PR?_SC_SPEECH?VOICE
  +--> ?PR?_DELAY?DELAY

?PR?ALARM_RAISED_SPEECH?VOICE                    -----    -----      -----    -----
  +--> ?PR?_SC_SPEECH?VOICE
  +--> ?PR?_DELAY?DELAY

?PR?ALARM_FELL_SPEECH?VOICE                      -----    -----      -----    -----
  +--> ?PR?_SC_SPEECH?VOICE
  +--> ?PR?_DELAY?DELAY

?PR?WIRE_BROKEN_SPEECH?VOICE                     -----    -----      -----    -----
  +--> ?PR?_SC_SPEECH?VOICE
  +--> ?PR?_DELAY?DELAY

?PR?HOST_BATTERY_HIGH_ALARM_SPEECH?VOICE         -----    -----      -----    -----
  +--> ?PR?_SC_SPEECH?VOICE
  +--> ?PR?_DELAY?DELAY



UNRESOLVED EXTERNAL SYMBOLS:
   AFTER_IDCERT_TIMECOUNT
   CHECK_MOTOBATTERY_COUNT
   CHECK_MOTOBATTERY_FLAG
   ELECMOTOR_ACW
   ELECMOTOR_CW
   EN_HOST_STOLEN_ALARMING
   FLASHING_FLAG
   HOST_STOLEN_ALARMING
   IDKEY_FLASH_EN
   IDKEY_SELFLEARN_FLAG1
   IDKEY_SELFLEARN_FLAG2
   IDKEY_SELFLEARN_FLAG3
   IDKEY_SELFLEARN_FLAG4
   IDKEY_SELFLEARN_FLAG5
   IDKEY_SELFLEARN_HVCOUNT
   IDKEY_SELFLEARN_LVCOUNT
   IDKEY_SPEECH_FLASH
   ID_CERTIFICATED_FLAG
   ID_CERTIFICATED_NUMBERS
   ID_SELFLEARNING_FLAG
   ID_SELFLEARNING_TIMECOUNT
   ID_SPEECHED_FLAG
   JUST_POWER_UP
   LOAD_BATTERY_RESULT
   NEVER_ALARM
   NEVER_ALARM_SPEECH
   OPEN_ACTION_FLAG
   SILENCE_FLAG
   SLAVE_NEARBY_ACTIONED_FLAG
BL51 BANKED LINKER/LOCATER V6.22                                                      07/03/2015  10:06:22  PAGE 7


   SLAVE_NEARBY_COUNT
   STOLEN_ALARM_RESET_COUNT
   WIRE_BROKEN_RESET



SYMBOL TABLE OF MODULE:  DDC-F (AD)

  VALUE           TYPE          NAME
  ----------------------------------

  -------         MODULE        AD
  C:0000H         SYMBOL        _ICE_DUMMY_
  D:0080H         PUBLIC        P0
  D:0090H         PUBLIC        P1
  D:00A0H         PUBLIC        P2
  D:00B0H         PUBLIC        P3
  D:00A8H         PUBLIC        IE
  D:00E2H         PUBLIC        ADCH
  B:00F8H.4       PUBLIC        ADCI
  D:00B8H         PUBLIC        IP
  B:00F8H.3       PUBLIC        ADCS
  D:00F6H         PUBLIC        P0DIDS
  D:00D8H         PUBLIC        WDCON0
  D:0098H         PUBLIC        SCON
  D:0088H         PUBLIC        TCON
  B:00F8H.0       PUBLIC        AADR0
  B:00F8H.1       PUBLIC        AADR1
  B:00F8H.2       PUBLIC        AADR2
  D:00E8H         PUBLIC        EIE
  D:00F8H         PUBLIC        ADCCON0
  D:00E1H         PUBLIC        ADCCON1
  D:00C0H         PUBLIC        I2CON
  D:00C8H         PUBLIC        T2CON
  C:09ADH         PUBLIC        _GetADCResult
  D:00D0H         PUBLIC        PSW
  -------         PROC          _GETADCRESULT
  D:0007H         SYMBOL        ch
  -------         DO            
  D:0005H         SYMBOL        DataL
  D:0002H         SYMBOL        DataH
  -------         ENDDO         
  C:09ADH         LINE#         17
  C:09ADH         LINE#         18
  C:09ADH         LINE#         19
  C:09AEH         LINE#         20
  C:09AFH         LINE#         22
  C:09B4H         LINE#         23
  C:09B4H         LINE#         25
  C:09B7H         LINE#         27
  C:09B9H         LINE#         28
  C:09BBH         LINE#         29
  C:09BDH         LINE#         31
  C:09C0H         LINE#         33
  C:09C2H         LINE#         34
  C:09C4H         LINE#         36
  C:09C6H         LINE#         37
BL51 BANKED LINKER/LOCATER V6.22                                                      07/03/2015  10:06:22  PAGE 8


  C:09CDH         LINE#         39
  C:09D1H         LINE#         40
  C:09E3H         LINE#         42
  C:09E7H         LINE#         43
  C:09E7H         LINE#         45
  C:09ECH         LINE#         46
  C:09ECH         LINE#         48
  C:09EFH         LINE#         51
  C:09F1H         LINE#         52
  C:09F3H         LINE#         53
  C:09F5H         LINE#         55
  C:09F8H         LINE#         57
  C:09FAH         LINE#         58
  C:09FCH         LINE#         60
  C:09FEH         LINE#         61
  C:0A05H         LINE#         63
  C:0A0BH         LINE#         64
  C:0A1DH         LINE#         66
  C:0A21H         LINE#         67
  C:0A21H         LINE#         69
  C:0A24H         LINE#         70
  -------         ENDPROC       _GETADCRESULT
  -------         ENDMOD        AD

  -------         MODULE        BATTERY
  C:0000H         SYMBOL        _ICE_DUMMY_
  C:1867H         PUBLIC        Check_motor_accumulator
  D:0080H         PUBLIC        P0
  D:0090H         PUBLIC        P1
  D:00A0H         PUBLIC        P2
  D:00B0H         PUBLIC        P3
  X:0002H         PUBLIC        Check2_stage
  B:0090H.4       PUBLIC        voice_EN
  D:00A8H         PUBLIC        IE
  D:00B8H         PUBLIC        IP
  C:063CH         PUBLIC        _verifybattery
  D:00D8H         PUBLIC        WDCON0
  D:0098H         PUBLIC        SCON
  D:0088H         PUBLIC        TCON
  D:00E8H         PUBLIC        EIE
  D:00F8H         PUBLIC        ADCCON0
  D:00C0H         PUBLIC        I2CON
  D:00C8H         PUBLIC        T2CON
  D:00D0H         PUBLIC        PSW
  -------         PROC          CHECK_MOTOR_ACCUMULATOR
  C:1867H         LINE#         22
  C:1867H         LINE#         23
  C:1867H         LINE#         25
  C:1873H         LINE#         26
  -------         ENDPROC       CHECK_MOTOR_ACCUMULATOR
  -------         PROC          _VERIFYBATTERY
  X:0000H         SYMBOL        Check2
  C:063CH         LINE#         33
  C:0643H         LINE#         34
  C:0643H         LINE#         194
  C:064BH         LINE#         195
  C:064BH         LINE#         196
BL51 BANKED LINKER/LOCATER V6.22                                                      07/03/2015  10:06:22  PAGE 9


  C:064DH         LINE#         197
  C:0652H         LINE#         198
  C:0654H         LINE#         199
  C:0654H         LINE#         200
  C:0656H         LINE#         202
  C:066EH         LINE#         203
  C:066EH         LINE#         204
  C:0670H         LINE#         205
  C:0675H         LINE#         206
  C:0677H         LINE#         207
  C:0677H         LINE#         208
  C:0679H         LINE#         210
  C:0691H         LINE#         211
  C:0691H         LINE#         212
  C:0693H         LINE#         213
  C:0698H         LINE#         214
  C:069AH         LINE#         215
  C:069AH         LINE#         216
  C:069CH         LINE#         218
  C:06B4H         LINE#         219
  C:06B4H         LINE#         220
  C:06B6H         LINE#         221
  C:06BBH         LINE#         222
  C:06BDH         LINE#         223
  C:06BDH         LINE#         224
  C:06BFH         LINE#         226
  C:06D7H         LINE#         227
  C:06D7H         LINE#         228
  C:06D9H         LINE#         229
  C:06DEH         LINE#         230
  C:06E0H         LINE#         231
  C:06E0H         LINE#         232
  C:06E2H         LINE#         234
  C:06FAH         LINE#         235
  C:06FAH         LINE#         236
  C:06FCH         LINE#         237
  C:0701H         LINE#         238
  C:0706H         LINE#         239
  C:0708H         LINE#         240
  C:0709H         LINE#         242
  C:0715H         LINE#         243
  C:0715H         LINE#         244
  C:0718H         LINE#         245
  C:0718H         LINE#         247
  -------         ENDPROC       _VERIFYBATTERY
  -------         ENDMOD        BATTERY

  -------         MODULE        COMMUNICATION
  C:0000H         SYMBOL        _ICE_DUMMY_
  C:0C69H         PUBLIC        receive_byte
  D:0080H         PUBLIC        P0
  D:0090H         PUBLIC        P1
  B:00B0H.0       PUBLIC        receive_wire
  D:00A0H         PUBLIC        P2
  D:00B0H         PUBLIC        P3
  C:126EH         PUBLIC        _ComMode_Data
  C:0DFFH         PUBLIC        _UART_Send_Data
BL51 BANKED LINKER/LOCATER V6.22                                                      07/03/2015  10:06:22  PAGE 10


  C:10CFH         PUBLIC        receive_word
  D:00A8H         PUBLIC        IE
  C:123AH         PUBLIC        _ComMode_Data_WX
  D:00B8H         PUBLIC        IP
  C:1897H         PUBLIC        InitTransceiver
  B:0080H.1       PUBLIC        lock_code
  C:1047H         PUBLIC        _UART_Send_Data_F
  D:00D8H         PUBLIC        WDCON0
  B:0090H.0       PUBLIC        P10
  B:0090H.1       PUBLIC        P11
  C:18CFH         PUBLIC        close_tranceiver
  D:0098H         PUBLIC        SCON
  D:0088H         PUBLIC        TCON
  C:0F40H         PUBLIC        initsignal
  B:00A0H.7       PUBLIC        transmiter_EN
  B:0090H.3       PUBLIC        receiver_EN
  C:18C2H         PUBLIC        open_tranceiver
  C:0B85H         PUBLIC        _send_code_to_lock_Taili
  D:00E8H         PUBLIC        EIE
  B:00A0H.3       PUBLIC        MagentControl_2
  D:00F8H         PUBLIC        ADCCON0
  D:00C0H         PUBLIC        I2CON
  C:0F88H         PUBLIC        initsignal_F
  B:00A0H.6       PUBLIC        transmiter_power
  D:00C8H         PUBLIC        T2CON
  C:0D9FH         PUBLIC        _Send_Data
  C:0CD3H         PUBLIC        receive_byte_Lock
  B:0090H.0       PUBLIC        TXD
  C:108CH         PUBLIC        UART_Send_Data_match
  C:0B12H         PUBLIC        _send_code_to_lock
  D:00D0H         PUBLIC        PSW
  X:0016H         PUBLIC        myTxRxData
  -------         PROC          INITTRANSCEIVER
  C:1897H         LINE#         38
  C:1897H         LINE#         39
  C:1897H         LINE#         40
  C:1899H         LINE#         41
  C:189BH         LINE#         42
  C:189DH         LINE#         43
  C:189FH         LINE#         44
  -------         ENDPROC       INITTRANSCEIVER
  -------         PROC          INITSIGNAL
  -------         DO            
  X:0088H         SYMBOL        k
  X:0089H         SYMBOL        k1
  X:008AH         SYMBOL        mystartbuffer
  -------         ENDDO         
  C:0F40H         LINE#         53
  C:0F40H         LINE#         54
  C:0F40H         LINE#         56
  C:0F45H         LINE#         57
  C:0F48H         LINE#         58
  C:0F48H         LINE#         59
  C:0F4CH         LINE#         60
  C:0F4CH         LINE#         61
  C:0F4FH         LINE#         62
  C:0F4FH         LINE#         63
BL51 BANKED LINKER/LOCATER V6.22                                                      07/03/2015  10:06:22  PAGE 11


  C:0F4FH         LINE#         64
  C:0F4FH         LINE#         66
  C:0F4FH         LINE#         68
  C:0F4FH         LINE#         69
  C:0F51H         LINE#         70
  C:0F5AH         LINE#         72
  C:0F5AH         LINE#         73
  C:0F5CH         LINE#         74
  C:0F62H         LINE#         75
  C:0F6BH         LINE#         77
  C:0F76H         LINE#         78
  C:0F7BH         LINE#         81
  C:0F85H         LINE#         82
  C:0F87H         LINE#         83
  -------         ENDPROC       INITSIGNAL
  -------         PROC          INITSIGNAL_F
  -------         DO            
  X:008AH         SYMBOL        k
  X:008BH         SYMBOL        k1
  X:008CH         SYMBOL        mystartbuffer
  -------         ENDDO         
  C:0F88H         LINE#         85
  C:0F88H         LINE#         86
  C:0F88H         LINE#         88
  C:0F8DH         LINE#         89
  C:0F90H         LINE#         90
  C:0F90H         LINE#         91
  C:0F94H         LINE#         92
  C:0F94H         LINE#         93
  C:0F97H         LINE#         94
  C:0F97H         LINE#         95
  C:0F97H         LINE#         96
  C:0F97H         LINE#         98
  C:0F97H         LINE#         100
  C:0F97H         LINE#         101
  C:0F99H         LINE#         102
  C:0FA2H         LINE#         104
  C:0FA2H         LINE#         105
  C:0FA4H         LINE#         106
  C:0FAAH         LINE#         107
  C:0FB3H         LINE#         109
  C:0FBEH         LINE#         110
  C:0FC3H         LINE#         113
  C:0FCDH         LINE#         114
  C:0FCFH         LINE#         115
  -------         ENDPROC       INITSIGNAL_F
  -------         PROC          _SEND_DATA
  X:0003H         SYMBOL        x
  -------         DO            
  X:0004H         SYMBOL        i
  X:0005H         SYMBOL        n
  -------         ENDDO         
  C:0D9FH         LINE#         121
  C:0DA3H         LINE#         122
  C:0DA3H         LINE#         124
  C:0DA6H         LINE#         125
  C:0DA6H         LINE#         126
BL51 BANKED LINKER/LOCATER V6.22                                                      07/03/2015  10:06:22  PAGE 12


  C:0DAAH         LINE#         127
  C:0DAAH         LINE#         128
  C:0DB4H         LINE#         129
  C:0DB4H         LINE#         130
  C:0DB6H         LINE#         131
  C:0DBEH         LINE#         132
  C:0DC0H         LINE#         134
  C:0DC0H         LINE#         135
  C:0DC2H         LINE#         136
  C:0DCDH         LINE#         137
  C:0DCDH         LINE#         138
  C:0DCFH         LINE#         139
  C:0DDDH         LINE#         140
  C:0DE8H         LINE#         141
  C:0DF3H         LINE#         142
  C:0DFEH         LINE#         143
  -------         ENDPROC       _SEND_DATA
  -------         PROC          _COMMODE_DATA
  X:0006H         SYMBOL        ComMode
  X:0007H         SYMBOL        x
  C:126EH         LINE#         151
  C:1278H         LINE#         152
  C:1278H         LINE#         153
  C:127AH         LINE#         154
  C:127FH         LINE#         155
  C:1281H         LINE#         156
  C:1286H         LINE#         157
  C:128AH         LINE#         158
  C:1290H         LINE#         160
  C:1293H         LINE#         161
  C:129BH         LINE#         163
  C:129DH         LINE#         164
  C:129FH         LINE#         165
  -------         ENDPROC       _COMMODE_DATA
  -------         PROC          _COMMODE_DATA_WX
  X:0009H         SYMBOL        ComMode
  X:000AH         SYMBOL        x
  C:123AH         LINE#         173
  C:1244H         LINE#         174
  C:1244H         LINE#         175
  C:1246H         LINE#         176
  C:124BH         LINE#         177
  C:124DH         LINE#         178
  C:1252H         LINE#         179
  C:1256H         LINE#         180
  C:125CH         LINE#         182
  C:125FH         LINE#         183
  C:1267H         LINE#         185
  C:1269H         LINE#         186
  C:126BH         LINE#         187
  C:126DH         LINE#         188
  -------         ENDPROC       _COMMODE_DATA_WX
  -------         PROC          _UART_SEND_DATA
  X:000CH         SYMBOL        command
  -------         DO            
  X:000DH         SYMBOL        ii
  -------         ENDDO         
BL51 BANKED LINKER/LOCATER V6.22                                                      07/03/2015  10:06:22  PAGE 13


  C:0DFFH         LINE#         193
  C:0E03H         LINE#         194
  C:0E03H         LINE#         195
  C:0E06H         LINE#         196
  C:0E09H         LINE#         197
  C:0E11H         LINE#         198
  C:0E18H         LINE#         199
  C:0E1FH         LINE#         200
  C:0E26H         LINE#         201
  C:0E2DH         LINE#         202
  C:0E33H         LINE#         204
  C:0E36H         LINE#         206
  C:0E3AH         LINE#         207
  C:0E3AH         LINE#         208
  C:0E45H         LINE#         209
  C:0E48H         LINE#         210
  C:0E53H         LINE#         212
  -------         ENDPROC       _UART_SEND_DATA
  -------         PROC          _UART_SEND_DATA_F
  X:0088H         SYMBOL        command
  -------         DO            
  X:0089H         SYMBOL        ii
  -------         ENDDO         
  C:1047H         LINE#         218
  C:104BH         LINE#         219
  C:104BH         LINE#         220
  C:104EH         LINE#         221
  C:1051H         LINE#         222
  C:1059H         LINE#         223
  C:1060H         LINE#         224
  C:1067H         LINE#         225
  C:106EH         LINE#         226
  C:1075H         LINE#         227
  C:107BH         LINE#         229
  C:107EH         LINE#         231
  C:1089H         LINE#         233
  -------         ENDPROC       _UART_SEND_DATA_F
  -------         PROC          OPEN_TRANCEIVER
  C:18C2H         LINE#         240
  C:18C2H         LINE#         241
  C:18C2H         LINE#         246
  C:18C4H         LINE#         247
  C:18C6H         LINE#         248
  -------         ENDPROC       OPEN_TRANCEIVER
  -------         PROC          CLOSE_TRANCEIVER
  C:18CFH         LINE#         254
  C:18CFH         LINE#         255
  C:18CFH         LINE#         260
  C:18D1H         LINE#         265
  -------         ENDPROC       CLOSE_TRANCEIVER
  -------         PROC          UART_SEND_DATA_MATCH
  C:108CH         LINE#         270
  C:108CH         LINE#         271
  C:108CH         LINE#         272
  C:108FH         LINE#         274
  C:1094H         LINE#         275
  C:1098H         LINE#         276
BL51 BANKED LINKER/LOCATER V6.22                                                      07/03/2015  10:06:22  PAGE 14


  C:109FH         LINE#         277
  C:10A6H         LINE#         278
  C:10ADH         LINE#         279
  C:10B4H         LINE#         280
  C:10BBH         LINE#         282
  C:10BEH         LINE#         284
  C:10C9H         LINE#         285
  C:10CCH         LINE#         287
  -------         ENDPROC       UART_SEND_DATA_MATCH
  -------         PROC          RECEIVE_BYTE
  C:0C69H         LINE#         294
  C:0C69H         LINE#         295
  C:0C69H         LINE#         297
  C:0C6CH         LINE#         298
  C:0C6CH         LINE#         300
  C:0C76H         LINE#         301
  C:0C76H         LINE#         302
  C:0C78H         LINE#         303
  C:0C78H         LINE#         304
  C:0C7AH         LINE#         305
  C:0C7BH         LINE#         308
  C:0C7BH         LINE#         310
  C:0C7EH         LINE#         311
  C:0C7EH         LINE#         313
  C:0C80H         LINE#         316
  C:0C8FH         LINE#         317
  C:0C8FH         LINE#         319
  C:0C95H         LINE#         320
  C:0C97H         LINE#         321
  C:0C97H         LINE#         322
  C:0C97H         LINE#         323
  C:0C99H         LINE#         325
  C:0CA1H         LINE#         326
  C:0CA1H         LINE#         328
  C:0CA7H         LINE#         329
  C:0CAAH         LINE#         330
  C:0CAFH         LINE#         331
  C:0CB3H         LINE#         332
  C:0CB5H         LINE#         334
  C:0CB5H         LINE#         336
  C:0CBAH         LINE#         337
  C:0CBAH         LINE#         339
  C:0CBEH         LINE#         340
  C:0CBFH         LINE#         342
  C:0CBFH         LINE#         344
  C:0CC9H         LINE#         345
  C:0CC9H         LINE#         346
  C:0CCDH         LINE#         347
  C:0CCFH         LINE#         348
  C:0CD2H         LINE#         349
  C:0CD2H         LINE#         350
  C:0CD2H         LINE#         351
  C:0CD2H         LINE#         352
  -------         ENDPROC       RECEIVE_BYTE
  -------         PROC          RECEIVE_BYTE_LOCK
  C:0CD3H         LINE#         358
  C:0CD3H         LINE#         359
BL51 BANKED LINKER/LOCATER V6.22                                                      07/03/2015  10:06:22  PAGE 15


  C:0CD3H         LINE#         361
  C:0CD6H         LINE#         362
  C:0CD6H         LINE#         364
  C:0CE0H         LINE#         365
  C:0CE0H         LINE#         366
  C:0CE2H         LINE#         367
  C:0CE2H         LINE#         368
  C:0CE4H         LINE#         369
  C:0CE5H         LINE#         372
  C:0CE5H         LINE#         374
  C:0CE8H         LINE#         375
  C:0CE8H         LINE#         377
  C:0CEAH         LINE#         380
  C:0CF9H         LINE#         381
  C:0CF9H         LINE#         383
  C:0CFFH         LINE#         384
  C:0D01H         LINE#         385
  C:0D01H         LINE#         386
  C:0D01H         LINE#         387
  C:0D03H         LINE#         389
  C:0D0BH         LINE#         390
  C:0D0BH         LINE#         392
  C:0D11H         LINE#         393
  C:0D14H         LINE#         394
  C:0D19H         LINE#         395
  C:0D1DH         LINE#         396
  C:0D1FH         LINE#         398
  C:0D1FH         LINE#         400
  C:0D24H         LINE#         401
  C:0D24H         LINE#         403
  C:0D28H         LINE#         404
  C:0D29H         LINE#         406
  C:0D29H         LINE#         408
  C:0D33H         LINE#         409
  C:0D33H         LINE#         410
  C:0D37H         LINE#         411
  C:0D39H         LINE#         412
  C:0D3CH         LINE#         413
  C:0D3CH         LINE#         414
  C:0D3CH         LINE#         415
  C:0D3CH         LINE#         416
  -------         ENDPROC       RECEIVE_BYTE_LOCK
  -------         PROC          RECEIVE_WORD
  C:10CFH         LINE#         422
  C:10CFH         LINE#         423
  C:10CFH         LINE#         425
  C:10D6H         LINE#         426
  C:10D6H         LINE#         427
  C:10D7H         LINE#         429
  C:10E4H         LINE#         432
  C:10EDH         LINE#         433
  C:10EDH         LINE#         434
  C:10F2H         LINE#         435
  C:10F3H         LINE#         437
  C:10FDH         LINE#         438
  C:10FDH         LINE#         439
  C:1102H         LINE#         440
BL51 BANKED LINKER/LOCATER V6.22                                                      07/03/2015  10:06:22  PAGE 16


  C:1103H         LINE#         441
  C:1107H         LINE#         442
  C:1107H         LINE#         443
  C:1109H         LINE#         444
  C:1109H         LINE#         445
  C:110BH         LINE#         447
  C:110BH         LINE#         448
  C:110FH         LINE#         449
  C:110FH         LINE#         450
  C:110FH         LINE#         451
  -------         ENDPROC       RECEIVE_WORD
  -------         PROC          _SEND_CODE_TO_LOCK
  D:0007H         SYMBOL        x
  X:000EH         SYMBOL        y
  -------         DO            
  X:0010H         SYMBOL        i
  X:0011H         SYMBOL        n
  -------         ENDDO         
  C:0B12H         LINE#         458
  C:0B19H         LINE#         459
  C:0B19H         LINE#         461
  C:0B1EH         LINE#         462
  C:0B22H         LINE#         463
  C:0B25H         LINE#         469
  C:0B29H         LINE#         470
  C:0B29H         LINE#         471
  C:0B2DH         LINE#         472
  C:0B2DH         LINE#         473
  C:0B37H         LINE#         474
  C:0B37H         LINE#         475
  C:0B39H         LINE#         476
  C:0B42H         LINE#         477
  C:0B44H         LINE#         479
  C:0B44H         LINE#         480
  C:0B46H         LINE#         481
  C:0B52H         LINE#         482
  C:0B52H         LINE#         483
  C:0B54H         LINE#         484
  C:0B62H         LINE#         485
  C:0B6EH         LINE#         486
  C:0B79H         LINE#         487
  C:0B84H         LINE#         488
  -------         ENDPROC       _SEND_CODE_TO_LOCK
  -------         PROC          _SEND_CODE_TO_LOCK_TAILI
  D:0007H         SYMBOL        x
  X:0012H         SYMBOL        y
  -------         DO            
  X:0014H         SYMBOL        i
  X:0015H         SYMBOL        n
  -------         ENDDO         
  C:0B85H         LINE#         495
  C:0B8CH         LINE#         496
  C:0B8CH         LINE#         498
  C:0B91H         LINE#         499
  C:0B95H         LINE#         500
  C:0B98H         LINE#         506
  C:0B9CH         LINE#         507
BL51 BANKED LINKER/LOCATER V6.22                                                      07/03/2015  10:06:22  PAGE 17


  C:0B9CH         LINE#         508
  C:0BA0H         LINE#         509
  C:0BA0H         LINE#         510
  C:0BAAH         LINE#         511
  C:0BAAH         LINE#         512
  C:0BACH         LINE#         513
  C:0BB5H         LINE#         514
  C:0BB7H         LINE#         516
  C:0BB7H         LINE#         517
  C:0BB9H         LINE#         518
  C:0BC5H         LINE#         519
  C:0BC5H         LINE#         520
  C:0BC7H         LINE#         521
  C:0BD5H         LINE#         522
  C:0BE1H         LINE#         523
  C:0BECH         LINE#         524
  C:0BF7H         LINE#         525
  -------         ENDPROC       _SEND_CODE_TO_LOCK_TAILI
  -------         ENDMOD        COMMUNICATION

  -------         MODULE        DELAY
  C:0000H         SYMBOL        _ICE_DUMMY_
  D:0080H         PUBLIC        P0
  D:0090H         PUBLIC        P1
  D:00A0H         PUBLIC        P2
  D:00B0H         PUBLIC        P3
  X:001FH         PUBLIC        Timeout_loop
  D:00A8H         PUBLIC        IE
  C:158CH         PUBLIC        Delay_10ms
  C:15A6H         PUBLIC        Delay_12ms
  C:15C0H         PUBLIC        Delay_50ms
  D:00B8H         PUBLIC        IP
  B:0090H.2       PUBLIC        magnet_overcurrent
  D:00D8H         PUBLIC        WDCON0
  C:1190H         PUBLIC        _Magnet_Delay
  D:0098H         PUBLIC        SCON
  D:0088H         PUBLIC        TCON
  C:15DAH         PUBLIC        Delay_100ms
  C:15F4H         PUBLIC        Delay_500ms
  C:1151H         PUBLIC        _Custom_Delay
  C:14C6H         PUBLIC        _delay_ms
  D:00E8H         PUBLIC        EIE
  D:00F8H         PUBLIC        ADCCON0
  C:1628H         PUBLIC        _delay_us
  D:00C0H         PUBLIC        I2CON
  C:1558H         PUBLIC        Delay_1ms
  D:00C8H         PUBLIC        T2CON
  C:1572H         PUBLIC        Delay_5ms
  C:1659H         PUBLIC        _Delay
  D:00D0H         PUBLIC        PSW
  -------         PROC          DELAY_1MS
  C:1558H         LINE#         15
  C:1558H         LINE#         16
  C:1558H         LINE#         17
  C:1561H         LINE#         20
  C:1571H         LINE#         21
  -------         ENDPROC       DELAY_1MS
BL51 BANKED LINKER/LOCATER V6.22                                                      07/03/2015  10:06:22  PAGE 18


  -------         PROC          DELAY_5MS
  C:1572H         LINE#         23
  C:1572H         LINE#         24
  C:1572H         LINE#         25
  C:157BH         LINE#         28
  C:158BH         LINE#         29
  -------         ENDPROC       DELAY_5MS
  -------         PROC          DELAY_10MS
  C:158CH         LINE#         31
  C:158CH         LINE#         32
  C:158CH         LINE#         33
  C:1595H         LINE#         36
  C:15A5H         LINE#         37
  -------         ENDPROC       DELAY_10MS
  -------         PROC          DELAY_12MS
  C:15A6H         LINE#         39
  C:15A6H         LINE#         40
  C:15A6H         LINE#         41
  C:15AFH         LINE#         44
  C:15BFH         LINE#         45
  -------         ENDPROC       DELAY_12MS
  -------         PROC          DELAY_50MS
  C:15C0H         LINE#         48
  C:15C0H         LINE#         49
  C:15C0H         LINE#         50
  C:15C9H         LINE#         53
  C:15D9H         LINE#         54
  -------         ENDPROC       DELAY_50MS
  -------         PROC          DELAY_100MS
  C:15DAH         LINE#         57
  C:15DAH         LINE#         58
  C:15DAH         LINE#         59
  C:15E3H         LINE#         62
  C:15F3H         LINE#         63
  -------         ENDPROC       DELAY_100MS
  -------         PROC          DELAY_500MS
  C:15F4H         LINE#         66
  C:15F4H         LINE#         67
  C:15F4H         LINE#         68
  C:15FDH         LINE#         71
  C:160DH         LINE#         72
  -------         ENDPROC       DELAY_500MS
  -------         PROC          _DELAY
  D:0007H         SYMBOL        n
  -------         DO            
  D:0004H         SYMBOL        x
  -------         ENDDO         
  C:1659H         LINE#         79
  C:1659H         LINE#         80
  C:1659H         LINE#         82
  C:165FH         LINE#         83
  C:165FH         LINE#         84
  C:1663H         LINE#         85
  C:166FH         LINE#         87
  -------         ENDPROC       _DELAY
  -------         PROC          _CUSTOM_DELAY
  D:0007H         SYMBOL        t
BL51 BANKED LINKER/LOCATER V6.22                                                      07/03/2015  10:06:22  PAGE 19


  X:008DH         SYMBOL        m
  -------         DO            
  X:008FH         SYMBOL        i
  D:0006H         SYMBOL        j
  -------         ENDDO         
  C:1151H         LINE#         93
  C:1158H         LINE#         94
  C:1158H         LINE#         97
  C:116AH         LINE#         98
  C:118FH         LINE#         99
  -------         ENDPROC       _CUSTOM_DELAY
  -------         PROC          _DELAY_MS
  D:0006H         SYMBOL        count
  -------         DO            
  D:0004H         SYMBOL        i
  D:0002H         SYMBOL        j
  -------         ENDDO         
  C:14C6H         LINE#         106
  C:14C6H         LINE#         107
  C:14C6H         LINE#         109
  C:14D0H         LINE#         110
  C:14D0H         LINE#         111
  C:14DEH         LINE#         112
  C:14E5H         LINE#         113
  -------         ENDPROC       _DELAY_MS
  -------         PROC          _DELAY_US
  D:0006H         SYMBOL        count1
  -------         DO            
  D:0004H         SYMBOL        i
  D:0003H         SYMBOL        j
  -------         ENDDO         
  C:1628H         LINE#         121
  C:1628H         LINE#         122
  C:1628H         LINE#         125
  C:1632H         LINE#         126
  C:1632H         LINE#         127
  C:1639H         LINE#         128
  C:1640H         LINE#         129
  -------         ENDPROC       _DELAY_US
  -------         PROC          _MAGNET_DELAY
  X:001DH         SYMBOL        x
  D:0004H         SYMBOL        y
  -------         DO            
  D:0001H         SYMBOL        i
  D:0002H         SYMBOL        j
  -------         ENDDO         
  C:1190H         LINE#         135
  C:1197H         LINE#         136
  C:1197H         LINE#         139
  C:1199H         LINE#         140
  C:1199H         LINE#         141
  C:11ADH         LINE#         142
  C:11B2H         LINE#         143
  C:11B4H         LINE#         144
  C:11B4H         LINE#         146
  C:11B7H         LINE#         147
  C:11B7H         LINE#         148
BL51 BANKED LINKER/LOCATER V6.22                                                      07/03/2015  10:06:22  PAGE 20


  C:11C8H         LINE#         149
  C:11C8H         LINE#         151
  C:11C8H         LINE#         153
  C:11C8H         LINE#         154
  C:11CDH         LINE#         155
  -------         ENDPROC       _MAGNET_DELAY
  -------         ENDMOD        DELAY

  -------         MODULE        OPERATION
  C:0000H         SYMBOL        _ICE_DUMMY_
  D:0080H         PUBLIC        P0
  D:0090H         PUBLIC        P1
  B:0080H.3       PUBLIC        fell_sensor_detect
  D:00A0H         PUBLIC        P2
  D:00B0H         PUBLIC        P3
  D:00A8H         PUBLIC        IE
  B:0024H.6       PUBLIC        sensor_EN
  C:1334H         PUBLIC        Detect_vibration
  C:188CH         PUBLIC        InitSensor
  D:00B8H         PUBLIC        IP
  C:170DH         PUBLIC        Reset_after_wirebroken
  B:0080H.1       PUBLIC        wire_broken
  C:169CH         PUBLIC        Batstolen_Alarm_to_Slave
  C:14E6H         PUBLIC        Reset_after_stolen_alarming
  D:00D8H         PUBLIC        WDCON0
  D:0098H         PUBLIC        SCON
  D:0088H         PUBLIC        TCON
  C:13BDH         PUBLIC        Detect_close_action
  C:07DBH         PUBLIC        slave_nearby_operation
  B:00A0H.5       PUBLIC        key_rotate
  C:1391H         PUBLIC        Detect_wheel_moving
  C:18A0H         PUBLIC        Disable_sensor_after_IDcert
  B:0080H.7       PUBLIC        horizontal_sensor
  D:00E8H         PUBLIC        EIE
  C:1413H         PUBLIC        Detect_open_action
  B:0080H.2       PUBLIC        wheeled_rotate
  B:0080H.4       PUBLIC        raised_sensor_detect
  D:00F8H         PUBLIC        ADCCON0
  C:1484H         PUBLIC        Ensensor_after_slave_away
  D:00C0H         PUBLIC        I2CON
  C:1522H         PUBLIC        ENsensor_After_Close
  C:0800H         PUBLIC        Detect_selflearn_action
  C:1462H         PUBLIC        ENsensor_afterIDcert
  D:00C8H         PUBLIC        T2CON
  C:143CH         PUBLIC        SelfLearn_Reset
  C:1686H         PUBLIC        Raise_Alarm_to_Slave
  C:1363H         PUBLIC        slave_away_operation
  B:0024H.7       PUBLIC        enable_sensor_delayEN
  C:1670H         PUBLIC        Fell_Alarm_to_Slave
  D:00D0H         PUBLIC        PSW
  B:0080H.0       PUBLIC        sensor_detect
  C:1874H         PUBLIC        Host_stolen_action
  -------         PROC          SLAVE_AWAY_OPERATION
  C:1363H         LINE#         89
  C:1363H         LINE#         90
  C:1363H         LINE#         91
  C:1366H         LINE#         92
BL51 BANKED LINKER/LOCATER V6.22                                                      07/03/2015  10:06:22  PAGE 21


  C:1366H         LINE#         93
  C:1369H         LINE#         94
  C:1379H         LINE#         95
  C:137CH         LINE#         99
  C:137CH         LINE#         101
  C:137EH         LINE#         102
  C:1382H         LINE#         104
  C:1387H         LINE#         105
  C:138BH         LINE#         107
  C:138EH         LINE#         108
  C:1390H         LINE#         109
  -------         ENDPROC       SLAVE_AWAY_OPERATION
  -------         PROC          SLAVE_NEARBY_OPERATION
  C:07DBH         LINE#         115
  C:07DBH         LINE#         116
  C:07DBH         LINE#         117
  C:07DDH         LINE#         119
  C:07DFH         LINE#         120
  C:07E3H         LINE#         121
  C:07E5H         LINE#         122
  C:07E8H         LINE#         124
  C:07EBH         LINE#         125
  C:07EBH         LINE#         126
  C:07EEH         LINE#         127
  C:07F1H         LINE#         128
  C:07FBH         LINE#         129
  C:07FEH         LINE#         130
  C:07FEH         LINE#         131
  -------         ENDPROC       SLAVE_NEARBY_OPERATION
  -------         PROC          INITSENSOR
  C:188CH         LINE#         137
  C:188CH         LINE#         138
  C:188CH         LINE#         139
  C:188EH         LINE#         140
  C:1890H         LINE#         141
  C:1892H         LINE#         142
  C:1894H         LINE#         143
  C:1896H         LINE#         144
  -------         ENDPROC       INITSENSOR
  -------         PROC          HOST_STOLEN_ACTION
  C:1874H         LINE#         150
  C:1874H         LINE#         151
  C:1874H         LINE#         153
  C:1877H         LINE#         154
  C:1877H         LINE#         155
  C:1879H         LINE#         157
  C:187CH         LINE#         168
  C:187FH         LINE#         169
  C:187FH         LINE#         170
  -------         ENDPROC       HOST_STOLEN_ACTION
  -------         PROC          ENSENSOR_AFTERIDCERT
  C:1462H         LINE#         177
  C:1462H         LINE#         178
  C:1462H         LINE#         179
  C:1465H         LINE#         180
  C:1465H         LINE#         182
  C:146FH         LINE#         183
BL51 BANKED LINKER/LOCATER V6.22                                                      07/03/2015  10:06:22  PAGE 22


  C:146FH         LINE#         184
  C:1471H         LINE#         185
  C:1473H         LINE#         186
  C:1476H         LINE#         189
  C:147EH         LINE#         190
  C:147EH         LINE#         191
  C:1481H         LINE#         192
  C:1481H         LINE#         193
  C:1483H         LINE#         195
  C:1483H         LINE#         196
  C:1483H         LINE#         197
  -------         ENDPROC       ENSENSOR_AFTERIDCERT
  -------         PROC          ENSENSOR_AFTER_CLOSE
  C:1522H         LINE#         202
  C:1522H         LINE#         203
  C:1522H         LINE#         204
  C:1528H         LINE#         205
  C:1528H         LINE#         206
  C:1532H         LINE#         207
  C:1532H         LINE#         208
  C:1534H         LINE#         209
  C:1536H         LINE#         210
  C:1539H         LINE#         211
  C:153CH         LINE#         212
  C:153CH         LINE#         213
  C:153CH         LINE#         214
  -------         ENDPROC       ENSENSOR_AFTER_CLOSE
  -------         PROC          SELFLEARN_RESET
  C:143CH         LINE#         220
  C:143CH         LINE#         221
  C:143CH         LINE#         222
  C:143FH         LINE#         223
  C:143FH         LINE#         224
  C:1449H         LINE#         225
  C:1449H         LINE#         226
  C:144BH         LINE#         227
  C:144DH         LINE#         229
  C:1452H         LINE#         230
  C:1457H         LINE#         231
  C:1459H         LINE#         232
  C:145BH         LINE#         233
  C:145DH         LINE#         234
  C:145FH         LINE#         235
  C:1461H         LINE#         236
  C:1461H         LINE#         237
  C:1461H         LINE#         238
  -------         ENDPROC       SELFLEARN_RESET
  -------         PROC          FELL_ALARM_TO_SLAVE
  C:1670H         LINE#         244
  C:1670H         LINE#         245
  C:1670H         LINE#         246
  C:167BH         LINE#         247
  C:167BH         LINE#         248
  C:1680H         LINE#         249
  C:1685H         LINE#         250
  C:1685H         LINE#         251
  -------         ENDPROC       FELL_ALARM_TO_SLAVE
BL51 BANKED LINKER/LOCATER V6.22                                                      07/03/2015  10:06:22  PAGE 23


  -------         PROC          RAISE_ALARM_TO_SLAVE
  C:1686H         LINE#         257
  C:1686H         LINE#         258
  C:1686H         LINE#         259
  C:1691H         LINE#         260
  C:1691H         LINE#         261
  C:1696H         LINE#         262
  C:169BH         LINE#         263
  C:169BH         LINE#         264
  -------         ENDPROC       RAISE_ALARM_TO_SLAVE
  -------         PROC          BATSTOLEN_ALARM_TO_SLAVE
  C:169CH         LINE#         270
  C:169CH         LINE#         271
  C:169CH         LINE#         272
  C:16A7H         LINE#         273
  C:16A7H         LINE#         274
  C:16ACH         LINE#         275
  C:16B1H         LINE#         276
  C:16B1H         LINE#         277
  -------         ENDPROC       BATSTOLEN_ALARM_TO_SLAVE
  -------         PROC          DISABLE_SENSOR_AFTER_IDCERT
  C:18A0H         LINE#         282
  C:18A0H         LINE#         283
  C:18A0H         LINE#         284
  C:18A3H         LINE#         285
  C:18A3H         LINE#         286
  C:18A5H         LINE#         288
  C:18A8H         LINE#         289
  C:18A8H         LINE#         290
  -------         ENDPROC       DISABLE_SENSOR_AFTER_IDCERT
  -------         PROC          RESET_AFTER_WIREBROKEN
  C:170DH         LINE#         295
  C:170DH         LINE#         296
  C:170DH         LINE#         297
  C:1710H         LINE#         298
  C:1710H         LINE#         299
  C:1712H         LINE#         300
  C:1716H         LINE#         301
  C:1718H         LINE#         302
  C:171AH         LINE#         303
  C:171CH         LINE#         304
  C:171CH         LINE#         305
  -------         ENDPROC       RESET_AFTER_WIREBROKEN
  -------         PROC          RESET_AFTER_STOLEN_ALARMING
  C:14E6H         LINE#         311
  C:14E6H         LINE#         312
  C:14E6H         LINE#         313
  C:14E9H         LINE#         314
  C:14E9H         LINE#         315
  C:14F3H         LINE#         316
  C:14F3H         LINE#         317
  C:14F7H         LINE#         318
  C:14F9H         LINE#         319
  C:14FBH         LINE#         320
  C:14FDH         LINE#         321
  C:1500H         LINE#         322
  C:1503H         LINE#         323
BL51 BANKED LINKER/LOCATER V6.22                                                      07/03/2015  10:06:22  PAGE 24


  C:1503H         LINE#         324
  C:1503H         LINE#         325
  -------         ENDPROC       RESET_AFTER_STOLEN_ALARMING
  -------         PROC          ENSENSOR_AFTER_SLAVE_AWAY
  C:1484H         LINE#         330
  C:1484H         LINE#         331
  C:1484H         LINE#         332
  C:148DH         LINE#         333
  C:148DH         LINE#         334
  C:1497H         LINE#         335
  C:1497H         LINE#         336
  C:149AH         LINE#         337
  C:149CH         LINE#         338
  C:149EH         LINE#         339
  C:14A1H         LINE#         340
  C:14A4H         LINE#         341
  C:14A4H         LINE#         342
  C:14A4H         LINE#         343
  -------         ENDPROC       ENSENSOR_AFTER_SLAVE_AWAY
  -------         PROC          DETECT_SELFLEARN_ACTION
  C:0800H         LINE#         348
  C:0800H         LINE#         349
  C:0800H         LINE#         350
  C:0805H         LINE#         351
  C:0805H         LINE#         352
  C:0808H         LINE#         353
  C:0808H         LINE#         354
  C:080EH         LINE#         356
  C:0825H         LINE#         357
  C:0825H         LINE#         358
  C:082CH         LINE#         359
  C:082EH         LINE#         360
  C:0830H         LINE#         361
  C:0832H         LINE#         362
  C:0834H         LINE#         363
  C:0836H         LINE#         364
  C:0838H         LINE#         366
  C:0838H         LINE#         367
  C:083AH         LINE#         368
  C:083DH         LINE#         369
  C:083FH         LINE#         370
  C:0842H         LINE#         371
  C:0844H         LINE#         372
  C:0844H         LINE#         373
  C:0846H         LINE#         375
  C:0846H         LINE#         376
  C:084CH         LINE#         378
  C:084FH         LINE#         379
  C:0851H         LINE#         381
  C:0854H         LINE#         382
  C:0856H         LINE#         384
  C:0859H         LINE#         385
  C:0859H         LINE#         386
  C:085BH         LINE#         387
  C:085DH         LINE#         388
  C:0860H         LINE#         389
  C:0860H         LINE#         391
BL51 BANKED LINKER/LOCATER V6.22                                                      07/03/2015  10:06:22  PAGE 25


  C:0877H         LINE#         392
  C:0877H         LINE#         393
  C:087EH         LINE#         394
  C:0880H         LINE#         395
  C:0882H         LINE#         396
  C:0884H         LINE#         397
  C:0886H         LINE#         398
  C:0888H         LINE#         399
  C:088AH         LINE#         400
  C:088AH         LINE#         401
  C:088AH         LINE#         402
  C:088AH         LINE#         404
  C:088DH         LINE#         405
  C:088DH         LINE#         406
  C:088FH         LINE#         407
  C:0891H         LINE#         408
  C:0893H         LINE#         409
  C:0895H         LINE#         410
  C:0897H         LINE#         411
  C:0899H         LINE#         412
  C:089BH         LINE#         413
  C:089DH         LINE#         415
  C:08A0H         LINE#         417
  C:08A3H         LINE#         422
  C:08A3H         LINE#         423
  -------         ENDPROC       DETECT_SELFLEARN_ACTION
  -------         PROC          DETECT_OPEN_ACTION
  C:1413H         LINE#         428
  C:1413H         LINE#         429
  C:1413H         LINE#         431
  C:141EH         LINE#         432
  C:141EH         LINE#         433
  C:1421H         LINE#         434
  C:1426H         LINE#         435
  C:1428H         LINE#         437
  C:142CH         LINE#         438
  C:142EH         LINE#         439
  C:1431H         LINE#         440
  C:1433H         LINE#         441
  C:1436H         LINE#         442
  C:1439H         LINE#         444
  C:143BH         LINE#         445
  C:143BH         LINE#         446
  -------         ENDPROC       DETECT_OPEN_ACTION
  -------         PROC          DETECT_CLOSE_ACTION
  C:13BDH         LINE#         451
  C:13BDH         LINE#         452
  C:13BDH         LINE#         453
  C:13CAH         LINE#         454
  C:13CAH         LINE#         455
  C:13D0H         LINE#         456
  C:13D0H         LINE#         457
  C:13D3H         LINE#         458
  C:13D9H         LINE#         459
  C:13D9H         LINE#         460
  C:13DCH         LINE#         462
  C:13E0H         LINE#         463
BL51 BANKED LINKER/LOCATER V6.22                                                      07/03/2015  10:06:22  PAGE 26


  C:13E3H         LINE#         464
  C:13E5H         LINE#         465
  C:13E7H         LINE#         466
  C:13E7H         LINE#         467
  C:13E7H         LINE#         468
  C:13E7H         LINE#         469
  -------         ENDPROC       DETECT_CLOSE_ACTION
  -------         PROC          DETECT_VIBRATION
  C:1334H         LINE#         474
  C:1334H         LINE#         475
  C:1334H         LINE#         476
  C:133AH         LINE#         477
  C:133AH         LINE#         478
  C:133CH         LINE#         479
  C:1342H         LINE#         480
  C:1342H         LINE#         481
  C:1345H         LINE#         482
  C:1345H         LINE#         483
  C:135CH         LINE#         484
  C:135CH         LINE#         485
  C:135EH         LINE#         486
  C:1362H         LINE#         487
  C:1362H         LINE#         488
  C:1362H         LINE#         489
  -------         ENDPROC       DETECT_VIBRATION
  -------         PROC          DETECT_WHEEL_MOVING
  C:1391H         LINE#         494
  C:1391H         LINE#         495
  C:1391H         LINE#         496
  C:1394H         LINE#         497
  C:1394H         LINE#         498
  C:1396H         LINE#         499
  C:139CH         LINE#         500
  C:139CH         LINE#         501
  C:139FH         LINE#         502
  C:139FH         LINE#         503
  C:13B6H         LINE#         504
  C:13B6H         LINE#         505
  C:13B8H         LINE#         506
  C:13BCH         LINE#         507
  C:13BCH         LINE#         508
  C:13BCH         LINE#         509
  -------         ENDPROC       DETECT_WHEEL_MOVING
  -------         ENDMOD        OPERATION

  -------         MODULE        OTHER
  C:0000H         SYMBOL        _ICE_DUMMY_
  D:0080H         PUBLIC        P0
  D:0090H         PUBLIC        P1
  D:00A0H         PUBLIC        P2
  D:00B0H         PUBLIC        P3
  D:00A8H         PUBLIC        IE
  C:1859H         PUBLIC        _magnet_ACW_Taili
  B:00A0H.4       PUBLIC        Moto_EN
  D:00B8H         PUBLIC        IP
  D:00D8H         PUBLIC        WDCON0
  D:0098H         PUBLIC        SCON
BL51 BANKED LINKER/LOCATER V6.22                                                      07/03/2015  10:06:22  PAGE 27


  D:0088H         PUBLIC        TCON
  C:0003H         PUBLIC        Moto_Vibration
  C:184BH         PUBLIC        _magnet_ACW
  C:1880H         PUBLIC        Enable_sensor
  C:1303H         PUBLIC        _magnet_CW_Taili
  D:00E8H         PUBLIC        EIE
  C:1000H         PUBLIC        disable_sensor
  B:00A0H.2       PUBLIC        MagentControl_1
  B:00A0H.3       PUBLIC        MagentControl_2
  D:00F8H         PUBLIC        ADCCON0
  D:00C0H         PUBLIC        I2CON
  D:00C8H         PUBLIC        T2CON
  C:12D2H         PUBLIC        _magnet_CW
  D:00D0H         PUBLIC        PSW
  B:0080H.5       PUBLIC        Externalmotor
  -------         PROC          _MAGNET_CW
  X:0021H         SYMBOL        x
  X:0023H         SYMBOL        y
  D:0003H         SYMBOL        z
  C:12D2H         LINE#         44
  C:12DFH         LINE#         45
  C:12DFH         LINE#         47
  C:12E8H         LINE#         49
  C:12EAH         LINE#         50
  C:12ECH         LINE#         51
  C:12FCH         LINE#         52
  C:12FEH         LINE#         53
  C:1300H         LINE#         54
  C:1302H         LINE#         55
  -------         ENDPROC       _MAGNET_CW
  -------         PROC          _MAGNET_CW_TAILI
  X:0025H         SYMBOL        x
  X:0027H         SYMBOL        y
  D:0003H         SYMBOL        z
  C:1303H         LINE#         61
  C:1310H         LINE#         62
  C:1310H         LINE#         64
  C:1319H         LINE#         66
  C:131BH         LINE#         67
  C:131DH         LINE#         68
  C:132DH         LINE#         69
  C:132FH         LINE#         70
  C:1331H         LINE#         71
  C:1333H         LINE#         72
  -------         ENDPROC       _MAGNET_CW_TAILI
  -------         PROC          _MAGNET_ACW
  D:0006H         SYMBOL        x
  D:0004H         SYMBOL        y
  C:184BH         LINE#         78
  C:184BH         LINE#         79
  C:184BH         LINE#         80
  C:184DH         LINE#         81
  C:184FH         LINE#         82
  C:1851H         LINE#         83
  C:1854H         LINE#         84
  C:1856H         LINE#         85
  C:1858H         LINE#         86
BL51 BANKED LINKER/LOCATER V6.22                                                      07/03/2015  10:06:22  PAGE 28


  -------         ENDPROC       _MAGNET_ACW
  -------         PROC          _MAGNET_ACW_TAILI
  D:0006H         SYMBOL        x
  D:0004H         SYMBOL        y
  C:1859H         LINE#         92
  C:1859H         LINE#         93
  C:1859H         LINE#         94
  C:185BH         LINE#         95
  C:185DH         LINE#         96
  C:185FH         LINE#         97
  C:1862H         LINE#         98
  C:1864H         LINE#         99
  C:1866H         LINE#         100
  -------         ENDPROC       _MAGNET_ACW_TAILI
  -------         PROC          DISABLE_SENSOR
  C:1000H         LINE#         106
  C:1000H         LINE#         107
  C:1000H         LINE#         109
  C:1002H         LINE#         110
  C:1004H         LINE#         112
  C:1006H         LINE#         113
  C:1008H         LINE#         114
  C:100CH         LINE#         115
  C:100FH         LINE#         116
  C:1012H         LINE#         117
  C:1017H         LINE#         118
  C:101CH         LINE#         119
  C:1021H         LINE#         120
  C:1024H         LINE#         121
  C:1027H         LINE#         122
  C:1029H         LINE#         123
  C:102BH         LINE#         124
  C:102DH         LINE#         125
  C:1030H         LINE#         126
  C:1032H         LINE#         127
  C:1035H         LINE#         129
  C:1037H         LINE#         132
  C:103AH         LINE#         133
  C:103CH         LINE#         135
  C:103EH         LINE#         136
  C:1041H         LINE#         138
  C:1043H         LINE#         139
  C:1046H         LINE#         140
  -------         ENDPROC       DISABLE_SENSOR
  -------         PROC          ENABLE_SENSOR
  C:1880H         LINE#         146
  C:1880H         LINE#         147
  C:1880H         LINE#         149
  C:1882H         LINE#         150
  C:1884H         LINE#         153
  C:1888H         LINE#         154
  C:188BH         LINE#         155
  -------         ENDPROC       ENABLE_SENSOR
  -------         PROC          MOTO_VIBRATION
  C:0003H         LINE#         161
  C:0003H         LINE#         162
  C:0003H         LINE#         163
BL51 BANKED LINKER/LOCATER V6.22                                                      07/03/2015  10:06:22  PAGE 29


  C:0005H         LINE#         164
  C:0008H         LINE#         165
  C:000AH         LINE#         166
  -------         ENDPROC       MOTO_VIBRATION
  -------         ENDMOD        OTHER

  -------         MODULE        PWM
  C:0000H         SYMBOL        _ICE_DUMMY_
  D:0080H         PUBLIC        P0
  D:0090H         PUBLIC        P1
  D:00A0H         PUBLIC        P2
  D:00B0H         PUBLIC        P3
  D:00DCH         PUBLIC        PWMCON0
  D:00D1H         PUBLIC        PWMPH
  D:00A8H         PUBLIC        IE
  D:00D9H         PUBLIC        PWMPL
  C:0D3DH         PUBLIC        _PWM_Channel
  D:00B8H         PUBLIC        IP
  C:18B2H         PUBLIC        myPwm
  D:00D8H         PUBLIC        WDCON0
  D:0098H         PUBLIC        SCON
  D:0088H         PUBLIC        TCON
  D:00E8H         PUBLIC        EIE
  D:00F8H         PUBLIC        ADCCON0
  D:00C0H         PUBLIC        I2CON
  X:0029H         PUBLIC        PWM_shadow
  D:00C8H         PUBLIC        T2CON
  C:1641H         PUBLIC        Init_PWM
  D:00D2H         PUBLIC        PWM0H
  D:00D3H         PUBLIC        PWM1H
  D:00D5H         PUBLIC        PWM2H
  D:00D6H         PUBLIC        PWM3H
  D:00DAH         PUBLIC        PWM0L
  D:00DBH         PUBLIC        PWM1L
  D:00DDH         PUBLIC        PWM2L
  D:00DEH         PUBLIC        PWM3L
  D:00D0H         PUBLIC        PSW
  -------         PROC          INIT_PWM
  C:1641H         LINE#         19
  C:1641H         LINE#         20
  C:1641H         LINE#         22
  C:1644H         LINE#         24
  C:164CH         LINE#         26
  C:1655H         LINE#         27
  C:1658H         LINE#         28
  -------         ENDPROC       INIT_PWM
  -------         PROC          _PWM_CHANNEL
  D:0007H         SYMBOL        Channel
  C:0D3DH         LINE#         34
  C:0D3DH         LINE#         35
  C:0D3DH         LINE#         36
  C:0D4BH         LINE#         37
  C:0D4BH         LINE#         39
  C:0D4BH         LINE#         40
  C:0D4BH         LINE#         41
  C:0D53H         LINE#         42
  C:0D5CH         LINE#         43
BL51 BANKED LINKER/LOCATER V6.22                                                      07/03/2015  10:06:22  PAGE 30


  C:0D5FH         LINE#         44
  C:0D5FH         LINE#         45
  C:0D60H         LINE#         47
  C:0D60H         LINE#         48
  C:0D60H         LINE#         49
  C:0D68H         LINE#         50
  C:0D71H         LINE#         51
  C:0D74H         LINE#         52
  C:0D74H         LINE#         53
  C:0D75H         LINE#         55
  C:0D75H         LINE#         56
  C:0D75H         LINE#         57
  C:0D7DH         LINE#         58
  C:0D86H         LINE#         59
  C:0D89H         LINE#         60
  C:0D89H         LINE#         61
  C:0D8AH         LINE#         63
  C:0D8AH         LINE#         64
  C:0D8AH         LINE#         65
  C:0D92H         LINE#         66
  C:0D9BH         LINE#         67
  C:0D9EH         LINE#         68
  C:0D9EH         LINE#         69
  C:0D9EH         LINE#         70
  C:0D9EH         LINE#         71
  -------         ENDPROC       _PWM_CHANNEL
  -------         PROC          MYPWM
  C:18B2H         LINE#         77
  C:18B2H         LINE#         78
  C:18B2H         LINE#         80
  C:18B7H         LINE#         82
  -------         ENDPROC       MYPWM
  -------         ENDMOD        PWM

  -------         MODULE        TIMER
  C:0000H         SYMBOL        _ICE_DUMMY_
  D:0080H         PUBLIC        P0
  D:0090H         PUBLIC        P1
  D:00A0H         PUBLIC        P2
  D:00B0H         PUBLIC        P3
  B:00A8H.7       PUBLIC        EA
  D:00A8H         PUBLIC        IE
  D:00B8H         PUBLIC        IP
  C:0EA9H         PUBLIC        _InitT0
  C:0A9DH         PUBLIC        _InitTimer
  D:00D8H         PUBLIC        WDCON0
  D:0087H         PUBLIC        PCON
  D:0098H         PUBLIC        SCON
  X:002DH         PUBLIC        timer0_8H
  D:0089H         PUBLIC        TMOD
  D:0088H         PUBLIC        TCON
  X:002EH         PUBLIC        timer1_8H
  X:002FH         PUBLIC        timer0_8L
  C:18D2H         PUBLIC        hSCH_Start
  X:0030H         PUBLIC        timer1_8L
  B:00A8H.1       PUBLIC        ET0
  B:00A8H.3       PUBLIC        ET1
BL51 BANKED LINKER/LOCATER V6.22                                                      07/03/2015  10:06:22  PAGE 31


  D:008CH         PUBLIC        TH0
  D:008DH         PUBLIC        TH1
  D:008AH         PUBLIC        TL0
  D:008BH         PUBLIC        TL1
  D:00E8H         PUBLIC        EIE
  B:00B8H.3       PUBLIC        PT1
  B:0088H.4       PUBLIC        TR0
  B:0088H.6       PUBLIC        TR1
  C:171DH         PUBLIC        hSCH_Manual_Timer0_Reload
  D:00F8H         PUBLIC        ADCCON0
  D:00C0H         PUBLIC        I2CON
  D:00C8H         PUBLIC        T2CON
  C:18C7H         PUBLIC        sEOS_Go_To_Sleep
  D:00D0H         PUBLIC        PSW
  -------         PROC          _INITTIMER
  D:0007H         SYMBOL        Tick_ms_T0
  X:002BH         SYMBOL        Tick_us_T1
  -------         DO            
  D:0004H         SYMBOL        Inc_T0
  D:0004H         SYMBOL        Inc_T1
  D:0004H         SYMBOL        timer0_16
  D:0004H         SYMBOL        timer1_16
  -------         ENDDO         
  C:0A9DH         LINE#         36
  C:0AA4H         LINE#         37
  C:0AA4H         LINE#         42
  C:0AB6H         LINE#         43
  C:0ABCH         LINE#         44
  C:0ABFH         LINE#         45
  C:0AC3H         LINE#         48
  C:0AE2H         LINE#         49
  C:0AEAH         LINE#         50
  C:0AEEH         LINE#         51
  C:0AF4H         LINE#         53
  C:0AF7H         LINE#         55
  C:0AFCH         LINE#         56
  C:0B01H         LINE#         57
  C:0B03H         LINE#         58
  C:0B05H         LINE#         60
  C:0B07H         LINE#         61
  C:0B09H         LINE#         62
  C:0B0BH         LINE#         63
  C:0B0DH         LINE#         64
  C:0B0FH         LINE#         65
  C:0B11H         LINE#         66
  -------         ENDPROC       _INITTIMER
  -------         PROC          _INITT0
  X:0091H         SYMBOL        Tick_ms_T0
  -------         DO            
  D:0004H         SYMBOL        Inc_T0
  D:0004H         SYMBOL        timer0_16
  X:0092H         SYMBOL        i
  -------         ENDDO         
  C:0EA9H         LINE#         71
  C:0EADH         LINE#         72
  C:0EADH         LINE#         77
  C:0EB9H         LINE#         78
BL51 BANKED LINKER/LOCATER V6.22                                                      07/03/2015  10:06:22  PAGE 32


  C:0EB9H         LINE#         79
  C:0EBCH         LINE#         80
  C:0EC3H         LINE#         83
  C:0ED9H         LINE#         84
  C:0EE2H         LINE#         85
  C:0EE5H         LINE#         86
  C:0EE9H         LINE#         88
  C:0EECH         LINE#         89
  C:0EEFH         LINE#         91
  C:0EF2H         LINE#         93
  C:0EF4H         LINE#         94
  -------         ENDPROC       _INITT0
  -------         PROC          HSCH_START
  C:18D2H         LINE#         108
  C:18D2H         LINE#         109
  C:18D2H         LINE#         110
  C:18D4H         LINE#         111
  -------         ENDPROC       HSCH_START
  -------         PROC          SEOS_GO_TO_SLEEP
  C:18C7H         LINE#         117
  C:18C7H         LINE#         118
  C:18C7H         LINE#         119
  C:18CAH         LINE#         120
  -------         ENDPROC       SEOS_GO_TO_SLEEP
  -------         PROC          HSCH_MANUAL_TIMER0_RELOAD
  C:171DH         LINE#         134
  C:171DH         LINE#         135
  C:171DH         LINE#         137
  C:171FH         LINE#         143
  C:1724H         LINE#         144
  C:1729H         LINE#         147
  C:172BH         LINE#         148
  -------         ENDPROC       HSCH_MANUAL_TIMER0_RELOAD
  -------         ENDMOD        TIMER

  -------         MODULE        UART
  C:0000H         SYMBOL        _ICE_DUMMY_
  D:0080H         PUBLIC        P0
  D:0090H         PUBLIC        P1
  D:00A0H         PUBLIC        P2
  D:00B0H         PUBLIC        P3
  B:00A8H.7       PUBLIC        EA
  C:18BAH         PUBLIC        _SendData
  D:00A8H         PUBLIC        IE
  B:00A8H.4       PUBLIC        ES
  D:00B8H         PUBLIC        IP
  B:0098H.0       PUBLIC        RI
  B:0098H.1       PUBLIC        TI
  B:00B8H.4       PUBLIC        PS
  D:00D8H         PUBLIC        WDCON0
  D:0099H         PUBLIC        SBUF
  D:0098H         PUBLIC        SCON
  D:0089H         PUBLIC        TMOD
  D:0088H         PUBLIC        TCON
  B:00A8H.1       PUBLIC        ET0
  D:008DH         PUBLIC        TH1
  D:008BH         PUBLIC        TL1
BL51 BANKED LINKER/LOCATER V6.22                                                      07/03/2015  10:06:22  PAGE 33


  D:00E8H         PUBLIC        EIE
  C:11CEH         PUBLIC        _InitUART
  B:0088H.4       PUBLIC        TR0
  B:0088H.6       PUBLIC        TR1
  D:00F8H         PUBLIC        ADCCON0
  D:00C0H         PUBLIC        I2CON
  D:00C8H         PUBLIC        T2CON
  C:13E8H         PUBLIC        _SendNByte
  D:00A2H         PUBLIC        AUXR1
  D:00D0H         PUBLIC        PSW
  -------         PROC          _INITUART
  D:0006H         SYMBOL        Baudrate
  C:11CEH         LINE#         19
  C:11CEH         LINE#         20
  C:11CEH         LINE#         21
  C:11D1H         LINE#         22
  C:11D4H         LINE#         23
  C:11D7H         LINE#         24
  C:11EEH         LINE#         26
  C:11F3H         LINE#         27
  C:11F5H         LINE#         28
  C:11F7H         LINE#         29
  C:11F9H         LINE#         30
  C:11FBH         LINE#         31
  C:11FDH         LINE#         32
  C:11FFH         LINE#         33
  C:1201H         LINE#         34
  C:1203H         LINE#         35
  -------         ENDPROC       _INITUART
  -------         PROC          _SENDDATA
  D:0007H         SYMBOL        dat
  C:18BAH         LINE#         40
  C:18BAH         LINE#         41
  C:18BAH         LINE#         42
  C:18BCH         LINE#         43
  C:18BFH         LINE#         44
  C:18C1H         LINE#         45
  -------         ENDPROC       _SENDDATA
  -------         PROC          _SENDNBYTE
  X:008AH         SYMBOL        buf
  D:0005H         SYMBOL        len
  C:13E8H         LINE#         50
  C:13F2H         LINE#         51
  C:13F2H         LINE#         52
  C:13F8H         LINE#         53
  C:13F8H         LINE#         54
  C:1410H         LINE#         55
  C:1412H         LINE#         56
  -------         ENDPROC       _SENDNBYTE
  -------         ENDMOD        UART

[...]


    SYMBOL:  OPEN_ACTION_FLAG
    MODULE:  .\operation.obj (OPERATION)

*** WARNING L1: UNRESOLVED EXTERNAL SYMBOL
    SYMBOL:  STOLEN_ALARM_RESET_COUNT
    MODULE:  .\operation.obj (OPERATION)

*** WARNING L2: REFERENCE MADE TO UNRESOLVED EXTERNAL
    SYMBOL:  SILENCE_FLAG
    MODULE:  .\operation.obj (OPERATION)
    ADDRESS: 1364H

*** WARNING L2: REFERENCE MADE TO UNRESOLVED EXTERNAL
    SYMBOL:  LOAD_BATTERY_RESULT
    MODULE:  .\operation.obj (OPERATION)
    ADDRESS: 1371H

*** WARNING L2: REFERENCE MADE TO UNRESOLVED EXTERNAL
    SYMBOL:  ID_CERTIFICATED_NUMBERS
    MODULE:  .\operation.obj (OPERATION)
    ADDRESS: 1389H

*** WARNING L2: REFERENCE MADE TO UNRESOLVED EXTERNAL
    SYMBOL:  SILENCE_FLAG
    MODULE:  .\operation.obj (OPERATION)
    ADDRESS: 138CH

*** WARNING L2: REFERENCE MADE TO UNRESOLVED EXTERNAL
    SYMBOL:  SILENCE_FLAG
    MODULE:  .\operation.obj (OPERATION)
    ADDRESS: 138FH

*** WARNING L2: REFERENCE MADE TO UNRESOLVED EXTERNAL
    SYMBOL:  SLAVE_NEARBY_ACTIONED_FLAG
    MODULE:  .\operation.obj (OPERATION)
    ADDRESS: 07DCH

*** WARNING L2: REFERENCE MADE TO UNRESOLVED EXTERNAL
    SYMBOL:  ID_SPEECHED_FLAG
    MODULE:  .\operation.obj (OPERATION)
    ADDRESS: 07DEH

*** WARNING L2: REFERENCE MADE TO UNRESOLVED EXTERNAL
    SYMBOL:  AFTER_IDCERT_TIMECOUNT
    MODULE:  .\operation.obj (OPERATION)
    ADDRESS: 07E1H

*** WARNING L2: REFERENCE MADE TO UNRESOLVED EXTERNAL
    SYMBOL:  ID_CERTIFICATED_FLAG
    MODULE:  .\operation.obj (OPERATION)
    ADDRESS: 07E4H

*** WARNING L2: REFERENCE MADE TO UNRESOLVED EXTERNAL
    SYMBOL:  ID_CERTIFICATED_NUMBERS
    MODULE:  .\operation.obj (OPERATION)
    ADDRESS: 07E6H

BL51 BANKED LINKER/LOCATER V6.22                                                      07/03/2015  10:06:22  PAGE 59


*** WARNING L2: REFERENCE MADE TO UNRESOLVED EXTERNAL
    SYMBOL:  SILENCE_FLAG
    MODULE:  .\operation.obj (OPERATION)
    ADDRESS: 07E9H

*** WARNING L2: REFERENCE MADE TO UNRESOLVED EXTERNAL
    SYMBOL:  JUST_POWER_UP
    MODULE:  .\operation.obj (OPERATION)
    ADDRESS: 07EFH

*** WARNING L2: REFERENCE MADE TO UNRESOLVED EXTERNAL
    SYMBOL:  LOAD_BATTERY_RESULT
    MODULE:  .\operation.obj (OPERATION)
    ADDRESS: 07F2H

*** WARNING L2: REFERENCE MADE TO UNRESOLVED EXTERNAL
    SYMBOL:  EN_HOST_STOLEN_ALARMING
    MODULE:  .\operation.obj (OPERATION)
    ADDRESS: 1875H

*** WARNING L2: REFERENCE MADE TO UNRESOLVED EXTERNAL
    SYMBOL:  HOST_STOLEN_ALARMING
    MODULE:  .\operation.obj (OPERATION)
    ADDRESS: 1878H

*** WARNING L2: REFERENCE MADE TO UNRESOLVED EXTERNAL
    SYMBOL:  ID_CERTIFICATED_FLAG
    MODULE:  .\operation.obj (OPERATION)
    ADDRESS: 1463H

*** WARNING L2: REFERENCE MADE TO UNRESOLVED EXTERNAL
    SYMBOL:  AFTER_IDCERT_TIMECOUNT
    MODULE:  .\operation.obj (OPERATION)
    ADDRESS: 1466H

*** WARNING L2: REFERENCE MADE TO UNRESOLVED EXTERNAL
    SYMBOL:  ID_CERTIFICATED_FLAG
    MODULE:  .\operation.obj (OPERATION)
    ADDRESS: 1470H

*** WARNING L2: REFERENCE MADE TO UNRESOLVED EXTERNAL
    SYMBOL:  ID_CERTIFICATED_NUMBERS
    MODULE:  .\operation.obj (OPERATION)
    ADDRESS: 1474H

*** WARNING L2: REFERENCE MADE TO UNRESOLVED EXTERNAL
    SYMBOL:  OPEN_ACTION_FLAG
    MODULE:  .\operation.obj (OPERATION)
    ADDRESS: 1477H

*** WARNING L2: REFERENCE MADE TO UNRESOLVED EXTERNAL
    SYMBOL:  NEVER_ALARM
    MODULE:  .\operation.obj (OPERATION)
    ADDRESS: 147CH

*** WARNING L2: REFERENCE MADE TO UNRESOLVED EXTERNAL
    SYMBOL:  NEVER_ALARM
BL51 BANKED LINKER/LOCATER V6.22                                                      07/03/2015  10:06:22  PAGE 60


    MODULE:  .\operation.obj (OPERATION)
    ADDRESS: 1482H

*** WARNING L2: REFERENCE MADE TO UNRESOLVED EXTERNAL
    SYMBOL:  NEVER_ALARM
    MODULE:  .\operation.obj (OPERATION)
    ADDRESS: 1537H

*** WARNING L2: REFERENCE MADE TO UNRESOLVED EXTERNAL
    SYMBOL:  ID_SELFLEARNING_FLAG
    MODULE:  .\operation.obj (OPERATION)
    ADDRESS: 143DH

*** WARNING L2: REFERENCE MADE TO UNRESOLVED EXTERNAL
    SYMBOL:  ID_SELFLEARNING_TIMECOUNT
    MODULE:  .\operation.obj (OPERATION)
    ADDRESS: 1440H

*** WARNING L2: REFERENCE MADE TO UNRESOLVED EXTERNAL
    SYMBOL:  ID_SELFLEARNING_FLAG
    MODULE:  .\operation.obj (OPERATION)
    ADDRESS: 144AH

*** WARNING L2: REFERENCE MADE TO UNRESOLVED EXTERNAL
    SYMBOL:  IDKEY_SELFLEARN_HVCOUNT
    MODULE:  .\operation.obj (OPERATION)
    ADDRESS: 144EH

*** WARNING L2: REFERENCE MADE TO UNRESOLVED EXTERNAL
    SYMBOL:  IDKEY_SELFLEARN_LVCOUNT
    MODULE:  .\operation.obj (OPERATION)
    ADDRESS: 1453H

*** WARNING L2: REFERENCE MADE TO UNRESOLVED EXTERNAL
    SYMBOL:  IDKEY_SELFLEARN_FLAG1
    MODULE:  .\operation.obj (OPERATION)
    ADDRESS: 1458H

*** WARNING L2: REFERENCE MADE TO UNRESOLVED EXTERNAL
    SYMBOL:  IDKEY_SELFLEARN_FLAG2
    MODULE:  .\operation.obj (OPERATION)
    ADDRESS: 145AH

*** WARNING L2: REFERENCE MADE TO UNRESOLVED EXTERNAL
    SYMBOL:  IDKEY_SELFLEARN_FLAG3
    MODULE:  .\operation.obj (OPERATION)
    ADDRESS: 145CH

*** WARNING L2: REFERENCE MADE TO UNRESOLVED EXTERNAL
    SYMBOL:  IDKEY_SELFLEARN_FLAG4
    MODULE:  .\operation.obj (OPERATION)
    ADDRESS: 145EH

*** WARNING L2: REFERENCE MADE TO UNRESOLVED EXTERNAL
    SYMBOL:  IDKEY_SELFLEARN_FLAG5
    MODULE:  .\operation.obj (OPERATION)
    ADDRESS: 1460H
BL51 BANKED LINKER/LOCATER V6.22                                                      07/03/2015  10:06:22  PAGE 61



*** WARNING L2: REFERENCE MADE TO UNRESOLVED EXTERNAL
    SYMBOL:  IDKEY_SPEECH_FLASH
    MODULE:  .\operation.obj (OPERATION)
    ADDRESS: 18A1H

*** WARNING L2: REFERENCE MADE TO UNRESOLVED EXTERNAL
    SYMBOL:  IDKEY_SPEECH_FLASH
    MODULE:  .\operation.obj (OPERATION)
    ADDRESS: 18A4H

*** WARNING L2: REFERENCE MADE TO UNRESOLVED EXTERNAL
    SYMBOL:  WIRE_BROKEN_RESET
    MODULE:  .\operation.obj (OPERATION)
    ADDRESS: 170EH

*** WARNING L2: REFERENCE MADE TO UNRESOLVED EXTERNAL
    SYMBOL:  WIRE_BROKEN_RESET
    MODULE:  .\operation.obj (OPERATION)
    ADDRESS: 1711H

*** WARNING L2: REFERENCE MADE TO UNRESOLVED EXTERNAL
    SYMBOL:  EN_HOST_STOLEN_ALARMING
    MODULE:  .\operation.obj (OPERATION)
    ADDRESS: 1717H

*** WARNING L2: REFERENCE MADE TO UNRESOLVED EXTERNAL
    SYMBOL:  HOST_STOLEN_ALARMING
    MODULE:  .\operation.obj (OPERATION)
    ADDRESS: 1719H

*** WARNING L2: REFERENCE MADE TO UNRESOLVED EXTERNAL
    SYMBOL:  EN_HOST_STOLEN_ALARMING
    MODULE:  .\operation.obj (OPERATION)
    ADDRESS: 14E7H

*** WARNING L2: REFERENCE MADE TO UNRESOLVED EXTERNAL
    SYMBOL:  STOLEN_ALARM_RESET_COUNT
    MODULE:  .\operation.obj (OPERATION)
    ADDRESS: 14EAH

*** WARNING L2: REFERENCE MADE TO UNRESOLVED EXTERNAL
    SYMBOL:  EN_HOST_STOLEN_ALARMING
    MODULE:  .\operation.obj (OPERATION)
    ADDRESS: 14F8H

*** WARNING L2: REFERENCE MADE TO UNRESOLVED EXTERNAL
    SYMBOL:  HOST_STOLEN_ALARMING
    MODULE:  .\operation.obj (OPERATION)
    ADDRESS: 14FAH

*** WARNING L2: REFERENCE MADE TO UNRESOLVED EXTERNAL
    SYMBOL:  STOLEN_ALARM_RESET_COUNT
    MODULE:  .\operation.obj (OPERATION)
    ADDRESS: 14FEH

*** WARNING L2: REFERENCE MADE TO UNRESOLVED EXTERNAL
BL51 BANKED LINKER/LOCATER V6.22                                                      07/03/2015  10:06:22  PAGE 62


    SYMBOL:  JUST_POWER_UP
    MODULE:  .\operation.obj (OPERATION)
    ADDRESS: 148BH

*** WARNING L2: REFERENCE MADE TO UNRESOLVED EXTERNAL
    SYMBOL:  SLAVE_NEARBY_COUNT
    MODULE:  .\operation.obj (OPERATION)
    ADDRESS: 148EH

*** WARNING L2: REFERENCE MADE TO UNRESOLVED EXTERNAL
    SYMBOL:  SLAVE_NEARBY_ACTIONED_FLAG
    MODULE:  .\operation.obj (OPERATION)
    ADDRESS: 149BH

*** WARNING L2: REFERENCE MADE TO UNRESOLVED EXTERNAL
    SYMBOL:  ID_CERTIFICATED_FLAG
    MODULE:  .\operation.obj (OPERATION)
    ADDRESS: 149DH

*** WARNING L2: REFERENCE MADE TO UNRESOLVED EXTERNAL
    SYMBOL:  NEVER_ALARM
    MODULE:  .\operation.obj (OPERATION)
    ADDRESS: 149FH

*** WARNING L2: REFERENCE MADE TO UNRESOLVED EXTERNAL
    SYMBOL:  IDKEY_SELFLEARN_LVCOUNT
    MODULE:  .\operation.obj (OPERATION)
    ADDRESS: 080AH

*** WARNING L2: REFERENCE MADE TO UNRESOLVED EXTERNAL
    SYMBOL:  IDKEY_SELFLEARN_HVCOUNT
    MODULE:  .\operation.obj (OPERATION)
    ADDRESS: 080FH

*** WARNING L2: REFERENCE MADE TO UNRESOLVED EXTERNAL
    SYMBOL:  IDKEY_SELFLEARN_FLAG1
    MODULE:  .\operation.obj (OPERATION)
    ADDRESS: 082DH

*** WARNING L2: REFERENCE MADE TO UNRESOLVED EXTERNAL
    SYMBOL:  IDKEY_SELFLEARN_FLAG2
    MODULE:  .\operation.obj (OPERATION)
    ADDRESS: 082FH

*** WARNING L2: REFERENCE MADE TO UNRESOLVED EXTERNAL
    SYMBOL:  IDKEY_SELFLEARN_FLAG3
    MODULE:  .\operation.obj (OPERATION)
    ADDRESS: 0831H

*** WARNING L2: REFERENCE MADE TO UNRESOLVED EXTERNAL
    SYMBOL:  IDKEY_SELFLEARN_FLAG4
    MODULE:  .\operation.obj (OPERATION)
    ADDRESS: 0833H

*** WARNING L2: REFERENCE MADE TO UNRESOLVED EXTERNAL
    SYMBOL:  IDKEY_SELFLEARN_FLAG5
    MODULE:  .\operation.obj (OPERATION)
BL51 BANKED LINKER/LOCATER V6.22                                                      07/03/2015  10:06:22  PAGE 63


    ADDRESS: 0835H

*** WARNING L2: REFERENCE MADE TO UNRESOLVED EXTERNAL
    SYMBOL:  IDKEY_SELFLEARN_FLAG1
    MODULE:  .\operation.obj (OPERATION)
    ADDRESS: 0839H

*** WARNING L2: REFERENCE MADE TO UNRESOLVED EXTERNAL
    SYMBOL:  IDKEY_SELFLEARN_FLAG2
    MODULE:  .\operation.obj (OPERATION)
    ADDRESS: 083BH

*** WARNING L2: REFERENCE MADE TO UNRESOLVED EXTERNAL
    SYMBOL:  IDKEY_SELFLEARN_FLAG3
    MODULE:  .\operation.obj (OPERATION)
    ADDRESS: 083EH

*** WARNING L2: REFERENCE MADE TO UNRESOLVED EXTERNAL
    SYMBOL:  IDKEY_SELFLEARN_FLAG4
    MODULE:  .\operation.obj (OPERATION)
    ADDRESS: 0840H

*** WARNING L2: REFERENCE MADE TO UNRESOLVED EXTERNAL
    SYMBOL:  IDKEY_SELFLEARN_FLAG5
    MODULE:  .\operation.obj (OPERATION)
    ADDRESS: 0843H

*** WARNING L2: REFERENCE MADE TO UNRESOLVED EXTERNAL
    SYMBOL:  IDKEY_SELFLEARN_HVCOUNT
    MODULE:  .\operation.obj (OPERATION)
    ADDRESS: 0848H

*** WARNING L2: REFERENCE MADE TO UNRESOLVED EXTERNAL
    SYMBOL:  IDKEY_SELFLEARN_FLAG1
    MODULE:  .\operation.obj (OPERATION)
    ADDRESS: 084DH

*** WARNING L2: REFERENCE MADE TO UNRESOLVED EXTERNAL
    SYMBOL:  IDKEY_SELFLEARN_FLAG2
    MODULE:  .\operation.obj (OPERATION)
    ADDRESS: 0850H

*** WARNING L2: REFERENCE MADE TO UNRESOLVED EXTERNAL
    SYMBOL:  IDKEY_SELFLEARN_FLAG3
    MODULE:  .\operation.obj (OPERATION)
    ADDRESS: 0852H

*** WARNING L2: REFERENCE MADE TO UNRESOLVED EXTERNAL
    SYMBOL:  IDKEY_SELFLEARN_FLAG4
    MODULE:  .\operation.obj (OPERATION)
    ADDRESS: 0855H

*** WARNING L2: REFERENCE MADE TO UNRESOLVED EXTERNAL
    SYMBOL:  IDKEY_SELFLEARN_FLAG5
    MODULE:  .\operation.obj (OPERATION)
    ADDRESS: 0857H

BL51 BANKED LINKER/LOCATER V6.22                                                      07/03/2015  10:06:22  PAGE 64


*** WARNING L2: REFERENCE MADE TO UNRESOLVED EXTERNAL
    SYMBOL:  ID_SELFLEARNING_FLAG
    MODULE:  .\operation.obj (OPERATION)
    ADDRESS: 085AH

*** WARNING L2: REFERENCE MADE TO UNRESOLVED EXTERNAL
    SYMBOL:  IDKEY_SELFLEARN_FLAG5
    MODULE:  .\operation.obj (OPERATION)
    ADDRESS: 085CH

*** WARNING L2: REFERENCE MADE TO UNRESOLVED EXTERNAL
    SYMBOL:  IDKEY_SELFLEARN_LVCOUNT
    MODULE:  .\operation.obj (OPERATION)
    ADDRESS: 0861H

*** WARNING L2: REFERENCE MADE TO UNRESOLVED EXTERNAL
    SYMBOL:  IDKEY_SELFLEARN_FLAG1
    MODULE:  .\operation.obj (OPERATION)
    ADDRESS: 087FH

*** WARNING L2: REFERENCE MADE TO UNRESOLVED EXTERNAL
    SYMBOL:  IDKEY_SELFLEARN_FLAG2
    MODULE:  .\operation.obj (OPERATION)
    ADDRESS: 0881H

*** WARNING L2: REFERENCE MADE TO UNRESOLVED EXTERNAL
    SYMBOL:  IDKEY_SELFLEARN_FLAG3
    MODULE:  .\operation.obj (OPERATION)
    ADDRESS: 0883H

*** WARNING L2: REFERENCE MADE TO UNRESOLVED EXTERNAL
    SYMBOL:  IDKEY_SELFLEARN_FLAG4
    MODULE:  .\operation.obj (OPERATION)
    ADDRESS: 0885H

*** WARNING L2: REFERENCE MADE TO UNRESOLVED EXTERNAL
    SYMBOL:  IDKEY_SELFLEARN_FLAG5
    MODULE:  .\operation.obj (OPERATION)
    ADDRESS: 0887H

*** WARNING L2: REFERENCE MADE TO UNRESOLVED EXTERNAL
    SYMBOL:  ID_SELFLEARNING_FLAG
    MODULE:  .\operation.obj (OPERATION)
    ADDRESS: 0889H

*** WARNING L2: REFERENCE MADE TO UNRESOLVED EXTERNAL
    SYMBOL:  IDKEY_FLASH_EN
    MODULE:  .\operation.obj (OPERATION)
    ADDRESS: 088BH

*** WARNING L2: REFERENCE MADE TO UNRESOLVED EXTERNAL
    SYMBOL:  IDKEY_FLASH_EN
    MODULE:  .\operation.obj (OPERATION)
    ADDRESS: 088EH

*** WARNING L2: REFERENCE MADE TO UNRESOLVED EXTERNAL
    SYMBOL:  FLASHING_FLAG
BL51 BANKED LINKER/LOCATER V6.22                                                      07/03/2015  10:06:22  PAGE 65


    MODULE:  .\operation.obj (OPERATION)
    ADDRESS: 0890H

*** WARNING L2: REFERENCE MADE TO UNRESOLVED EXTERNAL
    SYMBOL:  IDKEY_SELFLEARN_FLAG1
    MODULE:  .\operation.obj (OPERATION)
    ADDRESS: 0892H

*** WARNING L2: REFERENCE MADE TO UNRESOLVED EXTERNAL
    SYMBOL:  IDKEY_SELFLEARN_FLAG2
    MODULE:  .\operation.obj (OPERATION)
    ADDRESS: 0894H

*** WARNING L2: REFERENCE MADE TO UNRESOLVED EXTERNAL
    SYMBOL:  IDKEY_SELFLEARN_FLAG3
    MODULE:  .\operation.obj (OPERATION)
    ADDRESS: 0896H

*** WARNING L2: REFERENCE MADE TO UNRESOLVED EXTERNAL
    SYMBOL:  IDKEY_SELFLEARN_FLAG4
    MODULE:  .\operation.obj (OPERATION)
    ADDRESS: 0898H

*** WARNING L2: REFERENCE MADE TO UNRESOLVED EXTERNAL
    SYMBOL:  IDKEY_SELFLEARN_FLAG5
    MODULE:  .\operation.obj (OPERATION)
    ADDRESS: 089AH

*** WARNING L2: REFERENCE MADE TO UNRESOLVED EXTERNAL
    SYMBOL:  ID_SELFLEARNING_FLAG
    MODULE:  .\operation.obj (OPERATION)
    ADDRESS: 089CH

*** WARNING L2: REFERENCE MADE TO UNRESOLVED EXTERNAL
    SYMBOL:  OPEN_ACTION_FLAG
    MODULE:  .\operation.obj (OPERATION)
    ADDRESS: 1417H

*** WARNING L2: REFERENCE MADE TO UNRESOLVED EXTERNAL
    SYMBOL:  ID_CERTIFICATED_FLAG
    MODULE:  .\operation.obj (OPERATION)
    ADDRESS: 141CH

*** WARNING L2: REFERENCE MADE TO UNRESOLVED EXTERNAL
    SYMBOL:  OPEN_ACTION_FLAG
    MODULE:  .\operation.obj (OPERATION)
    ADDRESS: 1422H

*** WARNING L2: REFERENCE MADE TO UNRESOLVED EXTERNAL
    SYMBOL:  ID_SPEECHED_FLAG
    MODULE:  .\operation.obj (OPERATION)
    ADDRESS: 1427H

*** WARNING L2: REFERENCE MADE TO UNRESOLVED EXTERNAL
    SYMBOL:  AFTER_IDCERT_TIMECOUNT
    MODULE:  .\operation.obj (OPERATION)
    ADDRESS: 142AH
BL51 BANKED LINKER/LOCATER V6.22                                                      07/03/2015  10:06:22  PAGE 66



*** WARNING L2: REFERENCE MADE TO UNRESOLVED EXTERNAL
    SYMBOL:  ID_CERTIFICATED_FLAG
    MODULE:  .\operation.obj (OPERATION)
    ADDRESS: 142DH

*** WARNING L2: REFERENCE MADE TO UNRESOLVED EXTERNAL
    SYMBOL:  ID_CERTIFICATED_NUMBERS
    MODULE:  .\operation.obj (OPERATION)
    ADDRESS: 142FH

*** WARNING L2: REFERENCE MADE TO UNRESOLVED EXTERNAL
    SYMBOL:  SLAVE_NEARBY_ACTIONED_FLAG
    MODULE:  .\operation.obj (OPERATION)
    ADDRESS: 1432H

*** WARNING L2: REFERENCE MADE TO UNRESOLVED EXTERNAL
    SYMBOL:  ELECMOTOR_CW
    MODULE:  .\operation.obj (OPERATION)
    ADDRESS: 1434H

*** WARNING L2: REFERENCE MADE TO UNRESOLVED EXTERNAL
    SYMBOL:  JUST_POWER_UP
    MODULE:  .\operation.obj (OPERATION)
    ADDRESS: 143AH

*** WARNING L2: REFERENCE MADE TO UNRESOLVED EXTERNAL
    SYMBOL:  SLAVE_NEARBY_ACTIONED_FLAG
    MODULE:  .\operation.obj (OPERATION)
    ADDRESS: 13C1H

*** WARNING L2: REFERENCE MADE TO UNRESOLVED EXTERNAL
    SYMBOL:  OPEN_ACTION_FLAG
    MODULE:  .\operation.obj (OPERATION)
    ADDRESS: 13C4H

*** WARNING L2: REFERENCE MADE TO UNRESOLVED EXTERNAL
    SYMBOL:  SLAVE_NEARBY_ACTIONED_FLAG
    MODULE:  .\operation.obj (OPERATION)
    ADDRESS: 13D7H

*** WARNING L2: REFERENCE MADE TO UNRESOLVED EXTERNAL
    SYMBOL:  ELECMOTOR_ACW
    MODULE:  .\operation.obj (OPERATION)
    ADDRESS: 13DAH

*** WARNING L2: REFERENCE MADE TO UNRESOLVED EXTERNAL
    SYMBOL:  OPEN_ACTION_FLAG
    MODULE:  .\operation.obj (OPERATION)
    ADDRESS: 13DEH

*** WARNING L2: REFERENCE MADE TO UNRESOLVED EXTERNAL
    SYMBOL:  IDKEY_SPEECH_FLASH
    MODULE:  .\operation.obj (OPERATION)
    ADDRESS: 13E4H

*** WARNING L2: REFERENCE MADE TO UNRESOLVED EXTERNAL
BL51 BANKED LINKER/LOCATER V6.22                                                      07/03/2015  10:06:22  PAGE 67


    SYMBOL:  ID_SPEECHED_FLAG
    MODULE:  .\operation.obj (OPERATION)
    ADDRESS: 13E6H

*** WARNING L1: UNRESOLVED EXTERNAL SYMBOL
    SYMBOL:  HOST_STOLEN_ALARMING
    MODULE:  .\Other.obj (OTHER)

*** WARNING L1: UNRESOLVED EXTERNAL SYMBOL
    SYMBOL:  EN_HOST_STOLEN_ALARMING
    MODULE:  .\Other.obj (OTHER)

*** WARNING L2: REFERENCE MADE TO UNRESOLVED EXTERNAL
    SYMBOL:  HOST_STOLEN_ALARMING
    MODULE:  .\Other.obj (OTHER)
    ADDRESS: 1028H

*** WARNING L2: REFERENCE MADE TO UNRESOLVED EXTERNAL
    SYMBOL:  EN_HOST_STOLEN_ALARMING
    MODULE:  .\Other.obj (OTHER)
    ADDRESS: 102CH

*** WARNING L1: UNRESOLVED EXTERNAL SYMBOL
    SYMBOL:  LOAD_BATTERY_RESULT
    MODULE:  .\voice.obj (VOICE)

*** WARNING L1: UNRESOLVED EXTERNAL SYMBOL
    SYMBOL:  SLAVE_NEARBY_ACTIONED_FLAG
    MODULE:  .\voice.obj (VOICE)

*** WARNING L1: UNRESOLVED EXTERNAL SYMBOL
    SYMBOL:  ID_SPEECHED_FLAG
    MODULE:  .\voice.obj (VOICE)

*** WARNING L1: UNRESOLVED EXTERNAL SYMBOL
    SYMBOL:  FLASHING_FLAG
    MODULE:  .\voice.obj (VOICE)

*** WARNING L1: UNRESOLVED EXTERNAL SYMBOL
    SYMBOL:  EN_HOST_STOLEN_ALARMING
    MODULE:  .\voice.obj (VOICE)

*** WARNING L1: UNRESOLVED EXTERNAL SYMBOL
    SYMBOL:  CHECK_MOTOBATTERY_FLAG
    MODULE:  .\voice.obj (VOICE)

*** WARNING L1: UNRESOLVED EXTERNAL SYMBOL
    SYMBOL:  NEVER_ALARM_SPEECH
    MODULE:  .\voice.obj (VOICE)

*** WARNING L1: UNRESOLVED EXTERNAL SYMBOL
    SYMBOL:  CHECK_MOTOBATTERY_COUNT
    MODULE:  .\voice.obj (VOICE)

*** WARNING L1: UNRESOLVED EXTERNAL SYMBOL
    SYMBOL:  OPEN_ACTION_FLAG
    MODULE:  .\voice.obj (VOICE)
BL51 BANKED LINKER/LOCATER V6.22                                                      07/03/2015  10:06:22  PAGE 68



*** WARNING L2: REFERENCE MADE TO UNRESOLVED EXTERNAL
    SYMBOL:  FLASHING_FLAG
    MODULE:  .\voice.obj (VOICE)
    ADDRESS: 16FAH

*** WARNING L2: REFERENCE MADE TO UNRESOLVED EXTERNAL
    SYMBOL:  OPEN_ACTION_FLAG
    MODULE:  .\voice.obj (VOICE)
    ADDRESS: 16FDH

*** WARNING L2: REFERENCE MADE TO UNRESOLVED EXTERNAL
    SYMBOL:  SLAVE_NEARBY_ACTIONED_FLAG
    MODULE:  .\voice.obj (VOICE)
    ADDRESS: 1702H

*** WARNING L2: REFERENCE MADE TO UNRESOLVED EXTERNAL
    SYMBOL:  ID_SPEECHED_FLAG
    MODULE:  .\voice.obj (VOICE)
    ADDRESS: 1705H

*** WARNING L2: REFERENCE MADE TO UNRESOLVED EXTERNAL
    SYMBOL:  ID_SPEECHED_FLAG
    MODULE:  .\voice.obj (VOICE)
    ADDRESS: 170BH

*** WARNING L2: REFERENCE MADE TO UNRESOLVED EXTERNAL
    SYMBOL:  CHECK_MOTOBATTERY_COUNT
    MODULE:  .\voice.obj (VOICE)
    ADDRESS: 12A1H

*** WARNING L2: REFERENCE MADE TO UNRESOLVED EXTERNAL
    SYMBOL:  CHECK_MOTOBATTERY_FLAG
    MODULE:  .\voice.obj (VOICE)
    ADDRESS: 12AEH

*** WARNING L2: REFERENCE MADE TO UNRESOLVED EXTERNAL
    SYMBOL:  EN_HOST_STOLEN_ALARMING
    MODULE:  .\voice.obj (VOICE)
    ADDRESS: 12B1H

*** WARNING L2: REFERENCE MADE TO UNRESOLVED EXTERNAL
    SYMBOL:  LOAD_BATTERY_RESULT
    MODULE:  .\voice.obj (VOICE)
    ADDRESS: 12C4H

*** WARNING L2: REFERENCE MADE TO UNRESOLVED EXTERNAL
    SYMBOL:  CHECK_MOTOBATTERY_FLAG
    MODULE:  .\voice.obj (VOICE)
    ADDRESS: 12D0H

*** WARNING L2: REFERENCE MADE TO UNRESOLVED EXTERNAL
    SYMBOL:  NEVER_ALARM_SPEECH
    MODULE:  .\voice.obj (VOICE)
    ADDRESS: 18AAH

*** WARNING L2: REFERENCE MADE TO UNRESOLVED EXTERNAL
BL51 BANKED LINKER/LOCATER V6.22                                                      07/03/2015  10:06:22  PAGE 69


    SYMBOL:  NEVER_ALARM_SPEECH
    MODULE:  .\voice.obj (VOICE)
    ADDRESS: 18ADH

Program Size: data=54.2 xdata=147 code=6361
LINK/LOCATE RUN COMPLETE.  208 WARNING(S),  0 ERROR(S)
