BL51 BANKED LINKER/LOCATER V6.22                                                        06/10/2015  16:54:24  PAGE 1


BL51 BANKED LINKER/LOCATER V6.22, INVOKED BY:
D:\PROGRAM FILES (X86)\KEIL_V5\C51\BIN\BL51.EXE .\AD.obj, .\Battery.obj, .\communication.obj, .\Delay.obj, .\operation.o
>> bj, .\Other.obj, .\pwm.obj, .\Timer.obj, .\UART.obj, .\voice.obj, .\ISP_DataFlash.obj, .\Schedular.obj, main.obj TO D
>> DC-F RAMSIZE (256)


MEMORY MODEL: COMPACT


INPUT MODULES INCLUDED:
  .\AD.obj (AD)
  .\Battery.obj (BATTERY)
  .\communication.obj (COMMUNICATION)
  .\Delay.obj (DELAY)
  .\operation.obj (OPERATION)
  .\Other.obj (OTHER)
  .\pwm.obj (PWM)
  .\Timer.obj (TIMER)
  .\UART.obj (UART)
  .\voice.obj (VOICE)
  .\ISP_DataFlash.obj (ISP_DATAFLASH)
  .\Schedular.obj (SCHEDULAR)
  main.obj (MAIN)
  D:\PROGRAM FILES (X86)\KEIL_V5\C51\LIB\C51C.LIB (?C_STARTUP)
  D:\PROGRAM FILES (X86)\KEIL_V5\C51\LIB\C51C.LIB (?C?CLDPTR)
  D:\PROGRAM FILES (X86)\KEIL_V5\C51\LIB\C51C.LIB (?C?LMUL)
  D:\PROGRAM FILES (X86)\KEIL_V5\C51\LIB\C51C.LIB (?C?ULDIV)
  D:\PROGRAM FILES (X86)\KEIL_V5\C51\LIB\C51C.LIB (?C?LNEG)
  D:\PROGRAM FILES (X86)\KEIL_V5\C51\LIB\C51C.LIB (?C?ICALL)
  D:\PROGRAM FILES (X86)\KEIL_V5\C51\LIB\C51C.LIB (?C?LIMUL)
  D:\PROGRAM FILES (X86)\KEIL_V5\C51\LIB\C51C.LIB (?C_INIT)


LINK MAP OF MODULE:  DDC-F (AD)


            TYPE    BASE      LENGTH    RELOCATION   SEGMENT NAME
            -----------------------------------------------------

            * * * * * * *   D A T A   M E M O R Y   * * * * * * *
            REG     0000H     0008H     ABSOLUTE     "REG BANK 0"
                    0008H     0018H                  *** GAP ***
            BIT     0020H.0   0004H.5   UNIT         ?BI?MAIN
            BIT     0024H.5   0000H.2   UNIT         ?BI?OPERATION
            BIT     0024H.7   0000H.1   UNIT         ?BI?_HSCH_ADD_TASK?SCHEDULAR
            BIT     0025H.0   0000H.1   UNIT         ?BI?_HSCH_DELETE_TASK?SCHEDULAR
                    0025H.1   0000H.7                *** GAP ***
            DATA    0026H     0028H     UNIT         ?DT?SCHEDULAR
            IDATA   004EH     0001H     UNIT         ?STACK

            * * * * * * *  X D A T A   M E M O R Y  * * * * * * *
            XDATA   0000H     0002H     INPAGE       ?PD?_VERIFYBATTERY?BATTERY
            XDATA   0002H     0001H     INPAGE       ?PD?BATTERY
            XDATA   0003H     0003H     INPAGE       ?PD?_SEND_DATA?COMMUNICATION
            XDATA   0006H     0003H     INPAGE       ?PD?_COMMODE_DATA?COMMUNICATION
            XDATA   0009H     0003H     INPAGE       ?PD?_COMMODE_DATA_WX?COMMUNICATION
            XDATA   000CH     0002H     INPAGE       ?PD?_UART_SEND_DATA?COMMUNICATION
            XDATA   000EH     0004H     INPAGE       ?PD?_SEND_CODE_TO_LOCK?COMMUNICATION
BL51 BANKED LINKER/LOCATER V6.22                                                      06/10/2015  16:54:24  PAGE 2


            XDATA   0012H     0004H     INPAGE       ?PD?_SEND_CODE_TO_LOCK_TAILI?COMMUNICATION
            XDATA   0016H     0007H     INPAGE       ?PD?COMMUNICATION
            XDATA   001DH     0002H     INPAGE       ?PD?_MAGNET_DELAY?DELAY
            XDATA   001FH     0002H     INPAGE       ?PD?DELAY
            XDATA   0021H     0004H     INPAGE       ?PD?_MAGNET_CW?OTHER
            XDATA   0025H     0004H     INPAGE       ?PD?_MAGNET_CW_TAILI?OTHER
            XDATA   0029H     0002H     INPAGE       ?PD?PWM
            XDATA   002BH     0002H     INPAGE       ?PD?_INITTIMER?TIMER
            XDATA   002DH     0004H     INPAGE       ?PD?TIMER
            XDATA   0031H     0001H     INPAGE       ?PD?VOICE
            XDATA   0032H     0002H     INPAGE       ?PD?_FLASH_PAGE_ERASE?ISP_DATAFLASH
            XDATA   0034H     0003H     INPAGE       ?PD?_FLASH_WRITE_DATA?ISP_DATAFLASH
            XDATA   0037H     0003H     INPAGE       ?PD?_FLASH_READ_DATA?ISP_DATAFLASH
            XDATA   003AH     0001H     INPAGE       ?PD?HSCH_DISPATCH_TASKS?SCHEDULAR
            XDATA   003BH     0002H     INPAGE       ?PD?_HSCH_ADD_TASK?SCHEDULAR
            XDATA   003DH     0001H     INPAGE       ?PD?HSCH_UPDATE?SCHEDULAR
            XDATA   003EH     0004H     INPAGE       ?PD?SCHEDULAR
            XDATA   0042H     0044H     INPAGE       ?PD?MAIN
            XDATA   0086H     000BH     INPAGE       _PDATA_GROUP_

            * * * * * * *   C O D E   M E M O R Y   * * * * * * *
            CODE    0000H     0003H     ABSOLUTE     
            CODE    0003H     0008H     INBLOCK      ?PR?MOTO_VIBRATION?OTHER
            CODE    000BH     0003H     ABSOLUTE     
            CODE    000EH     0015H     INBLOCK      ?PR?_FLASH_PAGE_ERASE?ISP_DATAFLASH
            CODE    0023H     0003H     ABSOLUTE     
            CODE    0026H     0014H     INBLOCK      ?PR?DISABLE_ISP?ISP_DATAFLASH
            CODE    003AH     0001H     INBLOCK      ?PR?KEY_ROTATE_ON_SPEECH?VOICE
            CODE    003BH     0003H     ABSOLUTE     
            CODE    003EH     01E8H     INBLOCK      ?PR?TIMER0?MAIN
            CODE    0226H     0177H     UNIT         ?C?LIB_CODE
            CODE    039DH     0170H     INBLOCK      ?PR?UART_ISR?MAIN
            CODE    050DH     0103H     UNIT         ?C_INITSEG
            CODE    0610H     00DDH     INBLOCK      ?PR?_VERIFYBATTERY?BATTERY
            CODE    06EDH     00C2H     INBLOCK      ?PR?HSCH_UPDATE?SCHEDULAR
            CODE    07AFH     004BH     INBLOCK      ?PR?_HSCH_DELETE_TASK?SCHEDULAR
            CODE    07FAH     0005H     INBLOCK      ?PR?OPEN_TRANCEIVER?COMMUNICATION
            CODE    07FFH     0001H     INBLOCK      ?PR?HSCH_REPORT_STATUS?SCHEDULAR
            CODE    0800H     00A4H     INBLOCK      ?PR?DETECT_SELFLEARN_ACTION?OPERATION
            CODE    08A4H     008CH     UNIT         ?C_C51STARTUP
            CODE    0930H     007DH     INBLOCK      ?PR?_HSCH_ADD_TASK?SCHEDULAR
            CODE    09ADH     0078H     INBLOCK      ?PR?_GETADCRESULT?AD
            CODE    0A25H     0078H     INBLOCK      ?PR?MAIN?MAIN
            CODE    0A9DH     0075H     INBLOCK      ?PR?_INITTIMER?TIMER
            CODE    0B12H     0073H     INBLOCK      ?PR?_SEND_CODE_TO_LOCK?COMMUNICATION
            CODE    0B85H     0073H     INBLOCK      ?PR?_SEND_CODE_TO_LOCK_TAILI?COMMUNICATION
            CODE    0BF8H     0071H     INBLOCK      ?PR?HSCH_DISPATCH_TASKS?SCHEDULAR
            CODE    0C69H     006AH     INBLOCK      ?PR?RECEIVE_BYTE?COMMUNICATION
            CODE    0CD3H     006AH     INBLOCK      ?PR?RECEIVE_BYTE_LOCK?COMMUNICATION
            CODE    0D3DH     0062H     INBLOCK      ?PR?_PWM_CHANNEL?PWM
            CODE    0D9FH     0060H     INBLOCK      ?PR?_SEND_DATA?COMMUNICATION
            CODE    0DFFH     0057H     INBLOCK      ?PR?_UART_SEND_DATA?COMMUNICATION
            CODE    0E56H     0053H     INBLOCK      ?PR?SELF_LEARN_PROGRAMMING?ISP_DATAFLASH
            CODE    0EA9H     0048H     INBLOCK      ?PR?INITSIGNAL?COMMUNICATION
            CODE    0EF1H     0048H     INBLOCK      ?PR?INITSIGNAL_F?COMMUNICATION
            CODE    0F39H     0047H     INBLOCK      ?PR?DISABLE_SENSOR?OTHER
            CODE    0F80H     0045H     INBLOCK      ?PR?_UART_SEND_DATA_F?COMMUNICATION
BL51 BANKED LINKER/LOCATER V6.22                                                      06/10/2015  16:54:24  PAGE 3


            CODE    0FC5H     0036H     INBLOCK      ?PR?_INITUART?UART
            CODE    0FFBH     0004H     INBLOCK      ?PR?SEOS_GO_TO_SLEEP?TIMER
                    0FFFH     0001H                  *** GAP ***
            CODE    1000H     0043H     INBLOCK      ?PR?UART_SEND_DATA_MATCH?COMMUNICATION
            CODE    1043H     0041H     INBLOCK      ?PR?RECEIVE_WORD?COMMUNICATION
            CODE    1084H     0041H     INBLOCK      ?PR?SELF_LEARN_PROGRAMMING_F?ISP_DATAFLASH
            CODE    10C5H     003FH     INBLOCK      ?PR?_CUSTOM_DELAY?DELAY
            CODE    1104H     003EH     INBLOCK      ?PR?_MAGNET_DELAY?DELAY
            CODE    1142H     0036H     INBLOCK      ?PR?_SC_SPEECH?VOICE
            CODE    1178H     0034H     INBLOCK      ?PR?_COMMODE_DATA_WX?COMMUNICATION
            CODE    11ACH     0032H     INBLOCK      ?PR?_COMMODE_DATA?COMMUNICATION
            CODE    11DEH     0032H     INBLOCK      ?PR?ACCUMULATOR_VOICE_PROMOT?VOICE
            CODE    1210H     0031H     INBLOCK      ?PR?_MAGNET_CW?OTHER
            CODE    1241H     0031H     INBLOCK      ?PR?_MAGNET_CW_TAILI?OTHER
            CODE    1272H     0030H     INBLOCK      ?PR?_FLASH_WRITE_DATA?ISP_DATAFLASH
            CODE    12A2H     002FH     INBLOCK      ?PR?DETECT_VIBRATION?OPERATION
            CODE    12D1H     002CH     INBLOCK      ?PR?DETECT_WHEEL_MOVING?OPERATION
            CODE    12FDH     002BH     INBLOCK      ?PR?DETECT_CLOSE_ACTION?OPERATION
            CODE    1328H     002BH     INBLOCK      ?PR?_SENDNBYTE?UART
            CODE    1353H     0029H     INBLOCK      ?PR?DETECT_OPEN_ACTION?OPERATION
            CODE    137CH     0026H     INBLOCK      ?PR?SELFLEARN_RESET?OPERATION
            CODE    13A2H     0024H     INBLOCK      ?PR?SLAVE_NEARBY_OPERATION?OPERATION
            CODE    13C6H     0023H     INBLOCK      ?PR?_INITT0?TIMER
            CODE    13E9H     0022H     INBLOCK      ?PR?ENSENSOR_AFTERIDCERT?OPERATION
            CODE    140BH     0021H     INBLOCK      ?PR?SLAVE_AWAY_OPERATION?OPERATION
            CODE    142CH     0021H     INBLOCK      ?PR?ENSENSOR_AFTER_SLAVE_AWAY?OPERATION
            CODE    144DH     0020H     INBLOCK      ?PR?_DELAY_MS?DELAY
            CODE    146DH     001EH     INBLOCK      ?PR?RESET_AFTER_STOLEN_ALARMING?OPERATION
            CODE    148BH     001EH     INBLOCK      ?PR?_FLASH_READ_DATA?ISP_DATAFLASH
            CODE    14A9H     001BH     INBLOCK      ?PR?ENSENSOR_AFTER_CLOSE?OPERATION
            CODE    14C4H     001BH     INBLOCK      ?PR?INITVOICE?VOICE
            CODE    14DFH     001AH     INBLOCK      ?PR?DELAY_1MS?DELAY
            CODE    14F9H     001AH     INBLOCK      ?PR?DELAY_5MS?DELAY
            CODE    1513H     001AH     INBLOCK      ?PR?DELAY_10MS?DELAY
            CODE    152DH     001AH     INBLOCK      ?PR?DELAY_50MS?DELAY
            CODE    1547H     001AH     INBLOCK      ?PR?DELAY_100MS?DELAY
            CODE    1561H     001AH     INBLOCK      ?PR?DELAY_500MS?DELAY
            CODE    157BH     001AH     INBLOCK      ?PR?TRIGGER_ISP?ISP_DATAFLASH
            CODE    1595H     0019H     INBLOCK      ?PR?_DELAY_US?DELAY
            CODE    15AEH     0018H     INBLOCK      ?PR?INIT_PWM?PWM
            CODE    15C6H     0017H     INBLOCK      ?PR?_DELAY?DELAY
            CODE    15DDH     0016H     INBLOCK      ?PR?FELL_ALARM_TO_SLAVE?OPERATION
            CODE    15F3H     0016H     INBLOCK      ?PR?RAISE_ALARM_TO_SLAVE?OPERATION
            CODE    1609H     0016H     INBLOCK      ?PR?BATSTOLEN_ALARM_TO_SLAVE?OPERATION
            CODE    161FH     0013H     INBLOCK      ?PR?HOST_TOUCH_SPEECH?VOICE
            CODE    1632H     0013H     INBLOCK      ?PR?STOLEN_ALARM_SPEECH2?VOICE
            CODE    1645H     0013H     INBLOCK      ?PR?ENABLE_ISP?ISP_DATAFLASH
            CODE    1658H     0011H     INBLOCK      ?PR?SELF_LEARN_SPEECH?VOICE
            CODE    1669H     0011H     INBLOCK      ?PR?IDCERTED_SPEECH?VOICE
            CODE    167AH     0010H     INBLOCK      ?PR?RESET_AFTER_WIREBROKEN?OPERATION
            CODE    168AH     000FH     INBLOCK      ?PR?MOTORBAT_LOW_SPEECH?VOICE
            CODE    1699H     000FH     INBLOCK      ?PR?ID_SPEECH?VOICE
            CODE    16A8H     000FH     INBLOCK      ?PR?HOST_2NDTOUCH_SPEECH?VOICE
            CODE    16B7H     000FH     INBLOCK      ?PR?STOLEN_ALARM_SPEECH1?VOICE
            CODE    16C6H     000FH     INBLOCK      ?PR?OPEN_LOCK_SPEECH?VOICE
            CODE    16D5H     000FH     INBLOCK      ?PR?CLOSE_LOCK_SPEECH?VOICE
            CODE    16E4H     000FH     INBLOCK      ?PR?BATTERY_STOLEN_SPEECH?VOICE
BL51 BANKED LINKER/LOCATER V6.22                                                      06/10/2015  16:54:24  PAGE 4


            CODE    16F3H     000FH     INBLOCK      ?PR?CUTTING_WIRE_VOICE?VOICE
            CODE    1702H     000FH     INBLOCK      ?PR?PRODUCT_TEST_VOICE?VOICE
            CODE    1711H     000FH     INBLOCK      ?PR?BATTERY_LOW_ALARM_SPEECH?VOICE
            CODE    1720H     000FH     INBLOCK      ?PR?BATTERY_HIGH_ALARM_SPEECH?VOICE
            CODE    172FH     000FH     INBLOCK      ?PR?ALARM_STOLEN_SPEECH?VOICE
            CODE    173EH     000FH     INBLOCK      ?PR?ALARM_RAISED_SPEECH?VOICE
            CODE    174DH     000FH     INBLOCK      ?PR?ALARM_FELL_SPEECH?VOICE
            CODE    175CH     000FH     INBLOCK      ?PR?HOST_BATTERY_HIGH_ALARM_SPEECH?VOICE
            CODE    176BH     000FH     INBLOCK      ?PR?BATTERY_STOLEN_SPEECH_F3?VOICE
            CODE    177AH     000FH     INBLOCK      ?PR?WIRE_BROKEN_SPEECH?VOICE
            CODE    1789H     000FH     INBLOCK      ?PR?LOCK_ROTATED_ON_SPEECH?VOICE
            CODE    1798H     000FH     INBLOCK      ?PR?LOCK_ROTATED_OFF_SPEECH?VOICE
            CODE    17A7H     000EH     INBLOCK      ?PR?_MAGNET_ACW?OTHER
            CODE    17B5H     000EH     INBLOCK      ?PR?_MAGNET_ACW_TAILI?OTHER
            CODE    17C3H     000DH     INBLOCK      ?PR?CHECK_MOTOR_ACCUMULATOR?BATTERY
            CODE    17D0H     000CH     INBLOCK      ?PR?HOST_STOLEN_ACTION?OPERATION
            CODE    17DCH     000CH     INBLOCK      ?PR?ENABLE_SENSOR?OTHER
            CODE    17E8H     000CH     INBLOCK      ?PR?KBI_ISR?MAIN
            CODE    17F4H     000BH     INBLOCK      ?PR?INITSENSOR?OPERATION
                    17FFH     0001H                  *** GAP ***
            CODE    1800H     0009H     INBLOCK      ?PR?INITTRANSCEIVER?COMMUNICATION
            CODE    1809H     0009H     INBLOCK      ?PR?DISABLE_SENSOR_AFTER_IDCERT?OPERATION
            CODE    1812H     0009H     INBLOCK      ?PR?ENTER_NOGUARD_VOICE?VOICE
            CODE    181BH     0008H     INBLOCK      ?PR?MYPWM?PWM
            CODE    1823H     0008H     INBLOCK      ?PR?_SENDDATA?UART
            CODE    182BH     0004H     INBLOCK      ?PR?HSCH_GO_TO_SLEEP?SCHEDULAR
            CODE    182FH     0003H     INBLOCK      ?PR?CLOSE_TRANCEIVER?COMMUNICATION
                    1832H     07C6H                  *** GAP ***
            CODE    1FF8H     0001H     ABSOLUTE     
            CODE    1FF9H     0001H     ABSOLUTE     
            CODE    1FFAH     0001H     ABSOLUTE     
            CODE    1FFBH     0001H     ABSOLUTE     
            CODE    1FFCH     0001H     ABSOLUTE     
            CODE    1FFDH     0001H     ABSOLUTE     



OVERLAY MAP OF MODULE:   DDC-F (AD)


SEGMENT                                            PDATA_GROUP
  +--> CALLED SEGMENT                            START    LENGTH
----------------------------------------------------------------
?PR?TIMER0?MAIN                                  -----    -----
  +--> ?PR?CHECK_MOTOR_ACCUMULATOR?BATTERY
  +--> ?PR?BATTERY_LOW_ALARM_SPEECH?VOICE
  +--> ?PR?_UART_SEND_DATA_F?COMMUNICATION
  +--> ?PR?UART_SEND_DATA_MATCH?COMMUNICATION
  +--> ?PR?MOTO_VIBRATION?OTHER

?PR?CHECK_MOTOR_ACCUMULATOR?BATTERY              -----    -----
  +--> ?PR?_GETADCRESULT?AD

?PR?BATTERY_LOW_ALARM_SPEECH?VOICE               -----    -----
  +--> ?PR?_SC_SPEECH?VOICE
  +--> ?PR?_DELAY?DELAY

BL51 BANKED LINKER/LOCATER V6.22                                                      06/10/2015  16:54:24  PAGE 5


?PR?_SC_SPEECH?VOICE                             008FH    0002H
  +--> ?PR?DELAY_50MS?DELAY
  +--> ?PR?_DELAY_US?DELAY

?PR?_UART_SEND_DATA_F?COMMUNICATION              0086H    0002H
  +--> ?PR?OPEN_TRANCEIVER?COMMUNICATION
  +--> ?PR?INITSIGNAL_F?COMMUNICATION
  +--> ?PR?_SENDNBYTE?UART
  +--> ?PR?CLOSE_TRANCEIVER?COMMUNICATION

?PR?INITSIGNAL_F?COMMUNICATION                   0088H    0003H
  +--> ?PR?_CUSTOM_DELAY?DELAY

?PR?_CUSTOM_DELAY?DELAY                          008BH    0004H

?PR?_SENDNBYTE?UART                              0088H    0003H
  +--> ?PR?_SENDDATA?UART

?PR?UART_SEND_DATA_MATCH?COMMUNICATION           -----    -----
  +--> ?PR?OPEN_TRANCEIVER?COMMUNICATION
  +--> ?PR?INITSIGNAL?COMMUNICATION
  +--> ?PR?_SENDNBYTE?UART
  +--> ?PR?DELAY_50MS?DELAY
  +--> ?PR?CLOSE_TRANCEIVER?COMMUNICATION

?PR?INITSIGNAL?COMMUNICATION                     0086H    0003H
  +--> ?PR?_CUSTOM_DELAY?DELAY

?PR?MOTO_VIBRATION?OTHER                         -----    -----
  +--> ?PR?DELAY_500MS?DELAY

*** NEW ROOT ***************************************************

?C_C51STARTUP                                    -----    -----
  +--> ?PR?MAIN?MAIN
  +--> ?C_INITSEG

?PR?MAIN?MAIN                                    -----    -----
  +--> ?PR?INITVOICE?VOICE
  +--> ?PR?_INITUART?UART
  +--> ?PR?ALARM_STOLEN_SPEECH?VOICE
  +--> ?PR?MOTO_VIBRATION?OTHER
  +--> ?PR?ALARM_RAISED_SPEECH?VOICE
  +--> ?PR?ALARM_FELL_SPEECH?VOICE
  +--> ?PR?WIRE_BROKEN_SPEECH?VOICE
  +--> ?PR?HOST_BATTERY_HIGH_ALARM_SPEECH?VOICE
  +--> ?PR?SEOS_GO_TO_SLEEP?TIMER

?PR?INITVOICE?VOICE                              -----    -----
  +--> ?PR?_DELAY_US?DELAY

?PR?_INITUART?UART                               -----    -----
  +--> ?PR?_INITT0?TIMER

?PR?ALARM_STOLEN_SPEECH?VOICE                    -----    -----
  +--> ?PR?_SC_SPEECH?VOICE
  +--> ?PR?_DELAY?DELAY
BL51 BANKED LINKER/LOCATER V6.22                                                      06/10/2015  16:54:24  PAGE 6



?PR?ALARM_RAISED_SPEECH?VOICE                    -----    -----
  +--> ?PR?_SC_SPEECH?VOICE
  +--> ?PR?_DELAY?DELAY

?PR?ALARM_FELL_SPEECH?VOICE                      -----    -----
  +--> ?PR?_SC_SPEECH?VOICE
  +--> ?PR?_DELAY?DELAY

?PR?WIRE_BROKEN_SPEECH?VOICE                     -----    -----
  +--> ?PR?_SC_SPEECH?VOICE
  +--> ?PR?_DELAY?DELAY

?PR?HOST_BATTERY_HIGH_ALARM_SPEECH?VOICE         -----    -----
  +--> ?PR?_SC_SPEECH?VOICE
  +--> ?PR?_DELAY?DELAY



UNRESOLVED EXTERNAL SYMBOLS:
   AFTER_IDCERT_TIMECOUNT
   CHECK_MOTOBATTERY_COUNT
   CHECK_MOTOBATTERY_FLAG
   ELECMOTOR_ACW
   ELECMOTOR_CW
   EN_HOST_STOLEN_ALARMING
   FLASHING_FLAG
   HOST_STOLEN_ALARMING
   IDKEY_FLASH_EN
   IDKEY_SELFLEARN_FLAG1
   IDKEY_SELFLEARN_FLAG2
   IDKEY_SELFLEARN_FLAG3
   IDKEY_SELFLEARN_FLAG4
   IDKEY_SELFLEARN_FLAG5
   IDKEY_SELFLEARN_HVCOUNT
   IDKEY_SELFLEARN_LVCOUNT
   IDKEY_SPEECH_FLASH
   ID_CERTIFICATED_FLAG
   ID_CERTIFICATED_NUMBERS
   ID_SELFLEARNING_FLAG
   ID_SELFLEARNING_TIMECOUNT
   ID_SPEECHED_FLAG
   JUST_POWER_UP
   LOAD_BATTERY_RESULT
   NEVER_ALARM
   NEVER_ALARM_SPEECH
   OPEN_ACTION_FLAG
   SILENCE_FLAG
   SLAVE_NEARBY_ACTIONED_FLAG
   SLAVE_NEARBY_COUNT
   STOLEN_ALARM_RESET_COUNT
   WIRE_BROKEN_RESET



SYMBOL TABLE OF MODULE:  DDC-F (AD)

BL51 BANKED LINKER/LOCATER V6.22                                                      06/10/2015  16:54:24  PAGE 7


  VALUE           TYPE          NAME
  ----------------------------------

  -------         MODULE        AD
  C:0000H         SYMBOL        _ICE_DUMMY_
  D:0080H         PUBLIC        P0
  D:0090H         PUBLIC        P1
  D:00A0H         PUBLIC        P2
  D:00B0H         PUBLIC        P3
  D:00A8H         PUBLIC        IE
  D:00E2H         PUBLIC        ADCH
  B:00F8H.4       PUBLIC        ADCI
  D:00B8H         PUBLIC        IP
  B:00F8H.3       PUBLIC        ADCS
  D:00F6H         PUBLIC        P0DIDS
  D:00D8H         PUBLIC        WDCON0
  D:0098H         PUBLIC        SCON
  D:0088H         PUBLIC        TCON
  B:00F8H.0       PUBLIC        AADR0
  B:00F8H.1       PUBLIC        AADR1
  B:00F8H.2       PUBLIC        AADR2
  D:00E8H         PUBLIC        EIE
  D:00F8H         PUBLIC        ADCCON0
  D:00E1H         PUBLIC        ADCCON1
  D:00C0H         PUBLIC        I2CON
  D:00C8H         PUBLIC        T2CON
  C:09ADH         PUBLIC        _GetADCResult
  D:00D0H         PUBLIC        PSW
  -------         PROC          _GETADCRESULT
  D:0007H         SYMBOL        ch
  -------         DO            
  D:0005H         SYMBOL        DataL
  D:0002H         SYMBOL        DataH
  -------         ENDDO         
  C:09ADH         LINE#         17
  C:09ADH         LINE#         18
  C:09ADH         LINE#         19
  C:09AEH         LINE#         20
  C:09AFH         LINE#         22
  C:09B4H         LINE#         23
  C:09B4H         LINE#         25
  C:09B7H         LINE#         27
  C:09B9H         LINE#         28
  C:09BBH         LINE#         29
  C:09BDH         LINE#         31
  C:09C0H         LINE#         33
  C:09C2H         LINE#         34
  C:09C4H         LINE#         36
  C:09C6H         LINE#         37
  C:09CDH         LINE#         39
  C:09D1H         LINE#         40
  C:09E3H         LINE#         42
  C:09E7H         LINE#         43
  C:09E7H         LINE#         45
  C:09ECH         LINE#         46
  C:09ECH         LINE#         48
  C:09EFH         LINE#         51
BL51 BANKED LINKER/LOCATER V6.22                                                      06/10/2015  16:54:24  PAGE 8


  C:09F1H         LINE#         52
  C:09F3H         LINE#         53
  C:09F5H         LINE#         55
  C:09F8H         LINE#         57
  C:09FAH         LINE#         58
  C:09FCH         LINE#         60
  C:09FEH         LINE#         61
  C:0A05H         LINE#         63
  C:0A0BH         LINE#         64
  C:0A1DH         LINE#         66
  C:0A21H         LINE#         67
  C:0A21H         LINE#         69
  C:0A24H         LINE#         70
  -------         ENDPROC       _GETADCRESULT
  -------         ENDMOD        AD

  -------         MODULE        BATTERY
  C:0000H         SYMBOL        _ICE_DUMMY_
  C:17C3H         PUBLIC        Check_motor_accumulator
  D:0080H         PUBLIC        P0
  D:0090H         PUBLIC        P1
  D:00A0H         PUBLIC        P2
  D:00B0H         PUBLIC        P3
  X:0002H         PUBLIC        Check2_stage
  B:0090H.4       PUBLIC        voice_EN
  D:00A8H         PUBLIC        IE
  D:00B8H         PUBLIC        IP
  C:0610H         PUBLIC        _verifybattery
  D:00D8H         PUBLIC        WDCON0
  D:0098H         PUBLIC        SCON
  D:0088H         PUBLIC        TCON
  D:00E8H         PUBLIC        EIE
  D:00F8H         PUBLIC        ADCCON0
  D:00C0H         PUBLIC        I2CON
  D:00C8H         PUBLIC        T2CON
  D:00D0H         PUBLIC        PSW
  -------         PROC          CHECK_MOTOR_ACCUMULATOR
  C:17C3H         LINE#         22
  C:17C3H         LINE#         23
  C:17C3H         LINE#         25
  C:17CFH         LINE#         26
  -------         ENDPROC       CHECK_MOTOR_ACCUMULATOR
  -------         PROC          _VERIFYBATTERY
  X:0000H         SYMBOL        Check2
  C:0610H         LINE#         33
  C:0617H         LINE#         34
  C:0617H         LINE#         194
  C:061FH         LINE#         195
  C:061FH         LINE#         196
  C:0621H         LINE#         197
  C:0626H         LINE#         198
  C:0628H         LINE#         199
  C:0628H         LINE#         200
  C:062AH         LINE#         202
  C:0642H         LINE#         203
  C:0642H         LINE#         204
  C:0644H         LINE#         205
BL51 BANKED LINKER/LOCATER V6.22                                                      06/10/2015  16:54:24  PAGE 9


  C:0649H         LINE#         206
  C:064BH         LINE#         207
  C:064BH         LINE#         208
  C:064DH         LINE#         210
  C:0665H         LINE#         211
  C:0665H         LINE#         212
  C:0667H         LINE#         213
  C:066CH         LINE#         214
  C:066EH         LINE#         215
  C:066EH         LINE#         216
  C:0670H         LINE#         218
  C:0688H         LINE#         219
  C:0688H         LINE#         220
  C:068AH         LINE#         221
  C:068FH         LINE#         222
  C:0691H         LINE#         223
  C:0691H         LINE#         224
  C:0693H         LINE#         226
  C:06ABH         LINE#         227
  C:06ABH         LINE#         228
  C:06ADH         LINE#         229
  C:06B2H         LINE#         230
  C:06B4H         LINE#         231
  C:06B4H         LINE#         232
  C:06B6H         LINE#         234
  C:06CEH         LINE#         235
  C:06CEH         LINE#         236
  C:06D0H         LINE#         237
  C:06D5H         LINE#         238
  C:06DAH         LINE#         239
  C:06DCH         LINE#         240
  C:06DDH         LINE#         242
  C:06E9H         LINE#         243
  C:06E9H         LINE#         244
  C:06ECH         LINE#         245
  C:06ECH         LINE#         247
  -------         ENDPROC       _VERIFYBATTERY
  -------         ENDMOD        BATTERY

  -------         MODULE        COMMUNICATION
  C:0000H         SYMBOL        _ICE_DUMMY_
  C:0C69H         PUBLIC        receive_byte
  D:0080H         PUBLIC        P0
  D:0090H         PUBLIC        P1
  B:00B0H.0       PUBLIC        receive_wire
  D:00A0H         PUBLIC        P2
  D:00B0H         PUBLIC        P3
  C:11ACH         PUBLIC        _ComMode_Data
  C:0DFFH         PUBLIC        _UART_Send_Data
  C:1043H         PUBLIC        receive_word
  D:00A8H         PUBLIC        IE
  C:1178H         PUBLIC        _ComMode_Data_WX
  D:00B8H         PUBLIC        IP
  C:1800H         PUBLIC        InitTransceiver
  B:0080H.1       PUBLIC        lock_code
  C:0F80H         PUBLIC        _UART_Send_Data_F
  D:00D8H         PUBLIC        WDCON0
BL51 BANKED LINKER/LOCATER V6.22                                                      06/10/2015  16:54:24  PAGE 10


  B:0090H.0       PUBLIC        P10
  B:0090H.1       PUBLIC        P11
  C:182FH         PUBLIC        close_tranceiver
  D:0098H         PUBLIC        SCON
  D:0088H         PUBLIC        TCON
  C:0EA9H         PUBLIC        initsignal
  B:00A0H.7       PUBLIC        transmiter_EN
  B:0090H.3       PUBLIC        receiver_EN
  C:07FAH         PUBLIC        open_tranceiver
  C:0B85H         PUBLIC        _send_code_to_lock_Taili
  D:00E8H         PUBLIC        EIE
  B:00A0H.3       PUBLIC        MagentControl_2
  D:00F8H         PUBLIC        ADCCON0
  D:00C0H         PUBLIC        I2CON
  C:0EF1H         PUBLIC        initsignal_F
  B:00A0H.6       PUBLIC        transmiter_power
  D:00C8H         PUBLIC        T2CON
  C:0D9FH         PUBLIC        _Send_Data
  C:0CD3H         PUBLIC        receive_byte_Lock
  B:0090H.0       PUBLIC        TXD
  C:1000H         PUBLIC        UART_Send_Data_match
  C:0B12H         PUBLIC        _send_code_to_lock
  D:00D0H         PUBLIC        PSW
  X:0016H         PUBLIC        myTxRxData
  -------         PROC          INITTRANSCEIVER
  C:1800H         LINE#         38
  C:1800H         LINE#         39
  C:1800H         LINE#         40
  C:1802H         LINE#         41
  C:1804H         LINE#         42
  C:1806H         LINE#         43
  C:1808H         LINE#         44
  -------         ENDPROC       INITTRANSCEIVER
  -------         PROC          INITSIGNAL
  -------         DO            
  X:0086H         SYMBOL        k
  X:0087H         SYMBOL        k1
  X:0088H         SYMBOL        mystartbuffer
  -------         ENDDO         
  C:0EA9H         LINE#         53
  C:0EA9H         LINE#         54
  C:0EA9H         LINE#         56
  C:0EAEH         LINE#         57
  C:0EB1H         LINE#         58
  C:0EB1H         LINE#         59
  C:0EB5H         LINE#         60
  C:0EB5H         LINE#         61
  C:0EB8H         LINE#         62
  C:0EB8H         LINE#         63
  C:0EB8H         LINE#         64
  C:0EB8H         LINE#         66
  C:0EB8H         LINE#         68
  C:0EB8H         LINE#         69
  C:0EBAH         LINE#         70
  C:0EC3H         LINE#         72
  C:0EC3H         LINE#         73
  C:0EC5H         LINE#         74
BL51 BANKED LINKER/LOCATER V6.22                                                      06/10/2015  16:54:24  PAGE 11


  C:0ECBH         LINE#         75
  C:0ED4H         LINE#         77
  C:0EDFH         LINE#         78
  C:0EE4H         LINE#         81
  C:0EEEH         LINE#         82
  C:0EF0H         LINE#         83
  -------         ENDPROC       INITSIGNAL
  -------         PROC          INITSIGNAL_F
  -------         DO            
  X:0088H         SYMBOL        k
  X:0089H         SYMBOL        k1
  X:008AH         SYMBOL        mystartbuffer
  -------         ENDDO         
  C:0EF1H         LINE#         85
  C:0EF1H         LINE#         86
  C:0EF1H         LINE#         88
  C:0EF6H         LINE#         89
  C:0EF9H         LINE#         90
  C:0EF9H         LINE#         91
  C:0EFDH         LINE#         92
  C:0EFDH         LINE#         93
  C:0F00H         LINE#         94
  C:0F00H         LINE#         95
  C:0F00H         LINE#         96
  C:0F00H         LINE#         98
  C:0F00H         LINE#         100
  C:0F00H         LINE#         101
  C:0F02H         LINE#         102
  C:0F0BH         LINE#         104
  C:0F0BH         LINE#         105
  C:0F0DH         LINE#         106
  C:0F13H         LINE#         107
  C:0F1CH         LINE#         109
  C:0F27H         LINE#         110
  C:0F2CH         LINE#         113
  C:0F36H         LINE#         114
  C:0F38H         LINE#         115
  -------         ENDPROC       INITSIGNAL_F
  -------         PROC          _SEND_DATA
  X:0003H         SYMBOL        x
  -------         DO            
  X:0004H         SYMBOL        i
  X:0005H         SYMBOL        n
  -------         ENDDO         
  C:0D9FH         LINE#         121
  C:0DA3H         LINE#         122
  C:0DA3H         LINE#         124
  C:0DA6H         LINE#         125
  C:0DA6H         LINE#         126
  C:0DAAH         LINE#         127
  C:0DAAH         LINE#         128
  C:0DB4H         LINE#         129
  C:0DB4H         LINE#         130
  C:0DB6H         LINE#         131
  C:0DBEH         LINE#         132
  C:0DC0H         LINE#         134
  C:0DC0H         LINE#         135
BL51 BANKED LINKER/LOCATER V6.22                                                      06/10/2015  16:54:24  PAGE 12


  C:0DC2H         LINE#         136
  C:0DCDH         LINE#         137
  C:0DCDH         LINE#         138
  C:0DCFH         LINE#         139
  C:0DDDH         LINE#         140
  C:0DE8H         LINE#         141
  C:0DF3H         LINE#         142
  C:0DFEH         LINE#         143
  -------         ENDPROC       _SEND_DATA
  -------         PROC          _COMMODE_DATA
  X:0006H         SYMBOL        ComMode
  X:0007H         SYMBOL        x
  C:11ACH         LINE#         151
  C:11B6H         LINE#         152
  C:11B6H         LINE#         153
  C:11B8H         LINE#         154
  C:11BDH         LINE#         155
  C:11BFH         LINE#         156
  C:11C4H         LINE#         157
  C:11C8H         LINE#         158
  C:11CEH         LINE#         160
  C:11D1H         LINE#         161
  C:11D9H         LINE#         163
  C:11DBH         LINE#         164
  C:11DDH         LINE#         165
  -------         ENDPROC       _COMMODE_DATA
  -------         PROC          _COMMODE_DATA_WX
  X:0009H         SYMBOL        ComMode
  X:000AH         SYMBOL        x
  C:1178H         LINE#         173
  C:1182H         LINE#         174
  C:1182H         LINE#         175
  C:1184H         LINE#         176
  C:1189H         LINE#         177
  C:118BH         LINE#         178
  C:1190H         LINE#         179
  C:1194H         LINE#         180
  C:119AH         LINE#         182
  C:119DH         LINE#         183
  C:11A5H         LINE#         185
  C:11A7H         LINE#         186
  C:11A9H         LINE#         187
  C:11ABH         LINE#         188
  -------         ENDPROC       _COMMODE_DATA_WX
  -------         PROC          _UART_SEND_DATA
  X:000CH         SYMBOL        command
  -------         DO            
  X:000DH         SYMBOL        ii
  -------         ENDDO         
  C:0DFFH         LINE#         193
  C:0E03H         LINE#         194
  C:0E03H         LINE#         195
  C:0E06H         LINE#         196
  C:0E09H         LINE#         197
  C:0E11H         LINE#         198
  C:0E18H         LINE#         199
  C:0E1FH         LINE#         200
BL51 BANKED LINKER/LOCATER V6.22                                                      06/10/2015  16:54:24  PAGE 13


  C:0E26H         LINE#         201
  C:0E2DH         LINE#         202
  C:0E33H         LINE#         204
  C:0E36H         LINE#         206
  C:0E3AH         LINE#         207
  C:0E3AH         LINE#         208
  C:0E45H         LINE#         209
  C:0E48H         LINE#         210
  C:0E53H         LINE#         212
  -------         ENDPROC       _UART_SEND_DATA
  -------         PROC          _UART_SEND_DATA_F
  X:0086H         SYMBOL        command
  -------         DO            
  X:0087H         SYMBOL        ii
  -------         ENDDO         
  C:0F80H         LINE#         218
  C:0F84H         LINE#         219
  C:0F84H         LINE#         220
  C:0F87H         LINE#         221
  C:0F8AH         LINE#         222
  C:0F92H         LINE#         223
  C:0F99H         LINE#         224
  C:0FA0H         LINE#         225
  C:0FA7H         LINE#         226
  C:0FAEH         LINE#         227
  C:0FB4H         LINE#         229
  C:0FB7H         LINE#         231
  C:0FC2H         LINE#         233
  -------         ENDPROC       _UART_SEND_DATA_F
  -------         PROC          OPEN_TRANCEIVER
  C:07FAH         LINE#         240
  C:07FAH         LINE#         241
  C:07FAH         LINE#         246
  C:07FCH         LINE#         247
  C:07FEH         LINE#         248
  -------         ENDPROC       OPEN_TRANCEIVER
  -------         PROC          CLOSE_TRANCEIVER
  C:182FH         LINE#         254
  C:182FH         LINE#         255
  C:182FH         LINE#         260
  C:1831H         LINE#         265
  -------         ENDPROC       CLOSE_TRANCEIVER
  -------         PROC          UART_SEND_DATA_MATCH
  C:1000H         LINE#         270
  C:1000H         LINE#         271
  C:1000H         LINE#         272
  C:1003H         LINE#         274
  C:1008H         LINE#         275
  C:100CH         LINE#         276
  C:1013H         LINE#         277
  C:101AH         LINE#         278
  C:1021H         LINE#         279
  C:1028H         LINE#         280
  C:102FH         LINE#         282
  C:1032H         LINE#         284
  C:103DH         LINE#         285
  C:1040H         LINE#         287
BL51 BANKED LINKER/LOCATER V6.22                                                      06/10/2015  16:54:24  PAGE 14


  -------         ENDPROC       UART_SEND_DATA_MATCH
  -------         PROC          RECEIVE_BYTE
  C:0C69H         LINE#         294
  C:0C69H         LINE#         295
  C:0C69H         LINE#         297
  C:0C6CH         LINE#         298
  C:0C6CH         LINE#         300
  C:0C76H         LINE#         301
  C:0C76H         LINE#         302
  C:0C78H         LINE#         303
  C:0C78H         LINE#         304
  C:0C7AH         LINE#         305
  C:0C7BH         LINE#         308
  C:0C7BH         LINE#         310
  C:0C7EH         LINE#         311
  C:0C7EH         LINE#         313
  C:0C80H         LINE#         316
  C:0C8FH         LINE#         317
  C:0C8FH         LINE#         319
  C:0C95H         LINE#         320
  C:0C97H         LINE#         321
  C:0C97H         LINE#         322
  C:0C97H         LINE#         323
  C:0C99H         LINE#         325
  C:0CA1H         LINE#         326
  C:0CA1H         LINE#         328
  C:0CA7H         LINE#         329
  C:0CAAH         LINE#         330
  C:0CAFH         LINE#         331
  C:0CB3H         LINE#         332
  C:0CB5H         LINE#         334
  C:0CB5H         LINE#         336
  C:0CBAH         LINE#         337
  C:0CBAH         LINE#         339
  C:0CBEH         LINE#         340
  C:0CBFH         LINE#         342
  C:0CBFH         LINE#         344
  C:0CC9H         LINE#         345
  C:0CC9H         LINE#         346
  C:0CCDH         LINE#         347
  C:0CCFH         LINE#         348
  C:0CD2H         LINE#         349
  C:0CD2H         LINE#         350
  C:0CD2H         LINE#         351
  C:0CD2H         LINE#         352
  -------         ENDPROC       RECEIVE_BYTE
  -------         PROC          RECEIVE_BYTE_LOCK
  C:0CD3H         LINE#         358
  C:0CD3H         LINE#         359
  C:0CD3H         LINE#         361
  C:0CD6H         LINE#         362
  C:0CD6H         LINE#         364
  C:0CE0H         LINE#         365
  C:0CE0H         LINE#         366
  C:0CE2H         LINE#         367
  C:0CE2H         LINE#         368
  C:0CE4H         LINE#         369
BL51 BANKED LINKER/LOCATER V6.22                                                      06/10/2015  16:54:24  PAGE 15


  C:0CE5H         LINE#         372
  C:0CE5H         LINE#         374
  C:0CE8H         LINE#         375
  C:0CE8H         LINE#         377
  C:0CEAH         LINE#         380
  C:0CF9H         LINE#         381
  C:0CF9H         LINE#         383
  C:0CFFH         LINE#         384
  C:0D01H         LINE#         385
  C:0D01H         LINE#         386
  C:0D01H         LINE#         387
  C:0D03H         LINE#         389
  C:0D0BH         LINE#         390
  C:0D0BH         LINE#         392
  C:0D11H         LINE#         393
  C:0D14H         LINE#         394
  C:0D19H         LINE#         395
  C:0D1DH         LINE#         396
  C:0D1FH         LINE#         398
  C:0D1FH         LINE#         400
  C:0D24H         LINE#         401
  C:0D24H         LINE#         403
  C:0D28H         LINE#         404
  C:0D29H         LINE#         406
  C:0D29H         LINE#         408
  C:0D33H         LINE#         409
  C:0D33H         LINE#         410
  C:0D37H         LINE#         411
  C:0D39H         LINE#         412
  C:0D3CH         LINE#         413
  C:0D3CH         LINE#         414
  C:0D3CH         LINE#         415
  C:0D3CH         LINE#         416
  -------         ENDPROC       RECEIVE_BYTE_LOCK
  -------         PROC          RECEIVE_WORD
  C:1043H         LINE#         422
  C:1043H         LINE#         423
  C:1043H         LINE#         425
  C:104AH         LINE#         426
  C:104AH         LINE#         427
  C:104BH         LINE#         429
  C:1058H         LINE#         432
  C:1061H         LINE#         433
  C:1061H         LINE#         434
  C:1066H         LINE#         435
  C:1067H         LINE#         437
  C:1071H         LINE#         438
  C:1071H         LINE#         439
  C:1076H         LINE#         440
  C:1077H         LINE#         441
  C:107BH         LINE#         442
  C:107BH         LINE#         443
  C:107DH         LINE#         444
  C:107DH         LINE#         445
  C:107FH         LINE#         447
  C:107FH         LINE#         448
  C:1083H         LINE#         449
BL51 BANKED LINKER/LOCATER V6.22                                                      06/10/2015  16:54:24  PAGE 16


  C:1083H         LINE#         450
  C:1083H         LINE#         451
  -------         ENDPROC       RECEIVE_WORD
  -------         PROC          _SEND_CODE_TO_LOCK
  D:0007H         SYMBOL        x
  X:000EH         SYMBOL        y
  -------         DO            
  X:0010H         SYMBOL        i
  X:0011H         SYMBOL        n
  -------         ENDDO         
  C:0B12H         LINE#         458
  C:0B19H         LINE#         459
  C:0B19H         LINE#         461
  C:0B1EH         LINE#         462
  C:0B22H         LINE#         463
  C:0B25H         LINE#         469
  C:0B29H         LINE#         470
  C:0B29H         LINE#         471
  C:0B2DH         LINE#         472
  C:0B2DH         LINE#         473
  C:0B37H         LINE#         474
  C:0B37H         LINE#         475
  C:0B39H         LINE#         476
  C:0B42H         LINE#         477
  C:0B44H         LINE#         479
  C:0B44H         LINE#         480
  C:0B46H         LINE#         481
  C:0B52H         LINE#         482
  C:0B52H         LINE#         483
  C:0B54H         LINE#         484
  C:0B62H         LINE#         485
  C:0B6EH         LINE#         486
  C:0B79H         LINE#         487
  C:0B84H         LINE#         488
  -------         ENDPROC       _SEND_CODE_TO_LOCK
  -------         PROC          _SEND_CODE_TO_LOCK_TAILI
  D:0007H         SYMBOL        x
  X:0012H         SYMBOL        y
  -------         DO            
  X:0014H         SYMBOL        i
  X:0015H         SYMBOL        n
  -------         ENDDO         
  C:0B85H         LINE#         495
  C:0B8CH         LINE#         496
  C:0B8CH         LINE#         498
  C:0B91H         LINE#         499
  C:0B95H         LINE#         500
  C:0B98H         LINE#         506
  C:0B9CH         LINE#         507
  C:0B9CH         LINE#         508
  C:0BA0H         LINE#         509
  C:0BA0H         LINE#         510
  C:0BAAH         LINE#         511
  C:0BAAH         LINE#         512
  C:0BACH         LINE#         513
  C:0BB5H         LINE#         514
  C:0BB7H         LINE#         516
BL51 BANKED LINKER/LOCATER V6.22                                                      06/10/2015  16:54:24  PAGE 17


  C:0BB7H         LINE#         517
  C:0BB9H         LINE#         518
  C:0BC5H         LINE#         519
  C:0BC5H         LINE#         520
  C:0BC7H         LINE#         521
  C:0BD5H         LINE#         522
  C:0BE1H         LINE#         523
  C:0BECH         LINE#         524
  C:0BF7H         LINE#         525
  -------         ENDPROC       _SEND_CODE_TO_LOCK_TAILI
  -------         ENDMOD        COMMUNICATION

  -------         MODULE        DELAY
  C:0000H         SYMBOL        _ICE_DUMMY_
  D:0080H         PUBLIC        P0
  D:0090H         PUBLIC        P1
  D:00A0H         PUBLIC        P2
  D:00B0H         PUBLIC        P3
  X:001FH         PUBLIC        Timeout_loop
  D:00A8H         PUBLIC        IE
  C:1513H         PUBLIC        Delay_10ms
  C:152DH         PUBLIC        Delay_50ms
  D:00B8H         PUBLIC        IP
  B:0090H.2       PUBLIC        magnet_overcurrent
  D:00D8H         PUBLIC        WDCON0
  C:1104H         PUBLIC        _Magnet_Delay
  D:0098H         PUBLIC        SCON
  D:0088H         PUBLIC        TCON
  C:1547H         PUBLIC        Delay_100ms
  C:1561H         PUBLIC        Delay_500ms
  C:10C5H         PUBLIC        _Custom_Delay
  C:144DH         PUBLIC        _delay_ms
  D:00E8H         PUBLIC        EIE
  D:00F8H         PUBLIC        ADCCON0
  C:1595H         PUBLIC        _delay_us
  D:00C0H         PUBLIC        I2CON
  C:14DFH         PUBLIC        Delay_1ms
  D:00C8H         PUBLIC        T2CON
  C:14F9H         PUBLIC        Delay_5ms
  C:15C6H         PUBLIC        _Delay
  D:00D0H         PUBLIC        PSW
  -------         PROC          DELAY_1MS
  C:14DFH         LINE#         15
  C:14DFH         LINE#         16
  C:14DFH         LINE#         17
  C:14E8H         LINE#         20
  C:14F8H         LINE#         21
  -------         ENDPROC       DELAY_1MS
  -------         PROC          DELAY_5MS
  C:14F9H         LINE#         23
  C:14F9H         LINE#         24
  C:14F9H         LINE#         25
  C:1502H         LINE#         28
  C:1512H         LINE#         29
  -------         ENDPROC       DELAY_5MS
  -------         PROC          DELAY_10MS
  C:1513H         LINE#         31
BL51 BANKED LINKER/LOCATER V6.22                                                      06/10/2015  16:54:24  PAGE 18


  C:1513H         LINE#         32
  C:1513H         LINE#         33
  C:151CH         LINE#         36
  C:152CH         LINE#         37
  -------         ENDPROC       DELAY_10MS
  -------         PROC          DELAY_50MS
  C:152DH         LINE#         40
  C:152DH         LINE#         41
  C:152DH         LINE#         42
  C:1536H         LINE#         45
  C:1546H         LINE#         46
  -------         ENDPROC       DELAY_50MS
  -------         PROC          DELAY_100MS
  C:1547H         LINE#         49
  C:1547H         LINE#         50
  C:1547H         LINE#         51
  C:1550H         LINE#         54
  C:1560H         LINE#         55
  -------         ENDPROC       DELAY_100MS
  -------         PROC          DELAY_500MS
  C:1561H         LINE#         58
  C:1561H         LINE#         59
  C:1561H         LINE#         60
  C:156AH         LINE#         63
  C:157AH         LINE#         64
  -------         ENDPROC       DELAY_500MS
  -------         PROC          _DELAY
  D:0007H         SYMBOL        n
  -------         DO            
  D:0004H         SYMBOL        x
  -------         ENDDO         
  C:15C6H         LINE#         71
  C:15C6H         LINE#         72
  C:15C6H         LINE#         74
  C:15CCH         LINE#         75
  C:15CCH         LINE#         76
  C:15D0H         LINE#         77
  C:15DCH         LINE#         79
  -------         ENDPROC       _DELAY
  -------         PROC          _CUSTOM_DELAY
  D:0007H         SYMBOL        t
  X:008BH         SYMBOL        m
  -------         DO            
  X:008DH         SYMBOL        i
  D:0006H         SYMBOL        j
  -------         ENDDO         
  C:10C5H         LINE#         85
  C:10CCH         LINE#         86
  C:10CCH         LINE#         89
  C:10DEH         LINE#         90
  C:1103H         LINE#         91
  -------         ENDPROC       _CUSTOM_DELAY
  -------         PROC          _DELAY_MS
  D:0006H         SYMBOL        count
  -------         DO            
  D:0004H         SYMBOL        i
  D:0002H         SYMBOL        j
BL51 BANKED LINKER/LOCATER V6.22                                                      06/10/2015  16:54:24  PAGE 19


  -------         ENDDO         
  C:144DH         LINE#         98
  C:144DH         LINE#         99
  C:144DH         LINE#         101
  C:1457H         LINE#         102
  C:1457H         LINE#         103
  C:1465H         LINE#         104
  C:146CH         LINE#         105
  -------         ENDPROC       _DELAY_MS
  -------         PROC          _DELAY_US
  D:0006H         SYMBOL        count1
  -------         DO            
  D:0004H         SYMBOL        i
  D:0003H         SYMBOL        j
  -------         ENDDO         
  C:1595H         LINE#         113
  C:1595H         LINE#         114
  C:1595H         LINE#         117
  C:159FH         LINE#         118
  C:159FH         LINE#         119
  C:15A6H         LINE#         120
  C:15ADH         LINE#         121
  -------         ENDPROC       _DELAY_US
  -------         PROC          _MAGNET_DELAY
  X:001DH         SYMBOL        x
  D:0004H         SYMBOL        y
  -------         DO            
  D:0001H         SYMBOL        i
  D:0002H         SYMBOL        j
  -------         ENDDO         
  C:1104H         LINE#         127
  C:110BH         LINE#         128
  C:110BH         LINE#         131
  C:110DH         LINE#         132
  C:110DH         LINE#         133
  C:1121H         LINE#         134
  C:1126H         LINE#         135
  C:1128H         LINE#         136
  C:1128H         LINE#         138
  C:112BH         LINE#         139
  C:112BH         LINE#         140
  C:113CH         LINE#         141
  C:113CH         LINE#         143
  C:113CH         LINE#         145
  C:113CH         LINE#         146
  C:1141H         LINE#         147
  -------         ENDPROC       _MAGNET_DELAY
  -------         ENDMOD        DELAY

  -------         MODULE        OPERATION
  C:0000H         SYMBOL        _ICE_DUMMY_
  D:0080H         PUBLIC        P0
  D:0090H         PUBLIC        P1
  B:0080H.3       PUBLIC        fell_sensor_detect
  D:00A0H         PUBLIC        P2
  D:00B0H         PUBLIC        P3
  D:00A8H         PUBLIC        IE
BL51 BANKED LINKER/LOCATER V6.22                                                      06/10/2015  16:54:24  PAGE 20


  B:0024H.5       PUBLIC        sensor_EN
  C:12A2H         PUBLIC        Detect_vibration
  C:17F4H         PUBLIC        InitSensor
  D:00B8H         PUBLIC        IP
  C:167AH         PUBLIC        Reset_after_wirebroken
  B:0080H.1       PUBLIC        wire_broken
  C:1609H         PUBLIC        Batstolen_Alarm_to_Slave
  C:146DH         PUBLIC        Reset_after_stolen_alarming
  D:00D8H         PUBLIC        WDCON0
  D:0098H         PUBLIC        SCON
  D:0088H         PUBLIC        TCON
  C:12FDH         PUBLIC        Detect_close_action
  C:13A2H         PUBLIC        slave_nearby_operation
  B:00A0H.4       PUBLIC        key_rotate
  C:12D1H         PUBLIC        Detect_wheel_moving
  C:1809H         PUBLIC        Disable_sensor_after_IDcert
  B:0080H.7       PUBLIC        horizontal_sensor
  D:00E8H         PUBLIC        EIE
  C:1353H         PUBLIC        Detect_open_action
  B:0080H.2       PUBLIC        wheeled_rotate
  B:0080H.4       PUBLIC        raised_sensor_detect
  D:00F8H         PUBLIC        ADCCON0
  C:142CH         PUBLIC        Ensensor_after_slave_away
  D:00C0H         PUBLIC        I2CON
  C:14A9H         PUBLIC        ENsensor_After_Close
  C:0800H         PUBLIC        Detect_selflearn_action
  C:13E9H         PUBLIC        ENsensor_afterIDcert
  D:00C8H         PUBLIC        T2CON
  C:137CH         PUBLIC        SelfLearn_Reset
  C:15F3H         PUBLIC        Raise_Alarm_to_Slave
  C:140BH         PUBLIC        slave_away_operation
  B:0024H.6       PUBLIC        enable_sensor_delayEN
  C:15DDH         PUBLIC        Fell_Alarm_to_Slave
  D:00D0H         PUBLIC        PSW
  B:0080H.0       PUBLIC        sensor_detect
  C:17D0H         PUBLIC        Host_stolen_action
  -------         PROC          SLAVE_AWAY_OPERATION
  C:140BH         LINE#         89
  C:140BH         LINE#         90
  C:140BH         LINE#         91
  C:140EH         LINE#         92
  C:140EH         LINE#         93
  C:1411H         LINE#         95
  C:1413H         LINE#         96
  C:1417H         LINE#         97
  C:1417H         LINE#         99
  C:1419H         LINE#         100
  C:141DH         LINE#         102
  C:1422H         LINE#         103
  C:1426H         LINE#         105
  C:1429H         LINE#         106
  C:142BH         LINE#         107
  -------         ENDPROC       SLAVE_AWAY_OPERATION
  -------         PROC          SLAVE_NEARBY_OPERATION
  C:13A2H         LINE#         113
  C:13A2H         LINE#         114
  C:13A2H         LINE#         115
BL51 BANKED LINKER/LOCATER V6.22                                                      06/10/2015  16:54:24  PAGE 21


  C:13A4H         LINE#         117
  C:13A6H         LINE#         118
  C:13AAH         LINE#         119
  C:13ACH         LINE#         120
  C:13AFH         LINE#         122
  C:13B2H         LINE#         123
  C:13B2H         LINE#         124
  C:13B5H         LINE#         125
  C:13B8H         LINE#         126
  C:13C2H         LINE#         127
  C:13C5H         LINE#         128
  C:13C5H         LINE#         129
  -------         ENDPROC       SLAVE_NEARBY_OPERATION
  -------         PROC          INITSENSOR
  C:17F4H         LINE#         135
  C:17F4H         LINE#         136
  C:17F4H         LINE#         137
  C:17F6H         LINE#         138
  C:17F8H         LINE#         139
  C:17FAH         LINE#         140
  C:17FCH         LINE#         141
  C:17FEH         LINE#         142
  -------         ENDPROC       INITSENSOR
  -------         PROC          HOST_STOLEN_ACTION
  C:17D0H         LINE#         148
  C:17D0H         LINE#         149
  C:17D0H         LINE#         151
  C:17D3H         LINE#         152
  C:17D3H         LINE#         153
  C:17D5H         LINE#         155
  C:17D8H         LINE#         166
  C:17DBH         LINE#         167
  C:17DBH         LINE#         168
  -------         ENDPROC       HOST_STOLEN_ACTION
  -------         PROC          ENSENSOR_AFTERIDCERT
  C:13E9H         LINE#         175
  C:13E9H         LINE#         176
  C:13E9H         LINE#         177
  C:13ECH         LINE#         178
  C:13ECH         LINE#         180
  C:13F6H         LINE#         181
  C:13F6H         LINE#         182
  C:13F8H         LINE#         183
  C:13FAH         LINE#         184
  C:13FDH         LINE#         187
  C:1405H         LINE#         188
  C:1405H         LINE#         189
  C:1408H         LINE#         190
  C:1408H         LINE#         191
  C:140AH         LINE#         193
  C:140AH         LINE#         194
  C:140AH         LINE#         195
  -------         ENDPROC       ENSENSOR_AFTERIDCERT
  -------         PROC          ENSENSOR_AFTER_CLOSE
  C:14A9H         LINE#         200
  C:14A9H         LINE#         201
  C:14A9H         LINE#         202
BL51 BANKED LINKER/LOCATER V6.22                                                      06/10/2015  16:54:24  PAGE 22


  C:14AFH         LINE#         203
  C:14AFH         LINE#         204
  C:14B9H         LINE#         205
  C:14B9H         LINE#         206
  C:14BBH         LINE#         207
  C:14BDH         LINE#         208
  C:14C0H         LINE#         209
  C:14C3H         LINE#         210
  C:14C3H         LINE#         211
  C:14C3H         LINE#         212
  -------         ENDPROC       ENSENSOR_AFTER_CLOSE
  -------         PROC          SELFLEARN_RESET
  C:137CH         LINE#         218
  C:137CH         LINE#         219
  C:137CH         LINE#         220
  C:137FH         LINE#         221
  C:137FH         LINE#         222
  C:1389H         LINE#         223
  C:1389H         LINE#         224
  C:138BH         LINE#         225
  C:138DH         LINE#         227
  C:1392H         LINE#         228
  C:1397H         LINE#         229
  C:1399H         LINE#         230
  C:139BH         LINE#         231
  C:139DH         LINE#         232
  C:139FH         LINE#         233
  C:13A1H         LINE#         234
  C:13A1H         LINE#         235
  C:13A1H         LINE#         236
  -------         ENDPROC       SELFLEARN_RESET
  -------         PROC          FELL_ALARM_TO_SLAVE
  C:15DDH         LINE#         242
  C:15DDH         LINE#         243
  C:15DDH         LINE#         244
  C:15E8H         LINE#         245
  C:15E8H         LINE#         246
  C:15EDH         LINE#         247
  C:15F2H         LINE#         248
  C:15F2H         LINE#         249
  -------         ENDPROC       FELL_ALARM_TO_SLAVE
  -------         PROC          RAISE_ALARM_TO_SLAVE
  C:15F3H         LINE#         255
  C:15F3H         LINE#         256
  C:15F3H         LINE#         257
  C:15FEH         LINE#         258
  C:15FEH         LINE#         259
  C:1603H         LINE#         260
  C:1608H         LINE#         261
  C:1608H         LINE#         262
  -------         ENDPROC       RAISE_ALARM_TO_SLAVE
  -------         PROC          BATSTOLEN_ALARM_TO_SLAVE
  C:1609H         LINE#         268
  C:1609H         LINE#         269
  C:1609H         LINE#         270
  C:1614H         LINE#         271
  C:1614H         LINE#         272
BL51 BANKED LINKER/LOCATER V6.22                                                      06/10/2015  16:54:24  PAGE 23


  C:1619H         LINE#         273
  C:161EH         LINE#         274
  C:161EH         LINE#         275
  -------         ENDPROC       BATSTOLEN_ALARM_TO_SLAVE
  -------         PROC          DISABLE_SENSOR_AFTER_IDCERT
  C:1809H         LINE#         280
  C:1809H         LINE#         281
  C:1809H         LINE#         282
  C:180CH         LINE#         283
  C:180CH         LINE#         284
  C:180EH         LINE#         286
  C:1811H         LINE#         287
  C:1811H         LINE#         288
  -------         ENDPROC       DISABLE_SENSOR_AFTER_IDCERT
  -------         PROC          RESET_AFTER_WIREBROKEN
  C:167AH         LINE#         293
  C:167AH         LINE#         294
  C:167AH         LINE#         295
  C:167DH         LINE#         296
  C:167DH         LINE#         297
  C:167FH         LINE#         298
  C:1683H         LINE#         299
  C:1685H         LINE#         300
  C:1687H         LINE#         301
  C:1689H         LINE#         302
  C:1689H         LINE#         303
  -------         ENDPROC       RESET_AFTER_WIREBROKEN
  -------         PROC          RESET_AFTER_STOLEN_ALARMING
  C:146DH         LINE#         309
  C:146DH         LINE#         310
  C:146DH         LINE#         311
  C:1470H         LINE#         312
  C:1470H         LINE#         313
  C:147AH         LINE#         314
  C:147AH         LINE#         315
  C:147EH         LINE#         316
  C:1480H         LINE#         317
  C:1482H         LINE#         318
  C:1484H         LINE#         319
  C:1487H         LINE#         320
  C:148AH         LINE#         321
  C:148AH         LINE#         322
  C:148AH         LINE#         323
  -------         ENDPROC       RESET_AFTER_STOLEN_ALARMING
  -------         PROC          ENSENSOR_AFTER_SLAVE_AWAY
  C:142CH         LINE#         328
  C:142CH         LINE#         329
  C:142CH         LINE#         330
  C:1435H         LINE#         331
  C:1435H         LINE#         332
  C:143FH         LINE#         333
  C:143FH         LINE#         334
  C:1442H         LINE#         335
  C:1444H         LINE#         336
  C:1446H         LINE#         337
  C:1449H         LINE#         338
  C:144CH         LINE#         339
BL51 BANKED LINKER/LOCATER V6.22                                                      06/10/2015  16:54:24  PAGE 24


  C:144CH         LINE#         340
  C:144CH         LINE#         341
  -------         ENDPROC       ENSENSOR_AFTER_SLAVE_AWAY
  -------         PROC          DETECT_SELFLEARN_ACTION
  C:0800H         LINE#         346
  C:0800H         LINE#         347
  C:0800H         LINE#         348
  C:0805H         LINE#         349
  C:0805H         LINE#         350
  C:0808H         LINE#         351
  C:0808H         LINE#         352
  C:080EH         LINE#         354
  C:0825H         LINE#         355
  C:0825H         LINE#         356
  C:082CH         LINE#         357
  C:082EH         LINE#         358
  C:0830H         LINE#         359
  C:0832H         LINE#         360
  C:0834H         LINE#         361
  C:0836H         LINE#         362
  C:0838H         LINE#         364
  C:0838H         LINE#         365
  C:083AH         LINE#         366
  C:083DH         LINE#         367
  C:083FH         LINE#         368
  C:0842H         LINE#         369
  C:0844H         LINE#         370
  C:0844H         LINE#         371
  C:0846H         LINE#         373
  C:0846H         LINE#         374
  C:084CH         LINE#         376
  C:084FH         LINE#         377
  C:0851H         LINE#         379
  C:0854H         LINE#         380
  C:0856H         LINE#         382
  C:0859H         LINE#         383
  C:0859H         LINE#         384
  C:085BH         LINE#         385
  C:085DH         LINE#         386
  C:0860H         LINE#         387
  C:0860H         LINE#         389
  C:0877H         LINE#         390
  C:0877H         LINE#         391
  C:087EH         LINE#         392
  C:0880H         LINE#         393
  C:0882H         LINE#         394
  C:0884H         LINE#         395
  C:0886H         LINE#         396
  C:0888H         LINE#         397
  C:088AH         LINE#         398
  C:088AH         LINE#         399
  C:088AH         LINE#         400
  C:088AH         LINE#         402
  C:088DH         LINE#         403
  C:088DH         LINE#         404
  C:088FH         LINE#         405
  C:0891H         LINE#         406
BL51 BANKED LINKER/LOCATER V6.22                                                      06/10/2015  16:54:24  PAGE 25


  C:0893H         LINE#         407
  C:0895H         LINE#         408
  C:0897H         LINE#         409
  C:0899H         LINE#         410
  C:089BH         LINE#         411
  C:089DH         LINE#         413
  C:08A0H         LINE#         415
  C:08A3H         LINE#         420
  C:08A3H         LINE#         421
  -------         ENDPROC       DETECT_SELFLEARN_ACTION
  -------         PROC          DETECT_OPEN_ACTION
  C:1353H         LINE#         426
  C:1353H         LINE#         427
  C:1353H         LINE#         429
  C:135EH         LINE#         430
  C:135EH         LINE#         431
  C:1361H         LINE#         432
  C:1366H         LINE#         433
  C:1368H         LINE#         435
  C:136CH         LINE#         436
  C:136EH         LINE#         437
  C:1371H         LINE#         438
  C:1373H         LINE#         439
  C:1376H         LINE#         440
  C:1379H         LINE#         442
  C:137BH         LINE#         443
  C:137BH         LINE#         444
  -------         ENDPROC       DETECT_OPEN_ACTION
  -------         PROC          DETECT_CLOSE_ACTION
  C:12FDH         LINE#         449
  C:12FDH         LINE#         450
  C:12FDH         LINE#         451
  C:130AH         LINE#         452
  C:130AH         LINE#         453
  C:1310H         LINE#         454
  C:1310H         LINE#         455
  C:1313H         LINE#         456
  C:1319H         LINE#         457
  C:1319H         LINE#         458
  C:131CH         LINE#         460
  C:1320H         LINE#         461
  C:1323H         LINE#         462
  C:1325H         LINE#         463
  C:1327H         LINE#         464
  C:1327H         LINE#         465
  C:1327H         LINE#         466
  C:1327H         LINE#         467
  -------         ENDPROC       DETECT_CLOSE_ACTION
  -------         PROC          DETECT_VIBRATION
  C:12A2H         LINE#         472
  C:12A2H         LINE#         473
  C:12A2H         LINE#         474
  C:12A8H         LINE#         475
  C:12A8H         LINE#         476
  C:12AAH         LINE#         477
  C:12B0H         LINE#         478
  C:12B0H         LINE#         479
BL51 BANKED LINKER/LOCATER V6.22                                                      06/10/2015  16:54:24  PAGE 26


  C:12B3H         LINE#         480
  C:12B3H         LINE#         481
  C:12CAH         LINE#         482
  C:12CAH         LINE#         483
  C:12CCH         LINE#         484
  C:12D0H         LINE#         485
  C:12D0H         LINE#         486
  C:12D0H         LINE#         487
  -------         ENDPROC       DETECT_VIBRATION
  -------         PROC          DETECT_WHEEL_MOVING
  C:12D1H         LINE#         492
  C:12D1H         LINE#         493
  C:12D1H         LINE#         494
  C:12D4H         LINE#         495
  C:12D4H         LINE#         496
  C:12D6H         LINE#         497
  C:12DCH         LINE#         498
  C:12DCH         LINE#         499
  C:12DFH         LINE#         500
  C:12DFH         LINE#         501
  C:12F6H         LINE#         502
  C:12F6H         LINE#         503
  C:12F8H         LINE#         504
  C:12FCH         LINE#         505
  C:12FCH         LINE#         506
  C:12FCH         LINE#         507
  -------         ENDPROC       DETECT_WHEEL_MOVING
  -------         ENDMOD        OPERATION

  -------         MODULE        OTHER
  C:0000H         SYMBOL        _ICE_DUMMY_
  D:0080H         PUBLIC        P0
  D:0090H         PUBLIC        P1
  D:00A0H         PUBLIC        P2
  D:00B0H         PUBLIC        P3
  D:00A8H         PUBLIC        IE
  C:17B5H         PUBLIC        _magnet_ACW_Taili
  B:00A0H.4       PUBLIC        Moto_EN
  D:00B8H         PUBLIC        IP
  D:00D8H         PUBLIC        WDCON0
  D:0098H         PUBLIC        SCON
  D:0088H         PUBLIC        TCON
  C:0003H         PUBLIC        Moto_Vibration
  C:17A7H         PUBLIC        _magnet_ACW
  C:17DCH         PUBLIC        Enable_sensor
  C:1241H         PUBLIC        _magnet_CW_Taili
  D:00E8H         PUBLIC        EIE
  C:0F39H         PUBLIC        disable_sensor
  B:00A0H.2       PUBLIC        MagentControl_1
  B:00A0H.3       PUBLIC        MagentControl_2
  D:00F8H         PUBLIC        ADCCON0
  D:00C0H         PUBLIC        I2CON
  D:00C8H         PUBLIC        T2CON
  C:1210H         PUBLIC        _magnet_CW
  D:00D0H         PUBLIC        PSW
  B:0080H.5       PUBLIC        Externalmotor
  -------         PROC          _MAGNET_CW
BL51 BANKED LINKER/LOCATER V6.22                                                      06/10/2015  16:54:24  PAGE 27


  X:0021H         SYMBOL        x
  X:0023H         SYMBOL        y
  D:0003H         SYMBOL        z
  C:1210H         LINE#         44
  C:121DH         LINE#         45
  C:121DH         LINE#         47
  C:1226H         LINE#         49
  C:1228H         LINE#         50
  C:122AH         LINE#         51
  C:123AH         LINE#         52
  C:123CH         LINE#         53
  C:123EH         LINE#         54
  C:1240H         LINE#         55
  -------         ENDPROC       _MAGNET_CW
  -------         PROC          _MAGNET_CW_TAILI
  X:0025H         SYMBOL        x
  X:0027H         SYMBOL        y
  D:0003H         SYMBOL        z
  C:1241H         LINE#         61
  C:124EH         LINE#         62
  C:124EH         LINE#         64
  C:1257H         LINE#         66
  C:1259H         LINE#         67
  C:125BH         LINE#         68
  C:126BH         LINE#         69
  C:126DH         LINE#         70
  C:126FH         LINE#         71
  C:1271H         LINE#         72
  -------         ENDPROC       _MAGNET_CW_TAILI
  -------         PROC          _MAGNET_ACW
  D:0006H         SYMBOL        x
  D:0004H         SYMBOL        y
  C:17A7H         LINE#         78
  C:17A7H         LINE#         79
  C:17A7H         LINE#         80
  C:17A9H         LINE#         81
  C:17ABH         LINE#         82
  C:17ADH         LINE#         83
  C:17B0H         LINE#         84
  C:17B2H         LINE#         85
  C:17B4H         LINE#         86
  -------         ENDPROC       _MAGNET_ACW
  -------         PROC          _MAGNET_ACW_TAILI
  D:0006H         SYMBOL        x
  D:0004H         SYMBOL        y
  C:17B5H         LINE#         92
  C:17B5H         LINE#         93
  C:17B5H         LINE#         94
  C:17B7H         LINE#         95
  C:17B9H         LINE#         96
  C:17BBH         LINE#         97
  C:17BEH         LINE#         98
  C:17C0H         LINE#         99
  C:17C2H         LINE#         100
  -------         ENDPROC       _MAGNET_ACW_TAILI
  -------         PROC          DISABLE_SENSOR
  C:0F39H         LINE#         106
BL51 BANKED LINKER/LOCATER V6.22                                                      06/10/2015  16:54:24  PAGE 28


  C:0F39H         LINE#         107
  C:0F39H         LINE#         109
  C:0F3BH         LINE#         110
  C:0F3DH         LINE#         112
  C:0F3FH         LINE#         113
  C:0F41H         LINE#         114
  C:0F45H         LINE#         115
  C:0F48H         LINE#         116
  C:0F4BH         LINE#         117
  C:0F50H         LINE#         118
  C:0F55H         LINE#         119
  C:0F5AH         LINE#         120
  C:0F5DH         LINE#         121
  C:0F60H         LINE#         122
  C:0F62H         LINE#         123
  C:0F64H         LINE#         124
  C:0F66H         LINE#         125
  C:0F69H         LINE#         126
  C:0F6BH         LINE#         127
  C:0F6EH         LINE#         129
  C:0F70H         LINE#         132
  C:0F73H         LINE#         133
  C:0F75H         LINE#         135
  C:0F77H         LINE#         136
  C:0F7AH         LINE#         138
  C:0F7CH         LINE#         139
  C:0F7FH         LINE#         140
  -------         ENDPROC       DISABLE_SENSOR
  -------         PROC          ENABLE_SENSOR
  C:17DCH         LINE#         146
  C:17DCH         LINE#         147
  C:17DCH         LINE#         149
  C:17DEH         LINE#         150
  C:17E0H         LINE#         153
  C:17E4H         LINE#         154
  C:17E7H         LINE#         155
  -------         ENDPROC       ENABLE_SENSOR
  -------         PROC          MOTO_VIBRATION
  C:0003H         LINE#         161
  C:0003H         LINE#         162
  C:0003H         LINE#         163
  C:0005H         LINE#         164
  C:0008H         LINE#         165
  C:000AH         LINE#         166
  -------         ENDPROC       MOTO_VIBRATION
  -------         ENDMOD        OTHER

  -------         MODULE        PWM
  C:0000H         SYMBOL        _ICE_DUMMY_
  D:0080H         PUBLIC        P0
  D:0090H         PUBLIC        P1
  D:00A0H         PUBLIC        P2
  D:00B0H         PUBLIC        P3
  D:00DCH         PUBLIC        PWMCON0
  D:00D1H         PUBLIC        PWMPH
  D:00A8H         PUBLIC        IE
  D:00D9H         PUBLIC        PWMPL
BL51 BANKED LINKER/LOCATER V6.22                                                      06/10/2015  16:54:24  PAGE 29


  C:0D3DH         PUBLIC        _PWM_Channel
  D:00B8H         PUBLIC        IP
  C:181BH         PUBLIC        myPwm
  D:00D8H         PUBLIC        WDCON0
  D:0098H         PUBLIC        SCON
  D:0088H         PUBLIC        TCON
  D:00E8H         PUBLIC        EIE
  D:00F8H         PUBLIC        ADCCON0
  D:00C0H         PUBLIC        I2CON
  X:0029H         PUBLIC        PWM_shadow
  D:00C8H         PUBLIC        T2CON
  C:15AEH         PUBLIC        Init_PWM
  D:00D2H         PUBLIC        PWM0H
  D:00D3H         PUBLIC        PWM1H
  D:00D5H         PUBLIC        PWM2H
  D:00D6H         PUBLIC        PWM3H
  D:00DAH         PUBLIC        PWM0L
  D:00DBH         PUBLIC        PWM1L
  D:00DDH         PUBLIC        PWM2L
  D:00DEH         PUBLIC        PWM3L
  D:00D0H         PUBLIC        PSW
  -------         PROC          INIT_PWM
  C:15AEH         LINE#         19
  C:15AEH         LINE#         20
  C:15AEH         LINE#         22
  C:15B1H         LINE#         24
  C:15B9H         LINE#         26
  C:15C2H         LINE#         27
  C:15C5H         LINE#         28
  -------         ENDPROC       INIT_PWM
  -------         PROC          _PWM_CHANNEL
  D:0007H         SYMBOL        Channel
  C:0D3DH         LINE#         34
  C:0D3DH         LINE#         35
  C:0D3DH         LINE#         36
  C:0D4BH         LINE#         37
  C:0D4BH         LINE#         39
  C:0D4BH         LINE#         40
  C:0D4BH         LINE#         41
  C:0D53H         LINE#         42
  C:0D5CH         LINE#         43
  C:0D5FH         LINE#         44
  C:0D5FH         LINE#         45
  C:0D60H         LINE#         47
  C:0D60H         LINE#         48
  C:0D60H         LINE#         49
  C:0D68H         LINE#         50
  C:0D71H         LINE#         51
  C:0D74H         LINE#         52
  C:0D74H         LINE#         53
  C:0D75H         LINE#         55
  C:0D75H         LINE#         56
  C:0D75H         LINE#         57
  C:0D7DH         LINE#         58
  C:0D86H         LINE#         59
  C:0D89H         LINE#         60
  C:0D89H         LINE#         61
BL51 BANKED LINKER/LOCATER V6.22                                                      06/10/2015  16:54:24  PAGE 30


  C:0D8AH         LINE#         63
  C:0D8AH         LINE#         64
  C:0D8AH         LINE#         65
  C:0D92H         LINE#         66
  C:0D9BH         LINE#         67
  C:0D9EH         LINE#         68
  C:0D9EH         LINE#         69
  C:0D9EH         LINE#         70
  C:0D9EH         LINE#         71
  -------         ENDPROC       _PWM_CHANNEL
  -------         PROC          MYPWM
  C:181BH         LINE#         77
  C:181BH         LINE#         78
  C:181BH         LINE#         80
  C:1820H         LINE#         82
  -------         ENDPROC       MYPWM
  -------         ENDMOD        PWM

  -------         MODULE        TIMER
  C:0000H         SYMBOL        _ICE_DUMMY_
  D:0080H         PUBLIC        P0
  D:0090H         PUBLIC        P1
  D:00A0H         PUBLIC        P2
  D:00B0H         PUBLIC        P3
  B:00A8H.7       PUBLIC        EA
  D:00A8H         PUBLIC        IE
  D:00B8H         PUBLIC        IP
  C:13C6H         PUBLIC        _InitT0
  C:0A9DH         PUBLIC        _InitTimer
  D:00D8H         PUBLIC        WDCON0
  D:0087H         PUBLIC        PCON
  D:0098H         PUBLIC        SCON
  X:002DH         PUBLIC        timer0_8H
  D:0089H         PUBLIC        TMOD
  D:0088H         PUBLIC        TCON
  X:002EH         PUBLIC        timer1_8H
  X:002FH         PUBLIC        timer0_8L
  X:0030H         PUBLIC        timer1_8L
  B:00A8H.1       PUBLIC        ET0
  B:00A8H.3       PUBLIC        ET1
  D:008CH         PUBLIC        TH0
  D:008DH         PUBLIC        TH1
  D:008AH         PUBLIC        TL0
  D:008BH         PUBLIC        TL1
  D:00E8H         PUBLIC        EIE
  B:00B8H.3       PUBLIC        PT1
  B:0088H.4       PUBLIC        TR0
  B:0088H.6       PUBLIC        TR1
  D:00F8H         PUBLIC        ADCCON0
  D:00C0H         PUBLIC        I2CON
  D:00C8H         PUBLIC        T2CON
  C:0FFBH         PUBLIC        sEOS_Go_To_Sleep
  D:00D0H         PUBLIC        PSW
  -------         PROC          _INITTIMER
  D:0007H         SYMBOL        Tick_ms_T0
  X:002BH         SYMBOL        Tick_us_T1
  -------         DO            
BL51 BANKED LINKER/LOCATER V6.22                                                      06/10/2015  16:54:24  PAGE 31


  D:0004H         SYMBOL        Inc_T0
  D:0004H         SYMBOL        Inc_T1
  D:0004H         SYMBOL        timer0_16
  D:0004H         SYMBOL        timer1_16
  -------         ENDDO         
  C:0A9DH         LINE#         29
  C:0AA4H         LINE#         30
  C:0AA4H         LINE#         35
  C:0AB6H         LINE#         36
  C:0ABCH         LINE#         37
  C:0ABFH         LINE#         38
  C:0AC3H         LINE#         41
  C:0AE2H         LINE#         42
  C:0AEAH         LINE#         43
  C:0AEEH         LINE#         44
  C:0AF4H         LINE#         46
  C:0AF7H         LINE#         48
  C:0AFCH         LINE#         49
  C:0B01H         LINE#         50
  C:0B03H         LINE#         51
  C:0B05H         LINE#         53
  C:0B07H         LINE#         54
  C:0B09H         LINE#         55
  C:0B0BH         LINE#         56
  C:0B0DH         LINE#         57
  C:0B0FH         LINE#         58
  C:0B11H         LINE#         59
  -------         ENDPROC       _INITTIMER
  -------         PROC          _INITT0
  D:0007H         SYMBOL        Tick_ms_T0
  -------         DO            
  D:0004H         SYMBOL        Inc_T0
  D:0004H         SYMBOL        timer0_16
  -------         ENDDO         
  C:13C6H         LINE#         64
  C:13C6H         LINE#         65
  C:13C6H         LINE#         70
  C:13D8H         LINE#         71
  C:13DEH         LINE#         72
  C:13E1H         LINE#         73
  C:13E5H         LINE#         74
  C:13E8H         LINE#         75
  -------         ENDPROC       _INITT0
  -------         PROC          SEOS_GO_TO_SLEEP
  C:0FFBH         LINE#         81
  C:0FFBH         LINE#         82
  C:0FFBH         LINE#         83
  C:0FFEH         LINE#         84
  -------         ENDPROC       SEOS_GO_TO_SLEEP
  -------         ENDMOD        TIMER

  -------         MODULE        UART
  C:0000H         SYMBOL        _ICE_DUMMY_
  D:0080H         PUBLIC        P0
  D:0090H         PUBLIC        P1
  D:00A0H         PUBLIC        P2
  D:00B0H         PUBLIC        P3
BL51 BANKED LINKER/LOCATER V6.22                                                      06/10/2015  16:54:24  PAGE 32


  B:00A8H.7       PUBLIC        EA
  C:1823H         PUBLIC        _SendData
  D:00A8H         PUBLIC        IE
  B:00A8H.4       PUBLIC        ES
  D:00B8H         PUBLIC        IP
  B:0098H.0       PUBLIC        RI
  B:0098H.1       PUBLIC        TI
  B:00B8H.4       PUBLIC        PS
  D:00D8H         PUBLIC        WDCON0
  D:0099H         PUBLIC        SBUF
  D:0098H         PUBLIC        SCON
  D:0089H         PUBLIC        TMOD
  D:0088H         PUBLIC        TCON
  B:00A8H.1       PUBLIC        ET0
  D:008DH         PUBLIC        TH1
  D:008BH         PUBLIC        TL1
  D:00E8H         PUBLIC        EIE
  C:0FC5H         PUBLIC        _InitUART
  B:0088H.4       PUBLIC        TR0
  B:0088H.6       PUBLIC        TR1
  D:00F8H         PUBLIC        ADCCON0
  D:00C0H         PUBLIC        I2CON
  D:00C8H         PUBLIC        T2CON
  C:1328H         PUBLIC        _SendNByte
  D:00A2H         PUBLIC        AUXR1
  D:00D0H         PUBLIC        PSW
  -------         PROC          _INITUART
  D:0006H         SYMBOL        Baudrate
  C:0FC5H         LINE#         19
  C:0FC5H         LINE#         20
  C:0FC5H         LINE#         21
  C:0FC8H         LINE#         22
  C:0FCBH         LINE#         23
  C:0FCEH         LINE#         24
  C:0FE5H         LINE#         26
  C:0FEAH         LINE#         27
  C:0FECH         LINE#         28
  C:0FEEH         LINE#         29
  C:0FF0H         LINE#         30
  C:0FF2H         LINE#         31
  C:0FF4H         LINE#         32
  C:0FF6H         LINE#         33
  C:0FF8H         LINE#         34
  C:0FFAH         LINE#         35
  -------         ENDPROC       _INITUART
  -------         PROC          _SENDDATA
  D:0007H         SYMBOL        dat
  C:1823H         LINE#         40
  C:1823H         LINE#         41
  C:1823H         LINE#         42
  C:1825H         LINE#         43
  C:1828H         LINE#         44
  C:182AH         LINE#         45
  -------         ENDPROC       _SENDDATA
  -------         PROC          _SENDNBYTE
  X:0088H         SYMBOL        buf
  D:0005H         SYMBOL        len
BL51 BANKED LINKER/LOCATER V6.22                                                      06/10/2015  16:54:24  PAGE 33


  C:1328H         LINE#         50
  C:1332H         LINE#         51
  C:1332H         LINE#         52
  C:1338H         LINE#         53
  C:1338H         LINE#         54
  C:1350H         LINE#         55
  C:1352H         LINE#         56
  -------         ENDPROC       _SENDNBYTE
  -------         ENDMOD        UART

  -------         MODULE        VOICE
  C:0000H         SYMBOL        _ICE_DUMMY_
  D:0080H         PUBLIC        P0
  D:0090H         PUBLIC        P1
  C:16D5H         PUBLIC        close_lock_speech
  D:00A0H         PUBLIC        P2
  D:00B0H         PUBLIC        P3
  C:11DEH         PUBLIC        Accumulator_voice_promot
  B:0090H.4       PUBLIC        voice_EN
  D:00A8H         PUBLIC        IE
  C:14C4H         PUBLIC        InitVoice
  B:00A0H.1       PUBLIC        SC_DATA
  C:16B7H         PUBLIC        stolen_alarm_speech1
  C:1632H         PUBLIC        stolen_alarm_speech2
  D:00B8H         PUBLIC        IP
  C:16C6H         PUBLIC        open_lock_speech
  C:168AH         PUBLIC        motorBAT_low_speech
  C:1789H         PUBLIC        lock_rotated_on_speech
  C:161FH         PUBLIC        host_touch_speech
  C:173EH         PUBLIC        Alarm_raised_speech
  C:16A8H         PUBLIC        host_2ndtouch_speech
  D:00D8H         PUBLIC        WDCON0
  C:176BH         PUBLIC        battery_stolen_speech_F3
  C:1720H         PUBLIC        Battery_high_alarm_speech
  D:0098H         PUBLIC        SCON
  B:0090H.4       PUBLIC        P14
  D:0088H         PUBLIC        TCON
  C:16F3H         PUBLIC        Cutting_Wire_Voice
  C:1702H         PUBLIC        Product_Test_Voice
  C:172FH         PUBLIC        Alarm_stolen_speech
  X:0031H         PUBLIC        key_rotate_on_speech_number
  C:1812H         PUBLIC        Enter_noguard_voice
  C:175CH         PUBLIC        Host_battery_high_alarm_speech
  C:174DH         PUBLIC        Alarm_fell_speech
  C:1142H         PUBLIC        _SC_Speech
  D:00E8H         PUBLIC        EIE
  C:16E4H         PUBLIC        battery_stolen_speech
  C:003AH         PUBLIC        key_rotate_on_speech
  D:00F8H         PUBLIC        ADCCON0
  D:00C0H         PUBLIC        I2CON
  C:1658H         PUBLIC        Self_learn_speech
  C:1711H         PUBLIC        Battery_low_alarm_speech
  C:1669H         PUBLIC        IDcerted_speech
  D:00C8H         PUBLIC        T2CON
  C:1699H         PUBLIC        ID_speech
  B:00A0H.0       PUBLIC        SC_RST
  D:00D0H         PUBLIC        PSW
[...]
    SYMBOL:  STOLEN_ALARM_RESET_COUNT
    MODULE:  .\operation.obj (OPERATION)

*** WARNING L2: REFERENCE MADE TO UNRESOLVED EXTERNAL
    SYMBOL:  SILENCE_FLAG
    MODULE:  .\operation.obj (OPERATION)
    ADDRESS: 140CH

*** WARNING L2: REFERENCE MADE TO UNRESOLVED EXTERNAL
    SYMBOL:  CHECK_MOTOBATTERY_FLAG
    MODULE:  .\operation.obj (OPERATION)
    ADDRESS: 1412H

*** WARNING L2: REFERENCE MADE TO UNRESOLVED EXTERNAL
    SYMBOL:  CHECK_MOTOBATTERY_COUNT
    MODULE:  .\operation.obj (OPERATION)
    ADDRESS: 1415H

*** WARNING L2: REFERENCE MADE TO UNRESOLVED EXTERNAL
    SYMBOL:  ID_CERTIFICATED_NUMBERS
    MODULE:  .\operation.obj (OPERATION)
    ADDRESS: 1424H

*** WARNING L2: REFERENCE MADE TO UNRESOLVED EXTERNAL
    SYMBOL:  SILENCE_FLAG
    MODULE:  .\operation.obj (OPERATION)
    ADDRESS: 1427H

*** WARNING L2: REFERENCE MADE TO UNRESOLVED EXTERNAL
    SYMBOL:  SILENCE_FLAG
    MODULE:  .\operation.obj (OPERATION)
    ADDRESS: 142AH

*** WARNING L2: REFERENCE MADE TO UNRESOLVED EXTERNAL
    SYMBOL:  SLAVE_NEARBY_ACTIONED_FLAG
    MODULE:  .\operation.obj (OPERATION)
    ADDRESS: 13A3H

*** WARNING L2: REFERENCE MADE TO UNRESOLVED EXTERNAL
    SYMBOL:  ID_SPEECHED_FLAG
    MODULE:  .\operation.obj (OPERATION)
    ADDRESS: 13A5H

BL51 BANKED LINKER/LOCATER V6.22                                                      06/10/2015  16:54:24  PAGE 58


*** WARNING L2: REFERENCE MADE TO UNRESOLVED EXTERNAL
    SYMBOL:  AFTER_IDCERT_TIMECOUNT
    MODULE:  .\operation.obj (OPERATION)
    ADDRESS: 13A8H

*** WARNING L2: REFERENCE MADE TO UNRESOLVED EXTERNAL
    SYMBOL:  ID_CERTIFICATED_FLAG
    MODULE:  .\operation.obj (OPERATION)
    ADDRESS: 13ABH

*** WARNING L2: REFERENCE MADE TO UNRESOLVED EXTERNAL
    SYMBOL:  ID_CERTIFICATED_NUMBERS
    MODULE:  .\operation.obj (OPERATION)
    ADDRESS: 13ADH

*** WARNING L2: REFERENCE MADE TO UNRESOLVED EXTERNAL
    SYMBOL:  SILENCE_FLAG
    MODULE:  .\operation.obj (OPERATION)
    ADDRESS: 13B0H

*** WARNING L2: REFERENCE MADE TO UNRESOLVED EXTERNAL
    SYMBOL:  JUST_POWER_UP
    MODULE:  .\operation.obj (OPERATION)
    ADDRESS: 13B6H

*** WARNING L2: REFERENCE MADE TO UNRESOLVED EXTERNAL
    SYMBOL:  LOAD_BATTERY_RESULT
    MODULE:  .\operation.obj (OPERATION)
    ADDRESS: 13B9H

*** WARNING L2: REFERENCE MADE TO UNRESOLVED EXTERNAL
    SYMBOL:  EN_HOST_STOLEN_ALARMING
    MODULE:  .\operation.obj (OPERATION)
    ADDRESS: 17D1H

*** WARNING L2: REFERENCE MADE TO UNRESOLVED EXTERNAL
    SYMBOL:  HOST_STOLEN_ALARMING
    MODULE:  .\operation.obj (OPERATION)
    ADDRESS: 17D4H

*** WARNING L2: REFERENCE MADE TO UNRESOLVED EXTERNAL
    SYMBOL:  ID_CERTIFICATED_FLAG
    MODULE:  .\operation.obj (OPERATION)
    ADDRESS: 13EAH

*** WARNING L2: REFERENCE MADE TO UNRESOLVED EXTERNAL
    SYMBOL:  AFTER_IDCERT_TIMECOUNT
    MODULE:  .\operation.obj (OPERATION)
    ADDRESS: 13EDH

*** WARNING L2: REFERENCE MADE TO UNRESOLVED EXTERNAL
    SYMBOL:  ID_CERTIFICATED_FLAG
    MODULE:  .\operation.obj (OPERATION)
    ADDRESS: 13F7H

*** WARNING L2: REFERENCE MADE TO UNRESOLVED EXTERNAL
    SYMBOL:  ID_CERTIFICATED_NUMBERS
BL51 BANKED LINKER/LOCATER V6.22                                                      06/10/2015  16:54:24  PAGE 59


    MODULE:  .\operation.obj (OPERATION)
    ADDRESS: 13FBH

*** WARNING L2: REFERENCE MADE TO UNRESOLVED EXTERNAL
    SYMBOL:  OPEN_ACTION_FLAG
    MODULE:  .\operation.obj (OPERATION)
    ADDRESS: 13FEH

*** WARNING L2: REFERENCE MADE TO UNRESOLVED EXTERNAL
    SYMBOL:  NEVER_ALARM
    MODULE:  .\operation.obj (OPERATION)
    ADDRESS: 1403H

*** WARNING L2: REFERENCE MADE TO UNRESOLVED EXTERNAL
    SYMBOL:  NEVER_ALARM
    MODULE:  .\operation.obj (OPERATION)
    ADDRESS: 1409H

*** WARNING L2: REFERENCE MADE TO UNRESOLVED EXTERNAL
    SYMBOL:  NEVER_ALARM
    MODULE:  .\operation.obj (OPERATION)
    ADDRESS: 14BEH

*** WARNING L2: REFERENCE MADE TO UNRESOLVED EXTERNAL
    SYMBOL:  ID_SELFLEARNING_FLAG
    MODULE:  .\operation.obj (OPERATION)
    ADDRESS: 137DH

*** WARNING L2: REFERENCE MADE TO UNRESOLVED EXTERNAL
    SYMBOL:  ID_SELFLEARNING_TIMECOUNT
    MODULE:  .\operation.obj (OPERATION)
    ADDRESS: 1380H

*** WARNING L2: REFERENCE MADE TO UNRESOLVED EXTERNAL
    SYMBOL:  ID_SELFLEARNING_FLAG
    MODULE:  .\operation.obj (OPERATION)
    ADDRESS: 138AH

*** WARNING L2: REFERENCE MADE TO UNRESOLVED EXTERNAL
    SYMBOL:  IDKEY_SELFLEARN_HVCOUNT
    MODULE:  .\operation.obj (OPERATION)
    ADDRESS: 138EH

*** WARNING L2: REFERENCE MADE TO UNRESOLVED EXTERNAL
    SYMBOL:  IDKEY_SELFLEARN_LVCOUNT
    MODULE:  .\operation.obj (OPERATION)
    ADDRESS: 1393H

*** WARNING L2: REFERENCE MADE TO UNRESOLVED EXTERNAL
    SYMBOL:  IDKEY_SELFLEARN_FLAG1
    MODULE:  .\operation.obj (OPERATION)
    ADDRESS: 1398H

*** WARNING L2: REFERENCE MADE TO UNRESOLVED EXTERNAL
    SYMBOL:  IDKEY_SELFLEARN_FLAG2
    MODULE:  .\operation.obj (OPERATION)
    ADDRESS: 139AH
BL51 BANKED LINKER/LOCATER V6.22                                                      06/10/2015  16:54:24  PAGE 60



*** WARNING L2: REFERENCE MADE TO UNRESOLVED EXTERNAL
    SYMBOL:  IDKEY_SELFLEARN_FLAG3
    MODULE:  .\operation.obj (OPERATION)
    ADDRESS: 139CH

*** WARNING L2: REFERENCE MADE TO UNRESOLVED EXTERNAL
    SYMBOL:  IDKEY_SELFLEARN_FLAG4
    MODULE:  .\operation.obj (OPERATION)
    ADDRESS: 139EH

*** WARNING L2: REFERENCE MADE TO UNRESOLVED EXTERNAL
    SYMBOL:  IDKEY_SELFLEARN_FLAG5
    MODULE:  .\operation.obj (OPERATION)
    ADDRESS: 13A0H

*** WARNING L2: REFERENCE MADE TO UNRESOLVED EXTERNAL
    SYMBOL:  IDKEY_SPEECH_FLASH
    MODULE:  .\operation.obj (OPERATION)
    ADDRESS: 180AH

*** WARNING L2: REFERENCE MADE TO UNRESOLVED EXTERNAL
    SYMBOL:  IDKEY_SPEECH_FLASH
    MODULE:  .\operation.obj (OPERATION)
    ADDRESS: 180DH

*** WARNING L2: REFERENCE MADE TO UNRESOLVED EXTERNAL
    SYMBOL:  WIRE_BROKEN_RESET
    MODULE:  .\operation.obj (OPERATION)
    ADDRESS: 167BH

*** WARNING L2: REFERENCE MADE TO UNRESOLVED EXTERNAL
    SYMBOL:  WIRE_BROKEN_RESET
    MODULE:  .\operation.obj (OPERATION)
    ADDRESS: 167EH

*** WARNING L2: REFERENCE MADE TO UNRESOLVED EXTERNAL
    SYMBOL:  EN_HOST_STOLEN_ALARMING
    MODULE:  .\operation.obj (OPERATION)
    ADDRESS: 1684H

*** WARNING L2: REFERENCE MADE TO UNRESOLVED EXTERNAL
    SYMBOL:  HOST_STOLEN_ALARMING
    MODULE:  .\operation.obj (OPERATION)
    ADDRESS: 1686H

*** WARNING L2: REFERENCE MADE TO UNRESOLVED EXTERNAL
    SYMBOL:  EN_HOST_STOLEN_ALARMING
    MODULE:  .\operation.obj (OPERATION)
    ADDRESS: 146EH

*** WARNING L2: REFERENCE MADE TO UNRESOLVED EXTERNAL
    SYMBOL:  STOLEN_ALARM_RESET_COUNT
    MODULE:  .\operation.obj (OPERATION)
    ADDRESS: 1471H

*** WARNING L2: REFERENCE MADE TO UNRESOLVED EXTERNAL
BL51 BANKED LINKER/LOCATER V6.22                                                      06/10/2015  16:54:24  PAGE 61


    SYMBOL:  EN_HOST_STOLEN_ALARMING
    MODULE:  .\operation.obj (OPERATION)
    ADDRESS: 147FH

*** WARNING L2: REFERENCE MADE TO UNRESOLVED EXTERNAL
    SYMBOL:  HOST_STOLEN_ALARMING
    MODULE:  .\operation.obj (OPERATION)
    ADDRESS: 1481H

*** WARNING L2: REFERENCE MADE TO UNRESOLVED EXTERNAL
    SYMBOL:  STOLEN_ALARM_RESET_COUNT
    MODULE:  .\operation.obj (OPERATION)
    ADDRESS: 1485H

*** WARNING L2: REFERENCE MADE TO UNRESOLVED EXTERNAL
    SYMBOL:  JUST_POWER_UP
    MODULE:  .\operation.obj (OPERATION)
    ADDRESS: 1433H

*** WARNING L2: REFERENCE MADE TO UNRESOLVED EXTERNAL
    SYMBOL:  SLAVE_NEARBY_COUNT
    MODULE:  .\operation.obj (OPERATION)
    ADDRESS: 1436H

*** WARNING L2: REFERENCE MADE TO UNRESOLVED EXTERNAL
    SYMBOL:  SLAVE_NEARBY_ACTIONED_FLAG
    MODULE:  .\operation.obj (OPERATION)
    ADDRESS: 1443H

*** WARNING L2: REFERENCE MADE TO UNRESOLVED EXTERNAL
    SYMBOL:  ID_CERTIFICATED_FLAG
    MODULE:  .\operation.obj (OPERATION)
    ADDRESS: 1445H

*** WARNING L2: REFERENCE MADE TO UNRESOLVED EXTERNAL
    SYMBOL:  NEVER_ALARM
    MODULE:  .\operation.obj (OPERATION)
    ADDRESS: 1447H

*** WARNING L2: REFERENCE MADE TO UNRESOLVED EXTERNAL
    SYMBOL:  IDKEY_SELFLEARN_LVCOUNT
    MODULE:  .\operation.obj (OPERATION)
    ADDRESS: 080AH

*** WARNING L2: REFERENCE MADE TO UNRESOLVED EXTERNAL
    SYMBOL:  IDKEY_SELFLEARN_HVCOUNT
    MODULE:  .\operation.obj (OPERATION)
    ADDRESS: 080FH

*** WARNING L2: REFERENCE MADE TO UNRESOLVED EXTERNAL
    SYMBOL:  IDKEY_SELFLEARN_FLAG1
    MODULE:  .\operation.obj (OPERATION)
    ADDRESS: 082DH

*** WARNING L2: REFERENCE MADE TO UNRESOLVED EXTERNAL
    SYMBOL:  IDKEY_SELFLEARN_FLAG2
    MODULE:  .\operation.obj (OPERATION)
BL51 BANKED LINKER/LOCATER V6.22                                                      06/10/2015  16:54:24  PAGE 62


    ADDRESS: 082FH

*** WARNING L2: REFERENCE MADE TO UNRESOLVED EXTERNAL
    SYMBOL:  IDKEY_SELFLEARN_FLAG3
    MODULE:  .\operation.obj (OPERATION)
    ADDRESS: 0831H

*** WARNING L2: REFERENCE MADE TO UNRESOLVED EXTERNAL
    SYMBOL:  IDKEY_SELFLEARN_FLAG4
    MODULE:  .\operation.obj (OPERATION)
    ADDRESS: 0833H

*** WARNING L2: REFERENCE MADE TO UNRESOLVED EXTERNAL
    SYMBOL:  IDKEY_SELFLEARN_FLAG5
    MODULE:  .\operation.obj (OPERATION)
    ADDRESS: 0835H

*** WARNING L2: REFERENCE MADE TO UNRESOLVED EXTERNAL
    SYMBOL:  IDKEY_SELFLEARN_FLAG1
    MODULE:  .\operation.obj (OPERATION)
    ADDRESS: 0839H

*** WARNING L2: REFERENCE MADE TO UNRESOLVED EXTERNAL
    SYMBOL:  IDKEY_SELFLEARN_FLAG2
    MODULE:  .\operation.obj (OPERATION)
    ADDRESS: 083BH

*** WARNING L2: REFERENCE MADE TO UNRESOLVED EXTERNAL
    SYMBOL:  IDKEY_SELFLEARN_FLAG3
    MODULE:  .\operation.obj (OPERATION)
    ADDRESS: 083EH

*** WARNING L2: REFERENCE MADE TO UNRESOLVED EXTERNAL
    SYMBOL:  IDKEY_SELFLEARN_FLAG4
    MODULE:  .\operation.obj (OPERATION)
    ADDRESS: 0840H

*** WARNING L2: REFERENCE MADE TO UNRESOLVED EXTERNAL
    SYMBOL:  IDKEY_SELFLEARN_FLAG5
    MODULE:  .\operation.obj (OPERATION)
    ADDRESS: 0843H

*** WARNING L2: REFERENCE MADE TO UNRESOLVED EXTERNAL
    SYMBOL:  IDKEY_SELFLEARN_HVCOUNT
    MODULE:  .\operation.obj (OPERATION)
    ADDRESS: 0848H

*** WARNING L2: REFERENCE MADE TO UNRESOLVED EXTERNAL
    SYMBOL:  IDKEY_SELFLEARN_FLAG1
    MODULE:  .\operation.obj (OPERATION)
    ADDRESS: 084DH

*** WARNING L2: REFERENCE MADE TO UNRESOLVED EXTERNAL
    SYMBOL:  IDKEY_SELFLEARN_FLAG2
    MODULE:  .\operation.obj (OPERATION)
    ADDRESS: 0850H

BL51 BANKED LINKER/LOCATER V6.22                                                      06/10/2015  16:54:24  PAGE 63


*** WARNING L2: REFERENCE MADE TO UNRESOLVED EXTERNAL
    SYMBOL:  IDKEY_SELFLEARN_FLAG3
    MODULE:  .\operation.obj (OPERATION)
    ADDRESS: 0852H

*** WARNING L2: REFERENCE MADE TO UNRESOLVED EXTERNAL
    SYMBOL:  IDKEY_SELFLEARN_FLAG4
    MODULE:  .\operation.obj (OPERATION)
    ADDRESS: 0855H

*** WARNING L2: REFERENCE MADE TO UNRESOLVED EXTERNAL
    SYMBOL:  IDKEY_SELFLEARN_FLAG5
    MODULE:  .\operation.obj (OPERATION)
    ADDRESS: 0857H

*** WARNING L2: REFERENCE MADE TO UNRESOLVED EXTERNAL
    SYMBOL:  ID_SELFLEARNING_FLAG
    MODULE:  .\operation.obj (OPERATION)
    ADDRESS: 085AH

*** WARNING L2: REFERENCE MADE TO UNRESOLVED EXTERNAL
    SYMBOL:  IDKEY_SELFLEARN_FLAG5
    MODULE:  .\operation.obj (OPERATION)
    ADDRESS: 085CH

*** WARNING L2: REFERENCE MADE TO UNRESOLVED EXTERNAL
    SYMBOL:  IDKEY_SELFLEARN_LVCOUNT
    MODULE:  .\operation.obj (OPERATION)
    ADDRESS: 0861H

*** WARNING L2: REFERENCE MADE TO UNRESOLVED EXTERNAL
    SYMBOL:  IDKEY_SELFLEARN_FLAG1
    MODULE:  .\operation.obj (OPERATION)
    ADDRESS: 087FH

*** WARNING L2: REFERENCE MADE TO UNRESOLVED EXTERNAL
    SYMBOL:  IDKEY_SELFLEARN_FLAG2
    MODULE:  .\operation.obj (OPERATION)
    ADDRESS: 0881H

*** WARNING L2: REFERENCE MADE TO UNRESOLVED EXTERNAL
    SYMBOL:  IDKEY_SELFLEARN_FLAG3
    MODULE:  .\operation.obj (OPERATION)
    ADDRESS: 0883H

*** WARNING L2: REFERENCE MADE TO UNRESOLVED EXTERNAL
    SYMBOL:  IDKEY_SELFLEARN_FLAG4
    MODULE:  .\operation.obj (OPERATION)
    ADDRESS: 0885H

*** WARNING L2: REFERENCE MADE TO UNRESOLVED EXTERNAL
    SYMBOL:  IDKEY_SELFLEARN_FLAG5
    MODULE:  .\operation.obj (OPERATION)
    ADDRESS: 0887H

*** WARNING L2: REFERENCE MADE TO UNRESOLVED EXTERNAL
    SYMBOL:  ID_SELFLEARNING_FLAG
BL51 BANKED LINKER/LOCATER V6.22                                                      06/10/2015  16:54:24  PAGE 64


    MODULE:  .\operation.obj (OPERATION)
    ADDRESS: 0889H

*** WARNING L2: REFERENCE MADE TO UNRESOLVED EXTERNAL
    SYMBOL:  IDKEY_FLASH_EN
    MODULE:  .\operation.obj (OPERATION)
    ADDRESS: 088BH

*** WARNING L2: REFERENCE MADE TO UNRESOLVED EXTERNAL
    SYMBOL:  IDKEY_FLASH_EN
    MODULE:  .\operation.obj (OPERATION)
    ADDRESS: 088EH

*** WARNING L2: REFERENCE MADE TO UNRESOLVED EXTERNAL
    SYMBOL:  FLASHING_FLAG
    MODULE:  .\operation.obj (OPERATION)
    ADDRESS: 0890H

*** WARNING L2: REFERENCE MADE TO UNRESOLVED EXTERNAL
    SYMBOL:  IDKEY_SELFLEARN_FLAG1
    MODULE:  .\operation.obj (OPERATION)
    ADDRESS: 0892H

*** WARNING L2: REFERENCE MADE TO UNRESOLVED EXTERNAL
    SYMBOL:  IDKEY_SELFLEARN_FLAG2
    MODULE:  .\operation.obj (OPERATION)
    ADDRESS: 0894H

*** WARNING L2: REFERENCE MADE TO UNRESOLVED EXTERNAL
    SYMBOL:  IDKEY_SELFLEARN_FLAG3
    MODULE:  .\operation.obj (OPERATION)
    ADDRESS: 0896H

*** WARNING L2: REFERENCE MADE TO UNRESOLVED EXTERNAL
    SYMBOL:  IDKEY_SELFLEARN_FLAG4
    MODULE:  .\operation.obj (OPERATION)
    ADDRESS: 0898H

*** WARNING L2: REFERENCE MADE TO UNRESOLVED EXTERNAL
    SYMBOL:  IDKEY_SELFLEARN_FLAG5
    MODULE:  .\operation.obj (OPERATION)
    ADDRESS: 089AH

*** WARNING L2: REFERENCE MADE TO UNRESOLVED EXTERNAL
    SYMBOL:  ID_SELFLEARNING_FLAG
    MODULE:  .\operation.obj (OPERATION)
    ADDRESS: 089CH

*** WARNING L2: REFERENCE MADE TO UNRESOLVED EXTERNAL
    SYMBOL:  OPEN_ACTION_FLAG
    MODULE:  .\operation.obj (OPERATION)
    ADDRESS: 1357H

*** WARNING L2: REFERENCE MADE TO UNRESOLVED EXTERNAL
    SYMBOL:  ID_CERTIFICATED_FLAG
    MODULE:  .\operation.obj (OPERATION)
    ADDRESS: 135CH
BL51 BANKED LINKER/LOCATER V6.22                                                      06/10/2015  16:54:24  PAGE 65



*** WARNING L2: REFERENCE MADE TO UNRESOLVED EXTERNAL
    SYMBOL:  OPEN_ACTION_FLAG
    MODULE:  .\operation.obj (OPERATION)
    ADDRESS: 1362H

*** WARNING L2: REFERENCE MADE TO UNRESOLVED EXTERNAL
    SYMBOL:  ID_SPEECHED_FLAG
    MODULE:  .\operation.obj (OPERATION)
    ADDRESS: 1367H

*** WARNING L2: REFERENCE MADE TO UNRESOLVED EXTERNAL
    SYMBOL:  AFTER_IDCERT_TIMECOUNT
    MODULE:  .\operation.obj (OPERATION)
    ADDRESS: 136AH

*** WARNING L2: REFERENCE MADE TO UNRESOLVED EXTERNAL
    SYMBOL:  ID_CERTIFICATED_FLAG
    MODULE:  .\operation.obj (OPERATION)
    ADDRESS: 136DH

*** WARNING L2: REFERENCE MADE TO UNRESOLVED EXTERNAL
    SYMBOL:  ID_CERTIFICATED_NUMBERS
    MODULE:  .\operation.obj (OPERATION)
    ADDRESS: 136FH

*** WARNING L2: REFERENCE MADE TO UNRESOLVED EXTERNAL
    SYMBOL:  SLAVE_NEARBY_ACTIONED_FLAG
    MODULE:  .\operation.obj (OPERATION)
    ADDRESS: 1372H

*** WARNING L2: REFERENCE MADE TO UNRESOLVED EXTERNAL
    SYMBOL:  ELECMOTOR_CW
    MODULE:  .\operation.obj (OPERATION)
    ADDRESS: 1374H

*** WARNING L2: REFERENCE MADE TO UNRESOLVED EXTERNAL
    SYMBOL:  JUST_POWER_UP
    MODULE:  .\operation.obj (OPERATION)
    ADDRESS: 137AH

*** WARNING L2: REFERENCE MADE TO UNRESOLVED EXTERNAL
    SYMBOL:  SLAVE_NEARBY_ACTIONED_FLAG
    MODULE:  .\operation.obj (OPERATION)
    ADDRESS: 1301H

*** WARNING L2: REFERENCE MADE TO UNRESOLVED EXTERNAL
    SYMBOL:  OPEN_ACTION_FLAG
    MODULE:  .\operation.obj (OPERATION)
    ADDRESS: 1304H

*** WARNING L2: REFERENCE MADE TO UNRESOLVED EXTERNAL
    SYMBOL:  SLAVE_NEARBY_ACTIONED_FLAG
    MODULE:  .\operation.obj (OPERATION)
    ADDRESS: 1317H

*** WARNING L2: REFERENCE MADE TO UNRESOLVED EXTERNAL
BL51 BANKED LINKER/LOCATER V6.22                                                      06/10/2015  16:54:24  PAGE 66


    SYMBOL:  ELECMOTOR_ACW
    MODULE:  .\operation.obj (OPERATION)
    ADDRESS: 131AH

*** WARNING L2: REFERENCE MADE TO UNRESOLVED EXTERNAL
    SYMBOL:  OPEN_ACTION_FLAG
    MODULE:  .\operation.obj (OPERATION)
    ADDRESS: 131EH

*** WARNING L2: REFERENCE MADE TO UNRESOLVED EXTERNAL
    SYMBOL:  IDKEY_SPEECH_FLASH
    MODULE:  .\operation.obj (OPERATION)
    ADDRESS: 1324H

*** WARNING L2: REFERENCE MADE TO UNRESOLVED EXTERNAL
    SYMBOL:  ID_SPEECHED_FLAG
    MODULE:  .\operation.obj (OPERATION)
    ADDRESS: 1326H

*** WARNING L1: UNRESOLVED EXTERNAL SYMBOL
    SYMBOL:  HOST_STOLEN_ALARMING
    MODULE:  .\Other.obj (OTHER)

*** WARNING L1: UNRESOLVED EXTERNAL SYMBOL
    SYMBOL:  EN_HOST_STOLEN_ALARMING
    MODULE:  .\Other.obj (OTHER)

*** WARNING L2: REFERENCE MADE TO UNRESOLVED EXTERNAL
    SYMBOL:  HOST_STOLEN_ALARMING
    MODULE:  .\Other.obj (OTHER)
    ADDRESS: 0F61H

*** WARNING L2: REFERENCE MADE TO UNRESOLVED EXTERNAL
    SYMBOL:  EN_HOST_STOLEN_ALARMING
    MODULE:  .\Other.obj (OTHER)
    ADDRESS: 0F65H

*** WARNING L1: UNRESOLVED EXTERNAL SYMBOL
    SYMBOL:  LOAD_BATTERY_RESULT
    MODULE:  .\voice.obj (VOICE)

*** WARNING L1: UNRESOLVED EXTERNAL SYMBOL
    SYMBOL:  SLAVE_NEARBY_ACTIONED_FLAG
    MODULE:  .\voice.obj (VOICE)

*** WARNING L1: UNRESOLVED EXTERNAL SYMBOL
    SYMBOL:  ID_SPEECHED_FLAG
    MODULE:  .\voice.obj (VOICE)

*** WARNING L1: UNRESOLVED EXTERNAL SYMBOL
    SYMBOL:  FLASHING_FLAG
    MODULE:  .\voice.obj (VOICE)

*** WARNING L1: UNRESOLVED EXTERNAL SYMBOL
    SYMBOL:  EN_HOST_STOLEN_ALARMING
    MODULE:  .\voice.obj (VOICE)

BL51 BANKED LINKER/LOCATER V6.22                                                      06/10/2015  16:54:24  PAGE 67


*** WARNING L1: UNRESOLVED EXTERNAL SYMBOL
    SYMBOL:  CHECK_MOTOBATTERY_FLAG
    MODULE:  .\voice.obj (VOICE)

*** WARNING L1: UNRESOLVED EXTERNAL SYMBOL
    SYMBOL:  NEVER_ALARM_SPEECH
    MODULE:  .\voice.obj (VOICE)

*** WARNING L1: UNRESOLVED EXTERNAL SYMBOL
    SYMBOL:  CHECK_MOTOBATTERY_COUNT
    MODULE:  .\voice.obj (VOICE)

*** WARNING L1: UNRESOLVED EXTERNAL SYMBOL
    SYMBOL:  OPEN_ACTION_FLAG
    MODULE:  .\voice.obj (VOICE)

*** WARNING L2: REFERENCE MADE TO UNRESOLVED EXTERNAL
    SYMBOL:  FLASHING_FLAG
    MODULE:  .\voice.obj (VOICE)
    ADDRESS: 1667H

*** WARNING L2: REFERENCE MADE TO UNRESOLVED EXTERNAL
    SYMBOL:  OPEN_ACTION_FLAG
    MODULE:  .\voice.obj (VOICE)
    ADDRESS: 166AH

*** WARNING L2: REFERENCE MADE TO UNRESOLVED EXTERNAL
    SYMBOL:  SLAVE_NEARBY_ACTIONED_FLAG
    MODULE:  .\voice.obj (VOICE)
    ADDRESS: 166FH

*** WARNING L2: REFERENCE MADE TO UNRESOLVED EXTERNAL
    SYMBOL:  ID_SPEECHED_FLAG
    MODULE:  .\voice.obj (VOICE)
    ADDRESS: 1672H

*** WARNING L2: REFERENCE MADE TO UNRESOLVED EXTERNAL
    SYMBOL:  ID_SPEECHED_FLAG
    MODULE:  .\voice.obj (VOICE)
    ADDRESS: 1678H

*** WARNING L2: REFERENCE MADE TO UNRESOLVED EXTERNAL
    SYMBOL:  CHECK_MOTOBATTERY_COUNT
    MODULE:  .\voice.obj (VOICE)
    ADDRESS: 11DFH

*** WARNING L2: REFERENCE MADE TO UNRESOLVED EXTERNAL
    SYMBOL:  CHECK_MOTOBATTERY_FLAG
    MODULE:  .\voice.obj (VOICE)
    ADDRESS: 11ECH

*** WARNING L2: REFERENCE MADE TO UNRESOLVED EXTERNAL
    SYMBOL:  EN_HOST_STOLEN_ALARMING
    MODULE:  .\voice.obj (VOICE)
    ADDRESS: 11EFH

*** WARNING L2: REFERENCE MADE TO UNRESOLVED EXTERNAL
BL51 BANKED LINKER/LOCATER V6.22                                                      06/10/2015  16:54:24  PAGE 68


    SYMBOL:  LOAD_BATTERY_RESULT
    MODULE:  .\voice.obj (VOICE)
    ADDRESS: 1202H

*** WARNING L2: REFERENCE MADE TO UNRESOLVED EXTERNAL
    SYMBOL:  CHECK_MOTOBATTERY_FLAG
    MODULE:  .\voice.obj (VOICE)
    ADDRESS: 120EH

*** WARNING L2: REFERENCE MADE TO UNRESOLVED EXTERNAL
    SYMBOL:  NEVER_ALARM_SPEECH
    MODULE:  .\voice.obj (VOICE)
    ADDRESS: 1813H

*** WARNING L2: REFERENCE MADE TO UNRESOLVED EXTERNAL
    SYMBOL:  NEVER_ALARM_SPEECH
    MODULE:  .\voice.obj (VOICE)
    ADDRESS: 1816H

Program Size: data=54.1 xdata=145 code=6198
LINK/LOCATE RUN COMPLETE.  210 WARNING(S),  0 ERROR(S)
