BL51 BANKED LINKER/LOCATER V6.22                                                        05/22/2015  14:12:28  PAGE 1


BL51 BANKED LINKER/LOCATER V6.22, INVOKED BY:
D:\PROGRAM FILES (X86)\KEIL_V5\C51\BIN\BL51.EXE .\AD.obj, .\Battery.obj, .\communication.obj, .\Delay.obj, .\operation.o
>> bj, .\Other.obj, .\pwm.obj, .\Timer.obj, .\UART.obj, .\voice.obj, .\ISP_DataFlash.obj, .\Schedular.obj, main.obj TO D
>> DC-F RAMSIZE (256)


MEMORY MODEL: COMPACT


INPUT MODULES INCLUDED:
  .\AD.obj (AD)
  .\Battery.obj (BATTERY)
  .\communication.obj (COMMUNICATION)
  .\Delay.obj (DELAY)
  .\operation.obj (OPERATION)
  .\Other.obj (OTHER)
  .\pwm.obj (PWM)
  .\Timer.obj (TIMER)
  .\UART.obj (UART)
  .\voice.obj (VOICE)
  .\ISP_DataFlash.obj (ISP_DATAFLASH)
  .\Schedular.obj (SCHEDULAR)
  main.obj (MAIN)
  D:\PROGRAM FILES (X86)\KEIL_V5\C51\LIB\C51C.LIB (?C_STARTUP)
  D:\PROGRAM FILES (X86)\KEIL_V5\C51\LIB\C51C.LIB (?C?CLDPTR)
  D:\PROGRAM FILES (X86)\KEIL_V5\C51\LIB\C51C.LIB (?C?LMUL)
  D:\PROGRAM FILES (X86)\KEIL_V5\C51\LIB\C51C.LIB (?C?ULDIV)
  D:\PROGRAM FILES (X86)\KEIL_V5\C51\LIB\C51C.LIB (?C?ICALL)
  D:\PROGRAM FILES (X86)\KEIL_V5\C51\LIB\C51C.LIB (?C?LIMUL)
  D:\PROGRAM FILES (X86)\KEIL_V5\C51\LIB\C51C.LIB (?C_INIT)


LINK MAP OF MODULE:  DDC-F (AD)


            TYPE    BASE      LENGTH    RELOCATION   SEGMENT NAME
            -----------------------------------------------------

            * * * * * * *   D A T A   M E M O R Y   * * * * * * *
            REG     0000H     0008H     ABSOLUTE     "REG BANK 0"
                    0008H     0018H                  *** GAP ***
            BIT     0020H.0   0004H.6   UNIT         ?BI?MAIN
            BIT     0024H.6   0000H.2   UNIT         ?BI?OPERATION
            BIT     0025H.0   0000H.1   UNIT         ?BI?_HSCH_ADD_TASK?SCHEDULAR
            BIT     0025H.1   0000H.1   UNIT         ?BI?_HSCH_DELETE_TASK?SCHEDULAR
                    0025H.2   0000H.6                *** GAP ***
            DATA    0026H     002DH     UNIT         ?DT?SCHEDULAR
            IDATA   0053H     0001H     UNIT         ?STACK

            * * * * * * *  X D A T A   M E M O R Y  * * * * * * *
            XDATA   0000H     0002H     INPAGE       ?PD?_VERIFYBATTERY?BATTERY
            XDATA   0002H     0001H     INPAGE       ?PD?BATTERY
            XDATA   0003H     0003H     INPAGE       ?PD?INITSIGNAL?COMMUNICATION
            XDATA   0006H     0003H     INPAGE       ?PD?_SEND_DATA?COMMUNICATION
            XDATA   0009H     0003H     INPAGE       ?PD?_COMMODE_DATA?COMMUNICATION
            XDATA   000CH     0003H     INPAGE       ?PD?_COMMODE_DATA_WX?COMMUNICATION
            XDATA   000FH     0002H     INPAGE       ?PD?_UART_SEND_DATA?COMMUNICATION
            XDATA   0011H     0004H     INPAGE       ?PD?_SEND_CODE_TO_LOCK?COMMUNICATION
BL51 BANKED LINKER/LOCATER V6.22                                                      05/22/2015  14:12:28  PAGE 2


            XDATA   0015H     0004H     INPAGE       ?PD?_SEND_CODE_TO_LOCK_TAILI?COMMUNICATION
            XDATA   0019H     0007H     INPAGE       ?PD?COMMUNICATION
            XDATA   0020H     0002H     INPAGE       ?PD?_MAGNET_DELAY?DELAY
            XDATA   0022H     0002H     INPAGE       ?PD?DELAY
            XDATA   0024H     0004H     INPAGE       ?PD?_MAGNET_CW?OTHER
            XDATA   0028H     0004H     INPAGE       ?PD?_MAGNET_CW_TAILI?OTHER
            XDATA   002CH     0002H     INPAGE       ?PD?PWM
            XDATA   002EH     0002H     INPAGE       ?PD?_INITTIMER?TIMER
            XDATA   0030H     0004H     INPAGE       ?PD?TIMER
            XDATA   0034H     0001H     INPAGE       ?PD?VOICE
            XDATA   0035H     0003H     INPAGE       ?PD?_FLASH_READ_DATA?ISP_DATAFLASH
            XDATA   0038H     0007H     INPAGE       ?PD?_HSCH_ADD_TASK?SCHEDULAR
            XDATA   003FH     0001H     INPAGE       ?PD?HSCH_UPDATE?SCHEDULAR
            XDATA   0040H     0004H     INPAGE       ?PD?SCHEDULAR
            XDATA   0044H     0042H     INPAGE       ?PD?MAIN
            XDATA   0086H     000BH     INPAGE       _PDATA_GROUP_

            * * * * * * *   C O D E   M E M O R Y   * * * * * * *
            CODE    0000H     0003H     ABSOLUTE     
            CODE    0003H     0008H     INBLOCK      ?PR?MOTO_VIBRATION?OTHER
            CODE    000BH     0003H     ABSOLUTE     
            CODE    000EH     0015H     INBLOCK      ?PR?_FLASH_PAGE_ERASE?ISP_DATAFLASH
            CODE    0023H     0003H     ABSOLUTE     
            CODE    0026H     0014H     INBLOCK      ?PR?DISABLE_ISP?ISP_DATAFLASH
            CODE    003AH     0001H     INBLOCK      ?PR?KEY_ROTATE_ON_SPEECH?VOICE
            CODE    003BH     0003H     ABSOLUTE     
            CODE    003EH     01EFH     INBLOCK      ?PR?TIMER0?MAIN
            CODE    022DH     0170H     INBLOCK      ?PR?UART_ISR?MAIN
            CODE    039DH     0169H     UNIT         ?C?LIB_CODE
            CODE    0506H     0101H     UNIT         ?C_INITSEG
            CODE    0607H     00EEH     INBLOCK      ?PR?HSCH_UPDATE?SCHEDULAR
            CODE    06F5H     00B4H     INBLOCK      ?PR?_VERIFYBATTERY?BATTERY
            CODE    07A9H     008CH     UNIT         ?C_C51STARTUP
            CODE    0835H     008BH     INBLOCK      ?PR?_HSCH_ADD_TASK?SCHEDULAR
            CODE    08C0H     0076H     INBLOCK      ?PR?MAIN?MAIN
            CODE    0936H     0075H     INBLOCK      ?PR?_INITTIMER?TIMER
            CODE    09ABH     0074H     INBLOCK      ?PR?_GETADCRESULT?AD
            CODE    0A1FH     0073H     INBLOCK      ?PR?_SEND_CODE_TO_LOCK?COMMUNICATION
            CODE    0A92H     0073H     INBLOCK      ?PR?_SEND_CODE_TO_LOCK_TAILI?COMMUNICATION
            CODE    0B05H     0071H     INBLOCK      ?PR?HSCH_DISPATCH_TASKS?SCHEDULAR
            CODE    0B76H     006AH     INBLOCK      ?PR?RECEIVE_BYTE?COMMUNICATION
            CODE    0BE0H     006AH     INBLOCK      ?PR?RECEIVE_BYTE_LOCK?COMMUNICATION
            CODE    0C4AH     0062H     INBLOCK      ?PR?_PWM_CHANNEL?PWM
            CODE    0CACH     0060H     INBLOCK      ?PR?_SEND_DATA?COMMUNICATION
            CODE    0D0CH     0057H     INBLOCK      ?PR?_UART_SEND_DATA?COMMUNICATION
            CODE    0D63H     0055H     INBLOCK      ?PR?_HSCH_DELETE_TASK?SCHEDULAR
            CODE    0DB8H     0048H     INBLOCK      ?PR?INITSIGNAL?COMMUNICATION
            CODE    0E00H     0048H     INBLOCK      ?PR?INITSIGNAL_F?COMMUNICATION
            CODE    0E48H     0045H     INBLOCK      ?PR?_UART_SEND_DATA_F?COMMUNICATION
            CODE    0E8DH     0045H     INBLOCK      ?PR?HOST_STOLEN_ACTION?OPERATION
            CODE    0ED2H     0045H     INBLOCK      ?PR?DISABLE_SENSOR?OTHER
            CODE    0F17H     0043H     INBLOCK      ?PR?UART_SEND_DATA_MATCH?COMMUNICATION
            CODE    0F5AH     0043H     INBLOCK      ?PR?SELF_LEARN_PROGRAMMING?ISP_DATAFLASH
            CODE    0F9DH     0043H     INBLOCK      ?PR?SELF_LEARN_PROGRAMMING_F?ISP_DATAFLASH
            CODE    0FE0H     0020H     INBLOCK      ?PR?_DELAY_MS?DELAY
            CODE    1000H     0041H     INBLOCK      ?PR?RECEIVE_WORD?COMMUNICATION
            CODE    1041H     003FH     INBLOCK      ?PR?_CUSTOM_DELAY?DELAY
BL51 BANKED LINKER/LOCATER V6.22                                                      05/22/2015  14:12:28  PAGE 3


            CODE    1080H     003EH     INBLOCK      ?PR?_MAGNET_DELAY?DELAY
            CODE    10BEH     0036H     INBLOCK      ?PR?_SC_SPEECH?VOICE
            CODE    10F4H     0034H     INBLOCK      ?PR?_COMMODE_DATA_WX?COMMUNICATION
            CODE    1128H     0032H     INBLOCK      ?PR?_COMMODE_DATA?COMMUNICATION
            CODE    115AH     0031H     INBLOCK      ?PR?_MAGNET_CW?OTHER
            CODE    118BH     0031H     INBLOCK      ?PR?_MAGNET_CW_TAILI?OTHER
            CODE    11BCH     002EH     INBLOCK      ?PR?_FLASH_WRITE_DATA?ISP_DATAFLASH
            CODE    11EAH     002BH     INBLOCK      ?PR?_SENDNBYTE?UART
            CODE    1215H     0028H     INBLOCK      ?PR?SELFLEARN_RESET?OPERATION
            CODE    123DH     0025H     INBLOCK      ?PR?_INITT0?TIMER
            CODE    1262H     0023H     INBLOCK      ?PR?SLAVE_AWAY_OPERATION?OPERATION
            CODE    1285H     0023H     INBLOCK      ?PR?SLAVE_NEARBY_OPERATION?OPERATION
            CODE    12A8H     0023H     INBLOCK      ?PR?INITUART9600?UART
            CODE    12CBH     0023H     INBLOCK      ?PR?INITUART600?UART
            CODE    12EEH     0022H     INBLOCK      ?PR?ENSENSOR_AFTERIDCERT?OPERATION
            CODE    1310H     001EH     INBLOCK      ?PR?_FLASH_READ_DATA?ISP_DATAFLASH
            CODE    132EH     001BH     INBLOCK      ?PR?INITVOICE?VOICE
            CODE    1349H     001AH     INBLOCK      ?PR?DELAY_1MS?DELAY
            CODE    1363H     001AH     INBLOCK      ?PR?DELAY_5MS?DELAY
            CODE    137DH     001AH     INBLOCK      ?PR?DELAY_10MS?DELAY
            CODE    1397H     001AH     INBLOCK      ?PR?DELAY_50MS?DELAY
            CODE    13B1H     001AH     INBLOCK      ?PR?DELAY_500MS?DELAY
            CODE    13CBH     001AH     INBLOCK      ?PR?TRIGGER_ISP?ISP_DATAFLASH
            CODE    13E5H     0019H     INBLOCK      ?PR?_DELAY_US?DELAY
            CODE    13FEH     0018H     INBLOCK      ?PR?ENSENSOR_AFTER_CLOSELOCK?OPERATION
            CODE    1416H     0018H     INBLOCK      ?PR?INIT_PWM?PWM
            CODE    142EH     0017H     INBLOCK      ?PR?_DELAY?DELAY
            CODE    1445H     0016H     INBLOCK      ?PR?FELL_ALARM_TO_SLAVE?OPERATION
            CODE    145BH     0016H     INBLOCK      ?PR?RAISE_ALARM_TO_SLAVE?OPERATION
            CODE    1471H     0016H     INBLOCK      ?PR?BATSTOLEN_ALARM_TO_SLAVE?OPERATION
            CODE    1487H     0013H     INBLOCK      ?PR?HOST_TOUCH_SPEECH?VOICE
            CODE    149AH     0013H     INBLOCK      ?PR?STOLEN_ALARM_SPEECH2?VOICE
            CODE    14ADH     0013H     INBLOCK      ?PR?ENABLE_ISP?ISP_DATAFLASH
            CODE    14C0H     0011H     INBLOCK      ?PR?ENABLE_SENSOR?OTHER
            CODE    14D1H     0011H     INBLOCK      ?PR?SELF_LEARN_SPEECH?VOICE
            CODE    14E2H     0011H     INBLOCK      ?PR?IDCERTED_SPEECH?VOICE
            CODE    14F3H     000FH     INBLOCK      ?PR?MOTORBAT_LOW_SPEECH?VOICE
            CODE    1502H     000FH     INBLOCK      ?PR?ID_SPEECH?VOICE
            CODE    1511H     000FH     INBLOCK      ?PR?HOST_2NDTOUCH_SPEECH?VOICE
            CODE    1520H     000FH     INBLOCK      ?PR?STOLEN_ALARM_SPEECH1?VOICE
            CODE    152FH     000FH     INBLOCK      ?PR?OPEN_LOCK_SPEECH?VOICE
            CODE    153EH     000FH     INBLOCK      ?PR?CLOSE_LOCK_SPEECH?VOICE
            CODE    154DH     000FH     INBLOCK      ?PR?BATTERY_STOLEN_SPEECH?VOICE
            CODE    155CH     000FH     INBLOCK      ?PR?CUTTING_WIRE_VOICE?VOICE
            CODE    156BH     000FH     INBLOCK      ?PR?PRODUCT_TEST_VOICE?VOICE
            CODE    157AH     000FH     INBLOCK      ?PR?BATTERY_LOW_ALARM_SPEECH?VOICE
            CODE    1589H     000FH     INBLOCK      ?PR?BATTERY_HIGH_ALARM_SPEECH?VOICE
            CODE    1598H     000FH     INBLOCK      ?PR?ALARM_STOLEN_SPEECH?VOICE
            CODE    15A7H     000FH     INBLOCK      ?PR?ALARM_RAISED_SPEECH?VOICE
            CODE    15B6H     000FH     INBLOCK      ?PR?ALARM_FELL_SPEECH?VOICE
            CODE    15C5H     000FH     INBLOCK      ?PR?HOST_BATTERY_HIGH_ALARM_SPEECH?VOICE
            CODE    15D4H     000FH     INBLOCK      ?PR?BATTERY_STOLEN_SPEECH_F3?VOICE
            CODE    15E3H     000FH     INBLOCK      ?PR?WIRE_BROKEN_SPEECH?VOICE
            CODE    15F2H     000FH     INBLOCK      ?PR?LOCK_ROTATED_ON_SPEECH?VOICE
            CODE    1601H     000FH     INBLOCK      ?PR?LOCK_ROTATED_OFF_SPEECH?VOICE
            CODE    1610H     000EH     INBLOCK      ?PR?_MAGNET_ACW?OTHER
            CODE    161EH     000EH     INBLOCK      ?PR?_MAGNET_ACW_TAILI?OTHER
BL51 BANKED LINKER/LOCATER V6.22                                                      05/22/2015  14:12:28  PAGE 4


            CODE    162CH     000EH     INBLOCK      ?PR?KBI_ISR?MAIN
            CODE    163AH     000DH     INBLOCK      ?PR?CHECKADC?BATTERY
            CODE    1647H     000DH     INBLOCK      ?PR?DELETE_ALL_TASK?SCHEDULAR
            CODE    1654H     000BH     INBLOCK      ?PR?INITSENSOR?OPERATION
            CODE    165FH     0009H     INBLOCK      ?PR?INITTRANSCEIVER?COMMUNICATION
            CODE    1668H     0008H     INBLOCK      ?PR?MYPWM?PWM
            CODE    1670H     0008H     INBLOCK      ?PR?_SENDDATA?UART
            CODE    1678H     0007H     INBLOCK      ?PR?CLOSE_TRANCEIVER?COMMUNICATION
            CODE    167FH     0005H     INBLOCK      ?PR?OPEN_TRANCEIVER?COMMUNICATION
            CODE    1684H     0004H     INBLOCK      ?PR?SEOS_GO_TO_SLEEP?TIMER
            CODE    1688H     0004H     INBLOCK      ?PR?HSCH_GO_TO_SLEEP?SCHEDULAR
            CODE    168CH     0001H     INBLOCK      ?PR?HSCH_REPORT_STATUS?SCHEDULAR
                    168DH     1973H                  *** GAP ***
            CODE    3000H     0001H     ABSOLUTE     
            CODE    3001H     0001H     ABSOLUTE     
            CODE    3002H     0001H     ABSOLUTE     
            CODE    3003H     0001H     ABSOLUTE     
            CODE    3004H     0001H     ABSOLUTE     
            CODE    3005H     0001H     ABSOLUTE     



OVERLAY MAP OF MODULE:   DDC-F (AD)


SEGMENT                                            PDATA_GROUP
  +--> CALLED SEGMENT                            START    LENGTH
----------------------------------------------------------------
?PR?TIMER0?MAIN                                  -----    -----
  +--> ?PR?CHECKADC?BATTERY
  +--> ?PR?BATTERY_LOW_ALARM_SPEECH?VOICE
  +--> ?PR?_UART_SEND_DATA_F?COMMUNICATION
  +--> ?PR?MOTO_VIBRATION?OTHER
  +--> ?PR?SELF_LEARN_PROGRAMMING_F?ISP_DATA...
  +--> ?PR?_DELAY?DELAY

?PR?CHECKADC?BATTERY                             -----    -----
  +--> ?PR?_GETADCRESULT?AD

?PR?BATTERY_LOW_ALARM_SPEECH?VOICE               -----    -----
  +--> ?PR?_SC_SPEECH?VOICE
  +--> ?PR?_DELAY?DELAY

?PR?_SC_SPEECH?VOICE                             008FH    0002H
  +--> ?PR?DELAY_50MS?DELAY
  +--> ?PR?_DELAY_US?DELAY

?PR?_UART_SEND_DATA_F?COMMUNICATION              0086H    0002H
  +--> ?PR?OPEN_TRANCEIVER?COMMUNICATION
  +--> ?PR?INITSIGNAL_F?COMMUNICATION
  +--> ?PR?_SENDNBYTE?UART
  +--> ?PR?CLOSE_TRANCEIVER?COMMUNICATION

?PR?INITSIGNAL_F?COMMUNICATION                   0088H    0003H
  +--> ?PR?_CUSTOM_DELAY?DELAY

?PR?_CUSTOM_DELAY?DELAY                          008BH    0004H
BL51 BANKED LINKER/LOCATER V6.22                                                      05/22/2015  14:12:28  PAGE 5



?PR?_SENDNBYTE?UART                              0088H    0003H
  +--> ?PR?_SENDDATA?UART

?PR?MOTO_VIBRATION?OTHER                         -----    -----
  +--> ?PR?DELAY_500MS?DELAY

?PR?SELF_LEARN_PROGRAMMING_F?ISP_DATA...         -----    -----
  +--> ?PR?_FLASH_PAGE_ERASE?ISP_DATAFLASH
  +--> ?PR?_FLASH_WRITE_DATA?ISP_DATAFLASH

?PR?_FLASH_PAGE_ERASE?ISP_DATAFLASH              0086H    0002H
  +--> ?PR?ENABLE_ISP?ISP_DATAFLASH
  +--> ?PR?TRIGGER_ISP?ISP_DATAFLASH
  +--> ?PR?DISABLE_ISP?ISP_DATAFLASH

?PR?ENABLE_ISP?ISP_DATAFLASH                     -----    -----
  +--> ?PR?TRIGGER_ISP?ISP_DATAFLASH

?PR?DISABLE_ISP?ISP_DATAFLASH                    -----    -----
  +--> ?PR?TRIGGER_ISP?ISP_DATAFLASH

?PR?_FLASH_WRITE_DATA?ISP_DATAFLASH              0086H    0003H
  +--> ?PR?ENABLE_ISP?ISP_DATAFLASH
  +--> ?PR?TRIGGER_ISP?ISP_DATAFLASH
  +--> ?PR?DISABLE_ISP?ISP_DATAFLASH

*** NEW ROOT ***************************************************

?C_C51STARTUP                                    -----    -----
  +--> ?PR?MAIN?MAIN
  +--> ?C_INITSEG

?PR?MAIN?MAIN                                    -----    -----
  +--> ?PR?INITVOICE?VOICE
  +--> ?PR?INITUART600?UART
  +--> ?PR?HSCH_DISPATCH_TASKS?SCHEDULAR
  +--> ?PR?ALARM_STOLEN_SPEECH?VOICE
  +--> ?PR?MOTO_VIBRATION?OTHER
  +--> ?PR?ALARM_RAISED_SPEECH?VOICE
  +--> ?PR?ALARM_FELL_SPEECH?VOICE
  +--> ?PR?WIRE_BROKEN_SPEECH?VOICE
  +--> ?PR?HOST_BATTERY_HIGH_ALARM_SPEECH?VOICE

?PR?INITVOICE?VOICE                              -----    -----
  +--> ?PR?_DELAY_US?DELAY

?PR?INITUART600?UART                             -----    -----
  +--> ?PR?_INITT0?TIMER

?PR?HSCH_DISPATCH_TASKS?SCHEDULAR                008FH    0001H
  +--> ?PR?HSCH_REPORT_STATUS?SCHEDULAR
  +--> ?PR?HSCH_GO_TO_SLEEP?SCHEDULAR

?PR?ALARM_STOLEN_SPEECH?VOICE                    -----    -----
  +--> ?PR?_SC_SPEECH?VOICE
  +--> ?PR?_DELAY?DELAY
BL51 BANKED LINKER/LOCATER V6.22                                                      05/22/2015  14:12:28  PAGE 6



?PR?ALARM_RAISED_SPEECH?VOICE                    -----    -----
  +--> ?PR?_SC_SPEECH?VOICE
  +--> ?PR?_DELAY?DELAY

?PR?ALARM_FELL_SPEECH?VOICE                      -----    -----
  +--> ?PR?_SC_SPEECH?VOICE
  +--> ?PR?_DELAY?DELAY

?PR?WIRE_BROKEN_SPEECH?VOICE                     -----    -----
  +--> ?PR?_SC_SPEECH?VOICE
  +--> ?PR?_DELAY?DELAY

?PR?HOST_BATTERY_HIGH_ALARM_SPEECH?VOICE         -----    -----
  +--> ?PR?_SC_SPEECH?VOICE
  +--> ?PR?_DELAY?DELAY



UNRESOLVED EXTERNAL SYMBOLS:
   CHECK_MOTOBATTERY_COUNT
   CHECK_MOTOBATTERY_FLAG
   FLASHING_FLAG
   IDKEY_CERTIFICATED_TIMES
   IDKEY_SELFLEARN_FLAG1
   IDKEY_SELFLEARN_FLAG2
   IDKEY_SELFLEARN_FLAG3
   IDKEY_SELFLEARN_FLAG4
   IDKEY_SELFLEARN_FLAG5
   IDKEY_SELFLEARN_FLAG6
   IDKEY_SELFLEARN_FLAG6COUNT
   IDKEY_SELFLEARN_HVCOUNT
   IDKEY_SELFLEARN_LVCOUNT
   ID_SPEECHED_FLAG
   LOAD_BATTERY_RESULT
   NEVER_ALARM
   SILENCE_FLAG
   SLAVE_NEARBY_ACTIONED_FLAG



SYMBOL TABLE OF MODULE:  DDC-F (AD)

  VALUE           TYPE          NAME
  ----------------------------------

  -------         MODULE        AD
  C:0000H         SYMBOL        _ICE_DUMMY_
  D:0080H         PUBLIC        P0
  D:0090H         PUBLIC        P1
  D:00A0H         PUBLIC        P2
  D:00B0H         PUBLIC        P3
  D:00A8H         PUBLIC        IE
  D:00E2H         PUBLIC        ADCH
  B:00F8H.4       PUBLIC        ADCI
  D:00B8H         PUBLIC        IP
  B:00F8H.3       PUBLIC        ADCS
BL51 BANKED LINKER/LOCATER V6.22                                                      05/22/2015  14:12:28  PAGE 7


  D:00F6H         PUBLIC        P0DIDS
  D:00D8H         PUBLIC        WDCON0
  D:0098H         PUBLIC        SCON
  D:0088H         PUBLIC        TCON
  B:00F8H.0       PUBLIC        AADR0
  B:00F8H.1       PUBLIC        AADR1
  B:00F8H.2       PUBLIC        AADR2
  D:00E8H         PUBLIC        EIE
  D:00F8H         PUBLIC        ADCCON0
  D:00E1H         PUBLIC        ADCCON1
  D:00C0H         PUBLIC        I2CON
  D:00C8H         PUBLIC        T2CON
  C:09ABH         PUBLIC        _GetADCResult
  D:00D0H         PUBLIC        PSW
  -------         PROC          _GETADCRESULT
  D:0007H         SYMBOL        ch
  -------         DO            
  D:0005H         SYMBOL        DataL
  D:0002H         SYMBOL        DataH
  -------         ENDDO         
  C:09ABH         LINE#         18
  C:09ABH         LINE#         19
  C:09ABH         LINE#         20
  C:09ACH         LINE#         21
  C:09ADH         LINE#         23
  C:09B2H         LINE#         24
  C:09B2H         LINE#         26
  C:09B5H         LINE#         28
  C:09B7H         LINE#         29
  C:09B9H         LINE#         30
  C:09BBH         LINE#         32
  C:09BEH         LINE#         34
  C:09C0H         LINE#         35
  C:09C2H         LINE#         37
  C:09C4H         LINE#         38
  C:09CBH         LINE#         40
  C:09CFH         LINE#         41
  C:09E1H         LINE#         43
  C:09E5H         LINE#         44
  C:09E5H         LINE#         46
  C:09EAH         LINE#         47
  C:09EAH         LINE#         49
  C:09EDH         LINE#         52
  C:09EFH         LINE#         53
  C:09F1H         LINE#         54
  C:09F3H         LINE#         56
  C:09F6H         LINE#         58
  C:09F8H         LINE#         59
  C:09FAH         LINE#         61
  C:09FCH         LINE#         62
  C:0A03H         LINE#         64
  C:0A09H         LINE#         65
  C:0A1BH         LINE#         67
  C:0A1EH         LINE#         68
  C:0A1EH         LINE#         69
  -------         ENDPROC       _GETADCRESULT
  -------         ENDMOD        AD
BL51 BANKED LINKER/LOCATER V6.22                                                      05/22/2015  14:12:28  PAGE 8



  -------         MODULE        BATTERY
  C:0000H         SYMBOL        _ICE_DUMMY_
  D:0080H         PUBLIC        P0
  D:0090H         PUBLIC        P1
  D:00A0H         PUBLIC        P2
  D:00B0H         PUBLIC        P3
  X:0002H         PUBLIC        Check2_stage
  B:0090H.4       PUBLIC        voice_EN
  D:00A8H         PUBLIC        IE
  D:00B8H         PUBLIC        IP
  C:06F5H         PUBLIC        _verifybattery
  C:163AH         PUBLIC        CheckADC
  D:00D8H         PUBLIC        WDCON0
  D:0098H         PUBLIC        SCON
  D:0088H         PUBLIC        TCON
  D:00E8H         PUBLIC        EIE
  D:00F8H         PUBLIC        ADCCON0
  D:00C0H         PUBLIC        I2CON
  D:00C8H         PUBLIC        T2CON
  D:00D0H         PUBLIC        PSW
  -------         PROC          CHECKADC
  C:163AH         LINE#         22
  C:163AH         LINE#         23
  C:163AH         LINE#         25
  C:1646H         LINE#         26
  -------         ENDPROC       CHECKADC
  -------         PROC          _VERIFYBATTERY
  X:0000H         SYMBOL        Check2
  C:06F5H         LINE#         33
  C:06FCH         LINE#         34
  C:06FCH         LINE#         148
  C:0704H         LINE#         149
  C:0704H         LINE#         150
  C:0706H         LINE#         151
  C:070BH         LINE#         152
  C:070DH         LINE#         153
  C:070DH         LINE#         154
  C:070FH         LINE#         156
  C:0727H         LINE#         157
  C:0727H         LINE#         158
  C:0729H         LINE#         159
  C:072EH         LINE#         160
  C:0730H         LINE#         161
  C:0730H         LINE#         162
  C:0732H         LINE#         164
  C:0746H         LINE#         165
  C:0746H         LINE#         166
  C:0748H         LINE#         167
  C:074DH         LINE#         168
  C:074FH         LINE#         169
  C:074FH         LINE#         170
  C:0751H         LINE#         172
  C:0767H         LINE#         173
  C:0767H         LINE#         174
  C:0769H         LINE#         175
  C:076EH         LINE#         176
BL51 BANKED LINKER/LOCATER V6.22                                                      05/22/2015  14:12:28  PAGE 9


  C:0770H         LINE#         177
  C:0770H         LINE#         178
  C:0772H         LINE#         180
  C:078AH         LINE#         181
  C:078AH         LINE#         182
  C:078CH         LINE#         183
  C:0791H         LINE#         184
  C:0796H         LINE#         185
  C:0798H         LINE#         186
  C:0799H         LINE#         188
  C:07A5H         LINE#         189
  C:07A5H         LINE#         190
  C:07A8H         LINE#         191
  C:07A8H         LINE#         193
  -------         ENDPROC       _VERIFYBATTERY
  -------         ENDMOD        BATTERY

  -------         MODULE        COMMUNICATION
  C:0000H         SYMBOL        _ICE_DUMMY_
  C:0B76H         PUBLIC        receive_byte
  D:0080H         PUBLIC        P0
  D:0090H         PUBLIC        P1
  B:00B0H.0       PUBLIC        receive_wire
  D:00A0H         PUBLIC        P2
  D:00B0H         PUBLIC        P3
  C:1128H         PUBLIC        _ComMode_Data
  C:0D0CH         PUBLIC        _UART_Send_Data
  C:1000H         PUBLIC        receive_word
  D:00A8H         PUBLIC        IE
  C:10F4H         PUBLIC        _ComMode_Data_WX
  D:00B8H         PUBLIC        IP
  C:165FH         PUBLIC        InitTransceiver
  B:0080H.1       PUBLIC        lock_code
  C:0E48H         PUBLIC        _UART_Send_Data_F
  D:00D8H         PUBLIC        WDCON0
  B:0090H.0       PUBLIC        P10
  B:0090H.1       PUBLIC        P11
  C:1678H         PUBLIC        close_tranceiver
  D:0098H         PUBLIC        SCON
  D:0088H         PUBLIC        TCON
  C:0DB8H         PUBLIC        initsignal
  B:00A0H.7       PUBLIC        transmiter_EN
  B:0090H.3       PUBLIC        receiver_EN
  C:167FH         PUBLIC        open_tranceiver
  C:0A92H         PUBLIC        _send_code_to_lock_Taili
  D:00E8H         PUBLIC        EIE
  B:00A0H.3       PUBLIC        MagentControl_2
  D:00F8H         PUBLIC        ADCCON0
  D:00C0H         PUBLIC        I2CON
  C:0E00H         PUBLIC        initsignal_F
  B:00A0H.6       PUBLIC        transmiter_power
  D:00C8H         PUBLIC        T2CON
  C:0CACH         PUBLIC        _Send_Data
  C:0BE0H         PUBLIC        receive_byte_Lock
  B:0090H.0       PUBLIC        TXD
  C:0F17H         PUBLIC        UART_Send_Data_match
  C:0A1FH         PUBLIC        _send_code_to_lock
BL51 BANKED LINKER/LOCATER V6.22                                                      05/22/2015  14:12:28  PAGE 10


  D:00D0H         PUBLIC        PSW
  X:0019H         PUBLIC        myTxRxData
  -------         PROC          INITTRANSCEIVER
  C:165FH         LINE#         38
  C:165FH         LINE#         39
  C:165FH         LINE#         40
  C:1661H         LINE#         41
  C:1663H         LINE#         42
  C:1665H         LINE#         43
  C:1667H         LINE#         44
  -------         ENDPROC       INITTRANSCEIVER
  -------         PROC          INITSIGNAL
  -------         DO            
  X:0003H         SYMBOL        k
  X:0004H         SYMBOL        k1
  X:0005H         SYMBOL        mystartbuffer
  -------         ENDDO         
  C:0DB8H         LINE#         53
  C:0DB8H         LINE#         54
  C:0DB8H         LINE#         56
  C:0DBDH         LINE#         57
  C:0DC0H         LINE#         58
  C:0DC0H         LINE#         59
  C:0DC4H         LINE#         60
  C:0DC4H         LINE#         61
  C:0DC7H         LINE#         62
  C:0DC7H         LINE#         63
  C:0DC7H         LINE#         64
  C:0DC7H         LINE#         66
  C:0DC7H         LINE#         68
  C:0DC7H         LINE#         69
  C:0DC9H         LINE#         70
  C:0DD2H         LINE#         72
  C:0DD2H         LINE#         73
  C:0DD4H         LINE#         74
  C:0DDAH         LINE#         75
  C:0DE3H         LINE#         77
  C:0DEEH         LINE#         78
  C:0DF3H         LINE#         81
  C:0DFDH         LINE#         82
  C:0DFFH         LINE#         83
  -------         ENDPROC       INITSIGNAL
  -------         PROC          INITSIGNAL_F
  -------         DO            
  X:0088H         SYMBOL        k
  X:0089H         SYMBOL        k1
  X:008AH         SYMBOL        mystartbuffer
  -------         ENDDO         
  C:0E00H         LINE#         85
  C:0E00H         LINE#         86
  C:0E00H         LINE#         88
  C:0E05H         LINE#         89
  C:0E08H         LINE#         90
  C:0E08H         LINE#         91
  C:0E0CH         LINE#         92
  C:0E0CH         LINE#         93
  C:0E0FH         LINE#         94
BL51 BANKED LINKER/LOCATER V6.22                                                      05/22/2015  14:12:28  PAGE 11


  C:0E0FH         LINE#         95
  C:0E0FH         LINE#         96
  C:0E0FH         LINE#         98
  C:0E0FH         LINE#         100
  C:0E0FH         LINE#         101
  C:0E11H         LINE#         102
  C:0E1AH         LINE#         104
  C:0E1AH         LINE#         105
  C:0E1CH         LINE#         106
  C:0E22H         LINE#         107
  C:0E2BH         LINE#         109
  C:0E36H         LINE#         110
  C:0E3BH         LINE#         113
  C:0E45H         LINE#         114
  C:0E47H         LINE#         115
  -------         ENDPROC       INITSIGNAL_F
  -------         PROC          _SEND_DATA
  X:0006H         SYMBOL        x
  -------         DO            
  X:0007H         SYMBOL        i
  X:0008H         SYMBOL        n
  -------         ENDDO         
  C:0CACH         LINE#         121
  C:0CB0H         LINE#         122
  C:0CB0H         LINE#         124
  C:0CB3H         LINE#         125
  C:0CB3H         LINE#         126
  C:0CB7H         LINE#         127
  C:0CB7H         LINE#         128
  C:0CC1H         LINE#         129
  C:0CC1H         LINE#         130
  C:0CC3H         LINE#         131
  C:0CCBH         LINE#         132
  C:0CCDH         LINE#         134
  C:0CCDH         LINE#         135
  C:0CCFH         LINE#         136
  C:0CDAH         LINE#         137
  C:0CDAH         LINE#         138
  C:0CDCH         LINE#         139
  C:0CEAH         LINE#         140
  C:0CF5H         LINE#         141
  C:0D00H         LINE#         142
  C:0D0BH         LINE#         143
  -------         ENDPROC       _SEND_DATA
  -------         PROC          _COMMODE_DATA
  X:0009H         SYMBOL        ComMode
  X:000AH         SYMBOL        x
  C:1128H         LINE#         151
  C:1132H         LINE#         152
  C:1132H         LINE#         153
  C:1134H         LINE#         154
  C:1139H         LINE#         155
  C:113BH         LINE#         156
  C:1140H         LINE#         157
  C:1144H         LINE#         158
  C:114AH         LINE#         160
  C:114DH         LINE#         161
BL51 BANKED LINKER/LOCATER V6.22                                                      05/22/2015  14:12:28  PAGE 12


  C:1155H         LINE#         163
  C:1157H         LINE#         164
  C:1159H         LINE#         165
  -------         ENDPROC       _COMMODE_DATA
  -------         PROC          _COMMODE_DATA_WX
  X:000CH         SYMBOL        ComMode
  X:000DH         SYMBOL        x
  C:10F4H         LINE#         173
  C:10FEH         LINE#         174
  C:10FEH         LINE#         175
  C:1100H         LINE#         176
  C:1105H         LINE#         177
  C:1107H         LINE#         178
  C:110CH         LINE#         179
  C:1110H         LINE#         180
  C:1116H         LINE#         182
  C:1119H         LINE#         183
  C:1121H         LINE#         185
  C:1123H         LINE#         186
  C:1125H         LINE#         187
  C:1127H         LINE#         188
  -------         ENDPROC       _COMMODE_DATA_WX
  -------         PROC          _UART_SEND_DATA
  X:000FH         SYMBOL        command
  -------         DO            
  X:0010H         SYMBOL        ii
  -------         ENDDO         
  C:0D0CH         LINE#         193
  C:0D10H         LINE#         194
  C:0D10H         LINE#         195
  C:0D13H         LINE#         196
  C:0D16H         LINE#         197
  C:0D1EH         LINE#         198
  C:0D25H         LINE#         199
  C:0D2CH         LINE#         200
  C:0D33H         LINE#         201
  C:0D3AH         LINE#         202
  C:0D40H         LINE#         204
  C:0D43H         LINE#         206
  C:0D47H         LINE#         207
  C:0D47H         LINE#         208
  C:0D52H         LINE#         209
  C:0D55H         LINE#         210
  C:0D60H         LINE#         212
  -------         ENDPROC       _UART_SEND_DATA
  -------         PROC          _UART_SEND_DATA_F
  X:0086H         SYMBOL        command
  -------         DO            
  X:0087H         SYMBOL        ii
  -------         ENDDO         
  C:0E48H         LINE#         219
  C:0E4CH         LINE#         220
  C:0E4CH         LINE#         221
  C:0E4FH         LINE#         222
  C:0E52H         LINE#         223
  C:0E5AH         LINE#         224
  C:0E61H         LINE#         225
BL51 BANKED LINKER/LOCATER V6.22                                                      05/22/2015  14:12:28  PAGE 13


  C:0E68H         LINE#         226
  C:0E6FH         LINE#         227
  C:0E76H         LINE#         228
  C:0E7CH         LINE#         230
  C:0E7FH         LINE#         232
  C:0E8AH         LINE#         234
  -------         ENDPROC       _UART_SEND_DATA_F
  -------         PROC          OPEN_TRANCEIVER
  C:167FH         LINE#         241
  C:167FH         LINE#         242
  C:167FH         LINE#         248
  C:1681H         LINE#         250
  C:1683H         LINE#         251
  -------         ENDPROC       OPEN_TRANCEIVER
  -------         PROC          CLOSE_TRANCEIVER
  C:1678H         LINE#         257
  C:1678H         LINE#         258
  C:1678H         LINE#         259
  C:167AH         LINE#         260
  C:167CH         LINE#         261
  C:167EH         LINE#         267
  -------         ENDPROC       CLOSE_TRANCEIVER
  -------         PROC          UART_SEND_DATA_MATCH
  C:0F17H         LINE#         272
  C:0F17H         LINE#         273
  C:0F17H         LINE#         274
  C:0F1AH         LINE#         276
  C:0F1FH         LINE#         277
  C:0F23H         LINE#         278
  C:0F2AH         LINE#         279
  C:0F31H         LINE#         280
  C:0F38H         LINE#         281
  C:0F3FH         LINE#         282
  C:0F46H         LINE#         284
  C:0F49H         LINE#         286
  C:0F54H         LINE#         287
  C:0F57H         LINE#         289
  -------         ENDPROC       UART_SEND_DATA_MATCH
  -------         PROC          RECEIVE_BYTE
  C:0B76H         LINE#         296
  C:0B76H         LINE#         297
  C:0B76H         LINE#         299
  C:0B79H         LINE#         300
  C:0B79H         LINE#         302
  C:0B83H         LINE#         303
  C:0B83H         LINE#         304
  C:0B85H         LINE#         305
  C:0B85H         LINE#         306
  C:0B87H         LINE#         307
  C:0B88H         LINE#         310
  C:0B88H         LINE#         312
  C:0B8BH         LINE#         313
  C:0B8BH         LINE#         315
  C:0B8DH         LINE#         318
  C:0B9CH         LINE#         319
  C:0B9CH         LINE#         321
  C:0BA2H         LINE#         322
BL51 BANKED LINKER/LOCATER V6.22                                                      05/22/2015  14:12:28  PAGE 14


  C:0BA4H         LINE#         323
  C:0BA4H         LINE#         324
  C:0BA4H         LINE#         325
  C:0BA6H         LINE#         327
  C:0BAEH         LINE#         328
  C:0BAEH         LINE#         330
  C:0BB4H         LINE#         331
  C:0BB7H         LINE#         332
  C:0BBCH         LINE#         333
  C:0BC0H         LINE#         334
  C:0BC2H         LINE#         336
  C:0BC2H         LINE#         338
  C:0BC7H         LINE#         339
  C:0BC7H         LINE#         341
  C:0BCBH         LINE#         342
  C:0BCCH         LINE#         344
  C:0BCCH         LINE#         346
  C:0BD6H         LINE#         347
  C:0BD6H         LINE#         348
  C:0BDAH         LINE#         349
  C:0BDCH         LINE#         350
  C:0BDFH         LINE#         351
  C:0BDFH         LINE#         352
  C:0BDFH         LINE#         353
  C:0BDFH         LINE#         354
  -------         ENDPROC       RECEIVE_BYTE
  -------         PROC          RECEIVE_BYTE_LOCK
  C:0BE0H         LINE#         360
  C:0BE0H         LINE#         361
  C:0BE0H         LINE#         363
  C:0BE3H         LINE#         364
  C:0BE3H         LINE#         366
  C:0BEDH         LINE#         367
  C:0BEDH         LINE#         368
  C:0BEFH         LINE#         369
  C:0BEFH         LINE#         370
  C:0BF1H         LINE#         371
  C:0BF2H         LINE#         374
  C:0BF2H         LINE#         376
  C:0BF5H         LINE#         377
  C:0BF5H         LINE#         379
  C:0BF7H         LINE#         382
  C:0C06H         LINE#         383
  C:0C06H         LINE#         385
  C:0C0CH         LINE#         386
  C:0C0EH         LINE#         387
  C:0C0EH         LINE#         388
  C:0C0EH         LINE#         389
  C:0C10H         LINE#         391
  C:0C18H         LINE#         392
  C:0C18H         LINE#         394
  C:0C1EH         LINE#         395
  C:0C21H         LINE#         396
  C:0C26H         LINE#         397
  C:0C2AH         LINE#         398
  C:0C2CH         LINE#         400
  C:0C2CH         LINE#         402
BL51 BANKED LINKER/LOCATER V6.22                                                      05/22/2015  14:12:28  PAGE 15


  C:0C31H         LINE#         403
  C:0C31H         LINE#         405
  C:0C35H         LINE#         406
  C:0C36H         LINE#         408
  C:0C36H         LINE#         410
  C:0C40H         LINE#         411
  C:0C40H         LINE#         412
  C:0C44H         LINE#         413
  C:0C46H         LINE#         414
  C:0C49H         LINE#         415
  C:0C49H         LINE#         416
  C:0C49H         LINE#         417
  C:0C49H         LINE#         418
  -------         ENDPROC       RECEIVE_BYTE_LOCK
  -------         PROC          RECEIVE_WORD
  C:1000H         LINE#         424
  C:1000H         LINE#         425
  C:1000H         LINE#         427
  C:1007H         LINE#         428
  C:1007H         LINE#         429
  C:1008H         LINE#         431
  C:1015H         LINE#         434
  C:101EH         LINE#         435
  C:101EH         LINE#         436
  C:1023H         LINE#         437
  C:1024H         LINE#         439
  C:102EH         LINE#         440
  C:102EH         LINE#         441
  C:1033H         LINE#         442
  C:1034H         LINE#         443
  C:1038H         LINE#         444
  C:1038H         LINE#         445
  C:103AH         LINE#         446
  C:103AH         LINE#         447
  C:103CH         LINE#         449
  C:103CH         LINE#         450
  C:1040H         LINE#         451
  C:1040H         LINE#         452
  C:1040H         LINE#         453
  -------         ENDPROC       RECEIVE_WORD
  -------         PROC          _SEND_CODE_TO_LOCK
  D:0007H         SYMBOL        x
  X:0011H         SYMBOL        y
  -------         DO            
  X:0013H         SYMBOL        i
  X:0014H         SYMBOL        n
  -------         ENDDO         
  C:0A1FH         LINE#         460
  C:0A26H         LINE#         461
  C:0A26H         LINE#         463
  C:0A2BH         LINE#         464
  C:0A2FH         LINE#         465
  C:0A32H         LINE#         471
  C:0A36H         LINE#         472
  C:0A36H         LINE#         473
  C:0A3AH         LINE#         474
  C:0A3AH         LINE#         475
BL51 BANKED LINKER/LOCATER V6.22                                                      05/22/2015  14:12:28  PAGE 16


  C:0A44H         LINE#         476
  C:0A44H         LINE#         477
  C:0A46H         LINE#         478
  C:0A4FH         LINE#         479
  C:0A51H         LINE#         481
  C:0A51H         LINE#         482
  C:0A53H         LINE#         483
  C:0A5FH         LINE#         484
  C:0A5FH         LINE#         485
  C:0A61H         LINE#         486
  C:0A6FH         LINE#         487
  C:0A7BH         LINE#         488
  C:0A86H         LINE#         489
  C:0A91H         LINE#         490
  -------         ENDPROC       _SEND_CODE_TO_LOCK
  -------         PROC          _SEND_CODE_TO_LOCK_TAILI
  D:0007H         SYMBOL        x
  X:0015H         SYMBOL        y
  -------         DO            
  X:0017H         SYMBOL        i
  X:0018H         SYMBOL        n
  -------         ENDDO         
  C:0A92H         LINE#         497
  C:0A99H         LINE#         498
  C:0A99H         LINE#         500
  C:0A9EH         LINE#         501
  C:0AA2H         LINE#         502
  C:0AA5H         LINE#         508
  C:0AA9H         LINE#         509
  C:0AA9H         LINE#         510
  C:0AADH         LINE#         511
  C:0AADH         LINE#         512
  C:0AB7H         LINE#         513
  C:0AB7H         LINE#         514
  C:0AB9H         LINE#         515
  C:0AC2H         LINE#         516
  C:0AC4H         LINE#         518
  C:0AC4H         LINE#         519
  C:0AC6H         LINE#         520
  C:0AD2H         LINE#         521
  C:0AD2H         LINE#         522
  C:0AD4H         LINE#         523
  C:0AE2H         LINE#         524
  C:0AEEH         LINE#         525
  C:0AF9H         LINE#         526
  C:0B04H         LINE#         527
  -------         ENDPROC       _SEND_CODE_TO_LOCK_TAILI
  -------         ENDMOD        COMMUNICATION

  -------         MODULE        DELAY
  C:0000H         SYMBOL        _ICE_DUMMY_
  D:0080H         PUBLIC        P0
  D:0090H         PUBLIC        P1
  D:00A0H         PUBLIC        P2
  D:00B0H         PUBLIC        P3
  X:0022H         PUBLIC        Timeout_loop
  D:00A8H         PUBLIC        IE
BL51 BANKED LINKER/LOCATER V6.22                                                      05/22/2015  14:12:28  PAGE 17


  C:137DH         PUBLIC        Delay_10ms
  C:1397H         PUBLIC        Delay_50ms
  D:00B8H         PUBLIC        IP
  B:0090H.2       PUBLIC        magnet_overcurrent
  D:00D8H         PUBLIC        WDCON0
  C:1080H         PUBLIC        _Magnet_Delay
  D:0098H         PUBLIC        SCON
  D:0088H         PUBLIC        TCON
  C:13B1H         PUBLIC        Delay_500ms
  C:1041H         PUBLIC        _Custom_Delay
  C:0FE0H         PUBLIC        _delay_ms
  D:00E8H         PUBLIC        EIE
  D:00F8H         PUBLIC        ADCCON0
  C:13E5H         PUBLIC        _delay_us
  D:00C0H         PUBLIC        I2CON
  C:1349H         PUBLIC        Delay_1ms
  D:00C8H         PUBLIC        T2CON
  C:1363H         PUBLIC        Delay_5ms
  C:142EH         PUBLIC        _Delay
  D:00D0H         PUBLIC        PSW
  -------         PROC          DELAY_1MS
  C:1349H         LINE#         15
  C:1349H         LINE#         16
  C:1349H         LINE#         17
  C:1352H         LINE#         20
  C:1362H         LINE#         21
  -------         ENDPROC       DELAY_1MS
  -------         PROC          DELAY_5MS
  C:1363H         LINE#         23
  C:1363H         LINE#         24
  C:1363H         LINE#         25
  C:136CH         LINE#         28
  C:137CH         LINE#         29
  -------         ENDPROC       DELAY_5MS
  -------         PROC          DELAY_10MS
  C:137DH         LINE#         31
  C:137DH         LINE#         32
  C:137DH         LINE#         33
  C:1386H         LINE#         36
  C:1396H         LINE#         37
  -------         ENDPROC       DELAY_10MS
  -------         PROC          DELAY_50MS
  C:1397H         LINE#         40
  C:1397H         LINE#         41
  C:1397H         LINE#         42
  C:13A0H         LINE#         45
  C:13B0H         LINE#         46
  -------         ENDPROC       DELAY_50MS
  -------         PROC          DELAY_500MS
  C:13B1H         LINE#         49
  C:13B1H         LINE#         50
  C:13B1H         LINE#         51
  C:13BAH         LINE#         54
  C:13CAH         LINE#         55
  -------         ENDPROC       DELAY_500MS
  -------         PROC          _DELAY
  D:0007H         SYMBOL        n
BL51 BANKED LINKER/LOCATER V6.22                                                      05/22/2015  14:12:28  PAGE 18


  -------         DO            
  D:0004H         SYMBOL        x
  -------         ENDDO         
  C:142EH         LINE#         62
  C:142EH         LINE#         63
  C:142EH         LINE#         65
  C:1434H         LINE#         66
  C:1434H         LINE#         67
  C:1438H         LINE#         68
  C:1444H         LINE#         70
  -------         ENDPROC       _DELAY
  -------         PROC          _CUSTOM_DELAY
  D:0007H         SYMBOL        t
  X:008BH         SYMBOL        m
  -------         DO            
  X:008DH         SYMBOL        i
  D:0006H         SYMBOL        j
  -------         ENDDO         
  C:1041H         LINE#         76
  C:1048H         LINE#         77
  C:1048H         LINE#         80
  C:105AH         LINE#         81
  C:107FH         LINE#         82
  -------         ENDPROC       _CUSTOM_DELAY
  -------         PROC          _DELAY_MS
  D:0006H         SYMBOL        count
  -------         DO            
  D:0004H         SYMBOL        i
  D:0002H         SYMBOL        j
  -------         ENDDO         
  C:0FE0H         LINE#         89
  C:0FE0H         LINE#         90
  C:0FE0H         LINE#         92
  C:0FEAH         LINE#         93
  C:0FEAH         LINE#         94
  C:0FF8H         LINE#         95
  C:0FFFH         LINE#         96
  -------         ENDPROC       _DELAY_MS
  -------         PROC          _DELAY_US
  D:0006H         SYMBOL        count1
  -------         DO            
  D:0004H         SYMBOL        i
  D:0003H         SYMBOL        j
  -------         ENDDO         
  C:13E5H         LINE#         104
  C:13E5H         LINE#         105
  C:13E5H         LINE#         108
  C:13EFH         LINE#         109
  C:13EFH         LINE#         110
  C:13F6H         LINE#         111
  C:13FDH         LINE#         112
  -------         ENDPROC       _DELAY_US
  -------         PROC          _MAGNET_DELAY
  X:0020H         SYMBOL        x
  D:0004H         SYMBOL        y
  -------         DO            
  D:0001H         SYMBOL        i
BL51 BANKED LINKER/LOCATER V6.22                                                      05/22/2015  14:12:28  PAGE 19


  D:0002H         SYMBOL        j
  -------         ENDDO         
  C:1080H         LINE#         118
  C:1087H         LINE#         119
  C:1087H         LINE#         122
  C:1089H         LINE#         123
  C:1089H         LINE#         124
  C:109DH         LINE#         125
  C:10A2H         LINE#         126
  C:10A4H         LINE#         127
  C:10A4H         LINE#         129
  C:10A7H         LINE#         130
  C:10A7H         LINE#         131
  C:10B8H         LINE#         132
  C:10B8H         LINE#         134
  C:10B8H         LINE#         136
  C:10B8H         LINE#         137
  C:10BDH         LINE#         138
  -------         ENDPROC       _MAGNET_DELAY
  -------         ENDMOD        DELAY

  -------         MODULE        OPERATION
  C:0000H         SYMBOL        _ICE_DUMMY_
  D:0080H         PUBLIC        P0
  D:0090H         PUBLIC        P1
  B:0080H.3       PUBLIC        fell_sensor_detect
  D:00A0H         PUBLIC        P2
  D:00B0H         PUBLIC        P3
  D:00A8H         PUBLIC        IE
  B:0024H.6       PUBLIC        sensor_EN
  C:1654H         PUBLIC        InitSensor
  D:00B8H         PUBLIC        IP
  C:1471H         PUBLIC        Batstolen_Alarm_to_Slave
  D:00D8H         PUBLIC        WDCON0
  D:0098H         PUBLIC        SCON
  D:0088H         PUBLIC        TCON
  C:1285H         PUBLIC        slave_nearby_operation
  B:00A0H.4       PUBLIC        key_rotate
  D:00E8H         PUBLIC        EIE
  B:0080H.4       PUBLIC        raised_sensor_detect
  D:00F8H         PUBLIC        ADCCON0
  D:00C0H         PUBLIC        I2CON
  C:12EEH         PUBLIC        ENsensor_afterIDcert
  D:00C8H         PUBLIC        T2CON
  C:1215H         PUBLIC        SelfLearn_Reset
  C:145BH         PUBLIC        Raise_Alarm_to_Slave
  C:1262H         PUBLIC        slave_away_operation
  C:13FEH         PUBLIC        ENsensor_After_CloseLock
  B:0024H.7       PUBLIC        enable_sensor_delayEN
  C:1445H         PUBLIC        Fell_Alarm_to_Slave
  D:00D0H         PUBLIC        PSW
  C:0E8DH         PUBLIC        Host_stolen_action
  -------         PROC          SLAVE_AWAY_OPERATION
  C:1262H         LINE#         78
  C:1262H         LINE#         79
  C:1262H         LINE#         82
  C:1265H         LINE#         83
BL51 BANKED LINKER/LOCATER V6.22                                                      05/22/2015  14:12:28  PAGE 20


  C:1265H         LINE#         84
  C:1268H         LINE#         87
  C:126AH         LINE#         88
  C:126EH         LINE#         91
  C:126EH         LINE#         93
  C:1270H         LINE#         94
  C:1274H         LINE#         96
  C:1279H         LINE#         97
  C:127DH         LINE#         99
  C:1280H         LINE#         100
  C:1282H         LINE#         102
  -------         ENDPROC       SLAVE_AWAY_OPERATION
  -------         PROC          SLAVE_NEARBY_OPERATION
  C:1285H         LINE#         109
  C:1285H         LINE#         110
  C:1285H         LINE#         111
  C:1287H         LINE#         113
  C:1289H         LINE#         114
  C:128DH         LINE#         115
  C:128FH         LINE#         116
  C:1292H         LINE#         118
  C:1295H         LINE#         119
  C:1295H         LINE#         120
  C:1298H         LINE#         121
  C:12A2H         LINE#         123
  C:12A5H         LINE#         124
  C:12A5H         LINE#         125
  -------         ENDPROC       SLAVE_NEARBY_OPERATION
  -------         PROC          INITSENSOR
  C:1654H         LINE#         133
  C:1654H         LINE#         134
  C:1654H         LINE#         135
  C:1656H         LINE#         136
  C:1658H         LINE#         137
  C:165AH         LINE#         138
  C:165CH         LINE#         139
  C:165EH         LINE#         140
  -------         ENDPROC       INITSENSOR
  -------         PROC          HOST_STOLEN_ACTION
  C:0E8DH         LINE#         146
  C:0E8DH         LINE#         147
  C:0E8DH         LINE#         149
  C:0E98H         LINE#         150
  C:0E98H         LINE#         151
  C:0E9AH         LINE#         164
  C:0E9DH         LINE#         165
  C:0EA7H         LINE#         166
  C:0EA7H         LINE#         167
  C:0EA9H         LINE#         168
  C:0EABH         LINE#         169
  C:0EADH         LINE#         170
  C:0EAFH         LINE#         171
  C:0EAFH         LINE#         172
  C:0EAFH         LINE#         173
  C:0EBAH         LINE#         174
  C:0EBAH         LINE#         175
  C:0EBCH         LINE#         188
BL51 BANKED LINKER/LOCATER V6.22                                                      05/22/2015  14:12:28  PAGE 21


  C:0EBFH         LINE#         189
  C:0EC9H         LINE#         190
  C:0EC9H         LINE#         191
  C:0ECBH         LINE#         192
  C:0ECDH         LINE#         193
  C:0ECFH         LINE#         194
  C:0ED1H         LINE#         195
  C:0ED1H         LINE#         196
  C:0ED1H         LINE#         197
  -------         ENDPROC       HOST_STOLEN_ACTION
  -------         PROC          ENSENSOR_AFTERIDCERT
  C:12EEH         LINE#         204
  C:12EEH         LINE#         205
  C:12EEH         LINE#         206
  C:12F1H         LINE#         207
  C:12F1H         LINE#         208
  C:12FBH         LINE#         209
  C:12FBH         LINE#         210
  C:12FDH         LINE#         211
  C:12FFH         LINE#         212
  C:1302H         LINE#         213
  C:130AH         LINE#         214
  C:130AH         LINE#         215
  C:130DH         LINE#         216
  C:130DH         LINE#         217
  C:130FH         LINE#         218
  C:130FH         LINE#         219
  C:130FH         LINE#         220
  -------         ENDPROC       ENSENSOR_AFTERIDCERT
  -------         PROC          ENSENSOR_AFTER_CLOSELOCK
  C:13FEH         LINE#         225
  C:13FEH         LINE#         226
  C:13FEH         LINE#         227
  C:1404H         LINE#         228
  C:1404H         LINE#         229
  C:140EH         LINE#         230
  C:140EH         LINE#         231
  C:1410H         LINE#         232
  C:1412H         LINE#         233
  C:1415H         LINE#         234
  C:1415H         LINE#         235
  C:1415H         LINE#         236
  -------         ENDPROC       ENSENSOR_AFTER_CLOSELOCK
  -------         PROC          SELFLEARN_RESET
  C:1215H         LINE#         242
  C:1215H         LINE#         243
  C:1215H         LINE#         244
  C:1218H         LINE#         245
  C:1218H         LINE#         246
  C:1222H         LINE#         247
  C:1222H         LINE#         248
  C:1228H         LINE#         249
  C:122DH         LINE#         250
  C:122FH         LINE#         251
  C:1231H         LINE#         252
  C:1233H         LINE#         253
  C:1235H         LINE#         254
BL51 BANKED LINKER/LOCATER V6.22                                                      05/22/2015  14:12:28  PAGE 22


  C:1237H         LINE#         255
  C:1239H         LINE#         256
  C:123CH         LINE#         257
  C:123CH         LINE#         258
  C:123CH         LINE#         259
  -------         ENDPROC       SELFLEARN_RESET
  -------         PROC          FELL_ALARM_TO_SLAVE
  C:1445H         LINE#         265
  C:1445H         LINE#         266
  C:1445H         LINE#         267
  C:1450H         LINE#         268
  C:1450H         LINE#         269
  C:1455H         LINE#         270
  C:145AH         LINE#         271
  C:145AH         LINE#         272
  -------         ENDPROC       FELL_ALARM_TO_SLAVE
  -------         PROC          RAISE_ALARM_TO_SLAVE
  C:145BH         LINE#         278
  C:145BH         LINE#         279
  C:145BH         LINE#         280
  C:1466H         LINE#         281
  C:1466H         LINE#         282
  C:146BH         LINE#         283
  C:1470H         LINE#         284
  C:1470H         LINE#         285
  -------         ENDPROC       RAISE_ALARM_TO_SLAVE
  -------         PROC          BATSTOLEN_ALARM_TO_SLAVE
  C:1471H         LINE#         291
  C:1471H         LINE#         292
  C:1471H         LINE#         293
  C:147CH         LINE#         294
  C:147CH         LINE#         295
  C:1481H         LINE#         296
  C:1486H         LINE#         297
  C:1486H         LINE#         298
  -------         ENDPROC       BATSTOLEN_ALARM_TO_SLAVE
  -------         ENDMOD        OPERATION

  -------         MODULE        OTHER
  C:0000H         SYMBOL        _ICE_DUMMY_
  D:0080H         PUBLIC        P0
  D:0090H         PUBLIC        P1
  D:00A0H         PUBLIC        P2
  D:00B0H         PUBLIC        P3
  D:00A8H         PUBLIC        IE
  C:161EH         PUBLIC        _magnet_ACW_Taili
  B:00A0H.4       PUBLIC        Moto_EN
  D:00B8H         PUBLIC        IP
  D:00D8H         PUBLIC        WDCON0
  D:0098H         PUBLIC        SCON
  D:0088H         PUBLIC        TCON
  C:0003H         PUBLIC        Moto_Vibration
  C:1610H         PUBLIC        _magnet_ACW
  C:118BH         PUBLIC        _magnet_CW_Taili
  D:00E8H         PUBLIC        EIE
  C:0ED2H         PUBLIC        disable_sensor
  B:00A0H.2       PUBLIC        MagentControl_1
BL51 BANKED LINKER/LOCATER V6.22                                                      05/22/2015  14:12:28  PAGE 23


  B:00A0H.3       PUBLIC        MagentControl_2
  D:00F8H         PUBLIC        ADCCON0
  D:00C0H         PUBLIC        I2CON
  D:00C8H         PUBLIC        T2CON
  C:14C0H         PUBLIC        enable_sensor
  C:115AH         PUBLIC        _magnet_CW
  D:00D0H         PUBLIC        PSW
  B:0080H.5       PUBLIC        Externalmotor
  -------         PROC          _MAGNET_CW
  X:0024H         SYMBOL        x
  X:0026H         SYMBOL        y
  D:0003H         SYMBOL        z
  C:115AH         LINE#         44
  C:1167H         LINE#         45
  C:1167H         LINE#         47
  C:1170H         LINE#         49
  C:1172H         LINE#         50
  C:1174H         LINE#         51
  C:1184H         LINE#         52
  C:1186H         LINE#         53
  C:1188H         LINE#         54
  C:118AH         LINE#         55
  -------         ENDPROC       _MAGNET_CW
  -------         PROC          _MAGNET_CW_TAILI
  X:0028H         SYMBOL        x
  X:002AH         SYMBOL        y
  D:0003H         SYMBOL        z
  C:118BH         LINE#         61
  C:1198H         LINE#         62
  C:1198H         LINE#         64
  C:11A1H         LINE#         66
  C:11A3H         LINE#         67
  C:11A5H         LINE#         68
  C:11B5H         LINE#         69
  C:11B7H         LINE#         70
  C:11B9H         LINE#         71
  C:11BBH         LINE#         72
  -------         ENDPROC       _MAGNET_CW_TAILI
  -------         PROC          _MAGNET_ACW
  D:0006H         SYMBOL        x
  D:0004H         SYMBOL        y
  C:1610H         LINE#         78
  C:1610H         LINE#         79
  C:1610H         LINE#         80
  C:1612H         LINE#         81
  C:1614H         LINE#         82
  C:1616H         LINE#         83
  C:1619H         LINE#         84
  C:161BH         LINE#         85
  C:161DH         LINE#         86
  -------         ENDPROC       _MAGNET_ACW
  -------         PROC          _MAGNET_ACW_TAILI
  D:0006H         SYMBOL        x
  D:0004H         SYMBOL        y
  C:161EH         LINE#         92
  C:161EH         LINE#         93
  C:161EH         LINE#         94
BL51 BANKED LINKER/LOCATER V6.22                                                      05/22/2015  14:12:28  PAGE 24


  C:1620H         LINE#         95
  C:1622H         LINE#         96
  C:1624H         LINE#         97
  C:1627H         LINE#         98
  C:1629H         LINE#         99
  C:162BH         LINE#         100
  -------         ENDPROC       _MAGNET_ACW_TAILI
  -------         PROC          DISABLE_SENSOR
  C:0ED2H         LINE#         106
  C:0ED2H         LINE#         107
  C:0ED2H         LINE#         109
  C:0ED4H         LINE#         110
  C:0ED6H         LINE#         112
  C:0ED8H         LINE#         113
  C:0EDAH         LINE#         114
  C:0EDEH         LINE#         115
  C:0EE1H         LINE#         116
  C:0EE4H         LINE#         117
  C:0EE9H         LINE#         118
  C:0EEEH         LINE#         119
  C:0EF3H         LINE#         120
  C:0EF6H         LINE#         121
  C:0EF9H         LINE#         122
  C:0EFBH         LINE#         123
  C:0EFDH         LINE#         124
  C:0F00H         LINE#         125
  C:0F02H         LINE#         126
  C:0F05H         LINE#         128
  C:0F07H         LINE#         131
  C:0F0AH         LINE#         132
  C:0F0CH         LINE#         134
  C:0F0EH         LINE#         135
  C:0F11H         LINE#         137
  C:0F13H         LINE#         138
  C:0F16H         LINE#         139
  -------         ENDPROC       DISABLE_SENSOR
  -------         PROC          ENABLE_SENSOR
  C:14C0H         LINE#         145
  C:14C0H         LINE#         146
  C:14C0H         LINE#         148
  C:14C2H         LINE#         149
  C:14C4H         LINE#         151
  C:14C8H         LINE#         152
  C:14CBH         LINE#         153
  C:14CDH         LINE#         154
  C:14D0H         LINE#         155
  -------         ENDPROC       ENABLE_SENSOR
  -------         PROC          MOTO_VIBRATION
  C:0003H         LINE#         161
  C:0003H         LINE#         162
  C:0003H         LINE#         163
  C:0005H         LINE#         164
  C:0008H         LINE#         165
  C:000AH         LINE#         166
  -------         ENDPROC       MOTO_VIBRATION
  -------         ENDMOD        OTHER

BL51 BANKED LINKER/LOCATER V6.22                                                      05/22/2015  14:12:28  PAGE 25


  -------         MODULE        PWM
  C:0000H         SYMBOL        _ICE_DUMMY_
  D:0080H         PUBLIC        P0
  D:0090H         PUBLIC        P1
  D:00A0H         PUBLIC        P2
  D:00B0H         PUBLIC        P3
  D:00DCH         PUBLIC        PWMCON0
  D:00D1H         PUBLIC        PWMPH
  D:00A8H         PUBLIC        IE
  D:00D9H         PUBLIC        PWMPL
  C:0C4AH         PUBLIC        _PWM_Channel
  D:00B8H         PUBLIC        IP
  C:1668H         PUBLIC        myPwm
  D:00D8H         PUBLIC        WDCON0
  D:0098H         PUBLIC        SCON
  D:0088H         PUBLIC        TCON
  D:00E8H         PUBLIC        EIE
  D:00F8H         PUBLIC        ADCCON0
  D:00C0H         PUBLIC        I2CON
  X:002CH         PUBLIC        PWM_shadow
  D:00C8H         PUBLIC        T2CON
  C:1416H         PUBLIC        Init_PWM
  D:00D2H         PUBLIC        PWM0H
  D:00D3H         PUBLIC        PWM1H
  D:00D5H         PUBLIC        PWM2H
  D:00D6H         PUBLIC        PWM3H
  D:00DAH         PUBLIC        PWM0L
  D:00DBH         PUBLIC        PWM1L
  D:00DDH         PUBLIC        PWM2L
  D:00DEH         PUBLIC        PWM3L
  D:00D0H         PUBLIC        PSW
  -------         PROC          INIT_PWM
  C:1416H         LINE#         19
  C:1416H         LINE#         20
  C:1416H         LINE#         22
  C:1419H         LINE#         24
  C:1421H         LINE#         26
  C:142AH         LINE#         27
  C:142DH         LINE#         28
  -------         ENDPROC       INIT_PWM
  -------         PROC          _PWM_CHANNEL
  D:0007H         SYMBOL        Channel
  C:0C4AH         LINE#         34
  C:0C4AH         LINE#         35
  C:0C4AH         LINE#         36
  C:0C58H         LINE#         37
  C:0C58H         LINE#         39
  C:0C58H         LINE#         40
  C:0C58H         LINE#         41
  C:0C60H         LINE#         42
  C:0C69H         LINE#         43
  C:0C6CH         LINE#         44
  C:0C6CH         LINE#         45
  C:0C6DH         LINE#         47
  C:0C6DH         LINE#         48
  C:0C6DH         LINE#         49
  C:0C75H         LINE#         50
BL51 BANKED LINKER/LOCATER V6.22                                                      05/22/2015  14:12:28  PAGE 26


  C:0C7EH         LINE#         51
  C:0C81H         LINE#         52
  C:0C81H         LINE#         53
  C:0C82H         LINE#         55
  C:0C82H         LINE#         56
  C:0C82H         LINE#         57
  C:0C8AH         LINE#         58
  C:0C93H         LINE#         59
  C:0C96H         LINE#         60
  C:0C96H         LINE#         61
  C:0C97H         LINE#         63
  C:0C97H         LINE#         64
  C:0C97H         LINE#         65
  C:0C9FH         LINE#         66
  C:0CA8H         LINE#         67
  C:0CABH         LINE#         68
  C:0CABH         LINE#         69
  C:0CABH         LINE#         70
  C:0CABH         LINE#         71
  -------         ENDPROC       _PWM_CHANNEL
  -------         PROC          MYPWM
  C:1668H         LINE#         77
  C:1668H         LINE#         78
  C:1668H         LINE#         80
  C:166DH         LINE#         82
  -------         ENDPROC       MYPWM
  -------         ENDMOD        PWM

  -------         MODULE        TIMER
  C:0000H         SYMBOL        _ICE_DUMMY_
  D:0080H         PUBLIC        P0
  D:0090H         PUBLIC        P1
  D:00A0H         PUBLIC        P2
  D:00B0H         PUBLIC        P3
  B:00A8H.7       PUBLIC        EA
  D:00A8H         PUBLIC        IE
  D:00B8H         PUBLIC        IP
  C:123DH         PUBLIC        _InitT0
  C:0936H         PUBLIC        _InitTimer
  D:00D8H         PUBLIC        WDCON0
  D:0087H         PUBLIC        PCON
  D:0098H         PUBLIC        SCON
  X:0030H         PUBLIC        timer0_8H
  D:0089H         PUBLIC        TMOD
  D:0088H         PUBLIC        TCON
  X:0031H         PUBLIC        timer1_8H
  X:0032H         PUBLIC        timer0_8L
  X:0033H         PUBLIC        timer1_8L
  B:00A8H.1       PUBLIC        ET0
  B:00A8H.3       PUBLIC        ET1
  D:008CH         PUBLIC        TH0
  D:008DH         PUBLIC        TH1
  D:008AH         PUBLIC        TL0
  D:008BH         PUBLIC        TL1
  D:00E8H         PUBLIC        EIE
  B:00B8H.3       PUBLIC        PT1
  B:0088H.4       PUBLIC        TR0
BL51 BANKED LINKER/LOCATER V6.22                                                      05/22/2015  14:12:28  PAGE 27


  B:0088H.6       PUBLIC        TR1
  D:00F8H         PUBLIC        ADCCON0
  D:00C0H         PUBLIC        I2CON
  D:00C8H         PUBLIC        T2CON
  C:1684H         PUBLIC        sEOS_Go_To_Sleep
  D:00D0H         PUBLIC        PSW
  -------         PROC          _INITTIMER
  D:0007H         SYMBOL        Tick_ms_T0
  X:002EH         SYMBOL        Tick_us_T1
  -------         DO            
  D:0004H         SYMBOL        Inc_T0
  D:0004H         SYMBOL        Inc_T1
  D:0004H         SYMBOL        timer0_16
  D:0004H         SYMBOL        timer1_16
  -------         ENDDO         
  C:0936H         LINE#         29
  C:093DH         LINE#         30
  C:093DH         LINE#         35
  C:094FH         LINE#         36
  C:0955H         LINE#         37
  C:0958H         LINE#         38
  C:095CH         LINE#         41
  C:097BH         LINE#         42
  C:0983H         LINE#         43
  C:0987H         LINE#         44
  C:098DH         LINE#         46
  C:0990H         LINE#         48
  C:0995H         LINE#         49
  C:099AH         LINE#         50
  C:099CH         LINE#         51
  C:099EH         LINE#         53
  C:09A0H         LINE#         54
  C:09A2H         LINE#         55
  C:09A4H         LINE#         56
  C:09A6H         LINE#         57
  C:09A8H         LINE#         58
  C:09AAH         LINE#         59
  -------         ENDPROC       _INITTIMER
  -------         PROC          _INITT0
  D:0007H         SYMBOL        Tick_ms_T0
  -------         DO            
  D:0004H         SYMBOL        Inc_T0
  D:0004H         SYMBOL        timer0_16
  -------         ENDDO         
  C:123DH         LINE#         64
  C:123DH         LINE#         65
  C:123DH         LINE#         70
  C:124FH         LINE#         71
  C:1255H         LINE#         72
  C:1258H         LINE#         73
  C:125CH         LINE#         74
  C:125FH         LINE#         75
  C:1261H         LINE#         76
  -------         ENDPROC       _INITT0
  -------         PROC          SEOS_GO_TO_SLEEP
  C:1684H         LINE#         82
  C:1684H         LINE#         83
BL51 BANKED LINKER/LOCATER V6.22                                                      05/22/2015  14:12:28  PAGE 28


  C:1684H         LINE#         84
  C:1687H         LINE#         85
  -------         ENDPROC       SEOS_GO_TO_SLEEP
  -------         ENDMOD        TIMER

  -------         MODULE        UART
  C:0000H         SYMBOL        _ICE_DUMMY_
  D:0080H         PUBLIC        P0
  D:0090H         PUBLIC        P1
  D:00A0H         PUBLIC        P2
  D:00B0H         PUBLIC        P3
  B:00A8H.7       PUBLIC        EA
  C:1670H         PUBLIC        _SendData
  D:00A8H         PUBLIC        IE
  B:00A8H.4       PUBLIC        ES
  D:00B8H         PUBLIC        IP
  B:0098H.0       PUBLIC        RI
  B:0098H.1       PUBLIC        TI
  B:00B8H.4       PUBLIC        PS
  C:12A8H         PUBLIC        InitUART9600
  D:00D8H         PUBLIC        WDCON0
  D:0099H         PUBLIC        SBUF
  D:0098H         PUBLIC        SCON
  D:0089H         PUBLIC        TMOD
  D:0088H         PUBLIC        TCON
  B:00A8H.1       PUBLIC        ET0
  D:008DH         PUBLIC        TH1
  D:008BH         PUBLIC        TL1
  D:00E8H         PUBLIC        EIE
  B:0088H.6       PUBLIC        TR1
  D:00F8H         PUBLIC        ADCCON0
  D:00C0H         PUBLIC        I2CON
  D:00C8H         PUBLIC        T2CON
  C:12CBH         PUBLIC        InitUART600
  C:11EAH         PUBLIC        _SendNByte
  D:00A2H         PUBLIC        AUXR1
  D:00D0H         PUBLIC        PSW
  -------         PROC          INITUART9600
  C:12A8H         LINE#         18
  C:12A8H         LINE#         19
  C:12A8H         LINE#         20
  C:12ABH         LINE#         21
  C:12AEH         LINE#         22
  C:12B1H         LINE#         23
  C:12B7H         LINE#         24
  C:12B9H         LINE#         26
  C:12BEH         LINE#         27
  C:12C0H         LINE#         28
  C:12C2H         LINE#         29
  C:12C4H         LINE#         30
  C:12C6H         LINE#         31
  C:12C8H         LINE#         32
  C:12CAH         LINE#         33
  -------         ENDPROC       INITUART9600
  -------         PROC          INITUART600
  C:12CBH         LINE#         35
  C:12CBH         LINE#         36
BL51 BANKED LINKER/LOCATER V6.22                                                      05/22/2015  14:12:28  PAGE 29


  C:12CBH         LINE#         37
  C:12CEH         LINE#         38
  C:12D1H         LINE#         39
  C:12D4H         LINE#         40
  C:12DAH         LINE#         41
  C:12DCH         LINE#         43
  C:12E1H         LINE#         44
  C:12E3H         LINE#         45
  C:12E5H         LINE#         46
  C:12E7H         LINE#         47
  C:12E9H         LINE#         48
  C:12EBH         LINE#         49
  C:12EDH         LINE#         50
  -------         ENDPROC       INITUART600
  -------         PROC          _SENDDATA
  D:0007H         SYMBOL        dat
  C:1670H         LINE#         56
  C:1670H         LINE#         57
  C:1670H         LINE#         58
  C:1672H         LINE#         59
  C:1675H         LINE#         60
  C:1677H         LINE#         61
  -------         ENDPROC       _SENDDATA
  -------         PROC          _SENDNBYTE
  X:0088H         SYMBOL        buf
  D:0005H         SYMBOL        len
  C:11EAH         LINE#         66
  C:11F4H         LINE#         67
  C:11F4H         LINE#         68
  C:11FAH         LINE#         69
  C:11FAH         LINE#         70
  C:1212H         LINE#         71
  C:1214H         LINE#         72
  -------         ENDPROC       _SENDNBYTE
  -------         ENDMOD        UART

  -------         MODULE        VOICE
  C:0000H         SYMBOL        _ICE_DUMMY_
  D:0080H         PUBLIC        P0
  D:0090H         PUBLIC        P1
  C:153EH         PUBLIC        close_lock_speech
  D:00A0H         PUBLIC        P2
  D:00B0H         PUBLIC        P3
  B:0090H.4       PUBLIC        voice_EN
  D:00A8H         PUBLIC        IE
  C:132EH         PUBLIC        InitVoice
  B:00A0H.1       PUBLIC        SC_DATA
  C:1520H         PUBLIC        stolen_alarm_speech1
  C:149AH         PUBLIC        stolen_alarm_speech2
  D:00B8H         PUBLIC        IP
  C:152FH         PUBLIC        open_lock_speech
  C:14F3H         PUBLIC        motorBAT_low_speech
  C:15F2H         PUBLIC        lock_rotated_on_speech
  C:1487H         PUBLIC        host_touch_speech
  C:15A7H         PUBLIC        Alarm_raised_speech
  C:1511H         PUBLIC        host_2ndtouch_speech
  D:00D8H         PUBLIC        WDCON0
BL51 BANKED LINKER/LOCATER V6.22                                                      05/22/2015  14:12:28  PAGE 30


  C:15D4H         PUBLIC        battery_stolen_speech_F3
  C:1589H         PUBLIC        Battery_high_alarm_speech
  D:0098H         PUBLIC        SCON
  B:0090H.4       PUBLIC        P14
  D:0088H         PUBLIC        TCON
  C:155CH         PUBLIC        Cutting_Wire_Voice
  C:156BH         PUBLIC        Product_Test_Voice
  C:1598H         PUBLIC        Alarm_stolen_speech
  X:0034H         PUBLIC        key_rotate_on_speech_number
  C:15C5H         PUBLIC        Host_battery_high_alarm_speech
  C:15B6H         PUBLIC        Alarm_fell_speech
  C:10BEH         PUBLIC        _SC_Speech
  D:00E8H         PUBLIC        EIE
  C:154DH         PUBLIC        battery_stolen_speech
  C:003AH         PUBLIC        key_rotate_on_speech
  D:00F8H         PUBLIC        ADCCON0
  D:00C0H         PUBLIC        I2CON
  C:14D1H         PUBLIC        Self_learn_speech
  C:157AH         PUBLIC        Battery_low_alarm_speech
  C:14E2H         PUBLIC        IDcerted_speech
  D:00C8H         PUBLIC        T2CON
  C:1502H         PUBLIC        ID_speech
  B:00A0H.0       PUBLIC        SC_RST
  D:00D0H         PUBLIC        PSW
  C:15E3H         PUBLIC        wire_broken_speech
  C:1601H         PUBLIC        lock_rotated_off_speech
  -------         PROC          _SC_SPEECH
  X:008FH         SYMBOL        cnt
  -------         DO            
  X:0090H         SYMBOL        ii
  -------         ENDDO         
  C:10BEH         LINE#         26
  C:10C2H         LINE#         27
  C:10C2H         LINE#         29
  C:10C4H         LINE#         31
  C:10C7H         LINE#         32
  C:10C9H         LINE#         34
  C:10CCH         LINE#         35
  C:10DAH         LINE#         36
  C:10DAH         LINE#         37
  C:10DCH         LINE#         38
  C:10E3H         LINE#         39
  C:10E5H         LINE#         40
  C:10ECH         LINE#         41
  C:10F3H         LINE#         42
  -------         ENDPROC       _SC_SPEECH
  -------         PROC          INITVOICE
  C:132EH         LINE#         48
  C:132EH         LINE#         49
  C:132EH         LINE#         50
  C:1330H         LINE#         51
  C:1332H         LINE#         52
  C:1334H         LINE#         53
  C:133BH         LINE#         54
  C:133DH         LINE#         55
  C:1344H         LINE#         56
  C:1346H         LINE#         58
BL51 BANKED LINKER/LOCATER V6.22                                                      05/22/2015  14:12:28  PAGE 31


  C:1348H         LINE#         59
  -------         ENDPROC       INITVOICE
  -------         PROC          KEY_ROTATE_ON_SPEECH
  C:003AH         LINE#         65
  C:003AH         LINE#         66
  C:003AH         LINE#         73
  -------         ENDPROC       KEY_ROTATE_ON_SPEECH
  -------         PROC          MOTORBAT_LOW_SPEECH
  C:14F3H         LINE#         91
  C:14F3H         LINE#         92
  C:14F3H         LINE#         93
  C:14F5H         LINE#         94
  C:14FAH         LINE#         95
  C:14FFH         LINE#         96
  C:1501H         LINE#         97
  -------         ENDPROC       MOTORBAT_LOW_SPEECH
  -------         PROC          ID_SPEECH
  C:1502H         LINE#         103
  C:1502H         LINE#         104
  C:1502H         LINE#         105
  C:1504H         LINE#         106
  C:1509H         LINE#         107
  C:150EH         LINE#         108
  C:1510H         LINE#         109
  -------         ENDPROC       ID_SPEECH
  -------         PROC          SELF_LEARN_SPEECH
  C:14D1H         LINE#         115
  C:14D1H         LINE#         116
  C:14D1H         LINE#         117
  C:14D3H         LINE#         118
  C:14D8H         LINE#         119
  C:14DDH         LINE#         120
  C:14DFH         LINE#         121
  C:14E1H         LINE#         122
  -------         ENDPROC       SELF_LEARN_SPEECH
  -------         PROC          HOST_TOUCH_SPEECH
  C:1487H         LINE#         128
  C:1487H         LINE#         129
  C:1487H         LINE#         130
  C:1489H         LINE#         131
  C:148EH         LINE#         132
  C:1493H         LINE#         133
  C:1495H         LINE#         134
  -------         ENDPROC       HOST_TOUCH_SPEECH
  -------         PROC          HOST_2NDTOUCH_SPEECH
  C:1511H         LINE#         141
  C:1511H         LINE#         142
  C:1511H         LINE#         143
  C:1513H         LINE#         144
  C:1518H         LINE#         145
  C:151DH         LINE#         146
  C:151FH         LINE#         148
  -------         ENDPROC       HOST_2NDTOUCH_SPEECH
  -------         PROC          STOLEN_ALARM_SPEECH1
  C:1520H         LINE#         154
  C:1520H         LINE#         155
  C:1520H         LINE#         156
BL51 BANKED LINKER/LOCATER V6.22                                                      05/22/2015  14:12:28  PAGE 32


  C:1522H         LINE#         157
  C:1527H         LINE#         158
  C:152CH         LINE#         159
  C:152EH         LINE#         160
  -------         ENDPROC       STOLEN_ALARM_SPEECH1
  -------         PROC          STOLEN_ALARM_SPEECH2
  C:149AH         LINE#         166
  C:149AH         LINE#         167
  C:149AH         LINE#         168
  C:149CH         LINE#         169
  C:14A1H         LINE#         170
  C:14A6H         LINE#         171
  C:14A8H         LINE#         172
  -------         ENDPROC       STOLEN_ALARM_SPEECH2
  -------         PROC          OPEN_LOCK_SPEECH
  C:152FH         LINE#         179
  C:152FH         LINE#         180
  C:152FH         LINE#         190
  C:1531H         LINE#         191
  C:1536H         LINE#         192
  C:153BH         LINE#         193
  C:153DH         LINE#         194
  -------         ENDPROC       OPEN_LOCK_SPEECH
  -------         PROC          CLOSE_LOCK_SPEECH
  C:153EH         LINE#         200
  C:153EH         LINE#         201
  C:153EH         LINE#         204
  C:1540H         LINE#         205
  C:1545H         LINE#         206
  C:154AH         LINE#         207
  C:154CH         LINE#         208
  -------         ENDPROC       CLOSE_LOCK_SPEECH
  -------         PROC          BATTERY_STOLEN_SPEECH
  C:154DH         LINE#         214
  C:154DH         LINE#         215
  C:154DH         LINE#         216
  C:154FH         LINE#         217
  C:1554H         LINE#         218
  C:1559H         LINE#         219
  C:155BH         LINE#         220
  -------         ENDPROC       BATTERY_STOLEN_SPEECH
  -------         PROC          CUTTING_WIRE_VOICE
  C:155CH         LINE#         226
  C:155CH         LINE#         227
  C:155CH         LINE#         228
  C:155EH         LINE#         229
  C:1563H         LINE#         230
  C:1568H         LINE#         231
  C:156AH         LINE#         232
  -------         ENDPROC       CUTTING_WIRE_VOICE
  -------         PROC          PRODUCT_TEST_VOICE
  C:156BH         LINE#         238
  C:156BH         LINE#         239
  C:156BH         LINE#         240
  C:156DH         LINE#         241
  C:1572H         LINE#         242
  C:1577H         LINE#         243
BL51 BANKED LINKER/LOCATER V6.22                                                      05/22/2015  14:12:28  PAGE 33


  C:1579H         LINE#         244
  -------         ENDPROC       PRODUCT_TEST_VOICE
  -------         PROC          BATTERY_LOW_ALARM_SPEECH
  C:157AH         LINE#         250
  C:157AH         LINE#         251
  C:157AH         LINE#         252
  C:157CH         LINE#         253
  C:1581H         LINE#         254
  C:1586H         LINE#         255
  C:1588H         LINE#         256
  -------         ENDPROC       BATTERY_LOW_ALARM_SPEECH
  -------         PROC          BATTERY_HIGH_ALARM_SPEECH
  C:1589H         LINE#         262
  C:1589H         LINE#         263
  C:1589H         LINE#         264
  C:158BH         LINE#         265
  C:1590H         LINE#         266
  C:1595H         LINE#         267
  C:1597H         LINE#         268
  -------         ENDPROC       BATTERY_HIGH_ALARM_SPEECH
  -------         PROC          ALARM_STOLEN_SPEECH
  C:1598H         LINE#         274
  C:1598H         LINE#         275
  C:1598H         LINE#         276
  C:159AH         LINE#         277
  C:159FH         LINE#         278
  C:15A4H         LINE#         279
  C:15A6H         LINE#         280
  -------         ENDPROC       ALARM_STOLEN_SPEECH
  -------         PROC          ALARM_RAISED_SPEECH
  C:15A7H         LINE#         286
  C:15A7H         LINE#         287
  C:15A7H         LINE#         288
  C:15A9H         LINE#         289
  C:15AEH         LINE#         290
  C:15B3H         LINE#         291
  C:15B5H         LINE#         292
  -------         ENDPROC       ALARM_RAISED_SPEECH
  -------         PROC          ALARM_FELL_SPEECH
  C:15B6H         LINE#         298
  C:15B6H         LINE#         299
  C:15B6H         LINE#         300
  C:15B8H         LINE#         301
  C:15BDH         LINE#         302
  C:15C2H         LINE#         303
  C:15C4H         LINE#         304
  -------         ENDPROC       ALARM_FELL_SPEECH
  -------         PROC          HOST_BATTERY_HIGH_ALARM_SPEECH
  C:15C5H         LINE#         310
  C:15C5H         LINE#         311
  C:15C5H         LINE#         312
  C:15C7H         LINE#         313
  C:15CCH         LINE#         314
  C:15D1H         LINE#         315
  C:15D3H         LINE#         316
  -------         ENDPROC       HOST_BATTERY_HIGH_ALARM_SPEECH
  -------         PROC          BATTERY_STOLEN_SPEECH_F3
BL51 BANKED LINKER/LOCATER V6.22                                                      05/22/2015  14:12:28  PAGE 34


  C:15D4H         LINE#         322
  C:15D4H         LINE#         323
  C:15D4H         LINE#         324
  C:15D6H         LINE#         325
  C:15DBH         LINE#         326
  C:15E0H         LINE#         327
  C:15E2H         LINE#         328
  -------         ENDPROC       BATTERY_STOLEN_SPEECH_F3
  -------         PROC          WIRE_BROKEN_SPEECH
  C:15E3H         LINE#         334
[...]
  C:0194H         LINE#         349
  C:0194H         LINE#         351
  C:0196H         LINE#         352
  C:0198H         LINE#         353
  C:019AH         LINE#         355
  C:019AH         LINE#         356
  C:01A0H         LINE#         358
  C:01A3H         LINE#         359
  C:01A5H         LINE#         361
  C:01A8H         LINE#         362
  C:01AAH         LINE#         364
  C:01ADH         LINE#         365
  C:01ADH         LINE#         366
  C:01AFH         LINE#         367
  C:01B1H         LINE#         368
  C:01B7H         LINE#         369
  C:01B9H         LINE#         370
  C:01BBH         LINE#         371
  C:01BEH         LINE#         372
  C:01BEH         LINE#         373
  C:01C1H         LINE#         374
  C:01C3H         LINE#         375
  C:01C3H         LINE#         376
  C:01C3H         LINE#         378
  C:01DAH         LINE#         379
  C:01DAH         LINE#         380
  C:01E1H         LINE#         381
  C:01E3H         LINE#         382
  C:01E5H         LINE#         383
  C:01E7H         LINE#         384
  C:01E9H         LINE#         385
  C:01EBH         LINE#         386
  C:01EDH         LINE#         388
  C:01EDH         LINE#         389
  C:01EDH         LINE#         391
  C:01F0H         LINE#         392
  C:01F0H         LINE#         393
  C:01F2H         LINE#         394
  C:01F4H         LINE#         395
  C:01F6H         LINE#         396
  C:01F8H         LINE#         397
BL51 BANKED LINKER/LOCATER V6.22                                                      05/22/2015  14:12:28  PAGE 46


  C:01FAH         LINE#         398
  C:01FCH         LINE#         399
  C:01FEH         LINE#         400
  C:0200H         LINE#         402
  C:0203H         LINE#         403
  C:0206H         LINE#         404
  C:020BH         LINE#         405
  C:020EH         LINE#         406
  C:0212H         LINE#         407
  C:0212H         LINE#         408
  -------         ENDPROC       TIMER0
  -------         PROC          UART_ISR
  C:022DH         LINE#         413
  C:023EH         LINE#         415
  C:0243H         LINE#         416
  C:0243H         LINE#         417
  C:0245H         LINE#         418
  C:024FH         LINE#         420
  C:0254H         LINE#         421
  C:0254H         LINE#         423
  C:0262H         LINE#         424
  C:0262H         LINE#         425
  C:0267H         LINE#         426
  C:0269H         LINE#         427
  C:027BH         LINE#         428
  C:027BH         LINE#         429
  C:0280H         LINE#         430
  C:0282H         LINE#         431
  C:0295H         LINE#         432
  C:0295H         LINE#         433
  C:029AH         LINE#         434
  C:029CH         LINE#         435
  C:02ACH         LINE#         436
  C:02ACH         LINE#         437
  C:02B1H         LINE#         438
  C:02B3H         LINE#         439
  C:02C5H         LINE#         440
  C:02C5H         LINE#         441
  C:02CAH         LINE#         442
  C:02CCH         LINE#         443
  C:02D2H         LINE#         444
  C:02D2H         LINE#         445
  C:02D4H         LINE#         446
  C:02D6H         LINE#         447
  C:02D8H         LINE#         449
  C:02D8H         LINE#         450
  C:02DCH         LINE#         451
  C:02DCH         LINE#         453
  C:02E1H         LINE#         454
  C:02E1H         LINE#         455
  C:02E3H         LINE#         456
  C:02F9H         LINE#         457
  C:02F9H         LINE#         458
  C:02F9H         LINE#         459
  C:02F9H         LINE#         460
  C:02FBH         LINE#         461
  C:02FBH         LINE#         462
BL51 BANKED LINKER/LOCATER V6.22                                                      05/22/2015  14:12:28  PAGE 47


  C:02FDH         LINE#         464
  C:02FDH         LINE#         465
  C:02FDH         LINE#         466
  C:02FFH         LINE#         468
  C:0303H         LINE#         469
  C:0305H         LINE#         470
  C:0305H         LINE#         471
  C:0305H         LINE#         472
  C:0305H         LINE#         473
  C:0307H         LINE#         475
  C:0307H         LINE#         476
  C:0307H         LINE#         477
  C:0309H         LINE#         479
  C:030FH         LINE#         480
  C:0311H         LINE#         481
  C:0314H         LINE#         482
  C:0316H         LINE#         483
  C:0316H         LINE#         484
  C:0318H         LINE#         486
  C:0318H         LINE#         487
  C:0318H         LINE#         488
  C:031AH         LINE#         490
  C:0320H         LINE#         491
  C:0322H         LINE#         492
  C:0325H         LINE#         493
  C:0327H         LINE#         494
  C:0327H         LINE#         495
  C:0329H         LINE#         497
  C:0329H         LINE#         498
  C:0329H         LINE#         499
  C:032BH         LINE#         500
  C:032BH         LINE#         501
  C:032DH         LINE#         502
  C:032DH         LINE#         503
  C:032DH         LINE#         504
  C:032DH         LINE#         506
  C:032DH         LINE#         507
  C:0338H         LINE#         508
  C:0338H         LINE#         509
  C:033DH         LINE#         510
  C:033FH         LINE#         511
  C:034CH         LINE#         512
  C:034CH         LINE#         513
  C:0351H         LINE#         514
  C:0353H         LINE#         515
  C:0357H         LINE#         516
  C:0357H         LINE#         517
  C:035CH         LINE#         518
  C:035EH         LINE#         519
  C:0365H         LINE#         520
  C:0365H         LINE#         521
  C:0368H         LINE#         522
  C:036AH         LINE#         523
  C:036EH         LINE#         524
  C:036EH         LINE#         525
  C:0373H         LINE#         526
  C:0375H         LINE#         527
BL51 BANKED LINKER/LOCATER V6.22                                                      05/22/2015  14:12:28  PAGE 48


  C:0379H         LINE#         528
  C:0379H         LINE#         529
  C:037EH         LINE#         530
  C:0380H         LINE#         531
  C:0386H         LINE#         532
  C:0386H         LINE#         533
  C:0388H         LINE#         534
  C:038AH         LINE#         535
  C:038CH         LINE#         537
  C:038CH         LINE#         538
  C:038EH         LINE#         539
  C:038EH         LINE#         540
  C:038EH         LINE#         541
  C:038EH         LINE#         542
  -------         ENDPROC       UART_ISR
  -------         PROC          KBI_ISR
  C:162CH         LINE#         623
  C:162CH         LINE#         625
  C:162EH         LINE#         626
  C:1631H         LINE#         627
  C:1633H         LINE#         628
  C:1635H         LINE#         629
  C:1637H         LINE#         630
  C:1639H         LINE#         632
  -------         ENDPROC       KBI_ISR
  -------         ENDMOD        MAIN

  -------         MODULE        ?C?CLDPTR
  C:039DH         PUBLIC        ?C?CLDPTR
  -------         ENDMOD        ?C?CLDPTR

  -------         MODULE        ?C?LMUL
  C:03B6H         PUBLIC        ?C?LMUL
  -------         ENDMOD        ?C?LMUL

  -------         MODULE        ?C?ULDIV
  C:0441H         PUBLIC        ?C?ULDIV
  -------         ENDMOD        ?C?ULDIV

  -------         MODULE        ?C?ICALL
  C:04D3H         PUBLIC        ?C?ICALL
  C:04D7H         PUBLIC        ?C?ICALL2
  -------         ENDMOD        ?C?ICALL

  -------         MODULE        ?C?LIMUL
  C:04D9H         PUBLIC        ?C?LIMUL
  -------         ENDMOD        ?C?LIMUL

*** WARNING L16: UNCALLED SEGMENT, IGNORED FOR OVERLAY PROCESS
    SEGMENT: ?PR?INITTRANSCEIVER?COMMUNICATION

*** WARNING L16: UNCALLED SEGMENT, IGNORED FOR OVERLAY PROCESS
    SEGMENT: ?PR?_COMMODE_DATA?COMMUNICATION

*** WARNING L16: UNCALLED SEGMENT, IGNORED FOR OVERLAY PROCESS
    SEGMENT: ?PR?_COMMODE_DATA_WX?COMMUNICATION

BL51 BANKED LINKER/LOCATER V6.22                                                      05/22/2015  14:12:28  PAGE 49


*** WARNING L16: UNCALLED SEGMENT, IGNORED FOR OVERLAY PROCESS
    SEGMENT: ?PR?UART_SEND_DATA_MATCH?COMMUNICATION

*** WARNING L16: UNCALLED SEGMENT, IGNORED FOR OVERLAY PROCESS
    SEGMENT: ?PR?RECEIVE_BYTE?COMMUNICATION

*** WARNING L16: UNCALLED SEGMENT, IGNORED FOR OVERLAY PROCESS
    SEGMENT: ?PR?RECEIVE_BYTE_LOCK?COMMUNICATION

*** WARNING L16: UNCALLED SEGMENT, IGNORED FOR OVERLAY PROCESS
    SEGMENT: ?PR?RECEIVE_WORD?COMMUNICATION

*** WARNING L16: UNCALLED SEGMENT, IGNORED FOR OVERLAY PROCESS
    SEGMENT: ?PR?DELAY_1MS?DELAY

*** WARNING L16: UNCALLED SEGMENT, IGNORED FOR OVERLAY PROCESS
    SEGMENT: ?PR?DELAY_10MS?DELAY

*** WARNING L16: UNCALLED SEGMENT, IGNORED FOR OVERLAY PROCESS
    SEGMENT: ?PR?_DELAY_MS?DELAY

*** WARNING L16: UNCALLED SEGMENT, IGNORED FOR OVERLAY PROCESS
    SEGMENT: ?PR?SLAVE_AWAY_OPERATION?OPERATION

*** WARNING L16: UNCALLED SEGMENT, IGNORED FOR OVERLAY PROCESS
    SEGMENT: ?PR?SLAVE_NEARBY_OPERATION?OPERATION

*** WARNING L16: UNCALLED SEGMENT, IGNORED FOR OVERLAY PROCESS
    SEGMENT: ?PR?INITSENSOR?OPERATION

*** WARNING L16: UNCALLED SEGMENT, IGNORED FOR OVERLAY PROCESS
    SEGMENT: ?PR?HOST_STOLEN_ACTION?OPERATION

*** WARNING L16: UNCALLED SEGMENT, IGNORED FOR OVERLAY PROCESS
    SEGMENT: ?PR?ENSENSOR_AFTERIDCERT?OPERATION

*** WARNING L16: UNCALLED SEGMENT, IGNORED FOR OVERLAY PROCESS
    SEGMENT: ?PR?ENSENSOR_AFTER_CLOSELOCK?OPERATION

*** WARNING L16: UNCALLED SEGMENT, IGNORED FOR OVERLAY PROCESS
    SEGMENT: ?PR?SELFLEARN_RESET?OPERATION

*** WARNING L16: UNCALLED SEGMENT, IGNORED FOR OVERLAY PROCESS
    SEGMENT: ?PR?FELL_ALARM_TO_SLAVE?OPERATION

*** WARNING L16: UNCALLED SEGMENT, IGNORED FOR OVERLAY PROCESS
    SEGMENT: ?PR?RAISE_ALARM_TO_SLAVE?OPERATION

*** WARNING L16: UNCALLED SEGMENT, IGNORED FOR OVERLAY PROCESS
    SEGMENT: ?PR?BATSTOLEN_ALARM_TO_SLAVE?OPERATION

*** WARNING L16: UNCALLED SEGMENT, IGNORED FOR OVERLAY PROCESS
    SEGMENT: ?PR?_MAGNET_CW?OTHER

*** WARNING L16: UNCALLED SEGMENT, IGNORED FOR OVERLAY PROCESS
    SEGMENT: ?PR?_MAGNET_CW_TAILI?OTHER

BL51 BANKED LINKER/LOCATER V6.22                                                      05/22/2015  14:12:28  PAGE 50


*** WARNING L16: UNCALLED SEGMENT, IGNORED FOR OVERLAY PROCESS
    SEGMENT: ?PR?_MAGNET_ACW?OTHER

*** WARNING L16: UNCALLED SEGMENT, IGNORED FOR OVERLAY PROCESS
    SEGMENT: ?PR?_MAGNET_ACW_TAILI?OTHER

*** WARNING L16: UNCALLED SEGMENT, IGNORED FOR OVERLAY PROCESS
    SEGMENT: ?PR?DISABLE_SENSOR?OTHER

*** WARNING L16: UNCALLED SEGMENT, IGNORED FOR OVERLAY PROCESS
    SEGMENT: ?PR?MYPWM?PWM

*** WARNING L16: UNCALLED SEGMENT, IGNORED FOR OVERLAY PROCESS
    SEGMENT: ?PR?_INITTIMER?TIMER

*** WARNING L16: UNCALLED SEGMENT, IGNORED FOR OVERLAY PROCESS
    SEGMENT: ?PR?SEOS_GO_TO_SLEEP?TIMER

*** WARNING L16: UNCALLED SEGMENT, IGNORED FOR OVERLAY PROCESS
    SEGMENT: ?PR?INITUART9600?UART

*** WARNING L16: UNCALLED SEGMENT, IGNORED FOR OVERLAY PROCESS
    SEGMENT: ?PR?SELF_LEARN_SPEECH?VOICE

*** WARNING L16: UNCALLED SEGMENT, IGNORED FOR OVERLAY PROCESS
    SEGMENT: ?PR?HOST_TOUCH_SPEECH?VOICE

*** WARNING L16: UNCALLED SEGMENT, IGNORED FOR OVERLAY PROCESS
    SEGMENT: ?PR?HOST_2NDTOUCH_SPEECH?VOICE

*** WARNING L16: UNCALLED SEGMENT, IGNORED FOR OVERLAY PROCESS
    SEGMENT: ?PR?BATTERY_STOLEN_SPEECH?VOICE

*** WARNING L16: UNCALLED SEGMENT, IGNORED FOR OVERLAY PROCESS
    SEGMENT: ?PR?CUTTING_WIRE_VOICE?VOICE

*** WARNING L16: UNCALLED SEGMENT, IGNORED FOR OVERLAY PROCESS
    SEGMENT: ?PR?PRODUCT_TEST_VOICE?VOICE

*** WARNING L16: UNCALLED SEGMENT, IGNORED FOR OVERLAY PROCESS
    SEGMENT: ?PR?BATTERY_HIGH_ALARM_SPEECH?VOICE

*** WARNING L16: UNCALLED SEGMENT, IGNORED FOR OVERLAY PROCESS
    SEGMENT: ?PR?BATTERY_STOLEN_SPEECH_F3?VOICE

*** WARNING L16: UNCALLED SEGMENT, IGNORED FOR OVERLAY PROCESS
    SEGMENT: ?PR?LOCK_ROTATED_ON_SPEECH?VOICE

*** WARNING L16: UNCALLED SEGMENT, IGNORED FOR OVERLAY PROCESS
    SEGMENT: ?PR?LOCK_ROTATED_OFF_SPEECH?VOICE

*** WARNING L16: UNCALLED SEGMENT, IGNORED FOR OVERLAY PROCESS
    SEGMENT: ?PR?IDCERTED_SPEECH?VOICE

*** WARNING L16: UNCALLED SEGMENT, IGNORED FOR OVERLAY PROCESS
    SEGMENT: ?PR?_FLASH_READ_DATA?ISP_DATAFLASH

BL51 BANKED LINKER/LOCATER V6.22                                                      05/22/2015  14:12:28  PAGE 51


*** WARNING L16: UNCALLED SEGMENT, IGNORED FOR OVERLAY PROCESS
    SEGMENT: ?PR?SELF_LEARN_PROGRAMMING?ISP_DATAFLASH

*** WARNING L16: UNCALLED SEGMENT, IGNORED FOR OVERLAY PROCESS
    SEGMENT: ?PR?_HSCH_ADD_TASK?SCHEDULAR

*** WARNING L16: UNCALLED SEGMENT, IGNORED FOR OVERLAY PROCESS
    SEGMENT: ?PR?HSCH_UPDATE?SCHEDULAR

*** WARNING L15: MULTIPLE CALL TO SEGMENT
    SEGMENT: ?PR?_SC_SPEECH?VOICE
    CALLER1: ?PR?TIMER0?MAIN
    CALLER2: ?C_C51STARTUP

*** WARNING L1: UNRESOLVED EXTERNAL SYMBOL
    SYMBOL:  LOAD_BATTERY_RESULT
    MODULE:  .\operation.obj (OPERATION)

*** WARNING L1: UNRESOLVED EXTERNAL SYMBOL
    SYMBOL:  NEVER_ALARM
    MODULE:  .\operation.obj (OPERATION)

*** WARNING L1: UNRESOLVED EXTERNAL SYMBOL
    SYMBOL:  SILENCE_FLAG
    MODULE:  .\operation.obj (OPERATION)

*** WARNING L1: UNRESOLVED EXTERNAL SYMBOL
    SYMBOL:  IDKEY_SELFLEARN_HVCOUNT
    MODULE:  .\operation.obj (OPERATION)

*** WARNING L1: UNRESOLVED EXTERNAL SYMBOL
    SYMBOL:  IDKEY_SELFLEARN_FLAG1
    MODULE:  .\operation.obj (OPERATION)

*** WARNING L1: UNRESOLVED EXTERNAL SYMBOL
    SYMBOL:  IDKEY_SELFLEARN_FLAG2
    MODULE:  .\operation.obj (OPERATION)

*** WARNING L1: UNRESOLVED EXTERNAL SYMBOL
    SYMBOL:  IDKEY_SELFLEARN_LVCOUNT
    MODULE:  .\operation.obj (OPERATION)

*** WARNING L1: UNRESOLVED EXTERNAL SYMBOL
    SYMBOL:  IDKEY_SELFLEARN_FLAG3
    MODULE:  .\operation.obj (OPERATION)

*** WARNING L1: UNRESOLVED EXTERNAL SYMBOL
    SYMBOL:  IDKEY_SELFLEARN_FLAG4
    MODULE:  .\operation.obj (OPERATION)

*** WARNING L1: UNRESOLVED EXTERNAL SYMBOL
    SYMBOL:  SLAVE_NEARBY_ACTIONED_FLAG
    MODULE:  .\operation.obj (OPERATION)

*** WARNING L1: UNRESOLVED EXTERNAL SYMBOL
    SYMBOL:  IDKEY_SELFLEARN_FLAG5
    MODULE:  .\operation.obj (OPERATION)
BL51 BANKED LINKER/LOCATER V6.22                                                      05/22/2015  14:12:28  PAGE 52



*** WARNING L1: UNRESOLVED EXTERNAL SYMBOL
    SYMBOL:  IDKEY_SELFLEARN_FLAG6
    MODULE:  .\operation.obj (OPERATION)

*** WARNING L1: UNRESOLVED EXTERNAL SYMBOL
    SYMBOL:  IDKEY_CERTIFICATED_TIMES
    MODULE:  .\operation.obj (OPERATION)

*** WARNING L1: UNRESOLVED EXTERNAL SYMBOL
    SYMBOL:  ID_SPEECHED_FLAG
    MODULE:  .\operation.obj (OPERATION)

*** WARNING L1: UNRESOLVED EXTERNAL SYMBOL
    SYMBOL:  IDKEY_SELFLEARN_FLAG6COUNT
    MODULE:  .\operation.obj (OPERATION)

*** WARNING L1: UNRESOLVED EXTERNAL SYMBOL
    SYMBOL:  CHECK_MOTOBATTERY_FLAG
    MODULE:  .\operation.obj (OPERATION)

*** WARNING L1: UNRESOLVED EXTERNAL SYMBOL
    SYMBOL:  CHECK_MOTOBATTERY_COUNT
    MODULE:  .\operation.obj (OPERATION)

*** WARNING L2: REFERENCE MADE TO UNRESOLVED EXTERNAL
    SYMBOL:  SILENCE_FLAG
    MODULE:  .\operation.obj (OPERATION)
    ADDRESS: 1263H

*** WARNING L2: REFERENCE MADE TO UNRESOLVED EXTERNAL
    SYMBOL:  CHECK_MOTOBATTERY_FLAG
    MODULE:  .\operation.obj (OPERATION)
    ADDRESS: 1269H

*** WARNING L2: REFERENCE MADE TO UNRESOLVED EXTERNAL
    SYMBOL:  CHECK_MOTOBATTERY_COUNT
    MODULE:  .\operation.obj (OPERATION)
    ADDRESS: 126CH

*** WARNING L2: REFERENCE MADE TO UNRESOLVED EXTERNAL
    SYMBOL:  IDKEY_CERTIFICATED_TIMES
    MODULE:  .\operation.obj (OPERATION)
    ADDRESS: 127BH

*** WARNING L2: REFERENCE MADE TO UNRESOLVED EXTERNAL
    SYMBOL:  SILENCE_FLAG
    MODULE:  .\operation.obj (OPERATION)
    ADDRESS: 127EH

*** WARNING L2: REFERENCE MADE TO UNRESOLVED EXTERNAL
    SYMBOL:  SILENCE_FLAG
    MODULE:  .\operation.obj (OPERATION)
    ADDRESS: 1281H

*** WARNING L2: REFERENCE MADE TO UNRESOLVED EXTERNAL
    SYMBOL:  SLAVE_NEARBY_ACTIONED_FLAG
BL51 BANKED LINKER/LOCATER V6.22                                                      05/22/2015  14:12:28  PAGE 53


    MODULE:  .\operation.obj (OPERATION)
    ADDRESS: 1286H

*** WARNING L2: REFERENCE MADE TO UNRESOLVED EXTERNAL
    SYMBOL:  ID_SPEECHED_FLAG
    MODULE:  .\operation.obj (OPERATION)
    ADDRESS: 1288H

*** WARNING L2: REFERENCE MADE TO UNRESOLVED EXTERNAL
    SYMBOL:  IDKEY_CERTIFICATED_TIMES
    MODULE:  .\operation.obj (OPERATION)
    ADDRESS: 1290H

*** WARNING L2: REFERENCE MADE TO UNRESOLVED EXTERNAL
    SYMBOL:  SILENCE_FLAG
    MODULE:  .\operation.obj (OPERATION)
    ADDRESS: 1293H

*** WARNING L2: REFERENCE MADE TO UNRESOLVED EXTERNAL
    SYMBOL:  LOAD_BATTERY_RESULT
    MODULE:  .\operation.obj (OPERATION)
    ADDRESS: 1299H

*** WARNING L2: REFERENCE MADE TO UNRESOLVED EXTERNAL
    SYMBOL:  IDKEY_CERTIFICATED_TIMES
    MODULE:  .\operation.obj (OPERATION)
    ADDRESS: 1300H

*** WARNING L2: REFERENCE MADE TO UNRESOLVED EXTERNAL
    SYMBOL:  NEVER_ALARM
    MODULE:  .\operation.obj (OPERATION)
    ADDRESS: 1308H

*** WARNING L2: REFERENCE MADE TO UNRESOLVED EXTERNAL
    SYMBOL:  NEVER_ALARM
    MODULE:  .\operation.obj (OPERATION)
    ADDRESS: 130EH

*** WARNING L2: REFERENCE MADE TO UNRESOLVED EXTERNAL
    SYMBOL:  IDKEY_SELFLEARN_FLAG6
    MODULE:  .\operation.obj (OPERATION)
    ADDRESS: 1216H

*** WARNING L2: REFERENCE MADE TO UNRESOLVED EXTERNAL
    SYMBOL:  IDKEY_SELFLEARN_FLAG6COUNT
    MODULE:  .\operation.obj (OPERATION)
    ADDRESS: 1219H

*** WARNING L2: REFERENCE MADE TO UNRESOLVED EXTERNAL
    SYMBOL:  IDKEY_SELFLEARN_HVCOUNT
    MODULE:  .\operation.obj (OPERATION)
    ADDRESS: 1224H

*** WARNING L2: REFERENCE MADE TO UNRESOLVED EXTERNAL
    SYMBOL:  IDKEY_SELFLEARN_LVCOUNT
    MODULE:  .\operation.obj (OPERATION)
    ADDRESS: 1229H
BL51 BANKED LINKER/LOCATER V6.22                                                      05/22/2015  14:12:28  PAGE 54



*** WARNING L2: REFERENCE MADE TO UNRESOLVED EXTERNAL
    SYMBOL:  IDKEY_SELFLEARN_FLAG1
    MODULE:  .\operation.obj (OPERATION)
    ADDRESS: 122EH

*** WARNING L2: REFERENCE MADE TO UNRESOLVED EXTERNAL
    SYMBOL:  IDKEY_SELFLEARN_FLAG2
    MODULE:  .\operation.obj (OPERATION)
    ADDRESS: 1230H

*** WARNING L2: REFERENCE MADE TO UNRESOLVED EXTERNAL
    SYMBOL:  IDKEY_SELFLEARN_FLAG3
    MODULE:  .\operation.obj (OPERATION)
    ADDRESS: 1232H

*** WARNING L2: REFERENCE MADE TO UNRESOLVED EXTERNAL
    SYMBOL:  IDKEY_SELFLEARN_FLAG4
    MODULE:  .\operation.obj (OPERATION)
    ADDRESS: 1234H

*** WARNING L2: REFERENCE MADE TO UNRESOLVED EXTERNAL
    SYMBOL:  IDKEY_SELFLEARN_FLAG5
    MODULE:  .\operation.obj (OPERATION)
    ADDRESS: 1236H

*** WARNING L2: REFERENCE MADE TO UNRESOLVED EXTERNAL
    SYMBOL:  IDKEY_SELFLEARN_FLAG6
    MODULE:  .\operation.obj (OPERATION)
    ADDRESS: 1238H

*** WARNING L2: REFERENCE MADE TO UNRESOLVED EXTERNAL
    SYMBOL:  IDKEY_SELFLEARN_FLAG6COUNT
    MODULE:  .\operation.obj (OPERATION)
    ADDRESS: 123AH

*** WARNING L1: UNRESOLVED EXTERNAL SYMBOL
    SYMBOL:  SLAVE_NEARBY_ACTIONED_FLAG
    MODULE:  .\voice.obj (VOICE)

*** WARNING L1: UNRESOLVED EXTERNAL SYMBOL
    SYMBOL:  ID_SPEECHED_FLAG
    MODULE:  .\voice.obj (VOICE)

*** WARNING L1: UNRESOLVED EXTERNAL SYMBOL
    SYMBOL:  FLASHING_FLAG
    MODULE:  .\voice.obj (VOICE)

*** WARNING L2: REFERENCE MADE TO UNRESOLVED EXTERNAL
    SYMBOL:  FLASHING_FLAG
    MODULE:  .\voice.obj (VOICE)
    ADDRESS: 14E0H

*** WARNING L2: REFERENCE MADE TO UNRESOLVED EXTERNAL
    SYMBOL:  SLAVE_NEARBY_ACTIONED_FLAG
    MODULE:  .\voice.obj (VOICE)
    ADDRESS: 14E8H
BL51 BANKED LINKER/LOCATER V6.22                                                      05/22/2015  14:12:28  PAGE 55



*** WARNING L2: REFERENCE MADE TO UNRESOLVED EXTERNAL
    SYMBOL:  ID_SPEECHED_FLAG
    MODULE:  .\voice.obj (VOICE)
    ADDRESS: 14EBH

*** WARNING L2: REFERENCE MADE TO UNRESOLVED EXTERNAL
    SYMBOL:  ID_SPEECHED_FLAG
    MODULE:  .\voice.obj (VOICE)
    ADDRESS: 14F1H

Program Size: data=59.2 xdata=145 code=5779
LINK/LOCATE RUN COMPLETE.  94 WARNING(S),  0 ERROR(S)
