BL51 BANKED LINKER/LOCATER V6.22                                                        07/27/2015  10:24:04  PAGE 1


BL51 BANKED LINKER/LOCATER V6.22, INVOKED BY:
D:\PROGRAM FILES (X86)\KEIL_V5\C51\BIN\BL51.EXE .\AD.obj, .\Battery.obj, .\communication.obj, .\Delay.obj, .\operation.o
>> bj, .\Other.obj, .\pwm.obj, .\Timer.obj, .\UART.obj, .\voice.obj, .\ISP_DataFlash.obj, .\Schedular.obj, main.obj TO D
>> DC-F RAMSIZE (256)


MEMORY MODEL: COMPACT


INPUT MODULES INCLUDED:
  .\AD.obj (AD)
  .\Battery.obj (BATTERY)
  .\communication.obj (COMMUNICATION)
  .\Delay.obj (DELAY)
  .\operation.obj (OPERATION)
  .\Other.obj (OTHER)
  .\pwm.obj (PWM)
  .\Timer.obj (TIMER)
  .\UART.obj (UART)
  .\voice.obj (VOICE)
  .\ISP_DataFlash.obj (ISP_DATAFLASH)
  .\Schedular.obj (SCHEDULAR)
  main.obj (MAIN)
  D:\PROGRAM FILES (X86)\KEIL_V5\C51\LIB\C51C.LIB (?C_STARTUP)
  D:\PROGRAM FILES (X86)\KEIL_V5\C51\LIB\C51C.LIB (?C?CLDPTR)
  D:\PROGRAM FILES (X86)\KEIL_V5\C51\LIB\C51C.LIB (?C?LMUL)
  D:\PROGRAM FILES (X86)\KEIL_V5\C51\LIB\C51C.LIB (?C?ULDIV)
  D:\PROGRAM FILES (X86)\KEIL_V5\C51\LIB\C51C.LIB (?C?LNEG)
  D:\PROGRAM FILES (X86)\KEIL_V5\C51\LIB\C51C.LIB (?C?ICALL)
  D:\PROGRAM FILES (X86)\KEIL_V5\C51\LIB\C51C.LIB (?C?LIMUL)
  D:\PROGRAM FILES (X86)\KEIL_V5\C51\LIB\C51C.LIB (?C_INIT)


LINK MAP OF MODULE:  DDC-F (AD)


            TYPE    BASE      LENGTH    RELOCATION   SEGMENT NAME
            -----------------------------------------------------

            * * * * * * *   D A T A   M E M O R Y   * * * * * * *
            REG     0000H     0008H     ABSOLUTE     "REG BANK 0"
                    0008H     0018H                  *** GAP ***
            BIT     0020H.0   0005H.1   UNIT         ?BI?MAIN
            BIT     0025H.1   0000H.2   UNIT         ?BI?OPERATION
            BIT     0025H.3   0000H.1   UNIT         ?BI?_HSCH_ADD_TASK?SCHEDULAR
            BIT     0025H.4   0000H.1   UNIT         _BIT_GROUP_
                    0025H.5   0000H.3                *** GAP ***
            DATA    0026H     0028H     UNIT         ?DT?SCHEDULAR
            IDATA   004EH     0001H     UNIT         ?STACK

            * * * * * * *  X D A T A   M E M O R Y  * * * * * * *
            XDATA   0000H     0002H     INPAGE       ?PD?_VERIFYBATTERY?BATTERY
            XDATA   0002H     0001H     INPAGE       ?PD?BATTERY
            XDATA   0003H     0003H     INPAGE       ?PD?_SEND_DATA?COMMUNICATION
            XDATA   0006H     0003H     INPAGE       ?PD?_COMMODE_DATA?COMMUNICATION
            XDATA   0009H     0003H     INPAGE       ?PD?_COMMODE_DATA_WX?COMMUNICATION
            XDATA   000CH     0002H     INPAGE       ?PD?_UART_SEND_DATA?COMMUNICATION
            XDATA   000EH     0004H     INPAGE       ?PD?_SEND_CODE_TO_LOCK?COMMUNICATION
BL51 BANKED LINKER/LOCATER V6.22                                                      07/27/2015  10:24:04  PAGE 2


            XDATA   0012H     0004H     INPAGE       ?PD?_SEND_CODE_TO_LOCK_TAILI?COMMUNICATION
            XDATA   0016H     0007H     INPAGE       ?PD?COMMUNICATION
            XDATA   001DH     0002H     INPAGE       ?PD?_MAGNET_DELAY?DELAY
            XDATA   001FH     0002H     INPAGE       ?PD?DELAY
            XDATA   0021H     0004H     INPAGE       ?PD?_MAGNET_CW?OTHER
            XDATA   0025H     0004H     INPAGE       ?PD?_MAGNET_CW_TAILI?OTHER
            XDATA   0029H     0002H     INPAGE       ?PD?PWM
            XDATA   002BH     0002H     INPAGE       ?PD?_INITTIMER?TIMER
            XDATA   002DH     0004H     INPAGE       ?PD?TIMER
            XDATA   0031H     0001H     INPAGE       ?PD?VOICE
            XDATA   0032H     0002H     INPAGE       ?PD?_FLASH_PAGE_ERASE?ISP_DATAFLASH
            XDATA   0034H     0003H     INPAGE       ?PD?_FLASH_WRITE_DATA?ISP_DATAFLASH
            XDATA   0037H     0003H     INPAGE       ?PD?_FLASH_READ_DATA?ISP_DATAFLASH
            XDATA   003AH     0001H     INPAGE       ?PD?HSCH_DISPATCH_TASKS?SCHEDULAR
            XDATA   003BH     0002H     INPAGE       ?PD?_HSCH_ADD_TASK?SCHEDULAR
            XDATA   003DH     0001H     INPAGE       ?PD?HSCH_UPDATE?SCHEDULAR
            XDATA   003EH     0004H     INPAGE       ?PD?SCHEDULAR
            XDATA   0042H     0047H     INPAGE       ?PD?MAIN
            XDATA   0089H     000BH     INPAGE       _PDATA_GROUP_

            * * * * * * *   C O D E   M E M O R Y   * * * * * * *
            CODE    0000H     0003H     ABSOLUTE     
            CODE    0003H     0008H     INBLOCK      ?PR?MOTO_VIBRATION?OTHER
            CODE    000BH     0003H     ABSOLUTE     
            CODE    000EH     0015H     INBLOCK      ?PR?_FLASH_PAGE_ERASE?ISP_DATAFLASH
            CODE    0023H     0003H     ABSOLUTE     
            CODE    0026H     0014H     INBLOCK      ?PR?DISABLE_ISP?ISP_DATAFLASH
            CODE    003AH     0001H     INBLOCK      ?PR?KEY_ROTATE_ON_SPEECH?VOICE
            CODE    003BH     0003H     ABSOLUTE     
            CODE    003EH     022BH     INBLOCK      ?PR?TIMER0?MAIN
            CODE    0269H     0177H     UNIT         ?C?LIB_CODE
            CODE    03E0H     0170H     INBLOCK      ?PR?UART_ISR?MAIN
            CODE    0550H     0112H     UNIT         ?C_INITSEG
            CODE    0662H     00DDH     INBLOCK      ?PR?_VERIFYBATTERY?BATTERY
            CODE    073FH     00A4H     INBLOCK      ?PR?DETECT_SELFLEARN_ACTION?OPERATION
            CODE    07E3H     001BH     INBLOCK      ?PR?ENSENSOR_AFTER_CLOSE?OPERATION
            CODE    07FEH     0001H     INBLOCK      ?PR?HSCH_REPORT_STATUS?SCHEDULAR
                    07FFH     0001H                  *** GAP ***
            CODE    0800H     00C2H     INBLOCK      ?PR?HSCH_UPDATE?SCHEDULAR
            CODE    08C2H     008CH     UNIT         ?C_C51STARTUP
            CODE    094EH     007DH     INBLOCK      ?PR?_HSCH_ADD_TASK?SCHEDULAR
            CODE    09CBH     0078H     INBLOCK      ?PR?_GETADCRESULT?AD
            CODE    0A43H     0075H     INBLOCK      ?PR?_INITTIMER?TIMER
            CODE    0AB8H     0073H     INBLOCK      ?PR?_SEND_CODE_TO_LOCK?COMMUNICATION
            CODE    0B2BH     0073H     INBLOCK      ?PR?_SEND_CODE_TO_LOCK_TAILI?COMMUNICATION
            CODE    0B9EH     0071H     INBLOCK      ?PR?HSCH_DISPATCH_TASKS?SCHEDULAR
            CODE    0C0FH     006EH     INBLOCK      ?PR?MAIN?MAIN
            CODE    0C7DH     006AH     INBLOCK      ?PR?RECEIVE_BYTE?COMMUNICATION
            CODE    0CE7H     006AH     INBLOCK      ?PR?RECEIVE_BYTE_LOCK?COMMUNICATION
            CODE    0D51H     0062H     INBLOCK      ?PR?_PWM_CHANNEL?PWM
            CODE    0DB3H     0060H     INBLOCK      ?PR?_SEND_DATA?COMMUNICATION
            CODE    0E13H     0057H     INBLOCK      ?PR?_UART_SEND_DATA?COMMUNICATION
            CODE    0E6AH     004CH     INBLOCK      ?PR?_INITT0?TIMER
            CODE    0EB6H     004BH     INBLOCK      ?PR?_HSCH_DELETE_TASK?SCHEDULAR
            CODE    0F01H     0048H     INBLOCK      ?PR?INITSIGNAL?COMMUNICATION
            CODE    0F49H     0048H     INBLOCK      ?PR?INITSIGNAL_F?COMMUNICATION
            CODE    0F91H     0047H     INBLOCK      ?PR?DISABLE_SENSOR?OTHER
BL51 BANKED LINKER/LOCATER V6.22                                                      07/27/2015  10:24:04  PAGE 3


            CODE    0FD8H     0026H     INBLOCK      ?PR?SELFLEARN_RESET?OPERATION
                    0FFEH     0002H                  *** GAP ***
            CODE    1000H     0045H     INBLOCK      ?PR?_UART_SEND_DATA_F?COMMUNICATION
            CODE    1045H     0043H     INBLOCK      ?PR?UART_SEND_DATA_MATCH?COMMUNICATION
            CODE    1088H     0041H     INBLOCK      ?PR?RECEIVE_WORD?COMMUNICATION
            CODE    10C9H     0041H     INBLOCK      ?PR?SELF_LEARN_PROGRAMMING_F?ISP_DATAFLASH
            CODE    110AH     003FH     INBLOCK      ?PR?_CUSTOM_DELAY?DELAY
            CODE    1149H     003EH     INBLOCK      ?PR?_MAGNET_DELAY?DELAY
            CODE    1187H     0036H     INBLOCK      ?PR?_INITUART?UART
            CODE    11BDH     0036H     INBLOCK      ?PR?_SC_SPEECH?VOICE
            CODE    11F3H     0034H     INBLOCK      ?PR?_COMMODE_DATA_WX?COMMUNICATION
            CODE    1227H     0032H     INBLOCK      ?PR?_COMMODE_DATA?COMMUNICATION
            CODE    1259H     0032H     INBLOCK      ?PR?ACCUMULATOR_VOICE_PROMOT?VOICE
            CODE    128BH     0032H     INBLOCK      ?PR?SELF_LEARN_PROGRAMMING?ISP_DATAFLASH
            CODE    12BDH     0031H     INBLOCK      ?PR?_MAGNET_CW?OTHER
            CODE    12EEH     0031H     INBLOCK      ?PR?_MAGNET_CW_TAILI?OTHER
            CODE    131FH     0030H     INBLOCK      ?PR?_FLASH_WRITE_DATA?ISP_DATAFLASH
            CODE    134FH     002FH     INBLOCK      ?PR?DETECT_VIBRATION?OPERATION
            CODE    137EH     002EH     INBLOCK      ?PR?SLAVE_AWAY_OPERATION?OPERATION
            CODE    13ACH     002CH     INBLOCK      ?PR?DETECT_WHEEL_MOVING?OPERATION
            CODE    13D8H     002BH     INBLOCK      ?PR?DETECT_CLOSE_ACTION?OPERATION
            CODE    1403H     002BH     INBLOCK      ?PR?_SENDNBYTE?UART
            CODE    142EH     0029H     INBLOCK      ?PR?DETECT_OPEN_ACTION?OPERATION
            CODE    1457H     0024H     INBLOCK      ?PR?SLAVE_NEARBY_OPERATION?OPERATION
            CODE    147BH     0023H     INBLOCK      ?PR?KBI_ISR?MAIN
            CODE    149EH     0022H     INBLOCK      ?PR?ENSENSOR_AFTERIDCERT?OPERATION
            CODE    14C0H     0021H     INBLOCK      ?PR?ENSENSOR_AFTER_SLAVE_AWAY?OPERATION
            CODE    14E1H     0020H     INBLOCK      ?PR?_DELAY_MS?DELAY
            CODE    1501H     001EH     INBLOCK      ?PR?RESET_AFTER_STOLEN_ALARMING?OPERATION
            CODE    151FH     001EH     INBLOCK      ?PR?_FLASH_READ_DATA?ISP_DATAFLASH
            CODE    153DH     001BH     INBLOCK      ?PR?INITVOICE?VOICE
            CODE    1558H     001AH     INBLOCK      ?PR?DELAY_1MS?DELAY
            CODE    1572H     001AH     INBLOCK      ?PR?DELAY_5MS?DELAY
            CODE    158CH     001AH     INBLOCK      ?PR?DELAY_10MS?DELAY
            CODE    15A6H     001AH     INBLOCK      ?PR?DELAY_12MS?DELAY
            CODE    15C0H     001AH     INBLOCK      ?PR?DELAY_50MS?DELAY
            CODE    15DAH     001AH     INBLOCK      ?PR?DELAY_100MS?DELAY
            CODE    15F4H     001AH     INBLOCK      ?PR?DELAY_500MS?DELAY
            CODE    160EH     001AH     INBLOCK      ?PR?TRIGGER_ISP?ISP_DATAFLASH
            CODE    1628H     0019H     INBLOCK      ?PR?_DELAY_US?DELAY
            CODE    1641H     0018H     INBLOCK      ?PR?HOST_STOLEN_ACTION?OPERATION
            CODE    1659H     0018H     INBLOCK      ?PR?INIT_PWM?PWM
            CODE    1671H     0017H     INBLOCK      ?PR?_DELAY?DELAY
            CODE    1688H     0016H     INBLOCK      ?PR?FELL_ALARM_TO_SLAVE?OPERATION
            CODE    169EH     0016H     INBLOCK      ?PR?RAISE_ALARM_TO_SLAVE?OPERATION
            CODE    16B4H     0016H     INBLOCK      ?PR?BATSTOLEN_ALARM_TO_SLAVE?OPERATION
            CODE    16CAH     0013H     INBLOCK      ?PR?HOST_TOUCH_SPEECH?VOICE
            CODE    16DDH     0013H     INBLOCK      ?PR?STOLEN_ALARM_SPEECH2?VOICE
            CODE    16F0H     0013H     INBLOCK      ?PR?ENABLE_ISP?ISP_DATAFLASH
            CODE    1703H     0011H     INBLOCK      ?PR?SELF_LEARN_SPEECH?VOICE
            CODE    1714H     0011H     INBLOCK      ?PR?IDCERTED_SPEECH?VOICE
            CODE    1725H     0010H     INBLOCK      ?PR?RESET_AFTER_WIREBROKEN?OPERATION
            CODE    1735H     000FH     INBLOCK      ?PR?HSCH_MANUAL_TIMER0_RELOAD?TIMER
            CODE    1744H     000FH     INBLOCK      ?PR?MOTORBAT_LOW_SPEECH?VOICE
            CODE    1753H     000FH     INBLOCK      ?PR?BATTERY_HINT?VOICE
            CODE    1762H     000FH     INBLOCK      ?PR?ID_SPEECH?VOICE
            CODE    1771H     000FH     INBLOCK      ?PR?HOST_2NDTOUCH_SPEECH?VOICE
BL51 BANKED LINKER/LOCATER V6.22                                                      07/27/2015  10:24:04  PAGE 4


            CODE    1780H     000FH     INBLOCK      ?PR?STOLEN_ALARM_SPEECH1?VOICE
            CODE    178FH     000FH     INBLOCK      ?PR?OPEN_LOCK_SPEECH?VOICE
            CODE    179EH     000FH     INBLOCK      ?PR?CLOSE_LOCK_SPEECH?VOICE
            CODE    17ADH     000FH     INBLOCK      ?PR?BATTERY_STOLEN_SPEECH?VOICE
            CODE    17BCH     000FH     INBLOCK      ?PR?CUTTING_WIRE_VOICE?VOICE
            CODE    17CBH     000FH     INBLOCK      ?PR?PRODUCT_TEST_VOICE?VOICE
            CODE    17DAH     000FH     INBLOCK      ?PR?BATTERY_LOW_ALARM_SPEECH?VOICE
            CODE    17E9H     000FH     INBLOCK      ?PR?BATTERY_HIGH_ALARM_SPEECH?VOICE
            CODE    17F8H     0008H     INBLOCK      ?PR?MYPWM?PWM
            CODE    1800H     000FH     INBLOCK      ?PR?ALARM_STOLEN_SPEECH?VOICE
            CODE    180FH     000FH     INBLOCK      ?PR?ALARM_RAISED_SPEECH?VOICE
            CODE    181EH     000FH     INBLOCK      ?PR?ALARM_FELL_SPEECH?VOICE
            CODE    182DH     000FH     INBLOCK      ?PR?HOST_BATTERY_HIGH_ALARM_SPEECH?VOICE
            CODE    183CH     000FH     INBLOCK      ?PR?BATTERY_STOLEN_SPEECH_F3?VOICE
            CODE    184BH     000FH     INBLOCK      ?PR?WIRE_BROKEN_SPEECH?VOICE
            CODE    185AH     000FH     INBLOCK      ?PR?LOCK_ROTATED_ON_SPEECH?VOICE
            CODE    1869H     000FH     INBLOCK      ?PR?LOCK_ROTATED_OFF_SPEECH?VOICE
            CODE    1878H     000EH     INBLOCK      ?PR?_MAGNET_ACW?OTHER
            CODE    1886H     000EH     INBLOCK      ?PR?_MAGNET_ACW_TAILI?OTHER
            CODE    1894H     000DH     INBLOCK      ?PR?CHECK_MOTOR_ACCUMULATOR?BATTERY
            CODE    18A1H     000CH     INBLOCK      ?PR?ENABLE_SENSOR?OTHER
            CODE    18ADH     000BH     INBLOCK      ?PR?INITSENSOR?OPERATION
            CODE    18B8H     0009H     INBLOCK      ?PR?INITTRANSCEIVER?COMMUNICATION
            CODE    18C1H     0009H     INBLOCK      ?PR?DISABLE_SENSOR_AFTER_IDCERT?OPERATION
            CODE    18CAH     0009H     INBLOCK      ?PR?ENTER_NOGUARD_VOICE?VOICE
            CODE    18D3H     0008H     INBLOCK      ?PR?_SENDDATA?UART
            CODE    18DBH     0005H     INBLOCK      ?PR?OPEN_TRANCEIVER?COMMUNICATION
            CODE    18E0H     0005H     INBLOCK      ?PR?CLOSE_TRANCEIVER?COMMUNICATION
            CODE    18E5H     0004H     INBLOCK      ?PR?SEOS_GO_TO_SLEEP?TIMER
            CODE    18E9H     0004H     INBLOCK      ?PR?HSCH_GO_TO_SLEEP?SCHEDULAR
            CODE    18EDH     0003H     INBLOCK      ?PR?HSCH_START?TIMER
                    18F0H     070BH                  *** GAP ***
            CODE    1FFBH     0001H     ABSOLUTE     
            CODE    1FFCH     0001H     ABSOLUTE     
            CODE    1FFDH     0001H     ABSOLUTE     
            CODE    1FFEH     0001H     ABSOLUTE     
            CODE    1FFFH     0001H     ABSOLUTE     
* OVERLAP * CODE    1FFFH     0001H     ABSOLUTE     



OVERLAY MAP OF MODULE:   DDC-F (AD)


SEGMENT                                             BIT_GROUP          PDATA_GROUP
  +--> CALLED SEGMENT                            START    LENGTH     START    LENGTH
------------------------------------------------------------------------------------
?PR?TIMER0?MAIN                                  -----    -----      -----    -----
  +--> ?PR?CHECK_MOTOR_ACCUMULATOR?BATTERY
  +--> ?PR?BATTERY_LOW_ALARM_SPEECH?VOICE
  +--> ?PR?_UART_SEND_DATA_F?COMMUNICATION
  +--> ?PR?UART_SEND_DATA_MATCH?COMMUNICATION
  +--> ?PR?MOTO_VIBRATION?OTHER

?PR?CHECK_MOTOR_ACCUMULATOR?BATTERY              -----    -----      -----    -----
  +--> ?PR?_GETADCRESULT?AD

BL51 BANKED LINKER/LOCATER V6.22                                                      07/27/2015  10:24:04  PAGE 5


?PR?BATTERY_LOW_ALARM_SPEECH?VOICE               -----    -----      -----    -----
  +--> ?PR?_SC_SPEECH?VOICE
  +--> ?PR?_DELAY?DELAY

?PR?_SC_SPEECH?VOICE                             -----    -----      0092H    0002H
  +--> ?PR?DELAY_50MS?DELAY
  +--> ?PR?_DELAY_US?DELAY

?PR?_UART_SEND_DATA_F?COMMUNICATION              -----    -----      0089H    0002H
  +--> ?PR?OPEN_TRANCEIVER?COMMUNICATION
  +--> ?PR?INITSIGNAL_F?COMMUNICATION
  +--> ?PR?_SENDNBYTE?UART
  +--> ?PR?CLOSE_TRANCEIVER?COMMUNICATION

?PR?INITSIGNAL_F?COMMUNICATION                   -----    -----      008BH    0003H
  +--> ?PR?_CUSTOM_DELAY?DELAY

?PR?_CUSTOM_DELAY?DELAY                          -----    -----      008EH    0004H

?PR?_SENDNBYTE?UART                              -----    -----      008BH    0003H
  +--> ?PR?_SENDDATA?UART

?PR?UART_SEND_DATA_MATCH?COMMUNICATION           -----    -----      -----    -----
  +--> ?PR?OPEN_TRANCEIVER?COMMUNICATION
  +--> ?PR?INITSIGNAL?COMMUNICATION
  +--> ?PR?_SENDNBYTE?UART
  +--> ?PR?DELAY_50MS?DELAY
  +--> ?PR?CLOSE_TRANCEIVER?COMMUNICATION

?PR?INITSIGNAL?COMMUNICATION                     -----    -----      0089H    0003H
  +--> ?PR?_CUSTOM_DELAY?DELAY

?PR?MOTO_VIBRATION?OTHER                         -----    -----      -----    -----
  +--> ?PR?DELAY_500MS?DELAY

*** NEW ROOT ***************************************************

?C_C51STARTUP                                    -----    -----      -----    -----
  +--> ?PR?MAIN?MAIN
  +--> ?C_INITSEG

?PR?MAIN?MAIN                                    -----    -----      -----    -----
  +--> ?PR?INITVOICE?VOICE
  +--> ?PR?_INITUART?UART
  +--> ?PR?ALARM_STOLEN_SPEECH?VOICE
  +--> ?PR?MOTO_VIBRATION?OTHER
  +--> ?PR?ALARM_RAISED_SPEECH?VOICE
  +--> ?PR?ALARM_FELL_SPEECH?VOICE
  +--> ?PR?WIRE_BROKEN_SPEECH?VOICE
  +--> ?PR?HOST_BATTERY_HIGH_ALARM_SPEECH?VOICE
  +--> ?PR?SEOS_GO_TO_SLEEP?TIMER

?PR?INITVOICE?VOICE                              -----    -----      -----    -----
  +--> ?PR?_DELAY_US?DELAY

?PR?_INITUART?UART                               -----    -----      -----    -----
  +--> ?PR?_INITT0?TIMER
BL51 BANKED LINKER/LOCATER V6.22                                                      07/27/2015  10:24:04  PAGE 6



?PR?_INITT0?TIMER                                -----    -----      0092H    0002H
  +--> ?PR?_HSCH_DELETE_TASK?SCHEDULAR
  +--> ?PR?HSCH_MANUAL_TIMER0_RELOAD?TIMER

?PR?_HSCH_DELETE_TASK?SCHEDULAR                  0025H.4  0000H.1    -----    -----

?PR?ALARM_STOLEN_SPEECH?VOICE                    -----    -----      -----    -----
  +--> ?PR?_SC_SPEECH?VOICE
  +--> ?PR?_DELAY?DELAY

?PR?ALARM_RAISED_SPEECH?VOICE                    -----    -----      -----    -----
  +--> ?PR?_SC_SPEECH?VOICE
  +--> ?PR?_DELAY?DELAY

?PR?ALARM_FELL_SPEECH?VOICE                      -----    -----      -----    -----
  +--> ?PR?_SC_SPEECH?VOICE
  +--> ?PR?_DELAY?DELAY

?PR?WIRE_BROKEN_SPEECH?VOICE                     -----    -----      -----    -----
  +--> ?PR?_SC_SPEECH?VOICE
  +--> ?PR?_DELAY?DELAY

?PR?HOST_BATTERY_HIGH_ALARM_SPEECH?VOICE         -----    -----      -----    -----
  +--> ?PR?_SC_SPEECH?VOICE
  +--> ?PR?_DELAY?DELAY



UNRESOLVED EXTERNAL SYMBOLS:
   AFTER_IDCERT_TIMECOUNT
   CHECK_MOTOBATTERY_COUNT
   CHECK_MOTOBATTERY_FLAG
   ELECMOTOR_ACW
   ELECMOTOR_CW
   EN_HOST_STOLEN_ALARMING
   FLASHING_FLAG
   HOST_STOLEN_ALARMING
   IDKEY_FLASH_EN
   IDKEY_SELFLEARN_FLAG1
   IDKEY_SELFLEARN_FLAG2
   IDKEY_SELFLEARN_FLAG3
   IDKEY_SELFLEARN_FLAG4
   IDKEY_SELFLEARN_FLAG5
   IDKEY_SELFLEARN_HVCOUNT
   IDKEY_SELFLEARN_LVCOUNT
   IDKEY_SPEECH_FLASH
   ID_CERTIFICATED_FLAG
   ID_CERTIFICATED_NUMBERS
   ID_SELFLEARNING_FLAG
   ID_SELFLEARNING_TIMECOUNT
   ID_SPEECHED_FLAG
   JUST_POWER_UP
   LOAD_BATTERY_RESULT
   NEVER_ALARM
   NEVER_ALARM_SPEECH
   OPEN_ACTION_FLAG
BL51 BANKED LINKER/LOCATER V6.22                                                      07/27/2015  10:24:04  PAGE 7


   SILENCE_FLAG
   SLAVE_NEARBY_ACTIONED_FLAG
   SLAVE_NEARBY_COUNT
   STOLEN_ALARM_RESET_COUNT
   WIRE_BROKEN_RESET



SYMBOL TABLE OF MODULE:  DDC-F (AD)

  VALUE           TYPE          NAME
  ----------------------------------

  -------         MODULE        AD
  C:0000H         SYMBOL        _ICE_DUMMY_
  D:0080H         PUBLIC        P0
  D:0090H         PUBLIC        P1
  D:00A0H         PUBLIC        P2
  D:00B0H         PUBLIC        P3
  D:00A8H         PUBLIC        IE
  D:00E2H         PUBLIC        ADCH
  B:00F8H.4       PUBLIC        ADCI
  D:00B8H         PUBLIC        IP
  B:00F8H.3       PUBLIC        ADCS
  D:00F6H         PUBLIC        P0DIDS
  D:00D8H         PUBLIC        WDCON0
  D:0098H         PUBLIC        SCON
  D:0088H         PUBLIC        TCON
  B:00F8H.0       PUBLIC        AADR0
  B:00F8H.1       PUBLIC        AADR1
  B:00F8H.2       PUBLIC        AADR2
  D:00E8H         PUBLIC        EIE
  D:00F8H         PUBLIC        ADCCON0
  D:00E1H         PUBLIC        ADCCON1
  D:00C0H         PUBLIC        I2CON
  D:00C8H         PUBLIC        T2CON
  C:09CBH         PUBLIC        _GetADCResult
  D:00D0H         PUBLIC        PSW
  -------         PROC          _GETADCRESULT
  D:0007H         SYMBOL        ch
  -------         DO            
  D:0005H         SYMBOL        DataL
  D:0002H         SYMBOL        DataH
  -------         ENDDO         
  C:09CBH         LINE#         17
  C:09CBH         LINE#         18
  C:09CBH         LINE#         19
  C:09CCH         LINE#         20
  C:09CDH         LINE#         22
  C:09D2H         LINE#         23
  C:09D2H         LINE#         25
  C:09D5H         LINE#         27
  C:09D7H         LINE#         28
  C:09D9H         LINE#         29
  C:09DBH         LINE#         31
  C:09DEH         LINE#         33
  C:09E0H         LINE#         34
BL51 BANKED LINKER/LOCATER V6.22                                                      07/27/2015  10:24:04  PAGE 8


  C:09E2H         LINE#         36
  C:09E4H         LINE#         37
  C:09EBH         LINE#         39
  C:09EFH         LINE#         40
  C:0A01H         LINE#         42
  C:0A05H         LINE#         43
  C:0A05H         LINE#         45
  C:0A0AH         LINE#         46
  C:0A0AH         LINE#         48
  C:0A0DH         LINE#         51
  C:0A0FH         LINE#         52
  C:0A11H         LINE#         53
  C:0A13H         LINE#         55
  C:0A16H         LINE#         57
  C:0A18H         LINE#         58
  C:0A1AH         LINE#         60
  C:0A1CH         LINE#         61
  C:0A23H         LINE#         63
  C:0A29H         LINE#         64
  C:0A3BH         LINE#         66
  C:0A3FH         LINE#         67
  C:0A3FH         LINE#         69
  C:0A42H         LINE#         70
  -------         ENDPROC       _GETADCRESULT
  -------         ENDMOD        AD

  -------         MODULE        BATTERY
  C:0000H         SYMBOL        _ICE_DUMMY_
  C:1894H         PUBLIC        Check_motor_accumulator
  D:0080H         PUBLIC        P0
  D:0090H         PUBLIC        P1
  D:00A0H         PUBLIC        P2
  D:00B0H         PUBLIC        P3
  X:0002H         PUBLIC        Check2_stage
  B:0090H.4       PUBLIC        voice_EN
  D:00A8H         PUBLIC        IE
  D:00B8H         PUBLIC        IP
  C:0662H         PUBLIC        _verifybattery
  D:00D8H         PUBLIC        WDCON0
  D:0098H         PUBLIC        SCON
  D:0088H         PUBLIC        TCON
  D:00E8H         PUBLIC        EIE
  D:00F8H         PUBLIC        ADCCON0
  D:00C0H         PUBLIC        I2CON
  D:00C8H         PUBLIC        T2CON
  D:00D0H         PUBLIC        PSW
  -------         PROC          CHECK_MOTOR_ACCUMULATOR
  C:1894H         LINE#         22
  C:1894H         LINE#         23
  C:1894H         LINE#         25
  C:18A0H         LINE#         26
  -------         ENDPROC       CHECK_MOTOR_ACCUMULATOR
  -------         PROC          _VERIFYBATTERY
  X:0000H         SYMBOL        Check2
  C:0662H         LINE#         33
  C:0669H         LINE#         34
  C:0669H         LINE#         39
BL51 BANKED LINKER/LOCATER V6.22                                                      07/27/2015  10:24:04  PAGE 9


  C:0671H         LINE#         40
  C:0671H         LINE#         41
  C:0673H         LINE#         42
  C:0678H         LINE#         43
  C:067AH         LINE#         44
  C:067AH         LINE#         45
  C:067CH         LINE#         47
  C:0694H         LINE#         48
  C:0694H         LINE#         49
  C:0696H         LINE#         50
  C:069BH         LINE#         51
  C:069DH         LINE#         52
  C:069DH         LINE#         53
  C:069FH         LINE#         55
  C:06B7H         LINE#         56
  C:06B7H         LINE#         57
  C:06B9H         LINE#         58
  C:06BEH         LINE#         59
  C:06C0H         LINE#         60
  C:06C0H         LINE#         61
  C:06C2H         LINE#         63
  C:06DAH         LINE#         64
  C:06DAH         LINE#         65
  C:06DCH         LINE#         66
  C:06E1H         LINE#         67
  C:06E3H         LINE#         68
  C:06E3H         LINE#         69
  C:06E5H         LINE#         71
  C:06FDH         LINE#         72
  C:06FDH         LINE#         73
  C:06FFH         LINE#         74
  C:0704H         LINE#         75
  C:0706H         LINE#         76
  C:0706H         LINE#         77
  C:0708H         LINE#         79
  C:0720H         LINE#         80
  C:0720H         LINE#         81
  C:0722H         LINE#         82
  C:0727H         LINE#         83
  C:072CH         LINE#         84
  C:072EH         LINE#         85
  C:072FH         LINE#         87
  C:073BH         LINE#         88
  C:073BH         LINE#         89
  C:073EH         LINE#         90
  C:073EH         LINE#         247
  -------         ENDPROC       _VERIFYBATTERY
  -------         ENDMOD        BATTERY

  -------         MODULE        COMMUNICATION
  C:0000H         SYMBOL        _ICE_DUMMY_
  C:0C7DH         PUBLIC        receive_byte
  D:0080H         PUBLIC        P0
  D:0090H         PUBLIC        P1
  B:00B0H.0       PUBLIC        receive_wire
  D:00A0H         PUBLIC        P2
  D:00B0H         PUBLIC        P3
BL51 BANKED LINKER/LOCATER V6.22                                                      07/27/2015  10:24:04  PAGE 10


  C:1227H         PUBLIC        _ComMode_Data
  C:0E13H         PUBLIC        _UART_Send_Data
  C:1088H         PUBLIC        receive_word
  D:00A8H         PUBLIC        IE
  C:11F3H         PUBLIC        _ComMode_Data_WX
  D:00B8H         PUBLIC        IP
  C:18B8H         PUBLIC        InitTransceiver
  B:0080H.1       PUBLIC        lock_code
  C:1000H         PUBLIC        _UART_Send_Data_F
  D:00D8H         PUBLIC        WDCON0
  B:0090H.0       PUBLIC        P10
  B:0090H.1       PUBLIC        P11
  C:18E0H         PUBLIC        close_tranceiver
  D:0098H         PUBLIC        SCON
  D:0088H         PUBLIC        TCON
  C:0F01H         PUBLIC        initsignal
  B:00A0H.7       PUBLIC        transmiter_EN
  B:0090H.3       PUBLIC        receiver_EN
  C:18DBH         PUBLIC        open_tranceiver
  C:0B2BH         PUBLIC        _send_code_to_lock_Taili
  D:00E8H         PUBLIC        EIE
  B:00A0H.3       PUBLIC        MagentControl_2
  D:00F8H         PUBLIC        ADCCON0
  D:00C0H         PUBLIC        I2CON
  C:0F49H         PUBLIC        initsignal_F
  B:00A0H.6       PUBLIC        transmiter_power
  D:00C8H         PUBLIC        T2CON
  C:0DB3H         PUBLIC        _Send_Data
  C:0CE7H         PUBLIC        receive_byte_Lock
  B:0090H.0       PUBLIC        TXD
  C:1045H         PUBLIC        UART_Send_Data_match
  C:0AB8H         PUBLIC        _send_code_to_lock
  D:00D0H         PUBLIC        PSW
  X:0016H         PUBLIC        myTxRxData
  -------         PROC          INITTRANSCEIVER
  C:18B8H         LINE#         38
  C:18B8H         LINE#         39
  C:18B8H         LINE#         40
  C:18BAH         LINE#         41
  C:18BCH         LINE#         42
  C:18BEH         LINE#         43
  C:18C0H         LINE#         44
  -------         ENDPROC       INITTRANSCEIVER
  -------         PROC          INITSIGNAL
  -------         DO            
  X:0089H         SYMBOL        k
  X:008AH         SYMBOL        k1
  X:008BH         SYMBOL        mystartbuffer
  -------         ENDDO         
  C:0F01H         LINE#         53
  C:0F01H         LINE#         54
  C:0F01H         LINE#         56
  C:0F06H         LINE#         57
  C:0F09H         LINE#         58
  C:0F09H         LINE#         59
  C:0F0DH         LINE#         60
  C:0F0DH         LINE#         61
BL51 BANKED LINKER/LOCATER V6.22                                                      07/27/2015  10:24:04  PAGE 11


  C:0F10H         LINE#         62
  C:0F10H         LINE#         63
  C:0F10H         LINE#         64
  C:0F10H         LINE#         66
  C:0F10H         LINE#         68
  C:0F10H         LINE#         69
  C:0F12H         LINE#         70
  C:0F1BH         LINE#         72
  C:0F1BH         LINE#         73
  C:0F1DH         LINE#         74
  C:0F23H         LINE#         75
  C:0F2CH         LINE#         77
  C:0F37H         LINE#         78
  C:0F3CH         LINE#         81
  C:0F46H         LINE#         82
  C:0F48H         LINE#         83
  -------         ENDPROC       INITSIGNAL
  -------         PROC          INITSIGNAL_F
  -------         DO            
  X:008BH         SYMBOL        k
  X:008CH         SYMBOL        k1
  X:008DH         SYMBOL        mystartbuffer
  -------         ENDDO         
  C:0F49H         LINE#         85
  C:0F49H         LINE#         86
  C:0F49H         LINE#         88
  C:0F4EH         LINE#         89
  C:0F51H         LINE#         90
  C:0F51H         LINE#         95
  C:0F55H         LINE#         97
  C:0F55H         LINE#         98
  C:0F58H         LINE#         99
  C:0F58H         LINE#         100
  C:0F58H         LINE#         101
  C:0F58H         LINE#         103
  C:0F58H         LINE#         105
  C:0F58H         LINE#         106
  C:0F5AH         LINE#         107
  C:0F63H         LINE#         109
  C:0F63H         LINE#         110
  C:0F65H         LINE#         111
  C:0F6BH         LINE#         112
  C:0F74H         LINE#         114
  C:0F7FH         LINE#         115
  C:0F84H         LINE#         118
  C:0F8EH         LINE#         119
  C:0F90H         LINE#         120
  -------         ENDPROC       INITSIGNAL_F
  -------         PROC          _SEND_DATA
  X:0003H         SYMBOL        x
  -------         DO            
  X:0004H         SYMBOL        i
  X:0005H         SYMBOL        n
  -------         ENDDO         
  C:0DB3H         LINE#         126
  C:0DB7H         LINE#         127
  C:0DB7H         LINE#         129
BL51 BANKED LINKER/LOCATER V6.22                                                      07/27/2015  10:24:04  PAGE 12


  C:0DBAH         LINE#         130
  C:0DBAH         LINE#         131
  C:0DBEH         LINE#         132
  C:0DBEH         LINE#         133
  C:0DC8H         LINE#         134
  C:0DC8H         LINE#         135
  C:0DCAH         LINE#         136
  C:0DD2H         LINE#         137
  C:0DD4H         LINE#         139
  C:0DD4H         LINE#         140
  C:0DD6H         LINE#         141
  C:0DE1H         LINE#         142
  C:0DE1H         LINE#         143
  C:0DE3H         LINE#         144
  C:0DF1H         LINE#         145
  C:0DFCH         LINE#         146
  C:0E07H         LINE#         147
  C:0E12H         LINE#         148
  -------         ENDPROC       _SEND_DATA
  -------         PROC          _COMMODE_DATA
  X:0006H         SYMBOL        ComMode
  X:0007H         SYMBOL        x
  C:1227H         LINE#         156
  C:1231H         LINE#         157
  C:1231H         LINE#         158
  C:1233H         LINE#         159
  C:1238H         LINE#         160
  C:123AH         LINE#         161
  C:123FH         LINE#         162
  C:1243H         LINE#         163
  C:1249H         LINE#         165
  C:124CH         LINE#         166
  C:1254H         LINE#         168
  C:1256H         LINE#         169
  C:1258H         LINE#         170
  -------         ENDPROC       _COMMODE_DATA
  -------         PROC          _COMMODE_DATA_WX
  X:0009H         SYMBOL        ComMode
  X:000AH         SYMBOL        x
  C:11F3H         LINE#         178
  C:11FDH         LINE#         179
  C:11FDH         LINE#         180
  C:11FFH         LINE#         181
  C:1204H         LINE#         182
  C:1206H         LINE#         183
  C:120BH         LINE#         184
  C:120FH         LINE#         185
  C:1215H         LINE#         187
  C:1218H         LINE#         188
  C:1220H         LINE#         190
  C:1222H         LINE#         191
  C:1224H         LINE#         192
  C:1226H         LINE#         193
  -------         ENDPROC       _COMMODE_DATA_WX
  -------         PROC          _UART_SEND_DATA
  X:000CH         SYMBOL        command
  -------         DO            
BL51 BANKED LINKER/LOCATER V6.22                                                      07/27/2015  10:24:04  PAGE 13


  X:000DH         SYMBOL        ii
  -------         ENDDO         
  C:0E13H         LINE#         198
  C:0E17H         LINE#         199
  C:0E17H         LINE#         200
  C:0E1AH         LINE#         201
  C:0E1DH         LINE#         202
  C:0E25H         LINE#         203
  C:0E2CH         LINE#         204
  C:0E33H         LINE#         205
  C:0E3AH         LINE#         206
  C:0E41H         LINE#         207
  C:0E47H         LINE#         209
  C:0E4AH         LINE#         211
  C:0E4EH         LINE#         212
  C:0E4EH         LINE#         213
  C:0E59H         LINE#         214
  C:0E5CH         LINE#         215
  C:0E67H         LINE#         217
  -------         ENDPROC       _UART_SEND_DATA
  -------         PROC          _UART_SEND_DATA_F
  X:0089H         SYMBOL        command
  -------         DO            
  X:008AH         SYMBOL        ii
  -------         ENDDO         
  C:1000H         LINE#         223
  C:1004H         LINE#         224
  C:1004H         LINE#         225
  C:1007H         LINE#         226
  C:100AH         LINE#         227
  C:1012H         LINE#         228
  C:1019H         LINE#         229
  C:1020H         LINE#         230
  C:1027H         LINE#         231
  C:102EH         LINE#         232
  C:1034H         LINE#         234
  C:1037H         LINE#         235
  C:1042H         LINE#         237
  -------         ENDPROC       _UART_SEND_DATA_F
  -------         PROC          OPEN_TRANCEIVER
  C:18DBH         LINE#         244
  C:18DBH         LINE#         245
  C:18DBH         LINE#         250
  C:18DDH         LINE#         251
  C:18DFH         LINE#         252
  -------         ENDPROC       OPEN_TRANCEIVER
  -------         PROC          CLOSE_TRANCEIVER
  C:18E0H         LINE#         258
  C:18E0H         LINE#         259
  C:18E0H         LINE#         261
  C:18E2H         LINE#         264
  C:18E4H         LINE#         269
  -------         ENDPROC       CLOSE_TRANCEIVER
  -------         PROC          UART_SEND_DATA_MATCH
  C:1045H         LINE#         274
  C:1045H         LINE#         275
  C:1045H         LINE#         276
BL51 BANKED LINKER/LOCATER V6.22                                                      07/27/2015  10:24:04  PAGE 14


  C:1048H         LINE#         278
  C:104DH         LINE#         279
  C:1051H         LINE#         280
  C:1058H         LINE#         281
  C:105FH         LINE#         282
  C:1066H         LINE#         283
  C:106DH         LINE#         284
  C:1074H         LINE#         286
  C:1077H         LINE#         288
  C:1082H         LINE#         289
  C:1085H         LINE#         291
  -------         ENDPROC       UART_SEND_DATA_MATCH
  -------         PROC          RECEIVE_BYTE
  C:0C7DH         LINE#         298
  C:0C7DH         LINE#         299
  C:0C7DH         LINE#         301
  C:0C80H         LINE#         302
  C:0C80H         LINE#         304
  C:0C8AH         LINE#         305
  C:0C8AH         LINE#         306
  C:0C8CH         LINE#         307
  C:0C8CH         LINE#         308
  C:0C8EH         LINE#         309
  C:0C8FH         LINE#         312
  C:0C8FH         LINE#         314
  C:0C92H         LINE#         315
  C:0C92H         LINE#         317
  C:0C94H         LINE#         320
  C:0CA3H         LINE#         321
  C:0CA3H         LINE#         323
  C:0CA9H         LINE#         324
  C:0CABH         LINE#         325
  C:0CABH         LINE#         326
  C:0CABH         LINE#         327
  C:0CADH         LINE#         329
  C:0CB5H         LINE#         330
  C:0CB5H         LINE#         332
  C:0CBBH         LINE#         333
  C:0CBEH         LINE#         334
  C:0CC3H         LINE#         335
  C:0CC7H         LINE#         336
  C:0CC9H         LINE#         338
  C:0CC9H         LINE#         340
  C:0CCEH         LINE#         341
  C:0CCEH         LINE#         343
  C:0CD2H         LINE#         344
  C:0CD3H         LINE#         346
  C:0CD3H         LINE#         348
  C:0CDDH         LINE#         349
  C:0CDDH         LINE#         350
  C:0CE1H         LINE#         351
  C:0CE3H         LINE#         352
  C:0CE6H         LINE#         353
  C:0CE6H         LINE#         354
  C:0CE6H         LINE#         355
  C:0CE6H         LINE#         356
  -------         ENDPROC       RECEIVE_BYTE
BL51 BANKED LINKER/LOCATER V6.22                                                      07/27/2015  10:24:04  PAGE 15


  -------         PROC          RECEIVE_BYTE_LOCK
  C:0CE7H         LINE#         362
  C:0CE7H         LINE#         363
  C:0CE7H         LINE#         365
  C:0CEAH         LINE#         366
  C:0CEAH         LINE#         368
  C:0CF4H         LINE#         369
  C:0CF4H         LINE#         370
  C:0CF6H         LINE#         371
  C:0CF6H         LINE#         372
  C:0CF8H         LINE#         373
  C:0CF9H         LINE#         376
  C:0CF9H         LINE#         378
  C:0CFCH         LINE#         379
  C:0CFCH         LINE#         381
  C:0CFEH         LINE#         384
  C:0D0DH         LINE#         385
  C:0D0DH         LINE#         387
  C:0D13H         LINE#         388
  C:0D15H         LINE#         389
  C:0D15H         LINE#         390
  C:0D15H         LINE#         391
  C:0D17H         LINE#         393
  C:0D1FH         LINE#         394
  C:0D1FH         LINE#         396
  C:0D25H         LINE#         397
  C:0D28H         LINE#         398
  C:0D2DH         LINE#         399
  C:0D31H         LINE#         400
  C:0D33H         LINE#         402
  C:0D33H         LINE#         404
  C:0D38H         LINE#         405
  C:0D38H         LINE#         407
  C:0D3CH         LINE#         408
  C:0D3DH         LINE#         410
  C:0D3DH         LINE#         412
  C:0D47H         LINE#         413
  C:0D47H         LINE#         414
  C:0D4BH         LINE#         415
  C:0D4DH         LINE#         416
  C:0D50H         LINE#         417
  C:0D50H         LINE#         418
  C:0D50H         LINE#         419
  C:0D50H         LINE#         420
  -------         ENDPROC       RECEIVE_BYTE_LOCK
  -------         PROC          RECEIVE_WORD
  C:1088H         LINE#         426
  C:1088H         LINE#         427
  C:1088H         LINE#         429
  C:108FH         LINE#         430
  C:108FH         LINE#         431
  C:1090H         LINE#         433
  C:109DH         LINE#         436
  C:10A6H         LINE#         437
  C:10A6H         LINE#         438
  C:10ABH         LINE#         439
  C:10ACH         LINE#         441
BL51 BANKED LINKER/LOCATER V6.22                                                      07/27/2015  10:24:04  PAGE 16


  C:10B6H         LINE#         442
  C:10B6H         LINE#         443
  C:10BBH         LINE#         444
  C:10BCH         LINE#         445
  C:10C0H         LINE#         446
  C:10C0H         LINE#         447
  C:10C2H         LINE#         448
  C:10C2H         LINE#         449
  C:10C4H         LINE#         451
  C:10C4H         LINE#         452
  C:10C8H         LINE#         453
  C:10C8H         LINE#         454
  C:10C8H         LINE#         455
  -------         ENDPROC       RECEIVE_WORD
  -------         PROC          _SEND_CODE_TO_LOCK
  D:0007H         SYMBOL        x
  X:000EH         SYMBOL        y
  -------         DO            
  X:0010H         SYMBOL        i
  X:0011H         SYMBOL        n
  -------         ENDDO         
  C:0AB8H         LINE#         462
  C:0ABFH         LINE#         463
  C:0ABFH         LINE#         465
  C:0AC4H         LINE#         466
  C:0AC8H         LINE#         467
  C:0ACBH         LINE#         473
  C:0ACFH         LINE#         474
  C:0ACFH         LINE#         475
  C:0AD3H         LINE#         476
  C:0AD3H         LINE#         477
  C:0ADDH         LINE#         478
  C:0ADDH         LINE#         479
  C:0ADFH         LINE#         480
  C:0AE8H         LINE#         481
  C:0AEAH         LINE#         483
  C:0AEAH         LINE#         484
  C:0AECH         LINE#         485
  C:0AF8H         LINE#         486
  C:0AF8H         LINE#         487
  C:0AFAH         LINE#         488
  C:0B08H         LINE#         489
  C:0B14H         LINE#         490
  C:0B1FH         LINE#         491
  C:0B2AH         LINE#         492
  -------         ENDPROC       _SEND_CODE_TO_LOCK
  -------         PROC          _SEND_CODE_TO_LOCK_TAILI
  D:0007H         SYMBOL        x
  X:0012H         SYMBOL        y
  -------         DO            
  X:0014H         SYMBOL        i
  X:0015H         SYMBOL        n
  -------         ENDDO         
  C:0B2BH         LINE#         499
  C:0B32H         LINE#         500
  C:0B32H         LINE#         502
  C:0B37H         LINE#         503
BL51 BANKED LINKER/LOCATER V6.22                                                      07/27/2015  10:24:04  PAGE 17


  C:0B3BH         LINE#         504
  C:0B3EH         LINE#         510
  C:0B42H         LINE#         511
  C:0B42H         LINE#         512
  C:0B46H         LINE#         513
  C:0B46H         LINE#         514
  C:0B50H         LINE#         515
  C:0B50H         LINE#         516
  C:0B52H         LINE#         517
  C:0B5BH         LINE#         518
  C:0B5DH         LINE#         520
  C:0B5DH         LINE#         521
  C:0B5FH         LINE#         522
  C:0B6BH         LINE#         523
  C:0B6BH         LINE#         524
  C:0B6DH         LINE#         525
  C:0B7BH         LINE#         526
  C:0B87H         LINE#         527
  C:0B92H         LINE#         528
  C:0B9DH         LINE#         529
  -------         ENDPROC       _SEND_CODE_TO_LOCK_TAILI
  -------         ENDMOD        COMMUNICATION

  -------         MODULE        DELAY
  C:0000H         SYMBOL        _ICE_DUMMY_
  D:0080H         PUBLIC        P0
  D:0090H         PUBLIC        P1
  D:00A0H         PUBLIC        P2
  D:00B0H         PUBLIC        P3
  X:001FH         PUBLIC        Timeout_loop
  D:00A8H         PUBLIC        IE
  C:158CH         PUBLIC        Delay_10ms
  C:15A6H         PUBLIC        Delay_12ms
  C:15C0H         PUBLIC        Delay_50ms
  D:00B8H         PUBLIC        IP
  B:0090H.2       PUBLIC        magnet_overcurrent
  D:00D8H         PUBLIC        WDCON0
  C:1149H         PUBLIC        _Magnet_Delay
  D:0098H         PUBLIC        SCON
  D:0088H         PUBLIC        TCON
  C:15DAH         PUBLIC        Delay_100ms
  C:15F4H         PUBLIC        Delay_500ms
  C:110AH         PUBLIC        _Custom_Delay
  C:14E1H         PUBLIC        _delay_ms
  D:00E8H         PUBLIC        EIE
  D:00F8H         PUBLIC        ADCCON0
  C:1628H         PUBLIC        _delay_us
  D:00C0H         PUBLIC        I2CON
  C:1558H         PUBLIC        Delay_1ms
  D:00C8H         PUBLIC        T2CON
  C:1572H         PUBLIC        Delay_5ms
  C:1671H         PUBLIC        _Delay
  D:00D0H         PUBLIC        PSW
  -------         PROC          DELAY_1MS
  C:1558H         LINE#         15
  C:1558H         LINE#         16
  C:1558H         LINE#         17
BL51 BANKED LINKER/LOCATER V6.22                                                      07/27/2015  10:24:04  PAGE 18


  C:1561H         LINE#         20
  C:1571H         LINE#         21
  -------         ENDPROC       DELAY_1MS
  -------         PROC          DELAY_5MS
  C:1572H         LINE#         23
  C:1572H         LINE#         24
  C:1572H         LINE#         25
  C:157BH         LINE#         28
  C:158BH         LINE#         29
  -------         ENDPROC       DELAY_5MS
  -------         PROC          DELAY_10MS
  C:158CH         LINE#         31
  C:158CH         LINE#         32
  C:158CH         LINE#         33
  C:1595H         LINE#         36
  C:15A5H         LINE#         37
  -------         ENDPROC       DELAY_10MS
  -------         PROC          DELAY_12MS
  C:15A6H         LINE#         39
  C:15A6H         LINE#         40
  C:15A6H         LINE#         41
  C:15AFH         LINE#         44
  C:15BFH         LINE#         45
  -------         ENDPROC       DELAY_12MS
  -------         PROC          DELAY_50MS
  C:15C0H         LINE#         48
  C:15C0H         LINE#         49
  C:15C0H         LINE#         50
  C:15C9H         LINE#         53
  C:15D9H         LINE#         54
  -------         ENDPROC       DELAY_50MS
  -------         PROC          DELAY_100MS
  C:15DAH         LINE#         57
  C:15DAH         LINE#         58
  C:15DAH         LINE#         59
  C:15E3H         LINE#         62
  C:15F3H         LINE#         63
  -------         ENDPROC       DELAY_100MS
  -------         PROC          DELAY_500MS
  C:15F4H         LINE#         66
  C:15F4H         LINE#         67
  C:15F4H         LINE#         68
  C:15FDH         LINE#         71
  C:160DH         LINE#         72
  -------         ENDPROC       DELAY_500MS
  -------         PROC          _DELAY
  D:0007H         SYMBOL        n
  -------         DO            
  D:0004H         SYMBOL        x
  -------         ENDDO         
  C:1671H         LINE#         79
  C:1671H         LINE#         80
  C:1671H         LINE#         82
  C:1677H         LINE#         83
  C:1677H         LINE#         84
  C:167BH         LINE#         85
  C:1687H         LINE#         87
BL51 BANKED LINKER/LOCATER V6.22                                                      07/27/2015  10:24:04  PAGE 19


  -------         ENDPROC       _DELAY
  -------         PROC          _CUSTOM_DELAY
  D:0007H         SYMBOL        t
  X:008EH         SYMBOL        m
  -------         DO            
  X:0090H         SYMBOL        i
  D:0006H         SYMBOL        j
  -------         ENDDO         
  C:110AH         LINE#         93
  C:1111H         LINE#         94
  C:1111H         LINE#         97
  C:1123H         LINE#         98
  C:1148H         LINE#         99
  -------         ENDPROC       _CUSTOM_DELAY
  -------         PROC          _DELAY_MS
  D:0006H         SYMBOL        count
  -------         DO            
  D:0004H         SYMBOL        i
  D:0002H         SYMBOL        j
  -------         ENDDO         
  C:14E1H         LINE#         106
  C:14E1H         LINE#         107
  C:14E1H         LINE#         109
  C:14EBH         LINE#         110
  C:14EBH         LINE#         111
  C:14F9H         LINE#         112
  C:1500H         LINE#         113
  -------         ENDPROC       _DELAY_MS
  -------         PROC          _DELAY_US
  D:0006H         SYMBOL        count1
  -------         DO            
  D:0004H         SYMBOL        i
  D:0003H         SYMBOL        j
  -------         ENDDO         
  C:1628H         LINE#         121
  C:1628H         LINE#         122
  C:1628H         LINE#         125
  C:1632H         LINE#         126
  C:1632H         LINE#         127
  C:1639H         LINE#         128
  C:1640H         LINE#         129
  -------         ENDPROC       _DELAY_US
  -------         PROC          _MAGNET_DELAY
  X:001DH         SYMBOL        x
  D:0004H         SYMBOL        y
  -------         DO            
  D:0001H         SYMBOL        i
  D:0002H         SYMBOL        j
  -------         ENDDO         
  C:1149H         LINE#         135
  C:1150H         LINE#         136
  C:1150H         LINE#         139
  C:1152H         LINE#         140
  C:1152H         LINE#         141
  C:1166H         LINE#         142
  C:116BH         LINE#         143
  C:116DH         LINE#         144
BL51 BANKED LINKER/LOCATER V6.22                                                      07/27/2015  10:24:04  PAGE 20


  C:116DH         LINE#         146
  C:1170H         LINE#         147
  C:1170H         LINE#         148
  C:1181H         LINE#         149
  C:1181H         LINE#         151
  C:1181H         LINE#         153
  C:1181H         LINE#         154
  C:1186H         LINE#         155
  -------         ENDPROC       _MAGNET_DELAY
  -------         ENDMOD        DELAY

  -------         MODULE        OPERATION
  C:0000H         SYMBOL        _ICE_DUMMY_
  D:0080H         PUBLIC        P0
  D:0090H         PUBLIC        P1
  B:0080H.3       PUBLIC        fell_sensor_detect
  D:00A0H         PUBLIC        P2
  D:00B0H         PUBLIC        P3
  D:00A8H         PUBLIC        IE
  B:0025H.1       PUBLIC        sensor_EN
  C:134FH         PUBLIC        Detect_vibration
  C:18ADH         PUBLIC        InitSensor
  D:00B8H         PUBLIC        IP
  C:1725H         PUBLIC        Reset_after_wirebroken
  B:0080H.1       PUBLIC        wire_broken
  C:16B4H         PUBLIC        Batstolen_Alarm_to_Slave
  C:1501H         PUBLIC        Reset_after_stolen_alarming
  D:00D8H         PUBLIC        WDCON0
  D:0098H         PUBLIC        SCON
  D:0088H         PUBLIC        TCON
  C:13D8H         PUBLIC        Detect_close_action
  C:1457H         PUBLIC        slave_nearby_operation
  B:00A0H.5       PUBLIC        key_rotate
  C:13ACH         PUBLIC        Detect_wheel_moving
  C:18C1H         PUBLIC        Disable_sensor_after_IDcert
  B:0080H.7       PUBLIC        horizontal_sensor
  D:00E8H         PUBLIC        EIE
  C:142EH         PUBLIC        Detect_open_action
  B:0080H.2       PUBLIC        wheeled_rotate
  B:0080H.4       PUBLIC        raised_sensor_detect
  D:00F8H         PUBLIC        ADCCON0
  C:14C0H         PUBLIC        Ensensor_after_slave_away
  D:00C0H         PUBLIC        I2CON
  C:07E3H         PUBLIC        ENsensor_After_Close
  C:073FH         PUBLIC        Detect_selflearn_action
  C:149EH         PUBLIC        ENsensor_afterIDcert
  D:00C8H         PUBLIC        T2CON
  C:0FD8H         PUBLIC        SelfLearn_Reset
  C:169EH         PUBLIC        Raise_Alarm_to_Slave
  C:137EH         PUBLIC        slave_away_operation
  B:0025H.2       PUBLIC        enable_sensor_delayEN
  C:1688H         PUBLIC        Fell_Alarm_to_Slave
  D:00D0H         PUBLIC        PSW
  B:0080H.0       PUBLIC        sensor_detect
  C:1641H         PUBLIC        Host_stolen_action
  -------         PROC          SLAVE_AWAY_OPERATION
  C:137EH         LINE#         89
BL51 BANKED LINKER/LOCATER V6.22                                                      07/27/2015  10:24:04  PAGE 21


  C:137EH         LINE#         90
  C:137EH         LINE#         91
  C:1381H         LINE#         92
  C:1381H         LINE#         93
  C:1384H         LINE#         94
  C:1394H         LINE#         95
  C:1397H         LINE#         99
  C:1397H         LINE#         101
  C:1399H         LINE#         102
  C:139DH         LINE#         104
  C:13A2H         LINE#         105
  C:13A6H         LINE#         107
  C:13A9H         LINE#         108
  C:13ABH         LINE#         109
  -------         ENDPROC       SLAVE_AWAY_OPERATION
  -------         PROC          SLAVE_NEARBY_OPERATION
  C:1457H         LINE#         115
  C:1457H         LINE#         116
  C:1457H         LINE#         117
  C:1459H         LINE#         119
  C:145BH         LINE#         120
  C:145FH         LINE#         121
  C:1461H         LINE#         122
  C:1464H         LINE#         124
  C:1467H         LINE#         125
  C:1467H         LINE#         126
  C:146AH         LINE#         127
  C:146DH         LINE#         128
  C:1477H         LINE#         129
  C:147AH         LINE#         130
  C:147AH         LINE#         131
  -------         ENDPROC       SLAVE_NEARBY_OPERATION
  -------         PROC          INITSENSOR
  C:18ADH         LINE#         137
  C:18ADH         LINE#         138
  C:18ADH         LINE#         139
  C:18AFH         LINE#         140
  C:18B1H         LINE#         141
  C:18B3H         LINE#         142
  C:18B5H         LINE#         143
  C:18B7H         LINE#         144
  -------         ENDPROC       INITSENSOR
  -------         PROC          HOST_STOLEN_ACTION
  C:1641H         LINE#         150
  C:1641H         LINE#         151
  C:1641H         LINE#         153
  C:1644H         LINE#         154
  C:1644H         LINE#         155
  C:1646H         LINE#         157
  C:1649H         LINE#         159
  C:164CH         LINE#         160
  C:164CH         LINE#         161
  C:164EH         LINE#         162
  C:1650H         LINE#         164
  C:1650H         LINE#         165
  C:1655H         LINE#         166
  C:1655H         LINE#         168
BL51 BANKED LINKER/LOCATER V6.22                                                      07/27/2015  10:24:04  PAGE 22


  C:1658H         LINE#         169
  C:1658H         LINE#         170
  -------         ENDPROC       HOST_STOLEN_ACTION
  -------         PROC          ENSENSOR_AFTERIDCERT
  C:149EH         LINE#         177
  C:149EH         LINE#         178
  C:149EH         LINE#         179
  C:14A1H         LINE#         180
  C:14A1H         LINE#         182
  C:14ABH         LINE#         183
  C:14ABH         LINE#         184
  C:14ADH         LINE#         185
  C:14AFH         LINE#         186
  C:14B2H         LINE#         189
  C:14BAH         LINE#         190
  C:14BAH         LINE#         191
  C:14BDH         LINE#         192
  C:14BDH         LINE#         193
  C:14BFH         LINE#         195
  C:14BFH         LINE#         196
  C:14BFH         LINE#         197
  -------         ENDPROC       ENSENSOR_AFTERIDCERT
  -------         PROC          ENSENSOR_AFTER_CLOSE
  C:07E3H         LINE#         202
  C:07E3H         LINE#         203
  C:07E3H         LINE#         204
  C:07E9H         LINE#         205
  C:07E9H         LINE#         206
  C:07F3H         LINE#         207
  C:07F3H         LINE#         208
  C:07F5H         LINE#         209
  C:07F7H         LINE#         210
  C:07FAH         LINE#         211
  C:07FDH         LINE#         212
  C:07FDH         LINE#         213
  C:07FDH         LINE#         214
  -------         ENDPROC       ENSENSOR_AFTER_CLOSE
  -------         PROC          SELFLEARN_RESET
  C:0FD8H         LINE#         220
  C:0FD8H         LINE#         221
  C:0FD8H         LINE#         222
  C:0FDBH         LINE#         223
  C:0FDBH         LINE#         224
  C:0FE5H         LINE#         225
  C:0FE5H         LINE#         226
  C:0FE7H         LINE#         227
  C:0FE9H         LINE#         229
  C:0FEEH         LINE#         230
  C:0FF3H         LINE#         231
  C:0FF5H         LINE#         232
  C:0FF7H         LINE#         233
  C:0FF9H         LINE#         234
  C:0FFBH         LINE#         235
  C:0FFDH         LINE#         236
  C:0FFDH         LINE#         237
  C:0FFDH         LINE#         238
  -------         ENDPROC       SELFLEARN_RESET
BL51 BANKED LINKER/LOCATER V6.22                                                      07/27/2015  10:24:04  PAGE 23


  -------         PROC          FELL_ALARM_TO_SLAVE
  C:1688H         LINE#         244
  C:1688H         LINE#         245
  C:1688H         LINE#         246
  C:1693H         LINE#         247
  C:1693H         LINE#         248
  C:1698H         LINE#         249
  C:169DH         LINE#         250
  C:169DH         LINE#         251
  -------         ENDPROC       FELL_ALARM_TO_SLAVE
  -------         PROC          RAISE_ALARM_TO_SLAVE
  C:169EH         LINE#         257
  C:169EH         LINE#         258
  C:169EH         LINE#         259
  C:16A9H         LINE#         260
  C:16A9H         LINE#         261
  C:16AEH         LINE#         262
  C:16B3H         LINE#         263
  C:16B3H         LINE#         264
  -------         ENDPROC       RAISE_ALARM_TO_SLAVE
  -------         PROC          BATSTOLEN_ALARM_TO_SLAVE
  C:16B4H         LINE#         270
  C:16B4H         LINE#         271
  C:16B4H         LINE#         272
  C:16BFH         LINE#         273
  C:16BFH         LINE#         274
  C:16C4H         LINE#         275
  C:16C9H         LINE#         276
  C:16C9H         LINE#         277
  -------         ENDPROC       BATSTOLEN_ALARM_TO_SLAVE
  -------         PROC          DISABLE_SENSOR_AFTER_IDCERT
  C:18C1H         LINE#         282
  C:18C1H         LINE#         283
  C:18C1H         LINE#         284
  C:18C4H         LINE#         285
  C:18C4H         LINE#         286
  C:18C6H         LINE#         288
  C:18C9H         LINE#         289
  C:18C9H         LINE#         290
  -------         ENDPROC       DISABLE_SENSOR_AFTER_IDCERT
  -------         PROC          RESET_AFTER_WIREBROKEN
  C:1725H         LINE#         295
  C:1725H         LINE#         296
  C:1725H         LINE#         297
  C:1728H         LINE#         298
  C:1728H         LINE#         299
  C:172AH         LINE#         300
  C:172EH         LINE#         301
  C:1730H         LINE#         302
  C:1732H         LINE#         303
  C:1734H         LINE#         304
  C:1734H         LINE#         305
  -------         ENDPROC       RESET_AFTER_WIREBROKEN
  -------         PROC          RESET_AFTER_STOLEN_ALARMING
  C:1501H         LINE#         311
  C:1501H         LINE#         312
  C:1501H         LINE#         313
BL51 BANKED LINKER/LOCATER V6.22                                                      07/27/2015  10:24:04  PAGE 24


  C:1504H         LINE#         314
  C:1504H         LINE#         315
  C:150EH         LINE#         316
  C:150EH         LINE#         317
  C:1512H         LINE#         318
  C:1514H         LINE#         319
  C:1516H         LINE#         320
  C:1518H         LINE#         321
  C:151BH         LINE#         322
  C:151EH         LINE#         323
  C:151EH         LINE#         324
  C:151EH         LINE#         325
  -------         ENDPROC       RESET_AFTER_STOLEN_ALARMING
  -------         PROC          ENSENSOR_AFTER_SLAVE_AWAY
  C:14C0H         LINE#         330
  C:14C0H         LINE#         331
  C:14C0H         LINE#         332
  C:14C9H         LINE#         333
  C:14C9H         LINE#         334
  C:14D3H         LINE#         335
  C:14D3H         LINE#         336
  C:14D6H         LINE#         337
  C:14D8H         LINE#         338
  C:14DAH         LINE#         339
  C:14DDH         LINE#         340
  C:14E0H         LINE#         341
  C:14E0H         LINE#         342
  C:14E0H         LINE#         343
  -------         ENDPROC       ENSENSOR_AFTER_SLAVE_AWAY
  -------         PROC          DETECT_SELFLEARN_ACTION
  C:073FH         LINE#         348
  C:073FH         LINE#         349
  C:073FH         LINE#         350
  C:0744H         LINE#         351
  C:0744H         LINE#         352
  C:0747H         LINE#         353
  C:0747H         LINE#         354
  C:074DH         LINE#         356
  C:0764H         LINE#         357
  C:0764H         LINE#         358
  C:076BH         LINE#         359
  C:076DH         LINE#         360
  C:076FH         LINE#         361
  C:0771H         LINE#         362
  C:0773H         LINE#         363
  C:0775H         LINE#         364
  C:0777H         LINE#         366
  C:0777H         LINE#         367
  C:0779H         LINE#         368
  C:077CH         LINE#         369
  C:077EH         LINE#         370
  C:0781H         LINE#         371
  C:0783H         LINE#         372
  C:0783H         LINE#         373
  C:0785H         LINE#         375
  C:0785H         LINE#         376
  C:078BH         LINE#         378
BL51 BANKED LINKER/LOCATER V6.22                                                      07/27/2015  10:24:04  PAGE 25


  C:078EH         LINE#         379
  C:0790H         LINE#         381
  C:0793H         LINE#         382
  C:0795H         LINE#         384
  C:0798H         LINE#         385
  C:0798H         LINE#         386
  C:079AH         LINE#         387
  C:079CH         LINE#         388
  C:079FH         LINE#         389
  C:079FH         LINE#         391
  C:07B6H         LINE#         392
  C:07B6H         LINE#         393
  C:07BDH         LINE#         394
  C:07BFH         LINE#         395
  C:07C1H         LINE#         396
  C:07C3H         LINE#         397
  C:07C5H         LINE#         398
  C:07C7H         LINE#         399
  C:07C9H         LINE#         400
  C:07C9H         LINE#         401
  C:07C9H         LINE#         402
  C:07C9H         LINE#         404
  C:07CCH         LINE#         405
  C:07CCH         LINE#         406
  C:07CEH         LINE#         407
  C:07D0H         LINE#         408
  C:07D2H         LINE#         409
  C:07D4H         LINE#         410
  C:07D6H         LINE#         411
  C:07D8H         LINE#         412
  C:07DAH         LINE#         413
  C:07DCH         LINE#         415
  C:07DFH         LINE#         417
  C:07E2H         LINE#         422
  C:07E2H         LINE#         423
  -------         ENDPROC       DETECT_SELFLEARN_ACTION
  -------         PROC          DETECT_OPEN_ACTION
  C:142EH         LINE#         428
  C:142EH         LINE#         429
  C:142EH         LINE#         431
  C:1439H         LINE#         432
  C:1439H         LINE#         433
  C:143CH         LINE#         434
  C:1441H         LINE#         435
  C:1443H         LINE#         437
  C:1447H         LINE#         438
  C:1449H         LINE#         439
  C:144CH         LINE#         440
  C:144EH         LINE#         441
  C:1451H         LINE#         442
  C:1454H         LINE#         444
  C:1456H         LINE#         445
  C:1456H         LINE#         446
  -------         ENDPROC       DETECT_OPEN_ACTION
  -------         PROC          DETECT_CLOSE_ACTION
  C:13D8H         LINE#         451
  C:13D8H         LINE#         452
BL51 BANKED LINKER/LOCATER V6.22                                                      07/27/2015  10:24:04  PAGE 26


  C:13D8H         LINE#         453
  C:13E5H         LINE#         454
  C:13E5H         LINE#         455
  C:13EBH         LINE#         456
  C:13EBH         LINE#         457
  C:13EEH         LINE#         458
  C:13F4H         LINE#         459
  C:13F4H         LINE#         460
  C:13F7H         LINE#         462
  C:13FBH         LINE#         463
  C:13FEH         LINE#         464
  C:1400H         LINE#         465
  C:1402H         LINE#         466
  C:1402H         LINE#         467
  C:1402H         LINE#         468
  C:1402H         LINE#         469
  -------         ENDPROC       DETECT_CLOSE_ACTION
  -------         PROC          DETECT_VIBRATION
  C:134FH         LINE#         474
  C:134FH         LINE#         475
  C:134FH         LINE#         476
  C:1355H         LINE#         477
  C:1355H         LINE#         478
  C:1357H         LINE#         479
  C:135DH         LINE#         480
  C:135DH         LINE#         481
  C:1360H         LINE#         482
  C:1360H         LINE#         483
  C:1377H         LINE#         484
  C:1377H         LINE#         485
  C:1379H         LINE#         486
  C:137DH         LINE#         487
  C:137DH         LINE#         488
  C:137DH         LINE#         489
  -------         ENDPROC       DETECT_VIBRATION
  -------         PROC          DETECT_WHEEL_MOVING
  C:13ACH         LINE#         494
  C:13ACH         LINE#         495
  C:13ACH         LINE#         496
  C:13AFH         LINE#         497
  C:13AFH         LINE#         498
  C:13B1H         LINE#         499
  C:13B7H         LINE#         500
  C:13B7H         LINE#         501
  C:13BAH         LINE#         502
  C:13BAH         LINE#         503
  C:13D1H         LINE#         504
  C:13D1H         LINE#         505
  C:13D3H         LINE#         506
  C:13D7H         LINE#         507
  C:13D7H         LINE#         508
  C:13D7H         LINE#         509
  -------         ENDPROC       DETECT_WHEEL_MOVING
  -------         ENDMOD        OPERATION

  -------         MODULE        OTHER
  C:0000H         SYMBOL        _ICE_DUMMY_
BL51 BANKED LINKER/LOCATER V6.22                                                      07/27/2015  10:24:04  PAGE 27


  D:0080H         PUBLIC        P0
  D:0090H         PUBLIC        P1
  D:00A0H         PUBLIC        P2
  D:00B0H         PUBLIC        P3
  D:00A8H         PUBLIC        IE
  C:1886H         PUBLIC        _magnet_ACW_Taili
  B:00A0H.4       PUBLIC        Moto_EN
  D:00B8H         PUBLIC        IP
  D:00D8H         PUBLIC        WDCON0
  D:0098H         PUBLIC        SCON
  D:0088H         PUBLIC        TCON
  C:0003H         PUBLIC        Moto_Vibration
  C:1878H         PUBLIC        _magnet_ACW
  C:18A1H         PUBLIC        Enable_sensor
  C:12EEH         PUBLIC        _magnet_CW_Taili
  D:00E8H         PUBLIC        EIE
  C:0F91H         PUBLIC        disable_sensor
  B:00A0H.2       PUBLIC        MagentControl_1
  B:00A0H.3       PUBLIC        MagentControl_2
  D:00F8H         PUBLIC        ADCCON0
  D:00C0H         PUBLIC        I2CON
  D:00C8H         PUBLIC        T2CON
  C:12BDH         PUBLIC        _magnet_CW
  D:00D0H         PUBLIC        PSW
  B:0080H.5       PUBLIC        Externalmotor
  -------         PROC          _MAGNET_CW
  X:0021H         SYMBOL        x
  X:0023H         SYMBOL        y
  D:0003H         SYMBOL        z
  C:12BDH         LINE#         44
  C:12CAH         LINE#         45
  C:12CAH         LINE#         47
  C:12D3H         LINE#         49
  C:12D5H         LINE#         50
  C:12D7H         LINE#         51
  C:12E7H         LINE#         52
  C:12E9H         LINE#         53
  C:12EBH         LINE#         54
  C:12EDH         LINE#         55
  -------         ENDPROC       _MAGNET_CW
  -------         PROC          _MAGNET_CW_TAILI
  X:0025H         SYMBOL        x
  X:0027H         SYMBOL        y
  D:0003H         SYMBOL        z
  C:12EEH         LINE#         61
  C:12FBH         LINE#         62
  C:12FBH         LINE#         64
  C:1304H         LINE#         66
  C:1306H         LINE#         67
  C:1308H         LINE#         68
  C:1318H         LINE#         69
  C:131AH         LINE#         70
  C:131CH         LINE#         71
  C:131EH         LINE#         72
  -------         ENDPROC       _MAGNET_CW_TAILI
  -------         PROC          _MAGNET_ACW
  D:0006H         SYMBOL        x
BL51 BANKED LINKER/LOCATER V6.22                                                      07/27/2015  10:24:04  PAGE 28


  D:0004H         SYMBOL        y
  C:1878H         LINE#         78
  C:1878H         LINE#         79
  C:1878H         LINE#         80
  C:187AH         LINE#         81
  C:187CH         LINE#         82
  C:187EH         LINE#         83
  C:1881H         LINE#         84
  C:1883H         LINE#         85
  C:1885H         LINE#         86
  -------         ENDPROC       _MAGNET_ACW
  -------         PROC          _MAGNET_ACW_TAILI
  D:0006H         SYMBOL        x
  D:0004H         SYMBOL        y
  C:1886H         LINE#         92
  C:1886H         LINE#         93
  C:1886H         LINE#         94
  C:1888H         LINE#         95
  C:188AH         LINE#         96
  C:188CH         LINE#         97
  C:188FH         LINE#         98
  C:1891H         LINE#         99
  C:1893H         LINE#         100
  -------         ENDPROC       _MAGNET_ACW_TAILI
  -------         PROC          DISABLE_SENSOR
  C:0F91H         LINE#         106
  C:0F91H         LINE#         107
  C:0F91H         LINE#         109
  C:0F93H         LINE#         110
  C:0F95H         LINE#         112
  C:0F97H         LINE#         113
  C:0F99H         LINE#         114
  C:0F9DH         LINE#         115
  C:0FA0H         LINE#         116
  C:0FA3H         LINE#         117
  C:0FA8H         LINE#         118
  C:0FADH         LINE#         119
  C:0FB2H         LINE#         120
  C:0FB5H         LINE#         121
  C:0FB8H         LINE#         122
  C:0FBAH         LINE#         123
  C:0FBCH         LINE#         124
  C:0FBEH         LINE#         125
  C:0FC1H         LINE#         126
  C:0FC3H         LINE#         127
  C:0FC6H         LINE#         129
  C:0FC8H         LINE#         132
  C:0FCBH         LINE#         133
  C:0FCDH         LINE#         135
  C:0FCFH         LINE#         136
  C:0FD2H         LINE#         138
  C:0FD4H         LINE#         139
  C:0FD7H         LINE#         140
  -------         ENDPROC       DISABLE_SENSOR
  -------         PROC          ENABLE_SENSOR
  C:18A1H         LINE#         146
  C:18A1H         LINE#         147
BL51 BANKED LINKER/LOCATER V6.22                                                      07/27/2015  10:24:04  PAGE 29


  C:18A1H         LINE#         149
  C:18A3H         LINE#         150
  C:18A5H         LINE#         153
  C:18A9H         LINE#         154
  C:18ACH         LINE#         155
  -------         ENDPROC       ENABLE_SENSOR
  -------         PROC          MOTO_VIBRATION
  C:0003H         LINE#         161
  C:0003H         LINE#         162
  C:0003H         LINE#         163
  C:0005H         LINE#         164
  C:0008H         LINE#         165
  C:000AH         LINE#         166
  -------         ENDPROC       MOTO_VIBRATION
  -------         ENDMOD        OTHER

  -------         MODULE        PWM
  C:0000H         SYMBOL        _ICE_DUMMY_
  D:0080H         PUBLIC        P0
  D:0090H         PUBLIC        P1
  D:00A0H         PUBLIC        P2
  D:00B0H         PUBLIC        P3
  D:00DCH         PUBLIC        PWMCON0
  D:00D1H         PUBLIC        PWMPH
  D:00A8H         PUBLIC        IE
  D:00D9H         PUBLIC        PWMPL
  C:0D51H         PUBLIC        _PWM_Channel
  D:00B8H         PUBLIC        IP
  C:17F8H         PUBLIC        myPwm
  D:00D8H         PUBLIC        WDCON0
  D:0098H         PUBLIC        SCON
  D:0088H         PUBLIC        TCON
  D:00E8H         PUBLIC        EIE
  D:00F8H         PUBLIC        ADCCON0
  D:00C0H         PUBLIC        I2CON
  X:0029H         PUBLIC        PWM_shadow
  D:00C8H         PUBLIC        T2CON
  C:1659H         PUBLIC        Init_PWM
  D:00D2H         PUBLIC        PWM0H
  D:00D3H         PUBLIC        PWM1H
  D:00D5H         PUBLIC        PWM2H
  D:00D6H         PUBLIC        PWM3H
  D:00DAH         PUBLIC        PWM0L
  D:00DBH         PUBLIC        PWM1L
  D:00DDH         PUBLIC        PWM2L
  D:00DEH         PUBLIC        PWM3L
  D:00D0H         PUBLIC        PSW
  -------         PROC          INIT_PWM
  C:1659H         LINE#         19
  C:1659H         LINE#         20
  C:1659H         LINE#         22
  C:165CH         LINE#         24
  C:1664H         LINE#         26
  C:166DH         LINE#         27
  C:1670H         LINE#         28
  -------         ENDPROC       INIT_PWM
  -------         PROC          _PWM_CHANNEL
BL51 BANKED LINKER/LOCATER V6.22                                                      07/27/2015  10:24:04  PAGE 30


  D:0007H         SYMBOL        Channel
  C:0D51H         LINE#         34
  C:0D51H         LINE#         35
  C:0D51H         LINE#         36
  C:0D5FH         LINE#         37
  C:0D5FH         LINE#         39
  C:0D5FH         LINE#         40
  C:0D5FH         LINE#         41
  C:0D67H         LINE#         42
  C:0D70H         LINE#         43
  C:0D73H         LINE#         44
  C:0D73H         LINE#         45
  C:0D74H         LINE#         47
  C:0D74H         LINE#         48
  C:0D74H         LINE#         49
  C:0D7CH         LINE#         50
  C:0D85H         LINE#         51
  C:0D88H         LINE#         52
  C:0D88H         LINE#         53
  C:0D89H         LINE#         55
  C:0D89H         LINE#         56
  C:0D89H         LINE#         57
  C:0D91H         LINE#         58
  C:0D9AH         LINE#         59
  C:0D9DH         LINE#         60
  C:0D9DH         LINE#         61
  C:0D9EH         LINE#         63
  C:0D9EH         LINE#         64
  C:0D9EH         LINE#         65
  C:0DA6H         LINE#         66
  C:0DAFH         LINE#         67
  C:0DB2H         LINE#         68
  C:0DB2H         LINE#         69
  C:0DB2H         LINE#         70
  C:0DB2H         LINE#         71
  -------         ENDPROC       _PWM_CHANNEL
  -------         PROC          MYPWM
  C:17F8H         LINE#         77
  C:17F8H         LINE#         78
  C:17F8H         LINE#         80
  C:17FDH         LINE#         82
  -------         ENDPROC       MYPWM
  -------         ENDMOD        PWM

  -------         MODULE        TIMER
  C:0000H         SYMBOL        _ICE_DUMMY_
  D:0080H         PUBLIC        P0
  D:0090H         PUBLIC        P1
  D:00A0H         PUBLIC        P2
  D:00B0H         PUBLIC        P3
  B:00A8H.7       PUBLIC        EA
  D:00A8H         PUBLIC        IE
  D:00B8H         PUBLIC        IP
  C:0E6AH         PUBLIC        _InitT0
  C:0A43H         PUBLIC        _InitTimer
  D:00D8H         PUBLIC        WDCON0
  D:0087H         PUBLIC        PCON
BL51 BANKED LINKER/LOCATER V6.22                                                      07/27/2015  10:24:04  PAGE 31


  D:0098H         PUBLIC        SCON
  X:002DH         PUBLIC        timer0_8H
  D:0089H         PUBLIC        TMOD
  D:0088H         PUBLIC        TCON
  X:002EH         PUBLIC        timer1_8H
  X:002FH         PUBLIC        timer0_8L
  C:18EDH         PUBLIC        hSCH_Start
  X:0030H         PUBLIC        timer1_8L
  B:00A8H.1       PUBLIC        ET0
  B:00A8H.3       PUBLIC        ET1
  D:008CH         PUBLIC        TH0
  D:008DH         PUBLIC        TH1
  D:008AH         PUBLIC        TL0
  D:008BH         PUBLIC        TL1
  D:00E8H         PUBLIC        EIE
  B:00B8H.3       PUBLIC        PT1
  B:0088H.4       PUBLIC        TR0
  B:0088H.6       PUBLIC        TR1
  C:1735H         PUBLIC        hSCH_Manual_Timer0_Reload
  D:00F8H         PUBLIC        ADCCON0
  D:00C0H         PUBLIC        I2CON
  D:00C8H         PUBLIC        T2CON
  C:18E5H         PUBLIC        sEOS_Go_To_Sleep
  D:00D0H         PUBLIC        PSW
  -------         PROC          _INITTIMER
  D:0007H         SYMBOL        Tick_ms_T0
  X:002BH         SYMBOL        Tick_us_T1
  -------         DO            
  D:0004H         SYMBOL        Inc_T0
  D:0004H         SYMBOL        Inc_T1
  D:0004H         SYMBOL        timer0_16
  D:0004H         SYMBOL        timer1_16
  -------         ENDDO         
  C:0A43H         LINE#         36
  C:0A4AH         LINE#         37
  C:0A4AH         LINE#         42
  C:0A5CH         LINE#         43
  C:0A62H         LINE#         44
  C:0A65H         LINE#         45
  C:0A69H         LINE#         48
  C:0A88H         LINE#         49
  C:0A90H         LINE#         50
  C:0A94H         LINE#         51
  C:0A9AH         LINE#         53
  C:0A9DH         LINE#         55
  C:0AA2H         LINE#         56
  C:0AA7H         LINE#         57
  C:0AA9H         LINE#         58
  C:0AABH         LINE#         60
  C:0AADH         LINE#         61
  C:0AAFH         LINE#         62
  C:0AB1H         LINE#         63
  C:0AB3H         LINE#         64
  C:0AB5H         LINE#         65
  C:0AB7H         LINE#         66
  -------         ENDPROC       _INITTIMER
  -------         PROC          _INITT0
BL51 BANKED LINKER/LOCATER V6.22                                                      07/27/2015  10:24:04  PAGE 32


  X:0092H         SYMBOL        Tick_ms_T0
  -------         DO            
  D:0004H         SYMBOL        Inc_T0
  D:0004H         SYMBOL        timer0_16
  X:0093H         SYMBOL        i
  -------         ENDDO         
  C:0E6AH         LINE#         71
  C:0E6EH         LINE#         72
  C:0E6EH         LINE#         77
  C:0E7AH         LINE#         78
  C:0E7AH         LINE#         79
  C:0E7DH         LINE#         80
  C:0E84H         LINE#         83
  C:0E9AH         LINE#         84
  C:0EA3H         LINE#         85
  C:0EA6H         LINE#         86
  C:0EAAH         LINE#         88
  C:0EADH         LINE#         89
  C:0EB0H         LINE#         91
  C:0EB3H         LINE#         93
  C:0EB5H         LINE#         94
  -------         ENDPROC       _INITT0
  -------         PROC          HSCH_START
  C:18EDH         LINE#         108
  C:18EDH         LINE#         109
  C:18EDH         LINE#         110
  C:18EFH         LINE#         111
  -------         ENDPROC       HSCH_START
  -------         PROC          SEOS_GO_TO_SLEEP
  C:18E5H         LINE#         117
  C:18E5H         LINE#         118
  C:18E5H         LINE#         119
  C:18E8H         LINE#         120
  -------         ENDPROC       SEOS_GO_TO_SLEEP
  -------         PROC          HSCH_MANUAL_TIMER0_RELOAD
  C:1735H         LINE#         134
  C:1735H         LINE#         135
  C:1735H         LINE#         137
  C:1737H         LINE#         143
  C:173CH         LINE#         144
  C:1741H         LINE#         147
  C:1743H         LINE#         148
  -------         ENDPROC       HSCH_MANUAL_TIMER0_RELOAD
  -------         ENDMOD        TIMER

  -------         MODULE        UART
  C:0000H         SYMBOL        _ICE_DUMMY_
  D:0080H         PUBLIC        P0
  D:0090H         PUBLIC        P1
  D:00A0H         PUBLIC        P2
  D:00B0H         PUBLIC        P3
  B:00A8H.7       PUBLIC        EA
  C:18D3H         PUBLIC        _SendData
  D:00A8H         PUBLIC        IE
  B:00A8H.4       PUBLIC        ES
  D:00B8H         PUBLIC        IP
  B:0098H.0       PUBLIC        RI
BL51 BANKED LINKER/LOCATER V6.22                                                      07/27/2015  10:24:04  PAGE 33


  B:0098H.1       PUBLIC        TI
  B:00B8H.4       PUBLIC        PS
  D:00D8H         PUBLIC        WDCON0
  D:0099H         PUBLIC        SBUF
  D:0098H         PUBLIC        SCON
  D:0089H         PUBLIC        TMOD
  D:0088H         PUBLIC        TCON
  B:00A8H.1       PUBLIC        ET0
  D:008DH         PUBLIC        TH1
  D:008BH         PUBLIC        TL1
  D:00E8H         PUBLIC        EIE
  C:1187H         PUBLIC        _InitUART
  B:0088H.4       PUBLIC        TR0
  B:0088H.6       PUBLIC        TR1
  D:00F8H         PUBLIC        ADCCON0
  D:00C0H         PUBLIC        I2CON
  D:00C8H         PUBLIC        T2CON
  C:1403H         PUBLIC        _SendNByte
  D:00A2H         PUBLIC        AUXR1
  D:00D0H         PUBLIC        PSW
  -------         PROC          _INITUART
  D:0006H         SYMBOL        Baudrate
  C:1187H         LINE#         19
  C:1187H         LINE#         20
  C:1187H         LINE#         21
  C:118AH         LINE#         22
  C:118DH         LINE#         23
  C:1190H         LINE#         24
  C:11A7H         LINE#         26
  C:11ACH         LINE#         27
  C:11AEH         LINE#         28
  C:11B0H         LINE#         29
  C:11B2H         LINE#         30
  C:11B4H         LINE#         31
  C:11B6H         LINE#         32
  C:11B8H         LINE#         33
  C:11BAH         LINE#         34
  C:11BCH         LINE#         35
  -------         ENDPROC       _INITUART
  -------         PROC          _SENDDATA
  D:0007H         SYMBOL        dat
  C:18D3H         LINE#         40
  C:18D3H         LINE#         41
  C:18D3H         LINE#         42
  C:18D5H         LINE#         43
  C:18D8H         LINE#         44
  C:18DAH         LINE#         45
  -------         ENDPROC       _SENDDATA
  -------         PROC          _SENDNBYTE
[...]

*** WARNING L1: UNRESOLVED EXTERNAL SYMBOL
    SYMBOL:  OPEN_ACTION_FLAG
    MODULE:  .\operation.obj (OPERATION)

*** WARNING L1: UNRESOLVED EXTERNAL SYMBOL
    SYMBOL:  STOLEN_ALARM_RESET_COUNT
    MODULE:  .\operation.obj (OPERATION)

*** WARNING L2: REFERENCE MADE TO UNRESOLVED EXTERNAL
    SYMBOL:  SILENCE_FLAG
    MODULE:  .\operation.obj (OPERATION)
    ADDRESS: 137FH

*** WARNING L2: REFERENCE MADE TO UNRESOLVED EXTERNAL
    SYMBOL:  LOAD_BATTERY_RESULT
    MODULE:  .\operation.obj (OPERATION)
    ADDRESS: 138CH

BL51 BANKED LINKER/LOCATER V6.22                                                      07/27/2015  10:24:04  PAGE 59


*** WARNING L2: REFERENCE MADE TO UNRESOLVED EXTERNAL
    SYMBOL:  ID_CERTIFICATED_NUMBERS
    MODULE:  .\operation.obj (OPERATION)
    ADDRESS: 13A4H

*** WARNING L2: REFERENCE MADE TO UNRESOLVED EXTERNAL
    SYMBOL:  SILENCE_FLAG
    MODULE:  .\operation.obj (OPERATION)
    ADDRESS: 13A7H

*** WARNING L2: REFERENCE MADE TO UNRESOLVED EXTERNAL
    SYMBOL:  SILENCE_FLAG
    MODULE:  .\operation.obj (OPERATION)
    ADDRESS: 13AAH

*** WARNING L2: REFERENCE MADE TO UNRESOLVED EXTERNAL
    SYMBOL:  SLAVE_NEARBY_ACTIONED_FLAG
    MODULE:  .\operation.obj (OPERATION)
    ADDRESS: 1458H

*** WARNING L2: REFERENCE MADE TO UNRESOLVED EXTERNAL
    SYMBOL:  ID_SPEECHED_FLAG
    MODULE:  .\operation.obj (OPERATION)
    ADDRESS: 145AH

*** WARNING L2: REFERENCE MADE TO UNRESOLVED EXTERNAL
    SYMBOL:  AFTER_IDCERT_TIMECOUNT
    MODULE:  .\operation.obj (OPERATION)
    ADDRESS: 145DH

*** WARNING L2: REFERENCE MADE TO UNRESOLVED EXTERNAL
    SYMBOL:  ID_CERTIFICATED_FLAG
    MODULE:  .\operation.obj (OPERATION)
    ADDRESS: 1460H

*** WARNING L2: REFERENCE MADE TO UNRESOLVED EXTERNAL
    SYMBOL:  ID_CERTIFICATED_NUMBERS
    MODULE:  .\operation.obj (OPERATION)
    ADDRESS: 1462H

*** WARNING L2: REFERENCE MADE TO UNRESOLVED EXTERNAL
    SYMBOL:  SILENCE_FLAG
    MODULE:  .\operation.obj (OPERATION)
    ADDRESS: 1465H

*** WARNING L2: REFERENCE MADE TO UNRESOLVED EXTERNAL
    SYMBOL:  JUST_POWER_UP
    MODULE:  .\operation.obj (OPERATION)
    ADDRESS: 146BH

*** WARNING L2: REFERENCE MADE TO UNRESOLVED EXTERNAL
    SYMBOL:  LOAD_BATTERY_RESULT
    MODULE:  .\operation.obj (OPERATION)
    ADDRESS: 146EH

*** WARNING L2: REFERENCE MADE TO UNRESOLVED EXTERNAL
    SYMBOL:  EN_HOST_STOLEN_ALARMING
BL51 BANKED LINKER/LOCATER V6.22                                                      07/27/2015  10:24:04  PAGE 60


    MODULE:  .\operation.obj (OPERATION)
    ADDRESS: 1642H

*** WARNING L2: REFERENCE MADE TO UNRESOLVED EXTERNAL
    SYMBOL:  HOST_STOLEN_ALARMING
    MODULE:  .\operation.obj (OPERATION)
    ADDRESS: 1645H

*** WARNING L2: REFERENCE MADE TO UNRESOLVED EXTERNAL
    SYMBOL:  ID_CERTIFICATED_FLAG
    MODULE:  .\operation.obj (OPERATION)
    ADDRESS: 149FH

*** WARNING L2: REFERENCE MADE TO UNRESOLVED EXTERNAL
    SYMBOL:  AFTER_IDCERT_TIMECOUNT
    MODULE:  .\operation.obj (OPERATION)
    ADDRESS: 14A2H

*** WARNING L2: REFERENCE MADE TO UNRESOLVED EXTERNAL
    SYMBOL:  ID_CERTIFICATED_FLAG
    MODULE:  .\operation.obj (OPERATION)
    ADDRESS: 14ACH

*** WARNING L2: REFERENCE MADE TO UNRESOLVED EXTERNAL
    SYMBOL:  ID_CERTIFICATED_NUMBERS
    MODULE:  .\operation.obj (OPERATION)
    ADDRESS: 14B0H

*** WARNING L2: REFERENCE MADE TO UNRESOLVED EXTERNAL
    SYMBOL:  OPEN_ACTION_FLAG
    MODULE:  .\operation.obj (OPERATION)
    ADDRESS: 14B3H

*** WARNING L2: REFERENCE MADE TO UNRESOLVED EXTERNAL
    SYMBOL:  NEVER_ALARM
    MODULE:  .\operation.obj (OPERATION)
    ADDRESS: 14B8H

*** WARNING L2: REFERENCE MADE TO UNRESOLVED EXTERNAL
    SYMBOL:  NEVER_ALARM
    MODULE:  .\operation.obj (OPERATION)
    ADDRESS: 14BEH

*** WARNING L2: REFERENCE MADE TO UNRESOLVED EXTERNAL
    SYMBOL:  NEVER_ALARM
    MODULE:  .\operation.obj (OPERATION)
    ADDRESS: 07F8H

*** WARNING L2: REFERENCE MADE TO UNRESOLVED EXTERNAL
    SYMBOL:  ID_SELFLEARNING_FLAG
    MODULE:  .\operation.obj (OPERATION)
    ADDRESS: 0FD9H

*** WARNING L2: REFERENCE MADE TO UNRESOLVED EXTERNAL
    SYMBOL:  ID_SELFLEARNING_TIMECOUNT
    MODULE:  .\operation.obj (OPERATION)
    ADDRESS: 0FDCH
BL51 BANKED LINKER/LOCATER V6.22                                                      07/27/2015  10:24:04  PAGE 61



*** WARNING L2: REFERENCE MADE TO UNRESOLVED EXTERNAL
    SYMBOL:  ID_SELFLEARNING_FLAG
    MODULE:  .\operation.obj (OPERATION)
    ADDRESS: 0FE6H

*** WARNING L2: REFERENCE MADE TO UNRESOLVED EXTERNAL
    SYMBOL:  IDKEY_SELFLEARN_HVCOUNT
    MODULE:  .\operation.obj (OPERATION)
    ADDRESS: 0FEAH

*** WARNING L2: REFERENCE MADE TO UNRESOLVED EXTERNAL
    SYMBOL:  IDKEY_SELFLEARN_LVCOUNT
    MODULE:  .\operation.obj (OPERATION)
    ADDRESS: 0FEFH

*** WARNING L2: REFERENCE MADE TO UNRESOLVED EXTERNAL
    SYMBOL:  IDKEY_SELFLEARN_FLAG1
    MODULE:  .\operation.obj (OPERATION)
    ADDRESS: 0FF4H

*** WARNING L2: REFERENCE MADE TO UNRESOLVED EXTERNAL
    SYMBOL:  IDKEY_SELFLEARN_FLAG2
    MODULE:  .\operation.obj (OPERATION)
    ADDRESS: 0FF6H

*** WARNING L2: REFERENCE MADE TO UNRESOLVED EXTERNAL
    SYMBOL:  IDKEY_SELFLEARN_FLAG3
    MODULE:  .\operation.obj (OPERATION)
    ADDRESS: 0FF8H

*** WARNING L2: REFERENCE MADE TO UNRESOLVED EXTERNAL
    SYMBOL:  IDKEY_SELFLEARN_FLAG4
    MODULE:  .\operation.obj (OPERATION)
    ADDRESS: 0FFAH

*** WARNING L2: REFERENCE MADE TO UNRESOLVED EXTERNAL
    SYMBOL:  IDKEY_SELFLEARN_FLAG5
    MODULE:  .\operation.obj (OPERATION)
    ADDRESS: 0FFCH

*** WARNING L2: REFERENCE MADE TO UNRESOLVED EXTERNAL
    SYMBOL:  IDKEY_SPEECH_FLASH
    MODULE:  .\operation.obj (OPERATION)
    ADDRESS: 18C2H

*** WARNING L2: REFERENCE MADE TO UNRESOLVED EXTERNAL
    SYMBOL:  IDKEY_SPEECH_FLASH
    MODULE:  .\operation.obj (OPERATION)
    ADDRESS: 18C5H

*** WARNING L2: REFERENCE MADE TO UNRESOLVED EXTERNAL
    SYMBOL:  WIRE_BROKEN_RESET
    MODULE:  .\operation.obj (OPERATION)
    ADDRESS: 1726H

*** WARNING L2: REFERENCE MADE TO UNRESOLVED EXTERNAL
BL51 BANKED LINKER/LOCATER V6.22                                                      07/27/2015  10:24:04  PAGE 62


    SYMBOL:  WIRE_BROKEN_RESET
    MODULE:  .\operation.obj (OPERATION)
    ADDRESS: 1729H

*** WARNING L2: REFERENCE MADE TO UNRESOLVED EXTERNAL
    SYMBOL:  EN_HOST_STOLEN_ALARMING
    MODULE:  .\operation.obj (OPERATION)
    ADDRESS: 172FH

*** WARNING L2: REFERENCE MADE TO UNRESOLVED EXTERNAL
    SYMBOL:  HOST_STOLEN_ALARMING
    MODULE:  .\operation.obj (OPERATION)
    ADDRESS: 1731H

*** WARNING L2: REFERENCE MADE TO UNRESOLVED EXTERNAL
    SYMBOL:  EN_HOST_STOLEN_ALARMING
    MODULE:  .\operation.obj (OPERATION)
    ADDRESS: 1502H

*** WARNING L2: REFERENCE MADE TO UNRESOLVED EXTERNAL
    SYMBOL:  STOLEN_ALARM_RESET_COUNT
    MODULE:  .\operation.obj (OPERATION)
    ADDRESS: 1505H

*** WARNING L2: REFERENCE MADE TO UNRESOLVED EXTERNAL
    SYMBOL:  EN_HOST_STOLEN_ALARMING
    MODULE:  .\operation.obj (OPERATION)
    ADDRESS: 1513H

*** WARNING L2: REFERENCE MADE TO UNRESOLVED EXTERNAL
    SYMBOL:  HOST_STOLEN_ALARMING
    MODULE:  .\operation.obj (OPERATION)
    ADDRESS: 1515H

*** WARNING L2: REFERENCE MADE TO UNRESOLVED EXTERNAL
    SYMBOL:  STOLEN_ALARM_RESET_COUNT
    MODULE:  .\operation.obj (OPERATION)
    ADDRESS: 1519H

*** WARNING L2: REFERENCE MADE TO UNRESOLVED EXTERNAL
    SYMBOL:  JUST_POWER_UP
    MODULE:  .\operation.obj (OPERATION)
    ADDRESS: 14C7H

*** WARNING L2: REFERENCE MADE TO UNRESOLVED EXTERNAL
    SYMBOL:  SLAVE_NEARBY_COUNT
    MODULE:  .\operation.obj (OPERATION)
    ADDRESS: 14CAH

*** WARNING L2: REFERENCE MADE TO UNRESOLVED EXTERNAL
    SYMBOL:  SLAVE_NEARBY_ACTIONED_FLAG
    MODULE:  .\operation.obj (OPERATION)
    ADDRESS: 14D7H

*** WARNING L2: REFERENCE MADE TO UNRESOLVED EXTERNAL
    SYMBOL:  ID_CERTIFICATED_FLAG
    MODULE:  .\operation.obj (OPERATION)
BL51 BANKED LINKER/LOCATER V6.22                                                      07/27/2015  10:24:04  PAGE 63


    ADDRESS: 14D9H

*** WARNING L2: REFERENCE MADE TO UNRESOLVED EXTERNAL
    SYMBOL:  NEVER_ALARM
    MODULE:  .\operation.obj (OPERATION)
    ADDRESS: 14DBH

*** WARNING L2: REFERENCE MADE TO UNRESOLVED EXTERNAL
    SYMBOL:  IDKEY_SELFLEARN_LVCOUNT
    MODULE:  .\operation.obj (OPERATION)
    ADDRESS: 0749H

*** WARNING L2: REFERENCE MADE TO UNRESOLVED EXTERNAL
    SYMBOL:  IDKEY_SELFLEARN_HVCOUNT
    MODULE:  .\operation.obj (OPERATION)
    ADDRESS: 074EH

*** WARNING L2: REFERENCE MADE TO UNRESOLVED EXTERNAL
    SYMBOL:  IDKEY_SELFLEARN_FLAG1
    MODULE:  .\operation.obj (OPERATION)
    ADDRESS: 076CH

*** WARNING L2: REFERENCE MADE TO UNRESOLVED EXTERNAL
    SYMBOL:  IDKEY_SELFLEARN_FLAG2
    MODULE:  .\operation.obj (OPERATION)
    ADDRESS: 076EH

*** WARNING L2: REFERENCE MADE TO UNRESOLVED EXTERNAL
    SYMBOL:  IDKEY_SELFLEARN_FLAG3
    MODULE:  .\operation.obj (OPERATION)
    ADDRESS: 0770H

*** WARNING L2: REFERENCE MADE TO UNRESOLVED EXTERNAL
    SYMBOL:  IDKEY_SELFLEARN_FLAG4
    MODULE:  .\operation.obj (OPERATION)
    ADDRESS: 0772H

*** WARNING L2: REFERENCE MADE TO UNRESOLVED EXTERNAL
    SYMBOL:  IDKEY_SELFLEARN_FLAG5
    MODULE:  .\operation.obj (OPERATION)
    ADDRESS: 0774H

*** WARNING L2: REFERENCE MADE TO UNRESOLVED EXTERNAL
    SYMBOL:  IDKEY_SELFLEARN_FLAG1
    MODULE:  .\operation.obj (OPERATION)
    ADDRESS: 0778H

*** WARNING L2: REFERENCE MADE TO UNRESOLVED EXTERNAL
    SYMBOL:  IDKEY_SELFLEARN_FLAG2
    MODULE:  .\operation.obj (OPERATION)
    ADDRESS: 077AH

*** WARNING L2: REFERENCE MADE TO UNRESOLVED EXTERNAL
    SYMBOL:  IDKEY_SELFLEARN_FLAG3
    MODULE:  .\operation.obj (OPERATION)
    ADDRESS: 077DH

BL51 BANKED LINKER/LOCATER V6.22                                                      07/27/2015  10:24:04  PAGE 64


*** WARNING L2: REFERENCE MADE TO UNRESOLVED EXTERNAL
    SYMBOL:  IDKEY_SELFLEARN_FLAG4
    MODULE:  .\operation.obj (OPERATION)
    ADDRESS: 077FH

*** WARNING L2: REFERENCE MADE TO UNRESOLVED EXTERNAL
    SYMBOL:  IDKEY_SELFLEARN_FLAG5
    MODULE:  .\operation.obj (OPERATION)
    ADDRESS: 0782H

*** WARNING L2: REFERENCE MADE TO UNRESOLVED EXTERNAL
    SYMBOL:  IDKEY_SELFLEARN_HVCOUNT
    MODULE:  .\operation.obj (OPERATION)
    ADDRESS: 0787H

*** WARNING L2: REFERENCE MADE TO UNRESOLVED EXTERNAL
    SYMBOL:  IDKEY_SELFLEARN_FLAG1
    MODULE:  .\operation.obj (OPERATION)
    ADDRESS: 078CH

*** WARNING L2: REFERENCE MADE TO UNRESOLVED EXTERNAL
    SYMBOL:  IDKEY_SELFLEARN_FLAG2
    MODULE:  .\operation.obj (OPERATION)
    ADDRESS: 078FH

*** WARNING L2: REFERENCE MADE TO UNRESOLVED EXTERNAL
    SYMBOL:  IDKEY_SELFLEARN_FLAG3
    MODULE:  .\operation.obj (OPERATION)
    ADDRESS: 0791H

*** WARNING L2: REFERENCE MADE TO UNRESOLVED EXTERNAL
    SYMBOL:  IDKEY_SELFLEARN_FLAG4
    MODULE:  .\operation.obj (OPERATION)
    ADDRESS: 0794H

*** WARNING L2: REFERENCE MADE TO UNRESOLVED EXTERNAL
    SYMBOL:  IDKEY_SELFLEARN_FLAG5
    MODULE:  .\operation.obj (OPERATION)
    ADDRESS: 0796H

*** WARNING L2: REFERENCE MADE TO UNRESOLVED EXTERNAL
    SYMBOL:  ID_SELFLEARNING_FLAG
    MODULE:  .\operation.obj (OPERATION)
    ADDRESS: 0799H

*** WARNING L2: REFERENCE MADE TO UNRESOLVED EXTERNAL
    SYMBOL:  IDKEY_SELFLEARN_FLAG5
    MODULE:  .\operation.obj (OPERATION)
    ADDRESS: 079BH

*** WARNING L2: REFERENCE MADE TO UNRESOLVED EXTERNAL
    SYMBOL:  IDKEY_SELFLEARN_LVCOUNT
    MODULE:  .\operation.obj (OPERATION)
    ADDRESS: 07A0H

*** WARNING L2: REFERENCE MADE TO UNRESOLVED EXTERNAL
    SYMBOL:  IDKEY_SELFLEARN_FLAG1
BL51 BANKED LINKER/LOCATER V6.22                                                      07/27/2015  10:24:04  PAGE 65


    MODULE:  .\operation.obj (OPERATION)
    ADDRESS: 07BEH

*** WARNING L2: REFERENCE MADE TO UNRESOLVED EXTERNAL
    SYMBOL:  IDKEY_SELFLEARN_FLAG2
    MODULE:  .\operation.obj (OPERATION)
    ADDRESS: 07C0H

*** WARNING L2: REFERENCE MADE TO UNRESOLVED EXTERNAL
    SYMBOL:  IDKEY_SELFLEARN_FLAG3
    MODULE:  .\operation.obj (OPERATION)
    ADDRESS: 07C2H

*** WARNING L2: REFERENCE MADE TO UNRESOLVED EXTERNAL
    SYMBOL:  IDKEY_SELFLEARN_FLAG4
    MODULE:  .\operation.obj (OPERATION)
    ADDRESS: 07C4H

*** WARNING L2: REFERENCE MADE TO UNRESOLVED EXTERNAL
    SYMBOL:  IDKEY_SELFLEARN_FLAG5
    MODULE:  .\operation.obj (OPERATION)
    ADDRESS: 07C6H

*** WARNING L2: REFERENCE MADE TO UNRESOLVED EXTERNAL
    SYMBOL:  ID_SELFLEARNING_FLAG
    MODULE:  .\operation.obj (OPERATION)
    ADDRESS: 07C8H

*** WARNING L2: REFERENCE MADE TO UNRESOLVED EXTERNAL
    SYMBOL:  IDKEY_FLASH_EN
    MODULE:  .\operation.obj (OPERATION)
    ADDRESS: 07CAH

*** WARNING L2: REFERENCE MADE TO UNRESOLVED EXTERNAL
    SYMBOL:  IDKEY_FLASH_EN
    MODULE:  .\operation.obj (OPERATION)
    ADDRESS: 07CDH

*** WARNING L2: REFERENCE MADE TO UNRESOLVED EXTERNAL
    SYMBOL:  FLASHING_FLAG
    MODULE:  .\operation.obj (OPERATION)
    ADDRESS: 07CFH

*** WARNING L2: REFERENCE MADE TO UNRESOLVED EXTERNAL
    SYMBOL:  IDKEY_SELFLEARN_FLAG1
    MODULE:  .\operation.obj (OPERATION)
    ADDRESS: 07D1H

*** WARNING L2: REFERENCE MADE TO UNRESOLVED EXTERNAL
    SYMBOL:  IDKEY_SELFLEARN_FLAG2
    MODULE:  .\operation.obj (OPERATION)
    ADDRESS: 07D3H

*** WARNING L2: REFERENCE MADE TO UNRESOLVED EXTERNAL
    SYMBOL:  IDKEY_SELFLEARN_FLAG3
    MODULE:  .\operation.obj (OPERATION)
    ADDRESS: 07D5H
BL51 BANKED LINKER/LOCATER V6.22                                                      07/27/2015  10:24:04  PAGE 66



*** WARNING L2: REFERENCE MADE TO UNRESOLVED EXTERNAL
    SYMBOL:  IDKEY_SELFLEARN_FLAG4
    MODULE:  .\operation.obj (OPERATION)
    ADDRESS: 07D7H

*** WARNING L2: REFERENCE MADE TO UNRESOLVED EXTERNAL
    SYMBOL:  IDKEY_SELFLEARN_FLAG5
    MODULE:  .\operation.obj (OPERATION)
    ADDRESS: 07D9H

*** WARNING L2: REFERENCE MADE TO UNRESOLVED EXTERNAL
    SYMBOL:  ID_SELFLEARNING_FLAG
    MODULE:  .\operation.obj (OPERATION)
    ADDRESS: 07DBH

*** WARNING L2: REFERENCE MADE TO UNRESOLVED EXTERNAL
    SYMBOL:  OPEN_ACTION_FLAG
    MODULE:  .\operation.obj (OPERATION)
    ADDRESS: 1432H

*** WARNING L2: REFERENCE MADE TO UNRESOLVED EXTERNAL
    SYMBOL:  ID_CERTIFICATED_FLAG
    MODULE:  .\operation.obj (OPERATION)
    ADDRESS: 1437H

*** WARNING L2: REFERENCE MADE TO UNRESOLVED EXTERNAL
    SYMBOL:  OPEN_ACTION_FLAG
    MODULE:  .\operation.obj (OPERATION)
    ADDRESS: 143DH

*** WARNING L2: REFERENCE MADE TO UNRESOLVED EXTERNAL
    SYMBOL:  ID_SPEECHED_FLAG
    MODULE:  .\operation.obj (OPERATION)
    ADDRESS: 1442H

*** WARNING L2: REFERENCE MADE TO UNRESOLVED EXTERNAL
    SYMBOL:  AFTER_IDCERT_TIMECOUNT
    MODULE:  .\operation.obj (OPERATION)
    ADDRESS: 1445H

*** WARNING L2: REFERENCE MADE TO UNRESOLVED EXTERNAL
    SYMBOL:  ID_CERTIFICATED_FLAG
    MODULE:  .\operation.obj (OPERATION)
    ADDRESS: 1448H

*** WARNING L2: REFERENCE MADE TO UNRESOLVED EXTERNAL
    SYMBOL:  ID_CERTIFICATED_NUMBERS
    MODULE:  .\operation.obj (OPERATION)
    ADDRESS: 144AH

*** WARNING L2: REFERENCE MADE TO UNRESOLVED EXTERNAL
    SYMBOL:  SLAVE_NEARBY_ACTIONED_FLAG
    MODULE:  .\operation.obj (OPERATION)
    ADDRESS: 144DH

*** WARNING L2: REFERENCE MADE TO UNRESOLVED EXTERNAL
BL51 BANKED LINKER/LOCATER V6.22                                                      07/27/2015  10:24:04  PAGE 67


    SYMBOL:  ELECMOTOR_CW
    MODULE:  .\operation.obj (OPERATION)
    ADDRESS: 144FH

*** WARNING L2: REFERENCE MADE TO UNRESOLVED EXTERNAL
    SYMBOL:  JUST_POWER_UP
    MODULE:  .\operation.obj (OPERATION)
    ADDRESS: 1455H

*** WARNING L2: REFERENCE MADE TO UNRESOLVED EXTERNAL
    SYMBOL:  SLAVE_NEARBY_ACTIONED_FLAG
    MODULE:  .\operation.obj (OPERATION)
    ADDRESS: 13DCH

*** WARNING L2: REFERENCE MADE TO UNRESOLVED EXTERNAL
    SYMBOL:  OPEN_ACTION_FLAG
    MODULE:  .\operation.obj (OPERATION)
    ADDRESS: 13DFH

*** WARNING L2: REFERENCE MADE TO UNRESOLVED EXTERNAL
    SYMBOL:  SLAVE_NEARBY_ACTIONED_FLAG
    MODULE:  .\operation.obj (OPERATION)
    ADDRESS: 13F2H

*** WARNING L2: REFERENCE MADE TO UNRESOLVED EXTERNAL
    SYMBOL:  ELECMOTOR_ACW
    MODULE:  .\operation.obj (OPERATION)
    ADDRESS: 13F5H

*** WARNING L2: REFERENCE MADE TO UNRESOLVED EXTERNAL
    SYMBOL:  OPEN_ACTION_FLAG
    MODULE:  .\operation.obj (OPERATION)
    ADDRESS: 13F9H

*** WARNING L2: REFERENCE MADE TO UNRESOLVED EXTERNAL
    SYMBOL:  IDKEY_SPEECH_FLASH
    MODULE:  .\operation.obj (OPERATION)
    ADDRESS: 13FFH

*** WARNING L2: REFERENCE MADE TO UNRESOLVED EXTERNAL
    SYMBOL:  ID_SPEECHED_FLAG
    MODULE:  .\operation.obj (OPERATION)
    ADDRESS: 1401H

*** WARNING L1: UNRESOLVED EXTERNAL SYMBOL
    SYMBOL:  HOST_STOLEN_ALARMING
    MODULE:  .\Other.obj (OTHER)

*** WARNING L1: UNRESOLVED EXTERNAL SYMBOL
    SYMBOL:  EN_HOST_STOLEN_ALARMING
    MODULE:  .\Other.obj (OTHER)

*** WARNING L2: REFERENCE MADE TO UNRESOLVED EXTERNAL
    SYMBOL:  HOST_STOLEN_ALARMING
    MODULE:  .\Other.obj (OTHER)
    ADDRESS: 0FB9H

BL51 BANKED LINKER/LOCATER V6.22                                                      07/27/2015  10:24:04  PAGE 68


*** WARNING L2: REFERENCE MADE TO UNRESOLVED EXTERNAL
    SYMBOL:  EN_HOST_STOLEN_ALARMING
    MODULE:  .\Other.obj (OTHER)
    ADDRESS: 0FBDH

*** WARNING L1: UNRESOLVED EXTERNAL SYMBOL
    SYMBOL:  LOAD_BATTERY_RESULT
    MODULE:  .\voice.obj (VOICE)

*** WARNING L1: UNRESOLVED EXTERNAL SYMBOL
    SYMBOL:  SLAVE_NEARBY_ACTIONED_FLAG
    MODULE:  .\voice.obj (VOICE)

*** WARNING L1: UNRESOLVED EXTERNAL SYMBOL
    SYMBOL:  ID_SPEECHED_FLAG
    MODULE:  .\voice.obj (VOICE)

*** WARNING L1: UNRESOLVED EXTERNAL SYMBOL
    SYMBOL:  FLASHING_FLAG
    MODULE:  .\voice.obj (VOICE)

*** WARNING L1: UNRESOLVED EXTERNAL SYMBOL
    SYMBOL:  EN_HOST_STOLEN_ALARMING
    MODULE:  .\voice.obj (VOICE)

*** WARNING L1: UNRESOLVED EXTERNAL SYMBOL
    SYMBOL:  CHECK_MOTOBATTERY_FLAG
    MODULE:  .\voice.obj (VOICE)

*** WARNING L1: UNRESOLVED EXTERNAL SYMBOL
    SYMBOL:  NEVER_ALARM_SPEECH
    MODULE:  .\voice.obj (VOICE)

*** WARNING L1: UNRESOLVED EXTERNAL SYMBOL
    SYMBOL:  CHECK_MOTOBATTERY_COUNT
    MODULE:  .\voice.obj (VOICE)

*** WARNING L1: UNRESOLVED EXTERNAL SYMBOL
    SYMBOL:  OPEN_ACTION_FLAG
    MODULE:  .\voice.obj (VOICE)

*** WARNING L2: REFERENCE MADE TO UNRESOLVED EXTERNAL
    SYMBOL:  FLASHING_FLAG
    MODULE:  .\voice.obj (VOICE)
    ADDRESS: 1712H

*** WARNING L2: REFERENCE MADE TO UNRESOLVED EXTERNAL
    SYMBOL:  OPEN_ACTION_FLAG
    MODULE:  .\voice.obj (VOICE)
    ADDRESS: 1715H

*** WARNING L2: REFERENCE MADE TO UNRESOLVED EXTERNAL
    SYMBOL:  SLAVE_NEARBY_ACTIONED_FLAG
    MODULE:  .\voice.obj (VOICE)
    ADDRESS: 171AH

*** WARNING L2: REFERENCE MADE TO UNRESOLVED EXTERNAL
BL51 BANKED LINKER/LOCATER V6.22                                                      07/27/2015  10:24:04  PAGE 69


    SYMBOL:  ID_SPEECHED_FLAG
    MODULE:  .\voice.obj (VOICE)
    ADDRESS: 171DH

*** WARNING L2: REFERENCE MADE TO UNRESOLVED EXTERNAL
    SYMBOL:  ID_SPEECHED_FLAG
    MODULE:  .\voice.obj (VOICE)
    ADDRESS: 1723H

*** WARNING L2: REFERENCE MADE TO UNRESOLVED EXTERNAL
    SYMBOL:  CHECK_MOTOBATTERY_COUNT
    MODULE:  .\voice.obj (VOICE)
    ADDRESS: 125AH

*** WARNING L2: REFERENCE MADE TO UNRESOLVED EXTERNAL
    SYMBOL:  CHECK_MOTOBATTERY_FLAG
    MODULE:  .\voice.obj (VOICE)
    ADDRESS: 1267H

*** WARNING L2: REFERENCE MADE TO UNRESOLVED EXTERNAL
    SYMBOL:  EN_HOST_STOLEN_ALARMING
    MODULE:  .\voice.obj (VOICE)
    ADDRESS: 126AH

*** WARNING L2: REFERENCE MADE TO UNRESOLVED EXTERNAL
    SYMBOL:  LOAD_BATTERY_RESULT
    MODULE:  .\voice.obj (VOICE)
    ADDRESS: 127DH

*** WARNING L2: REFERENCE MADE TO UNRESOLVED EXTERNAL
    SYMBOL:  CHECK_MOTOBATTERY_FLAG
    MODULE:  .\voice.obj (VOICE)
    ADDRESS: 1289H

*** WARNING L2: REFERENCE MADE TO UNRESOLVED EXTERNAL
    SYMBOL:  NEVER_ALARM_SPEECH
    MODULE:  .\voice.obj (VOICE)
    ADDRESS: 18CBH

*** WARNING L2: REFERENCE MADE TO UNRESOLVED EXTERNAL
    SYMBOL:  NEVER_ALARM_SPEECH
    MODULE:  .\voice.obj (VOICE)
    ADDRESS: 18CEH

Program Size: data=54.5 xdata=148 code=6387
LINK/LOCATE RUN COMPLETE.  210 WARNING(S),  0 ERROR(S)
