BL51 BANKED LINKER/LOCATER V6.22                                                        06/15/2015  15:06:03  PAGE 1


BL51 BANKED LINKER/LOCATER V6.22, INVOKED BY:
D:\PROGRAM FILES (X86)\KEIL_V5\C51\BIN\BL51.EXE .\AD.obj, .\Battery.obj, .\communication.obj, .\Delay.obj, .\operation.o
>> bj, .\Other.obj, .\pwm.obj, .\Timer.obj, .\UART.obj, .\voice.obj, .\ISP_DataFlash.obj, .\Schedular.obj, main.obj TO D
>> DC-F RAMSIZE (256)


MEMORY MODEL: COMPACT


INPUT MODULES INCLUDED:
  .\AD.obj (AD)
  .\Battery.obj (BATTERY)
  .\communication.obj (COMMUNICATION)
  .\Delay.obj (DELAY)
  .\operation.obj (OPERATION)
  .\Other.obj (OTHER)
  .\pwm.obj (PWM)
  .\Timer.obj (TIMER)
  .\UART.obj (UART)
  .\voice.obj (VOICE)
  .\ISP_DataFlash.obj (ISP_DATAFLASH)
  .\Schedular.obj (SCHEDULAR)
  main.obj (MAIN)
  D:\PROGRAM FILES (X86)\KEIL_V5\C51\LIB\C51C.LIB (?C_STARTUP)
  D:\PROGRAM FILES (X86)\KEIL_V5\C51\LIB\C51C.LIB (?C?CLDPTR)
  D:\PROGRAM FILES (X86)\KEIL_V5\C51\LIB\C51C.LIB (?C?LMUL)
  D:\PROGRAM FILES (X86)\KEIL_V5\C51\LIB\C51C.LIB (?C?ULDIV)
  D:\PROGRAM FILES (X86)\KEIL_V5\C51\LIB\C51C.LIB (?C?LNEG)
  D:\PROGRAM FILES (X86)\KEIL_V5\C51\LIB\C51C.LIB (?C?ICALL)
  D:\PROGRAM FILES (X86)\KEIL_V5\C51\LIB\C51C.LIB (?C?LIMUL)
  D:\PROGRAM FILES (X86)\KEIL_V5\C51\LIB\C51C.LIB (?C_INIT)


LINK MAP OF MODULE:  DDC-F (AD)


            TYPE    BASE      LENGTH    RELOCATION   SEGMENT NAME
            -----------------------------------------------------

            * * * * * * *   D A T A   M E M O R Y   * * * * * * *
            REG     0000H     0008H     ABSOLUTE     "REG BANK 0"
                    0008H     0018H                  *** GAP ***
            BIT     0020H.0   0004H.6   UNIT         ?BI?MAIN
            BIT     0024H.6   0000H.2   UNIT         ?BI?OPERATION
            BIT     0025H.0   0000H.1   UNIT         ?BI?_HSCH_ADD_TASK?SCHEDULAR
            BIT     0025H.1   0000H.1   UNIT         ?BI?_HSCH_DELETE_TASK?SCHEDULAR
                    0025H.2   0000H.6                *** GAP ***
            DATA    0026H     0028H     UNIT         ?DT?SCHEDULAR
            IDATA   004EH     0001H     UNIT         ?STACK

            * * * * * * *  X D A T A   M E M O R Y  * * * * * * *
            XDATA   0000H     0002H     INPAGE       ?PD?_VERIFYBATTERY?BATTERY
            XDATA   0002H     0001H     INPAGE       ?PD?BATTERY
            XDATA   0003H     0003H     INPAGE       ?PD?_SEND_DATA?COMMUNICATION
            XDATA   0006H     0003H     INPAGE       ?PD?_COMMODE_DATA?COMMUNICATION
            XDATA   0009H     0003H     INPAGE       ?PD?_COMMODE_DATA_WX?COMMUNICATION
            XDATA   000CH     0002H     INPAGE       ?PD?_UART_SEND_DATA?COMMUNICATION
            XDATA   000EH     0004H     INPAGE       ?PD?_SEND_CODE_TO_LOCK?COMMUNICATION
BL51 BANKED LINKER/LOCATER V6.22                                                      06/15/2015  15:06:03  PAGE 2


            XDATA   0012H     0004H     INPAGE       ?PD?_SEND_CODE_TO_LOCK_TAILI?COMMUNICATION
            XDATA   0016H     0007H     INPAGE       ?PD?COMMUNICATION
            XDATA   001DH     0002H     INPAGE       ?PD?_MAGNET_DELAY?DELAY
            XDATA   001FH     0002H     INPAGE       ?PD?DELAY
            XDATA   0021H     0004H     INPAGE       ?PD?_MAGNET_CW?OTHER
            XDATA   0025H     0004H     INPAGE       ?PD?_MAGNET_CW_TAILI?OTHER
            XDATA   0029H     0002H     INPAGE       ?PD?PWM
            XDATA   002BH     0002H     INPAGE       ?PD?_INITTIMER?TIMER
            XDATA   002DH     0004H     INPAGE       ?PD?TIMER
            XDATA   0031H     0001H     INPAGE       ?PD?VOICE
            XDATA   0032H     0002H     INPAGE       ?PD?_FLASH_PAGE_ERASE?ISP_DATAFLASH
            XDATA   0034H     0003H     INPAGE       ?PD?_FLASH_WRITE_DATA?ISP_DATAFLASH
            XDATA   0037H     0003H     INPAGE       ?PD?_FLASH_READ_DATA?ISP_DATAFLASH
            XDATA   003AH     0001H     INPAGE       ?PD?HSCH_DISPATCH_TASKS?SCHEDULAR
            XDATA   003BH     0002H     INPAGE       ?PD?_HSCH_ADD_TASK?SCHEDULAR
            XDATA   003DH     0001H     INPAGE       ?PD?HSCH_UPDATE?SCHEDULAR
            XDATA   003EH     0004H     INPAGE       ?PD?SCHEDULAR
            XDATA   0042H     0046H     INPAGE       ?PD?MAIN
            XDATA   0088H     000BH     INPAGE       _PDATA_GROUP_

            * * * * * * *   C O D E   M E M O R Y   * * * * * * *
            CODE    0000H     0003H     ABSOLUTE     
            CODE    0003H     0008H     INBLOCK      ?PR?MOTO_VIBRATION?OTHER
            CODE    000BH     0003H     ABSOLUTE     
            CODE    000EH     0015H     INBLOCK      ?PR?_FLASH_PAGE_ERASE?ISP_DATAFLASH
            CODE    0023H     0003H     ABSOLUTE     
            CODE    0026H     0014H     INBLOCK      ?PR?DISABLE_ISP?ISP_DATAFLASH
            CODE    003AH     0001H     INBLOCK      ?PR?KEY_ROTATE_ON_SPEECH?VOICE
            CODE    003BH     0003H     ABSOLUTE     
            CODE    003EH     020EH     INBLOCK      ?PR?TIMER0?MAIN
            CODE    024CH     0177H     UNIT         ?C?LIB_CODE
            CODE    03C3H     0170H     INBLOCK      ?PR?UART_ISR?MAIN
            CODE    0533H     0109H     UNIT         ?C_INITSEG
            CODE    063CH     00DDH     INBLOCK      ?PR?_VERIFYBATTERY?BATTERY
            CODE    0719H     00C2H     INBLOCK      ?PR?HSCH_UPDATE?SCHEDULAR
            CODE    07DBH     0024H     INBLOCK      ?PR?SLAVE_NEARBY_OPERATION?OPERATION
            CODE    07FFH     0001H     INBLOCK      ?PR?HSCH_REPORT_STATUS?SCHEDULAR
            CODE    0800H     00A4H     INBLOCK      ?PR?DETECT_SELFLEARN_ACTION?OPERATION
            CODE    08A4H     008CH     UNIT         ?C_C51STARTUP
            CODE    0930H     007DH     INBLOCK      ?PR?_HSCH_ADD_TASK?SCHEDULAR
            CODE    09ADH     0078H     INBLOCK      ?PR?_GETADCRESULT?AD
            CODE    0A25H     0078H     INBLOCK      ?PR?MAIN?MAIN
            CODE    0A9DH     0075H     INBLOCK      ?PR?_INITTIMER?TIMER
            CODE    0B12H     0073H     INBLOCK      ?PR?_SEND_CODE_TO_LOCK?COMMUNICATION
            CODE    0B85H     0073H     INBLOCK      ?PR?_SEND_CODE_TO_LOCK_TAILI?COMMUNICATION
            CODE    0BF8H     0071H     INBLOCK      ?PR?HSCH_DISPATCH_TASKS?SCHEDULAR
            CODE    0C69H     006AH     INBLOCK      ?PR?RECEIVE_BYTE?COMMUNICATION
            CODE    0CD3H     006AH     INBLOCK      ?PR?RECEIVE_BYTE_LOCK?COMMUNICATION
            CODE    0D3DH     0062H     INBLOCK      ?PR?_PWM_CHANNEL?PWM
            CODE    0D9FH     0060H     INBLOCK      ?PR?_SEND_DATA?COMMUNICATION
            CODE    0DFFH     0057H     INBLOCK      ?PR?_UART_SEND_DATA?COMMUNICATION
            CODE    0E56H     0053H     INBLOCK      ?PR?SELF_LEARN_PROGRAMMING?ISP_DATAFLASH
            CODE    0EA9H     004BH     INBLOCK      ?PR?_HSCH_DELETE_TASK?SCHEDULAR
            CODE    0EF4H     0048H     INBLOCK      ?PR?INITSIGNAL?COMMUNICATION
            CODE    0F3CH     0048H     INBLOCK      ?PR?INITSIGNAL_F?COMMUNICATION
            CODE    0F84H     0047H     INBLOCK      ?PR?DISABLE_SENSOR?OTHER
            CODE    0FCBH     0034H     INBLOCK      ?PR?_COMMODE_DATA_WX?COMMUNICATION
BL51 BANKED LINKER/LOCATER V6.22                                                      06/15/2015  15:06:03  PAGE 3


                    0FFFH     0001H                  *** GAP ***
            CODE    1000H     0045H     INBLOCK      ?PR?_UART_SEND_DATA_F?COMMUNICATION
            CODE    1045H     0043H     INBLOCK      ?PR?UART_SEND_DATA_MATCH?COMMUNICATION
            CODE    1088H     0041H     INBLOCK      ?PR?RECEIVE_WORD?COMMUNICATION
            CODE    10C9H     0041H     INBLOCK      ?PR?SELF_LEARN_PROGRAMMING_F?ISP_DATAFLASH
            CODE    110AH     003FH     INBLOCK      ?PR?_CUSTOM_DELAY?DELAY
            CODE    1149H     003EH     INBLOCK      ?PR?_MAGNET_DELAY?DELAY
            CODE    1187H     0036H     INBLOCK      ?PR?_INITUART?UART
            CODE    11BDH     0036H     INBLOCK      ?PR?_SC_SPEECH?VOICE
            CODE    11F3H     0032H     INBLOCK      ?PR?_COMMODE_DATA?COMMUNICATION
            CODE    1225H     0032H     INBLOCK      ?PR?ACCUMULATOR_VOICE_PROMOT?VOICE
            CODE    1257H     0031H     INBLOCK      ?PR?_MAGNET_CW?OTHER
            CODE    1288H     0031H     INBLOCK      ?PR?_MAGNET_CW_TAILI?OTHER
            CODE    12B9H     0030H     INBLOCK      ?PR?_FLASH_WRITE_DATA?ISP_DATAFLASH
            CODE    12E9H     002FH     INBLOCK      ?PR?DETECT_VIBRATION?OPERATION
            CODE    1318H     002CH     INBLOCK      ?PR?DETECT_WHEEL_MOVING?OPERATION
            CODE    1344H     002BH     INBLOCK      ?PR?DETECT_CLOSE_ACTION?OPERATION
            CODE    136FH     002BH     INBLOCK      ?PR?_SENDNBYTE?UART
            CODE    139AH     0029H     INBLOCK      ?PR?DETECT_OPEN_ACTION?OPERATION
            CODE    13C3H     0026H     INBLOCK      ?PR?SELFLEARN_RESET?OPERATION
            CODE    13E9H     0023H     INBLOCK      ?PR?_INITT0?TIMER
            CODE    140CH     0022H     INBLOCK      ?PR?ENSENSOR_AFTERIDCERT?OPERATION
            CODE    142EH     0021H     INBLOCK      ?PR?SLAVE_AWAY_OPERATION?OPERATION
            CODE    144FH     0021H     INBLOCK      ?PR?ENSENSOR_AFTER_SLAVE_AWAY?OPERATION
            CODE    1470H     0021H     INBLOCK      ?PR?KBI_ISR?MAIN
            CODE    1491H     0020H     INBLOCK      ?PR?_DELAY_MS?DELAY
            CODE    14B1H     001EH     INBLOCK      ?PR?RESET_AFTER_STOLEN_ALARMING?OPERATION
            CODE    14CFH     001EH     INBLOCK      ?PR?_FLASH_READ_DATA?ISP_DATAFLASH
            CODE    14EDH     001BH     INBLOCK      ?PR?ENSENSOR_AFTER_CLOSE?OPERATION
            CODE    1508H     001BH     INBLOCK      ?PR?INITVOICE?VOICE
            CODE    1523H     001AH     INBLOCK      ?PR?DELAY_1MS?DELAY
            CODE    153DH     001AH     INBLOCK      ?PR?DELAY_5MS?DELAY
            CODE    1557H     001AH     INBLOCK      ?PR?DELAY_10MS?DELAY
            CODE    1571H     001AH     INBLOCK      ?PR?DELAY_50MS?DELAY
            CODE    158BH     001AH     INBLOCK      ?PR?DELAY_100MS?DELAY
            CODE    15A5H     001AH     INBLOCK      ?PR?DELAY_500MS?DELAY
            CODE    15BFH     001AH     INBLOCK      ?PR?TRIGGER_ISP?ISP_DATAFLASH
            CODE    15D9H     0019H     INBLOCK      ?PR?_DELAY_US?DELAY
            CODE    15F2H     0018H     INBLOCK      ?PR?INIT_PWM?PWM
            CODE    160AH     0017H     INBLOCK      ?PR?_DELAY?DELAY
            CODE    1621H     0016H     INBLOCK      ?PR?FELL_ALARM_TO_SLAVE?OPERATION
            CODE    1637H     0016H     INBLOCK      ?PR?RAISE_ALARM_TO_SLAVE?OPERATION
            CODE    164DH     0016H     INBLOCK      ?PR?BATSTOLEN_ALARM_TO_SLAVE?OPERATION
            CODE    1663H     0013H     INBLOCK      ?PR?HOST_TOUCH_SPEECH?VOICE
            CODE    1676H     0013H     INBLOCK      ?PR?STOLEN_ALARM_SPEECH2?VOICE
            CODE    1689H     0013H     INBLOCK      ?PR?ENABLE_ISP?ISP_DATAFLASH
            CODE    169CH     0011H     INBLOCK      ?PR?SELF_LEARN_SPEECH?VOICE
            CODE    16ADH     0011H     INBLOCK      ?PR?IDCERTED_SPEECH?VOICE
            CODE    16BEH     0010H     INBLOCK      ?PR?RESET_AFTER_WIREBROKEN?OPERATION
            CODE    16CEH     000FH     INBLOCK      ?PR?MOTORBAT_LOW_SPEECH?VOICE
            CODE    16DDH     000FH     INBLOCK      ?PR?ID_SPEECH?VOICE
            CODE    16ECH     000FH     INBLOCK      ?PR?HOST_2NDTOUCH_SPEECH?VOICE
            CODE    16FBH     000FH     INBLOCK      ?PR?STOLEN_ALARM_SPEECH1?VOICE
            CODE    170AH     000FH     INBLOCK      ?PR?OPEN_LOCK_SPEECH?VOICE
            CODE    1719H     000FH     INBLOCK      ?PR?CLOSE_LOCK_SPEECH?VOICE
            CODE    1728H     000FH     INBLOCK      ?PR?BATTERY_STOLEN_SPEECH?VOICE
            CODE    1737H     000FH     INBLOCK      ?PR?CUTTING_WIRE_VOICE?VOICE
BL51 BANKED LINKER/LOCATER V6.22                                                      06/15/2015  15:06:03  PAGE 4


            CODE    1746H     000FH     INBLOCK      ?PR?PRODUCT_TEST_VOICE?VOICE
            CODE    1755H     000FH     INBLOCK      ?PR?BATTERY_LOW_ALARM_SPEECH?VOICE
            CODE    1764H     000FH     INBLOCK      ?PR?BATTERY_HIGH_ALARM_SPEECH?VOICE
            CODE    1773H     000FH     INBLOCK      ?PR?ALARM_STOLEN_SPEECH?VOICE
            CODE    1782H     000FH     INBLOCK      ?PR?ALARM_RAISED_SPEECH?VOICE
            CODE    1791H     000FH     INBLOCK      ?PR?ALARM_FELL_SPEECH?VOICE
            CODE    17A0H     000FH     INBLOCK      ?PR?HOST_BATTERY_HIGH_ALARM_SPEECH?VOICE
            CODE    17AFH     000FH     INBLOCK      ?PR?BATTERY_STOLEN_SPEECH_F3?VOICE
            CODE    17BEH     000FH     INBLOCK      ?PR?WIRE_BROKEN_SPEECH?VOICE
            CODE    17CDH     000FH     INBLOCK      ?PR?LOCK_ROTATED_ON_SPEECH?VOICE
            CODE    17DCH     000FH     INBLOCK      ?PR?LOCK_ROTATED_OFF_SPEECH?VOICE
            CODE    17EBH     000EH     INBLOCK      ?PR?_MAGNET_ACW?OTHER
            CODE    17F9H     0005H     INBLOCK      ?PR?OPEN_TRANCEIVER?COMMUNICATION
                    17FEH     0002H                  *** GAP ***
            CODE    1800H     000EH     INBLOCK      ?PR?_MAGNET_ACW_TAILI?OTHER
            CODE    180EH     000DH     INBLOCK      ?PR?CHECK_MOTOR_ACCUMULATOR?BATTERY
            CODE    181BH     000CH     INBLOCK      ?PR?HOST_STOLEN_ACTION?OPERATION
            CODE    1827H     000CH     INBLOCK      ?PR?ENABLE_SENSOR?OTHER
            CODE    1833H     000BH     INBLOCK      ?PR?INITSENSOR?OPERATION
            CODE    183EH     0009H     INBLOCK      ?PR?INITTRANSCEIVER?COMMUNICATION
            CODE    1847H     0009H     INBLOCK      ?PR?DISABLE_SENSOR_AFTER_IDCERT?OPERATION
            CODE    1850H     0009H     INBLOCK      ?PR?ENTER_NOGUARD_VOICE?VOICE
            CODE    1859H     0008H     INBLOCK      ?PR?MYPWM?PWM
            CODE    1861H     0008H     INBLOCK      ?PR?_SENDDATA?UART
            CODE    1869H     0004H     INBLOCK      ?PR?SEOS_GO_TO_SLEEP?TIMER
            CODE    186DH     0004H     INBLOCK      ?PR?HSCH_GO_TO_SLEEP?SCHEDULAR
            CODE    1871H     0003H     INBLOCK      ?PR?CLOSE_TRANCEIVER?COMMUNICATION
                    1874H     0784H                  *** GAP ***
            CODE    1FF8H     0001H     ABSOLUTE     
            CODE    1FF9H     0001H     ABSOLUTE     
            CODE    1FFAH     0001H     ABSOLUTE     
            CODE    1FFBH     0001H     ABSOLUTE     
            CODE    1FFCH     0001H     ABSOLUTE     
            CODE    1FFDH     0001H     ABSOLUTE     



OVERLAY MAP OF MODULE:   DDC-F (AD)


SEGMENT                                            PDATA_GROUP
  +--> CALLED SEGMENT                            START    LENGTH
----------------------------------------------------------------
?PR?TIMER0?MAIN                                  -----    -----
  +--> ?PR?CHECK_MOTOR_ACCUMULATOR?BATTERY
  +--> ?PR?BATTERY_LOW_ALARM_SPEECH?VOICE
  +--> ?PR?_UART_SEND_DATA_F?COMMUNICATION
  +--> ?PR?UART_SEND_DATA_MATCH?COMMUNICATION
  +--> ?PR?MOTO_VIBRATION?OTHER

?PR?CHECK_MOTOR_ACCUMULATOR?BATTERY              -----    -----
  +--> ?PR?_GETADCRESULT?AD

?PR?BATTERY_LOW_ALARM_SPEECH?VOICE               -----    -----
  +--> ?PR?_SC_SPEECH?VOICE
  +--> ?PR?_DELAY?DELAY

BL51 BANKED LINKER/LOCATER V6.22                                                      06/15/2015  15:06:03  PAGE 5


?PR?_SC_SPEECH?VOICE                             0091H    0002H
  +--> ?PR?DELAY_50MS?DELAY
  +--> ?PR?_DELAY_US?DELAY

?PR?_UART_SEND_DATA_F?COMMUNICATION              0088H    0002H
  +--> ?PR?OPEN_TRANCEIVER?COMMUNICATION
  +--> ?PR?INITSIGNAL_F?COMMUNICATION
  +--> ?PR?_SENDNBYTE?UART
  +--> ?PR?CLOSE_TRANCEIVER?COMMUNICATION

?PR?INITSIGNAL_F?COMMUNICATION                   008AH    0003H
  +--> ?PR?_CUSTOM_DELAY?DELAY

?PR?_CUSTOM_DELAY?DELAY                          008DH    0004H

?PR?_SENDNBYTE?UART                              008AH    0003H
  +--> ?PR?_SENDDATA?UART

?PR?UART_SEND_DATA_MATCH?COMMUNICATION           -----    -----
  +--> ?PR?OPEN_TRANCEIVER?COMMUNICATION
  +--> ?PR?INITSIGNAL?COMMUNICATION
  +--> ?PR?_SENDNBYTE?UART
  +--> ?PR?DELAY_50MS?DELAY
  +--> ?PR?CLOSE_TRANCEIVER?COMMUNICATION

?PR?INITSIGNAL?COMMUNICATION                     0088H    0003H
  +--> ?PR?_CUSTOM_DELAY?DELAY

?PR?MOTO_VIBRATION?OTHER                         -----    -----
  +--> ?PR?DELAY_500MS?DELAY

*** NEW ROOT ***************************************************

?C_C51STARTUP                                    -----    -----
  +--> ?PR?MAIN?MAIN
  +--> ?C_INITSEG

?PR?MAIN?MAIN                                    -----    -----
  +--> ?PR?INITVOICE?VOICE
  +--> ?PR?_INITUART?UART
  +--> ?PR?ALARM_STOLEN_SPEECH?VOICE
  +--> ?PR?MOTO_VIBRATION?OTHER
  +--> ?PR?ALARM_RAISED_SPEECH?VOICE
  +--> ?PR?ALARM_FELL_SPEECH?VOICE
  +--> ?PR?WIRE_BROKEN_SPEECH?VOICE
  +--> ?PR?HOST_BATTERY_HIGH_ALARM_SPEECH?VOICE
  +--> ?PR?SEOS_GO_TO_SLEEP?TIMER

?PR?INITVOICE?VOICE                              -----    -----
  +--> ?PR?_DELAY_US?DELAY

?PR?_INITUART?UART                               -----    -----
  +--> ?PR?_INITT0?TIMER

?PR?ALARM_STOLEN_SPEECH?VOICE                    -----    -----
  +--> ?PR?_SC_SPEECH?VOICE
  +--> ?PR?_DELAY?DELAY
BL51 BANKED LINKER/LOCATER V6.22                                                      06/15/2015  15:06:03  PAGE 6



?PR?ALARM_RAISED_SPEECH?VOICE                    -----    -----
  +--> ?PR?_SC_SPEECH?VOICE
  +--> ?PR?_DELAY?DELAY

?PR?ALARM_FELL_SPEECH?VOICE                      -----    -----
  +--> ?PR?_SC_SPEECH?VOICE
  +--> ?PR?_DELAY?DELAY

?PR?WIRE_BROKEN_SPEECH?VOICE                     -----    -----
  +--> ?PR?_SC_SPEECH?VOICE
  +--> ?PR?_DELAY?DELAY

?PR?HOST_BATTERY_HIGH_ALARM_SPEECH?VOICE         -----    -----
  +--> ?PR?_SC_SPEECH?VOICE
  +--> ?PR?_DELAY?DELAY



UNRESOLVED EXTERNAL SYMBOLS:
   AFTER_IDCERT_TIMECOUNT
   CHECK_MOTOBATTERY_COUNT
   CHECK_MOTOBATTERY_FLAG
   ELECMOTOR_ACW
   ELECMOTOR_CW
   EN_HOST_STOLEN_ALARMING
   FLASHING_FLAG
   HOST_STOLEN_ALARMING
   IDKEY_FLASH_EN
   IDKEY_SELFLEARN_FLAG1
   IDKEY_SELFLEARN_FLAG2
   IDKEY_SELFLEARN_FLAG3
   IDKEY_SELFLEARN_FLAG4
   IDKEY_SELFLEARN_FLAG5
   IDKEY_SELFLEARN_HVCOUNT
   IDKEY_SELFLEARN_LVCOUNT
   IDKEY_SPEECH_FLASH
   ID_CERTIFICATED_FLAG
   ID_CERTIFICATED_NUMBERS
   ID_SELFLEARNING_FLAG
   ID_SELFLEARNING_TIMECOUNT
   ID_SPEECHED_FLAG
   JUST_POWER_UP
   LOAD_BATTERY_RESULT
   NEVER_ALARM
   NEVER_ALARM_SPEECH
   OPEN_ACTION_FLAG
   SILENCE_FLAG
   SLAVE_NEARBY_ACTIONED_FLAG
   SLAVE_NEARBY_COUNT
   STOLEN_ALARM_RESET_COUNT
   WIRE_BROKEN_RESET



SYMBOL TABLE OF MODULE:  DDC-F (AD)

BL51 BANKED LINKER/LOCATER V6.22                                                      06/15/2015  15:06:03  PAGE 7


  VALUE           TYPE          NAME
  ----------------------------------

  -------         MODULE        AD
  C:0000H         SYMBOL        _ICE_DUMMY_
  D:0080H         PUBLIC        P0
  D:0090H         PUBLIC        P1
  D:00A0H         PUBLIC        P2
  D:00B0H         PUBLIC        P3
  D:00A8H         PUBLIC        IE
  D:00E2H         PUBLIC        ADCH
  B:00F8H.4       PUBLIC        ADCI
  D:00B8H         PUBLIC        IP
  B:00F8H.3       PUBLIC        ADCS
  D:00F6H         PUBLIC        P0DIDS
  D:00D8H         PUBLIC        WDCON0
  D:0098H         PUBLIC        SCON
  D:0088H         PUBLIC        TCON
  B:00F8H.0       PUBLIC        AADR0
  B:00F8H.1       PUBLIC        AADR1
  B:00F8H.2       PUBLIC        AADR2
  D:00E8H         PUBLIC        EIE
  D:00F8H         PUBLIC        ADCCON0
  D:00E1H         PUBLIC        ADCCON1
  D:00C0H         PUBLIC        I2CON
  D:00C8H         PUBLIC        T2CON
  C:09ADH         PUBLIC        _GetADCResult
  D:00D0H         PUBLIC        PSW
  -------         PROC          _GETADCRESULT
  D:0007H         SYMBOL        ch
  -------         DO            
  D:0005H         SYMBOL        DataL
  D:0002H         SYMBOL        DataH
  -------         ENDDO         
  C:09ADH         LINE#         17
  C:09ADH         LINE#         18
  C:09ADH         LINE#         19
  C:09AEH         LINE#         20
  C:09AFH         LINE#         22
  C:09B4H         LINE#         23
  C:09B4H         LINE#         25
  C:09B7H         LINE#         27
  C:09B9H         LINE#         28
  C:09BBH         LINE#         29
  C:09BDH         LINE#         31
  C:09C0H         LINE#         33
  C:09C2H         LINE#         34
  C:09C4H         LINE#         36
  C:09C6H         LINE#         37
  C:09CDH         LINE#         39
  C:09D1H         LINE#         40
  C:09E3H         LINE#         42
  C:09E7H         LINE#         43
  C:09E7H         LINE#         45
  C:09ECH         LINE#         46
  C:09ECH         LINE#         48
  C:09EFH         LINE#         51
BL51 BANKED LINKER/LOCATER V6.22                                                      06/15/2015  15:06:03  PAGE 8


  C:09F1H         LINE#         52
  C:09F3H         LINE#         53
  C:09F5H         LINE#         55
  C:09F8H         LINE#         57
  C:09FAH         LINE#         58
  C:09FCH         LINE#         60
  C:09FEH         LINE#         61
  C:0A05H         LINE#         63
  C:0A0BH         LINE#         64
  C:0A1DH         LINE#         66
  C:0A21H         LINE#         67
  C:0A21H         LINE#         69
  C:0A24H         LINE#         70
  -------         ENDPROC       _GETADCRESULT
  -------         ENDMOD        AD

  -------         MODULE        BATTERY
  C:0000H         SYMBOL        _ICE_DUMMY_
  C:180EH         PUBLIC        Check_motor_accumulator
  D:0080H         PUBLIC        P0
  D:0090H         PUBLIC        P1
  D:00A0H         PUBLIC        P2
  D:00B0H         PUBLIC        P3
  X:0002H         PUBLIC        Check2_stage
  B:0090H.4       PUBLIC        voice_EN
  D:00A8H         PUBLIC        IE
  D:00B8H         PUBLIC        IP
  C:063CH         PUBLIC        _verifybattery
  D:00D8H         PUBLIC        WDCON0
  D:0098H         PUBLIC        SCON
  D:0088H         PUBLIC        TCON
  D:00E8H         PUBLIC        EIE
  D:00F8H         PUBLIC        ADCCON0
  D:00C0H         PUBLIC        I2CON
  D:00C8H         PUBLIC        T2CON
  D:00D0H         PUBLIC        PSW
  -------         PROC          CHECK_MOTOR_ACCUMULATOR
  C:180EH         LINE#         22
  C:180EH         LINE#         23
  C:180EH         LINE#         25
  C:181AH         LINE#         26
  -------         ENDPROC       CHECK_MOTOR_ACCUMULATOR
  -------         PROC          _VERIFYBATTERY
  X:0000H         SYMBOL        Check2
  C:063CH         LINE#         33
  C:0643H         LINE#         34
  C:0643H         LINE#         39
  C:064BH         LINE#         40
  C:064BH         LINE#         41
  C:064DH         LINE#         42
  C:0652H         LINE#         43
  C:0654H         LINE#         44
  C:0654H         LINE#         45
  C:0656H         LINE#         47
  C:066EH         LINE#         48
  C:066EH         LINE#         49
  C:0670H         LINE#         50
BL51 BANKED LINKER/LOCATER V6.22                                                      06/15/2015  15:06:03  PAGE 9


  C:0675H         LINE#         51
  C:0677H         LINE#         52
  C:0677H         LINE#         53
  C:0679H         LINE#         55
  C:0691H         LINE#         56
  C:0691H         LINE#         57
  C:0693H         LINE#         58
  C:0698H         LINE#         59
  C:069AH         LINE#         60
  C:069AH         LINE#         61
  C:069CH         LINE#         63
  C:06B4H         LINE#         64
  C:06B4H         LINE#         65
  C:06B6H         LINE#         66
  C:06BBH         LINE#         67
  C:06BDH         LINE#         68
  C:06BDH         LINE#         69
  C:06BFH         LINE#         71
  C:06D7H         LINE#         72
  C:06D7H         LINE#         73
  C:06D9H         LINE#         74
  C:06DEH         LINE#         75
  C:06E0H         LINE#         76
  C:06E0H         LINE#         77
  C:06E2H         LINE#         79
  C:06FAH         LINE#         80
  C:06FAH         LINE#         81
  C:06FCH         LINE#         82
  C:0701H         LINE#         83
  C:0706H         LINE#         84
  C:0708H         LINE#         85
  C:0709H         LINE#         87
  C:0715H         LINE#         88
  C:0715H         LINE#         89
  C:0718H         LINE#         90
  C:0718H         LINE#         247
  -------         ENDPROC       _VERIFYBATTERY
  -------         ENDMOD        BATTERY

  -------         MODULE        COMMUNICATION
  C:0000H         SYMBOL        _ICE_DUMMY_
  C:0C69H         PUBLIC        receive_byte
  D:0080H         PUBLIC        P0
  D:0090H         PUBLIC        P1
  B:00B0H.0       PUBLIC        receive_wire
  D:00A0H         PUBLIC        P2
  D:00B0H         PUBLIC        P3
  C:11F3H         PUBLIC        _ComMode_Data
  C:0DFFH         PUBLIC        _UART_Send_Data
  C:1088H         PUBLIC        receive_word
  D:00A8H         PUBLIC        IE
  C:0FCBH         PUBLIC        _ComMode_Data_WX
  D:00B8H         PUBLIC        IP
  C:183EH         PUBLIC        InitTransceiver
  B:0080H.1       PUBLIC        lock_code
  C:1000H         PUBLIC        _UART_Send_Data_F
  D:00D8H         PUBLIC        WDCON0
BL51 BANKED LINKER/LOCATER V6.22                                                      06/15/2015  15:06:03  PAGE 10


  B:0090H.0       PUBLIC        P10
  B:0090H.1       PUBLIC        P11
  C:1871H         PUBLIC        close_tranceiver
  D:0098H         PUBLIC        SCON
  D:0088H         PUBLIC        TCON
  C:0EF4H         PUBLIC        initsignal
  B:00A0H.7       PUBLIC        transmiter_EN
  B:0090H.3       PUBLIC        receiver_EN
  C:17F9H         PUBLIC        open_tranceiver
  C:0B85H         PUBLIC        _send_code_to_lock_Taili
  D:00E8H         PUBLIC        EIE
  B:00A0H.3       PUBLIC        MagentControl_2
  D:00F8H         PUBLIC        ADCCON0
  D:00C0H         PUBLIC        I2CON
  C:0F3CH         PUBLIC        initsignal_F
  B:00A0H.6       PUBLIC        transmiter_power
  D:00C8H         PUBLIC        T2CON
  C:0D9FH         PUBLIC        _Send_Data
  C:0CD3H         PUBLIC        receive_byte_Lock
  B:0090H.0       PUBLIC        TXD
  C:1045H         PUBLIC        UART_Send_Data_match
  C:0B12H         PUBLIC        _send_code_to_lock
  D:00D0H         PUBLIC        PSW
  X:0016H         PUBLIC        myTxRxData
  -------         PROC          INITTRANSCEIVER
  C:183EH         LINE#         38
  C:183EH         LINE#         39
  C:183EH         LINE#         40
  C:1840H         LINE#         41
  C:1842H         LINE#         42
  C:1844H         LINE#         43
  C:1846H         LINE#         44
  -------         ENDPROC       INITTRANSCEIVER
  -------         PROC          INITSIGNAL
  -------         DO            
  X:0088H         SYMBOL        k
  X:0089H         SYMBOL        k1
  X:008AH         SYMBOL        mystartbuffer
  -------         ENDDO         
  C:0EF4H         LINE#         53
  C:0EF4H         LINE#         54
  C:0EF4H         LINE#         56
  C:0EF9H         LINE#         57
  C:0EFCH         LINE#         58
  C:0EFCH         LINE#         59
  C:0F00H         LINE#         60
  C:0F00H         LINE#         61
  C:0F03H         LINE#         62
  C:0F03H         LINE#         63
  C:0F03H         LINE#         64
  C:0F03H         LINE#         66
  C:0F03H         LINE#         68
  C:0F03H         LINE#         69
  C:0F05H         LINE#         70
  C:0F0EH         LINE#         72
  C:0F0EH         LINE#         73
  C:0F10H         LINE#         74
BL51 BANKED LINKER/LOCATER V6.22                                                      06/15/2015  15:06:03  PAGE 11


  C:0F16H         LINE#         75
  C:0F1FH         LINE#         77
  C:0F2AH         LINE#         78
  C:0F2FH         LINE#         81
  C:0F39H         LINE#         82
  C:0F3BH         LINE#         83
  -------         ENDPROC       INITSIGNAL
  -------         PROC          INITSIGNAL_F
  -------         DO            
  X:008AH         SYMBOL        k
  X:008BH         SYMBOL        k1
  X:008CH         SYMBOL        mystartbuffer
  -------         ENDDO         
  C:0F3CH         LINE#         85
  C:0F3CH         LINE#         86
  C:0F3CH         LINE#         88
  C:0F41H         LINE#         89
  C:0F44H         LINE#         90
  C:0F44H         LINE#         91
  C:0F48H         LINE#         92
  C:0F48H         LINE#         93
  C:0F4BH         LINE#         94
  C:0F4BH         LINE#         95
  C:0F4BH         LINE#         96
  C:0F4BH         LINE#         98
  C:0F4BH         LINE#         100
  C:0F4BH         LINE#         101
  C:0F4DH         LINE#         102
  C:0F56H         LINE#         104
  C:0F56H         LINE#         105
  C:0F58H         LINE#         106
  C:0F5EH         LINE#         107
  C:0F67H         LINE#         109
  C:0F72H         LINE#         110
  C:0F77H         LINE#         113
  C:0F81H         LINE#         114
  C:0F83H         LINE#         115
  -------         ENDPROC       INITSIGNAL_F
  -------         PROC          _SEND_DATA
  X:0003H         SYMBOL        x
  -------         DO            
  X:0004H         SYMBOL        i
  X:0005H         SYMBOL        n
  -------         ENDDO         
  C:0D9FH         LINE#         121
  C:0DA3H         LINE#         122
  C:0DA3H         LINE#         124
  C:0DA6H         LINE#         125
  C:0DA6H         LINE#         126
  C:0DAAH         LINE#         127
  C:0DAAH         LINE#         128
  C:0DB4H         LINE#         129
  C:0DB4H         LINE#         130
  C:0DB6H         LINE#         131
  C:0DBEH         LINE#         132
  C:0DC0H         LINE#         134
  C:0DC0H         LINE#         135
BL51 BANKED LINKER/LOCATER V6.22                                                      06/15/2015  15:06:03  PAGE 12


  C:0DC2H         LINE#         136
  C:0DCDH         LINE#         137
  C:0DCDH         LINE#         138
  C:0DCFH         LINE#         139
  C:0DDDH         LINE#         140
  C:0DE8H         LINE#         141
  C:0DF3H         LINE#         142
  C:0DFEH         LINE#         143
  -------         ENDPROC       _SEND_DATA
  -------         PROC          _COMMODE_DATA
  X:0006H         SYMBOL        ComMode
  X:0007H         SYMBOL        x
  C:11F3H         LINE#         151
  C:11FDH         LINE#         152
  C:11FDH         LINE#         153
  C:11FFH         LINE#         154
  C:1204H         LINE#         155
  C:1206H         LINE#         156
  C:120BH         LINE#         157
  C:120FH         LINE#         158
  C:1215H         LINE#         160
  C:1218H         LINE#         161
  C:1220H         LINE#         163
  C:1222H         LINE#         164
  C:1224H         LINE#         165
  -------         ENDPROC       _COMMODE_DATA
  -------         PROC          _COMMODE_DATA_WX
  X:0009H         SYMBOL        ComMode
  X:000AH         SYMBOL        x
  C:0FCBH         LINE#         173
  C:0FD5H         LINE#         174
  C:0FD5H         LINE#         175
  C:0FD7H         LINE#         176
  C:0FDCH         LINE#         177
  C:0FDEH         LINE#         178
  C:0FE3H         LINE#         179
  C:0FE7H         LINE#         180
  C:0FEDH         LINE#         182
  C:0FF0H         LINE#         183
  C:0FF8H         LINE#         185
  C:0FFAH         LINE#         186
  C:0FFCH         LINE#         187
  C:0FFEH         LINE#         188
  -------         ENDPROC       _COMMODE_DATA_WX
  -------         PROC          _UART_SEND_DATA
  X:000CH         SYMBOL        command
  -------         DO            
  X:000DH         SYMBOL        ii
  -------         ENDDO         
  C:0DFFH         LINE#         193
  C:0E03H         LINE#         194
  C:0E03H         LINE#         195
  C:0E06H         LINE#         196
  C:0E09H         LINE#         197
  C:0E11H         LINE#         198
  C:0E18H         LINE#         199
  C:0E1FH         LINE#         200
BL51 BANKED LINKER/LOCATER V6.22                                                      06/15/2015  15:06:03  PAGE 13


  C:0E26H         LINE#         201
  C:0E2DH         LINE#         202
  C:0E33H         LINE#         204
  C:0E36H         LINE#         206
  C:0E3AH         LINE#         207
  C:0E3AH         LINE#         208
  C:0E45H         LINE#         209
  C:0E48H         LINE#         210
  C:0E53H         LINE#         212
  -------         ENDPROC       _UART_SEND_DATA
  -------         PROC          _UART_SEND_DATA_F
  X:0088H         SYMBOL        command
  -------         DO            
  X:0089H         SYMBOL        ii
  -------         ENDDO         
  C:1000H         LINE#         218
  C:1004H         LINE#         219
  C:1004H         LINE#         220
  C:1007H         LINE#         221
  C:100AH         LINE#         222
  C:1012H         LINE#         223
  C:1019H         LINE#         224
  C:1020H         LINE#         225
  C:1027H         LINE#         226
  C:102EH         LINE#         227
  C:1034H         LINE#         229
  C:1037H         LINE#         231
  C:1042H         LINE#         233
  -------         ENDPROC       _UART_SEND_DATA_F
  -------         PROC          OPEN_TRANCEIVER
  C:17F9H         LINE#         240
  C:17F9H         LINE#         241
  C:17F9H         LINE#         246
  C:17FBH         LINE#         247
  C:17FDH         LINE#         248
  -------         ENDPROC       OPEN_TRANCEIVER
  -------         PROC          CLOSE_TRANCEIVER
  C:1871H         LINE#         254
  C:1871H         LINE#         255
  C:1871H         LINE#         260
  C:1873H         LINE#         265
  -------         ENDPROC       CLOSE_TRANCEIVER
  -------         PROC          UART_SEND_DATA_MATCH
  C:1045H         LINE#         270
  C:1045H         LINE#         271
  C:1045H         LINE#         272
  C:1048H         LINE#         274
  C:104DH         LINE#         275
  C:1051H         LINE#         276
  C:1058H         LINE#         277
  C:105FH         LINE#         278
  C:1066H         LINE#         279
  C:106DH         LINE#         280
  C:1074H         LINE#         282
  C:1077H         LINE#         284
  C:1082H         LINE#         285
  C:1085H         LINE#         287
BL51 BANKED LINKER/LOCATER V6.22                                                      06/15/2015  15:06:03  PAGE 14


  -------         ENDPROC       UART_SEND_DATA_MATCH
  -------         PROC          RECEIVE_BYTE
  C:0C69H         LINE#         294
  C:0C69H         LINE#         295
  C:0C69H         LINE#         297
  C:0C6CH         LINE#         298
  C:0C6CH         LINE#         300
  C:0C76H         LINE#         301
  C:0C76H         LINE#         302
  C:0C78H         LINE#         303
  C:0C78H         LINE#         304
  C:0C7AH         LINE#         305
  C:0C7BH         LINE#         308
  C:0C7BH         LINE#         310
  C:0C7EH         LINE#         311
  C:0C7EH         LINE#         313
  C:0C80H         LINE#         316
  C:0C8FH         LINE#         317
  C:0C8FH         LINE#         319
  C:0C95H         LINE#         320
  C:0C97H         LINE#         321
  C:0C97H         LINE#         322
  C:0C97H         LINE#         323
  C:0C99H         LINE#         325
  C:0CA1H         LINE#         326
  C:0CA1H         LINE#         328
  C:0CA7H         LINE#         329
  C:0CAAH         LINE#         330
  C:0CAFH         LINE#         331
  C:0CB3H         LINE#         332
  C:0CB5H         LINE#         334
  C:0CB5H         LINE#         336
  C:0CBAH         LINE#         337
  C:0CBAH         LINE#         339
  C:0CBEH         LINE#         340
  C:0CBFH         LINE#         342
  C:0CBFH         LINE#         344
  C:0CC9H         LINE#         345
  C:0CC9H         LINE#         346
  C:0CCDH         LINE#         347
  C:0CCFH         LINE#         348
  C:0CD2H         LINE#         349
  C:0CD2H         LINE#         350
  C:0CD2H         LINE#         351
  C:0CD2H         LINE#         352
  -------         ENDPROC       RECEIVE_BYTE
  -------         PROC          RECEIVE_BYTE_LOCK
  C:0CD3H         LINE#         358
  C:0CD3H         LINE#         359
  C:0CD3H         LINE#         361
  C:0CD6H         LINE#         362
  C:0CD6H         LINE#         364
  C:0CE0H         LINE#         365
  C:0CE0H         LINE#         366
  C:0CE2H         LINE#         367
  C:0CE2H         LINE#         368
  C:0CE4H         LINE#         369
BL51 BANKED LINKER/LOCATER V6.22                                                      06/15/2015  15:06:03  PAGE 15


  C:0CE5H         LINE#         372
  C:0CE5H         LINE#         374
  C:0CE8H         LINE#         375
  C:0CE8H         LINE#         377
  C:0CEAH         LINE#         380
  C:0CF9H         LINE#         381
  C:0CF9H         LINE#         383
  C:0CFFH         LINE#         384
  C:0D01H         LINE#         385
  C:0D01H         LINE#         386
  C:0D01H         LINE#         387
  C:0D03H         LINE#         389
  C:0D0BH         LINE#         390
  C:0D0BH         LINE#         392
  C:0D11H         LINE#         393
  C:0D14H         LINE#         394
  C:0D19H         LINE#         395
  C:0D1DH         LINE#         396
  C:0D1FH         LINE#         398
  C:0D1FH         LINE#         400
  C:0D24H         LINE#         401
  C:0D24H         LINE#         403
  C:0D28H         LINE#         404
  C:0D29H         LINE#         406
  C:0D29H         LINE#         408
  C:0D33H         LINE#         409
  C:0D33H         LINE#         410
  C:0D37H         LINE#         411
  C:0D39H         LINE#         412
  C:0D3CH         LINE#         413
  C:0D3CH         LINE#         414
  C:0D3CH         LINE#         415
  C:0D3CH         LINE#         416
  -------         ENDPROC       RECEIVE_BYTE_LOCK
  -------         PROC          RECEIVE_WORD
  C:1088H         LINE#         422
  C:1088H         LINE#         423
  C:1088H         LINE#         425
  C:108FH         LINE#         426
  C:108FH         LINE#         427
  C:1090H         LINE#         429
  C:109DH         LINE#         432
  C:10A6H         LINE#         433
  C:10A6H         LINE#         434
  C:10ABH         LINE#         435
  C:10ACH         LINE#         437
  C:10B6H         LINE#         438
  C:10B6H         LINE#         439
  C:10BBH         LINE#         440
  C:10BCH         LINE#         441
  C:10C0H         LINE#         442
  C:10C0H         LINE#         443
  C:10C2H         LINE#         444
  C:10C2H         LINE#         445
  C:10C4H         LINE#         447
  C:10C4H         LINE#         448
  C:10C8H         LINE#         449
BL51 BANKED LINKER/LOCATER V6.22                                                      06/15/2015  15:06:03  PAGE 16


  C:10C8H         LINE#         450
  C:10C8H         LINE#         451
  -------         ENDPROC       RECEIVE_WORD
  -------         PROC          _SEND_CODE_TO_LOCK
  D:0007H         SYMBOL        x
  X:000EH         SYMBOL        y
  -------         DO            
  X:0010H         SYMBOL        i
  X:0011H         SYMBOL        n
  -------         ENDDO         
  C:0B12H         LINE#         458
  C:0B19H         LINE#         459
  C:0B19H         LINE#         461
  C:0B1EH         LINE#         462
  C:0B22H         LINE#         463
  C:0B25H         LINE#         469
  C:0B29H         LINE#         470
  C:0B29H         LINE#         471
  C:0B2DH         LINE#         472
  C:0B2DH         LINE#         473
  C:0B37H         LINE#         474
  C:0B37H         LINE#         475
  C:0B39H         LINE#         476
  C:0B42H         LINE#         477
  C:0B44H         LINE#         479
  C:0B44H         LINE#         480
  C:0B46H         LINE#         481
  C:0B52H         LINE#         482
  C:0B52H         LINE#         483
  C:0B54H         LINE#         484
  C:0B62H         LINE#         485
  C:0B6EH         LINE#         486
  C:0B79H         LINE#         487
  C:0B84H         LINE#         488
  -------         ENDPROC       _SEND_CODE_TO_LOCK
  -------         PROC          _SEND_CODE_TO_LOCK_TAILI
  D:0007H         SYMBOL        x
  X:0012H         SYMBOL        y
  -------         DO            
  X:0014H         SYMBOL        i
  X:0015H         SYMBOL        n
  -------         ENDDO         
  C:0B85H         LINE#         495
  C:0B8CH         LINE#         496
  C:0B8CH         LINE#         498
  C:0B91H         LINE#         499
  C:0B95H         LINE#         500
  C:0B98H         LINE#         506
  C:0B9CH         LINE#         507
  C:0B9CH         LINE#         508
  C:0BA0H         LINE#         509
  C:0BA0H         LINE#         510
  C:0BAAH         LINE#         511
  C:0BAAH         LINE#         512
  C:0BACH         LINE#         513
  C:0BB5H         LINE#         514
  C:0BB7H         LINE#         516
BL51 BANKED LINKER/LOCATER V6.22                                                      06/15/2015  15:06:03  PAGE 17


  C:0BB7H         LINE#         517
  C:0BB9H         LINE#         518
  C:0BC5H         LINE#         519
  C:0BC5H         LINE#         520
  C:0BC7H         LINE#         521
  C:0BD5H         LINE#         522
  C:0BE1H         LINE#         523
  C:0BECH         LINE#         524
  C:0BF7H         LINE#         525
  -------         ENDPROC       _SEND_CODE_TO_LOCK_TAILI
  -------         ENDMOD        COMMUNICATION

  -------         MODULE        DELAY
  C:0000H         SYMBOL        _ICE_DUMMY_
  D:0080H         PUBLIC        P0
  D:0090H         PUBLIC        P1
  D:00A0H         PUBLIC        P2
  D:00B0H         PUBLIC        P3
  X:001FH         PUBLIC        Timeout_loop
  D:00A8H         PUBLIC        IE
  C:1557H         PUBLIC        Delay_10ms
  C:1571H         PUBLIC        Delay_50ms
  D:00B8H         PUBLIC        IP
  B:0090H.2       PUBLIC        magnet_overcurrent
  D:00D8H         PUBLIC        WDCON0
  C:1149H         PUBLIC        _Magnet_Delay
  D:0098H         PUBLIC        SCON
  D:0088H         PUBLIC        TCON
  C:158BH         PUBLIC        Delay_100ms
  C:15A5H         PUBLIC        Delay_500ms
  C:110AH         PUBLIC        _Custom_Delay
  C:1491H         PUBLIC        _delay_ms
  D:00E8H         PUBLIC        EIE
  D:00F8H         PUBLIC        ADCCON0
  C:15D9H         PUBLIC        _delay_us
  D:00C0H         PUBLIC        I2CON
  C:1523H         PUBLIC        Delay_1ms
  D:00C8H         PUBLIC        T2CON
  C:153DH         PUBLIC        Delay_5ms
  C:160AH         PUBLIC        _Delay
  D:00D0H         PUBLIC        PSW
  -------         PROC          DELAY_1MS
  C:1523H         LINE#         15
  C:1523H         LINE#         16
  C:1523H         LINE#         17
  C:152CH         LINE#         20
  C:153CH         LINE#         21
  -------         ENDPROC       DELAY_1MS
  -------         PROC          DELAY_5MS
  C:153DH         LINE#         23
  C:153DH         LINE#         24
  C:153DH         LINE#         25
  C:1546H         LINE#         28
  C:1556H         LINE#         29
  -------         ENDPROC       DELAY_5MS
  -------         PROC          DELAY_10MS
  C:1557H         LINE#         31
BL51 BANKED LINKER/LOCATER V6.22                                                      06/15/2015  15:06:03  PAGE 18


  C:1557H         LINE#         32
  C:1557H         LINE#         33
  C:1560H         LINE#         36
  C:1570H         LINE#         37
  -------         ENDPROC       DELAY_10MS
  -------         PROC          DELAY_50MS
  C:1571H         LINE#         40
  C:1571H         LINE#         41
  C:1571H         LINE#         42
  C:157AH         LINE#         45
  C:158AH         LINE#         46
  -------         ENDPROC       DELAY_50MS
  -------         PROC          DELAY_100MS
  C:158BH         LINE#         49
  C:158BH         LINE#         50
  C:158BH         LINE#         51
  C:1594H         LINE#         54
  C:15A4H         LINE#         55
  -------         ENDPROC       DELAY_100MS
  -------         PROC          DELAY_500MS
  C:15A5H         LINE#         58
  C:15A5H         LINE#         59
  C:15A5H         LINE#         60
  C:15AEH         LINE#         63
  C:15BEH         LINE#         64
  -------         ENDPROC       DELAY_500MS
  -------         PROC          _DELAY
  D:0007H         SYMBOL        n
  -------         DO            
  D:0004H         SYMBOL        x
  -------         ENDDO         
  C:160AH         LINE#         71
  C:160AH         LINE#         72
  C:160AH         LINE#         74
  C:1610H         LINE#         75
  C:1610H         LINE#         76
  C:1614H         LINE#         77
  C:1620H         LINE#         79
  -------         ENDPROC       _DELAY
  -------         PROC          _CUSTOM_DELAY
  D:0007H         SYMBOL        t
  X:008DH         SYMBOL        m
  -------         DO            
  X:008FH         SYMBOL        i
  D:0006H         SYMBOL        j
  -------         ENDDO         
  C:110AH         LINE#         85
  C:1111H         LINE#         86
  C:1111H         LINE#         89
  C:1123H         LINE#         90
  C:1148H         LINE#         91
  -------         ENDPROC       _CUSTOM_DELAY
  -------         PROC          _DELAY_MS
  D:0006H         SYMBOL        count
  -------         DO            
  D:0004H         SYMBOL        i
  D:0002H         SYMBOL        j
BL51 BANKED LINKER/LOCATER V6.22                                                      06/15/2015  15:06:03  PAGE 19


  -------         ENDDO         
  C:1491H         LINE#         98
  C:1491H         LINE#         99
  C:1491H         LINE#         101
  C:149BH         LINE#         102
  C:149BH         LINE#         103
  C:14A9H         LINE#         104
  C:14B0H         LINE#         105
  -------         ENDPROC       _DELAY_MS
  -------         PROC          _DELAY_US
  D:0006H         SYMBOL        count1
  -------         DO            
  D:0004H         SYMBOL        i
  D:0003H         SYMBOL        j
  -------         ENDDO         
  C:15D9H         LINE#         113
  C:15D9H         LINE#         114
  C:15D9H         LINE#         117
  C:15E3H         LINE#         118
  C:15E3H         LINE#         119
  C:15EAH         LINE#         120
  C:15F1H         LINE#         121
  -------         ENDPROC       _DELAY_US
  -------         PROC          _MAGNET_DELAY
  X:001DH         SYMBOL        x
  D:0004H         SYMBOL        y
  -------         DO            
  D:0001H         SYMBOL        i
  D:0002H         SYMBOL        j
  -------         ENDDO         
  C:1149H         LINE#         127
  C:1150H         LINE#         128
  C:1150H         LINE#         131
  C:1152H         LINE#         132
  C:1152H         LINE#         133
  C:1166H         LINE#         134
  C:116BH         LINE#         135
  C:116DH         LINE#         136
  C:116DH         LINE#         138
  C:1170H         LINE#         139
  C:1170H         LINE#         140
  C:1181H         LINE#         141
  C:1181H         LINE#         143
  C:1181H         LINE#         145
  C:1181H         LINE#         146
  C:1186H         LINE#         147
  -------         ENDPROC       _MAGNET_DELAY
  -------         ENDMOD        DELAY

  -------         MODULE        OPERATION
  C:0000H         SYMBOL        _ICE_DUMMY_
  D:0080H         PUBLIC        P0
  D:0090H         PUBLIC        P1
  B:0080H.3       PUBLIC        fell_sensor_detect
  D:00A0H         PUBLIC        P2
  D:00B0H         PUBLIC        P3
  D:00A8H         PUBLIC        IE
BL51 BANKED LINKER/LOCATER V6.22                                                      06/15/2015  15:06:03  PAGE 20


  B:0024H.6       PUBLIC        sensor_EN
  C:12E9H         PUBLIC        Detect_vibration
  C:1833H         PUBLIC        InitSensor
  D:00B8H         PUBLIC        IP
  C:16BEH         PUBLIC        Reset_after_wirebroken
  B:0080H.1       PUBLIC        wire_broken
  C:164DH         PUBLIC        Batstolen_Alarm_to_Slave
  C:14B1H         PUBLIC        Reset_after_stolen_alarming
  D:00D8H         PUBLIC        WDCON0
  D:0098H         PUBLIC        SCON
  D:0088H         PUBLIC        TCON
  C:1344H         PUBLIC        Detect_close_action
  C:07DBH         PUBLIC        slave_nearby_operation
  B:00A0H.4       PUBLIC        key_rotate
  C:1318H         PUBLIC        Detect_wheel_moving
  C:1847H         PUBLIC        Disable_sensor_after_IDcert
  B:0080H.7       PUBLIC        horizontal_sensor
  D:00E8H         PUBLIC        EIE
  C:139AH         PUBLIC        Detect_open_action
  B:0080H.2       PUBLIC        wheeled_rotate
  B:0080H.4       PUBLIC        raised_sensor_detect
  D:00F8H         PUBLIC        ADCCON0
  C:144FH         PUBLIC        Ensensor_after_slave_away
  D:00C0H         PUBLIC        I2CON
  C:14EDH         PUBLIC        ENsensor_After_Close
  C:0800H         PUBLIC        Detect_selflearn_action
  C:140CH         PUBLIC        ENsensor_afterIDcert
  D:00C8H         PUBLIC        T2CON
  C:13C3H         PUBLIC        SelfLearn_Reset
  C:1637H         PUBLIC        Raise_Alarm_to_Slave
  C:142EH         PUBLIC        slave_away_operation
  B:0024H.7       PUBLIC        enable_sensor_delayEN
  C:1621H         PUBLIC        Fell_Alarm_to_Slave
  D:00D0H         PUBLIC        PSW
  B:0080H.0       PUBLIC        sensor_detect
  C:181BH         PUBLIC        Host_stolen_action
  -------         PROC          SLAVE_AWAY_OPERATION
  C:142EH         LINE#         89
  C:142EH         LINE#         90
  C:142EH         LINE#         91
  C:1431H         LINE#         92
  C:1431H         LINE#         93
  C:1434H         LINE#         95
  C:1436H         LINE#         96
  C:143AH         LINE#         97
  C:143AH         LINE#         99
  C:143CH         LINE#         100
  C:1440H         LINE#         102
  C:1445H         LINE#         103
  C:1449H         LINE#         105
  C:144CH         LINE#         106
  C:144EH         LINE#         107
  -------         ENDPROC       SLAVE_AWAY_OPERATION
  -------         PROC          SLAVE_NEARBY_OPERATION
  C:07DBH         LINE#         113
  C:07DBH         LINE#         114
  C:07DBH         LINE#         115
BL51 BANKED LINKER/LOCATER V6.22                                                      06/15/2015  15:06:03  PAGE 21


  C:07DDH         LINE#         117
  C:07DFH         LINE#         118
  C:07E3H         LINE#         119
  C:07E5H         LINE#         120
  C:07E8H         LINE#         122
  C:07EBH         LINE#         123
  C:07EBH         LINE#         124
  C:07EEH         LINE#         125
  C:07F1H         LINE#         126
  C:07FBH         LINE#         127
  C:07FEH         LINE#         128
  C:07FEH         LINE#         129
  -------         ENDPROC       SLAVE_NEARBY_OPERATION
  -------         PROC          INITSENSOR
  C:1833H         LINE#         135
  C:1833H         LINE#         136
  C:1833H         LINE#         137
  C:1835H         LINE#         138
  C:1837H         LINE#         139
  C:1839H         LINE#         140
  C:183BH         LINE#         141
  C:183DH         LINE#         142
  -------         ENDPROC       INITSENSOR
  -------         PROC          HOST_STOLEN_ACTION
  C:181BH         LINE#         148
  C:181BH         LINE#         149
  C:181BH         LINE#         151
  C:181EH         LINE#         152
  C:181EH         LINE#         153
  C:1820H         LINE#         155
  C:1823H         LINE#         166
  C:1826H         LINE#         167
  C:1826H         LINE#         168
  -------         ENDPROC       HOST_STOLEN_ACTION
  -------         PROC          ENSENSOR_AFTERIDCERT
  C:140CH         LINE#         175
  C:140CH         LINE#         176
  C:140CH         LINE#         177
  C:140FH         LINE#         178
  C:140FH         LINE#         180
  C:1419H         LINE#         181
  C:1419H         LINE#         182
  C:141BH         LINE#         183
  C:141DH         LINE#         184
  C:1420H         LINE#         187
  C:1428H         LINE#         188
  C:1428H         LINE#         189
  C:142BH         LINE#         190
  C:142BH         LINE#         191
  C:142DH         LINE#         193
  C:142DH         LINE#         194
  C:142DH         LINE#         195
  -------         ENDPROC       ENSENSOR_AFTERIDCERT
  -------         PROC          ENSENSOR_AFTER_CLOSE
  C:14EDH         LINE#         200
  C:14EDH         LINE#         201
  C:14EDH         LINE#         202
BL51 BANKED LINKER/LOCATER V6.22                                                      06/15/2015  15:06:03  PAGE 22


  C:14F3H         LINE#         203
  C:14F3H         LINE#         204
  C:14FDH         LINE#         205
  C:14FDH         LINE#         206
  C:14FFH         LINE#         207
  C:1501H         LINE#         208
  C:1504H         LINE#         209
  C:1507H         LINE#         210
  C:1507H         LINE#         211
  C:1507H         LINE#         212
  -------         ENDPROC       ENSENSOR_AFTER_CLOSE
  -------         PROC          SELFLEARN_RESET
  C:13C3H         LINE#         218
  C:13C3H         LINE#         219
  C:13C3H         LINE#         220
  C:13C6H         LINE#         221
  C:13C6H         LINE#         222
  C:13D0H         LINE#         223
  C:13D0H         LINE#         224
  C:13D2H         LINE#         225
  C:13D4H         LINE#         227
  C:13D9H         LINE#         228
  C:13DEH         LINE#         229
  C:13E0H         LINE#         230
  C:13E2H         LINE#         231
  C:13E4H         LINE#         232
  C:13E6H         LINE#         233
  C:13E8H         LINE#         234
  C:13E8H         LINE#         235
  C:13E8H         LINE#         236
  -------         ENDPROC       SELFLEARN_RESET
  -------         PROC          FELL_ALARM_TO_SLAVE
  C:1621H         LINE#         242
  C:1621H         LINE#         243
  C:1621H         LINE#         244
  C:162CH         LINE#         245
  C:162CH         LINE#         246
  C:1631H         LINE#         247
  C:1636H         LINE#         248
  C:1636H         LINE#         249
  -------         ENDPROC       FELL_ALARM_TO_SLAVE
  -------         PROC          RAISE_ALARM_TO_SLAVE
  C:1637H         LINE#         255
  C:1637H         LINE#         256
  C:1637H         LINE#         257
  C:1642H         LINE#         258
  C:1642H         LINE#         259
  C:1647H         LINE#         260
  C:164CH         LINE#         261
  C:164CH         LINE#         262
  -------         ENDPROC       RAISE_ALARM_TO_SLAVE
  -------         PROC          BATSTOLEN_ALARM_TO_SLAVE
  C:164DH         LINE#         268
  C:164DH         LINE#         269
  C:164DH         LINE#         270
  C:1658H         LINE#         271
  C:1658H         LINE#         272
BL51 BANKED LINKER/LOCATER V6.22                                                      06/15/2015  15:06:03  PAGE 23


  C:165DH         LINE#         273
  C:1662H         LINE#         274
  C:1662H         LINE#         275
  -------         ENDPROC       BATSTOLEN_ALARM_TO_SLAVE
  -------         PROC          DISABLE_SENSOR_AFTER_IDCERT
  C:1847H         LINE#         280
  C:1847H         LINE#         281
  C:1847H         LINE#         282
  C:184AH         LINE#         283
  C:184AH         LINE#         284
  C:184CH         LINE#         286
  C:184FH         LINE#         287
  C:184FH         LINE#         288
  -------         ENDPROC       DISABLE_SENSOR_AFTER_IDCERT
  -------         PROC          RESET_AFTER_WIREBROKEN
  C:16BEH         LINE#         293
  C:16BEH         LINE#         294
  C:16BEH         LINE#         295
  C:16C1H         LINE#         296
  C:16C1H         LINE#         297
  C:16C3H         LINE#         298
  C:16C7H         LINE#         299
  C:16C9H         LINE#         300
  C:16CBH         LINE#         301
  C:16CDH         LINE#         302
  C:16CDH         LINE#         303
  -------         ENDPROC       RESET_AFTER_WIREBROKEN
  -------         PROC          RESET_AFTER_STOLEN_ALARMING
  C:14B1H         LINE#         309
  C:14B1H         LINE#         310
  C:14B1H         LINE#         311
  C:14B4H         LINE#         312
  C:14B4H         LINE#         313
  C:14BEH         LINE#         314
  C:14BEH         LINE#         315
  C:14C2H         LINE#         316
  C:14C4H         LINE#         317
  C:14C6H         LINE#         318
  C:14C8H         LINE#         319
  C:14CBH         LINE#         320
  C:14CEH         LINE#         321
  C:14CEH         LINE#         322
  C:14CEH         LINE#         323
  -------         ENDPROC       RESET_AFTER_STOLEN_ALARMING
  -------         PROC          ENSENSOR_AFTER_SLAVE_AWAY
  C:144FH         LINE#         328
  C:144FH         LINE#         329
  C:144FH         LINE#         330
  C:1458H         LINE#         331
  C:1458H         LINE#         332
  C:1462H         LINE#         333
  C:1462H         LINE#         334
  C:1465H         LINE#         335
  C:1467H         LINE#         336
  C:1469H         LINE#         337
  C:146CH         LINE#         338
  C:146FH         LINE#         339
BL51 BANKED LINKER/LOCATER V6.22                                                      06/15/2015  15:06:03  PAGE 24


  C:146FH         LINE#         340
  C:146FH         LINE#         341
  -------         ENDPROC       ENSENSOR_AFTER_SLAVE_AWAY
  -------         PROC          DETECT_SELFLEARN_ACTION
  C:0800H         LINE#         346
  C:0800H         LINE#         347
  C:0800H         LINE#         348
  C:0805H         LINE#         349
  C:0805H         LINE#         350
  C:0808H         LINE#         351
  C:0808H         LINE#         352
  C:080EH         LINE#         354
  C:0825H         LINE#         355
  C:0825H         LINE#         356
  C:082CH         LINE#         357
  C:082EH         LINE#         358
  C:0830H         LINE#         359
  C:0832H         LINE#         360
  C:0834H         LINE#         361
  C:0836H         LINE#         362
  C:0838H         LINE#         364
  C:0838H         LINE#         365
  C:083AH         LINE#         366
  C:083DH         LINE#         367
  C:083FH         LINE#         368
  C:0842H         LINE#         369
  C:0844H         LINE#         370
  C:0844H         LINE#         371
  C:0846H         LINE#         373
  C:0846H         LINE#         374
  C:084CH         LINE#         376
  C:084FH         LINE#         377
  C:0851H         LINE#         379
  C:0854H         LINE#         380
  C:0856H         LINE#         382
  C:0859H         LINE#         383
  C:0859H         LINE#         384
  C:085BH         LINE#         385
  C:085DH         LINE#         386
  C:0860H         LINE#         387
  C:0860H         LINE#         389
  C:0877H         LINE#         390
  C:0877H         LINE#         391
  C:087EH         LINE#         392
  C:0880H         LINE#         393
  C:0882H         LINE#         394
  C:0884H         LINE#         395
  C:0886H         LINE#         396
  C:0888H         LINE#         397
  C:088AH         LINE#         398
  C:088AH         LINE#         399
  C:088AH         LINE#         400
  C:088AH         LINE#         402
  C:088DH         LINE#         403
  C:088DH         LINE#         404
  C:088FH         LINE#         405
  C:0891H         LINE#         406
BL51 BANKED LINKER/LOCATER V6.22                                                      06/15/2015  15:06:03  PAGE 25


  C:0893H         LINE#         407
  C:0895H         LINE#         408
  C:0897H         LINE#         409
  C:0899H         LINE#         410
  C:089BH         LINE#         411
  C:089DH         LINE#         413
  C:08A0H         LINE#         415
  C:08A3H         LINE#         420
  C:08A3H         LINE#         421
  -------         ENDPROC       DETECT_SELFLEARN_ACTION
  -------         PROC          DETECT_OPEN_ACTION
  C:139AH         LINE#         426
  C:139AH         LINE#         427
  C:139AH         LINE#         429
  C:13A5H         LINE#         430
  C:13A5H         LINE#         431
  C:13A8H         LINE#         432
  C:13ADH         LINE#         433
  C:13AFH         LINE#         435
  C:13B3H         LINE#         436
  C:13B5H         LINE#         437
  C:13B8H         LINE#         438
  C:13BAH         LINE#         439
  C:13BDH         LINE#         440
  C:13C0H         LINE#         442
  C:13C2H         LINE#         443
  C:13C2H         LINE#         444
  -------         ENDPROC       DETECT_OPEN_ACTION
  -------         PROC          DETECT_CLOSE_ACTION
  C:1344H         LINE#         449
  C:1344H         LINE#         450
  C:1344H         LINE#         451
  C:1351H         LINE#         452
  C:1351H         LINE#         453
  C:1357H         LINE#         454
  C:1357H         LINE#         455
  C:135AH         LINE#         456
  C:1360H         LINE#         457
  C:1360H         LINE#         458
  C:1363H         LINE#         460
  C:1367H         LINE#         461
  C:136AH         LINE#         462
  C:136CH         LINE#         463
  C:136EH         LINE#         464
  C:136EH         LINE#         465
  C:136EH         LINE#         466
  C:136EH         LINE#         467
  -------         ENDPROC       DETECT_CLOSE_ACTION
  -------         PROC          DETECT_VIBRATION
  C:12E9H         LINE#         472
  C:12E9H         LINE#         473
  C:12E9H         LINE#         474
  C:12EFH         LINE#         475
  C:12EFH         LINE#         476
  C:12F1H         LINE#         477
  C:12F7H         LINE#         478
  C:12F7H         LINE#         479
BL51 BANKED LINKER/LOCATER V6.22                                                      06/15/2015  15:06:03  PAGE 26


  C:12FAH         LINE#         480
  C:12FAH         LINE#         481
  C:1311H         LINE#         482
  C:1311H         LINE#         483
  C:1313H         LINE#         484
  C:1317H         LINE#         485
  C:1317H         LINE#         486
  C:1317H         LINE#         487
  -------         ENDPROC       DETECT_VIBRATION
  -------         PROC          DETECT_WHEEL_MOVING
  C:1318H         LINE#         492
  C:1318H         LINE#         493
  C:1318H         LINE#         494
  C:131BH         LINE#         495
  C:131BH         LINE#         496
  C:131DH         LINE#         497
  C:1323H         LINE#         498
  C:1323H         LINE#         499
  C:1326H         LINE#         500
  C:1326H         LINE#         501
  C:133DH         LINE#         502
  C:133DH         LINE#         503
  C:133FH         LINE#         504
  C:1343H         LINE#         505
  C:1343H         LINE#         506
  C:1343H         LINE#         507
  -------         ENDPROC       DETECT_WHEEL_MOVING
  -------         ENDMOD        OPERATION

  -------         MODULE        OTHER
  C:0000H         SYMBOL        _ICE_DUMMY_
  D:0080H         PUBLIC        P0
  D:0090H         PUBLIC        P1
  D:00A0H         PUBLIC        P2
  D:00B0H         PUBLIC        P3
  D:00A8H         PUBLIC        IE
  C:1800H         PUBLIC        _magnet_ACW_Taili
  B:00A0H.4       PUBLIC        Moto_EN
  D:00B8H         PUBLIC        IP
  D:00D8H         PUBLIC        WDCON0
  D:0098H         PUBLIC        SCON
  D:0088H         PUBLIC        TCON
  C:0003H         PUBLIC        Moto_Vibration
  C:17EBH         PUBLIC        _magnet_ACW
  C:1827H         PUBLIC        Enable_sensor
  C:1288H         PUBLIC        _magnet_CW_Taili
  D:00E8H         PUBLIC        EIE
  C:0F84H         PUBLIC        disable_sensor
  B:00A0H.2       PUBLIC        MagentControl_1
  B:00A0H.3       PUBLIC        MagentControl_2
  D:00F8H         PUBLIC        ADCCON0
  D:00C0H         PUBLIC        I2CON
  D:00C8H         PUBLIC        T2CON
  C:1257H         PUBLIC        _magnet_CW
  D:00D0H         PUBLIC        PSW
  B:0080H.5       PUBLIC        Externalmotor
  -------         PROC          _MAGNET_CW
BL51 BANKED LINKER/LOCATER V6.22                                                      06/15/2015  15:06:03  PAGE 27


  X:0021H         SYMBOL        x
  X:0023H         SYMBOL        y
  D:0003H         SYMBOL        z
  C:1257H         LINE#         44
  C:1264H         LINE#         45
  C:1264H         LINE#         47
  C:126DH         LINE#         49
  C:126FH         LINE#         50
  C:1271H         LINE#         51
  C:1281H         LINE#         52
  C:1283H         LINE#         53
  C:1285H         LINE#         54
  C:1287H         LINE#         55
  -------         ENDPROC       _MAGNET_CW
  -------         PROC          _MAGNET_CW_TAILI
  X:0025H         SYMBOL        x
  X:0027H         SYMBOL        y
  D:0003H         SYMBOL        z
  C:1288H         LINE#         61
  C:1295H         LINE#         62
  C:1295H         LINE#         64
  C:129EH         LINE#         66
  C:12A0H         LINE#         67
  C:12A2H         LINE#         68
  C:12B2H         LINE#         69
  C:12B4H         LINE#         70
  C:12B6H         LINE#         71
  C:12B8H         LINE#         72
  -------         ENDPROC       _MAGNET_CW_TAILI
  -------         PROC          _MAGNET_ACW
  D:0006H         SYMBOL        x
  D:0004H         SYMBOL        y
  C:17EBH         LINE#         78
  C:17EBH         LINE#         79
  C:17EBH         LINE#         80
  C:17EDH         LINE#         81
  C:17EFH         LINE#         82
  C:17F1H         LINE#         83
  C:17F4H         LINE#         84
  C:17F6H         LINE#         85
  C:17F8H         LINE#         86
  -------         ENDPROC       _MAGNET_ACW
  -------         PROC          _MAGNET_ACW_TAILI
  D:0006H         SYMBOL        x
  D:0004H         SYMBOL        y
  C:1800H         LINE#         92
  C:1800H         LINE#         93
  C:1800H         LINE#         94
  C:1802H         LINE#         95
  C:1804H         LINE#         96
  C:1806H         LINE#         97
  C:1809H         LINE#         98
  C:180BH         LINE#         99
  C:180DH         LINE#         100
  -------         ENDPROC       _MAGNET_ACW_TAILI
  -------         PROC          DISABLE_SENSOR
  C:0F84H         LINE#         106
BL51 BANKED LINKER/LOCATER V6.22                                                      06/15/2015  15:06:03  PAGE 28


  C:0F84H         LINE#         107
  C:0F84H         LINE#         109
  C:0F86H         LINE#         110
  C:0F88H         LINE#         112
  C:0F8AH         LINE#         113
  C:0F8CH         LINE#         114
  C:0F90H         LINE#         115
  C:0F93H         LINE#         116
  C:0F96H         LINE#         117
  C:0F9BH         LINE#         118
  C:0FA0H         LINE#         119
  C:0FA5H         LINE#         120
  C:0FA8H         LINE#         121
  C:0FABH         LINE#         122
  C:0FADH         LINE#         123
  C:0FAFH         LINE#         124
  C:0FB1H         LINE#         125
  C:0FB4H         LINE#         126
  C:0FB6H         LINE#         127
  C:0FB9H         LINE#         129
  C:0FBBH         LINE#         132
  C:0FBEH         LINE#         133
  C:0FC0H         LINE#         135
  C:0FC2H         LINE#         136
  C:0FC5H         LINE#         138
  C:0FC7H         LINE#         139
  C:0FCAH         LINE#         140
  -------         ENDPROC       DISABLE_SENSOR
  -------         PROC          ENABLE_SENSOR
  C:1827H         LINE#         146
  C:1827H         LINE#         147
  C:1827H         LINE#         149
  C:1829H         LINE#         150
  C:182BH         LINE#         153
  C:182FH         LINE#         154
  C:1832H         LINE#         155
  -------         ENDPROC       ENABLE_SENSOR
  -------         PROC          MOTO_VIBRATION
  C:0003H         LINE#         161
  C:0003H         LINE#         162
  C:0003H         LINE#         163
  C:0005H         LINE#         164
  C:0008H         LINE#         165
  C:000AH         LINE#         166
  -------         ENDPROC       MOTO_VIBRATION
  -------         ENDMOD        OTHER

  -------         MODULE        PWM
  C:0000H         SYMBOL        _ICE_DUMMY_
  D:0080H         PUBLIC        P0
  D:0090H         PUBLIC        P1
  D:00A0H         PUBLIC        P2
  D:00B0H         PUBLIC        P3
  D:00DCH         PUBLIC        PWMCON0
  D:00D1H         PUBLIC        PWMPH
  D:00A8H         PUBLIC        IE
  D:00D9H         PUBLIC        PWMPL
BL51 BANKED LINKER/LOCATER V6.22                                                      06/15/2015  15:06:03  PAGE 29


  C:0D3DH         PUBLIC        _PWM_Channel
  D:00B8H         PUBLIC        IP
  C:1859H         PUBLIC        myPwm
  D:00D8H         PUBLIC        WDCON0
  D:0098H         PUBLIC        SCON
  D:0088H         PUBLIC        TCON
  D:00E8H         PUBLIC        EIE
  D:00F8H         PUBLIC        ADCCON0
  D:00C0H         PUBLIC        I2CON
  X:0029H         PUBLIC        PWM_shadow
  D:00C8H         PUBLIC        T2CON
  C:15F2H         PUBLIC        Init_PWM
  D:00D2H         PUBLIC        PWM0H
  D:00D3H         PUBLIC        PWM1H
  D:00D5H         PUBLIC        PWM2H
  D:00D6H         PUBLIC        PWM3H
  D:00DAH         PUBLIC        PWM0L
  D:00DBH         PUBLIC        PWM1L
  D:00DDH         PUBLIC        PWM2L
  D:00DEH         PUBLIC        PWM3L
  D:00D0H         PUBLIC        PSW
  -------         PROC          INIT_PWM
  C:15F2H         LINE#         19
  C:15F2H         LINE#         20
  C:15F2H         LINE#         22
  C:15F5H         LINE#         24
  C:15FDH         LINE#         26
  C:1606H         LINE#         27
  C:1609H         LINE#         28
  -------         ENDPROC       INIT_PWM
  -------         PROC          _PWM_CHANNEL
  D:0007H         SYMBOL        Channel
  C:0D3DH         LINE#         34
  C:0D3DH         LINE#         35
  C:0D3DH         LINE#         36
  C:0D4BH         LINE#         37
  C:0D4BH         LINE#         39
  C:0D4BH         LINE#         40
  C:0D4BH         LINE#         41
  C:0D53H         LINE#         42
  C:0D5CH         LINE#         43
  C:0D5FH         LINE#         44
  C:0D5FH         LINE#         45
  C:0D60H         LINE#         47
  C:0D60H         LINE#         48
  C:0D60H         LINE#         49
  C:0D68H         LINE#         50
  C:0D71H         LINE#         51
  C:0D74H         LINE#         52
  C:0D74H         LINE#         53
  C:0D75H         LINE#         55
  C:0D75H         LINE#         56
  C:0D75H         LINE#         57
  C:0D7DH         LINE#         58
  C:0D86H         LINE#         59
  C:0D89H         LINE#         60
  C:0D89H         LINE#         61
BL51 BANKED LINKER/LOCATER V6.22                                                      06/15/2015  15:06:03  PAGE 30


  C:0D8AH         LINE#         63
  C:0D8AH         LINE#         64
  C:0D8AH         LINE#         65
  C:0D92H         LINE#         66
  C:0D9BH         LINE#         67
  C:0D9EH         LINE#         68
  C:0D9EH         LINE#         69
  C:0D9EH         LINE#         70
  C:0D9EH         LINE#         71
  -------         ENDPROC       _PWM_CHANNEL
  -------         PROC          MYPWM
  C:1859H         LINE#         77
  C:1859H         LINE#         78
  C:1859H         LINE#         80
  C:185EH         LINE#         82
  -------         ENDPROC       MYPWM
  -------         ENDMOD        PWM

  -------         MODULE        TIMER
  C:0000H         SYMBOL        _ICE_DUMMY_
  D:0080H         PUBLIC        P0
  D:0090H         PUBLIC        P1
  D:00A0H         PUBLIC        P2
  D:00B0H         PUBLIC        P3
  B:00A8H.7       PUBLIC        EA
  D:00A8H         PUBLIC        IE
  D:00B8H         PUBLIC        IP
  C:13E9H         PUBLIC        _InitT0
  C:0A9DH         PUBLIC        _InitTimer
  D:00D8H         PUBLIC        WDCON0
  D:0087H         PUBLIC        PCON
  D:0098H         PUBLIC        SCON
  X:002DH         PUBLIC        timer0_8H
  D:0089H         PUBLIC        TMOD
  D:0088H         PUBLIC        TCON
  X:002EH         PUBLIC        timer1_8H
  X:002FH         PUBLIC        timer0_8L
  X:0030H         PUBLIC        timer1_8L
  B:00A8H.1       PUBLIC        ET0
  B:00A8H.3       PUBLIC        ET1
  D:008CH         PUBLIC        TH0
  D:008DH         PUBLIC        TH1
  D:008AH         PUBLIC        TL0
  D:008BH         PUBLIC        TL1
  D:00E8H         PUBLIC        EIE
  B:00B8H.3       PUBLIC        PT1
  B:0088H.4       PUBLIC        TR0
  B:0088H.6       PUBLIC        TR1
  D:00F8H         PUBLIC        ADCCON0
  D:00C0H         PUBLIC        I2CON
  D:00C8H         PUBLIC        T2CON
  C:1869H         PUBLIC        sEOS_Go_To_Sleep
  D:00D0H         PUBLIC        PSW
  -------         PROC          _INITTIMER
  D:0007H         SYMBOL        Tick_ms_T0
  X:002BH         SYMBOL        Tick_us_T1
  -------         DO            
BL51 BANKED LINKER/LOCATER V6.22                                                      06/15/2015  15:06:03  PAGE 31


  D:0004H         SYMBOL        Inc_T0
  D:0004H         SYMBOL        Inc_T1
  D:0004H         SYMBOL        timer0_16
  D:0004H         SYMBOL        timer1_16
  -------         ENDDO         
  C:0A9DH         LINE#         29
  C:0AA4H         LINE#         30
  C:0AA4H         LINE#         35
  C:0AB6H         LINE#         36
  C:0ABCH         LINE#         37
  C:0ABFH         LINE#         38
  C:0AC3H         LINE#         41
  C:0AE2H         LINE#         42
  C:0AEAH         LINE#         43
  C:0AEEH         LINE#         44
  C:0AF4H         LINE#         46
  C:0AF7H         LINE#         48
  C:0AFCH         LINE#         49
  C:0B01H         LINE#         50
  C:0B03H         LINE#         51
  C:0B05H         LINE#         53
  C:0B07H         LINE#         54
  C:0B09H         LINE#         55
  C:0B0BH         LINE#         56
  C:0B0DH         LINE#         57
  C:0B0FH         LINE#         58
  C:0B11H         LINE#         59
  -------         ENDPROC       _INITTIMER
  -------         PROC          _INITT0
  D:0007H         SYMBOL        Tick_ms_T0
  -------         DO            
  D:0004H         SYMBOL        Inc_T0
  D:0004H         SYMBOL        timer0_16
  -------         ENDDO         
  C:13E9H         LINE#         64
  C:13E9H         LINE#         65
  C:13E9H         LINE#         70
  C:13FBH         LINE#         71
  C:1401H         LINE#         72
  C:1404H         LINE#         73
  C:1408H         LINE#         74
  C:140BH         LINE#         75
  -------         ENDPROC       _INITT0
  -------         PROC          SEOS_GO_TO_SLEEP
  C:1869H         LINE#         81
  C:1869H         LINE#         82
  C:1869H         LINE#         83
  C:186CH         LINE#         84
  -------         ENDPROC       SEOS_GO_TO_SLEEP
  -------         ENDMOD        TIMER

  -------         MODULE        UART
  C:0000H         SYMBOL        _ICE_DUMMY_
  D:0080H         PUBLIC        P0
  D:0090H         PUBLIC        P1
  D:00A0H         PUBLIC        P2
  D:00B0H         PUBLIC        P3
BL51 BANKED LINKER/LOCATER V6.22                                                      06/15/2015  15:06:03  PAGE 32


  B:00A8H.7       PUBLIC        EA
  C:1861H         PUBLIC        _SendData
  D:00A8H         PUBLIC        IE
  B:00A8H.4       PUBLIC        ES
  D:00B8H         PUBLIC        IP
  B:0098H.0       PUBLIC        RI
  B:0098H.1       PUBLIC        TI
  B:00B8H.4       PUBLIC        PS
  D:00D8H         PUBLIC        WDCON0
  D:0099H         PUBLIC        SBUF
  D:0098H         PUBLIC        SCON
  D:0089H         PUBLIC        TMOD
  D:0088H         PUBLIC        TCON
  B:00A8H.1       PUBLIC        ET0
  D:008DH         PUBLIC        TH1
  D:008BH         PUBLIC        TL1
  D:00E8H         PUBLIC        EIE
  C:1187H         PUBLIC        _InitUART
  B:0088H.4       PUBLIC        TR0
  B:0088H.6       PUBLIC        TR1
  D:00F8H         PUBLIC        ADCCON0
  D:00C0H         PUBLIC        I2CON
  D:00C8H         PUBLIC        T2CON
  C:136FH         PUBLIC        _SendNByte
  D:00A2H         PUBLIC        AUXR1
  D:00D0H         PUBLIC        PSW
  -------         PROC          _INITUART
  D:0006H         SYMBOL        Baudrate
  C:1187H         LINE#         19
  C:1187H         LINE#         20
  C:1187H         LINE#         21
  C:118AH         LINE#         22
  C:118DH         LINE#         23
  C:1190H         LINE#         24
  C:11A7H         LINE#         26
  C:11ACH         LINE#         27
  C:11AEH         LINE#         28
  C:11B0H         LINE#         29
  C:11B2H         LINE#         30
  C:11B4H         LINE#         31
  C:11B6H         LINE#         32
  C:11B8H         LINE#         33
  C:11BAH         LINE#         34
  C:11BCH         LINE#         35
  -------         ENDPROC       _INITUART
  -------         PROC          _SENDDATA
  D:0007H         SYMBOL        dat
  C:1861H         LINE#         40
  C:1861H         LINE#         41
  C:1861H         LINE#         42
  C:1863H         LINE#         43
  C:1866H         LINE#         44
  C:1868H         LINE#         45
  -------         ENDPROC       _SENDDATA
  -------         PROC          _SENDNBYTE
  X:008AH         SYMBOL        buf
  D:0005H         SYMBOL        len
BL51 BANKED LINKER/LOCATER V6.22                                                      06/15/2015  15:06:03  PAGE 33


  C:136FH         LINE#         50
  C:1379H         LINE#         51
  C:1379H         LINE#         52
  C:137FH         LINE#         53
  C:137FH         LINE#         54
  C:1397H         LINE#         55
  C:1399H         LINE#         56
  -------         ENDPROC       _SENDNBYTE
  -------         ENDMOD        UART

  -------         MODULE        VOICE
  C:0000H         SYMBOL        _ICE_DUMMY_
  D:0080H         PUBLIC        P0
  D:0090H         PUBLIC        P1
  C:1719H         PUBLIC        close_lock_speech
  D:00A0H         PUBLIC        P2
  D:00B0H         PUBLIC        P3
  C:1225H         PUBLIC        Accumulator_voice_promot
  B:0090H.4       PUBLIC        voice_EN
  D:00A8H         PUBLIC        IE
  C:1508H         PUBLIC        InitVoice
  B:00A0H.1       PUBLIC        SC_DATA
  C:16FBH         PUBLIC        stolen_alarm_speech1
  C:1676H         PUBLIC        stolen_alarm_speech2
  D:00B8H         PUBLIC        IP
  C:170AH         PUBLIC        open_lock_speech
  C:16CEH         PUBLIC        motorBAT_low_speech
  C:17CDH         PUBLIC        lock_rotated_on_speech
  C:1663H         PUBLIC        host_touch_speech
  C:1782H         PUBLIC        Alarm_raised_speech
  C:16ECH         PUBLIC        host_2ndtouch_speech
  D:00D8H         PUBLIC        WDCON0
  C:17AFH         PUBLIC        battery_stolen_speech_F3
  C:1764H         PUBLIC        Battery_high_alarm_speech
  D:0098H         PUBLIC        SCON
  B:0090H.4       PUBLIC        P14
  D:0088H         PUBLIC        TCON
  C:1737H         PUBLIC        Cutting_Wire_Voice
  C:1746H         PUBLIC        Product_Test_Voice
  C:1773H         PUBLIC        Alarm_stolen_speech
  X:0031H         PUBLIC        key_rotate_on_speech_number
  C:1850H         PUBLIC        Enter_noguard_voice
  C:17A0H         PUBLIC        Host_battery_high_alarm_speech
  C:1791H         PUBLIC        Alarm_fell_speech
  C:11BDH         PUBLIC        _SC_Speech
  D:00E8H         PUBLIC        EIE
  C:1728H         PUBLIC        battery_stolen_speech
  C:003AH         PUBLIC        key_rotate_on_speech
  D:00F8H         PUBLIC        ADCCON0
  D:00C0H         PUBLIC        I2CON
  C:169CH         PUBLIC        Self_learn_speech
  C:1755H         PUBLIC        Battery_low_alarm_speech
  C:16ADH         PUBLIC        IDcerted_speech
  D:00C8H         PUBLIC        T2CON
  C:16DDH         PUBLIC        ID_speech
  B:00A0H.0       PUBLIC        SC_RST
  D:00D0H         PUBLIC        PSW
[...]
    SYMBOL:  STOLEN_ALARM_RESET_COUNT
    MODULE:  .\operation.obj (OPERATION)

*** WARNING L2: REFERENCE MADE TO UNRESOLVED EXTERNAL
    SYMBOL:  SILENCE_FLAG
    MODULE:  .\operation.obj (OPERATION)
    ADDRESS: 142FH

*** WARNING L2: REFERENCE MADE TO UNRESOLVED EXTERNAL
    SYMBOL:  CHECK_MOTOBATTERY_FLAG
    MODULE:  .\operation.obj (OPERATION)
    ADDRESS: 1435H

*** WARNING L2: REFERENCE MADE TO UNRESOLVED EXTERNAL
    SYMBOL:  CHECK_MOTOBATTERY_COUNT
    MODULE:  .\operation.obj (OPERATION)
    ADDRESS: 1438H

*** WARNING L2: REFERENCE MADE TO UNRESOLVED EXTERNAL
    SYMBOL:  ID_CERTIFICATED_NUMBERS
    MODULE:  .\operation.obj (OPERATION)
    ADDRESS: 1447H

*** WARNING L2: REFERENCE MADE TO UNRESOLVED EXTERNAL
    SYMBOL:  SILENCE_FLAG
    MODULE:  .\operation.obj (OPERATION)
    ADDRESS: 144AH

*** WARNING L2: REFERENCE MADE TO UNRESOLVED EXTERNAL
    SYMBOL:  SILENCE_FLAG
    MODULE:  .\operation.obj (OPERATION)
BL51 BANKED LINKER/LOCATER V6.22                                                      06/15/2015  15:06:03  PAGE 58


    ADDRESS: 144DH

*** WARNING L2: REFERENCE MADE TO UNRESOLVED EXTERNAL
    SYMBOL:  SLAVE_NEARBY_ACTIONED_FLAG
    MODULE:  .\operation.obj (OPERATION)
    ADDRESS: 07DCH

*** WARNING L2: REFERENCE MADE TO UNRESOLVED EXTERNAL
    SYMBOL:  ID_SPEECHED_FLAG
    MODULE:  .\operation.obj (OPERATION)
    ADDRESS: 07DEH

*** WARNING L2: REFERENCE MADE TO UNRESOLVED EXTERNAL
    SYMBOL:  AFTER_IDCERT_TIMECOUNT
    MODULE:  .\operation.obj (OPERATION)
    ADDRESS: 07E1H

*** WARNING L2: REFERENCE MADE TO UNRESOLVED EXTERNAL
    SYMBOL:  ID_CERTIFICATED_FLAG
    MODULE:  .\operation.obj (OPERATION)
    ADDRESS: 07E4H

*** WARNING L2: REFERENCE MADE TO UNRESOLVED EXTERNAL
    SYMBOL:  ID_CERTIFICATED_NUMBERS
    MODULE:  .\operation.obj (OPERATION)
    ADDRESS: 07E6H

*** WARNING L2: REFERENCE MADE TO UNRESOLVED EXTERNAL
    SYMBOL:  SILENCE_FLAG
    MODULE:  .\operation.obj (OPERATION)
    ADDRESS: 07E9H

*** WARNING L2: REFERENCE MADE TO UNRESOLVED EXTERNAL
    SYMBOL:  JUST_POWER_UP
    MODULE:  .\operation.obj (OPERATION)
    ADDRESS: 07EFH

*** WARNING L2: REFERENCE MADE TO UNRESOLVED EXTERNAL
    SYMBOL:  LOAD_BATTERY_RESULT
    MODULE:  .\operation.obj (OPERATION)
    ADDRESS: 07F2H

*** WARNING L2: REFERENCE MADE TO UNRESOLVED EXTERNAL
    SYMBOL:  EN_HOST_STOLEN_ALARMING
    MODULE:  .\operation.obj (OPERATION)
    ADDRESS: 181CH

*** WARNING L2: REFERENCE MADE TO UNRESOLVED EXTERNAL
    SYMBOL:  HOST_STOLEN_ALARMING
    MODULE:  .\operation.obj (OPERATION)
    ADDRESS: 181FH

*** WARNING L2: REFERENCE MADE TO UNRESOLVED EXTERNAL
    SYMBOL:  ID_CERTIFICATED_FLAG
    MODULE:  .\operation.obj (OPERATION)
    ADDRESS: 140DH

BL51 BANKED LINKER/LOCATER V6.22                                                      06/15/2015  15:06:03  PAGE 59


*** WARNING L2: REFERENCE MADE TO UNRESOLVED EXTERNAL
    SYMBOL:  AFTER_IDCERT_TIMECOUNT
    MODULE:  .\operation.obj (OPERATION)
    ADDRESS: 1410H

*** WARNING L2: REFERENCE MADE TO UNRESOLVED EXTERNAL
    SYMBOL:  ID_CERTIFICATED_FLAG
    MODULE:  .\operation.obj (OPERATION)
    ADDRESS: 141AH

*** WARNING L2: REFERENCE MADE TO UNRESOLVED EXTERNAL
    SYMBOL:  ID_CERTIFICATED_NUMBERS
    MODULE:  .\operation.obj (OPERATION)
    ADDRESS: 141EH

*** WARNING L2: REFERENCE MADE TO UNRESOLVED EXTERNAL
    SYMBOL:  OPEN_ACTION_FLAG
    MODULE:  .\operation.obj (OPERATION)
    ADDRESS: 1421H

*** WARNING L2: REFERENCE MADE TO UNRESOLVED EXTERNAL
    SYMBOL:  NEVER_ALARM
    MODULE:  .\operation.obj (OPERATION)
    ADDRESS: 1426H

*** WARNING L2: REFERENCE MADE TO UNRESOLVED EXTERNAL
    SYMBOL:  NEVER_ALARM
    MODULE:  .\operation.obj (OPERATION)
    ADDRESS: 142CH

*** WARNING L2: REFERENCE MADE TO UNRESOLVED EXTERNAL
    SYMBOL:  NEVER_ALARM
    MODULE:  .\operation.obj (OPERATION)
    ADDRESS: 1502H

*** WARNING L2: REFERENCE MADE TO UNRESOLVED EXTERNAL
    SYMBOL:  ID_SELFLEARNING_FLAG
    MODULE:  .\operation.obj (OPERATION)
    ADDRESS: 13C4H

*** WARNING L2: REFERENCE MADE TO UNRESOLVED EXTERNAL
    SYMBOL:  ID_SELFLEARNING_TIMECOUNT
    MODULE:  .\operation.obj (OPERATION)
    ADDRESS: 13C7H

*** WARNING L2: REFERENCE MADE TO UNRESOLVED EXTERNAL
    SYMBOL:  ID_SELFLEARNING_FLAG
    MODULE:  .\operation.obj (OPERATION)
    ADDRESS: 13D1H

*** WARNING L2: REFERENCE MADE TO UNRESOLVED EXTERNAL
    SYMBOL:  IDKEY_SELFLEARN_HVCOUNT
    MODULE:  .\operation.obj (OPERATION)
    ADDRESS: 13D5H

*** WARNING L2: REFERENCE MADE TO UNRESOLVED EXTERNAL
    SYMBOL:  IDKEY_SELFLEARN_LVCOUNT
BL51 BANKED LINKER/LOCATER V6.22                                                      06/15/2015  15:06:03  PAGE 60


    MODULE:  .\operation.obj (OPERATION)
    ADDRESS: 13DAH

*** WARNING L2: REFERENCE MADE TO UNRESOLVED EXTERNAL
    SYMBOL:  IDKEY_SELFLEARN_FLAG1
    MODULE:  .\operation.obj (OPERATION)
    ADDRESS: 13DFH

*** WARNING L2: REFERENCE MADE TO UNRESOLVED EXTERNAL
    SYMBOL:  IDKEY_SELFLEARN_FLAG2
    MODULE:  .\operation.obj (OPERATION)
    ADDRESS: 13E1H

*** WARNING L2: REFERENCE MADE TO UNRESOLVED EXTERNAL
    SYMBOL:  IDKEY_SELFLEARN_FLAG3
    MODULE:  .\operation.obj (OPERATION)
    ADDRESS: 13E3H

*** WARNING L2: REFERENCE MADE TO UNRESOLVED EXTERNAL
    SYMBOL:  IDKEY_SELFLEARN_FLAG4
    MODULE:  .\operation.obj (OPERATION)
    ADDRESS: 13E5H

*** WARNING L2: REFERENCE MADE TO UNRESOLVED EXTERNAL
    SYMBOL:  IDKEY_SELFLEARN_FLAG5
    MODULE:  .\operation.obj (OPERATION)
    ADDRESS: 13E7H

*** WARNING L2: REFERENCE MADE TO UNRESOLVED EXTERNAL
    SYMBOL:  IDKEY_SPEECH_FLASH
    MODULE:  .\operation.obj (OPERATION)
    ADDRESS: 1848H

*** WARNING L2: REFERENCE MADE TO UNRESOLVED EXTERNAL
    SYMBOL:  IDKEY_SPEECH_FLASH
    MODULE:  .\operation.obj (OPERATION)
    ADDRESS: 184BH

*** WARNING L2: REFERENCE MADE TO UNRESOLVED EXTERNAL
    SYMBOL:  WIRE_BROKEN_RESET
    MODULE:  .\operation.obj (OPERATION)
    ADDRESS: 16BFH

*** WARNING L2: REFERENCE MADE TO UNRESOLVED EXTERNAL
    SYMBOL:  WIRE_BROKEN_RESET
    MODULE:  .\operation.obj (OPERATION)
    ADDRESS: 16C2H

*** WARNING L2: REFERENCE MADE TO UNRESOLVED EXTERNAL
    SYMBOL:  EN_HOST_STOLEN_ALARMING
    MODULE:  .\operation.obj (OPERATION)
    ADDRESS: 16C8H

*** WARNING L2: REFERENCE MADE TO UNRESOLVED EXTERNAL
    SYMBOL:  HOST_STOLEN_ALARMING
    MODULE:  .\operation.obj (OPERATION)
    ADDRESS: 16CAH
BL51 BANKED LINKER/LOCATER V6.22                                                      06/15/2015  15:06:03  PAGE 61



*** WARNING L2: REFERENCE MADE TO UNRESOLVED EXTERNAL
    SYMBOL:  EN_HOST_STOLEN_ALARMING
    MODULE:  .\operation.obj (OPERATION)
    ADDRESS: 14B2H

*** WARNING L2: REFERENCE MADE TO UNRESOLVED EXTERNAL
    SYMBOL:  STOLEN_ALARM_RESET_COUNT
    MODULE:  .\operation.obj (OPERATION)
    ADDRESS: 14B5H

*** WARNING L2: REFERENCE MADE TO UNRESOLVED EXTERNAL
    SYMBOL:  EN_HOST_STOLEN_ALARMING
    MODULE:  .\operation.obj (OPERATION)
    ADDRESS: 14C3H

*** WARNING L2: REFERENCE MADE TO UNRESOLVED EXTERNAL
    SYMBOL:  HOST_STOLEN_ALARMING
    MODULE:  .\operation.obj (OPERATION)
    ADDRESS: 14C5H

*** WARNING L2: REFERENCE MADE TO UNRESOLVED EXTERNAL
    SYMBOL:  STOLEN_ALARM_RESET_COUNT
    MODULE:  .\operation.obj (OPERATION)
    ADDRESS: 14C9H

*** WARNING L2: REFERENCE MADE TO UNRESOLVED EXTERNAL
    SYMBOL:  JUST_POWER_UP
    MODULE:  .\operation.obj (OPERATION)
    ADDRESS: 1456H

*** WARNING L2: REFERENCE MADE TO UNRESOLVED EXTERNAL
    SYMBOL:  SLAVE_NEARBY_COUNT
    MODULE:  .\operation.obj (OPERATION)
    ADDRESS: 1459H

*** WARNING L2: REFERENCE MADE TO UNRESOLVED EXTERNAL
    SYMBOL:  SLAVE_NEARBY_ACTIONED_FLAG
    MODULE:  .\operation.obj (OPERATION)
    ADDRESS: 1466H

*** WARNING L2: REFERENCE MADE TO UNRESOLVED EXTERNAL
    SYMBOL:  ID_CERTIFICATED_FLAG
    MODULE:  .\operation.obj (OPERATION)
    ADDRESS: 1468H

*** WARNING L2: REFERENCE MADE TO UNRESOLVED EXTERNAL
    SYMBOL:  NEVER_ALARM
    MODULE:  .\operation.obj (OPERATION)
    ADDRESS: 146AH

*** WARNING L2: REFERENCE MADE TO UNRESOLVED EXTERNAL
    SYMBOL:  IDKEY_SELFLEARN_LVCOUNT
    MODULE:  .\operation.obj (OPERATION)
    ADDRESS: 080AH

*** WARNING L2: REFERENCE MADE TO UNRESOLVED EXTERNAL
BL51 BANKED LINKER/LOCATER V6.22                                                      06/15/2015  15:06:03  PAGE 62


    SYMBOL:  IDKEY_SELFLEARN_HVCOUNT
    MODULE:  .\operation.obj (OPERATION)
    ADDRESS: 080FH

*** WARNING L2: REFERENCE MADE TO UNRESOLVED EXTERNAL
    SYMBOL:  IDKEY_SELFLEARN_FLAG1
    MODULE:  .\operation.obj (OPERATION)
    ADDRESS: 082DH

*** WARNING L2: REFERENCE MADE TO UNRESOLVED EXTERNAL
    SYMBOL:  IDKEY_SELFLEARN_FLAG2
    MODULE:  .\operation.obj (OPERATION)
    ADDRESS: 082FH

*** WARNING L2: REFERENCE MADE TO UNRESOLVED EXTERNAL
    SYMBOL:  IDKEY_SELFLEARN_FLAG3
    MODULE:  .\operation.obj (OPERATION)
    ADDRESS: 0831H

*** WARNING L2: REFERENCE MADE TO UNRESOLVED EXTERNAL
    SYMBOL:  IDKEY_SELFLEARN_FLAG4
    MODULE:  .\operation.obj (OPERATION)
    ADDRESS: 0833H

*** WARNING L2: REFERENCE MADE TO UNRESOLVED EXTERNAL
    SYMBOL:  IDKEY_SELFLEARN_FLAG5
    MODULE:  .\operation.obj (OPERATION)
    ADDRESS: 0835H

*** WARNING L2: REFERENCE MADE TO UNRESOLVED EXTERNAL
    SYMBOL:  IDKEY_SELFLEARN_FLAG1
    MODULE:  .\operation.obj (OPERATION)
    ADDRESS: 0839H

*** WARNING L2: REFERENCE MADE TO UNRESOLVED EXTERNAL
    SYMBOL:  IDKEY_SELFLEARN_FLAG2
    MODULE:  .\operation.obj (OPERATION)
    ADDRESS: 083BH

*** WARNING L2: REFERENCE MADE TO UNRESOLVED EXTERNAL
    SYMBOL:  IDKEY_SELFLEARN_FLAG3
    MODULE:  .\operation.obj (OPERATION)
    ADDRESS: 083EH

*** WARNING L2: REFERENCE MADE TO UNRESOLVED EXTERNAL
    SYMBOL:  IDKEY_SELFLEARN_FLAG4
    MODULE:  .\operation.obj (OPERATION)
    ADDRESS: 0840H

*** WARNING L2: REFERENCE MADE TO UNRESOLVED EXTERNAL
    SYMBOL:  IDKEY_SELFLEARN_FLAG5
    MODULE:  .\operation.obj (OPERATION)
    ADDRESS: 0843H

*** WARNING L2: REFERENCE MADE TO UNRESOLVED EXTERNAL
    SYMBOL:  IDKEY_SELFLEARN_HVCOUNT
    MODULE:  .\operation.obj (OPERATION)
BL51 BANKED LINKER/LOCATER V6.22                                                      06/15/2015  15:06:03  PAGE 63


    ADDRESS: 0848H

*** WARNING L2: REFERENCE MADE TO UNRESOLVED EXTERNAL
    SYMBOL:  IDKEY_SELFLEARN_FLAG1
    MODULE:  .\operation.obj (OPERATION)
    ADDRESS: 084DH

*** WARNING L2: REFERENCE MADE TO UNRESOLVED EXTERNAL
    SYMBOL:  IDKEY_SELFLEARN_FLAG2
    MODULE:  .\operation.obj (OPERATION)
    ADDRESS: 0850H

*** WARNING L2: REFERENCE MADE TO UNRESOLVED EXTERNAL
    SYMBOL:  IDKEY_SELFLEARN_FLAG3
    MODULE:  .\operation.obj (OPERATION)
    ADDRESS: 0852H

*** WARNING L2: REFERENCE MADE TO UNRESOLVED EXTERNAL
    SYMBOL:  IDKEY_SELFLEARN_FLAG4
    MODULE:  .\operation.obj (OPERATION)
    ADDRESS: 0855H

*** WARNING L2: REFERENCE MADE TO UNRESOLVED EXTERNAL
    SYMBOL:  IDKEY_SELFLEARN_FLAG5
    MODULE:  .\operation.obj (OPERATION)
    ADDRESS: 0857H

*** WARNING L2: REFERENCE MADE TO UNRESOLVED EXTERNAL
    SYMBOL:  ID_SELFLEARNING_FLAG
    MODULE:  .\operation.obj (OPERATION)
    ADDRESS: 085AH

*** WARNING L2: REFERENCE MADE TO UNRESOLVED EXTERNAL
    SYMBOL:  IDKEY_SELFLEARN_FLAG5
    MODULE:  .\operation.obj (OPERATION)
    ADDRESS: 085CH

*** WARNING L2: REFERENCE MADE TO UNRESOLVED EXTERNAL
    SYMBOL:  IDKEY_SELFLEARN_LVCOUNT
    MODULE:  .\operation.obj (OPERATION)
    ADDRESS: 0861H

*** WARNING L2: REFERENCE MADE TO UNRESOLVED EXTERNAL
    SYMBOL:  IDKEY_SELFLEARN_FLAG1
    MODULE:  .\operation.obj (OPERATION)
    ADDRESS: 087FH

*** WARNING L2: REFERENCE MADE TO UNRESOLVED EXTERNAL
    SYMBOL:  IDKEY_SELFLEARN_FLAG2
    MODULE:  .\operation.obj (OPERATION)
    ADDRESS: 0881H

*** WARNING L2: REFERENCE MADE TO UNRESOLVED EXTERNAL
    SYMBOL:  IDKEY_SELFLEARN_FLAG3
    MODULE:  .\operation.obj (OPERATION)
    ADDRESS: 0883H

BL51 BANKED LINKER/LOCATER V6.22                                                      06/15/2015  15:06:03  PAGE 64


*** WARNING L2: REFERENCE MADE TO UNRESOLVED EXTERNAL
    SYMBOL:  IDKEY_SELFLEARN_FLAG4
    MODULE:  .\operation.obj (OPERATION)
    ADDRESS: 0885H

*** WARNING L2: REFERENCE MADE TO UNRESOLVED EXTERNAL
    SYMBOL:  IDKEY_SELFLEARN_FLAG5
    MODULE:  .\operation.obj (OPERATION)
    ADDRESS: 0887H

*** WARNING L2: REFERENCE MADE TO UNRESOLVED EXTERNAL
    SYMBOL:  ID_SELFLEARNING_FLAG
    MODULE:  .\operation.obj (OPERATION)
    ADDRESS: 0889H

*** WARNING L2: REFERENCE MADE TO UNRESOLVED EXTERNAL
    SYMBOL:  IDKEY_FLASH_EN
    MODULE:  .\operation.obj (OPERATION)
    ADDRESS: 088BH

*** WARNING L2: REFERENCE MADE TO UNRESOLVED EXTERNAL
    SYMBOL:  IDKEY_FLASH_EN
    MODULE:  .\operation.obj (OPERATION)
    ADDRESS: 088EH

*** WARNING L2: REFERENCE MADE TO UNRESOLVED EXTERNAL
    SYMBOL:  FLASHING_FLAG
    MODULE:  .\operation.obj (OPERATION)
    ADDRESS: 0890H

*** WARNING L2: REFERENCE MADE TO UNRESOLVED EXTERNAL
    SYMBOL:  IDKEY_SELFLEARN_FLAG1
    MODULE:  .\operation.obj (OPERATION)
    ADDRESS: 0892H

*** WARNING L2: REFERENCE MADE TO UNRESOLVED EXTERNAL
    SYMBOL:  IDKEY_SELFLEARN_FLAG2
    MODULE:  .\operation.obj (OPERATION)
    ADDRESS: 0894H

*** WARNING L2: REFERENCE MADE TO UNRESOLVED EXTERNAL
    SYMBOL:  IDKEY_SELFLEARN_FLAG3
    MODULE:  .\operation.obj (OPERATION)
    ADDRESS: 0896H

*** WARNING L2: REFERENCE MADE TO UNRESOLVED EXTERNAL
    SYMBOL:  IDKEY_SELFLEARN_FLAG4
    MODULE:  .\operation.obj (OPERATION)
    ADDRESS: 0898H

*** WARNING L2: REFERENCE MADE TO UNRESOLVED EXTERNAL
    SYMBOL:  IDKEY_SELFLEARN_FLAG5
    MODULE:  .\operation.obj (OPERATION)
    ADDRESS: 089AH

*** WARNING L2: REFERENCE MADE TO UNRESOLVED EXTERNAL
    SYMBOL:  ID_SELFLEARNING_FLAG
BL51 BANKED LINKER/LOCATER V6.22                                                      06/15/2015  15:06:03  PAGE 65


    MODULE:  .\operation.obj (OPERATION)
    ADDRESS: 089CH

*** WARNING L2: REFERENCE MADE TO UNRESOLVED EXTERNAL
    SYMBOL:  OPEN_ACTION_FLAG
    MODULE:  .\operation.obj (OPERATION)
    ADDRESS: 139EH

*** WARNING L2: REFERENCE MADE TO UNRESOLVED EXTERNAL
    SYMBOL:  ID_CERTIFICATED_FLAG
    MODULE:  .\operation.obj (OPERATION)
    ADDRESS: 13A3H

*** WARNING L2: REFERENCE MADE TO UNRESOLVED EXTERNAL
    SYMBOL:  OPEN_ACTION_FLAG
    MODULE:  .\operation.obj (OPERATION)
    ADDRESS: 13A9H

*** WARNING L2: REFERENCE MADE TO UNRESOLVED EXTERNAL
    SYMBOL:  ID_SPEECHED_FLAG
    MODULE:  .\operation.obj (OPERATION)
    ADDRESS: 13AEH

*** WARNING L2: REFERENCE MADE TO UNRESOLVED EXTERNAL
    SYMBOL:  AFTER_IDCERT_TIMECOUNT
    MODULE:  .\operation.obj (OPERATION)
    ADDRESS: 13B1H

*** WARNING L2: REFERENCE MADE TO UNRESOLVED EXTERNAL
    SYMBOL:  ID_CERTIFICATED_FLAG
    MODULE:  .\operation.obj (OPERATION)
    ADDRESS: 13B4H

*** WARNING L2: REFERENCE MADE TO UNRESOLVED EXTERNAL
    SYMBOL:  ID_CERTIFICATED_NUMBERS
    MODULE:  .\operation.obj (OPERATION)
    ADDRESS: 13B6H

*** WARNING L2: REFERENCE MADE TO UNRESOLVED EXTERNAL
    SYMBOL:  SLAVE_NEARBY_ACTIONED_FLAG
    MODULE:  .\operation.obj (OPERATION)
    ADDRESS: 13B9H

*** WARNING L2: REFERENCE MADE TO UNRESOLVED EXTERNAL
    SYMBOL:  ELECMOTOR_CW
    MODULE:  .\operation.obj (OPERATION)
    ADDRESS: 13BBH

*** WARNING L2: REFERENCE MADE TO UNRESOLVED EXTERNAL
    SYMBOL:  JUST_POWER_UP
    MODULE:  .\operation.obj (OPERATION)
    ADDRESS: 13C1H

*** WARNING L2: REFERENCE MADE TO UNRESOLVED EXTERNAL
    SYMBOL:  SLAVE_NEARBY_ACTIONED_FLAG
    MODULE:  .\operation.obj (OPERATION)
    ADDRESS: 1348H
BL51 BANKED LINKER/LOCATER V6.22                                                      06/15/2015  15:06:03  PAGE 66



*** WARNING L2: REFERENCE MADE TO UNRESOLVED EXTERNAL
    SYMBOL:  OPEN_ACTION_FLAG
    MODULE:  .\operation.obj (OPERATION)
    ADDRESS: 134BH

*** WARNING L2: REFERENCE MADE TO UNRESOLVED EXTERNAL
    SYMBOL:  SLAVE_NEARBY_ACTIONED_FLAG
    MODULE:  .\operation.obj (OPERATION)
    ADDRESS: 135EH

*** WARNING L2: REFERENCE MADE TO UNRESOLVED EXTERNAL
    SYMBOL:  ELECMOTOR_ACW
    MODULE:  .\operation.obj (OPERATION)
    ADDRESS: 1361H

*** WARNING L2: REFERENCE MADE TO UNRESOLVED EXTERNAL
    SYMBOL:  OPEN_ACTION_FLAG
    MODULE:  .\operation.obj (OPERATION)
    ADDRESS: 1365H

*** WARNING L2: REFERENCE MADE TO UNRESOLVED EXTERNAL
    SYMBOL:  IDKEY_SPEECH_FLASH
    MODULE:  .\operation.obj (OPERATION)
    ADDRESS: 136BH

*** WARNING L2: REFERENCE MADE TO UNRESOLVED EXTERNAL
    SYMBOL:  ID_SPEECHED_FLAG
    MODULE:  .\operation.obj (OPERATION)
    ADDRESS: 136DH

*** WARNING L1: UNRESOLVED EXTERNAL SYMBOL
    SYMBOL:  HOST_STOLEN_ALARMING
    MODULE:  .\Other.obj (OTHER)

*** WARNING L1: UNRESOLVED EXTERNAL SYMBOL
    SYMBOL:  EN_HOST_STOLEN_ALARMING
    MODULE:  .\Other.obj (OTHER)

*** WARNING L2: REFERENCE MADE TO UNRESOLVED EXTERNAL
    SYMBOL:  HOST_STOLEN_ALARMING
    MODULE:  .\Other.obj (OTHER)
    ADDRESS: 0FACH

*** WARNING L2: REFERENCE MADE TO UNRESOLVED EXTERNAL
    SYMBOL:  EN_HOST_STOLEN_ALARMING
    MODULE:  .\Other.obj (OTHER)
    ADDRESS: 0FB0H

*** WARNING L1: UNRESOLVED EXTERNAL SYMBOL
    SYMBOL:  LOAD_BATTERY_RESULT
    MODULE:  .\voice.obj (VOICE)

*** WARNING L1: UNRESOLVED EXTERNAL SYMBOL
    SYMBOL:  SLAVE_NEARBY_ACTIONED_FLAG
    MODULE:  .\voice.obj (VOICE)

BL51 BANKED LINKER/LOCATER V6.22                                                      06/15/2015  15:06:03  PAGE 67


*** WARNING L1: UNRESOLVED EXTERNAL SYMBOL
    SYMBOL:  ID_SPEECHED_FLAG
    MODULE:  .\voice.obj (VOICE)

*** WARNING L1: UNRESOLVED EXTERNAL SYMBOL
    SYMBOL:  FLASHING_FLAG
    MODULE:  .\voice.obj (VOICE)

*** WARNING L1: UNRESOLVED EXTERNAL SYMBOL
    SYMBOL:  EN_HOST_STOLEN_ALARMING
    MODULE:  .\voice.obj (VOICE)

*** WARNING L1: UNRESOLVED EXTERNAL SYMBOL
    SYMBOL:  CHECK_MOTOBATTERY_FLAG
    MODULE:  .\voice.obj (VOICE)

*** WARNING L1: UNRESOLVED EXTERNAL SYMBOL
    SYMBOL:  NEVER_ALARM_SPEECH
    MODULE:  .\voice.obj (VOICE)

*** WARNING L1: UNRESOLVED EXTERNAL SYMBOL
    SYMBOL:  CHECK_MOTOBATTERY_COUNT
    MODULE:  .\voice.obj (VOICE)

*** WARNING L1: UNRESOLVED EXTERNAL SYMBOL
    SYMBOL:  OPEN_ACTION_FLAG
    MODULE:  .\voice.obj (VOICE)

*** WARNING L2: REFERENCE MADE TO UNRESOLVED EXTERNAL
    SYMBOL:  FLASHING_FLAG
    MODULE:  .\voice.obj (VOICE)
    ADDRESS: 16ABH

*** WARNING L2: REFERENCE MADE TO UNRESOLVED EXTERNAL
    SYMBOL:  OPEN_ACTION_FLAG
    MODULE:  .\voice.obj (VOICE)
    ADDRESS: 16AEH

*** WARNING L2: REFERENCE MADE TO UNRESOLVED EXTERNAL
    SYMBOL:  SLAVE_NEARBY_ACTIONED_FLAG
    MODULE:  .\voice.obj (VOICE)
    ADDRESS: 16B3H

*** WARNING L2: REFERENCE MADE TO UNRESOLVED EXTERNAL
    SYMBOL:  ID_SPEECHED_FLAG
    MODULE:  .\voice.obj (VOICE)
    ADDRESS: 16B6H

*** WARNING L2: REFERENCE MADE TO UNRESOLVED EXTERNAL
    SYMBOL:  ID_SPEECHED_FLAG
    MODULE:  .\voice.obj (VOICE)
    ADDRESS: 16BCH

*** WARNING L2: REFERENCE MADE TO UNRESOLVED EXTERNAL
    SYMBOL:  CHECK_MOTOBATTERY_COUNT
    MODULE:  .\voice.obj (VOICE)
    ADDRESS: 1226H
BL51 BANKED LINKER/LOCATER V6.22                                                      06/15/2015  15:06:03  PAGE 68



*** WARNING L2: REFERENCE MADE TO UNRESOLVED EXTERNAL
    SYMBOL:  CHECK_MOTOBATTERY_FLAG
    MODULE:  .\voice.obj (VOICE)
    ADDRESS: 1233H

*** WARNING L2: REFERENCE MADE TO UNRESOLVED EXTERNAL
    SYMBOL:  EN_HOST_STOLEN_ALARMING
    MODULE:  .\voice.obj (VOICE)
    ADDRESS: 1236H

*** WARNING L2: REFERENCE MADE TO UNRESOLVED EXTERNAL
    SYMBOL:  LOAD_BATTERY_RESULT
    MODULE:  .\voice.obj (VOICE)
    ADDRESS: 1249H

*** WARNING L2: REFERENCE MADE TO UNRESOLVED EXTERNAL
    SYMBOL:  CHECK_MOTOBATTERY_FLAG
    MODULE:  .\voice.obj (VOICE)
    ADDRESS: 1255H

*** WARNING L2: REFERENCE MADE TO UNRESOLVED EXTERNAL
    SYMBOL:  NEVER_ALARM_SPEECH
    MODULE:  .\voice.obj (VOICE)
    ADDRESS: 1851H

*** WARNING L2: REFERENCE MADE TO UNRESOLVED EXTERNAL
    SYMBOL:  NEVER_ALARM_SPEECH
    MODULE:  .\voice.obj (VOICE)
    ADDRESS: 1854H

Program Size: data=54.2 xdata=147 code=6263
LINK/LOCATE RUN COMPLETE.  210 WARNING(S),  0 ERROR(S)
