BL51 BANKED LINKER/LOCATER V6.22                                                        12/02/2015  14:21:40  PAGE 1


BL51 BANKED LINKER/LOCATER V6.22, INVOKED BY:
D:\PROGRAM FILES (X86)\KEIL_V5\C51\BIN\BL51.EXE .\AD.obj, .\Battery.obj, .\communication.obj, .\Delay.obj, .\operation.o
>> bj, .\Other.obj, .\pwm.obj, .\Timer.obj, .\UART.obj, .\voice.obj, .\ISP_DataFlash.obj, .\Schedular.obj, main.obj TO D
>> DC-F RAMSIZE (256)


MEMORY MODEL: COMPACT


INPUT MODULES INCLUDED:
  .\AD.obj (AD)
  .\Battery.obj (BATTERY)
  .\communication.obj (COMMUNICATION)
  .\Delay.obj (DELAY)
  .\operation.obj (OPERATION)
  .\Other.obj (OTHER)
  .\pwm.obj (PWM)
  .\Timer.obj (TIMER)
  .\UART.obj (UART)
  .\voice.obj (VOICE)
  .\ISP_DataFlash.obj (ISP_DATAFLASH)
  .\Schedular.obj (SCHEDULAR)
  main.obj (MAIN)
  D:\PROGRAM FILES (X86)\KEIL_V5\C51\LIB\C51C.LIB (?C_STARTUP)
  D:\PROGRAM FILES (X86)\KEIL_V5\C51\LIB\C51C.LIB (?C?CLDPTR)
  D:\PROGRAM FILES (X86)\KEIL_V5\C51\LIB\C51C.LIB (?C?LMUL)
  D:\PROGRAM FILES (X86)\KEIL_V5\C51\LIB\C51C.LIB (?C?ULDIV)
  D:\PROGRAM FILES (X86)\KEIL_V5\C51\LIB\C51C.LIB (?C?LNEG)
  D:\PROGRAM FILES (X86)\KEIL_V5\C51\LIB\C51C.LIB (?C?ICALL)
  D:\PROGRAM FILES (X86)\KEIL_V5\C51\LIB\C51C.LIB (?C?LIMUL)
  D:\PROGRAM FILES (X86)\KEIL_V5\C51\LIB\C51C.LIB (?C_INIT)


LINK MAP OF MODULE:  DDC-F (AD)


            TYPE    BASE      LENGTH    RELOCATION   SEGMENT NAME
            -----------------------------------------------------

            * * * * * * *   D A T A   M E M O R Y   * * * * * * *
            REG     0000H     0008H     ABSOLUTE     "REG BANK 0"
                    0008H     0018H                  *** GAP ***
            BIT     0020H.0   0005H.2   UNIT         ?BI?MAIN
            BIT     0025H.2   0000H.3   UNIT         ?BI?OPERATION
            BIT     0025H.5   0000H.2   UNIT         _BIT_GROUP_
            BIT     0025H.7   0000H.1   UNIT         ?BI?_HSCH_ADD_TASK?SCHEDULAR
            DATA    0026H     0028H     UNIT         ?DT?SCHEDULAR
            IDATA   004EH     0001H     UNIT         ?STACK

            * * * * * * *  X D A T A   M E M O R Y  * * * * * * *
            XDATA   0000H     0002H     INPAGE       ?PD?_VERIFYBATTERY?BATTERY
            XDATA   0002H     0002H     INPAGE       ?PD?BATTERY
            XDATA   0004H     0003H     INPAGE       ?PD?_SEND_DATA?COMMUNICATION
            XDATA   0007H     0003H     INPAGE       ?PD?_COMMODE_DATA?COMMUNICATION
            XDATA   000AH     0003H     INPAGE       ?PD?_COMMODE_DATA_WX?COMMUNICATION
            XDATA   000DH     0002H     INPAGE       ?PD?_UART_SEND_DATA?COMMUNICATION
            XDATA   000FH     0002H     INPAGE       ?PD?_UART_SEND_DATA_F2?COMMUNICATION
            XDATA   0011H     0004H     INPAGE       ?PD?_SEND_CODE_TO_LOCK?COMMUNICATION
BL51 BANKED LINKER/LOCATER V6.22                                                      12/02/2015  14:21:40  PAGE 2


            XDATA   0015H     0004H     INPAGE       ?PD?_SEND_CODE_TO_LOCK_TAILI?COMMUNICATION
            XDATA   0019H     0001H     INPAGE       ?PD?_UART_SEND_DATA_BROADTEST?COMMUNICATION
            XDATA   001AH     0007H     INPAGE       ?PD?COMMUNICATION
            XDATA   0021H     0002H     INPAGE       ?PD?_MAGNET_DELAY?DELAY
            XDATA   0023H     0002H     INPAGE       ?PD?DELAY
            XDATA   0025H     0007H     INPAGE       ?PD?OPERATION
            XDATA   002CH     0004H     INPAGE       ?PD?_MAGNET_CW?OTHER
            XDATA   0030H     0004H     INPAGE       ?PD?_MAGNET_CW_TAILI?OTHER
            XDATA   0034H     0002H     INPAGE       ?PD?PWM
            XDATA   0036H     0002H     INPAGE       ?PD?_INITTIMER?TIMER
            XDATA   0038H     0004H     INPAGE       ?PD?TIMER
            XDATA   003CH     0001H     INPAGE       ?PD?VOICE
            XDATA   003DH     0002H     INPAGE       ?PD?_FLASH_PAGE_ERASE?ISP_DATAFLASH
            XDATA   003FH     0003H     INPAGE       ?PD?_FLASH_WRITE_DATA?ISP_DATAFLASH
            XDATA   0042H     0003H     INPAGE       ?PD?_FLASH_READ_DATA?ISP_DATAFLASH
            XDATA   0045H     0001H     INPAGE       ?PD?HSCH_DISPATCH_TASKS?SCHEDULAR
            XDATA   0046H     0002H     INPAGE       ?PD?_HSCH_ADD_TASK?SCHEDULAR
            XDATA   0048H     0001H     INPAGE       ?PD?HSCH_UPDATE?SCHEDULAR
            XDATA   0049H     0004H     INPAGE       ?PD?SCHEDULAR
            XDATA   004DH     0049H     INPAGE       ?PD?MAIN
            XDATA   0096H     000CH     INPAGE       _PDATA_GROUP_

            * * * * * * *   C O D E   M E M O R Y   * * * * * * *
            CODE    0000H     0003H     ABSOLUTE     
            CODE    0003H     0008H     INBLOCK      ?PR?MOTO_VIBRATION?OTHER
            CODE    000BH     0003H     ABSOLUTE     
            CODE    000EH     0015H     INBLOCK      ?PR?_FLASH_PAGE_ERASE?ISP_DATAFLASH
            CODE    0023H     0003H     ABSOLUTE     
            CODE    0026H     0014H     INBLOCK      ?PR?DISABLE_ISP?ISP_DATAFLASH
            CODE    003AH     0001H     INBLOCK      ?PR?HSCH_REPORT_STATUS?SCHEDULAR
            CODE    003BH     0003H     ABSOLUTE     
            CODE    003EH     022FH     INBLOCK      ?PR?TIMER0?MAIN
            CODE    026DH     0196H     INBLOCK      ?PR?_VERIFYBATTERY?BATTERY
            CODE    0403H     0177H     UNIT         ?C?LIB_CODE
            CODE    057AH     0172H     INBLOCK      ?PR?UART_ISR?MAIN
            CODE    06ECH     012EH     UNIT         ?C_INITSEG
            CODE    081AH     00C2H     INBLOCK      ?PR?HSCH_UPDATE?SCHEDULAR
            CODE    08DCH     008CH     UNIT         ?C_C51STARTUP
            CODE    0968H     007DH     INBLOCK      ?PR?_HSCH_ADD_TASK?SCHEDULAR
            CODE    09E5H     0078H     INBLOCK      ?PR?_GETADCRESULT?AD
            CODE    0A5DH     0075H     INBLOCK      ?PR?_INITTIMER?TIMER
            CODE    0AD2H     0074H     INBLOCK      ?PR?INITSIGNAL?COMMUNICATION
            CODE    0B46H     0073H     INBLOCK      ?PR?_SEND_CODE_TO_LOCK?COMMUNICATION
            CODE    0BB9H     0073H     INBLOCK      ?PR?_SEND_CODE_TO_LOCK_TAILI?COMMUNICATION
            CODE    0C2CH     0071H     INBLOCK      ?PR?HSCH_DISPATCH_TASKS?SCHEDULAR
            CODE    0C9DH     006AH     INBLOCK      ?PR?RECEIVE_BYTE?COMMUNICATION
            CODE    0D07H     006AH     INBLOCK      ?PR?RECEIVE_BYTE_LOCK?COMMUNICATION
            CODE    0D71H     0062H     INBLOCK      ?PR?_PWM_CHANNEL?PWM
            CODE    0DD3H     0060H     INBLOCK      ?PR?_SEND_DATA?COMMUNICATION
            CODE    0E33H     005FH     INBLOCK      ?PR?DETECT_SELFLEARN_ACTION?OPERATION
            CODE    0E92H     005EH     INBLOCK      ?PR?DETECT_VIBRATION?OPERATION
            CODE    0EF0H     005AH     INBLOCK      ?PR?_UART_SEND_DATA?COMMUNICATION
            CODE    0F4AH     0052H     INBLOCK      ?PR?DETECT_CLOSE_ACTION?OPERATION
            CODE    0F9CH     004DH     INBLOCK      ?PR?_UART_SEND_DATA_F2?COMMUNICATION
            CODE    0FE9H     0017H     INBLOCK      ?PR?UART_SEND_DATA_MATCH?COMMUNICATION
            CODE    1000H     004CH     INBLOCK      ?PR?_INITT0?TIMER
            CODE    104CH     004BH     INBLOCK      ?PR?_UART_SEND_DATA_BROADTEST?COMMUNICATION
BL51 BANKED LINKER/LOCATER V6.22                                                      12/02/2015  14:21:40  PAGE 3


            CODE    1097H     004BH     INBLOCK      ?PR?_HSCH_DELETE_TASK?SCHEDULAR
            CODE    10E2H     0048H     INBLOCK      ?PR?INITSIGNAL_F?COMMUNICATION
            CODE    112AH     0047H     INBLOCK      ?PR?_UART_SEND_DATA_F?COMMUNICATION
            CODE    1171H     0047H     INBLOCK      ?PR?DISABLE_SENSOR?OTHER
            CODE    11B8H     0041H     INBLOCK      ?PR?RECEIVE_WORD?COMMUNICATION
            CODE    11F9H     0041H     INBLOCK      ?PR?SELF_LEARN_PROGRAMMING_F?ISP_DATAFLASH
            CODE    123AH     003FH     INBLOCK      ?PR?_CUSTOM_DELAY?DELAY
            CODE    1279H     003EH     INBLOCK      ?PR?_UART_SEND_DATA_F3?COMMUNICATION
            CODE    12B7H     003EH     INBLOCK      ?PR?_MAGNET_DELAY?DELAY
            CODE    12F5H     0036H     INBLOCK      ?PR?_INITUART?UART
            CODE    132BH     0036H     INBLOCK      ?PR?_SC_SPEECH?VOICE
            CODE    1361H     0035H     INBLOCK      ?PR?MAIN?MAIN
            CODE    1396H     0034H     INBLOCK      ?PR?_COMMODE_DATA_WX?COMMUNICATION
            CODE    13CAH     0033H     INBLOCK      ?PR?DETECT_OPEN_ACTION?OPERATION
            CODE    13FDH     0032H     INBLOCK      ?PR?_COMMODE_DATA?COMMUNICATION
            CODE    142FH     0032H     INBLOCK      ?PR?ACCUMULATOR_VOICE_PROMOT?VOICE
            CODE    1461H     0032H     INBLOCK      ?PR?SELF_LEARN_PROGRAMMING?ISP_DATAFLASH
            CODE    1493H     0031H     INBLOCK      ?PR?DETECT_WHEEL_MOVING?OPERATION
            CODE    14C4H     0031H     INBLOCK      ?PR?_MAGNET_CW?OTHER
            CODE    14F5H     0031H     INBLOCK      ?PR?_MAGNET_CW_TAILI?OTHER
            CODE    1526H     0030H     INBLOCK      ?PR?_FLASH_WRITE_DATA?ISP_DATAFLASH
            CODE    1556H     002EH     INBLOCK      ?PR?SLAVE_AWAY_OPERATION?OPERATION
            CODE    1584H     002BH     INBLOCK      ?PR?_SENDNBYTE?UART
            CODE    15AFH     0026H     INBLOCK      ?PR?SLAVE_NEARBY_OPERATION?OPERATION
            CODE    15D5H     0026H     INBLOCK      ?PR?SELFLEARN_RESET?OPERATION
            CODE    15FBH     0023H     INBLOCK      ?PR?KEY_ROTATE_ON_SPEECH?VOICE
            CODE    161EH     0023H     INBLOCK      ?PR?KBI_ISR?MAIN
            CODE    1641H     0022H     INBLOCK      ?PR?ENSENSOR_AFTERIDCERT?OPERATION
            CODE    1663H     0021H     INBLOCK      ?PR?ENSENSOR_AFTER_SLAVE_AWAY?OPERATION
            CODE    1684H     0020H     INBLOCK      ?PR?_DELAY_MS?DELAY
            CODE    16A4H     0020H     INBLOCK      ?PR?RESET_AFTER_STOLEN_ALARMING?OPERATION
            CODE    16C4H     001FH     INBLOCK      ?PR?UART_SEND_DATA_MATCH_F?COMMUNICATION
            CODE    16E3H     001EH     INBLOCK      ?PR?ENSENSOR_AFTER_CLOSE?OPERATION
            CODE    1701H     001EH     INBLOCK      ?PR?_FLASH_READ_DATA?ISP_DATAFLASH
            CODE    171FH     001BH     INBLOCK      ?PR?INITVOICE?VOICE
            CODE    173AH     001AH     INBLOCK      ?PR?DELAY_1MS?DELAY
            CODE    1754H     001AH     INBLOCK      ?PR?DELAY_5MS?DELAY
            CODE    176EH     001AH     INBLOCK      ?PR?DELAY_10MS?DELAY
            CODE    1788H     001AH     INBLOCK      ?PR?DELAY_12MS?DELAY
            CODE    17A2H     001AH     INBLOCK      ?PR?DELAY_50MS?DELAY
            CODE    17BCH     001AH     INBLOCK      ?PR?DELAY_100MS?DELAY
            CODE    17D6H     001AH     INBLOCK      ?PR?DELAY_500MS?DELAY
            CODE    17F0H     0010H     INBLOCK      ?PR?RESET_AFTER_WIREBROKEN?OPERATION
            CODE    1800H     001AH     INBLOCK      ?PR?TRIGGER_ISP?ISP_DATAFLASH
            CODE    181AH     0019H     INBLOCK      ?PR?_DELAY_US?DELAY
            CODE    1833H     0018H     INBLOCK      ?PR?HOST_STOLEN_ACTION?OPERATION
            CODE    184BH     0018H     INBLOCK      ?PR?INIT_PWM?PWM
            CODE    1863H     0017H     INBLOCK      ?PR?_DELAY?DELAY
            CODE    187AH     0016H     INBLOCK      ?PR?FELL_ALARM_TO_SLAVE?OPERATION
            CODE    1890H     0016H     INBLOCK      ?PR?RAISE_ALARM_TO_SLAVE?OPERATION
            CODE    18A6H     0016H     INBLOCK      ?PR?BATSTOLEN_ALARM_TO_SLAVE?OPERATION
            CODE    18BCH     0013H     INBLOCK      ?PR?HOST_TOUCH_SPEECH?VOICE
            CODE    18CFH     0013H     INBLOCK      ?PR?STOLEN_ALARM_SPEECH2?VOICE
            CODE    18E2H     0013H     INBLOCK      ?PR?ENABLE_ISP?ISP_DATAFLASH
            CODE    18F5H     0011H     INBLOCK      ?PR?SELF_LEARN_SPEECH?VOICE
            CODE    1906H     0011H     INBLOCK      ?PR?IDCERTED_SPEECH?VOICE
            CODE    1917H     000FH     INBLOCK      ?PR?HSCH_MANUAL_TIMER0_RELOAD?TIMER
BL51 BANKED LINKER/LOCATER V6.22                                                      12/02/2015  14:21:40  PAGE 4


            CODE    1926H     000FH     INBLOCK      ?PR?MOTORBAT_LOW_SPEECH?VOICE
            CODE    1935H     000FH     INBLOCK      ?PR?BATTERY_HINT?VOICE
            CODE    1944H     000FH     INBLOCK      ?PR?ID_SPEECH?VOICE
            CODE    1953H     000FH     INBLOCK      ?PR?HOST_2NDTOUCH_SPEECH?VOICE
            CODE    1962H     000FH     INBLOCK      ?PR?STOLEN_ALARM_SPEECH1?VOICE
            CODE    1971H     000FH     INBLOCK      ?PR?OPEN_LOCK_SPEECH?VOICE
            CODE    1980H     000FH     INBLOCK      ?PR?CLOSE_LOCK_SPEECH?VOICE
            CODE    198FH     000FH     INBLOCK      ?PR?BATTERY_STOLEN_SPEECH?VOICE
            CODE    199EH     000FH     INBLOCK      ?PR?CUTTING_WIRE_VOICE?VOICE
            CODE    19ADH     000FH     INBLOCK      ?PR?PRODUCT_TEST_VOICE?VOICE
            CODE    19BCH     000FH     INBLOCK      ?PR?BATTERY_LOW_ALARM_SPEECH?VOICE
            CODE    19CBH     000FH     INBLOCK      ?PR?BATTERY_HIGH_ALARM_SPEECH?VOICE
            CODE    19DAH     000FH     INBLOCK      ?PR?ALARM_STOLEN_SPEECH?VOICE
            CODE    19E9H     000FH     INBLOCK      ?PR?ALARM_RAISED_SPEECH?VOICE
            CODE    19F8H     000FH     INBLOCK      ?PR?ALARM_FELL_SPEECH?VOICE
            CODE    1A07H     000FH     INBLOCK      ?PR?HOST_BATTERY_HIGH_ALARM_SPEECH?VOICE
            CODE    1A16H     000FH     INBLOCK      ?PR?BATTERY_STOLEN_SPEECH_F3?VOICE
            CODE    1A25H     000FH     INBLOCK      ?PR?WIRE_BROKEN_SPEECH?VOICE
            CODE    1A34H     000FH     INBLOCK      ?PR?LOCK_ROTATED_ON_SPEECH?VOICE
            CODE    1A43H     000FH     INBLOCK      ?PR?LOCK_ROTATED_OFF_SPEECH?VOICE
            CODE    1A52H     000EH     INBLOCK      ?PR?_MAGNET_ACW?OTHER
            CODE    1A60H     000EH     INBLOCK      ?PR?_MAGNET_ACW_TAILI?OTHER
            CODE    1A6EH     000DH     INBLOCK      ?PR?CHECK_MOTOR_ACCUMULATOR?BATTERY
            CODE    1A7BH     000CH     INBLOCK      ?PR?OPEN_TRANCEIVER?COMMUNICATION
            CODE    1A87H     000CH     INBLOCK      ?PR?OPEN_TRANCEIVER_F?COMMUNICATION
            CODE    1A93H     000CH     INBLOCK      ?PR?ENABLE_SENSOR?OTHER
            CODE    1A9FH     000BH     INBLOCK      ?PR?CLOSE_TRANCEIVER?COMMUNICATION
            CODE    1AAAH     000BH     INBLOCK      ?PR?CLOSE_TRANCEIVER_F?COMMUNICATION
            CODE    1AB5H     000BH     INBLOCK      ?PR?INITSENSOR?OPERATION
            CODE    1AC0H     0009H     INBLOCK      ?PR?ENTER_NOGUARD_VOICE?VOICE
            CODE    1AC9H     0008H     INBLOCK      ?PR?MYPWM?PWM
            CODE    1AD1H     0008H     INBLOCK      ?PR?_SENDDATA?UART
            CODE    1AD9H     0007H     INBLOCK      ?PR?INITTRANSCEIVER?COMMUNICATION
            CODE    1AE0H     0006H     INBLOCK      ?PR?DISABLE_SENSOR_AFTER_IDCERT?OPERATION
            CODE    1AE6H     0004H     INBLOCK      ?PR?SEOS_GO_TO_SLEEP?TIMER
            CODE    1AEAH     0004H     INBLOCK      ?PR?HSCH_GO_TO_SLEEP?SCHEDULAR
            CODE    1AEEH     0003H     INBLOCK      ?PR?HSCH_START?TIMER
                    1AF1H     050AH                  *** GAP ***
            CODE    1FFBH     0001H     ABSOLUTE     
            CODE    1FFCH     0001H     ABSOLUTE     
            CODE    1FFDH     0001H     ABSOLUTE     
            CODE    1FFEH     0001H     ABSOLUTE     
            CODE    1FFFH     0001H     ABSOLUTE     
* OVERLAP * CODE    1FFFH     0001H     ABSOLUTE     



OVERLAY MAP OF MODULE:   DDC-F (AD)


SEGMENT                                             BIT_GROUP          PDATA_GROUP
  +--> CALLED SEGMENT                            START    LENGTH     START    LENGTH
------------------------------------------------------------------------------------
?PR?TIMER0?MAIN                                  -----    -----      0096H    0001H
  +--> ?PR?ALARM_STOLEN_SPEECH?VOICE
  +--> ?PR?MOTO_VIBRATION?OTHER
  +--> ?PR?ALARM_RAISED_SPEECH?VOICE
BL51 BANKED LINKER/LOCATER V6.22                                                      12/02/2015  14:21:40  PAGE 5


  +--> ?PR?ALARM_FELL_SPEECH?VOICE
  +--> ?PR?WIRE_BROKEN_SPEECH?VOICE
  +--> ?PR?BATTERY_STOLEN_SPEECH_F3?VOICE
  +--> ?PR?CHECK_MOTOR_ACCUMULATOR?BATTERY
  +--> ?PR?BATTERY_LOW_ALARM_SPEECH?VOICE
  +--> ?PR?_UART_SEND_DATA_F?COMMUNICATION
  +--> ?PR?OPEN_TRANCEIVER_F?COMMUNICATION
  +--> ?PR?INITSIGNAL_F?COMMUNICATION
  +--> ?PR?_UART_SEND_DATA_F3?COMMUNICATION
  +--> ?PR?CLOSE_TRANCEIVER_F?COMMUNICATION
  +--> ?PR?_DELAY?DELAY
  +--> ?PR?UART_SEND_DATA_MATCH_F?COMMUNICATION

?PR?ALARM_STOLEN_SPEECH?VOICE                    -----    -----      -----    -----
  +--> ?PR?_SC_SPEECH?VOICE
  +--> ?PR?_DELAY?DELAY

?PR?_SC_SPEECH?VOICE                             -----    -----      0097H    0002H
  +--> ?PR?DELAY_50MS?DELAY
  +--> ?PR?_DELAY_US?DELAY

?PR?MOTO_VIBRATION?OTHER                         -----    -----      -----    -----
  +--> ?PR?DELAY_500MS?DELAY

?PR?ALARM_RAISED_SPEECH?VOICE                    -----    -----      -----    -----
  +--> ?PR?_SC_SPEECH?VOICE
  +--> ?PR?_DELAY?DELAY

?PR?ALARM_FELL_SPEECH?VOICE                      -----    -----      -----    -----
  +--> ?PR?_SC_SPEECH?VOICE
  +--> ?PR?_DELAY?DELAY

?PR?WIRE_BROKEN_SPEECH?VOICE                     -----    -----      -----    -----
  +--> ?PR?_SC_SPEECH?VOICE
  +--> ?PR?_DELAY?DELAY

?PR?BATTERY_STOLEN_SPEECH_F3?VOICE               -----    -----      -----    -----
  +--> ?PR?_SC_SPEECH?VOICE
  +--> ?PR?_DELAY?DELAY

?PR?CHECK_MOTOR_ACCUMULATOR?BATTERY              -----    -----      -----    -----
  +--> ?PR?_GETADCRESULT?AD

?PR?BATTERY_LOW_ALARM_SPEECH?VOICE               -----    -----      -----    -----
  +--> ?PR?_SC_SPEECH?VOICE
  +--> ?PR?_DELAY?DELAY

?PR?_UART_SEND_DATA_F?COMMUNICATION              -----    -----      0097H    0002H
  +--> ?PR?OPEN_TRANCEIVER_F?COMMUNICATION
  +--> ?PR?INITSIGNAL_F?COMMUNICATION
  +--> ?PR?_SENDNBYTE?UART
  +--> ?PR?CLOSE_TRANCEIVER_F?COMMUNICATION

?PR?OPEN_TRANCEIVER_F?COMMUNICATION              -----    -----      -----    -----
  +--> ?PR?_INITUART?UART

?PR?_INITUART?UART                               -----    -----      -----    -----
BL51 BANKED LINKER/LOCATER V6.22                                                      12/02/2015  14:21:40  PAGE 6


  +--> ?PR?_INITT0?TIMER

?PR?_INITT0?TIMER                                -----    -----      00A0H    0002H
  +--> ?PR?_HSCH_DELETE_TASK?SCHEDULAR
  +--> ?PR?HSCH_MANUAL_TIMER0_RELOAD?TIMER

?PR?_HSCH_DELETE_TASK?SCHEDULAR                  0025H.6  0000H.1    -----    -----

?PR?INITSIGNAL_F?COMMUNICATION                   -----    -----      0099H    0003H
  +--> ?PR?_CUSTOM_DELAY?DELAY

?PR?_CUSTOM_DELAY?DELAY                          -----    -----      009CH    0004H

?PR?_SENDNBYTE?UART                              -----    -----      0099H    0003H
  +--> ?PR?_SENDDATA?UART

?PR?CLOSE_TRANCEIVER_F?COMMUNICATION             -----    -----      -----    -----
  +--> ?PR?_INITUART?UART

?PR?_UART_SEND_DATA_F3?COMMUNICATION             -----    -----      0097H    0001H
  +--> ?PR?DELAY_1MS?DELAY
  +--> ?PR?_SENDNBYTE?UART

?PR?UART_SEND_DATA_MATCH_F?COMMUNICATION         -----    -----      -----    -----
  +--> ?PR?_INITUART?UART
  +--> ?PR?INITSIGNAL?COMMUNICATION
  +--> ?PR?_SENDNBYTE?UART
  +--> ?PR?DELAY_50MS?DELAY

?PR?INITSIGNAL?COMMUNICATION                     -----    -----      0097H    0003H
  +--> ?PR?_CUSTOM_DELAY?DELAY

*** NEW ROOT ***************************************************

?C_C51STARTUP                                    -----    -----      -----    -----
  +--> ?PR?MAIN?MAIN
  +--> ?C_INITSEG

?PR?MAIN?MAIN                                    -----    -----      -----    -----
  +--> ?PR?INITVOICE?VOICE
  +--> ?PR?_INITUART?UART
  +--> ?PR?SEOS_GO_TO_SLEEP?TIMER

?PR?INITVOICE?VOICE                              -----    -----      -----    -----
  +--> ?PR?_DELAY_US?DELAY



UNRESOLVED EXTERNAL SYMBOLS:
   AFTER_IDCERT_TIMECOUNT
   AUTOLOCK_G
   CHECK_MOTOBATTERY_COUNT
   CHECK_MOTOBATTERY_FLAG
   ELECMOTOR_ACW
   ELECMOTOR_CW
   EN_HOST_STOLEN_ALARMING
   FLASHING_FLAG
BL51 BANKED LINKER/LOCATER V6.22                                                      12/02/2015  14:21:40  PAGE 7


   HOST_STOLEN_ALARMING
   IDKEY_FLASH_EN
   IDKEY_SELFLEARN_FLAG1
   IDKEY_SELFLEARN_FLAG2
   IDKEY_SELFLEARN_FLAG3
   IDKEY_SELFLEARN_FLAG4
   IDKEY_SELFLEARN_FLAG5
   IDKEY_SELFLEARN_HVCOUNT
   IDKEY_SELFLEARN_LVCOUNT
   IDKEY_SPEECH_FLASH
   ID_CERTIFICATED_FLAG
   ID_CERTIFICATED_NUMBERS
   ID_SELFLEARNING_TIMECOUNT
   ID_SPEECHED_FLAG
   JUST_POWER_UP
   LOAD_BATTERY_RESULT
   NEVER_ALARM
   NEVER_ALARM_SPEECH
   OPEN_ACTION_FLAG
   SILENCE_FLAG
   SLAVE_NEARBY_ACTIONED_FLAG
   SLAVE_NEARBY_COUNT
   STOLEN_ALARM_RESET_COUNT
   TIMER0_COUNT2
   WIRE_BROKEN_RESET



SYMBOL TABLE OF MODULE:  DDC-F (AD)

  VALUE           TYPE          NAME
  ----------------------------------

  -------         MODULE        AD
  C:0000H         SYMBOL        _ICE_DUMMY_
  D:0080H         PUBLIC        P0
  D:0090H         PUBLIC        P1
  D:00A0H         PUBLIC        P2
  D:00B0H         PUBLIC        P3
  D:00A8H         PUBLIC        IE
  D:00E2H         PUBLIC        ADCH
  B:00F8H.4       PUBLIC        ADCI
  D:00B8H         PUBLIC        IP
  B:00F8H.3       PUBLIC        ADCS
  D:00F6H         PUBLIC        P0DIDS
  D:00D8H         PUBLIC        WDCON0
  D:0098H         PUBLIC        SCON
  D:0088H         PUBLIC        TCON
  B:00F8H.0       PUBLIC        AADR0
  B:00F8H.1       PUBLIC        AADR1
  B:00F8H.2       PUBLIC        AADR2
  D:00E8H         PUBLIC        EIE
  D:00F8H         PUBLIC        ADCCON0
  D:00E1H         PUBLIC        ADCCON1
  D:00C0H         PUBLIC        I2CON
  D:00C8H         PUBLIC        T2CON
  C:09E5H         PUBLIC        _GetADCResult
BL51 BANKED LINKER/LOCATER V6.22                                                      12/02/2015  14:21:40  PAGE 8


  D:00D0H         PUBLIC        PSW
  -------         PROC          _GETADCRESULT
  D:0007H         SYMBOL        ch
  -------         DO            
  D:0005H         SYMBOL        DataL
  D:0002H         SYMBOL        DataH
  -------         ENDDO         
  C:09E5H         LINE#         17
  C:09E5H         LINE#         18
  C:09E5H         LINE#         19
  C:09E6H         LINE#         20
  C:09E7H         LINE#         22
  C:09ECH         LINE#         23
  C:09ECH         LINE#         25
  C:09EFH         LINE#         27
  C:09F1H         LINE#         28
  C:09F3H         LINE#         29
  C:09F5H         LINE#         31
  C:09F8H         LINE#         33
  C:09FAH         LINE#         34
  C:09FCH         LINE#         36
  C:09FEH         LINE#         37
  C:0A05H         LINE#         39
  C:0A09H         LINE#         40
  C:0A1BH         LINE#         42
  C:0A1FH         LINE#         43
  C:0A1FH         LINE#         45
  C:0A24H         LINE#         46
  C:0A24H         LINE#         48
  C:0A27H         LINE#         51
  C:0A29H         LINE#         52
  C:0A2BH         LINE#         53
  C:0A2DH         LINE#         55
  C:0A30H         LINE#         57
  C:0A32H         LINE#         58
  C:0A34H         LINE#         60
  C:0A36H         LINE#         61
  C:0A3DH         LINE#         63
  C:0A43H         LINE#         64
  C:0A55H         LINE#         66
  C:0A59H         LINE#         67
  C:0A59H         LINE#         69
  C:0A5CH         LINE#         70
  -------         ENDPROC       _GETADCRESULT
  -------         ENDMOD        AD

  -------         MODULE        BATTERY
  C:0000H         SYMBOL        _ICE_DUMMY_
  C:1A6EH         PUBLIC        Check_motor_accumulator
  D:0080H         PUBLIC        P0
  D:0090H         PUBLIC        P1
  D:00A0H         PUBLIC        P2
  D:00B0H         PUBLIC        P3
  X:0002H         PUBLIC        Check2_stage
  B:0090H.4       PUBLIC        voice_EN
  D:00A8H         PUBLIC        IE
  D:00B8H         PUBLIC        IP
BL51 BANKED LINKER/LOCATER V6.22                                                      12/02/2015  14:21:40  PAGE 9


  C:026DH         PUBLIC        _verifybattery
  D:00D8H         PUBLIC        WDCON0
  D:0098H         PUBLIC        SCON
  D:0088H         PUBLIC        TCON
  D:00E8H         PUBLIC        EIE
  D:00F8H         PUBLIC        ADCCON0
  X:0003H         PUBLIC        Battery_level
  D:00C0H         PUBLIC        I2CON
  D:00C8H         PUBLIC        T2CON
  D:00D0H         PUBLIC        PSW
  -------         PROC          CHECK_MOTOR_ACCUMULATOR
  C:1A6EH         LINE#         23
  C:1A6EH         LINE#         24
  C:1A6EH         LINE#         26
  C:1A7AH         LINE#         27
  -------         ENDPROC       CHECK_MOTOR_ACCUMULATOR
  -------         PROC          _VERIFYBATTERY
  X:0000H         SYMBOL        Check2
  C:026DH         LINE#         34
  C:0274H         LINE#         35
  C:0274H         LINE#         156
  C:027CH         LINE#         157
  C:0283H         LINE#         158
  C:028FH         LINE#         159
  C:0294H         LINE#         161
  C:02A3H         LINE#         162
  C:02A3H         LINE#         163
  C:02A3H         LINE#         164
  C:02A3H         LINE#         166
  C:02AFH         LINE#         167
  C:02AFH         LINE#         168
  C:02AFH         LINE#         169
  C:02AFH         LINE#         170
  C:02AFH         LINE#         171
  C:02AFH         LINE#         172
  C:02B1H         LINE#         174
  C:02C9H         LINE#         175
  C:02C9H         LINE#         176
  C:02C9H         LINE#         177
  C:02C9H         LINE#         178
  C:02C9H         LINE#         179
  C:02C9H         LINE#         180
  C:02CBH         LINE#         182
  C:02E3H         LINE#         183
  C:02E3H         LINE#         184
  C:02E3H         LINE#         185
  C:02E3H         LINE#         186
  C:02E3H         LINE#         187
  C:02E3H         LINE#         188
  C:02E5H         LINE#         190
  C:02FDH         LINE#         191
  C:02FDH         LINE#         192
  C:02FDH         LINE#         193
  C:02FDH         LINE#         194
  C:02FDH         LINE#         195
  C:02FDH         LINE#         196
  C:02FFH         LINE#         198
BL51 BANKED LINKER/LOCATER V6.22                                                      12/02/2015  14:21:40  PAGE 10


  C:0317H         LINE#         199
  C:0317H         LINE#         200
  C:0317H         LINE#         201
  C:0317H         LINE#         202
  C:0317H         LINE#         203
  C:0317H         LINE#         204
  C:0319H         LINE#         206
  C:0327H         LINE#         207
  C:0327H         LINE#         208
  C:0327H         LINE#         209
  C:0327H         LINE#         210
  C:0327H         LINE#         211
  C:0329H         LINE#         213
  C:0329H         LINE#         214
  C:0329H         LINE#         216
  C:0335H         LINE#         217
  C:0335H         LINE#         218
  C:0337H         LINE#         219
  C:033CH         LINE#         220
  C:033EH         LINE#         221
  C:033EH         LINE#         222
  C:0340H         LINE#         224
  C:0358H         LINE#         225
  C:0358H         LINE#         226
  C:035AH         LINE#         227
  C:035FH         LINE#         228
  C:0361H         LINE#         229
  C:0361H         LINE#         230
  C:0363H         LINE#         232
  C:037BH         LINE#         233
  C:037BH         LINE#         234
  C:037DH         LINE#         235
  C:0382H         LINE#         236
  C:0384H         LINE#         237
  C:0384H         LINE#         238
  C:0386H         LINE#         240
  C:039EH         LINE#         241
  C:039EH         LINE#         242
  C:03A0H         LINE#         243
  C:03A5H         LINE#         244
  C:03A7H         LINE#         245
  C:03A7H         LINE#         246
  C:03A9H         LINE#         248
  C:03C1H         LINE#         249
  C:03C1H         LINE#         250
  C:03C3H         LINE#         251
  C:03C8H         LINE#         252
  C:03CAH         LINE#         253
  C:03CAH         LINE#         254
  C:03CCH         LINE#         256
  C:03E4H         LINE#         257
  C:03E4H         LINE#         258
  C:03E6H         LINE#         259
  C:03EBH         LINE#         260
  C:03F0H         LINE#         261
  C:03F2H         LINE#         262
  C:03F3H         LINE#         264
BL51 BANKED LINKER/LOCATER V6.22                                                      12/02/2015  14:21:40  PAGE 11


  C:03FFH         LINE#         265
  C:03FFH         LINE#         266
  C:0402H         LINE#         267
  C:0402H         LINE#         268
  C:0402H         LINE#         269
  C:0402H         LINE#         271
  -------         ENDPROC       _VERIFYBATTERY
  -------         ENDMOD        BATTERY

  -------         MODULE        COMMUNICATION
  C:0000H         SYMBOL        _ICE_DUMMY_
  C:0C9DH         PUBLIC        receive_byte
  D:0080H         PUBLIC        P0
  D:0090H         PUBLIC        P1
  B:00B0H.0       PUBLIC        receive_wire
  D:00A0H         PUBLIC        P2
  D:00B0H         PUBLIC        P3
  C:13FDH         PUBLIC        _ComMode_Data
  C:0EF0H         PUBLIC        _UART_Send_Data
  C:11B8H         PUBLIC        receive_word
  D:00A8H         PUBLIC        IE
  C:1396H         PUBLIC        _ComMode_Data_WX
  C:104CH         PUBLIC        _UART_Send_Data_Broadtest
  D:00B8H         PUBLIC        IP
  C:16C4H         PUBLIC        UART_Send_Data_match_F
  C:1AD9H         PUBLIC        InitTransceiver
  B:0080H.1       PUBLIC        lock_code
  C:112AH         PUBLIC        _UART_Send_Data_F
  D:00D8H         PUBLIC        WDCON0
  B:0090H.0       PUBLIC        P10
  B:0090H.1       PUBLIC        P11
  C:1A9FH         PUBLIC        close_tranceiver
  D:0098H         PUBLIC        SCON
  D:0088H         PUBLIC        TCON
  C:0AFEH         PUBLIC        initsignal
  B:00A0H.7       PUBLIC        transmiter_EN
  B:0090H.3       PUBLIC        receiver_EN
  C:1A7BH         PUBLIC        open_tranceiver
  C:0BB9H         PUBLIC        _send_code_to_lock_Taili
  D:00E8H         PUBLIC        EIE
  B:00A0H.3       PUBLIC        MagentControl_2
  C:1AAAH         PUBLIC        close_tranceiver_F
  D:00F8H         PUBLIC        ADCCON0
  D:00C0H         PUBLIC        I2CON
  C:0F9CH         PUBLIC        _UART_Send_Data_F2
  C:10E2H         PUBLIC        initsignal_F
  C:1279H         PUBLIC        _UART_Send_Data_F3
  D:00C8H         PUBLIC        T2CON
  C:0DD3H         PUBLIC        _Send_Data
  C:0D07H         PUBLIC        receive_byte_Lock
  B:0090H.0       PUBLIC        TXD
  C:1A87H         PUBLIC        open_tranceiver_F
  C:0FE9H         PUBLIC        UART_Send_Data_match
  C:0B46H         PUBLIC        _send_code_to_lock
  D:00D0H         PUBLIC        PSW
  X:001AH         PUBLIC        myTxRxData
  -------         PROC          INITTRANSCEIVER
BL51 BANKED LINKER/LOCATER V6.22                                                      12/02/2015  14:21:40  PAGE 12


  C:1AD9H         LINE#         38
  C:1AD9H         LINE#         39
  C:1AD9H         LINE#         40
  C:1ADBH         LINE#         41
  C:1ADDH         LINE#         42
  C:1ADFH         LINE#         44
  -------         ENDPROC       INITTRANSCEIVER
  -------         PROC          L?0102
  -------         ENDPROC       L?0102
  -------         PROC          INITSIGNAL
  -------         DO            
  X:0097H         SYMBOL        k
  X:0098H         SYMBOL        k1
  X:0099H         SYMBOL        mystartbuffer
  -------         ENDDO         
  C:0AFEH         LINE#         53
  C:0AFEH         LINE#         54
  C:0AFEH         LINE#         56
  C:0B03H         LINE#         57
  C:0B06H         LINE#         58
  C:0B06H         LINE#         59
  C:0B0AH         LINE#         60
  C:0B0AH         LINE#         61
  C:0B0DH         LINE#         62
  C:0B0DH         LINE#         63
  C:0B0DH         LINE#         64
  C:0B0DH         LINE#         66
  C:0B0DH         LINE#         68
  C:0B0DH         LINE#         69
  C:0B0FH         LINE#         70
  C:0B18H         LINE#         72
  C:0B18H         LINE#         73
  C:0B1AH         LINE#         74
  C:0B20H         LINE#         75
  C:0B29H         LINE#         77
  C:0B34H         LINE#         78
  C:0B39H         LINE#         81
  C:0B43H         LINE#         82
  C:0B45H         LINE#         83
  -------         ENDPROC       INITSIGNAL
  -------         PROC          INITSIGNAL_F
  -------         DO            
  X:0099H         SYMBOL        k
  X:009AH         SYMBOL        k1
  X:009BH         SYMBOL        mystartbuffer
  -------         ENDDO         
  C:10E2H         LINE#         85
  C:10E2H         LINE#         86
  C:10E2H         LINE#         88
  C:10E7H         LINE#         89
  C:10EAH         LINE#         90
  C:10EAH         LINE#         95
  C:10EEH         LINE#         97
  C:10EEH         LINE#         98
  C:10F1H         LINE#         99
  C:10F1H         LINE#         100
  C:10F1H         LINE#         101
BL51 BANKED LINKER/LOCATER V6.22                                                      12/02/2015  14:21:40  PAGE 13


  C:10F1H         LINE#         103
  C:10F1H         LINE#         105
  C:10F1H         LINE#         106
  C:10F3H         LINE#         107
  C:10FCH         LINE#         109
  C:10FCH         LINE#         110
  C:10FEH         LINE#         111
  C:1104H         LINE#         112
  C:110DH         LINE#         114
  C:1118H         LINE#         115
  C:111DH         LINE#         118
  C:1127H         LINE#         119
  C:1129H         LINE#         120
  -------         ENDPROC       INITSIGNAL_F
  -------         PROC          _SEND_DATA
  X:0004H         SYMBOL        x
  -------         DO            
  X:0005H         SYMBOL        i
  X:0006H         SYMBOL        n
  -------         ENDDO         
  C:0DD3H         LINE#         126
  C:0DD7H         LINE#         127
  C:0DD7H         LINE#         129
  C:0DDAH         LINE#         130
  C:0DDAH         LINE#         131
  C:0DDEH         LINE#         132
  C:0DDEH         LINE#         133
  C:0DE8H         LINE#         134
  C:0DE8H         LINE#         135
  C:0DEAH         LINE#         136
  C:0DF2H         LINE#         137
  C:0DF4H         LINE#         139
  C:0DF4H         LINE#         140
  C:0DF6H         LINE#         141
  C:0E01H         LINE#         142
  C:0E01H         LINE#         143
  C:0E03H         LINE#         144
  C:0E11H         LINE#         145
  C:0E1CH         LINE#         146
  C:0E27H         LINE#         147
  C:0E32H         LINE#         148
  -------         ENDPROC       _SEND_DATA
  -------         PROC          _COMMODE_DATA
  X:0007H         SYMBOL        ComMode
  X:0008H         SYMBOL        x
  C:13FDH         LINE#         156
  C:1407H         LINE#         157
  C:1407H         LINE#         158
  C:1409H         LINE#         159
  C:140EH         LINE#         160
  C:1410H         LINE#         161
  C:1415H         LINE#         162
  C:1419H         LINE#         163
  C:141FH         LINE#         165
  C:1422H         LINE#         166
  C:142AH         LINE#         168
  C:142CH         LINE#         169
BL51 BANKED LINKER/LOCATER V6.22                                                      12/02/2015  14:21:40  PAGE 14


  C:142EH         LINE#         170
  -------         ENDPROC       _COMMODE_DATA
  -------         PROC          _COMMODE_DATA_WX
  X:000AH         SYMBOL        ComMode
  X:000BH         SYMBOL        x
  C:1396H         LINE#         178
  C:13A0H         LINE#         179
  C:13A0H         LINE#         180
  C:13A2H         LINE#         181
  C:13A7H         LINE#         182
  C:13A9H         LINE#         183
  C:13AEH         LINE#         184
  C:13B2H         LINE#         185
  C:13B8H         LINE#         187
  C:13BBH         LINE#         188
  C:13C3H         LINE#         190
  C:13C5H         LINE#         191
  C:13C7H         LINE#         192
  C:13C9H         LINE#         193
  -------         ENDPROC       _COMMODE_DATA_WX
  -------         PROC          _UART_SEND_DATA
  X:000DH         SYMBOL        command
  -------         DO            
  X:000EH         SYMBOL        ii
  -------         ENDDO         
  C:0EF0H         LINE#         198
  C:0EF4H         LINE#         199
  C:0EF4H         LINE#         200
  C:0EF7H         LINE#         201
  C:0EFAH         LINE#         202
  C:0F02H         LINE#         203
  C:0F09H         LINE#         204
  C:0F10H         LINE#         205
  C:0F17H         LINE#         206
  C:0F1EH         LINE#         207
  C:0F24H         LINE#         209
  C:0F27H         LINE#         211
  C:0F2BH         LINE#         212
  C:0F2BH         LINE#         213
  C:0F36H         LINE#         214
  C:0F39H         LINE#         215
  C:0F44H         LINE#         217
  C:0F47H         LINE#         218
  -------         ENDPROC       _UART_SEND_DATA
  -------         PROC          _UART_SEND_DATA_F
  X:0097H         SYMBOL        command
  -------         DO            
  X:0098H         SYMBOL        ii
  -------         ENDDO         
  C:112AH         LINE#         224
  C:112EH         LINE#         225
  C:112EH         LINE#         226
  C:1131H         LINE#         227
  C:1134H         LINE#         229
  C:113CH         LINE#         230
  C:1143H         LINE#         231
  C:114AH         LINE#         232
BL51 BANKED LINKER/LOCATER V6.22                                                      12/02/2015  14:21:40  PAGE 15


  C:1151H         LINE#         233
  C:1158H         LINE#         234
  C:115EH         LINE#         236
  C:1161H         LINE#         238
  C:116CH         LINE#         240
  C:116EH         LINE#         241
  -------         ENDPROC       _UART_SEND_DATA_F
  -------         PROC          _UART_SEND_DATA_F2
  X:000FH         SYMBOL        command
  -------         DO            
  X:0010H         SYMBOL        ii
  -------         ENDDO         
  C:0F9CH         LINE#         248
  C:0FA0H         LINE#         249
  C:0FA0H         LINE#         250
  C:0FA3H         LINE#         251
  C:0FA6H         LINE#         252
  C:0FAEH         LINE#         253
  C:0FB5H         LINE#         254
  C:0FBCH         LINE#         255
  C:0FC3H         LINE#         256
  C:0FCAH         LINE#         257
  C:0FD0H         LINE#         259
  C:0FD3H         LINE#         260
  C:0FD6H         LINE#         261
  C:0FD9H         LINE#         262
  C:0FE4H         LINE#         264
  C:0FE6H         LINE#         266
  -------         ENDPROC       _UART_SEND_DATA_F2
  -------         PROC          _UART_SEND_DATA_F3
  D:0007H         SYMBOL        command
  -------         DO            
  X:0097H         SYMBOL        ii
  -------         ENDDO         
  C:1279H         LINE#         272
  C:1279H         LINE#         273
  C:1279H         LINE#         274
  C:127DH         LINE#         275
  C:1284H         LINE#         276
  C:128BH         LINE#         277
  C:1292H         LINE#         278
  C:1299H         LINE#         279
  C:12A0H         LINE#         280
  C:12A3H         LINE#         282
  C:12A6H         LINE#         283
  C:12A9H         LINE#         284
  C:12ACH         LINE#         285
  -------         ENDPROC       _UART_SEND_DATA_F3
  -------         PROC          OPEN_TRANCEIVER
  C:1A7BH         LINE#         292
  C:1A7BH         LINE#         293
  C:1A7BH         LINE#         295
  C:1A82H         LINE#         298
  C:1A84H         LINE#         299
  C:1A86H         LINE#         300
  -------         ENDPROC       OPEN_TRANCEIVER
  -------         PROC          OPEN_TRANCEIVER_F
BL51 BANKED LINKER/LOCATER V6.22                                                      12/02/2015  14:21:40  PAGE 16


  C:1A87H         LINE#         306
  C:1A87H         LINE#         307
  C:1A87H         LINE#         308
  C:1A8EH         LINE#         310
  C:1A90H         LINE#         311
  C:1A92H         LINE#         312
  -------         ENDPROC       OPEN_TRANCEIVER_F
  -------         PROC          CLOSE_TRANCEIVER
  C:1A9FH         LINE#         318
  C:1A9FH         LINE#         319
  C:1A9FH         LINE#         321
  C:1AA1H         LINE#         324
  C:1AA3H         LINE#         327
  -------         ENDPROC       CLOSE_TRANCEIVER
  -------         PROC          CLOSE_TRANCEIVER_F
  C:1AAAH         LINE#         334
  C:1AAAH         LINE#         335
  C:1AAAH         LINE#         337
  C:1AACH         LINE#         340
  C:1AAEH         LINE#         342
  -------         ENDPROC       CLOSE_TRANCEIVER_F
  -------         PROC          UART_SEND_DATA_MATCH
  C:0FE9H         LINE#         349
  C:0FE9H         LINE#         350
  C:0FE9H         LINE#         351
  C:0FECH         LINE#         353
  C:0FECH         LINE#         354
  C:0FECH         LINE#         355
  C:0FECH         LINE#         356
  C:0FECH         LINE#         357
  C:0FECH         LINE#         358
  C:0FECH         LINE#         359
  C:0FECH         LINE#         361
  C:0FEFH         LINE#         363
  C:0FFAH         LINE#         364
  C:0FFDH         LINE#         366
  -------         ENDPROC       UART_SEND_DATA_MATCH
  -------         PROC          UART_SEND_DATA_MATCH_F
  C:16C4H         LINE#         373
  C:16C4H         LINE#         374
  C:16C4H         LINE#         375
  C:16C6H         LINE#         376
  C:16C8H         LINE#         377
  C:16CFH         LINE#         379
  C:16CFH         LINE#         380
  C:16CFH         LINE#         381
  C:16CFH         LINE#         382
  C:16CFH         LINE#         383
  C:16CFH         LINE#         384
  C:16CFH         LINE#         385
  C:16CFH         LINE#         387
  C:16D2H         LINE#         389
  C:16DDH         LINE#         390
  C:16E0H         LINE#         392
  C:16E2H         LINE#         393
  -------         ENDPROC       UART_SEND_DATA_MATCH_F
  -------         PROC          RECEIVE_BYTE
BL51 BANKED LINKER/LOCATER V6.22                                                      12/02/2015  14:21:40  PAGE 17


  C:0C9DH         LINE#         399
  C:0C9DH         LINE#         400
  C:0C9DH         LINE#         402
  C:0CA0H         LINE#         403
  C:0CA0H         LINE#         405
  C:0CAAH         LINE#         406
  C:0CAAH         LINE#         407
  C:0CACH         LINE#         408
  C:0CACH         LINE#         409
  C:0CAEH         LINE#         410
  C:0CAFH         LINE#         413
  C:0CAFH         LINE#         415
  C:0CB2H         LINE#         416
  C:0CB2H         LINE#         418
  C:0CB4H         LINE#         421
  C:0CC3H         LINE#         422
  C:0CC3H         LINE#         424
  C:0CC9H         LINE#         425
  C:0CCBH         LINE#         426
  C:0CCBH         LINE#         427
  C:0CCBH         LINE#         428
  C:0CCDH         LINE#         430
  C:0CD5H         LINE#         431
  C:0CD5H         LINE#         433
  C:0CDBH         LINE#         434
  C:0CDEH         LINE#         435
  C:0CE3H         LINE#         436
  C:0CE7H         LINE#         437
  C:0CE9H         LINE#         439
  C:0CE9H         LINE#         441
  C:0CEEH         LINE#         442
  C:0CEEH         LINE#         444
  C:0CF2H         LINE#         445
  C:0CF3H         LINE#         447
  C:0CF3H         LINE#         449
  C:0CFDH         LINE#         450
  C:0CFDH         LINE#         451
  C:0D01H         LINE#         452
  C:0D03H         LINE#         453
  C:0D06H         LINE#         454
  C:0D06H         LINE#         455
  C:0D06H         LINE#         456
  C:0D06H         LINE#         457
  -------         ENDPROC       RECEIVE_BYTE
  -------         PROC          RECEIVE_BYTE_LOCK
  C:0D07H         LINE#         463
  C:0D07H         LINE#         464
  C:0D07H         LINE#         466
  C:0D0AH         LINE#         467
  C:0D0AH         LINE#         469
  C:0D14H         LINE#         470
  C:0D14H         LINE#         471
  C:0D16H         LINE#         472
  C:0D16H         LINE#         473
  C:0D18H         LINE#         474
  C:0D19H         LINE#         477
  C:0D19H         LINE#         479
BL51 BANKED LINKER/LOCATER V6.22                                                      12/02/2015  14:21:40  PAGE 18


  C:0D1CH         LINE#         480
  C:0D1CH         LINE#         482
  C:0D1EH         LINE#         485
  C:0D2DH         LINE#         486
  C:0D2DH         LINE#         488
  C:0D33H         LINE#         489
  C:0D35H         LINE#         490
  C:0D35H         LINE#         491
  C:0D35H         LINE#         492
  C:0D37H         LINE#         494
  C:0D3FH         LINE#         495
  C:0D3FH         LINE#         497
  C:0D45H         LINE#         498
  C:0D48H         LINE#         499
  C:0D4DH         LINE#         500
  C:0D51H         LINE#         501
  C:0D53H         LINE#         503
  C:0D53H         LINE#         505
  C:0D58H         LINE#         506
  C:0D58H         LINE#         508
  C:0D5CH         LINE#         509
  C:0D5DH         LINE#         511
  C:0D5DH         LINE#         513
  C:0D67H         LINE#         514
  C:0D67H         LINE#         515
  C:0D6BH         LINE#         516
  C:0D6DH         LINE#         517
  C:0D70H         LINE#         518
  C:0D70H         LINE#         519
  C:0D70H         LINE#         520
  C:0D70H         LINE#         521
  -------         ENDPROC       RECEIVE_BYTE_LOCK
  -------         PROC          RECEIVE_WORD
  C:11B8H         LINE#         527
  C:11B8H         LINE#         528
  C:11B8H         LINE#         530
  C:11BFH         LINE#         531
  C:11BFH         LINE#         532
  C:11C0H         LINE#         534
  C:11CDH         LINE#         537
  C:11D6H         LINE#         538
  C:11D6H         LINE#         539
  C:11DBH         LINE#         540
  C:11DCH         LINE#         542
  C:11E6H         LINE#         543
  C:11E6H         LINE#         544
  C:11EBH         LINE#         545
  C:11ECH         LINE#         546
  C:11F0H         LINE#         547
  C:11F0H         LINE#         548
  C:11F2H         LINE#         549
  C:11F2H         LINE#         550
  C:11F4H         LINE#         552
  C:11F4H         LINE#         553
  C:11F8H         LINE#         554
  C:11F8H         LINE#         555
  C:11F8H         LINE#         556
BL51 BANKED LINKER/LOCATER V6.22                                                      12/02/2015  14:21:40  PAGE 19


  -------         ENDPROC       RECEIVE_WORD
  -------         PROC          _SEND_CODE_TO_LOCK
  D:0007H         SYMBOL        x
  X:0011H         SYMBOL        y
  -------         DO            
  X:0013H         SYMBOL        i
  X:0014H         SYMBOL        n
  -------         ENDDO         
  C:0B46H         LINE#         563
  C:0B4DH         LINE#         564
  C:0B4DH         LINE#         566
  C:0B52H         LINE#         567
  C:0B56H         LINE#         568
  C:0B59H         LINE#         574
  C:0B5DH         LINE#         575
  C:0B5DH         LINE#         576
  C:0B61H         LINE#         577
  C:0B61H         LINE#         578
  C:0B6BH         LINE#         579
  C:0B6BH         LINE#         580
  C:0B6DH         LINE#         581
  C:0B76H         LINE#         582
  C:0B78H         LINE#         584
  C:0B78H         LINE#         585
  C:0B7AH         LINE#         586
  C:0B86H         LINE#         587
  C:0B86H         LINE#         588
  C:0B88H         LINE#         589
  C:0B96H         LINE#         590
  C:0BA2H         LINE#         591
  C:0BADH         LINE#         592
  C:0BB8H         LINE#         593
  -------         ENDPROC       _SEND_CODE_TO_LOCK
  -------         PROC          _SEND_CODE_TO_LOCK_TAILI
  D:0007H         SYMBOL        x
  X:0015H         SYMBOL        y
  -------         DO            
  X:0017H         SYMBOL        i
  X:0018H         SYMBOL        n
  -------         ENDDO         
  C:0BB9H         LINE#         600
  C:0BC0H         LINE#         601
  C:0BC0H         LINE#         603
  C:0BC5H         LINE#         604
  C:0BC9H         LINE#         605
  C:0BCCH         LINE#         611
  C:0BD0H         LINE#         612
  C:0BD0H         LINE#         613
  C:0BD4H         LINE#         614
  C:0BD4H         LINE#         615
  C:0BDEH         LINE#         616
  C:0BDEH         LINE#         617
  C:0BE0H         LINE#         618
  C:0BE9H         LINE#         619
  C:0BEBH         LINE#         621
  C:0BEBH         LINE#         622
  C:0BEDH         LINE#         623
BL51 BANKED LINKER/LOCATER V6.22                                                      12/02/2015  14:21:40  PAGE 20


  C:0BF9H         LINE#         624
  C:0BF9H         LINE#         625
  C:0BFBH         LINE#         626
  C:0C09H         LINE#         627
  C:0C15H         LINE#         628
  C:0C20H         LINE#         629
  C:0C2BH         LINE#         630
  -------         ENDPROC       _SEND_CODE_TO_LOCK_TAILI
  -------         PROC          _UART_SEND_DATA_BROADTEST
  D:0007H         SYMBOL        command
  -------         DO            
  X:0019H         SYMBOL        ii
  -------         ENDDO         
  C:104CH         LINE#         635
  C:104CH         LINE#         636
  C:104CH         LINE#         637
  C:1050H         LINE#         640
  C:1057H         LINE#         641
  C:105EH         LINE#         642
  C:1065H         LINE#         643
  C:106CH         LINE#         644
  C:1073H         LINE#         645
  C:1076H         LINE#         647
  C:1079H         LINE#         649
  C:107DH         LINE#         650
  C:107DH         LINE#         651
  C:1088H         LINE#         652
  C:108BH         LINE#         653
  C:1096H         LINE#         657
  -------         ENDPROC       _UART_SEND_DATA_BROADTEST
  -------         ENDMOD        COMMUNICATION

  -------         MODULE        DELAY
  C:0000H         SYMBOL        _ICE_DUMMY_
  D:0080H         PUBLIC        P0
  D:0090H         PUBLIC        P1
  D:00A0H         PUBLIC        P2
  D:00B0H         PUBLIC        P3
  X:0023H         PUBLIC        Timeout_loop
  D:00A8H         PUBLIC        IE
  C:176EH         PUBLIC        Delay_10ms
  C:1788H         PUBLIC        Delay_12ms
  C:17A2H         PUBLIC        Delay_50ms
  D:00B8H         PUBLIC        IP
  B:0090H.2       PUBLIC        magnet_overcurrent
  D:00D8H         PUBLIC        WDCON0
  C:12B7H         PUBLIC        _Magnet_Delay
  D:0098H         PUBLIC        SCON
  D:0088H         PUBLIC        TCON
  C:17BCH         PUBLIC        Delay_100ms
  C:17D6H         PUBLIC        Delay_500ms
  C:123AH         PUBLIC        _Custom_Delay
  C:1684H         PUBLIC        _delay_ms
  D:00E8H         PUBLIC        EIE
  D:00F8H         PUBLIC        ADCCON0
  C:181AH         PUBLIC        _delay_us
  D:00C0H         PUBLIC        I2CON
BL51 BANKED LINKER/LOCATER V6.22                                                      12/02/2015  14:21:40  PAGE 21


  C:173AH         PUBLIC        Delay_1ms
  D:00C8H         PUBLIC        T2CON
  C:1754H         PUBLIC        Delay_5ms
  C:1863H         PUBLIC        _Delay
  D:00D0H         PUBLIC        PSW
  -------         PROC          DELAY_1MS
  C:173AH         LINE#         15
  C:173AH         LINE#         16
  C:173AH         LINE#         17
  C:1743H         LINE#         20
  C:1753H         LINE#         21
  -------         ENDPROC       DELAY_1MS
  -------         PROC          DELAY_5MS
  C:1754H         LINE#         23
  C:1754H         LINE#         24
  C:1754H         LINE#         25
  C:175DH         LINE#         28
  C:176DH         LINE#         29
  -------         ENDPROC       DELAY_5MS
  -------         PROC          DELAY_10MS
  C:176EH         LINE#         31
  C:176EH         LINE#         32
  C:176EH         LINE#         33
  C:1777H         LINE#         36
  C:1787H         LINE#         37
  -------         ENDPROC       DELAY_10MS
  -------         PROC          DELAY_12MS
  C:1788H         LINE#         39
  C:1788H         LINE#         40
  C:1788H         LINE#         41
  C:1791H         LINE#         44
  C:17A1H         LINE#         45
  -------         ENDPROC       DELAY_12MS
  -------         PROC          DELAY_50MS
  C:17A2H         LINE#         48
  C:17A2H         LINE#         49
  C:17A2H         LINE#         50
  C:17ABH         LINE#         53
  C:17BBH         LINE#         54
  -------         ENDPROC       DELAY_50MS
  -------         PROC          DELAY_100MS
  C:17BCH         LINE#         57
  C:17BCH         LINE#         58
  C:17BCH         LINE#         59
  C:17C5H         LINE#         62
  C:17D5H         LINE#         63
  -------         ENDPROC       DELAY_100MS
  -------         PROC          DELAY_500MS
  C:17D6H         LINE#         66
  C:17D6H         LINE#         67
  C:17D6H         LINE#         68
  C:17DFH         LINE#         71
  C:17EFH         LINE#         72
  -------         ENDPROC       DELAY_500MS
  -------         PROC          _DELAY
  D:0007H         SYMBOL        n
  -------         DO            
BL51 BANKED LINKER/LOCATER V6.22                                                      12/02/2015  14:21:40  PAGE 22


  D:0004H         SYMBOL        x
  -------         ENDDO         
  C:1863H         LINE#         79
  C:1863H         LINE#         80
  C:1863H         LINE#         82
  C:1869H         LINE#         83
  C:1869H         LINE#         84
  C:186DH         LINE#         85
  C:1879H         LINE#         87
  -------         ENDPROC       _DELAY
  -------         PROC          _CUSTOM_DELAY
  D:0007H         SYMBOL        t
  X:009CH         SYMBOL        m
  -------         DO            
  X:009EH         SYMBOL        i
  D:0006H         SYMBOL        j
  -------         ENDDO         
  C:123AH         LINE#         93
  C:1241H         LINE#         94
  C:1241H         LINE#         97
  C:1253H         LINE#         98
  C:1278H         LINE#         99
  -------         ENDPROC       _CUSTOM_DELAY
  -------         PROC          _DELAY_MS
  D:0006H         SYMBOL        count
  -------         DO            
  D:0004H         SYMBOL        i
  D:0002H         SYMBOL        j
  -------         ENDDO         
  C:1684H         LINE#         106
  C:1684H         LINE#         107
  C:1684H         LINE#         109
  C:168EH         LINE#         110
  C:168EH         LINE#         111
  C:169CH         LINE#         112
  C:16A3H         LINE#         113
  -------         ENDPROC       _DELAY_MS
  -------         PROC          _DELAY_US
  D:0006H         SYMBOL        count1
  -------         DO            
  D:0004H         SYMBOL        i
  D:0003H         SYMBOL        j
  -------         ENDDO         
  C:181AH         LINE#         121
  C:181AH         LINE#         122
  C:181AH         LINE#         125
  C:1824H         LINE#         126
  C:1824H         LINE#         127
  C:182BH         LINE#         128
  C:1832H         LINE#         129
  -------         ENDPROC       _DELAY_US
  -------         PROC          _MAGNET_DELAY
  X:0021H         SYMBOL        x
  D:0004H         SYMBOL        y
  -------         DO            
  D:0001H         SYMBOL        i
  D:0002H         SYMBOL        j
BL51 BANKED LINKER/LOCATER V6.22                                                      12/02/2015  14:21:40  PAGE 23


  -------         ENDDO         
  C:12B7H         LINE#         135
  C:12BEH         LINE#         136
  C:12BEH         LINE#         139
  C:12C0H         LINE#         140
  C:12C0H         LINE#         141
  C:12D4H         LINE#         142
  C:12D9H         LINE#         143
  C:12DBH         LINE#         144
  C:12DBH         LINE#         146
  C:12DEH         LINE#         147
  C:12DEH         LINE#         148
  C:12EFH         LINE#         149
  C:12EFH         LINE#         151
  C:12EFH         LINE#         153
  C:12EFH         LINE#         154
  C:12F4H         LINE#         155
  -------         ENDPROC       _MAGNET_DELAY
  -------         ENDMOD        DELAY

  -------         MODULE        OPERATION
  C:0000H         SYMBOL        _ICE_DUMMY_
  D:0080H         PUBLIC        P0
  D:0090H         PUBLIC        P1
  B:0080H.3       PUBLIC        fell_sensor_detect
  D:00A0H         PUBLIC        P2
  B:0025H.2       PUBLIC        vibration_flag1
  D:00B0H         PUBLIC        P3
  D:00A8H         PUBLIC        IE
  B:0025H.3       PUBLIC        sensor_EN
  C:0E92H         PUBLIC        Detect_vibration
  X:0025H         PUBLIC        vibration_count1
  C:1AB5H         PUBLIC        InitSensor
  D:00B8H         PUBLIC        IP
  X:0027H         PUBLIC        wire_broken_level
  C:17F0H         PUBLIC        Reset_after_wirebroken
  B:0080H.1       PUBLIC        wire_broken
  C:18A6H         PUBLIC        Batstolen_Alarm_to_Slave
  C:16A4H         PUBLIC        Reset_after_stolen_alarming
  D:00D8H         PUBLIC        WDCON0
  X:0028H         PUBLIC        wire_broken_time
  D:0098H         PUBLIC        SCON
  D:0088H         PUBLIC        TCON
  C:0F4AH         PUBLIC        Detect_close_action
  B:0090H.6       PUBLIC        Generator_lock
  C:15AFH         PUBLIC        slave_nearby_operation
  B:00A0H.6       PUBLIC        the3rd_sendor
  B:00A0H.5       PUBLIC        key_rotate
  C:1493H         PUBLIC        Detect_wheel_moving
  C:1AE0H         PUBLIC        Disable_sensor_after_IDcert
  B:0080H.7       PUBLIC        horizontal_sensor
  D:00E8H         PUBLIC        EIE
  C:13CAH         PUBLIC        Detect_open_action
  B:0080H.2       PUBLIC        wheeled_rotate
  B:0080H.4       PUBLIC        raised_sensor_detect
  D:00F8H         PUBLIC        ADCCON0
  C:1663H         PUBLIC        Ensensor_after_slave_away
BL51 BANKED LINKER/LOCATER V6.22                                                      12/02/2015  14:21:40  PAGE 24


  D:00C0H         PUBLIC        I2CON
  C:16E3H         PUBLIC        ENsensor_After_Close
  C:0E33H         PUBLIC        Detect_selflearn_action
  C:1641H         PUBLIC        ENsensor_afterIDcert
  D:00C8H         PUBLIC        T2CON
  C:15D5H         PUBLIC        SelfLearn_Reset
  C:1890H         PUBLIC        Raise_Alarm_to_Slave
  C:1556H         PUBLIC        slave_away_operation
  X:002AH         PUBLIC        key_rotate_off_time
  B:0025H.4       PUBLIC        enable_sensor_delayEN
  C:187AH         PUBLIC        Fell_Alarm_to_Slave
  D:00D0H         PUBLIC        PSW
  B:0080H.0       PUBLIC        sensor_detect
  C:1833H         PUBLIC        Host_stolen_action
  B:0080H.5       PUBLIC        Externalmotor
  -------         PROC          SLAVE_AWAY_OPERATION
  C:1556H         LINE#         98
  C:1556H         LINE#         99
  C:1556H         LINE#         100
  C:1559H         LINE#         101
  C:1559H         LINE#         102
  C:155CH         LINE#         103
  C:156CH         LINE#         104
  C:156FH         LINE#         108
  C:156FH         LINE#         110
  C:1571H         LINE#         111
  C:1575H         LINE#         113
  C:157AH         LINE#         114
  C:157EH         LINE#         116
  C:1581H         LINE#         117
  C:1583H         LINE#         118
  -------         ENDPROC       SLAVE_AWAY_OPERATION
  -------         PROC          SLAVE_NEARBY_OPERATION
  C:15AFH         LINE#         124
  C:15AFH         LINE#         125
  C:15AFH         LINE#         126
  C:15B1H         LINE#         128
  C:15B3H         LINE#         129
  C:15B7H         LINE#         130
  C:15B9H         LINE#         131
  C:15BCH         LINE#         133
  C:15BFH         LINE#         134
  C:15BFH         LINE#         135
  C:15C2H         LINE#         136
  C:15C4H         LINE#         137
  C:15C7H         LINE#         138
  C:15D1H         LINE#         139
  C:15D4H         LINE#         140
  C:15D4H         LINE#         141
  -------         ENDPROC       SLAVE_NEARBY_OPERATION
  -------         PROC          INITSENSOR
  C:1AB5H         LINE#         147
  C:1AB5H         LINE#         148
  C:1AB5H         LINE#         149
  C:1AB7H         LINE#         150
  C:1AB9H         LINE#         151
  C:1ABBH         LINE#         152
BL51 BANKED LINKER/LOCATER V6.22                                                      12/02/2015  14:21:40  PAGE 25


  C:1ABDH         LINE#         153
  C:1ABFH         LINE#         154
  -------         ENDPROC       INITSENSOR
  -------         PROC          HOST_STOLEN_ACTION
  C:1833H         LINE#         160
  C:1833H         LINE#         161
  C:1833H         LINE#         163
  C:1836H         LINE#         164
  C:1836H         LINE#         165
  C:1838H         LINE#         167
  C:183BH         LINE#         168
  C:183EH         LINE#         170
  C:1841H         LINE#         171
  C:1841H         LINE#         172
  C:1843H         LINE#         173
  C:1845H         LINE#         175
  C:1845H         LINE#         176
  C:184AH         LINE#         177
  C:184AH         LINE#         179
  C:184AH         LINE#         180
  -------         ENDPROC       HOST_STOLEN_ACTION
  -------         PROC          ENSENSOR_AFTERIDCERT
  C:1641H         LINE#         187
  C:1641H         LINE#         188
  C:1641H         LINE#         189
  C:1644H         LINE#         190
  C:1644H         LINE#         192
  C:164EH         LINE#         193
  C:164EH         LINE#         194
  C:1650H         LINE#         195
  C:1652H         LINE#         196
  C:1655H         LINE#         199
  C:165DH         LINE#         200
  C:165DH         LINE#         201
  C:1660H         LINE#         202
  C:1660H         LINE#         203
  C:1662H         LINE#         205
  C:1662H         LINE#         206
  C:1662H         LINE#         207
  -------         ENDPROC       ENSENSOR_AFTERIDCERT
  -------         PROC          ENSENSOR_AFTER_CLOSE
  C:16E3H         LINE#         212
  C:16E3H         LINE#         213
  C:16E3H         LINE#         214
  C:16ECH         LINE#         215
  C:16ECH         LINE#         216
  C:16F6H         LINE#         217
  C:16F6H         LINE#         218
  C:16F8H         LINE#         219
  C:16FAH         LINE#         220
  C:16FDH         LINE#         221
  C:1700H         LINE#         222
  C:1700H         LINE#         223
  C:1700H         LINE#         224
  -------         ENDPROC       ENSENSOR_AFTER_CLOSE
  -------         PROC          SELFLEARN_RESET
  C:15D5H         LINE#         230
BL51 BANKED LINKER/LOCATER V6.22                                                      12/02/2015  14:21:40  PAGE 26


  C:15D5H         LINE#         231
  C:15D5H         LINE#         232
  C:15D8H         LINE#         233
  C:15D8H         LINE#         234
  C:15E2H         LINE#         235
  C:15E2H         LINE#         236
  C:15E4H         LINE#         237
  C:15E6H         LINE#         239
  C:15EBH         LINE#         240
  C:15F0H         LINE#         241
  C:15F2H         LINE#         242
  C:15F4H         LINE#         243
  C:15F6H         LINE#         244
  C:15F8H         LINE#         245
  C:15FAH         LINE#         246
  C:15FAH         LINE#         247
  C:15FAH         LINE#         248
  -------         ENDPROC       SELFLEARN_RESET
  -------         PROC          FELL_ALARM_TO_SLAVE
  C:187AH         LINE#         254
  C:187AH         LINE#         255
  C:187AH         LINE#         256
  C:1885H         LINE#         257
  C:1885H         LINE#         258
  C:188AH         LINE#         259
  C:188FH         LINE#         260
  C:188FH         LINE#         261
  -------         ENDPROC       FELL_ALARM_TO_SLAVE
  -------         PROC          RAISE_ALARM_TO_SLAVE
  C:1890H         LINE#         267
  C:1890H         LINE#         268
  C:1890H         LINE#         269
  C:189BH         LINE#         270
  C:189BH         LINE#         271
  C:18A0H         LINE#         272
  C:18A5H         LINE#         273
  C:18A5H         LINE#         274
  -------         ENDPROC       RAISE_ALARM_TO_SLAVE
  -------         PROC          BATSTOLEN_ALARM_TO_SLAVE
  C:18A6H         LINE#         280
  C:18A6H         LINE#         281
  C:18A6H         LINE#         282
  C:18B1H         LINE#         283
  C:18B1H         LINE#         284
  C:18B6H         LINE#         285
  C:18BBH         LINE#         286
  C:18BBH         LINE#         287
  -------         ENDPROC       BATSTOLEN_ALARM_TO_SLAVE
  -------         PROC          DISABLE_SENSOR_AFTER_IDCERT
  C:1AE0H         LINE#         292
  C:1AE0H         LINE#         293
  C:1AE0H         LINE#         294
  C:1AE3H         LINE#         295
  C:1AE3H         LINE#         296
  C:1AE5H         LINE#         299
  C:1AE5H         LINE#         300
  -------         ENDPROC       DISABLE_SENSOR_AFTER_IDCERT
BL51 BANKED LINKER/LOCATER V6.22                                                      12/02/2015  14:21:40  PAGE 27


  -------         PROC          RESET_AFTER_WIREBROKEN
  C:17F0H         LINE#         305
  C:17F0H         LINE#         306
  C:17F0H         LINE#         307
  C:17F3H         LINE#         308
  C:17F3H         LINE#         309
  C:17F5H         LINE#         310
  C:17F9H         LINE#         311
  C:17FBH         LINE#         312
  C:17FDH         LINE#         313
  C:17FFH         LINE#         314
  C:17FFH         LINE#         315
  -------         ENDPROC       RESET_AFTER_WIREBROKEN
  -------         PROC          RESET_AFTER_STOLEN_ALARMING
  C:16A4H         LINE#         321
  C:16A4H         LINE#         322
  C:16A4H         LINE#         323
  C:16A7H         LINE#         324
  C:16A7H         LINE#         325
  C:16B1H         LINE#         326
  C:16B1H         LINE#         327
  C:16B5H         LINE#         328
  C:16B7H         LINE#         329
  C:16B9H         LINE#         330
  C:16BBH         LINE#         331
  C:16BEH         LINE#         332
  C:16C0H         LINE#         333
  C:16C3H         LINE#         334
  C:16C3H         LINE#         335
  C:16C3H         LINE#         336
  -------         ENDPROC       RESET_AFTER_STOLEN_ALARMING
  -------         PROC          ENSENSOR_AFTER_SLAVE_AWAY
  C:1663H         LINE#         341
  C:1663H         LINE#         342
  C:1663H         LINE#         343
  C:166CH         LINE#         344
  C:166CH         LINE#         345
  C:1676H         LINE#         346
  C:1676H         LINE#         347
  C:1679H         LINE#         348
  C:167BH         LINE#         349
  C:167DH         LINE#         350
  C:1680H         LINE#         351
  C:1683H         LINE#         352
  C:1683H         LINE#         353
  C:1683H         LINE#         354
  -------         ENDPROC       ENSENSOR_AFTER_SLAVE_AWAY
  -------         PROC          DETECT_SELFLEARN_ACTION
  C:0E33H         LINE#         359
  C:0E33H         LINE#         360
  C:0E33H         LINE#         361
  C:0E36H         LINE#         362
  C:0E36H         LINE#         363
  C:0E39H         LINE#         364
  C:0E39H         LINE#         365
  C:0E44H         LINE#         366
  C:0E4FH         LINE#         367
BL51 BANKED LINKER/LOCATER V6.22                                                      12/02/2015  14:21:40  PAGE 28


  C:0E4FH         LINE#         368
  C:0E56H         LINE#         369
  C:0E5AH         LINE#         370
  C:0E5CH         LINE#         371
  C:0E5CH         LINE#         372
  C:0E5EH         LINE#         374
  C:0E5EH         LINE#         375
  C:0E6AH         LINE#         376
  C:0E6AH         LINE#         377
  C:0E6EH         LINE#         378
  C:0E73H         LINE#         379
  C:0E73H         LINE#         380
  C:0E73H         LINE#         382
  C:0E7BH         LINE#         383
  C:0E7BH         LINE#         384
  C:0E7DH         LINE#         385
  C:0E7FH         LINE#         386
  C:0E82H         LINE#         387
  C:0E82H         LINE#         388
  C:0E82H         LINE#         390
  C:0E85H         LINE#         391
  C:0E85H         LINE#         392
  C:0E87H         LINE#         393
  C:0E89H         LINE#         394
  C:0E8BH         LINE#         396
  C:0E8EH         LINE#         398
  C:0E91H         LINE#         403
  C:0E91H         LINE#         404
  -------         ENDPROC       DETECT_SELFLEARN_ACTION
  -------         PROC          DETECT_OPEN_ACTION
  C:13CAH         LINE#         409
  C:13CAH         LINE#         410
  C:13CAH         LINE#         412
  C:13D5H         LINE#         413
  C:13D5H         LINE#         414
  C:13D8H         LINE#         415
  C:13DDH         LINE#         416
  C:13DFH         LINE#         418
  C:13E3H         LINE#         419
  C:13E5H         LINE#         420
  C:13E8H         LINE#         421
  C:13EAH         LINE#         422
  C:13EDH         LINE#         423
  C:13F0H         LINE#         425
  C:13F2H         LINE#         427
  C:13F4H         LINE#         429
  C:13F6H         LINE#         430
  C:13FCH         LINE#         431
  C:13FCH         LINE#         432
  -------         ENDPROC       DETECT_OPEN_ACTION
  -------         PROC          DETECT_CLOSE_ACTION
  C:0F4AH         LINE#         437
  C:0F4AH         LINE#         438
  C:0F4AH         LINE#         439
  C:0F5AH         LINE#         440
  C:0F5AH         LINE#         441
  C:0F60H         LINE#         442
BL51 BANKED LINKER/LOCATER V6.22                                                      12/02/2015  14:21:40  PAGE 29


  C:0F60H         LINE#         443
  C:0F6BH         LINE#         444
  C:0F76H         LINE#         445
  C:0F76H         LINE#         446
  C:0F7FH         LINE#         447
  C:0F7FH         LINE#         448
  C:0F82H         LINE#         450
  C:0F86H         LINE#         451
  C:0F89H         LINE#         452
  C:0F8BH         LINE#         453
  C:0F8DH         LINE#         455
  C:0F90H         LINE#         456
  C:0F90H         LINE#         457
  C:0F90H         LINE#         458
  C:0F90H         LINE#         459
  C:0F92H         LINE#         460
  C:0F95H         LINE#         461
  C:0F9BH         LINE#         462
  -------         ENDPROC       DETECT_CLOSE_ACTION
  -------         PROC          DETECT_VIBRATION
  C:0E92H         LINE#         467
  C:0E92H         LINE#         468
  C:0E92H         LINE#         469
  C:0E9BH         LINE#         470
  C:0E9BH         LINE#         471
  C:0E9DH         LINE#         472
  C:0EA3H         LINE#         474
  C:0EA5H         LINE#         475
  C:0EAAH         LINE#         477
  C:0EAFH         LINE#         478
  C:0EAFH         LINE#         480
  C:0EB2H         LINE#         481
  C:0EB2H         LINE#         482
  C:0EC9H         LINE#         483
  C:0EC9H         LINE#         484
  C:0ECBH         LINE#         485
  C:0ECFH         LINE#         486
  C:0ECFH         LINE#         487
  C:0ECFH         LINE#         489
  C:0ED2H         LINE#         490
  C:0ED2H         LINE#         491
  C:0EE9H         LINE#         492
  C:0EE9H         LINE#         493
  C:0EEBH         LINE#         494
  C:0EEFH         LINE#         495
  C:0EEFH         LINE#         496
  C:0EEFH         LINE#         497
  -------         ENDPROC       DETECT_VIBRATION
  -------         PROC          DETECT_WHEEL_MOVING
  C:1493H         LINE#         502
  C:1493H         LINE#         503
  C:1493H         LINE#         504
  C:1496H         LINE#         505
  C:1496H         LINE#         506
  C:1498H         LINE#         507
  C:149EH         LINE#         509
  C:14A3H         LINE#         510
BL51 BANKED LINKER/LOCATER V6.22                                                      12/02/2015  14:21:40  PAGE 30


  C:14A3H         LINE#         511
  C:14A6H         LINE#         512
  C:14A6H         LINE#         513
  C:14BDH         LINE#         514
  C:14BDH         LINE#         515
  C:14BFH         LINE#         516
  C:14C3H         LINE#         517
  C:14C3H         LINE#         518
  C:14C3H         LINE#         519
  -------         ENDPROC       DETECT_WHEEL_MOVING
  -------         ENDMOD        OPERATION

  -------         MODULE        OTHER
  C:0000H         SYMBOL        _ICE_DUMMY_
  D:0080H         PUBLIC        P0
  D:0090H         PUBLIC        P1
  D:00A0H         PUBLIC        P2
  D:00B0H         PUBLIC        P3
  D:00A8H         PUBLIC        IE
  C:1A60H         PUBLIC        _magnet_ACW_Taili
  B:00A0H.4       PUBLIC        Moto_EN
  D:00B8H         PUBLIC        IP
  D:00D8H         PUBLIC        WDCON0
  D:0098H         PUBLIC        SCON
  D:0088H         PUBLIC        TCON
  C:0003H         PUBLIC        Moto_Vibration
  C:1A52H         PUBLIC        _magnet_ACW
  C:1A93H         PUBLIC        Enable_sensor
  C:14F5H         PUBLIC        _magnet_CW_Taili
  D:00E8H         PUBLIC        EIE
  C:1171H         PUBLIC        disable_sensor
  B:00A0H.2       PUBLIC        MagentControl_1
  B:00A0H.3       PUBLIC        MagentControl_2
  D:00F8H         PUBLIC        ADCCON0
  D:00C0H         PUBLIC        I2CON
  D:00C8H         PUBLIC        T2CON
  C:14C4H         PUBLIC        _magnet_CW
  D:00D0H         PUBLIC        PSW
  B:0080H.5       PUBLIC        Externalmotor
  -------         PROC          _MAGNET_CW
  X:002CH         SYMBOL        x
  X:002EH         SYMBOL        y
  D:0003H         SYMBOL        z
  C:14C4H         LINE#         44
  C:14D1H         LINE#         45
  C:14D1H         LINE#         47
  C:14DAH         LINE#         49
  C:14DCH         LINE#         50
  C:14DEH         LINE#         51
  C:14EEH         LINE#         52
  C:14F0H         LINE#         53
  C:14F2H         LINE#         54
  C:14F4H         LINE#         55
  -------         ENDPROC       _MAGNET_CW
  -------         PROC          _MAGNET_CW_TAILI
  X:0030H         SYMBOL        x
  X:0032H         SYMBOL        y
BL51 BANKED LINKER/LOCATER V6.22                                                      12/02/2015  14:21:40  PAGE 31


  D:0003H         SYMBOL        z
  C:14F5H         LINE#         61
  C:1502H         LINE#         62
  C:1502H         LINE#         64
  C:150BH         LINE#         66
  C:150DH         LINE#         67
  C:150FH         LINE#         68
  C:151FH         LINE#         69
  C:1521H         LINE#         70
  C:1523H         LINE#         71
  C:1525H         LINE#         72
  -------         ENDPROC       _MAGNET_CW_TAILI
  -------         PROC          _MAGNET_ACW
  D:0006H         SYMBOL        x
  D:0004H         SYMBOL        y
  C:1A52H         LINE#         78
  C:1A52H         LINE#         79
  C:1A52H         LINE#         80
  C:1A54H         LINE#         81
  C:1A56H         LINE#         82
  C:1A58H         LINE#         83
  C:1A5BH         LINE#         84
  C:1A5DH         LINE#         85
  C:1A5FH         LINE#         86
  -------         ENDPROC       _MAGNET_ACW
  -------         PROC          _MAGNET_ACW_TAILI
  D:0006H         SYMBOL        x
  D:0004H         SYMBOL        y
  C:1A60H         LINE#         92
  C:1A60H         LINE#         93
  C:1A60H         LINE#         94
  C:1A62H         LINE#         95
  C:1A64H         LINE#         96
  C:1A66H         LINE#         97
  C:1A69H         LINE#         98
  C:1A6BH         LINE#         99
  C:1A6DH         LINE#         100
  -------         ENDPROC       _MAGNET_ACW_TAILI
  -------         PROC          DISABLE_SENSOR
  C:1171H         LINE#         106
  C:1171H         LINE#         107
  C:1171H         LINE#         109
  C:1173H         LINE#         110
  C:1175H         LINE#         112
  C:1177H         LINE#         113
  C:1179H         LINE#         114
  C:117DH         LINE#         115
  C:1180H         LINE#         116
  C:1183H         LINE#         117
  C:1188H         LINE#         118
  C:118DH         LINE#         119
  C:1192H         LINE#         120
  C:1195H         LINE#         121
  C:1198H         LINE#         122
  C:119AH         LINE#         123
  C:119CH         LINE#         124
  C:119EH         LINE#         125
BL51 BANKED LINKER/LOCATER V6.22                                                      12/02/2015  14:21:40  PAGE 32


  C:11A1H         LINE#         126
  C:11A3H         LINE#         127
  C:11A6H         LINE#         129
  C:11A8H         LINE#         132
  C:11ABH         LINE#         133
  C:11ADH         LINE#         135
  C:11AFH         LINE#         136
  C:11B2H         LINE#         138
  C:11B4H         LINE#         139
  C:11B7H         LINE#         140
  -------         ENDPROC       DISABLE_SENSOR
  -------         PROC          ENABLE_SENSOR
  C:1A93H         LINE#         146
  C:1A93H         LINE#         147
  C:1A93H         LINE#         149
  C:1A95H         LINE#         150
  C:1A97H         LINE#         153
  C:1A9BH         LINE#         154
  C:1A9EH         LINE#         155
  -------         ENDPROC       ENABLE_SENSOR
  -------         PROC          MOTO_VIBRATION
  C:0003H         LINE#         161
  C:0003H         LINE#         162
  C:0003H         LINE#         163
  C:0005H         LINE#         164
  C:0008H         LINE#         165
  C:000AH         LINE#         166
  -------         ENDPROC       MOTO_VIBRATION
  -------         ENDMOD        OTHER

  -------         MODULE        PWM
  C:0000H         SYMBOL        _ICE_DUMMY_
  D:0080H         PUBLIC        P0
  D:0090H         PUBLIC        P1
  D:00A0H         PUBLIC        P2
  D:00B0H         PUBLIC        P3
  D:00DCH         PUBLIC        PWMCON0
  D:00D1H         PUBLIC        PWMPH
  D:00A8H         PUBLIC        IE
  D:00D9H         PUBLIC        PWMPL
  C:0D71H         PUBLIC        _PWM_Channel
  D:00B8H         PUBLIC        IP
  C:1AC9H         PUBLIC        myPwm
  D:00D8H         PUBLIC        WDCON0
  D:0098H         PUBLIC        SCON
  D:0088H         PUBLIC        TCON
  D:00E8H         PUBLIC        EIE
  D:00F8H         PUBLIC        ADCCON0
  D:00C0H         PUBLIC        I2CON
  X:0034H         PUBLIC        PWM_shadow
  D:00C8H         PUBLIC        T2CON
  C:184BH         PUBLIC        Init_PWM
  D:00D2H         PUBLIC        PWM0H
  D:00D3H         PUBLIC        PWM1H
  D:00D5H         PUBLIC        PWM2H
  D:00D6H         PUBLIC        PWM3H
  D:00DAH         PUBLIC        PWM0L
BL51 BANKED LINKER/LOCATER V6.22                                                      12/02/2015  14:21:40  PAGE 33


  D:00DBH         PUBLIC        PWM1L
  D:00DDH         PUBLIC        PWM2L
  D:00DEH         PUBLIC        PWM3L
  D:00D0H         PUBLIC        PSW
  -------         PROC          INIT_PWM
  C:184BH         LINE#         19
  C:184BH         LINE#         20
  C:184BH         LINE#         22
  C:184EH         LINE#         24
  C:1856H         LINE#         26
  C:185FH         LINE#         27
  C:1862H         LINE#         28
  -------         ENDPROC       INIT_PWM
  -------         PROC          _PWM_CHANNEL
  D:0007H         SYMBOL        Channel
  C:0D71H         LINE#         34
  C:0D71H         LINE#         35
  C:0D71H         LINE#         36
  C:0D7FH         LINE#         37
  C:0D7FH         LINE#         39
  C:0D7FH         LINE#         40
  C:0D7FH         LINE#         41
  C:0D87H         LINE#         42
  C:0D90H         LINE#         43
  C:0D93H         LINE#         44
  C:0D93H         LINE#         45
  C:0D94H         LINE#         47
  C:0D94H         LINE#         48
  C:0D94H         LINE#         49
  C:0D9CH         LINE#         50
  C:0DA5H         LINE#         51
  C:0DA8H         LINE#         52
[...]
    SEGMENT: ?PR?_FLASH_READ_DATA?ISP_DATAFLASH

*** WARNING L16: UNCALLED SEGMENT, IGNORED FOR OVERLAY PROCESS
    SEGMENT: ?PR?SELF_LEARN_PROGRAMMING_F?ISP_DATAFLASH

*** WARNING L16: UNCALLED SEGMENT, IGNORED FOR OVERLAY PROCESS
    SEGMENT: ?PR?HSCH_DISPATCH_TASKS?SCHEDULAR

*** WARNING L16: UNCALLED SEGMENT, IGNORED FOR OVERLAY PROCESS
    SEGMENT: ?PR?_HSCH_ADD_TASK?SCHEDULAR

*** WARNING L16: UNCALLED SEGMENT, IGNORED FOR OVERLAY PROCESS
    SEGMENT: ?PR?HSCH_UPDATE?SCHEDULAR

*** WARNING L15: MULTIPLE CALL TO SEGMENT
    SEGMENT: ?PR?_INITT0?TIMER
    CALLER1: ?PR?TIMER0?MAIN
    CALLER2: ?C_C51STARTUP

*** WARNING L15: MULTIPLE CALL TO SEGMENT
    SEGMENT: ?PR?_HSCH_DELETE_TASK?SCHEDULAR
    CALLER1: ?PR?TIMER0?MAIN
    CALLER2: ?C_C51STARTUP

*** WARNING L5: CODE SPACE MEMORY OVERLAP
BL51 BANKED LINKER/LOCATER V6.22                                                      12/02/2015  14:21:40  PAGE 60


    FROM:    1FFFH
    TO:      1FFFH

*** WARNING L1: UNRESOLVED EXTERNAL SYMBOL
    SYMBOL:  JUST_POWER_UP
    MODULE:  .\operation.obj (OPERATION)

*** WARNING L1: UNRESOLVED EXTERNAL SYMBOL
    SYMBOL:  LOAD_BATTERY_RESULT
    MODULE:  .\operation.obj (OPERATION)

*** WARNING L1: UNRESOLVED EXTERNAL SYMBOL
    SYMBOL:  ELECMOTOR_CW
    MODULE:  .\operation.obj (OPERATION)

*** WARNING L1: UNRESOLVED EXTERNAL SYMBOL
    SYMBOL:  SLAVE_NEARBY_COUNT
    MODULE:  .\operation.obj (OPERATION)

*** WARNING L1: UNRESOLVED EXTERNAL SYMBOL
    SYMBOL:  TIMER0_COUNT2
    MODULE:  .\operation.obj (OPERATION)

*** WARNING L1: UNRESOLVED EXTERNAL SYMBOL
    SYMBOL:  NEVER_ALARM
    MODULE:  .\operation.obj (OPERATION)

*** WARNING L1: UNRESOLVED EXTERNAL SYMBOL
    SYMBOL:  SILENCE_FLAG
    MODULE:  .\operation.obj (OPERATION)

*** WARNING L1: UNRESOLVED EXTERNAL SYMBOL
    SYMBOL:  WIRE_BROKEN_RESET
    MODULE:  .\operation.obj (OPERATION)

*** WARNING L1: UNRESOLVED EXTERNAL SYMBOL
    SYMBOL:  IDKEY_SPEECH_FLASH
    MODULE:  .\operation.obj (OPERATION)

*** WARNING L1: UNRESOLVED EXTERNAL SYMBOL
    SYMBOL:  IDKEY_SELFLEARN_HVCOUNT
    MODULE:  .\operation.obj (OPERATION)

*** WARNING L1: UNRESOLVED EXTERNAL SYMBOL
    SYMBOL:  IDKEY_SELFLEARN_FLAG1
    MODULE:  .\operation.obj (OPERATION)

*** WARNING L1: UNRESOLVED EXTERNAL SYMBOL
    SYMBOL:  IDKEY_SELFLEARN_FLAG2
    MODULE:  .\operation.obj (OPERATION)

*** WARNING L1: UNRESOLVED EXTERNAL SYMBOL
    SYMBOL:  IDKEY_SELFLEARN_LVCOUNT
    MODULE:  .\operation.obj (OPERATION)

*** WARNING L1: UNRESOLVED EXTERNAL SYMBOL
    SYMBOL:  IDKEY_SELFLEARN_FLAG3
BL51 BANKED LINKER/LOCATER V6.22                                                      12/02/2015  14:21:40  PAGE 61


    MODULE:  .\operation.obj (OPERATION)

*** WARNING L1: UNRESOLVED EXTERNAL SYMBOL
    SYMBOL:  IDKEY_SELFLEARN_FLAG4
    MODULE:  .\operation.obj (OPERATION)

*** WARNING L1: UNRESOLVED EXTERNAL SYMBOL
    SYMBOL:  SLAVE_NEARBY_ACTIONED_FLAG
    MODULE:  .\operation.obj (OPERATION)

*** WARNING L1: UNRESOLVED EXTERNAL SYMBOL
    SYMBOL:  IDKEY_SELFLEARN_FLAG5
    MODULE:  .\operation.obj (OPERATION)

*** WARNING L1: UNRESOLVED EXTERNAL SYMBOL
    SYMBOL:  ID_SELFLEARNING_TIMECOUNT
    MODULE:  .\operation.obj (OPERATION)

*** WARNING L1: UNRESOLVED EXTERNAL SYMBOL
    SYMBOL:  ID_SPEECHED_FLAG
    MODULE:  .\operation.obj (OPERATION)

*** WARNING L1: UNRESOLVED EXTERNAL SYMBOL
    SYMBOL:  IDKEY_FLASH_EN
    MODULE:  .\operation.obj (OPERATION)

*** WARNING L1: UNRESOLVED EXTERNAL SYMBOL
    SYMBOL:  ID_CERTIFICATED_NUMBERS
    MODULE:  .\operation.obj (OPERATION)

*** WARNING L1: UNRESOLVED EXTERNAL SYMBOL
    SYMBOL:  HOST_STOLEN_ALARMING
    MODULE:  .\operation.obj (OPERATION)

*** WARNING L1: UNRESOLVED EXTERNAL SYMBOL
    SYMBOL:  ELECMOTOR_ACW
    MODULE:  .\operation.obj (OPERATION)

*** WARNING L1: UNRESOLVED EXTERNAL SYMBOL
    SYMBOL:  FLASHING_FLAG
    MODULE:  .\operation.obj (OPERATION)

*** WARNING L1: UNRESOLVED EXTERNAL SYMBOL
    SYMBOL:  AFTER_IDCERT_TIMECOUNT
    MODULE:  .\operation.obj (OPERATION)

*** WARNING L1: UNRESOLVED EXTERNAL SYMBOL
    SYMBOL:  ID_CERTIFICATED_FLAG
    MODULE:  .\operation.obj (OPERATION)

*** WARNING L1: UNRESOLVED EXTERNAL SYMBOL
    SYMBOL:  EN_HOST_STOLEN_ALARMING
    MODULE:  .\operation.obj (OPERATION)

*** WARNING L1: UNRESOLVED EXTERNAL SYMBOL
    SYMBOL:  AUTOLOCK_G
    MODULE:  .\operation.obj (OPERATION)
BL51 BANKED LINKER/LOCATER V6.22                                                      12/02/2015  14:21:40  PAGE 62



*** WARNING L1: UNRESOLVED EXTERNAL SYMBOL
    SYMBOL:  OPEN_ACTION_FLAG
    MODULE:  .\operation.obj (OPERATION)

*** WARNING L1: UNRESOLVED EXTERNAL SYMBOL
    SYMBOL:  STOLEN_ALARM_RESET_COUNT
    MODULE:  .\operation.obj (OPERATION)

*** WARNING L2: REFERENCE MADE TO UNRESOLVED EXTERNAL
    SYMBOL:  SILENCE_FLAG
    MODULE:  .\operation.obj (OPERATION)
    ADDRESS: 1557H

*** WARNING L2: REFERENCE MADE TO UNRESOLVED EXTERNAL
    SYMBOL:  LOAD_BATTERY_RESULT
    MODULE:  .\operation.obj (OPERATION)
    ADDRESS: 1564H

*** WARNING L2: REFERENCE MADE TO UNRESOLVED EXTERNAL
    SYMBOL:  ID_CERTIFICATED_NUMBERS
    MODULE:  .\operation.obj (OPERATION)
    ADDRESS: 157CH

*** WARNING L2: REFERENCE MADE TO UNRESOLVED EXTERNAL
    SYMBOL:  SILENCE_FLAG
    MODULE:  .\operation.obj (OPERATION)
    ADDRESS: 157FH

*** WARNING L2: REFERENCE MADE TO UNRESOLVED EXTERNAL
    SYMBOL:  SILENCE_FLAG
    MODULE:  .\operation.obj (OPERATION)
    ADDRESS: 1582H

*** WARNING L2: REFERENCE MADE TO UNRESOLVED EXTERNAL
    SYMBOL:  SLAVE_NEARBY_ACTIONED_FLAG
    MODULE:  .\operation.obj (OPERATION)
    ADDRESS: 15B0H

*** WARNING L2: REFERENCE MADE TO UNRESOLVED EXTERNAL
    SYMBOL:  ID_SPEECHED_FLAG
    MODULE:  .\operation.obj (OPERATION)
    ADDRESS: 15B2H

*** WARNING L2: REFERENCE MADE TO UNRESOLVED EXTERNAL
    SYMBOL:  AFTER_IDCERT_TIMECOUNT
    MODULE:  .\operation.obj (OPERATION)
    ADDRESS: 15B5H

*** WARNING L2: REFERENCE MADE TO UNRESOLVED EXTERNAL
    SYMBOL:  ID_CERTIFICATED_FLAG
    MODULE:  .\operation.obj (OPERATION)
    ADDRESS: 15B8H

*** WARNING L2: REFERENCE MADE TO UNRESOLVED EXTERNAL
    SYMBOL:  ID_CERTIFICATED_NUMBERS
    MODULE:  .\operation.obj (OPERATION)
BL51 BANKED LINKER/LOCATER V6.22                                                      12/02/2015  14:21:40  PAGE 63


    ADDRESS: 15BAH

*** WARNING L2: REFERENCE MADE TO UNRESOLVED EXTERNAL
    SYMBOL:  SILENCE_FLAG
    MODULE:  .\operation.obj (OPERATION)
    ADDRESS: 15BDH

*** WARNING L2: REFERENCE MADE TO UNRESOLVED EXTERNAL
    SYMBOL:  JUST_POWER_UP
    MODULE:  .\operation.obj (OPERATION)
    ADDRESS: 15C5H

*** WARNING L2: REFERENCE MADE TO UNRESOLVED EXTERNAL
    SYMBOL:  LOAD_BATTERY_RESULT
    MODULE:  .\operation.obj (OPERATION)
    ADDRESS: 15C8H

*** WARNING L2: REFERENCE MADE TO UNRESOLVED EXTERNAL
    SYMBOL:  EN_HOST_STOLEN_ALARMING
    MODULE:  .\operation.obj (OPERATION)
    ADDRESS: 1834H

*** WARNING L2: REFERENCE MADE TO UNRESOLVED EXTERNAL
    SYMBOL:  HOST_STOLEN_ALARMING
    MODULE:  .\operation.obj (OPERATION)
    ADDRESS: 1837H

*** WARNING L2: REFERENCE MADE TO UNRESOLVED EXTERNAL
    SYMBOL:  ID_CERTIFICATED_FLAG
    MODULE:  .\operation.obj (OPERATION)
    ADDRESS: 1642H

*** WARNING L2: REFERENCE MADE TO UNRESOLVED EXTERNAL
    SYMBOL:  AFTER_IDCERT_TIMECOUNT
    MODULE:  .\operation.obj (OPERATION)
    ADDRESS: 1645H

*** WARNING L2: REFERENCE MADE TO UNRESOLVED EXTERNAL
    SYMBOL:  ID_CERTIFICATED_FLAG
    MODULE:  .\operation.obj (OPERATION)
    ADDRESS: 164FH

*** WARNING L2: REFERENCE MADE TO UNRESOLVED EXTERNAL
    SYMBOL:  ID_CERTIFICATED_NUMBERS
    MODULE:  .\operation.obj (OPERATION)
    ADDRESS: 1653H

*** WARNING L2: REFERENCE MADE TO UNRESOLVED EXTERNAL
    SYMBOL:  OPEN_ACTION_FLAG
    MODULE:  .\operation.obj (OPERATION)
    ADDRESS: 1656H

*** WARNING L2: REFERENCE MADE TO UNRESOLVED EXTERNAL
    SYMBOL:  NEVER_ALARM
    MODULE:  .\operation.obj (OPERATION)
    ADDRESS: 165BH

BL51 BANKED LINKER/LOCATER V6.22                                                      12/02/2015  14:21:40  PAGE 64


*** WARNING L2: REFERENCE MADE TO UNRESOLVED EXTERNAL
    SYMBOL:  NEVER_ALARM
    MODULE:  .\operation.obj (OPERATION)
    ADDRESS: 1661H

*** WARNING L2: REFERENCE MADE TO UNRESOLVED EXTERNAL
    SYMBOL:  AUTOLOCK_G
    MODULE:  .\operation.obj (OPERATION)
    ADDRESS: 16EAH

*** WARNING L2: REFERENCE MADE TO UNRESOLVED EXTERNAL
    SYMBOL:  NEVER_ALARM
    MODULE:  .\operation.obj (OPERATION)
    ADDRESS: 16FBH

*** WARNING L2: REFERENCE MADE TO UNRESOLVED EXTERNAL
    SYMBOL:  ID_SELFLEARNING_TIMECOUNT
    MODULE:  .\operation.obj (OPERATION)
    ADDRESS: 15D9H

*** WARNING L2: REFERENCE MADE TO UNRESOLVED EXTERNAL
    SYMBOL:  IDKEY_SELFLEARN_HVCOUNT
    MODULE:  .\operation.obj (OPERATION)
    ADDRESS: 15E7H

*** WARNING L2: REFERENCE MADE TO UNRESOLVED EXTERNAL
    SYMBOL:  IDKEY_SELFLEARN_LVCOUNT
    MODULE:  .\operation.obj (OPERATION)
    ADDRESS: 15ECH

*** WARNING L2: REFERENCE MADE TO UNRESOLVED EXTERNAL
    SYMBOL:  IDKEY_SELFLEARN_FLAG1
    MODULE:  .\operation.obj (OPERATION)
    ADDRESS: 15F1H

*** WARNING L2: REFERENCE MADE TO UNRESOLVED EXTERNAL
    SYMBOL:  IDKEY_SELFLEARN_FLAG2
    MODULE:  .\operation.obj (OPERATION)
    ADDRESS: 15F3H

*** WARNING L2: REFERENCE MADE TO UNRESOLVED EXTERNAL
    SYMBOL:  IDKEY_SELFLEARN_FLAG3
    MODULE:  .\operation.obj (OPERATION)
    ADDRESS: 15F5H

*** WARNING L2: REFERENCE MADE TO UNRESOLVED EXTERNAL
    SYMBOL:  IDKEY_SELFLEARN_FLAG4
    MODULE:  .\operation.obj (OPERATION)
    ADDRESS: 15F7H

*** WARNING L2: REFERENCE MADE TO UNRESOLVED EXTERNAL
    SYMBOL:  IDKEY_SELFLEARN_FLAG5
    MODULE:  .\operation.obj (OPERATION)
    ADDRESS: 15F9H

*** WARNING L2: REFERENCE MADE TO UNRESOLVED EXTERNAL
    SYMBOL:  IDKEY_SPEECH_FLASH
BL51 BANKED LINKER/LOCATER V6.22                                                      12/02/2015  14:21:40  PAGE 65


    MODULE:  .\operation.obj (OPERATION)
    ADDRESS: 1AE1H

*** WARNING L2: REFERENCE MADE TO UNRESOLVED EXTERNAL
    SYMBOL:  IDKEY_SPEECH_FLASH
    MODULE:  .\operation.obj (OPERATION)
    ADDRESS: 1AE4H

*** WARNING L2: REFERENCE MADE TO UNRESOLVED EXTERNAL
    SYMBOL:  WIRE_BROKEN_RESET
    MODULE:  .\operation.obj (OPERATION)
    ADDRESS: 17F1H

*** WARNING L2: REFERENCE MADE TO UNRESOLVED EXTERNAL
    SYMBOL:  WIRE_BROKEN_RESET
    MODULE:  .\operation.obj (OPERATION)
    ADDRESS: 17F4H

*** WARNING L2: REFERENCE MADE TO UNRESOLVED EXTERNAL
    SYMBOL:  EN_HOST_STOLEN_ALARMING
    MODULE:  .\operation.obj (OPERATION)
    ADDRESS: 17FAH

*** WARNING L2: REFERENCE MADE TO UNRESOLVED EXTERNAL
    SYMBOL:  HOST_STOLEN_ALARMING
    MODULE:  .\operation.obj (OPERATION)
    ADDRESS: 17FCH

*** WARNING L2: REFERENCE MADE TO UNRESOLVED EXTERNAL
    SYMBOL:  EN_HOST_STOLEN_ALARMING
    MODULE:  .\operation.obj (OPERATION)
    ADDRESS: 16A5H

*** WARNING L2: REFERENCE MADE TO UNRESOLVED EXTERNAL
    SYMBOL:  STOLEN_ALARM_RESET_COUNT
    MODULE:  .\operation.obj (OPERATION)
    ADDRESS: 16A8H

*** WARNING L2: REFERENCE MADE TO UNRESOLVED EXTERNAL
    SYMBOL:  EN_HOST_STOLEN_ALARMING
    MODULE:  .\operation.obj (OPERATION)
    ADDRESS: 16B6H

*** WARNING L2: REFERENCE MADE TO UNRESOLVED EXTERNAL
    SYMBOL:  HOST_STOLEN_ALARMING
    MODULE:  .\operation.obj (OPERATION)
    ADDRESS: 16B8H

*** WARNING L2: REFERENCE MADE TO UNRESOLVED EXTERNAL
    SYMBOL:  STOLEN_ALARM_RESET_COUNT
    MODULE:  .\operation.obj (OPERATION)
    ADDRESS: 16BCH

*** WARNING L2: REFERENCE MADE TO UNRESOLVED EXTERNAL
    SYMBOL:  JUST_POWER_UP
    MODULE:  .\operation.obj (OPERATION)
    ADDRESS: 166AH
BL51 BANKED LINKER/LOCATER V6.22                                                      12/02/2015  14:21:40  PAGE 66



*** WARNING L2: REFERENCE MADE TO UNRESOLVED EXTERNAL
    SYMBOL:  SLAVE_NEARBY_COUNT
    MODULE:  .\operation.obj (OPERATION)
    ADDRESS: 166DH

*** WARNING L2: REFERENCE MADE TO UNRESOLVED EXTERNAL
    SYMBOL:  SLAVE_NEARBY_ACTIONED_FLAG
    MODULE:  .\operation.obj (OPERATION)
    ADDRESS: 167AH

*** WARNING L2: REFERENCE MADE TO UNRESOLVED EXTERNAL
    SYMBOL:  ID_CERTIFICATED_FLAG
    MODULE:  .\operation.obj (OPERATION)
    ADDRESS: 167CH

*** WARNING L2: REFERENCE MADE TO UNRESOLVED EXTERNAL
    SYMBOL:  NEVER_ALARM
    MODULE:  .\operation.obj (OPERATION)
    ADDRESS: 167EH

*** WARNING L2: REFERENCE MADE TO UNRESOLVED EXTERNAL
    SYMBOL:  IDKEY_FLASH_EN
    MODULE:  .\operation.obj (OPERATION)
    ADDRESS: 0E83H

*** WARNING L2: REFERENCE MADE TO UNRESOLVED EXTERNAL
    SYMBOL:  IDKEY_FLASH_EN
    MODULE:  .\operation.obj (OPERATION)
    ADDRESS: 0E86H

*** WARNING L2: REFERENCE MADE TO UNRESOLVED EXTERNAL
    SYMBOL:  FLASHING_FLAG
    MODULE:  .\operation.obj (OPERATION)
    ADDRESS: 0E88H

*** WARNING L2: REFERENCE MADE TO UNRESOLVED EXTERNAL
    SYMBOL:  OPEN_ACTION_FLAG
    MODULE:  .\operation.obj (OPERATION)
    ADDRESS: 13CEH

*** WARNING L2: REFERENCE MADE TO UNRESOLVED EXTERNAL
    SYMBOL:  ID_CERTIFICATED_FLAG
    MODULE:  .\operation.obj (OPERATION)
    ADDRESS: 13D3H

*** WARNING L2: REFERENCE MADE TO UNRESOLVED EXTERNAL
    SYMBOL:  OPEN_ACTION_FLAG
    MODULE:  .\operation.obj (OPERATION)
    ADDRESS: 13D9H

*** WARNING L2: REFERENCE MADE TO UNRESOLVED EXTERNAL
    SYMBOL:  ID_SPEECHED_FLAG
    MODULE:  .\operation.obj (OPERATION)
    ADDRESS: 13DEH

*** WARNING L2: REFERENCE MADE TO UNRESOLVED EXTERNAL
BL51 BANKED LINKER/LOCATER V6.22                                                      12/02/2015  14:21:40  PAGE 67


    SYMBOL:  AFTER_IDCERT_TIMECOUNT
    MODULE:  .\operation.obj (OPERATION)
    ADDRESS: 13E1H

*** WARNING L2: REFERENCE MADE TO UNRESOLVED EXTERNAL
    SYMBOL:  ID_CERTIFICATED_FLAG
    MODULE:  .\operation.obj (OPERATION)
    ADDRESS: 13E4H

*** WARNING L2: REFERENCE MADE TO UNRESOLVED EXTERNAL
    SYMBOL:  ID_CERTIFICATED_NUMBERS
    MODULE:  .\operation.obj (OPERATION)
    ADDRESS: 13E6H

*** WARNING L2: REFERENCE MADE TO UNRESOLVED EXTERNAL
    SYMBOL:  SLAVE_NEARBY_ACTIONED_FLAG
    MODULE:  .\operation.obj (OPERATION)
    ADDRESS: 13E9H

*** WARNING L2: REFERENCE MADE TO UNRESOLVED EXTERNAL
    SYMBOL:  ELECMOTOR_CW
    MODULE:  .\operation.obj (OPERATION)
    ADDRESS: 13EBH

*** WARNING L2: REFERENCE MADE TO UNRESOLVED EXTERNAL
    SYMBOL:  JUST_POWER_UP
    MODULE:  .\operation.obj (OPERATION)
    ADDRESS: 13F1H

*** WARNING L2: REFERENCE MADE TO UNRESOLVED EXTERNAL
    SYMBOL:  AUTOLOCK_G
    MODULE:  .\operation.obj (OPERATION)
    ADDRESS: 13F5H

*** WARNING L2: REFERENCE MADE TO UNRESOLVED EXTERNAL
    SYMBOL:  TIMER0_COUNT2
    MODULE:  .\operation.obj (OPERATION)
    ADDRESS: 13F8H

*** WARNING L2: REFERENCE MADE TO UNRESOLVED EXTERNAL
    SYMBOL:  SLAVE_NEARBY_ACTIONED_FLAG
    MODULE:  .\operation.obj (OPERATION)
    ADDRESS: 0F4EH

*** WARNING L2: REFERENCE MADE TO UNRESOLVED EXTERNAL
    SYMBOL:  AUTOLOCK_G
    MODULE:  .\operation.obj (OPERATION)
    ADDRESS: 0F51H

*** WARNING L2: REFERENCE MADE TO UNRESOLVED EXTERNAL
    SYMBOL:  OPEN_ACTION_FLAG
    MODULE:  .\operation.obj (OPERATION)
    ADDRESS: 0F54H

*** WARNING L2: REFERENCE MADE TO UNRESOLVED EXTERNAL
    SYMBOL:  SLAVE_NEARBY_ACTIONED_FLAG
    MODULE:  .\operation.obj (OPERATION)
BL51 BANKED LINKER/LOCATER V6.22                                                      12/02/2015  14:21:40  PAGE 68


    ADDRESS: 0F7AH

*** WARNING L2: REFERENCE MADE TO UNRESOLVED EXTERNAL
    SYMBOL:  AUTOLOCK_G
    MODULE:  .\operation.obj (OPERATION)
    ADDRESS: 0F7DH

*** WARNING L2: REFERENCE MADE TO UNRESOLVED EXTERNAL
    SYMBOL:  ELECMOTOR_ACW
    MODULE:  .\operation.obj (OPERATION)
    ADDRESS: 0F80H

*** WARNING L2: REFERENCE MADE TO UNRESOLVED EXTERNAL
    SYMBOL:  OPEN_ACTION_FLAG
    MODULE:  .\operation.obj (OPERATION)
    ADDRESS: 0F84H

*** WARNING L2: REFERENCE MADE TO UNRESOLVED EXTERNAL
    SYMBOL:  IDKEY_SPEECH_FLASH
    MODULE:  .\operation.obj (OPERATION)
    ADDRESS: 0F8AH

*** WARNING L2: REFERENCE MADE TO UNRESOLVED EXTERNAL
    SYMBOL:  ID_SPEECHED_FLAG
    MODULE:  .\operation.obj (OPERATION)
    ADDRESS: 0F8CH

*** WARNING L2: REFERENCE MADE TO UNRESOLVED EXTERNAL
    SYMBOL:  TIMER0_COUNT2
    MODULE:  .\operation.obj (OPERATION)
    ADDRESS: 0F8FH

*** WARNING L2: REFERENCE MADE TO UNRESOLVED EXTERNAL
    SYMBOL:  TIMER0_COUNT2
    MODULE:  .\operation.obj (OPERATION)
    ADDRESS: 0EABH

*** WARNING L2: REFERENCE MADE TO UNRESOLVED EXTERNAL
    SYMBOL:  TIMER0_COUNT2
    MODULE:  .\operation.obj (OPERATION)
    ADDRESS: 149FH

*** WARNING L1: UNRESOLVED EXTERNAL SYMBOL
    SYMBOL:  HOST_STOLEN_ALARMING
    MODULE:  .\Other.obj (OTHER)

*** WARNING L1: UNRESOLVED EXTERNAL SYMBOL
    SYMBOL:  EN_HOST_STOLEN_ALARMING
    MODULE:  .\Other.obj (OTHER)

*** WARNING L2: REFERENCE MADE TO UNRESOLVED EXTERNAL
    SYMBOL:  HOST_STOLEN_ALARMING
    MODULE:  .\Other.obj (OTHER)
    ADDRESS: 1199H

*** WARNING L2: REFERENCE MADE TO UNRESOLVED EXTERNAL
    SYMBOL:  EN_HOST_STOLEN_ALARMING
BL51 BANKED LINKER/LOCATER V6.22                                                      12/02/2015  14:21:40  PAGE 69


    MODULE:  .\Other.obj (OTHER)
    ADDRESS: 119DH

*** WARNING L1: UNRESOLVED EXTERNAL SYMBOL
    SYMBOL:  LOAD_BATTERY_RESULT
    MODULE:  .\voice.obj (VOICE)

*** WARNING L1: UNRESOLVED EXTERNAL SYMBOL
    SYMBOL:  SLAVE_NEARBY_ACTIONED_FLAG
    MODULE:  .\voice.obj (VOICE)

*** WARNING L1: UNRESOLVED EXTERNAL SYMBOL
    SYMBOL:  ID_SPEECHED_FLAG
    MODULE:  .\voice.obj (VOICE)

*** WARNING L1: UNRESOLVED EXTERNAL SYMBOL
    SYMBOL:  FLASHING_FLAG
    MODULE:  .\voice.obj (VOICE)

*** WARNING L1: UNRESOLVED EXTERNAL SYMBOL
    SYMBOL:  EN_HOST_STOLEN_ALARMING
    MODULE:  .\voice.obj (VOICE)

*** WARNING L1: UNRESOLVED EXTERNAL SYMBOL
    SYMBOL:  CHECK_MOTOBATTERY_FLAG
    MODULE:  .\voice.obj (VOICE)

*** WARNING L1: UNRESOLVED EXTERNAL SYMBOL
    SYMBOL:  NEVER_ALARM_SPEECH
    MODULE:  .\voice.obj (VOICE)

*** WARNING L1: UNRESOLVED EXTERNAL SYMBOL
    SYMBOL:  CHECK_MOTOBATTERY_COUNT
    MODULE:  .\voice.obj (VOICE)

*** WARNING L1: UNRESOLVED EXTERNAL SYMBOL
    SYMBOL:  OPEN_ACTION_FLAG
    MODULE:  .\voice.obj (VOICE)

*** WARNING L2: REFERENCE MADE TO UNRESOLVED EXTERNAL
    SYMBOL:  FLASHING_FLAG
    MODULE:  .\voice.obj (VOICE)
    ADDRESS: 1904H

*** WARNING L2: REFERENCE MADE TO UNRESOLVED EXTERNAL
    SYMBOL:  OPEN_ACTION_FLAG
    MODULE:  .\voice.obj (VOICE)
    ADDRESS: 1907H

*** WARNING L2: REFERENCE MADE TO UNRESOLVED EXTERNAL
    SYMBOL:  SLAVE_NEARBY_ACTIONED_FLAG
    MODULE:  .\voice.obj (VOICE)
    ADDRESS: 190CH

*** WARNING L2: REFERENCE MADE TO UNRESOLVED EXTERNAL
    SYMBOL:  ID_SPEECHED_FLAG
    MODULE:  .\voice.obj (VOICE)
BL51 BANKED LINKER/LOCATER V6.22                                                      12/02/2015  14:21:40  PAGE 70


    ADDRESS: 190FH

*** WARNING L2: REFERENCE MADE TO UNRESOLVED EXTERNAL
    SYMBOL:  ID_SPEECHED_FLAG
    MODULE:  .\voice.obj (VOICE)
    ADDRESS: 1915H

*** WARNING L2: REFERENCE MADE TO UNRESOLVED EXTERNAL
    SYMBOL:  CHECK_MOTOBATTERY_COUNT
    MODULE:  .\voice.obj (VOICE)
    ADDRESS: 1430H

*** WARNING L2: REFERENCE MADE TO UNRESOLVED EXTERNAL
    SYMBOL:  CHECK_MOTOBATTERY_FLAG
    MODULE:  .\voice.obj (VOICE)
    ADDRESS: 143DH

*** WARNING L2: REFERENCE MADE TO UNRESOLVED EXTERNAL
    SYMBOL:  EN_HOST_STOLEN_ALARMING
    MODULE:  .\voice.obj (VOICE)
    ADDRESS: 1440H

*** WARNING L2: REFERENCE MADE TO UNRESOLVED EXTERNAL
    SYMBOL:  LOAD_BATTERY_RESULT
    MODULE:  .\voice.obj (VOICE)
    ADDRESS: 1453H

*** WARNING L2: REFERENCE MADE TO UNRESOLVED EXTERNAL
    SYMBOL:  CHECK_MOTOBATTERY_FLAG
    MODULE:  .\voice.obj (VOICE)
    ADDRESS: 145FH

*** WARNING L2: REFERENCE MADE TO UNRESOLVED EXTERNAL
    SYMBOL:  NEVER_ALARM_SPEECH
    MODULE:  .\voice.obj (VOICE)
    ADDRESS: 1AC1H

*** WARNING L2: REFERENCE MADE TO UNRESOLVED EXTERNAL
    SYMBOL:  NEVER_ALARM_SPEECH
    MODULE:  .\voice.obj (VOICE)
    ADDRESS: 1AC4H

Program Size: data=55.0 xdata=162 code=6903
LINK/LOCATE RUN COMPLETE.  188 WARNING(S),  0 ERROR(S)
