C51 COMPILER V9.54   VOICE                                                                 12/02/2015 14:21:39 PAGE 1   


C51 COMPILER V9.54, COMPILATION OF MODULE VOICE
OBJECT MODULE PLACED IN .\voice.obj
COMPILER INVOKED BY: D:\Program Files (x86)\Keil_v5\C51\BIN\C51.EXE ..\Library\voice.c COMPACT ROM(COMPACT) OPTIMIZE(8,S
                    -PEED) BROWSE INCDIR(..\Library) DEBUG OBJECTEXTEND PRINT(.\voice.lst) TABS(3) OBJECT(.\voice.obj)

line level    source

   1          /*---------------------------------------------------
   2             voice.c (v1.00)
   3             通用语音文件
   4          ---------------------------------------------------*/
   5          
   6          #include "main.h"
   7          #include "port.h"
   8          
   9          #include "voice.h"
  10          #include "Delay.h"
  11          #include "communication.h"
  12          #include "Other.h"
  13          #include "battery.h"
  14          
  15          /*------ private variable --------------------------*/
  16          tByte key_rotate_on_speech_number = 1;    // 循环报两段开机语音
  17                                                      
  18          extern bit flashing_flag;
  19          extern tByte Open_action_flag;      
  20          extern bit slave_nearby_actioned_flag;
  21          extern bit ID_speeched_flag;
  22          extern tByte Check_Motobattery_count;
  23          extern bit Check_Motobattery_flag;
  24          extern bit EN_host_stolen_alarming;
  25          extern tWord load_battery_result;
  26          extern bit fell_flag;                  
  27          extern bit raised_flag;          
  28          extern tWord ADC_check_result;      
  29          extern bit battery_stolen_EN;       
  30          extern bit never_alarm_speech;
  31           
  32          /*--------------------------------------------------
  33             SC_Speech()
  34             按段数发送脉冲，即可报第几段语音。
  35          ---------------------------------------------------*/
  36          void SC_Speech(tByte cnt)
  37             {
  38   1         tByte ii;
  39   1         SC_RST = 0;
  40   1      // delay_ms(100);
  41   1         Delay_50ms();
  42   1         SC_RST = 1;
  43   1      // delay_ms(150);
  44   1         Delay_50ms();
  45   1         for(ii=0; ii < cnt; ii++)
  46   1            {
  47   2            SC_DATA = 1; 
  48   2            delay_us(20);
  49   2            SC_DATA = 0; 
  50   2            delay_us(20);
  51   2            }
  52   1         }
  53          
  54          /*-------------------------------------------------
C51 COMPILER V9.54   VOICE                                                                 12/02/2015 14:21:39 PAGE 2   

  55             InitVoice()
  56             Initialise Voice IC, shielding voice by accident on powerup.
  57          --------------------------------------------------*/
  58          void InitVoice()
  59             {
  60   1         P14=0;
  61   1         SC_DATA = 0;
  62   1         SC_RST = 0;
  63   1         delay_us(350); 
  64   1         SC_RST = 1;
  65   1         delay_us(350);
  66   1         P14 = 1; 
  67   1         voice_EN = 0;           // Close speaker.
  68   1         }
  69          
  70          /*----------------------------------------------------
  71             key_rotate_on_speech()
  72             钥匙旋转至ON后，语音提示
  73          -----------------------------------------------------*/
  74          void key_rotate_on_speech(void)
  75             {
  76   1         #ifdef Taili
                 voice_EN = 1;
                 SC_Speech(26);  
                 Delay(100);
                 voice_EN = 0;
                 #endif
  82   1      
  83   1         #ifdef Shengbaolong
  84   1         voice_EN = 1;
  85   1         SC_Speech(11);  
  86   1         Delay(30);
  87   1         SC_Speech(14);  
  88   1         Delay(30);
  89   1         SC_Speech(10);  
  90   1         Delay(100); 
  91   1         voice_EN = 0;  
  92   1         #endif
  93   1         }
  94             
  95          /*-----------------------------------------------------
  96             key_rotate_off_speech()
  97             钥匙旋转到OFF后，语音提示
  98          void key_rotate_off_speech(void)
  99             {
 100             voice_EN = 1;
 101             SC_Speech(13);
 102             Delay(40);
 103             voice_EN = 0;
 104             }
 105          ------------------------------------------------------*/
 106          
 107          /*----------------------------------------------------
 108             motorBAT_low_speech()
 109             主机电瓶电量低于最小限定值，语音提示电量不足。
 110          -----------------------------------------------------*/
 111          void motorBAT_low_speech(void)
 112             {
 113   1         voice_EN = 1;
 114   1         SC_Speech(4);
 115   1         Delay(80);
 116   1         voice_EN = 0;
C51 COMPILER V9.54   VOICE                                                                 12/02/2015 14:21:39 PAGE 3   

 117   1         }
 118          
 119          /*----------------------------------------------------
 120             Battery_hint()
 121             第一次碰主机，会有一句提示语音
 122          --------------------------------------------------------*/
 123          void Battery_hint(void)
 124             {
 125   1         voice_EN = 1;
 126   1         SC_Speech(24); 
 127   1         Delay(1);
 128   1         voice_EN = 0;
 129   1         }
 130          
 131          /*----------------------------------------------------
 132             ID_speech()
 133             第一次碰主机，会有一句提示语音
 134          --------------------------------------------------------*/
 135          void ID_speech(void)
 136             {
 137   1         voice_EN = 1;
 138   1         SC_Speech(24); 
 139   1         Delay(30);
 140   1         voice_EN = 0;
 141   1         }
 142          
 143          /*----------------------------------------------------
 144             Self_learn_speech()
 145             第一次碰主机，会有一句提示语音
 146          --------------------------------------------------------*/
 147          void Self_learn_speech(void)
 148             {
 149   1         voice_EN = 1;
 150   1         SC_Speech(25); 
 151   1         Delay(30);
 152   1         voice_EN = 0;
 153   1         flashing_flag = 0;
 154   1         }
 155          
 156          /*----------------------------------------------------
 157             host_touch_speech()
 158             第一次碰主机，会有一句提示语音
 159          --------------------------------------------------------*/
 160          void host_touch_speech(void)
 161             {
 162   1         voice_EN = 1;
 163   1         SC_Speech(2);  
 164   1         Delay(90);
 165   1         voice_EN = 0;
 166   1         Delay(30);
 167   1         }
 168          
 169          /*-----------------------------------------------------
 170             host_2ndtouch_speech()
 171             第二次触碰主机，再报一个提示语音
 172          -------------------------------------------------------*/
 173          void host_2ndtouch_speech(void)
 174             {
 175   1         voice_EN = 1;
 176   1         SC_Speech(19);  
 177   1         Delay(140);
 178   1         voice_EN = 0;
C51 COMPILER V9.54   VOICE                                                                 12/02/2015 14:21:39 PAGE 4   

 179   1      // Delay(10);
 180   1         }
 181             
 182          /*----------------------------------------------------
 183             stolen_alarm_speech()
 184             判断为被盗的时候，发出报警语音第一段
 185          ----------------------------------------------------*/
 186          void stolen_alarm_speech1(void)
 187             {
 188   1         voice_EN = 1;
 189   1         SC_Speech(16); 
 190   1         Delay(60);
 191   1         voice_EN = 0; 
 192   1         }
 193          
 194          /*----------------------------------------------------
 195             stolen_alarm_speech()
 196             判断为被盗的时候，发出报警语音第二段
 197          ----------------------------------------------------*/
 198           void stolen_alarm_speech2(void)
 199             {
 200   1         voice_EN = 1;
 201   1         SC_Speech(3); 
 202   1         Delay(180);
 203   1         voice_EN = 0;
 204   1         Delay(20);
 205   1         }
 206          
 207          /*----------------------------------------------------
 208             open_lock_speech()
 209             附机在主机附近，通过认证后，语音提示
 210          -----------------------------------------------------*/
 211          void open_lock_speech(void)
 212             {
 213   1         #ifdef Tailing
                 voice_EN = 1;
                 SC_Speech(22);  
                 Delay(30);
                 SC_Speech(14);  
                 Delay(40);
                 voice_EN = 0;
                 #endif
 221   1      
 222   1         // 车锁已打开
 223   1         voice_EN=1;
 224   1         SC_Speech(17); 
 225   1         Delay(60);
 226   1         voice_EN=0;
 227   1         }
 228          
 229          /*----------------------------------------------------
 230             close_lock_speech()
 231             判断附机离开，语音提示
 232          -----------------------------------------------------*/
 233          void close_lock_speech(void)
 234             {
 235   1         voice_EN = 1;
 236   1         SC_Speech(18);  
 237   1         Delay(60);
 238   1         voice_EN = 0;
 239   1         }
 240          
C51 COMPILER V9.54   VOICE                                                                 12/02/2015 14:21:39 PAGE 5   

 241          /*----------------------------------------------------
 242             battery_stolen_speech()
 243             主机检测到电平不在时，语音提示电平被盗
 244          -----------------------------------------------------*/
 245          void battery_stolen_speech(void)
 246             {
 247   1         voice_EN = 1;
 248   1         SC_Speech(15);  
 249   1         Delay(100);
 250   1         voice_EN = 0;
 251   1         }
 252          
 253          /*----------------------------------------------------
 254             Cutting_Wire_Voice()
 255             有人剪断锁线的时候，播报的语音
 256          -----------------------------------------------------*/
 257          void Cutting_Wire_Voice(void)
 258             {
 259   1         voice_EN = 1;
 260   1         SC_Speech(28);  
 261   1         Delay(120);
 262   1         voice_EN = 0;
 263   1         }
 264          
 265          /*----------------------------------------------------
 266             Product_Test_Voice()
 267             测试程序中的语音提示
 268          -----------------------------------------------------*/
 269          void Product_Test_Voice(void)
 270             {
 271   1         voice_EN = 1;
 272   1         SC_Speech(21);  
 273   1         Delay(150);
 274   1         voice_EN = 0;
 275   1         }
 276          
 277          /*---------------------------------------------------------------
 278             Battery_low_alarm_speech()
 279             用于附机，当电池电量低于一定值，语音提示
 280          ----------------------------------------------------------------*/
 281          void Battery_low_alarm_speech(void)
 282             {
 283   1         voice_EN = 1;
 284   1         SC_Speech(6);
 285   1         Delay(80);
 286   1         voice_EN = 0;
 287   1         }
 288          
 289          /*---------------------------------------------------------------
 290             Battery_high_alarm_speech()
 291             用于附机，电量高于一定值的时候，语音提示
 292          ----------------------------------------------------------------*/
 293          void Battery_high_alarm_speech(void)
 294             {
 295   1         voice_EN = 1;
 296   1         SC_Speech(5);
 297   1         Delay(50);
 298   1         voice_EN = 0;
 299   1         }
 300          
 301          /*-------------------------------------------------------------
 302             Alarm_stolen_speech()
C51 COMPILER V9.54   VOICE                                                                 12/02/2015 14:21:39 PAGE 6   

 303             用于附机，主机被盗报警
 304          ---------------------------------------------------------------*/
 305          void Alarm_stolen_speech(void)
 306             {
 307   1         voice_EN = 1;
 308   1         SC_Speech(4);
 309   1         Delay(180);
 310   1         voice_EN = 0;
 311   1         }
 312             
 313          /*--------------------------------------------------------------
 314             Alarm_raised_speech()
 315             用于附机，主机被抬起报警
 316          ---------------------------------------------------------------*/
 317          void Alarm_raised_speech(void)
 318             {
 319   1         voice_EN = 1;
 320   1         SC_Speech(3);
 321   1         Delay(140);
 322   1         voice_EN = 0;
 323   1         }
 324             
 325          /*--------------------------------------------------------------
 326             Alarm_fell_speech()
 327             用于附机，主机倒地报警
 328          ----------------------------------------------------------------*/
 329          void Alarm_fell_speech(void)
 330             {
 331   1         voice_EN = 1;
 332   1         SC_Speech(2);
 333   1         Delay(120);
 334   1         voice_EN = 0;
 335   1         }
 336             
 337          /*---------------------------------------------------------------
 338             Host_battery_high_alarm_speech()
 339             用于附机，主机电量充满提示
 340          ---------------------------------------------------------------*/
 341          void Host_battery_high_alarm_speech(void)
 342             {
 343   1         voice_EN = 1;
 344   1         SC_Speech(11);  
 345   1         Delay(80);
 346   1         voice_EN = 0;
 347   1         }
 348          
 349          /*---------------------------------------------------------------
 350             battery_stolen_speech_F3()
 351             用于附机，主机电池被盗报警
 352          ---------------------------------------------------------------*/
 353          void battery_stolen_speech_F3(void)
 354             {
 355   1         voice_EN = 1;
 356   1         SC_Speech(7);  
 357   1         Delay(50);
 358   1         voice_EN = 0;
 359   1         }
 360             
 361          /*---------------------------------------------------------------
 362             wire_broken_speech(void)
 363             用于附机，主机锁线被剪断报警
 364          ----------------------------------------------------------------*/
C51 COMPILER V9.54   VOICE                                                                 12/02/2015 14:21:39 PAGE 7   

 365          void wire_broken_speech(void)
 366             {
 367   1         voice_EN = 1;
 368   1         SC_Speech(8);  
 369   1         Delay(80);
 370   1         voice_EN = 0;  
 371   1         }
 372          
 373          /*---------------------------------------------------------------
 374             lock_rotated_on_speech(void)
 375             用于附机，主机锁线被剪断报警
 376          ----------------------------------------------------------------*/
 377          void lock_rotated_on_speech(void)
 378             {
 379   1         voice_EN = 1;
 380   1         SC_Speech(12);  
 381   1         Delay(80);
 382   1         voice_EN = 0;  
 383   1         }
 384          /*---------------------------------------------------------------
 385             lock_rotated_off_speech(void)
 386             用于附机，主机锁线被剪断报警
 387          ----------------------------------------------------------------*/
 388          void lock_rotated_off_speech(void)
 389             {
 390   1         voice_EN = 1;
 391   1         SC_Speech(13);  
 392   1         Delay(80);
 393   1         voice_EN = 0;  
 394   1         }
 395          
 396          /*-------------------------------------------------------------
 397             IDcerted_speech()
 398          -------------------------------------------------------------*/
 399          void IDcerted_speech(void)
 400             {
 401   1         #ifdef ID
                 ID_speech();
                 #endif
 404   1         
 405   1         #ifdef WX
 406   1         if((Open_action_flag == 0)&&(slave_nearby_actioned_flag == 0)&&(ID_speeched_flag == 0))
 407   1            {     
 408   2            ID_speech();
 409   2            
 410   2            ID_speeched_flag = 1;
 411   2            }
 412   1         #endif
 413   1         }
 414          /*-------------------------------------------------------------
 415             Accumulator_voice_promot()
 416          -------------------------------------------------------------*/   
 417          void Accumulator_voice_promot(void)
 418             {
 419   1         if(++Check_Motobattery_count > 3)
 420   1            {
 421   2            Check_Motobattery_count = 5;
 422   2            if((Check_Motobattery_flag == 1)&&(EN_host_stolen_alarming == 0)&&(fell_flag == 0)&&(raised_flag == 0)&&
             -(battery_stolen_EN == 0))
 423   2               {
 424   3               load_battery_result = ADC_check_result;
 425   3               verifybattery(load_battery_result);
C51 COMPILER V9.54   VOICE                                                                 12/02/2015 14:21:39 PAGE 8   

 426   3               Check_Motobattery_flag = 0;
 427   3               }
 428   2            }
 429   1         }
 430          
 431          /*--------------------------------------------------------
 432             Enter_noguard_voice()
 433          --------------------------------------------------------*/
 434          void Enter_noguard_voice()
 435             {
 436   1         if(never_alarm_speech == 1)
 437   1            {
 438   2            never_alarm_speech = 0;
 439   2            Self_learn_speech();             
 440   2            }  
 441   1         }
 442             
 443          /*---------------------------------------------------
 444             end of file
 445          ----------------------------------------------------*/


MODULE INFORMATION:   STATIC OVERLAYABLE
   CODE SIZE        =    547    ----
   CONSTANT SIZE    =   ----    ----
   XDATA SIZE       =   ----    ----
   PDATA SIZE       =      1       2
   DATA SIZE        =   ----    ----
   IDATA SIZE       =   ----    ----
   BIT SIZE         =   ----    ----
END OF MODULE INFORMATION.


C51 COMPILATION COMPLETE.  0 WARNING(S),  0 ERROR(S)
