BL51 BANKED LINKER/LOCATER V6.22                                                        11/04/2016  15:27:05  PAGE 1


BL51 BANKED LINKER/LOCATER V6.22, INVOKED BY:
D:\PROGRAM FILES (X86)\KEIL_V5\C51\BIN\BL51.EXE .\AD.obj, .\Battery.obj, .\communication.obj, .\Delay.obj, .\operation.o
>> bj, .\Other.obj, .\pwm.obj, .\Timer.obj, .\UART.obj, .\voice.obj, .\ISP_DataFlash.obj, .\ElecMotor.obj, .\hSch51.obj,
>>  Main.obj TO DDC-Z - Locktest - new RAMSIZE (256)


MEMORY MODEL: COMPACT


INPUT MODULES INCLUDED:
  .\AD.obj (AD)
  .\Battery.obj (BATTERY)
  .\communication.obj (COMMUNICATION)
  .\Delay.obj (DELAY)
  .\operation.obj (OPERATION)
  .\Other.obj (OTHER)
  .\pwm.obj (PWM)
  .\Timer.obj (TIMER)
  .\UART.obj (UART)
  .\voice.obj (VOICE)
  .\ISP_DataFlash.obj (ISP_DATAFLASH)
  .\ElecMotor.obj (ELECMOTOR)
  .\hSch51.obj (HSCH51)
  Main.obj (MAIN)
  D:\PROGRAM FILES (X86)\KEIL_V5\C51\LIB\C51C.LIB (?C_STARTUP)
  D:\PROGRAM FILES (X86)\KEIL_V5\C51\LIB\C51C.LIB (?C?CLDPTR)
  D:\PROGRAM FILES (X86)\KEIL_V5\C51\LIB\C51C.LIB (?C?LMUL)
  D:\PROGRAM FILES (X86)\KEIL_V5\C51\LIB\C51C.LIB (?C?ULDIV)
  D:\PROGRAM FILES (X86)\KEIL_V5\C51\LIB\C51C.LIB (?C?LNEG)
  D:\PROGRAM FILES (X86)\KEIL_V5\C51\LIB\C51C.LIB (?C?ICALL)
  D:\PROGRAM FILES (X86)\KEIL_V5\C51\LIB\C51C.LIB (?C?LIMUL)
  D:\PROGRAM FILES (X86)\KEIL_V5\C51\LIB\C51C.LIB (?C_INIT)


LINK MAP OF MODULE:  DDC-Z - Locktest - new (AD)


            TYPE    BASE      LENGTH    RELOCATION   SEGMENT NAME
            -----------------------------------------------------

            * * * * * * *   D A T A   M E M O R Y   * * * * * * *
            REG     0000H     0008H     ABSOLUTE     "REG BANK 0"
            DATA    0008H     0010H     UNIT         ?DT?HSCH51
                    0018H     0008H                  *** GAP ***
            BIT     0020H.0   0003H.1   UNIT         ?BI?MAIN
            BIT     0023H.1   0000H.3   UNIT         ?BI?OPERATION
            BIT     0023H.4   0000H.1   UNIT         ?BI?ELECMOTOR
            BIT     0023H.5   0000H.1   UNIT         ?BI?_HSCH_ADD_TASK?HSCH51
            BIT     0023H.6   0000H.1   UNIT         ?BI?_HSCH_DELETE_TASK?HSCH51
                    0023H.7   0000H.1                *** GAP ***
            IDATA   0024H     0001H     UNIT         ?STACK

            * * * * * * *  X D A T A   M E M O R Y  * * * * * * *
            XDATA   0000H     0002H     INPAGE       ?PD?_VERIFYBATTERY?BATTERY
            XDATA   0002H     0002H     INPAGE       ?PD?BATTERY
            XDATA   0004H     0003H     INPAGE       ?PD?INITSIGNAL?COMMUNICATION
            XDATA   0007H     0003H     INPAGE       ?PD?INITSIGNAL_F?COMMUNICATION
            XDATA   000AH     0003H     INPAGE       ?PD?_SEND_DATA?COMMUNICATION
BL51 BANKED LINKER/LOCATER V6.22                                                      11/04/2016  15:27:05  PAGE 2


            XDATA   000DH     0003H     INPAGE       ?PD?_COMMODE_DATA?COMMUNICATION
            XDATA   0010H     0003H     INPAGE       ?PD?_COMMODE_DATA_WX?COMMUNICATION
            XDATA   0013H     0002H     INPAGE       ?PD?_UART_SEND_DATA?COMMUNICATION
            XDATA   0015H     0002H     INPAGE       ?PD?_UART_SEND_DATA_F?COMMUNICATION
            XDATA   0017H     0002H     INPAGE       ?PD?_UART_SEND_DATA_F2?COMMUNICATION
            XDATA   0019H     0001H     INPAGE       ?PD?_UART_SEND_DATA_F3?COMMUNICATION
            XDATA   001AH     0004H     INPAGE       ?PD?_SEND_CODE_TO_LOCK?COMMUNICATION
            XDATA   001EH     0004H     INPAGE       ?PD?_SEND_CODE_TO_LOCK_TAILI?COMMUNICATION
            XDATA   0022H     0001H     INPAGE       ?PD?_UART_SEND_DATA_BROADTEST?COMMUNICATION
            XDATA   0023H     0007H     INPAGE       ?PD?COMMUNICATION
            XDATA   002AH     0004H     INPAGE       ?PD?_CUSTOM_DELAY?DELAY
            XDATA   002EH     0002H     INPAGE       ?PD?_MAGNET_DELAY?DELAY
            XDATA   0030H     0002H     INPAGE       ?PD?DELAY
            XDATA   0032H     000AH     INPAGE       ?PD?OPERATION
            XDATA   003CH     0004H     INPAGE       ?PD?_MAGNET_CW?OTHER
            XDATA   0040H     0004H     INPAGE       ?PD?_MAGNET_CW_TAILI?OTHER
            XDATA   0044H     0002H     INPAGE       ?PD?PWM
            XDATA   0046H     0002H     INPAGE       ?PD?_INITTIMER?TIMER
            XDATA   0048H     0002H     INPAGE       ?PD?_INITT0?TIMER
            XDATA   004AH     0004H     INPAGE       ?PD?TIMER
            XDATA   004EH     0003H     INPAGE       ?PD?_SENDNBYTE?UART
            XDATA   0051H     0002H     INPAGE       ?PD?_SC_SPEECH?VOICE
            XDATA   0053H     0001H     INPAGE       ?PD?VOICE
            XDATA   0054H     0002H     INPAGE       ?PD?_FLASH_PAGE_ERASE?ISP_DATAFLASH
            XDATA   0056H     0003H     INPAGE       ?PD?_FLASH_WRITE_DATA?ISP_DATAFLASH
            XDATA   0059H     0003H     INPAGE       ?PD?_FLASH_READ_DATA?ISP_DATAFLASH
            XDATA   005CH     0001H     INPAGE       ?PD?ELECMOTOR
            XDATA   005DH     0001H     INPAGE       ?PD?HSCH_DISPATCH_TASKS?HSCH51
            XDATA   005EH     0002H     INPAGE       ?PD?_HSCH_ADD_TASK?HSCH51
            XDATA   0060H     0004H     INPAGE       ?PD?HSCH51
            XDATA   0064H     0020H     INPAGE       ?PD?MAIN
            XDATA   0084H     0003H     INPAGE       _PDATA_GROUP_

            * * * * * * *   C O D E   M E M O R Y   * * * * * * *
            CODE    0000H     0003H     ABSOLUTE     
            CODE    0003H     01B3H     INBLOCK      ?PR?_VERIFYBATTERY?BATTERY
            CODE    01B6H     0177H     UNIT         ?C?LIB_CODE
            CODE    032DH     00B6H     UNIT         ?C_INITSEG
            CODE    03E3H     008CH     UNIT         ?C_C51STARTUP
            CODE    046FH     007DH     INBLOCK      ?PR?_HSCH_ADD_TASK?HSCH51
            CODE    04ECH     0078H     INBLOCK      ?PR?_GETADCRESULT?AD
            CODE    0564H     0075H     INBLOCK      ?PR?_INITTIMER?TIMER
            CODE    05D9H     0074H     INBLOCK      ?PR?INITSIGNAL?COMMUNICATION
            CODE    064DH     0073H     INBLOCK      ?PR?_SEND_CODE_TO_LOCK?COMMUNICATION
            CODE    06C0H     0073H     INBLOCK      ?PR?_SEND_CODE_TO_LOCK_TAILI?COMMUNICATION
            CODE    0733H     0073H     INBLOCK      ?PR?DETECT_SELFLEARN_ACTION?OPERATION
            CODE    07A6H     005AH     INBLOCK      ?PR?_UART_SEND_DATA?COMMUNICATION
            CODE    0800H     0071H     INBLOCK      ?PR?HSCH_DISPATCH_TASKS?HSCH51
            CODE    0871H     006FH     INBLOCK      ?PR?DETECT_VIBRATION?OPERATION
            CODE    08E0H     006AH     INBLOCK      ?PR?RECEIVE_BYTE?COMMUNICATION
            CODE    094AH     006AH     INBLOCK      ?PR?RECEIVE_BYTE_LOCK?COMMUNICATION
            CODE    09B4H     0062H     INBLOCK      ?PR?_PWM_CHANNEL?PWM
            CODE    0A16H     0060H     INBLOCK      ?PR?_SEND_DATA?COMMUNICATION
            CODE    0A76H     005BH     INBLOCK      ?PR?DETECT_CLOSE_ACTION?OPERATION
            CODE    0AD1H     005BH     INBLOCK      ?PR?MAIN?MAIN
            CODE    0B2CH     0056H     INBLOCK      ?PR?ELECMOTOR_CODE?ELECMOTOR
            CODE    0B82H     0056H     INBLOCK      ?PR?ELECMOTOR_CLOSECODE?ELECMOTOR
BL51 BANKED LINKER/LOCATER V6.22                                                      11/04/2016  15:27:05  PAGE 3


            CODE    0BD8H     0056H     INBLOCK      ?PR?ELECMOTOR_STOPCODE?ELECMOTOR
            CODE    0C2EH     004DH     INBLOCK      ?PR?_UART_SEND_DATA_F2?COMMUNICATION
            CODE    0C7BH     004CH     INBLOCK      ?PR?_INITT0?TIMER
            CODE    0CC7H     004BH     INBLOCK      ?PR?_UART_SEND_DATA_BROADTEST?COMMUNICATION
            CODE    0D12H     004BH     INBLOCK      ?PR?_HSCH_DELETE_TASK?HSCH51
            CODE    0D5DH     0048H     INBLOCK      ?PR?INITSIGNAL_F?COMMUNICATION
            CODE    0DA5H     0047H     INBLOCK      ?PR?_UART_SEND_DATA_F?COMMUNICATION
            CODE    0DECH     0047H     INBLOCK      ?PR?DISABLE_SENSOR?OTHER
            CODE    0E33H     0043H     INBLOCK      ?PR?SELF_LEARN_PROGRAMMING?ISP_DATAFLASH
            CODE    0E76H     0043H     INBLOCK      ?PR?SELF_LEARN_PROGRAMMING_F?ISP_DATAFLASH
            CODE    0EB9H     0041H     INBLOCK      ?PR?RECEIVE_WORD?COMMUNICATION
            CODE    0EFAH     003FH     INBLOCK      ?PR?_CUSTOM_DELAY?DELAY
            CODE    0F39H     003EH     INBLOCK      ?PR?_UART_SEND_DATA_F3?COMMUNICATION
            CODE    0F77H     003EH     INBLOCK      ?PR?_MAGNET_DELAY?DELAY
            CODE    0FB5H     0037H     INBLOCK      ?PR?DETECT_OPEN_ACTION?OPERATION
            CODE    0FECH     0014H     INBLOCK      ?PR?DISABLE_ISP?ISP_DATAFLASH
            CODE    1000H     0036H     INBLOCK      ?PR?_INITUART?UART
            CODE    1036H     0036H     INBLOCK      ?PR?_SC_SPEECH?VOICE
            CODE    106CH     0034H     INBLOCK      ?PR?_COMMODE_DATA_WX?COMMUNICATION
            CODE    10A0H     0032H     INBLOCK      ?PR?_COMMODE_DATA?COMMUNICATION
            CODE    10D2H     0032H     INBLOCK      ?PR?SLAVE_NEARBY_OPERATION?OPERATION
            CODE    1104H     0031H     INBLOCK      ?PR?DETECT_WHEEL_MOVING?OPERATION
            CODE    1135H     0031H     INBLOCK      ?PR?_MAGNET_CW?OTHER
            CODE    1166H     0031H     INBLOCK      ?PR?_MAGNET_CW_TAILI?OTHER
            CODE    1197H     002EH     INBLOCK      ?PR?BROADCAST_BATTERY?BATTERY
            CODE    11C5H     002EH     INBLOCK      ?PR?_FLASH_WRITE_DATA?ISP_DATAFLASH
            CODE    11F3H     002BH     INBLOCK      ?PR?_SENDNBYTE?UART
            CODE    121EH     0029H     INBLOCK      ?PR?ELECMOTOR_TEST?ELECMOTOR
            CODE    1247H     0026H     INBLOCK      ?PR?SELFLEARN_RESET?OPERATION
            CODE    126DH     0025H     INBLOCK      ?PR?ELECMOTOR_DELAY_ACW?ELECMOTOR
            CODE    1292H     0022H     INBLOCK      ?PR?ENSENSOR_AFTERIDCERT?OPERATION
            CODE    12B4H     0022H     INBLOCK      ?PR?ACCUMULATOR_VOICE_PROMOT?VOICE
            CODE    12D6H     0021H     INBLOCK      ?PR?ENSENSOR_AFTER_SLAVE_AWAY?OPERATION
            CODE    12F7H     0020H     INBLOCK      ?PR?_DELAY_MS?DELAY
            CODE    1317H     001FH     INBLOCK      ?PR?UART_SEND_DATA_MATCH_F?COMMUNICATION
            CODE    1336H     001FH     INBLOCK      ?PR?ELECMOTOR_CW?ELECMOTOR
            CODE    1355H     001FH     INBLOCK      ?PR?ELECMOTOR_DELAY_CW?ELECMOTOR
            CODE    1374H     001EH     INBLOCK      ?PR?SLAVE_AWAY_OPERATION?OPERATION
            CODE    1392H     001EH     INBLOCK      ?PR?ENSENSOR_AFTER_CLOSE?OPERATION
            CODE    13B0H     001EH     INBLOCK      ?PR?RESET_AFTER_STOLEN_ALARMING?OPERATION
            CODE    13CEH     001EH     INBLOCK      ?PR?_FLASH_READ_DATA?ISP_DATAFLASH
            CODE    13ECH     001AH     INBLOCK      ?PR?DELAY_1MS?DELAY
            CODE    1406H     001AH     INBLOCK      ?PR?DELAY_5MS?DELAY
            CODE    1420H     001AH     INBLOCK      ?PR?DELAY_10MS?DELAY
            CODE    143AH     001AH     INBLOCK      ?PR?DELAY_12MS?DELAY
            CODE    1454H     001AH     INBLOCK      ?PR?DELAY_50MS?DELAY
            CODE    146EH     001AH     INBLOCK      ?PR?DELAY_100MS?DELAY
            CODE    1488H     001AH     INBLOCK      ?PR?DELAY_500MS?DELAY
            CODE    14A2H     001AH     INBLOCK      ?PR?TRIGGER_ISP?ISP_DATAFLASH
            CODE    14BCH     0019H     INBLOCK      ?PR?_DELAY_US?DELAY
            CODE    14D5H     0019H     INBLOCK      ?PR?INITVOICE?VOICE
            CODE    14EEH     0018H     INBLOCK      ?PR?INIT_PWM?PWM
            CODE    1506H     0017H     INBLOCK      ?PR?UART_SEND_DATA_MATCH?COMMUNICATION
            CODE    151DH     0017H     INBLOCK      ?PR?_DELAY?DELAY
            CODE    1534H     0016H     INBLOCK      ?PR?FELL_ALARM_TO_SLAVE?OPERATION
            CODE    154AH     0016H     INBLOCK      ?PR?RAISE_ALARM_TO_SLAVE?OPERATION
            CODE    1560H     0016H     INBLOCK      ?PR?BATSTOLEN_ALARM_TO_SLAVE?OPERATION
BL51 BANKED LINKER/LOCATER V6.22                                                      11/04/2016  15:27:05  PAGE 4


            CODE    1576H     0015H     INBLOCK      ?PR?SELF_LEARN_SPEECH?VOICE
            CODE    158BH     0015H     INBLOCK      ?PR?_FLASH_PAGE_ERASE?ISP_DATAFLASH
            CODE    15A0H     0013H     INBLOCK      ?PR?ID_SPEECH?VOICE
            CODE    15B3H     0013H     INBLOCK      ?PR?HOST_TOUCH_SPEECH?VOICE
            CODE    15C6H     0013H     INBLOCK      ?PR?STOLEN_ALARM_SPEECH2?VOICE
            CODE    15D9H     0013H     INBLOCK      ?PR?OPEN_LOCK_SPEECH?VOICE
            CODE    15ECH     0013H     INBLOCK      ?PR?ENABLE_ISP?ISP_DATAFLASH
            CODE    15FFH     0010H     INBLOCK      ?PR?RESET_AFTER_WIREBROKEN?OPERATION
            CODE    160FH     0010H     INBLOCK      ?PR?ELECMOTOR_ACW?ELECMOTOR
            CODE    161FH     000FH     INBLOCK      ?PR?HSCH_MANUAL_TIMER0_RELOAD?TIMER
            CODE    162EH     000FH     INBLOCK      ?PR?MOTORBAT_LOW_SPEECH?VOICE
            CODE    163DH     000FH     INBLOCK      ?PR?BATTERY_HINT?VOICE
            CODE    164CH     000FH     INBLOCK      ?PR?HOST_2NDTOUCH_SPEECH?VOICE
            CODE    165BH     000FH     INBLOCK      ?PR?STOLEN_ALARM_SPEECH1?VOICE
            CODE    166AH     000FH     INBLOCK      ?PR?CLOSE_LOCK_SPEECH?VOICE
            CODE    1679H     000FH     INBLOCK      ?PR?BATTERY_STOLEN_SPEECH?VOICE
            CODE    1688H     000FH     INBLOCK      ?PR?CUTTING_WIRE_VOICE?VOICE
            CODE    1697H     000FH     INBLOCK      ?PR?PRODUCT_TEST_VOICE?VOICE
            CODE    16A6H     000FH     INBLOCK      ?PR?BATTERY_LOW_ALARM_SPEECH?VOICE
            CODE    16B5H     000FH     INBLOCK      ?PR?BATTERY_HIGH_ALARM_SPEECH?VOICE
            CODE    16C4H     000FH     INBLOCK      ?PR?ALARM_STOLEN_SPEECH?VOICE
            CODE    16D3H     000FH     INBLOCK      ?PR?ALARM_RAISED_SPEECH?VOICE
            CODE    16E2H     000FH     INBLOCK      ?PR?ALARM_FELL_SPEECH?VOICE
            CODE    16F1H     000FH     INBLOCK      ?PR?HOST_BATTERY_HIGH_ALARM_SPEECH?VOICE
            CODE    1700H     000FH     INBLOCK      ?PR?BATTERY_STOLEN_SPEECH_F3?VOICE
            CODE    170FH     000FH     INBLOCK      ?PR?WIRE_BROKEN_SPEECH?VOICE
            CODE    171EH     000FH     INBLOCK      ?PR?LOCK_ROTATED_ON_SPEECH?VOICE
            CODE    172DH     000FH     INBLOCK      ?PR?LOCK_ROTATED_OFF_SPEECH?VOICE
            CODE    173CH     000EH     INBLOCK      ?PR?_MAGNET_ACW?OTHER
            CODE    174AH     000EH     INBLOCK      ?PR?_MAGNET_ACW_TAILI?OTHER
            CODE    1758H     000DH     INBLOCK      ?PR?CHECK_MOTOR_ACCUMULATOR?BATTERY
            CODE    1765H     000CH     INBLOCK      ?PR?OPEN_TRANCEIVER_F?COMMUNICATION
            CODE    1771H     000CH     INBLOCK      ?PR?HOST_STOLEN_ACTION?OPERATION
            CODE    177DH     000CH     INBLOCK      ?PR?ENABLE_SENSOR?OTHER
            CODE    1789H     000BH     INBLOCK      ?PR?INITSENSOR?OPERATION
            CODE    1794H     0009H     INBLOCK      ?PR?CLOSE_TRANCEIVER_F?COMMUNICATION
            CODE    179DH     0009H     INBLOCK      ?PR?DISABLE_SENSOR_AFTER_IDCERT?OPERATION
            CODE    17A6H     0009H     INBLOCK      ?PR?ENTER_NOGUARD_VOICE?VOICE
            CODE    17AFH     0008H     INBLOCK      ?PR?MOTO_VIBRATION?OTHER
            CODE    17B7H     0008H     INBLOCK      ?PR?MYPWM?PWM
            CODE    17BFH     0008H     INBLOCK      ?PR?_SENDDATA?UART
            CODE    17C7H     0007H     INBLOCK      ?PR?INITTRANSCEIVER?COMMUNICATION
            CODE    17CEH     0005H     INBLOCK      ?PR?OPEN_TRANCEIVER?COMMUNICATION
            CODE    17D3H     0004H     INBLOCK      ?PR?SEOS_GO_TO_SLEEP?TIMER
            CODE    17D7H     0004H     INBLOCK      ?PR?HSCH_GO_TO_SLEEP?HSCH51
            CODE    17DBH     0003H     INBLOCK      ?PR?CLOSE_TRANCEIVER?COMMUNICATION
            CODE    17DEH     0003H     INBLOCK      ?PR?HSCH_START?TIMER
            CODE    17E1H     0003H     INBLOCK      ?PR?IDCERTED_SPEECH?VOICE
            CODE    17E4H     0003H     INBLOCK      ?PR?INITELECMOTOR?ELECMOTOR
            CODE    17E7H     0001H     INBLOCK      ?PR?KEY_ROTATE_ON_SPEECH?VOICE
            CODE    17E8H     0001H     INBLOCK      ?PR?HSCH_REPORT_STATUS?HSCH51
                    17E9H     1817H                  *** GAP ***
            CODE    3000H     0001H     ABSOLUTE     
            CODE    3001H     0001H     ABSOLUTE     
            CODE    3002H     0001H     ABSOLUTE     
            CODE    3003H     0001H     ABSOLUTE     
            CODE    3004H     0001H     ABSOLUTE     
BL51 BANKED LINKER/LOCATER V6.22                                                      11/04/2016  15:27:05  PAGE 5


            CODE    3005H     0001H     ABSOLUTE     



OVERLAY MAP OF MODULE:   DDC-Z - Locktest - new (AD)


SEGMENT                                            PDATA_GROUP
  +--> CALLED SEGMENT                            START    LENGTH
----------------------------------------------------------------
?C_C51STARTUP                                    -----    -----
  +--> ?PR?MAIN?MAIN
  +--> ?C_INITSEG

?PR?MAIN?MAIN                                    0084H    0001H
  +--> ?PR?HSCH_START?TIMER
  +--> ?PR?ELECMOTOR_CLOSECODE?ELECMOTOR
  +--> ?PR?DELAY_500MS?DELAY
  +--> ?PR?ELECMOTOR_STOPCODE?ELECMOTOR
  +--> ?PR?ELECMOTOR_CODE?ELECMOTOR

?PR?ELECMOTOR_CLOSECODE?ELECMOTOR                0085H    0002H
  +--> ?PR?DELAY_12MS?DELAY
  +--> ?PR?DELAY_5MS?DELAY

?PR?ELECMOTOR_STOPCODE?ELECMOTOR                 0085H    0002H
  +--> ?PR?DELAY_12MS?DELAY
  +--> ?PR?DELAY_5MS?DELAY

?PR?ELECMOTOR_CODE?ELECMOTOR                     0085H    0002H
  +--> ?PR?DELAY_12MS?DELAY
  +--> ?PR?DELAY_5MS?DELAY



UNRESOLVED EXTERNAL SYMBOLS:
   AFTER_IDCERT_TIMECOUNT
   AUTOLOCK_G
   DATA_COUNT
   EMERGENCY_OPEN_G
   EN_HOST_STOLEN_ALARMING
   FELL_ALARM_COUNT
   FELL_FLAG
   HOST_STOLEN_ALARM1_COUNT
   HOST_STOLEN_ALARM2_COUNT
   HOST_STOLEN_ALARM2_EN
   HOST_STOLEN_ALARMING
   ID_CERTIFICATED_FLAG
   ID_CERTIFICATED_NUMBERS
   ID_SELFLEARNING_FLAG
   ID_SELFLEARNING_TIMECOUNT
   JUST_POWER_UP
   ONE_RECEIVE_BYTE
   ONE_RECEIVE_BYTE_COUNT
   OPEN_ACTION_FLAG
   POSITION_SENSOR_EN
   RAISED_ALARM_COUNT
BL51 BANKED LINKER/LOCATER V6.22                                                      11/04/2016  15:27:05  PAGE 6


   RAISED_FLAG
   RECEIVED_DATA_BUFFER
   RECEIVE_DATA_FINISHED_FLAG
   RECEIVE_HV_COUNT
   RECEIVE_LV_COUNT
   RECEIVE_WIRE_FLAG
   SENSOR_2NDSTAGE_COUNT
   SENSOR_3RDSTAGE_COUNT
   SENSOR_3RDSTAGE_EFFCOUNT
   SENSOR_3RDSTAGE_TIME
   SPEECH_CLOSED_G
   SPEECH_CLOSED_TIME
   STOLEN_ALARM_RESET_COUNT
   TIMER0_COUNT2
   WIRE_BROKEN_RESET



SYMBOL TABLE OF MODULE:  DDC-Z - Locktest - new (AD)

  VALUE           TYPE          NAME
  ----------------------------------

  -------         MODULE        AD
  C:0000H         SYMBOL        _ICE_DUMMY_
  D:0080H         PUBLIC        P0
  D:0090H         PUBLIC        P1
  D:00A0H         PUBLIC        P2
  D:00B0H         PUBLIC        P3
  D:00A8H         PUBLIC        IE
  D:00E2H         PUBLIC        ADCH
  B:00F8H.4       PUBLIC        ADCI
  D:00B8H         PUBLIC        IP
  B:00F8H.3       PUBLIC        ADCS
  D:00F6H         PUBLIC        P0DIDS
  D:00D8H         PUBLIC        WDCON0
  D:0098H         PUBLIC        SCON
  D:0088H         PUBLIC        TCON
  B:00F8H.0       PUBLIC        AADR0
  B:00F8H.1       PUBLIC        AADR1
  B:00F8H.2       PUBLIC        AADR2
  D:00E8H         PUBLIC        EIE
  D:00F8H         PUBLIC        ADCCON0
  D:00E1H         PUBLIC        ADCCON1
  D:00C0H         PUBLIC        I2CON
  D:00C8H         PUBLIC        T2CON
  C:04ECH         PUBLIC        _GetADCResult
  D:00D0H         PUBLIC        PSW
  -------         PROC          _GETADCRESULT
  D:0007H         SYMBOL        ch
  -------         DO            
  D:0005H         SYMBOL        DataL
  D:0002H         SYMBOL        DataH
  -------         ENDDO         
  C:04ECH         LINE#         17
  C:04ECH         LINE#         18
  C:04ECH         LINE#         19
BL51 BANKED LINKER/LOCATER V6.22                                                      11/04/2016  15:27:05  PAGE 7


  C:04EDH         LINE#         20
  C:04EEH         LINE#         22
  C:04F3H         LINE#         23
  C:04F3H         LINE#         25
  C:04F6H         LINE#         27
  C:04F8H         LINE#         28
  C:04FAH         LINE#         29
  C:04FCH         LINE#         31
  C:04FFH         LINE#         33
  C:0501H         LINE#         34
  C:0503H         LINE#         36
  C:0505H         LINE#         37
  C:050CH         LINE#         39
  C:0510H         LINE#         40
  C:0522H         LINE#         42
  C:0526H         LINE#         43
  C:0526H         LINE#         45
  C:052BH         LINE#         46
  C:052BH         LINE#         48
  C:052EH         LINE#         51
  C:0530H         LINE#         52
  C:0532H         LINE#         53
  C:0534H         LINE#         55
  C:0537H         LINE#         57
  C:0539H         LINE#         58
  C:053BH         LINE#         60
  C:053DH         LINE#         61
  C:0544H         LINE#         63
  C:054AH         LINE#         64
  C:055CH         LINE#         66
  C:0560H         LINE#         67
  C:0560H         LINE#         69
  C:0563H         LINE#         70
  -------         ENDPROC       _GETADCRESULT
  -------         ENDMOD        AD

  -------         MODULE        BATTERY
  C:0000H         SYMBOL        _ICE_DUMMY_
  C:1758H         PUBLIC        Check_motor_accumulator
  D:0080H         PUBLIC        P0
  D:0090H         PUBLIC        P1
  D:00A0H         PUBLIC        P2
  D:00B0H         PUBLIC        P3
  X:0002H         PUBLIC        Check2_stage
  B:0090H.4       PUBLIC        voice_EN
  D:00A8H         PUBLIC        IE
  D:00B8H         PUBLIC        IP
  C:0003H         PUBLIC        _verifybattery
  D:00D8H         PUBLIC        WDCON0
  D:0098H         PUBLIC        SCON
  D:0088H         PUBLIC        TCON
  D:00E8H         PUBLIC        EIE
  D:00F8H         PUBLIC        ADCCON0
  X:0003H         PUBLIC        Battery_level
  D:00C0H         PUBLIC        I2CON
  D:00C8H         PUBLIC        T2CON
  B:00A0H.0       PUBLIC        SC_RST
BL51 BANKED LINKER/LOCATER V6.22                                                      11/04/2016  15:27:05  PAGE 8


  C:1197H         PUBLIC        Broadcast_battery
  D:00D0H         PUBLIC        PSW
  -------         PROC          CHECK_MOTOR_ACCUMULATOR
  C:1758H         LINE#         24
  C:1758H         LINE#         25
  C:1758H         LINE#         27
  C:1764H         LINE#         28
  -------         ENDPROC       CHECK_MOTOR_ACCUMULATOR
  -------         PROC          BROADCAST_BATTERY
  C:1197H         LINE#         35
  C:1197H         LINE#         36
  C:1197H         LINE#         37
  C:11B4H         LINE#         38
  C:11B4H         LINE#         39
  C:11BBH         LINE#         40
  C:11BBH         LINE#         41
  -------         ENDPROC       BROADCAST_BATTERY
  -------         PROC          _VERIFYBATTERY
  X:0000H         SYMBOL        Check2
  C:0003H         LINE#         48
  C:000AH         LINE#         49
  C:000AH         LINE#         52
  C:000CH         LINE#         53
  C:0011H         LINE#         54
  C:0016H         LINE#         56
  C:0022H         LINE#         57
  C:0022H         LINE#         58
  C:0024H         LINE#         59
  C:0024H         LINE#         60
  C:0026H         LINE#         61
  C:003DH         LINE#         62
  C:003DH         LINE#         63
  C:003FH         LINE#         64
  C:003FH         LINE#         65
  C:0041H         LINE#         66
  C:0058H         LINE#         67
  C:0058H         LINE#         68
  C:005DH         LINE#         69
  C:0062H         LINE#         70
  C:0064H         LINE#         71
  C:0064H         LINE#         72
  C:0066H         LINE#         73
  C:007DH         LINE#         74
  C:007DH         LINE#         75
  C:0082H         LINE#         76
  C:0087H         LINE#         77
  C:008CH         LINE#         78
  C:0091H         LINE#         79
  C:0093H         LINE#         80
  C:0093H         LINE#         81
  C:0095H         LINE#         82
  C:00ACH         LINE#         83
  C:00ACH         LINE#         84
  C:00B1H         LINE#         85
  C:00B6H         LINE#         86
  C:00BBH         LINE#         87
  C:00C0H         LINE#         88
BL51 BANKED LINKER/LOCATER V6.22                                                      11/04/2016  15:27:05  PAGE 9


  C:00C2H         LINE#         89
  C:00C2H         LINE#         90
  C:00C4H         LINE#         91
  C:00DBH         LINE#         92
  C:00DBH         LINE#         93
  C:00E0H         LINE#         94
  C:00E5H         LINE#         95
  C:00EAH         LINE#         96
  C:00EFH         LINE#         97
  C:00F1H         LINE#         98
  C:00F1H         LINE#         99
  C:00F3H         LINE#         100
  C:010AH         LINE#         101
  C:010AH         LINE#         102
  C:010FH         LINE#         103
  C:0114H         LINE#         104
  C:0119H         LINE#         105
  C:011EH         LINE#         106
  C:0120H         LINE#         107
  C:0120H         LINE#         108
  C:0122H         LINE#         109
  C:0139H         LINE#         110
  C:0139H         LINE#         111
  C:013EH         LINE#         112
  C:0143H         LINE#         113
  C:0148H         LINE#         114
  C:014DH         LINE#         115
  C:014FH         LINE#         116
  C:014FH         LINE#         117
  C:0151H         LINE#         118
  C:0168H         LINE#         119
  C:0168H         LINE#         120
  C:016DH         LINE#         121
  C:0172H         LINE#         122
  C:0177H         LINE#         123
  C:017CH         LINE#         124
  C:017EH         LINE#         125
  C:017EH         LINE#         126
  C:0180H         LINE#         127
  C:018CH         LINE#         128
  C:018CH         LINE#         129
  C:0191H         LINE#         130
  C:0196H         LINE#         131
  C:019BH         LINE#         132
  C:01A0H         LINE#         133
  C:01A0H         LINE#         135
  C:01A5H         LINE#         136
  C:01AAH         LINE#         137
  C:01ACH         LINE#         138
  C:01AEH         LINE#         139
  C:01B1H         LINE#         140
  C:01B3H         LINE#         141
  -------         ENDPROC       _VERIFYBATTERY
  -------         ENDMOD        BATTERY

  -------         MODULE        COMMUNICATION
  C:0000H         SYMBOL        _ICE_DUMMY_
BL51 BANKED LINKER/LOCATER V6.22                                                      11/04/2016  15:27:05  PAGE 10


  C:08E0H         PUBLIC        receive_byte
  D:0080H         PUBLIC        P0
  D:0090H         PUBLIC        P1
  B:00B0H.0       PUBLIC        receive_wire
  D:00A0H         PUBLIC        P2
  D:00B0H         PUBLIC        P3
  C:10A0H         PUBLIC        _ComMode_Data
  C:07A6H         PUBLIC        _UART_Send_Data
  C:0EB9H         PUBLIC        receive_word
  D:00A8H         PUBLIC        IE
  C:106CH         PUBLIC        _ComMode_Data_WX
  C:0CC7H         PUBLIC        _UART_Send_Data_Broadtest
  D:00B8H         PUBLIC        IP
  C:1317H         PUBLIC        UART_Send_Data_match_F
  C:17C7H         PUBLIC        InitTransceiver
  B:0080H.1       PUBLIC        lock_code
  C:0DA5H         PUBLIC        _UART_Send_Data_F
  D:00D8H         PUBLIC        WDCON0
  B:0090H.0       PUBLIC        P10
  B:0090H.1       PUBLIC        P11
  C:17DBH         PUBLIC        close_tranceiver
  D:0098H         PUBLIC        SCON
  D:0088H         PUBLIC        TCON
  C:0605H         PUBLIC        initsignal
  B:00A0H.7       PUBLIC        transmiter_EN
  B:0090H.3       PUBLIC        receiver_EN
  C:17CEH         PUBLIC        open_tranceiver
  C:06C0H         PUBLIC        _send_code_to_lock_Taili
  D:00E8H         PUBLIC        EIE
  B:00A0H.3       PUBLIC        MagentControl_2
  C:1794H         PUBLIC        close_tranceiver_F
  D:00F8H         PUBLIC        ADCCON0
  D:00C0H         PUBLIC        I2CON
  C:0C2EH         PUBLIC        _UART_Send_Data_F2
  C:0D5DH         PUBLIC        initsignal_F
  C:0F39H         PUBLIC        _UART_Send_Data_F3
  D:00C8H         PUBLIC        T2CON
  C:0A16H         PUBLIC        _Send_Data
  C:094AH         PUBLIC        receive_byte_Lock
  B:0090H.0       PUBLIC        TXD
  C:1765H         PUBLIC        open_tranceiver_F
  C:1506H         PUBLIC        UART_Send_Data_match
  C:064DH         PUBLIC        _send_code_to_lock
  D:00D0H         PUBLIC        PSW
  X:0023H         PUBLIC        myTxRxData
  -------         PROC          INITTRANSCEIVER
  C:17C7H         LINE#         38
  C:17C7H         LINE#         39
  C:17C7H         LINE#         40
  C:17C9H         LINE#         41
  C:17CBH         LINE#         42
  C:17CDH         LINE#         44
  -------         ENDPROC       INITTRANSCEIVER
  -------         PROC          L?0102
  -------         ENDPROC       L?0102
  -------         PROC          INITSIGNAL
  -------         DO            
BL51 BANKED LINKER/LOCATER V6.22                                                      11/04/2016  15:27:05  PAGE 11


  X:0004H         SYMBOL        k
  X:0005H         SYMBOL        k1
  X:0006H         SYMBOL        mystartbuffer
  -------         ENDDO         
  C:0605H         LINE#         53
  C:0605H         LINE#         54
  C:0605H         LINE#         56
  C:060AH         LINE#         57
  C:060DH         LINE#         58
  C:060DH         LINE#         59
  C:0611H         LINE#         60
  C:0611H         LINE#         61
  C:0614H         LINE#         62
  C:0614H         LINE#         63
  C:0614H         LINE#         64
  C:0614H         LINE#         66
  C:0614H         LINE#         68
  C:0614H         LINE#         69
  C:0616H         LINE#         70
  C:061FH         LINE#         72
  C:061FH         LINE#         73
  C:0621H         LINE#         74
  C:0627H         LINE#         75
  C:0630H         LINE#         77
  C:063BH         LINE#         78
  C:0640H         LINE#         81
  C:064AH         LINE#         82
  C:064CH         LINE#         83
  -------         ENDPROC       INITSIGNAL
  -------         PROC          INITSIGNAL_F
  -------         DO            
  X:0007H         SYMBOL        k
  X:0008H         SYMBOL        k1
  X:0009H         SYMBOL        mystartbuffer
  -------         ENDDO         
  C:0D5DH         LINE#         85
  C:0D5DH         LINE#         86
  C:0D5DH         LINE#         88
  C:0D62H         LINE#         89
  C:0D65H         LINE#         90
  C:0D65H         LINE#         92
  C:0D69H         LINE#         97
  C:0D69H         LINE#         98
  C:0D6CH         LINE#         99
  C:0D6CH         LINE#         100
  C:0D6CH         LINE#         101
  C:0D6CH         LINE#         103
  C:0D6CH         LINE#         105
  C:0D6CH         LINE#         106
  C:0D6EH         LINE#         107
  C:0D77H         LINE#         109
  C:0D77H         LINE#         110
  C:0D79H         LINE#         111
  C:0D7FH         LINE#         112
  C:0D88H         LINE#         114
  C:0D93H         LINE#         115
  C:0D98H         LINE#         118
BL51 BANKED LINKER/LOCATER V6.22                                                      11/04/2016  15:27:05  PAGE 12


  C:0DA2H         LINE#         119
  C:0DA4H         LINE#         120
  -------         ENDPROC       INITSIGNAL_F
  -------         PROC          _SEND_DATA
  X:000AH         SYMBOL        x
  -------         DO            
  X:000BH         SYMBOL        i
  X:000CH         SYMBOL        n
  -------         ENDDO         
  C:0A16H         LINE#         126
  C:0A1AH         LINE#         127
  C:0A1AH         LINE#         129
  C:0A1DH         LINE#         130
  C:0A1DH         LINE#         131
  C:0A21H         LINE#         132
  C:0A21H         LINE#         133
  C:0A2BH         LINE#         134
  C:0A2BH         LINE#         135
  C:0A2DH         LINE#         136
  C:0A35H         LINE#         137
  C:0A37H         LINE#         139
  C:0A37H         LINE#         140
  C:0A39H         LINE#         141
  C:0A44H         LINE#         142
  C:0A44H         LINE#         143
  C:0A46H         LINE#         144
  C:0A54H         LINE#         145
  C:0A5FH         LINE#         146
  C:0A6AH         LINE#         147
  C:0A75H         LINE#         148
  -------         ENDPROC       _SEND_DATA
  -------         PROC          _COMMODE_DATA
  X:000DH         SYMBOL        ComMode
  X:000EH         SYMBOL        x
  C:10A0H         LINE#         156
  C:10AAH         LINE#         157
  C:10AAH         LINE#         158
  C:10ACH         LINE#         159
  C:10B1H         LINE#         160
  C:10B3H         LINE#         161
  C:10B8H         LINE#         162
  C:10BCH         LINE#         163
  C:10C2H         LINE#         165
  C:10C5H         LINE#         166
  C:10CDH         LINE#         168
  C:10CFH         LINE#         169
  C:10D1H         LINE#         170
  -------         ENDPROC       _COMMODE_DATA
  -------         PROC          _COMMODE_DATA_WX
  X:0010H         SYMBOL        ComMode
  X:0011H         SYMBOL        x
  C:106CH         LINE#         178
  C:1076H         LINE#         179
  C:1076H         LINE#         180
  C:1078H         LINE#         181
  C:107DH         LINE#         182
  C:107FH         LINE#         183
BL51 BANKED LINKER/LOCATER V6.22                                                      11/04/2016  15:27:05  PAGE 13


  C:1084H         LINE#         184
  C:1088H         LINE#         185
  C:108EH         LINE#         187
  C:1091H         LINE#         188
  C:1099H         LINE#         190
  C:109BH         LINE#         191
  C:109DH         LINE#         192
  C:109FH         LINE#         193
  -------         ENDPROC       _COMMODE_DATA_WX
  -------         PROC          _UART_SEND_DATA
  X:0013H         SYMBOL        command
  -------         DO            
  X:0014H         SYMBOL        ii
  -------         ENDDO         
  C:07A6H         LINE#         198
  C:07AAH         LINE#         199
  C:07AAH         LINE#         200
  C:07ADH         LINE#         201
  C:07B0H         LINE#         202
  C:07B8H         LINE#         203
  C:07BFH         LINE#         204
  C:07C6H         LINE#         205
  C:07CDH         LINE#         206
  C:07D4H         LINE#         207
  C:07DAH         LINE#         209
  C:07DDH         LINE#         211
  C:07E1H         LINE#         212
  C:07E1H         LINE#         213
  C:07ECH         LINE#         214
  C:07EFH         LINE#         215
  C:07FAH         LINE#         217
  C:07FDH         LINE#         218
  -------         ENDPROC       _UART_SEND_DATA
  -------         PROC          _UART_SEND_DATA_F
  X:0015H         SYMBOL        command
  -------         DO            
  X:0016H         SYMBOL        ii
  -------         ENDDO         
  C:0DA5H         LINE#         224
  C:0DA9H         LINE#         225
  C:0DA9H         LINE#         226
  C:0DACH         LINE#         227
  C:0DAFH         LINE#         229
  C:0DB7H         LINE#         230
  C:0DBEH         LINE#         231
  C:0DC5H         LINE#         232
  C:0DCCH         LINE#         233
  C:0DD3H         LINE#         234
  C:0DD9H         LINE#         236
  C:0DDCH         LINE#         238
  C:0DE7H         LINE#         240
  C:0DE9H         LINE#         241
  -------         ENDPROC       _UART_SEND_DATA_F
  -------         PROC          _UART_SEND_DATA_F2
  X:0017H         SYMBOL        command
  -------         DO            
  X:0018H         SYMBOL        ii
BL51 BANKED LINKER/LOCATER V6.22                                                      11/04/2016  15:27:05  PAGE 14


  -------         ENDDO         
  C:0C2EH         LINE#         248
  C:0C32H         LINE#         249
  C:0C32H         LINE#         250
  C:0C35H         LINE#         251
  C:0C38H         LINE#         252
  C:0C40H         LINE#         253
  C:0C47H         LINE#         254
  C:0C4EH         LINE#         255
  C:0C55H         LINE#         256
  C:0C5CH         LINE#         257
  C:0C62H         LINE#         259
  C:0C65H         LINE#         260
  C:0C68H         LINE#         261
  C:0C6BH         LINE#         262
  C:0C76H         LINE#         264
  C:0C78H         LINE#         266
  -------         ENDPROC       _UART_SEND_DATA_F2
  -------         PROC          _UART_SEND_DATA_F3
  D:0007H         SYMBOL        command
  -------         DO            
  X:0019H         SYMBOL        ii
  -------         ENDDO         
  C:0F39H         LINE#         272
  C:0F39H         LINE#         273
  C:0F39H         LINE#         274
  C:0F3DH         LINE#         275
  C:0F44H         LINE#         276
  C:0F4BH         LINE#         277
  C:0F52H         LINE#         278
  C:0F59H         LINE#         279
  C:0F60H         LINE#         280
  C:0F63H         LINE#         282
  C:0F66H         LINE#         283
  C:0F69H         LINE#         284
  C:0F6CH         LINE#         285
  -------         ENDPROC       _UART_SEND_DATA_F3
  -------         PROC          OPEN_TRANCEIVER
  C:17CEH         LINE#         292
  C:17CEH         LINE#         293
  C:17CEH         LINE#         298
  C:17D0H         LINE#         299
  C:17D2H         LINE#         300
  -------         ENDPROC       OPEN_TRANCEIVER
  -------         PROC          OPEN_TRANCEIVER_F
  C:1765H         LINE#         306
  C:1765H         LINE#         307
  C:1765H         LINE#         308
  C:176CH         LINE#         310
  C:176EH         LINE#         311
  C:1770H         LINE#         312
  -------         ENDPROC       OPEN_TRANCEIVER_F
  -------         PROC          CLOSE_TRANCEIVER
  C:17DBH         LINE#         318
  C:17DBH         LINE#         319
  C:17DBH         LINE#         324
  C:17DDH         LINE#         329
BL51 BANKED LINKER/LOCATER V6.22                                                      11/04/2016  15:27:05  PAGE 15


  -------         ENDPROC       CLOSE_TRANCEIVER
  -------         PROC          CLOSE_TRANCEIVER_F
  C:1794H         LINE#         334
  C:1794H         LINE#         335
  C:1794H         LINE#         340
  C:1796H         LINE#         342
  -------         ENDPROC       CLOSE_TRANCEIVER_F
  -------         PROC          UART_SEND_DATA_MATCH
  C:1506H         LINE#         349
  C:1506H         LINE#         350
  C:1506H         LINE#         351
  C:1509H         LINE#         353
  C:1509H         LINE#         354
  C:1509H         LINE#         355
  C:1509H         LINE#         356
  C:1509H         LINE#         357
  C:1509H         LINE#         358
  C:1509H         LINE#         359
  C:1509H         LINE#         361
  C:150CH         LINE#         363
  C:1517H         LINE#         364
  C:151AH         LINE#         366
  -------         ENDPROC       UART_SEND_DATA_MATCH
  -------         PROC          UART_SEND_DATA_MATCH_F
  C:1317H         LINE#         373
  C:1317H         LINE#         374
  C:1317H         LINE#         375
  C:1319H         LINE#         376
  C:131BH         LINE#         377
  C:1322H         LINE#         379
  C:1322H         LINE#         380
  C:1322H         LINE#         381
  C:1322H         LINE#         382
  C:1322H         LINE#         383
  C:1322H         LINE#         384
  C:1322H         LINE#         385
  C:1322H         LINE#         387
  C:1325H         LINE#         389
  C:1330H         LINE#         390
  C:1333H         LINE#         392
  C:1335H         LINE#         393
  -------         ENDPROC       UART_SEND_DATA_MATCH_F
  -------         PROC          RECEIVE_BYTE
  C:08E0H         LINE#         399
  C:08E0H         LINE#         400
  C:08E0H         LINE#         402
  C:08E3H         LINE#         403
  C:08E3H         LINE#         405
  C:08EDH         LINE#         406
  C:08EDH         LINE#         407
  C:08EFH         LINE#         408
  C:08EFH         LINE#         409
  C:08F1H         LINE#         410
  C:08F2H         LINE#         413
  C:08F2H         LINE#         415
  C:08F5H         LINE#         416
  C:08F5H         LINE#         418
BL51 BANKED LINKER/LOCATER V6.22                                                      11/04/2016  15:27:05  PAGE 16


  C:08F7H         LINE#         421
  C:0906H         LINE#         422
  C:0906H         LINE#         424
  C:090CH         LINE#         425
  C:090EH         LINE#         426
  C:090EH         LINE#         427
  C:090EH         LINE#         428
  C:0910H         LINE#         430
  C:0918H         LINE#         431
  C:0918H         LINE#         433
  C:091EH         LINE#         434
  C:0921H         LINE#         435
  C:0926H         LINE#         436
  C:092AH         LINE#         437
  C:092CH         LINE#         439
  C:092CH         LINE#         441
  C:0931H         LINE#         442
  C:0931H         LINE#         444
  C:0935H         LINE#         445
  C:0936H         LINE#         447
  C:0936H         LINE#         449
  C:0940H         LINE#         450
  C:0940H         LINE#         451
  C:0944H         LINE#         452
  C:0946H         LINE#         453
  C:0949H         LINE#         454
  C:0949H         LINE#         455
  C:0949H         LINE#         456
  C:0949H         LINE#         457
  -------         ENDPROC       RECEIVE_BYTE
  -------         PROC          RECEIVE_BYTE_LOCK
  C:094AH         LINE#         463
  C:094AH         LINE#         464
  C:094AH         LINE#         466
  C:094DH         LINE#         467
  C:094DH         LINE#         469
  C:0957H         LINE#         470
  C:0957H         LINE#         471
  C:0959H         LINE#         472
  C:0959H         LINE#         473
  C:095BH         LINE#         474
  C:095CH         LINE#         477
  C:095CH         LINE#         479
  C:095FH         LINE#         480
  C:095FH         LINE#         482
  C:0961H         LINE#         485
  C:0970H         LINE#         486
  C:0970H         LINE#         488
  C:0976H         LINE#         489
  C:0978H         LINE#         490
  C:0978H         LINE#         491
  C:0978H         LINE#         492
  C:097AH         LINE#         494
  C:0982H         LINE#         495
  C:0982H         LINE#         497
  C:0988H         LINE#         498
  C:098BH         LINE#         499
BL51 BANKED LINKER/LOCATER V6.22                                                      11/04/2016  15:27:05  PAGE 17


  C:0990H         LINE#         500
  C:0994H         LINE#         501
  C:0996H         LINE#         503
  C:0996H         LINE#         505
  C:099BH         LINE#         506
  C:099BH         LINE#         508
  C:099FH         LINE#         509
  C:09A0H         LINE#         511
  C:09A0H         LINE#         513
  C:09AAH         LINE#         514
  C:09AAH         LINE#         515
  C:09AEH         LINE#         516
  C:09B0H         LINE#         517
  C:09B3H         LINE#         518
  C:09B3H         LINE#         519
  C:09B3H         LINE#         520
  C:09B3H         LINE#         521
  -------         ENDPROC       RECEIVE_BYTE_LOCK
  -------         PROC          RECEIVE_WORD
  C:0EB9H         LINE#         527
  C:0EB9H         LINE#         528
  C:0EB9H         LINE#         530
  C:0EC0H         LINE#         531
  C:0EC0H         LINE#         532
  C:0EC1H         LINE#         534
  C:0ECEH         LINE#         537
  C:0ED7H         LINE#         538
  C:0ED7H         LINE#         539
  C:0EDCH         LINE#         540
  C:0EDDH         LINE#         542
  C:0EE7H         LINE#         543
  C:0EE7H         LINE#         544
  C:0EECH         LINE#         545
  C:0EEDH         LINE#         546
  C:0EF1H         LINE#         547
  C:0EF1H         LINE#         548
  C:0EF3H         LINE#         549
  C:0EF3H         LINE#         550
  C:0EF5H         LINE#         552
  C:0EF5H         LINE#         553
  C:0EF9H         LINE#         554
  C:0EF9H         LINE#         555
  C:0EF9H         LINE#         556
  -------         ENDPROC       RECEIVE_WORD
  -------         PROC          _SEND_CODE_TO_LOCK
  D:0007H         SYMBOL        x
  X:001AH         SYMBOL        y
  -------         DO            
  X:001CH         SYMBOL        i
  X:001DH         SYMBOL        n
  -------         ENDDO         
  C:064DH         LINE#         563
  C:0654H         LINE#         564
  C:0654H         LINE#         566
  C:0659H         LINE#         567
  C:065DH         LINE#         568
  C:0660H         LINE#         574
BL51 BANKED LINKER/LOCATER V6.22                                                      11/04/2016  15:27:05  PAGE 18


  C:0664H         LINE#         575
  C:0664H         LINE#         576
  C:0668H         LINE#         577
  C:0668H         LINE#         578
  C:0672H         LINE#         579
  C:0672H         LINE#         580
  C:0674H         LINE#         581
  C:067DH         LINE#         582
  C:067FH         LINE#         584
  C:067FH         LINE#         585
  C:0681H         LINE#         586
  C:068DH         LINE#         587
  C:068DH         LINE#         588
  C:068FH         LINE#         589
  C:069DH         LINE#         590
  C:06A9H         LINE#         591
  C:06B4H         LINE#         592
  C:06BFH         LINE#         593
  -------         ENDPROC       _SEND_CODE_TO_LOCK
  -------         PROC          _SEND_CODE_TO_LOCK_TAILI
  D:0007H         SYMBOL        x
  X:001EH         SYMBOL        y
  -------         DO            
  X:0020H         SYMBOL        i
  X:0021H         SYMBOL        n
  -------         ENDDO         
  C:06C0H         LINE#         600
  C:06C7H         LINE#         601
  C:06C7H         LINE#         603
  C:06CCH         LINE#         604
  C:06D0H         LINE#         605
  C:06D3H         LINE#         611
  C:06D7H         LINE#         612
  C:06D7H         LINE#         613
  C:06DBH         LINE#         614
  C:06DBH         LINE#         615
  C:06E5H         LINE#         616
  C:06E5H         LINE#         617
  C:06E7H         LINE#         618
  C:06F0H         LINE#         619
  C:06F2H         LINE#         621
  C:06F2H         LINE#         622
  C:06F4H         LINE#         623
  C:0700H         LINE#         624
  C:0700H         LINE#         625
  C:0702H         LINE#         626
  C:0710H         LINE#         627
  C:071CH         LINE#         628
  C:0727H         LINE#         629
  C:0732H         LINE#         630
  -------         ENDPROC       _SEND_CODE_TO_LOCK_TAILI
  -------         PROC          _UART_SEND_DATA_BROADTEST
  D:0007H         SYMBOL        command
  -------         DO            
  X:0022H         SYMBOL        ii
  -------         ENDDO         
  C:0CC7H         LINE#         635
BL51 BANKED LINKER/LOCATER V6.22                                                      11/04/2016  15:27:05  PAGE 19


  C:0CC7H         LINE#         636
  C:0CC7H         LINE#         637
  C:0CCBH         LINE#         640
  C:0CD2H         LINE#         641
  C:0CD9H         LINE#         642
  C:0CE0H         LINE#         643
  C:0CE7H         LINE#         644
  C:0CEEH         LINE#         645
  C:0CF1H         LINE#         647
  C:0CF4H         LINE#         649
  C:0CF8H         LINE#         650
  C:0CF8H         LINE#         651
  C:0D03H         LINE#         652
  C:0D06H         LINE#         653
  C:0D11H         LINE#         657
  -------         ENDPROC       _UART_SEND_DATA_BROADTEST
  -------         ENDMOD        COMMUNICATION

  -------         MODULE        DELAY
  C:0000H         SYMBOL        _ICE_DUMMY_
  D:0080H         PUBLIC        P0
  D:0090H         PUBLIC        P1
  D:00A0H         PUBLIC        P2
  D:00B0H         PUBLIC        P3
  X:0030H         PUBLIC        Timeout_loop
  D:00A8H         PUBLIC        IE
  C:1420H         PUBLIC        Delay_10ms
  C:143AH         PUBLIC        Delay_12ms
  C:1454H         PUBLIC        Delay_50ms
  D:00B8H         PUBLIC        IP
  B:0090H.2       PUBLIC        magnet_overcurrent
  D:00D8H         PUBLIC        WDCON0
  C:0F77H         PUBLIC        _Magnet_Delay
  D:0098H         PUBLIC        SCON
  D:0088H         PUBLIC        TCON
  C:146EH         PUBLIC        Delay_100ms
  C:1488H         PUBLIC        Delay_500ms
  C:0EFAH         PUBLIC        _Custom_Delay
  C:12F7H         PUBLIC        _delay_ms
  D:00E8H         PUBLIC        EIE
  D:00F8H         PUBLIC        ADCCON0
  C:14BCH         PUBLIC        _delay_us
  D:00C0H         PUBLIC        I2CON
  C:13ECH         PUBLIC        Delay_1ms
  D:00C8H         PUBLIC        T2CON
  C:1406H         PUBLIC        Delay_5ms
  C:151DH         PUBLIC        _Delay
  D:00D0H         PUBLIC        PSW
  -------         PROC          DELAY_1MS
  C:13ECH         LINE#         15
  C:13ECH         LINE#         16
  C:13ECH         LINE#         17
  C:13F5H         LINE#         20
  C:1405H         LINE#         21
  -------         ENDPROC       DELAY_1MS
  -------         PROC          DELAY_5MS
  C:1406H         LINE#         23
BL51 BANKED LINKER/LOCATER V6.22                                                      11/04/2016  15:27:05  PAGE 20


  C:1406H         LINE#         24
  C:1406H         LINE#         25
  C:140FH         LINE#         28
  C:141FH         LINE#         29
  -------         ENDPROC       DELAY_5MS
  -------         PROC          DELAY_10MS
  C:1420H         LINE#         31
  C:1420H         LINE#         32
  C:1420H         LINE#         33
  C:1429H         LINE#         36
  C:1439H         LINE#         37
  -------         ENDPROC       DELAY_10MS
  -------         PROC          DELAY_12MS
  C:143AH         LINE#         39
  C:143AH         LINE#         40
  C:143AH         LINE#         41
  C:1443H         LINE#         44
  C:1453H         LINE#         45
  -------         ENDPROC       DELAY_12MS
  -------         PROC          DELAY_50MS
  C:1454H         LINE#         48
  C:1454H         LINE#         49
  C:1454H         LINE#         50
  C:145DH         LINE#         53
  C:146DH         LINE#         54
  -------         ENDPROC       DELAY_50MS
  -------         PROC          DELAY_100MS
  C:146EH         LINE#         57
  C:146EH         LINE#         58
  C:146EH         LINE#         59
  C:1477H         LINE#         62
  C:1487H         LINE#         63
  -------         ENDPROC       DELAY_100MS
  -------         PROC          DELAY_500MS
  C:1488H         LINE#         66
  C:1488H         LINE#         67
  C:1488H         LINE#         68
  C:1491H         LINE#         71
  C:14A1H         LINE#         72
  -------         ENDPROC       DELAY_500MS
  -------         PROC          _DELAY
  D:0007H         SYMBOL        n
  -------         DO            
  D:0004H         SYMBOL        x
  -------         ENDDO         
  C:151DH         LINE#         79
  C:151DH         LINE#         80
  C:151DH         LINE#         82
  C:1523H         LINE#         83
  C:1523H         LINE#         84
  C:1527H         LINE#         85
  C:1533H         LINE#         87
  -------         ENDPROC       _DELAY
  -------         PROC          _CUSTOM_DELAY
  D:0007H         SYMBOL        t
  X:002AH         SYMBOL        m
  -------         DO            
BL51 BANKED LINKER/LOCATER V6.22                                                      11/04/2016  15:27:05  PAGE 21


  X:002CH         SYMBOL        i
  D:0006H         SYMBOL        j
  -------         ENDDO         
  C:0EFAH         LINE#         93
  C:0F01H         LINE#         94
  C:0F01H         LINE#         97
  C:0F13H         LINE#         98
  C:0F38H         LINE#         99
  -------         ENDPROC       _CUSTOM_DELAY
  -------         PROC          _DELAY_MS
  D:0006H         SYMBOL        count
  -------         DO            
  D:0004H         SYMBOL        i
  D:0002H         SYMBOL        j
  -------         ENDDO         
  C:12F7H         LINE#         106
  C:12F7H         LINE#         107
  C:12F7H         LINE#         109
  C:1301H         LINE#         110
  C:1301H         LINE#         111
  C:130FH         LINE#         112
  C:1316H         LINE#         113
  -------         ENDPROC       _DELAY_MS
  -------         PROC          _DELAY_US
  D:0006H         SYMBOL        count1
  -------         DO            
  D:0004H         SYMBOL        i
  D:0003H         SYMBOL        j
  -------         ENDDO         
  C:14BCH         LINE#         121
  C:14BCH         LINE#         122
  C:14BCH         LINE#         125
  C:14C6H         LINE#         126
  C:14C6H         LINE#         127
  C:14CDH         LINE#         128
  C:14D4H         LINE#         129
  -------         ENDPROC       _DELAY_US
  -------         PROC          _MAGNET_DELAY
  X:002EH         SYMBOL        x
  D:0004H         SYMBOL        y
  -------         DO            
  D:0001H         SYMBOL        i
  D:0002H         SYMBOL        j
  -------         ENDDO         
  C:0F77H         LINE#         135
  C:0F7EH         LINE#         136
  C:0F7EH         LINE#         139
  C:0F80H         LINE#         140
  C:0F80H         LINE#         141
  C:0F94H         LINE#         142
  C:0F99H         LINE#         143
  C:0F9BH         LINE#         144
  C:0F9BH         LINE#         146
  C:0F9EH         LINE#         147
  C:0F9EH         LINE#         148
  C:0FAFH         LINE#         149
  C:0FAFH         LINE#         151
BL51 BANKED LINKER/LOCATER V6.22                                                      11/04/2016  15:27:05  PAGE 22


  C:0FAFH         LINE#         153
  C:0FAFH         LINE#         154
  C:0FB4H         LINE#         155
  -------         ENDPROC       _MAGNET_DELAY
  -------         ENDMOD        DELAY

  -------         MODULE        OPERATION
  C:0000H         SYMBOL        _ICE_DUMMY_
  B:00A0H.4       PUBLIC        Lock_EN
  D:0080H         PUBLIC        P0
  D:0090H         PUBLIC        P1
  B:0080H.3       PUBLIC        fell_sensor_detect
  D:00A0H         PUBLIC        P2
  B:0023H.1       PUBLIC        vibration_flag1
  D:00B0H         PUBLIC        P3
  D:00A8H         PUBLIC        IE
  B:0023H.2       PUBLIC        sensor_EN
  C:0871H         PUBLIC        Detect_vibration
  X:0032H         PUBLIC        vibration_count1
  X:0034H         PUBLIC        vibration_count2
  C:1789H         PUBLIC        InitSensor
  D:00B8H         PUBLIC        IP
  X:0035H         PUBLIC        wire_broken_level
  C:15FFH         PUBLIC        Reset_after_wirebroken
  B:0080H.1       PUBLIC        wire_broken
  X:0036H         PUBLIC        ADC_check_saved_result
  C:1560H         PUBLIC        Batstolen_Alarm_to_Slave
  C:13B0H         PUBLIC        Reset_after_stolen_alarming
  D:00D8H         PUBLIC        WDCON0
  X:0038H         PUBLIC        wire_broken_time
  D:0098H         PUBLIC        SCON
  D:0088H         PUBLIC        TCON
  C:0A76H         PUBLIC        Detect_close_action
  B:0090H.6       PUBLIC        Generator_lock
  C:10D2H         PUBLIC        slave_nearby_operation
  B:00A0H.6       PUBLIC        the3rd_sendor
  B:00A0H.5       PUBLIC        key_rotate
  C:1104H         PUBLIC        Detect_wheel_moving
  C:179DH         PUBLIC        Disable_sensor_after_IDcert
  B:0080H.0       PUBLIC        horizontal_sensor
  D:00E8H         PUBLIC        EIE
  C:0FB5H         PUBLIC        Detect_open_action
  B:0080H.2       PUBLIC        wheeled_rotate
  B:0080H.4       PUBLIC        raised_sensor_detect
  D:00F8H         PUBLIC        ADCCON0
  C:12D6H         PUBLIC        Ensensor_after_slave_away
  D:00C0H         PUBLIC        I2CON
  C:1392H         PUBLIC        ENsensor_After_Close
  C:0733H         PUBLIC        Detect_selflearn_action
  C:1292H         PUBLIC        ENsensor_afterIDcert
  D:00C8H         PUBLIC        T2CON
  C:1247H         PUBLIC        SelfLearn_Reset
  C:154AH         PUBLIC        Raise_Alarm_to_Slave
  C:1374H         PUBLIC        slave_away_operation
  X:003AH         PUBLIC        key_rotate_off_time
  B:0023H.3       PUBLIC        enable_sensor_delayEN
  C:1534H         PUBLIC        Fell_Alarm_to_Slave
BL51 BANKED LINKER/LOCATER V6.22                                                      11/04/2016  15:27:05  PAGE 23


  D:00D0H         PUBLIC        PSW
  B:0080H.0       PUBLIC        sensor_detect
  C:1771H         PUBLIC        Host_stolen_action
  B:0080H.5       PUBLIC        Externalmotor
  -------         PROC          SLAVE_AWAY_OPERATION
  C:1374H         LINE#         102
  C:1374H         LINE#         103
  C:1374H         LINE#         104
  C:1377H         LINE#         105
  C:1377H         LINE#         106
  C:137AH         LINE#         108
  C:137DH         LINE#         112
  C:137DH         LINE#         114
  C:137FH         LINE#         115
  C:1383H         LINE#         117
  C:1388H         LINE#         118
  C:138CH         LINE#         120
  C:138FH         LINE#         121
  C:1391H         LINE#         122
  -------         ENDPROC       SLAVE_AWAY_OPERATION
  -------         PROC          SLAVE_NEARBY_OPERATION
  C:10D2H         LINE#         128
  C:10D2H         LINE#         129
  C:10D2H         LINE#         130
  C:10D4H         LINE#         132
  C:10D6H         LINE#         133
  C:10DAH         LINE#         134
  C:10DCH         LINE#         135
  C:10DFH         LINE#         137
  C:10E2H         LINE#         138
  C:10E5H         LINE#         139
  C:10E8H         LINE#         140
  C:10EBH         LINE#         141
  C:10EDH         LINE#         143
  C:10F0H         LINE#         144
  C:10F0H         LINE#         145
  C:10F2H         LINE#         146
  C:10F2H         LINE#         148
  C:10F5H         LINE#         149
  C:10F5H         LINE#         150
  C:10F8H         LINE#         151
  C:10FAH         LINE#         153
  C:10FDH         LINE#         154
  C:1100H         LINE#         156
  C:1103H         LINE#         157
  C:1103H         LINE#         177
  -------         ENDPROC       SLAVE_NEARBY_OPERATION
  -------         PROC          INITSENSOR
  C:1789H         LINE#         183
  C:1789H         LINE#         184
  C:1789H         LINE#         185
  C:178BH         LINE#         186
  C:178DH         LINE#         187
  C:178FH         LINE#         188
  C:1791H         LINE#         189
  C:1793H         LINE#         190
  -------         ENDPROC       INITSENSOR
BL51 BANKED LINKER/LOCATER V6.22                                                      11/04/2016  15:27:05  PAGE 24


  -------         PROC          HOST_STOLEN_ACTION
  C:1771H         LINE#         196
  C:1771H         LINE#         197
  C:1771H         LINE#         199
  C:1774H         LINE#         200
  C:1774H         LINE#         201
  C:1776H         LINE#         203
  C:1779H         LINE#         204
  C:177CH         LINE#         215
  C:177CH         LINE#         216
  -------         ENDPROC       HOST_STOLEN_ACTION
  -------         PROC          ENSENSOR_AFTERIDCERT
  C:1292H         LINE#         223
  C:1292H         LINE#         224
  C:1292H         LINE#         225
  C:1295H         LINE#         226
  C:1295H         LINE#         228
  C:129FH         LINE#         229
  C:129FH         LINE#         230
  C:12A1H         LINE#         231
  C:12A3H         LINE#         232
  C:12A6H         LINE#         235
  C:12AEH         LINE#         236
  C:12AEH         LINE#         237
  C:12B1H         LINE#         238
  C:12B1H         LINE#         239
  C:12B3H         LINE#         241
  C:12B3H         LINE#         242
  C:12B3H         LINE#         243
  -------         ENDPROC       ENSENSOR_AFTERIDCERT
  -------         PROC          ENSENSOR_AFTER_CLOSE
  C:1392H         LINE#         248
  C:1392H         LINE#         249
  C:1392H         LINE#         250
  C:139BH         LINE#         251
  C:139BH         LINE#         252
  C:13A5H         LINE#         253
  C:13A5H         LINE#         254
  C:13A7H         LINE#         255
  C:13A9H         LINE#         256
  C:13ACH         LINE#         257
  C:13AFH         LINE#         258
  C:13AFH         LINE#         259
  C:13AFH         LINE#         260
  -------         ENDPROC       ENSENSOR_AFTER_CLOSE
  -------         PROC          SELFLEARN_RESET
  C:1247H         LINE#         266
  C:1247H         LINE#         267
  C:1247H         LINE#         268
  C:124AH         LINE#         269
  C:124AH         LINE#         270
  C:1254H         LINE#         271
  C:1254H         LINE#         272
  C:1256H         LINE#         273
  C:1258H         LINE#         275
  C:125DH         LINE#         276
  C:1262H         LINE#         277
BL51 BANKED LINKER/LOCATER V6.22                                                      11/04/2016  15:27:05  PAGE 25


  C:1264H         LINE#         278
  C:1266H         LINE#         279
  C:1268H         LINE#         280
  C:126AH         LINE#         281
  C:126CH         LINE#         282
  C:126CH         LINE#         283
  C:126CH         LINE#         284
  -------         ENDPROC       SELFLEARN_RESET
  -------         PROC          FELL_ALARM_TO_SLAVE
  C:1534H         LINE#         290
  C:1534H         LINE#         291
  C:1534H         LINE#         292
  C:153FH         LINE#         293
  C:153FH         LINE#         294
  C:1544H         LINE#         295
  C:1549H         LINE#         296
  C:1549H         LINE#         297
  -------         ENDPROC       FELL_ALARM_TO_SLAVE
  -------         PROC          RAISE_ALARM_TO_SLAVE
  C:154AH         LINE#         303
  C:154AH         LINE#         304
  C:154AH         LINE#         305
  C:1555H         LINE#         306
  C:1555H         LINE#         307
  C:155AH         LINE#         308
  C:155FH         LINE#         309
  C:155FH         LINE#         310
  -------         ENDPROC       RAISE_ALARM_TO_SLAVE
  -------         PROC          BATSTOLEN_ALARM_TO_SLAVE
  C:1560H         LINE#         316
  C:1560H         LINE#         317
  C:1560H         LINE#         318
  C:156BH         LINE#         319
  C:156BH         LINE#         320
  C:1570H         LINE#         321
  C:1575H         LINE#         322
  C:1575H         LINE#         323
  -------         ENDPROC       BATSTOLEN_ALARM_TO_SLAVE
  -------         PROC          DISABLE_SENSOR_AFTER_IDCERT
  C:179DH         LINE#         328
  C:179DH         LINE#         329
  C:179DH         LINE#         330
  C:17A0H         LINE#         331
  C:17A0H         LINE#         332
  C:17A2H         LINE#         334
  C:17A5H         LINE#         335
  C:17A5H         LINE#         336
  -------         ENDPROC       DISABLE_SENSOR_AFTER_IDCERT
  -------         PROC          RESET_AFTER_WIREBROKEN
  C:15FFH         LINE#         341
  C:15FFH         LINE#         342
  C:15FFH         LINE#         343
  C:1602H         LINE#         344
  C:1602H         LINE#         345
  C:1604H         LINE#         346
  C:1608H         LINE#         347
  C:160AH         LINE#         348
BL51 BANKED LINKER/LOCATER V6.22                                                      11/04/2016  15:27:05  PAGE 26


  C:160CH         LINE#         349
  C:160EH         LINE#         350
  C:160EH         LINE#         351
  -------         ENDPROC       RESET_AFTER_WIREBROKEN
  -------         PROC          RESET_AFTER_STOLEN_ALARMING
  C:13B0H         LINE#         357
  C:13B0H         LINE#         358
  C:13B0H         LINE#         359
  C:13B3H         LINE#         360
  C:13B3H         LINE#         361
  C:13BDH         LINE#         362
  C:13BDH         LINE#         363
  C:13C1H         LINE#         364
  C:13C3H         LINE#         365
  C:13C5H         LINE#         366
  C:13C7H         LINE#         367
  C:13CAH         LINE#         368
  C:13CDH         LINE#         369
  C:13CDH         LINE#         370
  C:13CDH         LINE#         371
  -------         ENDPROC       RESET_AFTER_STOLEN_ALARMING
  -------         PROC          ENSENSOR_AFTER_SLAVE_AWAY
  C:12D6H         LINE#         376
  C:12D6H         LINE#         377
  C:12D6H         LINE#         378
  C:12DFH         LINE#         379
  C:12DFH         LINE#         380
  C:12E9H         LINE#         381
  C:12E9H         LINE#         382
  C:12ECH         LINE#         383
  C:12EEH         LINE#         384
  C:12F0H         LINE#         385
  C:12F3H         LINE#         386
  C:12F6H         LINE#         387
  C:12F6H         LINE#         388
  C:12F6H         LINE#         389
  -------         ENDPROC       ENSENSOR_AFTER_SLAVE_AWAY
  -------         PROC          DETECT_SELFLEARN_ACTION
  C:0733H         LINE#         394
  C:0733H         LINE#         395
  C:0733H         LINE#         396
  C:0739H         LINE#         398
  C:0739H         LINE#         400
  C:073BH         LINE#         402
  C:073EH         LINE#         403
  C:073EH         LINE#         404
  C:0749H         LINE#         405
  C:0754H         LINE#         406
  C:0754H         LINE#         407
  C:075BH         LINE#         408
  C:075FH         LINE#         409
  C:0761H         LINE#         410
  C:0761H         LINE#         411
  C:0763H         LINE#         413
  C:0763H         LINE#         414
  C:076FH         LINE#         415
  C:076FH         LINE#         416
BL51 BANKED LINKER/LOCATER V6.22                                                      11/04/2016  15:27:05  PAGE 27


  C:0773H         LINE#         417
  C:0778H         LINE#         418
  C:0778H         LINE#         419
  C:0778H         LINE#         421
  C:0780H         LINE#         422
  C:0780H         LINE#         423
  C:0782H         LINE#         424
  C:0784H         LINE#         425
  C:0787H         LINE#         426
  C:0787H         LINE#         427
  C:0789H         LINE#         428
  C:0794H         LINE#         430
  C:0796H         LINE#         433
  C:0799H         LINE#         434
  C:0799H         LINE#         435
  C:079BH         LINE#         436
  C:079DH         LINE#         437
  C:079FH         LINE#         439
  C:07A2H         LINE#         441
  C:07A5H         LINE#         446
  C:07A5H         LINE#         447
  -------         ENDPROC       DETECT_SELFLEARN_ACTION
  -------         PROC          DETECT_OPEN_ACTION
  C:0FB5H         LINE#         452
  C:0FB5H         LINE#         453
  C:0FB5H         LINE#         454
  C:0FC6H         LINE#         455
  C:0FC6H         LINE#         456
  C:0FC9H         LINE#         457
  C:0FCEH         LINE#         458
  C:0FD0H         LINE#         460
  C:0FD4H         LINE#         461
  C:0FD6H         LINE#         462
  C:0FD9H         LINE#         463
  C:0FDBH         LINE#         464
  C:0FDEH         LINE#         465
  C:0FE1H         LINE#         467
  C:0FE3H         LINE#         469
  C:0FE5H         LINE#         470
  C:0FEBH         LINE#         471
  C:0FEBH         LINE#         472
  -------         ENDPROC       DETECT_OPEN_ACTION
  -------         PROC          DETECT_CLOSE_ACTION
  C:0A76H         LINE#         477
  C:0A76H         LINE#         478
  C:0A76H         LINE#         479
  C:0A89H         LINE#         481
  C:0A89H         LINE#         482
  C:0A8BH         LINE#         484
  C:0A91H         LINE#         485
  C:0A91H         LINE#         486
  C:0A9CH         LINE#         487
  C:0AA7H         LINE#         488
  C:0AA7H         LINE#         489
  C:0AB0H         LINE#         490
  C:0AB0H         LINE#         491
  C:0AB3H         LINE#         493
BL51 BANKED LINKER/LOCATER V6.22                                                      11/04/2016  15:27:05  PAGE 28


  C:0AB7H         LINE#         494
  C:0ABAH         LINE#         495
  C:0ABCH         LINE#         496
  C:0ABEH         LINE#         498
  C:0AC4H         LINE#         499
  C:0AC6H         LINE#         500
  C:0AC6H         LINE#         501
  C:0AC6H         LINE#         502
  C:0AC6H         LINE#         503
  C:0AC7H         LINE#         504
  C:0ACAH         LINE#         505
  C:0AD0H         LINE#         506
  -------         ENDPROC       DETECT_CLOSE_ACTION
  -------         PROC          DETECT_VIBRATION
  C:0871H         LINE#         511
  C:0871H         LINE#         512
  C:0871H         LINE#         513
  C:087AH         LINE#         514
  C:087AH         LINE#         515
  C:0884H         LINE#         516
  C:0884H         LINE#         517
  C:0886H         LINE#         518
  C:0888H         LINE#         519
  C:088DH         LINE#         521
  C:088FH         LINE#         522
  C:0894H         LINE#         524
  C:0899H         LINE#         525
  C:0899H         LINE#         526
  C:089BH         LINE#         528
  C:089FH         LINE#         530
  C:08A2H         LINE#         531
  C:08A2H         LINE#         532
  C:08B9H         LINE#         533
  C:08B9H         LINE#         534
  C:08BBH         LINE#         535
  C:08BFH         LINE#         536
  C:08BFH         LINE#         537
  C:08BFH         LINE#         539
  C:08C2H         LINE#         540
  C:08C2H         LINE#         541
  C:08D9H         LINE#         542
  C:08D9H         LINE#         543
  C:08DBH         LINE#         544
  C:08DFH         LINE#         545
  C:08DFH         LINE#         546
  C:08DFH         LINE#         547
  -------         ENDPROC       DETECT_VIBRATION
  -------         PROC          DETECT_WHEEL_MOVING
  C:1104H         LINE#         552
  C:1104H         LINE#         553
  C:1104H         LINE#         554
  C:1107H         LINE#         555
  C:1107H         LINE#         556
  C:1109H         LINE#         557
  C:110FH         LINE#         559
  C:1114H         LINE#         560
  C:1114H         LINE#         561
BL51 BANKED LINKER/LOCATER V6.22                                                      11/04/2016  15:27:05  PAGE 29


  C:1117H         LINE#         562
  C:1117H         LINE#         563
  C:112EH         LINE#         564
  C:112EH         LINE#         565
  C:1130H         LINE#         566
  C:1134H         LINE#         567
  C:1134H         LINE#         568
  C:1134H         LINE#         569
  -------         ENDPROC       DETECT_WHEEL_MOVING
  -------         ENDMOD        OPERATION

  -------         MODULE        OTHER
  C:0000H         SYMBOL        _ICE_DUMMY_
  D:0080H         PUBLIC        P0
  D:0090H         PUBLIC        P1
  D:00A0H         PUBLIC        P2
  D:00B0H         PUBLIC        P3
  D:00A8H         PUBLIC        IE
  C:174AH         PUBLIC        _magnet_ACW_Taili
  B:00A0H.4       PUBLIC        Moto_EN
  D:00B8H         PUBLIC        IP
  D:00D8H         PUBLIC        WDCON0
  D:0098H         PUBLIC        SCON
  D:0088H         PUBLIC        TCON
  C:17AFH         PUBLIC        Moto_Vibration
  C:173CH         PUBLIC        _magnet_ACW
  C:177DH         PUBLIC        Enable_sensor
  C:1166H         PUBLIC        _magnet_CW_Taili
  D:00E8H         PUBLIC        EIE
  C:0DECH         PUBLIC        disable_sensor
  B:00A0H.2       PUBLIC        MagentControl_1
  B:00A0H.3       PUBLIC        MagentControl_2
  D:00F8H         PUBLIC        ADCCON0
  D:00C0H         PUBLIC        I2CON
  D:00C8H         PUBLIC        T2CON
  C:1135H         PUBLIC        _magnet_CW
  D:00D0H         PUBLIC        PSW
  B:0080H.5       PUBLIC        Externalmotor
  -------         PROC          _MAGNET_CW
  X:003CH         SYMBOL        x
  X:003EH         SYMBOL        y
  D:0003H         SYMBOL        z
  C:1135H         LINE#         44
  C:1142H         LINE#         45
  C:1142H         LINE#         47
  C:114BH         LINE#         49
  C:114DH         LINE#         50
  C:114FH         LINE#         51
  C:115FH         LINE#         52
  C:1161H         LINE#         53
  C:1163H         LINE#         54
  C:1165H         LINE#         55
  -------         ENDPROC       _MAGNET_CW
  -------         PROC          _MAGNET_CW_TAILI
  X:0040H         SYMBOL        x
  X:0042H         SYMBOL        y
  D:0003H         SYMBOL        z
BL51 BANKED LINKER/LOCATER V6.22                                                      11/04/2016  15:27:05  PAGE 30


  C:1166H         LINE#         61
  C:1173H         LINE#         62
  C:1173H         LINE#         64
  C:117CH         LINE#         66
  C:117EH         LINE#         67
  C:1180H         LINE#         68
  C:1190H         LINE#         69
  C:1192H         LINE#         70
  C:1194H         LINE#         71
  C:1196H         LINE#         72
  -------         ENDPROC       _MAGNET_CW_TAILI
  -------         PROC          _MAGNET_ACW
  D:0006H         SYMBOL        x
  D:0004H         SYMBOL        y
  C:173CH         LINE#         78
  C:173CH         LINE#         79
  C:173CH         LINE#         80
  C:173EH         LINE#         81
  C:1740H         LINE#         82
  C:1742H         LINE#         83
  C:1745H         LINE#         84
  C:1747H         LINE#         85
  C:1749H         LINE#         86
  -------         ENDPROC       _MAGNET_ACW
  -------         PROC          _MAGNET_ACW_TAILI
  D:0006H         SYMBOL        x
  D:0004H         SYMBOL        y
  C:174AH         LINE#         92
  C:174AH         LINE#         93
  C:174AH         LINE#         94
  C:174CH         LINE#         95
  C:174EH         LINE#         96
  C:1750H         LINE#         97
  C:1753H         LINE#         98
  C:1755H         LINE#         99
  C:1757H         LINE#         100
  -------         ENDPROC       _MAGNET_ACW_TAILI
  -------         PROC          DISABLE_SENSOR
  C:0DECH         LINE#         106
  C:0DECH         LINE#         107
  C:0DECH         LINE#         109
  C:0DEEH         LINE#         110
  C:0DF0H         LINE#         112
  C:0DF2H         LINE#         113
  C:0DF4H         LINE#         114
  C:0DF8H         LINE#         115
  C:0DFBH         LINE#         116
  C:0DFEH         LINE#         117
  C:0E03H         LINE#         118
  C:0E08H         LINE#         119
  C:0E0DH         LINE#         120
  C:0E10H         LINE#         121
  C:0E13H         LINE#         122
  C:0E15H         LINE#         123
  C:0E17H         LINE#         124
  C:0E19H         LINE#         125
  C:0E1CH         LINE#         126
BL51 BANKED LINKER/LOCATER V6.22                                                      11/04/2016  15:27:05  PAGE 31


  C:0E1EH         LINE#         127
  C:0E21H         LINE#         129
  C:0E23H         LINE#         132
  C:0E26H         LINE#         133
  C:0E28H         LINE#         135
  C:0E2AH         LINE#         136
  C:0E2DH         LINE#         138
  C:0E2FH         LINE#         139
  C:0E32H         LINE#         140
  -------         ENDPROC       DISABLE_SENSOR
  -------         PROC          ENABLE_SENSOR
  C:177DH         LINE#         146
  C:177DH         LINE#         147
  C:177DH         LINE#         149
  C:177FH         LINE#         150
  C:1781H         LINE#         153
  C:1785H         LINE#         154
  C:1788H         LINE#         155
  -------         ENDPROC       ENABLE_SENSOR
  -------         PROC          MOTO_VIBRATION
  C:17AFH         LINE#         161
  C:17AFH         LINE#         162
  C:17AFH         LINE#         163
  C:17B1H         LINE#         164
  C:17B4H         LINE#         165
  C:17B6H         LINE#         166
  -------         ENDPROC       MOTO_VIBRATION
  -------         ENDMOD        OTHER

  -------         MODULE        PWM
  C:0000H         SYMBOL        _ICE_DUMMY_
  D:0080H         PUBLIC        P0
  D:0090H         PUBLIC        P1
  D:00A0H         PUBLIC        P2
  D:00B0H         PUBLIC        P3
  D:00DCH         PUBLIC        PWMCON0
  D:00D1H         PUBLIC        PWMPH
  D:00A8H         PUBLIC        IE
  D:00D9H         PUBLIC        PWMPL
  C:09B4H         PUBLIC        _PWM_Channel
  D:00B8H         PUBLIC        IP
  C:17B7H         PUBLIC        myPwm
  D:00D8H         PUBLIC        WDCON0
  D:0098H         PUBLIC        SCON
  D:0088H         PUBLIC        TCON
  D:00E8H         PUBLIC        EIE
  D:00F8H         PUBLIC        ADCCON0
  D:00C0H         PUBLIC        I2CON
  X:0044H         PUBLIC        PWM_shadow
  D:00C8H         PUBLIC        T2CON
  C:14EEH         PUBLIC        Init_PWM
  D:00D2H         PUBLIC        PWM0H
  D:00D3H         PUBLIC        PWM1H
  D:00D5H         PUBLIC        PWM2H
  D:00D6H         PUBLIC        PWM3H
  D:00DAH         PUBLIC        PWM0L
  D:00DBH         PUBLIC        PWM1L
BL51 BANKED LINKER/LOCATER V6.22                                                      11/04/2016  15:27:05  PAGE 32


  D:00DDH         PUBLIC        PWM2L
  D:00DEH         PUBLIC        PWM3L
  D:00D0H         PUBLIC        PSW
  -------         PROC          INIT_PWM
  C:14EEH         LINE#         19
  C:14EEH         LINE#         20
  C:14EEH         LINE#         22
  C:14F1H         LINE#         24
  C:14F9H         LINE#         26
  C:1502H         LINE#         27
  C:1505H         LINE#         28
  -------         ENDPROC       INIT_PWM
  -------         PROC          _PWM_CHANNEL
  D:0007H         SYMBOL        Channel
  C:09B4H         LINE#         34
  C:09B4H         LINE#         35
  C:09B4H         LINE#         36
  C:09C2H         LINE#         37
  C:09C2H         LINE#         39
  C:09C2H         LINE#         40
  C:09C2H         LINE#         41
  C:09CAH         LINE#         42
  C:09D3H         LINE#         43
  C:09D6H         LINE#         44
  C:09D6H         LINE#         45
  C:09D7H         LINE#         47
  C:09D7H         LINE#         48
  C:09D7H         LINE#         49
  C:09DFH         LINE#         50
  C:09E8H         LINE#         51
  C:09EBH         LINE#         52
  C:09EBH         LINE#         53
  C:09ECH         LINE#         55
  C:09ECH         LINE#         56
  C:09ECH         LINE#         57
  C:09F4H         LINE#         58
  C:09FDH         LINE#         59
  C:0A00H         LINE#         60
  C:0A00H         LINE#         61
  C:0A01H         LINE#         63
  C:0A01H         LINE#         64
  C:0A01H         LINE#         65
  C:0A09H         LINE#         66
  C:0A12H         LINE#         67
  C:0A15H         LINE#         68
  C:0A15H         LINE#         69
  C:0A15H         LINE#         70
  C:0A15H         LINE#         71
  -------         ENDPROC       _PWM_CHANNEL
  -------         PROC          MYPWM
  C:17B7H         LINE#         77
  C:17B7H         LINE#         78
  C:17B7H         LINE#         80
  C:17BCH         LINE#         82
  -------         ENDPROC       MYPWM
  -------         ENDMOD        PWM

BL51 BANKED LINKER/LOCATER V6.22                                                      11/04/2016  15:27:05  PAGE 33


  -------         MODULE        TIMER
  C:0000H         SYMBOL        _ICE_DUMMY_
  D:0080H         PUBLIC        P0
  D:0090H         PUBLIC        P1
  D:00A0H         PUBLIC        P2
  D:00B0H         PUBLIC        P3
  B:00A8H.7       PUBLIC        EA
  D:00A8H         PUBLIC        IE
  D:00B8H         PUBLIC        IP
  C:0C7BH         PUBLIC        _InitT0
  C:0564H         PUBLIC        _InitTimer
  D:00D8H         PUBLIC        WDCON0
  D:0087H         PUBLIC        PCON
  D:0098H         PUBLIC        SCON
  X:004AH         PUBLIC        timer0_8H
  D:0089H         PUBLIC        TMOD
  D:0088H         PUBLIC        TCON
  X:004BH         PUBLIC        timer1_8H
  X:004CH         PUBLIC        timer0_8L
[...]
    ADDRESS: 0ED8H

*** WARNING L2: REFERENCE MADE TO UNRESOLVED EXTERNAL
    SYMBOL:  RECEIVED_DATA_BUFFER
    MODULE:  .\communication.obj (COMMUNICATION)
    ADDRESS: 0EE2H

*** WARNING L2: REFERENCE MADE TO UNRESOLVED EXTERNAL
    SYMBOL:  DATA_COUNT
    MODULE:  .\communication.obj (COMMUNICATION)
    ADDRESS: 0EE8H

*** WARNING L2: REFERENCE MADE TO UNRESOLVED EXTERNAL
    SYMBOL:  RECEIVE_DATA_FINISHED_FLAG
    MODULE:  .\communication.obj (COMMUNICATION)
    ADDRESS: 0EF2H
BL51 BANKED LINKER/LOCATER V6.22                                                      11/04/2016  15:27:05  PAGE 60



*** WARNING L2: REFERENCE MADE TO UNRESOLVED EXTERNAL
    SYMBOL:  DATA_COUNT
    MODULE:  .\communication.obj (COMMUNICATION)
    ADDRESS: 0EF7H

*** WARNING L1: UNRESOLVED EXTERNAL SYMBOL
    SYMBOL:  JUST_POWER_UP
    MODULE:  .\operation.obj (OPERATION)

*** WARNING L1: UNRESOLVED EXTERNAL SYMBOL
    SYMBOL:  TIMER0_COUNT2
    MODULE:  .\operation.obj (OPERATION)

*** WARNING L1: UNRESOLVED EXTERNAL SYMBOL
    SYMBOL:  FELL_FLAG
    MODULE:  .\operation.obj (OPERATION)

*** WARNING L1: UNRESOLVED EXTERNAL SYMBOL
    SYMBOL:  FELL_ALARM_COUNT
    MODULE:  .\operation.obj (OPERATION)

*** WARNING L1: UNRESOLVED EXTERNAL SYMBOL
    SYMBOL:  WIRE_BROKEN_RESET
    MODULE:  .\operation.obj (OPERATION)

*** WARNING L1: UNRESOLVED EXTERNAL SYMBOL
    SYMBOL:  ID_SELFLEARNING_TIMECOUNT
    MODULE:  .\operation.obj (OPERATION)

*** WARNING L1: UNRESOLVED EXTERNAL SYMBOL
    SYMBOL:  ID_CERTIFICATED_NUMBERS
    MODULE:  .\operation.obj (OPERATION)

*** WARNING L1: UNRESOLVED EXTERNAL SYMBOL
    SYMBOL:  HOST_STOLEN_ALARMING
    MODULE:  .\operation.obj (OPERATION)

*** WARNING L1: UNRESOLVED EXTERNAL SYMBOL
    SYMBOL:  AFTER_IDCERT_TIMECOUNT
    MODULE:  .\operation.obj (OPERATION)

*** WARNING L1: UNRESOLVED EXTERNAL SYMBOL
    SYMBOL:  ID_CERTIFICATED_FLAG
    MODULE:  .\operation.obj (OPERATION)

*** WARNING L1: UNRESOLVED EXTERNAL SYMBOL
    SYMBOL:  EN_HOST_STOLEN_ALARMING
    MODULE:  .\operation.obj (OPERATION)

*** WARNING L1: UNRESOLVED EXTERNAL SYMBOL
    SYMBOL:  EMERGENCY_OPEN_G
    MODULE:  .\operation.obj (OPERATION)

*** WARNING L1: UNRESOLVED EXTERNAL SYMBOL
    SYMBOL:  HOST_STOLEN_ALARM1_COUNT
    MODULE:  .\operation.obj (OPERATION)
BL51 BANKED LINKER/LOCATER V6.22                                                      11/04/2016  15:27:05  PAGE 61



*** WARNING L1: UNRESOLVED EXTERNAL SYMBOL
    SYMBOL:  ID_SELFLEARNING_FLAG
    MODULE:  .\operation.obj (OPERATION)

*** WARNING L1: UNRESOLVED EXTERNAL SYMBOL
    SYMBOL:  POSITION_SENSOR_EN
    MODULE:  .\operation.obj (OPERATION)

*** WARNING L1: UNRESOLVED EXTERNAL SYMBOL
    SYMBOL:  AUTOLOCK_G
    MODULE:  .\operation.obj (OPERATION)

*** WARNING L1: UNRESOLVED EXTERNAL SYMBOL
    SYMBOL:  OPEN_ACTION_FLAG
    MODULE:  .\operation.obj (OPERATION)

*** WARNING L1: UNRESOLVED EXTERNAL SYMBOL
    SYMBOL:  RAISED_FLAG
    MODULE:  .\operation.obj (OPERATION)

*** WARNING L1: UNRESOLVED EXTERNAL SYMBOL
    SYMBOL:  RAISED_ALARM_COUNT
    MODULE:  .\operation.obj (OPERATION)

*** WARNING L1: UNRESOLVED EXTERNAL SYMBOL
    SYMBOL:  STOLEN_ALARM_RESET_COUNT
    MODULE:  .\operation.obj (OPERATION)

*** WARNING L2: REFERENCE MADE TO UNRESOLVED EXTERNAL
    SYMBOL:  ID_CERTIFICATED_NUMBERS
    MODULE:  .\operation.obj (OPERATION)
    ADDRESS: 138AH

*** WARNING L2: REFERENCE MADE TO UNRESOLVED EXTERNAL
    SYMBOL:  AFTER_IDCERT_TIMECOUNT
    MODULE:  .\operation.obj (OPERATION)
    ADDRESS: 10D8H

*** WARNING L2: REFERENCE MADE TO UNRESOLVED EXTERNAL
    SYMBOL:  ID_CERTIFICATED_FLAG
    MODULE:  .\operation.obj (OPERATION)
    ADDRESS: 10DBH

*** WARNING L2: REFERENCE MADE TO UNRESOLVED EXTERNAL
    SYMBOL:  ID_CERTIFICATED_NUMBERS
    MODULE:  .\operation.obj (OPERATION)
    ADDRESS: 10DDH

*** WARNING L2: REFERENCE MADE TO UNRESOLVED EXTERNAL
    SYMBOL:  EMERGENCY_OPEN_G
    MODULE:  .\operation.obj (OPERATION)
    ADDRESS: 10EEH

*** WARNING L2: REFERENCE MADE TO UNRESOLVED EXTERNAL
    SYMBOL:  JUST_POWER_UP
    MODULE:  .\operation.obj (OPERATION)
BL51 BANKED LINKER/LOCATER V6.22                                                      11/04/2016  15:27:05  PAGE 62


    ADDRESS: 10FBH

*** WARNING L2: REFERENCE MADE TO UNRESOLVED EXTERNAL
    SYMBOL:  POSITION_SENSOR_EN
    MODULE:  .\operation.obj (OPERATION)
    ADDRESS: 178CH

*** WARNING L2: REFERENCE MADE TO UNRESOLVED EXTERNAL
    SYMBOL:  EN_HOST_STOLEN_ALARMING
    MODULE:  .\operation.obj (OPERATION)
    ADDRESS: 1772H

*** WARNING L2: REFERENCE MADE TO UNRESOLVED EXTERNAL
    SYMBOL:  HOST_STOLEN_ALARMING
    MODULE:  .\operation.obj (OPERATION)
    ADDRESS: 1775H

*** WARNING L2: REFERENCE MADE TO UNRESOLVED EXTERNAL
    SYMBOL:  ID_CERTIFICATED_FLAG
    MODULE:  .\operation.obj (OPERATION)
    ADDRESS: 1293H

*** WARNING L2: REFERENCE MADE TO UNRESOLVED EXTERNAL
    SYMBOL:  AFTER_IDCERT_TIMECOUNT
    MODULE:  .\operation.obj (OPERATION)
    ADDRESS: 1296H

*** WARNING L2: REFERENCE MADE TO UNRESOLVED EXTERNAL
    SYMBOL:  ID_CERTIFICATED_FLAG
    MODULE:  .\operation.obj (OPERATION)
    ADDRESS: 12A0H

*** WARNING L2: REFERENCE MADE TO UNRESOLVED EXTERNAL
    SYMBOL:  ID_CERTIFICATED_NUMBERS
    MODULE:  .\operation.obj (OPERATION)
    ADDRESS: 12A4H

*** WARNING L2: REFERENCE MADE TO UNRESOLVED EXTERNAL
    SYMBOL:  OPEN_ACTION_FLAG
    MODULE:  .\operation.obj (OPERATION)
    ADDRESS: 12A7H

*** WARNING L2: REFERENCE MADE TO UNRESOLVED EXTERNAL
    SYMBOL:  AUTOLOCK_G
    MODULE:  .\operation.obj (OPERATION)
    ADDRESS: 1399H

*** WARNING L2: REFERENCE MADE TO UNRESOLVED EXTERNAL
    SYMBOL:  ID_SELFLEARNING_FLAG
    MODULE:  .\operation.obj (OPERATION)
    ADDRESS: 1248H

*** WARNING L2: REFERENCE MADE TO UNRESOLVED EXTERNAL
    SYMBOL:  ID_SELFLEARNING_TIMECOUNT
    MODULE:  .\operation.obj (OPERATION)
    ADDRESS: 124BH

BL51 BANKED LINKER/LOCATER V6.22                                                      11/04/2016  15:27:05  PAGE 63


*** WARNING L2: REFERENCE MADE TO UNRESOLVED EXTERNAL
    SYMBOL:  ID_SELFLEARNING_FLAG
    MODULE:  .\operation.obj (OPERATION)
    ADDRESS: 1255H

*** WARNING L2: REFERENCE MADE TO UNRESOLVED EXTERNAL
    SYMBOL:  FELL_FLAG
    MODULE:  .\operation.obj (OPERATION)
    ADDRESS: 1535H

*** WARNING L2: REFERENCE MADE TO UNRESOLVED EXTERNAL
    SYMBOL:  FELL_ALARM_COUNT
    MODULE:  .\operation.obj (OPERATION)
    ADDRESS: 1538H

*** WARNING L2: REFERENCE MADE TO UNRESOLVED EXTERNAL
    SYMBOL:  FELL_ALARM_COUNT
    MODULE:  .\operation.obj (OPERATION)
    ADDRESS: 1545H

*** WARNING L2: REFERENCE MADE TO UNRESOLVED EXTERNAL
    SYMBOL:  RAISED_FLAG
    MODULE:  .\operation.obj (OPERATION)
    ADDRESS: 154BH

*** WARNING L2: REFERENCE MADE TO UNRESOLVED EXTERNAL
    SYMBOL:  RAISED_ALARM_COUNT
    MODULE:  .\operation.obj (OPERATION)
    ADDRESS: 154EH

*** WARNING L2: REFERENCE MADE TO UNRESOLVED EXTERNAL
    SYMBOL:  RAISED_ALARM_COUNT
    MODULE:  .\operation.obj (OPERATION)
    ADDRESS: 155BH

*** WARNING L2: REFERENCE MADE TO UNRESOLVED EXTERNAL
    SYMBOL:  WIRE_BROKEN_RESET
    MODULE:  .\operation.obj (OPERATION)
    ADDRESS: 1600H

*** WARNING L2: REFERENCE MADE TO UNRESOLVED EXTERNAL
    SYMBOL:  WIRE_BROKEN_RESET
    MODULE:  .\operation.obj (OPERATION)
    ADDRESS: 1603H

*** WARNING L2: REFERENCE MADE TO UNRESOLVED EXTERNAL
    SYMBOL:  HOST_STOLEN_ALARM1_COUNT
    MODULE:  .\operation.obj (OPERATION)
    ADDRESS: 1606H

*** WARNING L2: REFERENCE MADE TO UNRESOLVED EXTERNAL
    SYMBOL:  EN_HOST_STOLEN_ALARMING
    MODULE:  .\operation.obj (OPERATION)
    ADDRESS: 1609H

*** WARNING L2: REFERENCE MADE TO UNRESOLVED EXTERNAL
    SYMBOL:  HOST_STOLEN_ALARMING
BL51 BANKED LINKER/LOCATER V6.22                                                      11/04/2016  15:27:05  PAGE 64


    MODULE:  .\operation.obj (OPERATION)
    ADDRESS: 160BH

*** WARNING L2: REFERENCE MADE TO UNRESOLVED EXTERNAL
    SYMBOL:  EN_HOST_STOLEN_ALARMING
    MODULE:  .\operation.obj (OPERATION)
    ADDRESS: 13B1H

*** WARNING L2: REFERENCE MADE TO UNRESOLVED EXTERNAL
    SYMBOL:  STOLEN_ALARM_RESET_COUNT
    MODULE:  .\operation.obj (OPERATION)
    ADDRESS: 13B4H

*** WARNING L2: REFERENCE MADE TO UNRESOLVED EXTERNAL
    SYMBOL:  HOST_STOLEN_ALARM1_COUNT
    MODULE:  .\operation.obj (OPERATION)
    ADDRESS: 13BFH

*** WARNING L2: REFERENCE MADE TO UNRESOLVED EXTERNAL
    SYMBOL:  EN_HOST_STOLEN_ALARMING
    MODULE:  .\operation.obj (OPERATION)
    ADDRESS: 13C2H

*** WARNING L2: REFERENCE MADE TO UNRESOLVED EXTERNAL
    SYMBOL:  HOST_STOLEN_ALARMING
    MODULE:  .\operation.obj (OPERATION)
    ADDRESS: 13C4H

*** WARNING L2: REFERENCE MADE TO UNRESOLVED EXTERNAL
    SYMBOL:  STOLEN_ALARM_RESET_COUNT
    MODULE:  .\operation.obj (OPERATION)
    ADDRESS: 13C8H

*** WARNING L2: REFERENCE MADE TO UNRESOLVED EXTERNAL
    SYMBOL:  JUST_POWER_UP
    MODULE:  .\operation.obj (OPERATION)
    ADDRESS: 12DDH

*** WARNING L2: REFERENCE MADE TO UNRESOLVED EXTERNAL
    SYMBOL:  ID_CERTIFICATED_FLAG
    MODULE:  .\operation.obj (OPERATION)
    ADDRESS: 12EFH

*** WARNING L2: REFERENCE MADE TO UNRESOLVED EXTERNAL
    SYMBOL:  EMERGENCY_OPEN_G
    MODULE:  .\operation.obj (OPERATION)
    ADDRESS: 0737H

*** WARNING L2: REFERENCE MADE TO UNRESOLVED EXTERNAL
    SYMBOL:  ID_SELFLEARNING_FLAG
    MODULE:  .\operation.obj (OPERATION)
    ADDRESS: 0760H

*** WARNING L2: REFERENCE MADE TO UNRESOLVED EXTERNAL
    SYMBOL:  ID_SELFLEARNING_FLAG
    MODULE:  .\operation.obj (OPERATION)
    ADDRESS: 0783H
BL51 BANKED LINKER/LOCATER V6.22                                                      11/04/2016  15:27:05  PAGE 65



*** WARNING L2: REFERENCE MADE TO UNRESOLVED EXTERNAL
    SYMBOL:  OPEN_ACTION_FLAG
    MODULE:  .\operation.obj (OPERATION)
    ADDRESS: 078DH

*** WARNING L2: REFERENCE MADE TO UNRESOLVED EXTERNAL
    SYMBOL:  EMERGENCY_OPEN_G
    MODULE:  .\operation.obj (OPERATION)
    ADDRESS: 0792H

*** WARNING L2: REFERENCE MADE TO UNRESOLVED EXTERNAL
    SYMBOL:  ID_SELFLEARNING_FLAG
    MODULE:  .\operation.obj (OPERATION)
    ADDRESS: 079EH

*** WARNING L2: REFERENCE MADE TO UNRESOLVED EXTERNAL
    SYMBOL:  EMERGENCY_OPEN_G
    MODULE:  .\operation.obj (OPERATION)
    ADDRESS: 0FB9H

*** WARNING L2: REFERENCE MADE TO UNRESOLVED EXTERNAL
    SYMBOL:  OPEN_ACTION_FLAG
    MODULE:  .\operation.obj (OPERATION)
    ADDRESS: 0FBCH

*** WARNING L2: REFERENCE MADE TO UNRESOLVED EXTERNAL
    SYMBOL:  ID_CERTIFICATED_FLAG
    MODULE:  .\operation.obj (OPERATION)
    ADDRESS: 0FC1H

*** WARNING L2: REFERENCE MADE TO UNRESOLVED EXTERNAL
    SYMBOL:  OPEN_ACTION_FLAG
    MODULE:  .\operation.obj (OPERATION)
    ADDRESS: 0FCAH

*** WARNING L2: REFERENCE MADE TO UNRESOLVED EXTERNAL
    SYMBOL:  AFTER_IDCERT_TIMECOUNT
    MODULE:  .\operation.obj (OPERATION)
    ADDRESS: 0FD2H

*** WARNING L2: REFERENCE MADE TO UNRESOLVED EXTERNAL
    SYMBOL:  ID_CERTIFICATED_FLAG
    MODULE:  .\operation.obj (OPERATION)
    ADDRESS: 0FD5H

*** WARNING L2: REFERENCE MADE TO UNRESOLVED EXTERNAL
    SYMBOL:  ID_CERTIFICATED_NUMBERS
    MODULE:  .\operation.obj (OPERATION)
    ADDRESS: 0FD7H

*** WARNING L2: REFERENCE MADE TO UNRESOLVED EXTERNAL
    SYMBOL:  JUST_POWER_UP
    MODULE:  .\operation.obj (OPERATION)
    ADDRESS: 0FE2H

*** WARNING L2: REFERENCE MADE TO UNRESOLVED EXTERNAL
BL51 BANKED LINKER/LOCATER V6.22                                                      11/04/2016  15:27:05  PAGE 66


    SYMBOL:  AUTOLOCK_G
    MODULE:  .\operation.obj (OPERATION)
    ADDRESS: 0FE4H

*** WARNING L2: REFERENCE MADE TO UNRESOLVED EXTERNAL
    SYMBOL:  TIMER0_COUNT2
    MODULE:  .\operation.obj (OPERATION)
    ADDRESS: 0FE7H

*** WARNING L2: REFERENCE MADE TO UNRESOLVED EXTERNAL
    SYMBOL:  EMERGENCY_OPEN_G
    MODULE:  .\operation.obj (OPERATION)
    ADDRESS: 0A7AH

*** WARNING L2: REFERENCE MADE TO UNRESOLVED EXTERNAL
    SYMBOL:  AUTOLOCK_G
    MODULE:  .\operation.obj (OPERATION)
    ADDRESS: 0A80H

*** WARNING L2: REFERENCE MADE TO UNRESOLVED EXTERNAL
    SYMBOL:  OPEN_ACTION_FLAG
    MODULE:  .\operation.obj (OPERATION)
    ADDRESS: 0A83H

*** WARNING L2: REFERENCE MADE TO UNRESOLVED EXTERNAL
    SYMBOL:  AUTOLOCK_G
    MODULE:  .\operation.obj (OPERATION)
    ADDRESS: 0AAEH

*** WARNING L2: REFERENCE MADE TO UNRESOLVED EXTERNAL
    SYMBOL:  OPEN_ACTION_FLAG
    MODULE:  .\operation.obj (OPERATION)
    ADDRESS: 0AB5H

*** WARNING L2: REFERENCE MADE TO UNRESOLVED EXTERNAL
    SYMBOL:  TIMER0_COUNT2
    MODULE:  .\operation.obj (OPERATION)
    ADDRESS: 0AC0H

*** WARNING L2: REFERENCE MADE TO UNRESOLVED EXTERNAL
    SYMBOL:  EMERGENCY_OPEN_G
    MODULE:  .\operation.obj (OPERATION)
    ADDRESS: 0AC5H

*** WARNING L2: REFERENCE MADE TO UNRESOLVED EXTERNAL
    SYMBOL:  TIMER0_COUNT2
    MODULE:  .\operation.obj (OPERATION)
    ADDRESS: 0895H

*** WARNING L2: REFERENCE MADE TO UNRESOLVED EXTERNAL
    SYMBOL:  TIMER0_COUNT2
    MODULE:  .\operation.obj (OPERATION)
    ADDRESS: 1110H

*** WARNING L1: UNRESOLVED EXTERNAL SYMBOL
    SYMBOL:  FELL_FLAG
    MODULE:  .\Other.obj (OTHER)
BL51 BANKED LINKER/LOCATER V6.22                                                      11/04/2016  15:27:05  PAGE 67



*** WARNING L1: UNRESOLVED EXTERNAL SYMBOL
    SYMBOL:  SENSOR_2NDSTAGE_COUNT
    MODULE:  .\Other.obj (OTHER)

*** WARNING L1: UNRESOLVED EXTERNAL SYMBOL
    SYMBOL:  SENSOR_3RDSTAGE_COUNT
    MODULE:  .\Other.obj (OTHER)

*** WARNING L1: UNRESOLVED EXTERNAL SYMBOL
    SYMBOL:  SENSOR_3RDSTAGE_TIME
    MODULE:  .\Other.obj (OTHER)

*** WARNING L1: UNRESOLVED EXTERNAL SYMBOL
    SYMBOL:  HOST_STOLEN_ALARMING
    MODULE:  .\Other.obj (OTHER)

*** WARNING L1: UNRESOLVED EXTERNAL SYMBOL
    SYMBOL:  HOST_STOLEN_ALARM2_EN
    MODULE:  .\Other.obj (OTHER)

*** WARNING L1: UNRESOLVED EXTERNAL SYMBOL
    SYMBOL:  EN_HOST_STOLEN_ALARMING
    MODULE:  .\Other.obj (OTHER)

*** WARNING L1: UNRESOLVED EXTERNAL SYMBOL
    SYMBOL:  SENSOR_3RDSTAGE_EFFCOUNT
    MODULE:  .\Other.obj (OTHER)

*** WARNING L1: UNRESOLVED EXTERNAL SYMBOL
    SYMBOL:  HOST_STOLEN_ALARM1_COUNT
    MODULE:  .\Other.obj (OTHER)

*** WARNING L1: UNRESOLVED EXTERNAL SYMBOL
    SYMBOL:  HOST_STOLEN_ALARM2_COUNT
    MODULE:  .\Other.obj (OTHER)

*** WARNING L1: UNRESOLVED EXTERNAL SYMBOL
    SYMBOL:  POSITION_SENSOR_EN
    MODULE:  .\Other.obj (OTHER)

*** WARNING L1: UNRESOLVED EXTERNAL SYMBOL
    SYMBOL:  RAISED_FLAG
    MODULE:  .\Other.obj (OTHER)

*** WARNING L2: REFERENCE MADE TO UNRESOLVED EXTERNAL
    SYMBOL:  POSITION_SENSOR_EN
    MODULE:  .\Other.obj (OTHER)
    ADDRESS: 0DEDH

*** WARNING L2: REFERENCE MADE TO UNRESOLVED EXTERNAL
    SYMBOL:  FELL_FLAG
    MODULE:  .\Other.obj (OTHER)
    ADDRESS: 0DF1H

*** WARNING L2: REFERENCE MADE TO UNRESOLVED EXTERNAL
    SYMBOL:  RAISED_FLAG
BL51 BANKED LINKER/LOCATER V6.22                                                      11/04/2016  15:27:05  PAGE 68


    MODULE:  .\Other.obj (OTHER)
    ADDRESS: 0DF3H

*** WARNING L2: REFERENCE MADE TO UNRESOLVED EXTERNAL
    SYMBOL:  SENSOR_2NDSTAGE_COUNT
    MODULE:  .\Other.obj (OTHER)
    ADDRESS: 0DFCH

*** WARNING L2: REFERENCE MADE TO UNRESOLVED EXTERNAL
    SYMBOL:  SENSOR_3RDSTAGE_TIME
    MODULE:  .\Other.obj (OTHER)
    ADDRESS: 0E04H

*** WARNING L2: REFERENCE MADE TO UNRESOLVED EXTERNAL
    SYMBOL:  SENSOR_3RDSTAGE_COUNT
    MODULE:  .\Other.obj (OTHER)
    ADDRESS: 0E0EH

*** WARNING L2: REFERENCE MADE TO UNRESOLVED EXTERNAL
    SYMBOL:  SENSOR_3RDSTAGE_EFFCOUNT
    MODULE:  .\Other.obj (OTHER)
    ADDRESS: 0E11H

*** WARNING L2: REFERENCE MADE TO UNRESOLVED EXTERNAL
    SYMBOL:  HOST_STOLEN_ALARMING
    MODULE:  .\Other.obj (OTHER)
    ADDRESS: 0E14H

*** WARNING L2: REFERENCE MADE TO UNRESOLVED EXTERNAL
    SYMBOL:  EN_HOST_STOLEN_ALARMING
    MODULE:  .\Other.obj (OTHER)
    ADDRESS: 0E18H

*** WARNING L2: REFERENCE MADE TO UNRESOLVED EXTERNAL
    SYMBOL:  HOST_STOLEN_ALARM1_COUNT
    MODULE:  .\Other.obj (OTHER)
    ADDRESS: 0E1AH

*** WARNING L2: REFERENCE MADE TO UNRESOLVED EXTERNAL
    SYMBOL:  HOST_STOLEN_ALARM2_EN
    MODULE:  .\Other.obj (OTHER)
    ADDRESS: 0E1DH

*** WARNING L2: REFERENCE MADE TO UNRESOLVED EXTERNAL
    SYMBOL:  HOST_STOLEN_ALARM2_COUNT
    MODULE:  .\Other.obj (OTHER)
    ADDRESS: 0E1FH

*** WARNING L2: REFERENCE MADE TO UNRESOLVED EXTERNAL
    SYMBOL:  POSITION_SENSOR_EN
    MODULE:  .\Other.obj (OTHER)
    ADDRESS: 177EH

*** WARNING L1: UNRESOLVED EXTERNAL SYMBOL
    SYMBOL:  FELL_FLAG
    MODULE:  .\voice.obj (VOICE)

BL51 BANKED LINKER/LOCATER V6.22                                                      11/04/2016  15:27:05  PAGE 69


*** WARNING L1: UNRESOLVED EXTERNAL SYMBOL
    SYMBOL:  SPEECH_CLOSED_TIME
    MODULE:  .\voice.obj (VOICE)

*** WARNING L1: UNRESOLVED EXTERNAL SYMBOL
    SYMBOL:  EN_HOST_STOLEN_ALARMING
    MODULE:  .\voice.obj (VOICE)

*** WARNING L1: UNRESOLVED EXTERNAL SYMBOL
    SYMBOL:  SPEECH_CLOSED_G
    MODULE:  .\voice.obj (VOICE)

*** WARNING L1: UNRESOLVED EXTERNAL SYMBOL
    SYMBOL:  RAISED_FLAG
    MODULE:  .\voice.obj (VOICE)

*** WARNING L2: REFERENCE MADE TO UNRESOLVED EXTERNAL
    SYMBOL:  SPEECH_CLOSED_G
    MODULE:  .\voice.obj (VOICE)
    ADDRESS: 15ADH

*** WARNING L2: REFERENCE MADE TO UNRESOLVED EXTERNAL
    SYMBOL:  SPEECH_CLOSED_TIME
    MODULE:  .\voice.obj (VOICE)
    ADDRESS: 15B0H

*** WARNING L2: REFERENCE MADE TO UNRESOLVED EXTERNAL
    SYMBOL:  SPEECH_CLOSED_TIME
    MODULE:  .\voice.obj (VOICE)
    ADDRESS: 157AH

*** WARNING L2: REFERENCE MADE TO UNRESOLVED EXTERNAL
    SYMBOL:  SPEECH_CLOSED_TIME
    MODULE:  .\voice.obj (VOICE)
    ADDRESS: 15DDH

*** WARNING L2: REFERENCE MADE TO UNRESOLVED EXTERNAL
    SYMBOL:  EN_HOST_STOLEN_ALARMING
    MODULE:  .\voice.obj (VOICE)
    ADDRESS: 12C5H

*** WARNING L2: REFERENCE MADE TO UNRESOLVED EXTERNAL
    SYMBOL:  FELL_FLAG
    MODULE:  .\voice.obj (VOICE)
    ADDRESS: 12C8H

*** WARNING L2: REFERENCE MADE TO UNRESOLVED EXTERNAL
    SYMBOL:  RAISED_FLAG
    MODULE:  .\voice.obj (VOICE)
    ADDRESS: 12CBH

*** WARNING L1: UNRESOLVED EXTERNAL SYMBOL
    SYMBOL:  RECEIVED_DATA_BUFFER
    MODULE:  .\ISP_DataFlash.obj (ISP_DATAFLASH)

*** WARNING L2: REFERENCE MADE TO UNRESOLVED EXTERNAL
    SYMBOL:  RECEIVED_DATA_BUFFER
BL51 BANKED LINKER/LOCATER V6.22                                                      11/04/2016  15:27:05  PAGE 70


    MODULE:  .\ISP_DataFlash.obj (ISP_DATAFLASH)
    ADDRESS: 11C6H

*** WARNING L2: REFERENCE MADE TO UNRESOLVED EXTERNAL
    SYMBOL:  RECEIVED_DATA_BUFFER
    MODULE:  .\ISP_DataFlash.obj (ISP_DATAFLASH)
    ADDRESS: 0E3BH

*** WARNING L2: REFERENCE MADE TO UNRESOLVED EXTERNAL
    SYMBOL:  RECEIVED_DATA_BUFFER
    MODULE:  .\ISP_DataFlash.obj (ISP_DATAFLASH)
    ADDRESS: 0E46H

*** WARNING L2: REFERENCE MADE TO UNRESOLVED EXTERNAL
    SYMBOL:  RECEIVED_DATA_BUFFER
    MODULE:  .\ISP_DataFlash.obj (ISP_DATAFLASH)
    ADDRESS: 0E56H

*** WARNING L2: REFERENCE MADE TO UNRESOLVED EXTERNAL
    SYMBOL:  RECEIVED_DATA_BUFFER
    MODULE:  .\ISP_DataFlash.obj (ISP_DATAFLASH)
    ADDRESS: 0E61H

*** WARNING L2: REFERENCE MADE TO UNRESOLVED EXTERNAL
    SYMBOL:  RECEIVED_DATA_BUFFER
    MODULE:  .\ISP_DataFlash.obj (ISP_DATAFLASH)
    ADDRESS: 0E6CH

*** WARNING L2: REFERENCE MADE TO UNRESOLVED EXTERNAL
    SYMBOL:  RECEIVED_DATA_BUFFER
    MODULE:  .\ISP_DataFlash.obj (ISP_DATAFLASH)
    ADDRESS: 0E83H

*** WARNING L2: REFERENCE MADE TO UNRESOLVED EXTERNAL
    SYMBOL:  RECEIVED_DATA_BUFFER
    MODULE:  .\ISP_DataFlash.obj (ISP_DATAFLASH)
    ADDRESS: 0E8EH

*** WARNING L2: REFERENCE MADE TO UNRESOLVED EXTERNAL
    SYMBOL:  RECEIVED_DATA_BUFFER
    MODULE:  .\ISP_DataFlash.obj (ISP_DATAFLASH)
    ADDRESS: 0E99H

*** WARNING L2: REFERENCE MADE TO UNRESOLVED EXTERNAL
    SYMBOL:  RECEIVED_DATA_BUFFER
    MODULE:  .\ISP_DataFlash.obj (ISP_DATAFLASH)
    ADDRESS: 0EA4H

*** WARNING L2: REFERENCE MADE TO UNRESOLVED EXTERNAL
    SYMBOL:  RECEIVED_DATA_BUFFER
    MODULE:  .\ISP_DataFlash.obj (ISP_DATAFLASH)
    ADDRESS: 0EAFH

Program Size: data=28.7 xdata=135 code=6127
LINK/LOCATE RUN COMPLETE.  248 WARNING(S),  0 ERROR(S)
