C51 COMPILER V9.51   ELECMOTOR                                                             03/16/2015 15:12:37 PAGE 1   


C51 COMPILER V9.51, COMPILATION OF MODULE ELECMOTOR
OBJECT MODULE PLACED IN .\ElecMotor.obj
COMPILER INVOKED BY: D:\Program Files (x86)\keil\C51\BIN\C51.EXE ..\Library\ElecMotor.c COMPACT BROWSE INCDIR(..\Library
                    -) DEBUG OBJECTEXTEND PRINT(.\ElecMotor.lst) TABS(3) OBJECT(.\ElecMotor.obj)

line level    source

   1          /*---------------------------------------------------
   2             ElecMotor.c (v1.00)
   3             
   4             All programs related to Electric Motor in Main board
   5          ---------------------------------------------------*/ 
   6          
   7          #include "main.h"
   8          #include "port.h"
   9          
  10          #include "ElecMotor.h"
  11          #include "Delay.h"
  12          #include "communication.h"
  13          
  14          /*------- Public variable declarations -----------------*/
  15          extern tByte myTxRxData[7];
  16          
  17          /*-------------------------------------------------------
  18             ElecMotor_CW()
  19             Electric Motor rotates clockwise.
  20          --------------------------------------------------------*/
  21          void ElecMotor_CW(void)
  22             {
  23   1         ElecMotor_code();
  24   1      
  25   1         MagentControl_1 = 1;
  26   1         MagentControl_2 = 0;
  27   1         ElecMotor_Delay();
  28   1         MagentControl_1 = 1;
  29   1         MagentControl_2 = 1;
  30   1         motor_lock = 0;
  31   1         }
  32          
  33          /*-------------------------------------------------------
  34             ElecMotor_ACW()
  35             Electric Motor rotates anticlockwise.
  36          --------------------------------------------------------*/
  37          void ElecMotor_ACW(void)
  38             {
  39   1         motor_lock = 1;
  40   1         MagentControl_1 = 0;
  41   1         MagentControl_2 = 1;
  42   1         ElecMotor_Delay_ACW();
  43   1         MagentControl_1 = 1;
  44   1         MagentControl_2 = 1;
  45   1         }
  46          
  47          /*--------------------------------------------------
  48             ElecMotor_code()
  49             send the code to Electric Motor.
  50          ---------------------------------------------------*/
  51          void ElecMotor_code(void)  
  52             {  
  53   1         tByte i,n;
  54   1         myTxRxData[0]=CmdHead;
C51 COMPILER V9.51   ELECMOTOR                                                             03/16/2015 15:12:37 PAGE 2   

  55   1         myTxRxData[1]=MyAddress;
  56   1         myTxRxData[2]=ComMode_1;
  57   1         
  58   1         for(i=0;i<3;i++)
  59   1            {
  60   2            for(n=0;n<8;n++)
  61   2               {
  62   3               if((myTxRxData[i]&0x80) == 0x80)
  63   3                  {
  64   4                  MagentControl_2 = 0;
  65   4                  Delay_10ms();
  66   4                  }
  67   3               else
  68   3                  {
  69   4                  MagentControl_2 = 0;
  70   4                  Delay_5ms();
  71   4                  }
  72   3               MagentControl_2 = 1; 
  73   3               myTxRxData[i] <<= 1;
  74   3               Delay_5ms();
  75   3               }
  76   2            }
  77   1         }
  78          
  79          /*----------------------------------------------------
  80             ElecMotor_Delay()
  81             Delay program for Electric Motor.
  82          -----------------------------------------------------*/
  83          void ElecMotor_Delay(void)
  84             {
  85   1         Delay_500ms();
  86   1         Delay_500ms();
  87   1         if(ElecMotor_overcurrent == 0)
  88   1            {
  89   2            Delay_500ms();
  90   2            Delay_500ms();
  91   2            Delay_500ms();
  92   2            }
  93   1         }
  94          /*----------------------------------------------------
  95             ElecMotor_Delay_ACW()
  96             Delay program for Electric Motor.
  97          -----------------------------------------------------*/
  98          void ElecMotor_Delay_ACW(void)
  99             {
 100   1         Delay_500ms();
 101   1         Delay_500ms();
 102   1         if(ElecMotor_overcurrent == 0)
 103   1            {
 104   2            Delay_500ms();
 105   2            Delay_500ms();
 106   2            Delay_500ms();
 107   2            Delay_500ms();
 108   2            }
 109   1         }
 110          
 111          /*---------------------------------------------------
 112             end of file
 113          ----------------------------------------------------*/


MODULE INFORMATION:   STATIC OVERLAYABLE
C51 COMPILER V9.51   ELECMOTOR                                                             03/16/2015 15:12:37 PAGE 3   

   CODE SIZE        =    158    ----
   CONSTANT SIZE    =   ----    ----
   XDATA SIZE       =   ----    ----
   PDATA SIZE       =   ----       2
   DATA SIZE        =   ----    ----
   IDATA SIZE       =   ----    ----
   BIT SIZE         =   ----    ----
END OF MODULE INFORMATION.


C51 COMPILATION COMPLETE.  0 WARNING(S),  0 ERROR(S)
