C51 COMPILER V9.54   AD                                                                    10/21/2016 17:15:05 PAGE 1   


C51 COMPILER V9.54, COMPILATION OF MODULE AD
OBJECT MODULE PLACED IN .\AD.obj
COMPILER INVOKED BY: D:\Program Files (x86)\Keil_v5\C51\BIN\C51.EXE ..\Library\AD.c COMPACT ROM(COMPACT) OPTIMIZE(8,SPEE
                    -D) BROWSE INCDIR(..\Library) DEBUG OBJECTEXTEND PRINT(.\AD.lst) TABS(3) OBJECT(.\AD.obj)

line level    source

   1          /*---------------------------------------------------
   2             ADC.c (v1.00)
   3             
   4             ADC function, for voltage conversion
   5          ---------------------------------------------------*/ 
   6          
   7          #include "main.h"
   8          #include "port.h"
   9          
  10          #include "AD.h"
  11          #include "Delay.h"
  12          
  13          /*----------------------------------------------------
  14             GetADCResult(tByte ch)
  15             assign the channel, to get the voltage
  16          ----------------------------------------------------*/
  17          tWord GetADCResult(tByte ch)
  18             {
  19   1         tByte DataL = 0;
  20   1         tWord DataH = 0;
  21   1         // channel 5 is MIC voltage detection
  22   1         if(ch == 5)
  23   1            {  
  24   2            // Set ADC0 (P0.5 default) is input only mode
  25   2            P0DIDS |= 0x20; 
  26   2            // choose channel 5
  27   2            AADR0 = 0;  
  28   2            AADR1 = 0;
  29   2            AADR2 = 1;
  30   2                                                                           
  31   2            ADCCON1 |= 0x80;                                          
  32   2            
  33   2            ADCI = 0;                                           
  34   2            ADCS = 1;  
  35   2            
  36   2            DataL = ADCCON0;
  37   2            DataL = DataL>>6; 
  38   2      
  39   2            DataH = ADCH;
  40   2            DataH = (DataH<<2) + DataL;
  41   2      
  42   2            return DataH;
  43   2            }
  44   1         // channel 6 is battery voltage detection
  45   1         else if(ch == 6) 
  46   1            {
  47   2            // Set ADC0 (P0.6 default) is input only mode
  48   2            P0DIDS |= 0x40; 
  49   2      
  50   2            // choose channel 6.
  51   2            AADR0 = 1;
  52   2            AADR1 = 0;
  53   2            AADR2 = 1;
  54   2                                                                           
C51 COMPILER V9.54   AD                                                                    10/21/2016 17:15:05 PAGE 2   

  55   2            ADCCON1 |= 0x80;                                      
  56   2            
  57   2            ADCI = 0;                                       
  58   2            ADCS = 1;  
  59   2            
  60   2            DataL = ADCCON0;
  61   2            DataL = DataL >> 6; 
  62   2      
  63   2            DataH = ADCH;
  64   2            DataH = (DataH << 2) + DataL;
  65   2      
  66   2            return DataH;
  67   2            }
  68   1         else
  69   1            return 0;
  70   1         }
  71          
  72          /*---------------------------------------------------
  73             end of file
  74          ----------------------------------------------------*/ 


MODULE INFORMATION:   STATIC OVERLAYABLE
   CODE SIZE        =    120    ----
   CONSTANT SIZE    =   ----    ----
   XDATA SIZE       =   ----    ----
   PDATA SIZE       =   ----    ----
   DATA SIZE        =   ----    ----
   IDATA SIZE       =   ----    ----
   BIT SIZE         =   ----    ----
END OF MODULE INFORMATION.


C51 COMPILATION COMPLETE.  0 WARNING(S),  0 ERROR(S)
