BL51 BANKED LINKER/LOCATER V6.22                                                        11/15/2016  11:49:22  PAGE 1


BL51 BANKED LINKER/LOCATER V6.22, INVOKED BY:
D:\PROGRAM FILES (X86)\KEIL_V5\C51\BIN\BL51.EXE main.obj, .\AD.obj, .\Battery.obj, .\communication.obj, .\Delay.obj, .\o
>> peration.obj, .\Other.obj, .\pwm.obj, .\Timer.obj, .\UART.obj, .\voice.obj TO DDC-Lockbody-new


MEMORY MODEL: COMPACT


INPUT MODULES INCLUDED:
  main.obj (MAIN)
  .\AD.obj (AD)
  .\Battery.obj (BATTERY)
  .\communication.obj (COMMUNICATION)
  .\Delay.obj (DELAY)
  .\operation.obj (OPERATION)
  .\Other.obj (OTHER)
  .\pwm.obj (PWM)
  .\Timer.obj (TIMER)
  .\UART.obj (UART)
  .\voice.obj (VOICE)
  D:\PROGRAM FILES (X86)\KEIL_V5\C51\LIB\C51C.LIB (?C_STARTUP)
  D:\PROGRAM FILES (X86)\KEIL_V5\C51\LIB\C51C.LIB (?C?CLDPTR)
  D:\PROGRAM FILES (X86)\KEIL_V5\C51\LIB\C51C.LIB (?C?LMUL)
  D:\PROGRAM FILES (X86)\KEIL_V5\C51\LIB\C51C.LIB (?C?ULDIV)
  D:\PROGRAM FILES (X86)\KEIL_V5\C51\LIB\C51C.LIB (?C?LNEG)
  D:\PROGRAM FILES (X86)\KEIL_V5\C51\LIB\C51C.LIB (?C?LIMUL)
  D:\PROGRAM FILES (X86)\KEIL_V5\C51\LIB\C51C.LIB (?C_INIT)


LINK MAP OF MODULE:  DDC-Lockbody-new (MAIN)


            TYPE    BASE      LENGTH    RELOCATION   SEGMENT NAME
            -----------------------------------------------------

            * * * * * * *   D A T A   M E M O R Y   * * * * * * *
            REG     0000H     0008H     ABSOLUTE     "REG BANK 0"
                    0008H     0018H                  *** GAP ***
            BIT     0020H.0   0002H.3   UNIT         ?BI?MAIN
            BIT     0022H.3   0000H.3   UNIT         ?BI?OPERATION
                    0022H.6   0000H.2                *** GAP ***
            IDATA   0023H     0001H     UNIT         ?STACK

            * * * * * * *  X D A T A   M E M O R Y  * * * * * * *
            XDATA   0000H     0030H     INPAGE       ?PD?MAIN
            XDATA   0030H     0002H     INPAGE       ?PD?_VERIFYBATTERY?BATTERY
            XDATA   0032H     0002H     INPAGE       ?PD?BATTERY
            XDATA   0034H     0003H     INPAGE       ?PD?INITSIGNAL?COMMUNICATION
            XDATA   0037H     0003H     INPAGE       ?PD?INITSIGNAL_F?COMMUNICATION
            XDATA   003AH     0003H     INPAGE       ?PD?_SEND_DATA?COMMUNICATION
            XDATA   003DH     0007H     INPAGE       ?PD?COMMUNICATION
            XDATA   0044H     0004H     INPAGE       ?PD?_CUSTOM_DELAY?DELAY
            XDATA   0048H     0002H     INPAGE       ?PD?DELAY
            XDATA   004AH     000AH     INPAGE       ?PD?OPERATION
            XDATA   0054H     0002H     INPAGE       ?PD?PWM
            XDATA   0056H     0002H     INPAGE       ?PD?_INITT0?TIMER
            XDATA   0058H     0004H     INPAGE       ?PD?TIMER
            XDATA   005CH     0003H     INPAGE       ?PD?_SENDNBYTE?UART
BL51 BANKED LINKER/LOCATER V6.22                                                      11/15/2016  11:49:22  PAGE 2


            XDATA   005FH     0002H     INPAGE       ?PD?_SC_SPEECH?VOICE
            XDATA   0061H     0001H     INPAGE       ?PD?VOICE
            XDATA   0062H     0003H     INPAGE       _PDATA_GROUP_

            * * * * * * *   C O D E   M E M O R Y   * * * * * * *
            CODE    0000H     0003H     ABSOLUTE     
            CODE    0003H     0008H     INBLOCK      ?PR?MYPWM?PWM
            CODE    000BH     0003H     ABSOLUTE     
            CODE    000EH     000DH     INBLOCK      ?PR?CHECK_MOTOR_ACCUMULATOR?BATTERY
            CODE    001BH     0003H     ABSOLUTE     
            CODE    001EH     0232H     INBLOCK      ?PR?_VERIFYBATTERY?BATTERY
            CODE    0250H     0171H     UNIT         ?C?LIB_CODE
            CODE    03C1H     00F5H     INBLOCK      ?PR?TIMERT1?MAIN
            CODE    04B6H     00CBH     UNIT         ?C_INITSEG
            CODE    0581H     008CH     UNIT         ?C_C51STARTUP
            CODE    060DH     0078H     INBLOCK      ?PR?_GETADCRESULT?AD
            CODE    0685H     0075H     INBLOCK      ?PR?_INITTIMER?TIMER
            CODE    06FAH     006FH     INBLOCK      ?PR?DETECT_VIBRATION?OPERATION
            CODE    0769H     006CH     INBLOCK      ?PR?DETECT_SELFLEARN_ACTION?OPERATION
            CODE    07D5H     002BH     INBLOCK      ?PR?_SENDNBYTE?UART
            CODE    0800H     006AH     INBLOCK      ?PR?RECEIVE_BYTE?COMMUNICATION
            CODE    086AH     006AH     INBLOCK      ?PR?RECEIVE_BYTE_LOCK?COMMUNICATION
            CODE    08D4H     0062H     INBLOCK      ?PR?_PWM_CHANNEL?PWM
            CODE    0936H     0060H     INBLOCK      ?PR?_SEND_DATA?COMMUNICATION
            CODE    0996H     005BH     INBLOCK      ?PR?DETECT_CLOSE_ACTION?OPERATION
            CODE    09F1H     004CH     INBLOCK      ?PR?_INITT0?TIMER
            CODE    0A3DH     004BH     INBLOCK      ?PR?MAIN?MAIN
            CODE    0A88H     0048H     INBLOCK      ?PR?INITSIGNAL?COMMUNICATION
            CODE    0AD0H     0048H     INBLOCK      ?PR?INITSIGNAL_F?COMMUNICATION
            CODE    0B18H     0047H     INBLOCK      ?PR?DISABLE_SENSOR?OTHER
            CODE    0B5FH     0041H     INBLOCK      ?PR?RECEIVE_WORD?COMMUNICATION
            CODE    0BA0H     003FH     INBLOCK      ?PR?_CUSTOM_DELAY?DELAY
            CODE    0BDFH     003DH     INBLOCK      ?PR?TIMER0?MAIN
            CODE    0C1CH     0037H     INBLOCK      ?PR?DETECT_OPEN_ACTION?OPERATION
            CODE    0C53H     0036H     INBLOCK      ?PR?_INITUART?UART
            CODE    0C89H     0036H     INBLOCK      ?PR?_SC_SPEECH?VOICE
            CODE    0CBFH     0032H     INBLOCK      ?PR?SLAVE_NEARBY_OPERATION?OPERATION
            CODE    0CF1H     0031H     INBLOCK      ?PR?DETECT_WHEEL_MOVING?OPERATION
            CODE    0D22H     002EH     INBLOCK      ?PR?BROADCAST_BATTERY?BATTERY
            CODE    0D50H     0026H     INBLOCK      ?PR?SELFLEARN_RESET?OPERATION
            CODE    0D76H     0022H     INBLOCK      ?PR?ENSENSOR_AFTERIDCERT?OPERATION
            CODE    0D98H     0022H     INBLOCK      ?PR?ACCUMULATOR_VOICE_PROMOT?VOICE
            CODE    0DBAH     0021H     INBLOCK      ?PR?ENSENSOR_AFTER_SLAVE_AWAY?OPERATION
            CODE    0DDBH     0020H     INBLOCK      ?PR?_DELAY_MS?DELAY
            CODE    0DFBH     001EH     INBLOCK      ?PR?SLAVE_AWAY_OPERATION?OPERATION
            CODE    0E19H     001EH     INBLOCK      ?PR?ENSENSOR_AFTER_CLOSE?OPERATION
            CODE    0E37H     001EH     INBLOCK      ?PR?RESET_AFTER_STOLEN_ALARMING?OPERATION
            CODE    0E55H     001AH     INBLOCK      ?PR?DELAY_1MS?DELAY
            CODE    0E6FH     001AH     INBLOCK      ?PR?DELAY_5MS?DELAY
            CODE    0E89H     001AH     INBLOCK      ?PR?DELAY_10MS?DELAY
            CODE    0EA3H     001AH     INBLOCK      ?PR?DELAY_12MS?DELAY
            CODE    0EBDH     001AH     INBLOCK      ?PR?DELAY_50MS?DELAY
            CODE    0ED7H     001AH     INBLOCK      ?PR?DELAY_100MS?DELAY
            CODE    0EF1H     001AH     INBLOCK      ?PR?DELAY_500MS?DELAY
            CODE    0F0BH     0019H     INBLOCK      ?PR?_DELAY_US?DELAY
            CODE    0F24H     0019H     INBLOCK      ?PR?INITVOICE?VOICE
            CODE    0F3DH     0018H     INBLOCK      ?PR?INIT_PWM?PWM
BL51 BANKED LINKER/LOCATER V6.22                                                      11/15/2016  11:49:22  PAGE 3


            CODE    0F55H     0017H     INBLOCK      ?PR?_DELAY?DELAY
            CODE    0F6CH     0016H     INBLOCK      ?PR?FELL_ALARM_TO_SLAVE?OPERATION
            CODE    0F82H     0016H     INBLOCK      ?PR?RAISE_ALARM_TO_SLAVE?OPERATION
            CODE    0F98H     0016H     INBLOCK      ?PR?BATSTOLEN_ALARM_TO_SLAVE?OPERATION
            CODE    0FAEH     0015H     INBLOCK      ?PR?SELF_LEARN_SPEECH?VOICE
            CODE    0FC3H     0013H     INBLOCK      ?PR?ID_SPEECH?VOICE
            CODE    0FD6H     0013H     INBLOCK      ?PR?HOST_TOUCH_SPEECH?VOICE
            CODE    0FE9H     0013H     INBLOCK      ?PR?STOLEN_ALARM_SPEECH2?VOICE
            CODE    0FFCH     0004H     INBLOCK      ?PR?SEOS_GO_TO_SLEEP?TIMER
            CODE    1000H     0013H     INBLOCK      ?PR?OPEN_LOCK_SPEECH?VOICE
            CODE    1013H     0010H     INBLOCK      ?PR?RESET_AFTER_WIREBROKEN?OPERATION
            CODE    1023H     000FH     INBLOCK      ?PR?HSCH_MANUAL_TIMER0_RELOAD?TIMER
            CODE    1032H     000FH     INBLOCK      ?PR?MOTORBAT_LOW_SPEECH?VOICE
            CODE    1041H     000FH     INBLOCK      ?PR?BATTERY_HINT?VOICE
            CODE    1050H     000FH     INBLOCK      ?PR?HOST_2NDTOUCH_SPEECH?VOICE
            CODE    105FH     000FH     INBLOCK      ?PR?STOLEN_ALARM_SPEECH1?VOICE
            CODE    106EH     000FH     INBLOCK      ?PR?CLOSE_LOCK_SPEECH?VOICE
            CODE    107DH     000FH     INBLOCK      ?PR?BATTERY_STOLEN_SPEECH?VOICE
            CODE    108CH     000FH     INBLOCK      ?PR?CUTTING_WIRE_VOICE?VOICE
            CODE    109BH     000FH     INBLOCK      ?PR?PRODUCT_TEST_VOICE?VOICE
            CODE    10AAH     000FH     INBLOCK      ?PR?BATTERY_LOW_ALARM_SPEECH?VOICE
            CODE    10B9H     000FH     INBLOCK      ?PR?BATTERY_HIGH_ALARM_SPEECH?VOICE
            CODE    10C8H     000FH     INBLOCK      ?PR?ALARM_STOLEN_SPEECH?VOICE
            CODE    10D7H     000FH     INBLOCK      ?PR?ALARM_RAISED_SPEECH?VOICE
            CODE    10E6H     000FH     INBLOCK      ?PR?ALARM_FELL_SPEECH?VOICE
            CODE    10F5H     000FH     INBLOCK      ?PR?HOST_BATTERY_HIGH_ALARM_SPEECH?VOICE
            CODE    1104H     000FH     INBLOCK      ?PR?BATTERY_STOLEN_SPEECH_F3?VOICE
            CODE    1113H     000FH     INBLOCK      ?PR?WIRE_BROKEN_SPEECH?VOICE
            CODE    1122H     000FH     INBLOCK      ?PR?LOCK_ROTATED_ON_SPEECH?VOICE
            CODE    1131H     000FH     INBLOCK      ?PR?LOCK_ROTATED_OFF_SPEECH?VOICE
            CODE    1140H     000CH     INBLOCK      ?PR?HOST_STOLEN_ACTION?OPERATION
            CODE    114CH     000CH     INBLOCK      ?PR?ENABLE_SENSOR?OTHER
            CODE    1158H     0009H     INBLOCK      ?PR?DISABLE_SENSOR_AFTER_IDCERT?OPERATION
            CODE    1161H     0009H     INBLOCK      ?PR?ENTER_NOGUARD_VOICE?VOICE
            CODE    116AH     0008H     INBLOCK      ?PR?_SENDDATA?UART
            CODE    1172H     0005H     INBLOCK      ?PR?INITSENSOR?OPERATION
            CODE    1177H     0003H     INBLOCK      ?PR?HSCH_START?TIMER
            CODE    117AH     0003H     INBLOCK      ?PR?IDCERTED_SPEECH?VOICE
            CODE    117DH     0001H     INBLOCK      ?PR?KEY_ROTATE_ON_SPEECH?VOICE



OVERLAY MAP OF MODULE:   DDC-Lockbody-new (MAIN)


SEGMENT                                            PDATA_GROUP
  +--> CALLED SEGMENT                            START    LENGTH
----------------------------------------------------------------
?C_C51STARTUP                                    -----    -----
  +--> ?PR?MAIN?MAIN
  +--> ?C_INITSEG

?PR?MAIN?MAIN                                    0062H    0001H
  +--> ?PR?_INITTIMER?TIMER
  +--> ?PR?DELAY_500MS?DELAY

?PR?_INITTIMER?TIMER                             0063H    0002H
BL51 BANKED LINKER/LOCATER V6.22                                                      11/15/2016  11:49:22  PAGE 4





UNRESOLVED EXTERNAL SYMBOLS:
   AFTER_IDCERT_TIMECOUNT
   AUTOLOCK_G
   CHECK_MOTOBATTERY_COUNT
   CHECK_MOTOBATTERY_FLAG
   CLOSE_TRANCEIVER
   ELECMOTOR_ACW
   ELECMOTOR_CW
   EMERGENCY_OPEN_G
   EN_HOST_STOLEN_ALARMING
   FLASHING_FLAG
   HOST_STOLEN_ALARMING
   IDKEY_FLASH_EN
   IDKEY_SELFLEARN_FLAG1
   IDKEY_SELFLEARN_FLAG2
   IDKEY_SELFLEARN_FLAG3
   IDKEY_SELFLEARN_FLAG4
   IDKEY_SELFLEARN_FLAG5
   IDKEY_SELFLEARN_HVCOUNT
   IDKEY_SELFLEARN_LVCOUNT
   IDKEY_SPEECH_FLASH
   ID_CERTIFICATED_FLAG
   ID_CERTIFICATED_NUMBERS
   ID_SELFLEARNING_FLAG
   ID_SELFLEARNING_TIMECOUNT
   ID_SPEECHED_FLAG
   JUST_POWER_UP
   LOAD_BATTERY_RESULT
   NEVER_ALARM
   NEVER_ALARM_SPEECH
   OPEN_ACTION_FLAG
   SELF_LEARN_PROGRAMMING
   SILENCE_FLAG
   SLAVE_NEARBY_ACTIONED_FLAG
   SLAVE_NEARBY_COUNT
   SPEECH_CLOSED_G
   SPEECH_CLOSED_TIME
   STOLEN_ALARM_RESET_COUNT
   TIMER0_COUNT2
   WIRE_BROKEN_RESET
   _HSCH_DELETE_TASK
   _UART_SEND_DATA



SYMBOL TABLE OF MODULE:  DDC-Lockbody-new (MAIN)

  VALUE           TYPE          NAME
  ----------------------------------

  -------         MODULE        MAIN
  C:0000H         SYMBOL        _ICE_DUMMY_
  B:0020H.0       PUBLIC        receive_wire_flag
  B:0020H.1       PUBLIC        raised_fell_flag
BL51 BANKED LINKER/LOCATER V6.22                                                      11/15/2016  11:49:22  PAGE 5


  D:0080H         PUBLIC        P0
  D:0090H         PUBLIC        P1
  D:00A0H         PUBLIC        P2
  D:00B0H         PUBLIC        P3
  X:0000H         PUBLIC        sensor_trigger_count
  B:0020H.2       PUBLIC        horizontal_vibration
  X:0001H         PUBLIC        battery_stolen_count
  B:0020H.3       PUBLIC        raised_fell_once_flag
  B:0020H.4       PUBLIC        stolen_alarm_flag
  D:00A8H         PUBLIC        IE
  B:0020H.5       PUBLIC        receive_data_finished_flag
  X:0002H         PUBLIC        horizontal_vibration_count
  B:0020H.6       PUBLIC        sensor_3rdalarm_flag
  D:00B8H         PUBLIC        IP
  B:0020H.7       PUBLIC        wire_broken_flag
  B:0021H.0       PUBLIC        fell_flag
  X:0004H         PUBLIC        one_receive_byte
  X:0005H         PUBLIC        fell_alarm_count
  C:0A3DH         PUBLIC        main
  X:0006H         PUBLIC        received_data_buffer
  X:000DH         PUBLIC        data_count
  X:000EH         PUBLIC        sensor_2ndstage_count
  C:03C1H         PUBLIC        timerT1
  X:000FH         PUBLIC        wire_broken_count
  D:00D8H         PUBLIC        WDCON0
  X:0010H         PUBLIC        ADC_check_result
  X:0012H         PUBLIC        sensor_2ndstage_time
  X:0014H         PUBLIC        sensor_3rdstage_count
  X:0015H         PUBLIC        one_receive_byte_count
  X:0016H         PUBLIC        sensor_3rdstage_time
  B:00A0H.4       PUBLIC        receive_wire2
  D:0098H         PUBLIC        SCON
  D:0088H         PUBLIC        TCON
  X:0018H         PUBLIC        lock_time
  X:0019H         PUBLIC        sensor_1ststage_count
  B:0021H.1       PUBLIC        closelock_flag
  X:001AH         PUBLIC        raise_wire_time
  D:008CH         PUBLIC        TH0
  D:008DH         PUBLIC        TH1
  B:0021H.2       PUBLIC        host_stolen_alarm1_EN
  D:008AH         PUBLIC        TL0
  B:0021H.3       PUBLIC        vibration_flag
  X:001BH         PUBLIC        fell_wire_time
  B:0021H.4       PUBLIC        host_stolen_alarm2_EN
  D:008BH         PUBLIC        TL1
  D:00E8H         PUBLIC        EIE
  C:0BDFH         PUBLIC        timer0
  B:0021H.5       PUBLIC        IDkey_flag
  B:00A0H.2       PUBLIC        MagentControl_1
  B:00A0H.3       PUBLIC        MagentControl_2
  D:00F8H         PUBLIC        ADCCON0
  D:00C0H         PUBLIC        I2CON
  B:0021H.6       PUBLIC        openlock_flag
  X:001CH         PUBLIC        key_rotated_on_flag
  B:0021H.7       PUBLIC        wheeled_flag
  X:001DH         PUBLIC        vibration_count
  X:001FH         PUBLIC        timer0_count
BL51 BANKED LINKER/LOCATER V6.22                                                      11/15/2016  11:49:22  PAGE 6


  X:0021H         PUBLIC        sensor_3rdstage_effcount
  X:0022H         PUBLIC        IDkey_count
  X:0023H         PUBLIC        nearby_away_interval
  D:00C8H         PUBLIC        T2CON
  X:0024H         PUBLIC        enable_sensor_delay_count
  X:0025H         PUBLIC        host_stolen_alarm1_count
  X:0026H         PUBLIC        host_stolen_alarm2_count
  X:0027H         PUBLIC        sensor_3rdstage_interval
  B:0022H.0       PUBLIC        battery_stolen_EN
  B:0022H.1       PUBLIC        position_sensor_EN
  X:0029H         PUBLIC        wheeled_count
  X:002BH         PUBLIC        raised_fell_number
  B:00A0H.0       PUBLIC        SC_RST
  X:002DH         PUBLIC        receive_HV_count
  X:002EH         PUBLIC        receive_LV_count
  B:0022H.2       PUBLIC        raised_flag
  X:002FH         PUBLIC        raised_alarm_count
  D:00D0H         PUBLIC        PSW
  -------         PROC          MAIN
  -------         DO            
  X:0062H         SYMBOL        i
  -------         ENDDO         
  C:0A3DH         LINE#         80
  C:0A3DH         LINE#         81
  C:0A3DH         LINE#         84
  C:0A46H         LINE#         86
  C:0A48H         LINE#         89
  C:0A48H         LINE#         90
  C:0A48H         LINE#         93
  C:0A4BH         LINE#         94
  C:0A4BH         LINE#         95
  C:0A4DH         LINE#         96
  C:0A4FH         LINE#         98
  C:0A53H         LINE#         99
  C:0A61H         LINE#         101
  C:0A63H         LINE#         102
  C:0A65H         LINE#         103
  C:0A67H         LINE#         104
  C:0A67H         LINE#         106
  C:0A6AH         LINE#         107
  C:0A6AH         LINE#         108
  C:0A6CH         LINE#         109
  C:0A6EH         LINE#         111
  C:0A72H         LINE#         112
  C:0A80H         LINE#         114
  C:0A82H         LINE#         115
  C:0A84H         LINE#         116
  C:0A86H         LINE#         117
  C:0A86H         LINE#         118
  -------         ENDPROC       MAIN
  -------         PROC          TIMER0
  C:0BDFH         LINE#         126
  C:0BECH         LINE#         129
  C:0BF1H         LINE#         130
  C:0BF6H         LINE#         133
  C:0C0DH         LINE#         134
  C:0C0DH         LINE#         136
BL51 BANKED LINKER/LOCATER V6.22                                                      11/15/2016  11:49:22  PAGE 7


  C:0C11H         LINE#         137
  C:0C11H         LINE#         138
  -------         ENDPROC       TIMER0
  -------         PROC          TIMERT1
  C:03C1H         LINE#         146
  C:03CEH         LINE#         149
  C:03D3H         LINE#         150
  C:03D8H         LINE#         153
  C:03DBH         LINE#         154
  C:03DBH         LINE#         156
  C:03DDH         LINE#         159
  C:03E6H         LINE#         160
  C:03E6H         LINE#         161
  C:03E7H         LINE#         162
  C:03E7H         LINE#         163
  C:03E9H         LINE#         165
  C:03E9H         LINE#         166
  C:03ECH         LINE#         167
  C:03ECH         LINE#         168
  C:03EEH         LINE#         171
  C:03FDH         LINE#         172
  C:03FDH         LINE#         173
  C:0403H         LINE#         174
  C:0406H         LINE#         175
  C:040BH         LINE#         176
  C:040FH         LINE#         177
  C:040FH         LINE#         178
  C:0417H         LINE#         179
  C:0417H         LINE#         180
  C:041DH         LINE#         181
  C:0420H         LINE#         182
  C:0425H         LINE#         183
  C:0429H         LINE#         184
  C:042BH         LINE#         186
  C:042BH         LINE#         187
  C:0430H         LINE#         188
  C:0430H         LINE#         190
  C:0434H         LINE#         191
  C:0436H         LINE#         193
  C:0436H         LINE#         194
  C:043BH         LINE#         195
  C:0441H         LINE#         196
  C:0441H         LINE#         197
  C:0445H         LINE#         198
  C:0447H         LINE#         199
  C:044AH         LINE#         200
  C:044AH         LINE#         201
  C:044AH         LINE#         202
  C:044AH         LINE#         204
  C:0451H         LINE#         205
  C:0451H         LINE#         206
  C:0452H         LINE#         207
  C:045FH         LINE#         208
  C:0468H         LINE#         209
  C:0468H         LINE#         210
  C:046DH         LINE#         211
  C:046FH         LINE#         212
BL51 BANKED LINKER/LOCATER V6.22                                                      11/15/2016  11:49:22  PAGE 8


  C:0479H         LINE#         213
  C:0479H         LINE#         214
  C:047EH         LINE#         215
  C:0480H         LINE#         216
  C:0484H         LINE#         217
  C:0484H         LINE#         218
  C:0486H         LINE#         219
  C:0486H         LINE#         220
  C:0488H         LINE#         222
  C:0488H         LINE#         223
  C:048CH         LINE#         224
  C:048CH         LINE#         225
  C:048CH         LINE#         227
  C:048FH         LINE#         228
  C:048FH         LINE#         229
  C:0491H         LINE#         230
  C:049FH         LINE#         231
  C:049FH         LINE#         232
  C:049FH         LINE#         233
  C:049FH         LINE#         234
  C:04A1H         LINE#         235
  C:04A1H         LINE#         236
  C:04A3H         LINE#         237
  C:04A3H         LINE#         238
  C:04A3H         LINE#         239
  C:04A5H         LINE#         240
  C:04A5H         LINE#         241
  C:04A7H         LINE#         242
  C:04A7H         LINE#         243
  C:04A7H         LINE#         244
  C:04A9H         LINE#         245
  C:04ABH         LINE#         246
  C:04ABH         LINE#         247
  C:04ABH         LINE#         248
  C:04ABH         LINE#         249
  C:04ABH         LINE#         250
  -------         ENDPROC       TIMERT1
  -------         ENDMOD        MAIN

  -------         MODULE        AD
  C:0000H         SYMBOL        _ICE_DUMMY_
  D:0080H         PUBLIC        P0
  D:0090H         PUBLIC        P1
  D:00A0H         PUBLIC        P2
  D:00B0H         PUBLIC        P3
  D:00A8H         PUBLIC        IE
  D:00E2H         PUBLIC        ADCH
  B:00F8H.4       PUBLIC        ADCI
  D:00B8H         PUBLIC        IP
  B:00F8H.3       PUBLIC        ADCS
  D:00F6H         PUBLIC        P0DIDS
  D:00D8H         PUBLIC        WDCON0
  D:0098H         PUBLIC        SCON
  D:0088H         PUBLIC        TCON
  B:00F8H.0       PUBLIC        AADR0
  B:00F8H.1       PUBLIC        AADR1
  B:00F8H.2       PUBLIC        AADR2
BL51 BANKED LINKER/LOCATER V6.22                                                      11/15/2016  11:49:22  PAGE 9


  D:00E8H         PUBLIC        EIE
  D:00F8H         PUBLIC        ADCCON0
  D:00E1H         PUBLIC        ADCCON1
  D:00C0H         PUBLIC        I2CON
  D:00C8H         PUBLIC        T2CON
  C:060DH         PUBLIC        _GetADCResult
  D:00D0H         PUBLIC        PSW
  -------         PROC          _GETADCRESULT
  D:0007H         SYMBOL        ch
  -------         DO            
  D:0005H         SYMBOL        DataL
  D:0002H         SYMBOL        DataH
  -------         ENDDO         
  C:060DH         LINE#         17
  C:060DH         LINE#         18
  C:060DH         LINE#         19
  C:060EH         LINE#         20
  C:060FH         LINE#         22
  C:0614H         LINE#         23
  C:0614H         LINE#         25
  C:0617H         LINE#         27
  C:0619H         LINE#         28
  C:061BH         LINE#         29
  C:061DH         LINE#         31
  C:0620H         LINE#         33
  C:0622H         LINE#         34
  C:0624H         LINE#         36
  C:0626H         LINE#         37
  C:062DH         LINE#         39
  C:0631H         LINE#         40
  C:0643H         LINE#         42
  C:0647H         LINE#         43
  C:0647H         LINE#         45
  C:064CH         LINE#         46
  C:064CH         LINE#         48
  C:064FH         LINE#         51
  C:0651H         LINE#         52
  C:0653H         LINE#         53
  C:0655H         LINE#         55
  C:0658H         LINE#         57
  C:065AH         LINE#         58
  C:065CH         LINE#         60
  C:065EH         LINE#         61
  C:0665H         LINE#         63
  C:066BH         LINE#         64
  C:067DH         LINE#         66
  C:0681H         LINE#         67
  C:0681H         LINE#         69
  C:0684H         LINE#         70
  -------         ENDPROC       _GETADCRESULT
  -------         ENDMOD        AD

  -------         MODULE        BATTERY
  C:0000H         SYMBOL        _ICE_DUMMY_
  C:000EH         PUBLIC        Check_motor_accumulator
  D:0080H         PUBLIC        P0
  D:0090H         PUBLIC        P1
BL51 BANKED LINKER/LOCATER V6.22                                                      11/15/2016  11:49:22  PAGE 10


  D:00A0H         PUBLIC        P2
  D:00B0H         PUBLIC        P3
  X:0032H         PUBLIC        Check2_stage
  B:0090H.4       PUBLIC        voice_EN
  D:00A8H         PUBLIC        IE
  D:00B8H         PUBLIC        IP
  C:001EH         PUBLIC        _verifybattery
  D:00D8H         PUBLIC        WDCON0
  D:0098H         PUBLIC        SCON
  D:0088H         PUBLIC        TCON
  D:00E8H         PUBLIC        EIE
  D:00F8H         PUBLIC        ADCCON0
  X:0033H         PUBLIC        Battery_level
  D:00C0H         PUBLIC        I2CON
  D:00C8H         PUBLIC        T2CON
  B:00A0H.0       PUBLIC        SC_RST
  C:0D22H         PUBLIC        Broadcast_battery
  D:00D0H         PUBLIC        PSW
  -------         PROC          CHECK_MOTOR_ACCUMULATOR
  C:000EH         LINE#         24
  C:000EH         LINE#         25
  C:000EH         LINE#         27
  C:001AH         LINE#         28
  -------         ENDPROC       CHECK_MOTOR_ACCUMULATOR
  -------         PROC          BROADCAST_BATTERY
  C:0D22H         LINE#         34
  C:0D22H         LINE#         35
  C:0D22H         LINE#         36
  C:0D3FH         LINE#         37
  C:0D3FH         LINE#         38
  C:0D46H         LINE#         39
  C:0D46H         LINE#         40
  -------         ENDPROC       BROADCAST_BATTERY
  -------         PROC          _VERIFYBATTERY
  X:0030H         SYMBOL        Check2
  C:001EH         LINE#         48
  C:0025H         LINE#         49
  C:0025H         LINE#         52
  C:0027H         LINE#         53
  C:002CH         LINE#         54
  C:0031H         LINE#         56
  C:003DH         LINE#         57
  C:003DH         LINE#         58
  C:003DH         LINE#         59
  C:003DH         LINE#         60
  C:003FH         LINE#         61
  C:0056H         LINE#         62
  C:0056H         LINE#         63
  C:0056H         LINE#         64
  C:0056H         LINE#         65
  C:0058H         LINE#         66
  C:006FH         LINE#         67
  C:006FH         LINE#         68
  C:0074H         LINE#         69
  C:0079H         LINE#         70
  C:007BH         LINE#         71
  C:007BH         LINE#         72
BL51 BANKED LINKER/LOCATER V6.22                                                      11/15/2016  11:49:22  PAGE 11


  C:007DH         LINE#         73
  C:0094H         LINE#         74
  C:0094H         LINE#         75
  C:0099H         LINE#         76
  C:009EH         LINE#         77
  C:00A3H         LINE#         78
  C:00A8H         LINE#         79
  C:00AAH         LINE#         80
  C:00AAH         LINE#         81
  C:00ACH         LINE#         82
  C:00C3H         LINE#         83
  C:00C3H         LINE#         84
  C:00C8H         LINE#         85
  C:00CDH         LINE#         86
  C:00D2H         LINE#         87
  C:00D7H         LINE#         88
  C:00D9H         LINE#         89
  C:00D9H         LINE#         90
  C:00DBH         LINE#         91
  C:00F2H         LINE#         92
  C:00F2H         LINE#         93
  C:00F7H         LINE#         94
  C:00FCH         LINE#         95
  C:0101H         LINE#         96
  C:0106H         LINE#         97
  C:0108H         LINE#         98
  C:0108H         LINE#         99
  C:010AH         LINE#         100
  C:0121H         LINE#         101
  C:0121H         LINE#         102
  C:0126H         LINE#         103
  C:012BH         LINE#         104
  C:0130H         LINE#         105
  C:0135H         LINE#         106
  C:0137H         LINE#         107
  C:0137H         LINE#         108
  C:0139H         LINE#         109
  C:0150H         LINE#         110
  C:0150H         LINE#         111
  C:0155H         LINE#         112
  C:015AH         LINE#         113
  C:015FH         LINE#         114
  C:0164H         LINE#         115
  C:0166H         LINE#         116
  C:0166H         LINE#         117
  C:0168H         LINE#         118
  C:017FH         LINE#         119
  C:017FH         LINE#         120
  C:0184H         LINE#         121
  C:0189H         LINE#         122
  C:018BH         LINE#         123
  C:018BH         LINE#         124
  C:018DH         LINE#         125
  C:01A4H         LINE#         126
  C:01A4H         LINE#         127
  C:01A9H         LINE#         128
  C:01AEH         LINE#         129
BL51 BANKED LINKER/LOCATER V6.22                                                      11/15/2016  11:49:22  PAGE 12


  C:01B3H         LINE#         130
  C:01B8H         LINE#         131
  C:01BAH         LINE#         132
  C:01BAH         LINE#         133
  C:01BCH         LINE#         134
  C:01D3H         LINE#         135
  C:01D3H         LINE#         136
  C:01D8H         LINE#         137
  C:01DDH         LINE#         138
  C:01E2H         LINE#         139
  C:01E7H         LINE#         140
  C:01E9H         LINE#         141
  C:01E9H         LINE#         142
  C:01EBH         LINE#         143
  C:0202H         LINE#         144
  C:0202H         LINE#         145
  C:0207H         LINE#         146
  C:020CH         LINE#         147
  C:0211H         LINE#         148
  C:0216H         LINE#         149
  C:0218H         LINE#         150
  C:0218H         LINE#         151
  C:021AH         LINE#         152
  C:0226H         LINE#         153
  C:0226H         LINE#         154
  C:022BH         LINE#         155
  C:0230H         LINE#         156
  C:0235H         LINE#         157
  C:023AH         LINE#         158
  C:023AH         LINE#         160
  C:023FH         LINE#         161
  C:0244H         LINE#         162
  C:0246H         LINE#         163
  C:0248H         LINE#         164
  C:024BH         LINE#         165
  C:024DH         LINE#         166
  -------         ENDPROC       _VERIFYBATTERY
  -------         ENDMOD        BATTERY

  -------         MODULE        COMMUNICATION
  C:0000H         SYMBOL        _ICE_DUMMY_
  C:0800H         PUBLIC        receive_byte
  D:0080H         PUBLIC        P0
  D:0090H         PUBLIC        P1
  B:00B0H.0       PUBLIC        receive_wire
  D:00A0H         PUBLIC        P2
  D:00B0H         PUBLIC        P3
  C:0B5FH         PUBLIC        receive_word
  D:00A8H         PUBLIC        IE
  D:00B8H         PUBLIC        IP
  D:00D8H         PUBLIC        WDCON0
  B:0090H.0       PUBLIC        P10
  B:0090H.1       PUBLIC        P11
  D:0098H         PUBLIC        SCON
  D:0088H         PUBLIC        TCON
  C:0A88H         PUBLIC        initsignal
  D:00E8H         PUBLIC        EIE
BL51 BANKED LINKER/LOCATER V6.22                                                      11/15/2016  11:49:22  PAGE 13


  D:00F8H         PUBLIC        ADCCON0
  D:00C0H         PUBLIC        I2CON
  C:0AD0H         PUBLIC        initsignal_F
  D:00C8H         PUBLIC        T2CON
  C:0936H         PUBLIC        _Send_Data
  C:086AH         PUBLIC        receive_byte_Lock
  D:00D0H         PUBLIC        PSW
  X:003DH         PUBLIC        myTxRxData
  -------         PROC          INITSIGNAL
  -------         DO            
  X:0034H         SYMBOL        k
  X:0035H         SYMBOL        k1
  X:0036H         SYMBOL        mystartbuffer
  -------         ENDDO         
  C:0A88H         LINE#         53
  C:0A88H         LINE#         54
  C:0A88H         LINE#         56
  C:0A8DH         LINE#         57
  C:0A90H         LINE#         58
  C:0A90H         LINE#         59
  C:0A94H         LINE#         60
  C:0A94H         LINE#         61
  C:0A97H         LINE#         62
  C:0A97H         LINE#         63
  C:0A97H         LINE#         64
  C:0A97H         LINE#         66
  C:0A97H         LINE#         68
  C:0A97H         LINE#         69
  C:0A99H         LINE#         70
  C:0AA2H         LINE#         72
  C:0AA2H         LINE#         73
  C:0AA4H         LINE#         74
  C:0AAAH         LINE#         75
  C:0AB3H         LINE#         77
  C:0ABEH         LINE#         78
  C:0AC3H         LINE#         81
  C:0ACDH         LINE#         82
  C:0ACFH         LINE#         83
  -------         ENDPROC       INITSIGNAL
  -------         PROC          INITSIGNAL_F
  -------         DO            
  X:0037H         SYMBOL        k
  X:0038H         SYMBOL        k1
  X:0039H         SYMBOL        mystartbuffer
  -------         ENDDO         
  C:0AD0H         LINE#         85
  C:0AD0H         LINE#         86
  C:0AD0H         LINE#         88
  C:0AD5H         LINE#         89
  C:0AD8H         LINE#         90
  C:0AD8H         LINE#         92
  C:0ADCH         LINE#         97
  C:0ADCH         LINE#         98
  C:0ADFH         LINE#         99
  C:0ADFH         LINE#         100
  C:0ADFH         LINE#         101
  C:0ADFH         LINE#         103
BL51 BANKED LINKER/LOCATER V6.22                                                      11/15/2016  11:49:22  PAGE 14


  C:0ADFH         LINE#         105
  C:0ADFH         LINE#         106
  C:0AE1H         LINE#         107
  C:0AEAH         LINE#         109
  C:0AEAH         LINE#         110
  C:0AECH         LINE#         111
  C:0AF2H         LINE#         112
  C:0AFBH         LINE#         114
  C:0B06H         LINE#         115
  C:0B0BH         LINE#         118
  C:0B15H         LINE#         119
  C:0B17H         LINE#         120
  -------         ENDPROC       INITSIGNAL_F
  -------         PROC          _SEND_DATA
  X:003AH         SYMBOL        x
  -------         DO            
  X:003BH         SYMBOL        i
  X:003CH         SYMBOL        n
  -------         ENDDO         
  C:0936H         LINE#         126
  C:093AH         LINE#         127
  C:093AH         LINE#         129
  C:093DH         LINE#         130
  C:093DH         LINE#         131
  C:0941H         LINE#         132
  C:0941H         LINE#         133
  C:094BH         LINE#         134
  C:094BH         LINE#         135
  C:094DH         LINE#         136
  C:0955H         LINE#         137
  C:0957H         LINE#         139
  C:0957H         LINE#         140
  C:0959H         LINE#         141
  C:0964H         LINE#         142
  C:0964H         LINE#         143
  C:0966H         LINE#         144
  C:0974H         LINE#         145
  C:097FH         LINE#         146
  C:098AH         LINE#         147
  C:0995H         LINE#         148
  -------         ENDPROC       _SEND_DATA
  -------         PROC          RECEIVE_BYTE
  C:0800H         LINE#         399
  C:0800H         LINE#         400
  C:0800H         LINE#         402
  C:0803H         LINE#         403
  C:0803H         LINE#         405
  C:080DH         LINE#         406
  C:080DH         LINE#         407
  C:080FH         LINE#         408
  C:080FH         LINE#         409
  C:0811H         LINE#         410
  C:0812H         LINE#         413
  C:0812H         LINE#         415
  C:0815H         LINE#         416
  C:0815H         LINE#         418
  C:0817H         LINE#         421
BL51 BANKED LINKER/LOCATER V6.22                                                      11/15/2016  11:49:22  PAGE 15


  C:0826H         LINE#         422
  C:0826H         LINE#         424
  C:082CH         LINE#         425
  C:082EH         LINE#         426
  C:082EH         LINE#         427
  C:082EH         LINE#         428
  C:0830H         LINE#         430
  C:0838H         LINE#         431
  C:0838H         LINE#         433
  C:083EH         LINE#         434
  C:0841H         LINE#         435
  C:0846H         LINE#         436
  C:084AH         LINE#         437
  C:084CH         LINE#         439
  C:084CH         LINE#         441
  C:0851H         LINE#         442
  C:0851H         LINE#         444
  C:0855H         LINE#         445
  C:0856H         LINE#         447
  C:0856H         LINE#         449
  C:0860H         LINE#         450
  C:0860H         LINE#         451
  C:0864H         LINE#         452
  C:0866H         LINE#         453
  C:0869H         LINE#         454
  C:0869H         LINE#         455
  C:0869H         LINE#         456
  C:0869H         LINE#         457
  -------         ENDPROC       RECEIVE_BYTE
  -------         PROC          RECEIVE_BYTE_LOCK
  C:086AH         LINE#         463
  C:086AH         LINE#         464
  C:086AH         LINE#         466
  C:086DH         LINE#         467
  C:086DH         LINE#         469
  C:0877H         LINE#         470
  C:0877H         LINE#         471
  C:0879H         LINE#         472
  C:0879H         LINE#         473
  C:087BH         LINE#         474
  C:087CH         LINE#         477
  C:087CH         LINE#         479
  C:087FH         LINE#         480
  C:087FH         LINE#         482
  C:0881H         LINE#         485
  C:0890H         LINE#         486
  C:0890H         LINE#         488
  C:0896H         LINE#         489
  C:0898H         LINE#         490
  C:0898H         LINE#         491
  C:0898H         LINE#         492
  C:089AH         LINE#         494
  C:08A2H         LINE#         495
  C:08A2H         LINE#         497
  C:08A8H         LINE#         498
  C:08ABH         LINE#         499
  C:08B0H         LINE#         500
BL51 BANKED LINKER/LOCATER V6.22                                                      11/15/2016  11:49:22  PAGE 16


  C:08B4H         LINE#         501
  C:08B6H         LINE#         503
  C:08B6H         LINE#         505
  C:08BBH         LINE#         506
  C:08BBH         LINE#         508
  C:08BFH         LINE#         509
  C:08C0H         LINE#         511
  C:08C0H         LINE#         513
  C:08CAH         LINE#         514
  C:08CAH         LINE#         515
  C:08CEH         LINE#         516
  C:08D0H         LINE#         517
  C:08D3H         LINE#         518
  C:08D3H         LINE#         519
  C:08D3H         LINE#         520
  C:08D3H         LINE#         521
  -------         ENDPROC       RECEIVE_BYTE_LOCK
  -------         PROC          RECEIVE_WORD
  C:0B5FH         LINE#         527
  C:0B5FH         LINE#         528
  C:0B5FH         LINE#         530
  C:0B66H         LINE#         531
  C:0B66H         LINE#         532
  C:0B67H         LINE#         534
  C:0B74H         LINE#         537
  C:0B7DH         LINE#         538
  C:0B7DH         LINE#         539
  C:0B82H         LINE#         540
  C:0B83H         LINE#         542
  C:0B8DH         LINE#         543
  C:0B8DH         LINE#         544
  C:0B92H         LINE#         545
  C:0B93H         LINE#         546
  C:0B97H         LINE#         547
  C:0B97H         LINE#         548
  C:0B99H         LINE#         549
  C:0B99H         LINE#         550
  C:0B9BH         LINE#         552
  C:0B9BH         LINE#         553
  C:0B9FH         LINE#         554
  C:0B9FH         LINE#         555
  C:0B9FH         LINE#         556
  -------         ENDPROC       RECEIVE_WORD
  -------         ENDMOD        COMMUNICATION

  -------         MODULE        DELAY
  C:0000H         SYMBOL        _ICE_DUMMY_
  D:0080H         PUBLIC        P0
  D:0090H         PUBLIC        P1
  D:00A0H         PUBLIC        P2
  D:00B0H         PUBLIC        P3
  X:0048H         PUBLIC        Timeout_loop
  D:00A8H         PUBLIC        IE
  C:0E89H         PUBLIC        Delay_10ms
  C:0EA3H         PUBLIC        Delay_12ms
  C:0EBDH         PUBLIC        Delay_50ms
  D:00B8H         PUBLIC        IP
BL51 BANKED LINKER/LOCATER V6.22                                                      11/15/2016  11:49:22  PAGE 17


  D:00D8H         PUBLIC        WDCON0
  D:0098H         PUBLIC        SCON
  D:0088H         PUBLIC        TCON
  C:0ED7H         PUBLIC        Delay_100ms
  C:0EF1H         PUBLIC        Delay_500ms
  C:0BA0H         PUBLIC        _Custom_Delay
  C:0DDBH         PUBLIC        _delay_ms
  D:00E8H         PUBLIC        EIE
  D:00F8H         PUBLIC        ADCCON0
  C:0F0BH         PUBLIC        _delay_us
  D:00C0H         PUBLIC        I2CON
  C:0E55H         PUBLIC        Delay_1ms
  D:00C8H         PUBLIC        T2CON
  C:0E6FH         PUBLIC        Delay_5ms
  C:0F55H         PUBLIC        _Delay
  D:00D0H         PUBLIC        PSW
  -------         PROC          DELAY_1MS
  C:0E55H         LINE#         15
  C:0E55H         LINE#         16
  C:0E55H         LINE#         17
  C:0E5EH         LINE#         20
  C:0E6EH         LINE#         21
  -------         ENDPROC       DELAY_1MS
  -------         PROC          DELAY_5MS
  C:0E6FH         LINE#         23
  C:0E6FH         LINE#         24
  C:0E6FH         LINE#         25
  C:0E78H         LINE#         28
  C:0E88H         LINE#         29
  -------         ENDPROC       DELAY_5MS
  -------         PROC          DELAY_10MS
  C:0E89H         LINE#         31
  C:0E89H         LINE#         32
  C:0E89H         LINE#         33
  C:0E92H         LINE#         36
  C:0EA2H         LINE#         37
  -------         ENDPROC       DELAY_10MS
  -------         PROC          DELAY_12MS
  C:0EA3H         LINE#         39
  C:0EA3H         LINE#         40
  C:0EA3H         LINE#         41
  C:0EACH         LINE#         44
  C:0EBCH         LINE#         45
  -------         ENDPROC       DELAY_12MS
  -------         PROC          DELAY_50MS
  C:0EBDH         LINE#         48
  C:0EBDH         LINE#         49
  C:0EBDH         LINE#         50
  C:0EC6H         LINE#         53
  C:0ED6H         LINE#         54
  -------         ENDPROC       DELAY_50MS
  -------         PROC          DELAY_100MS
  C:0ED7H         LINE#         57
  C:0ED7H         LINE#         58
  C:0ED7H         LINE#         59
  C:0EE0H         LINE#         62
  C:0EF0H         LINE#         63
BL51 BANKED LINKER/LOCATER V6.22                                                      11/15/2016  11:49:22  PAGE 18


  -------         ENDPROC       DELAY_100MS
  -------         PROC          DELAY_500MS
  C:0EF1H         LINE#         66
  C:0EF1H         LINE#         67
  C:0EF1H         LINE#         68
  C:0EFAH         LINE#         71
  C:0F0AH         LINE#         72
  -------         ENDPROC       DELAY_500MS
  -------         PROC          _DELAY
  D:0007H         SYMBOL        n
  -------         DO            
  D:0004H         SYMBOL        x
  -------         ENDDO         
  C:0F55H         LINE#         79
  C:0F55H         LINE#         80
  C:0F55H         LINE#         82
  C:0F5BH         LINE#         83
  C:0F5BH         LINE#         84
  C:0F5FH         LINE#         85
  C:0F6BH         LINE#         87
  -------         ENDPROC       _DELAY
  -------         PROC          _CUSTOM_DELAY
  D:0007H         SYMBOL        t
  X:0044H         SYMBOL        m
  -------         DO            
  X:0046H         SYMBOL        i
  D:0006H         SYMBOL        j
  -------         ENDDO         
  C:0BA0H         LINE#         93
  C:0BA7H         LINE#         94
  C:0BA7H         LINE#         97
  C:0BB9H         LINE#         98
  C:0BDEH         LINE#         99
  -------         ENDPROC       _CUSTOM_DELAY
  -------         PROC          _DELAY_MS
  D:0006H         SYMBOL        count
  -------         DO            
  D:0004H         SYMBOL        i
  D:0002H         SYMBOL        j
  -------         ENDDO         
  C:0DDBH         LINE#         106
  C:0DDBH         LINE#         107
  C:0DDBH         LINE#         109
  C:0DE5H         LINE#         110
  C:0DE5H         LINE#         111
  C:0DF3H         LINE#         112
  C:0DFAH         LINE#         113
  -------         ENDPROC       _DELAY_MS
  -------         PROC          _DELAY_US
  D:0006H         SYMBOL        count1
  -------         DO            
  D:0004H         SYMBOL        i
  D:0003H         SYMBOL        j
  -------         ENDDO         
  C:0F0BH         LINE#         121
  C:0F0BH         LINE#         122
  C:0F0BH         LINE#         125
BL51 BANKED LINKER/LOCATER V6.22                                                      11/15/2016  11:49:22  PAGE 19


  C:0F15H         LINE#         126
  C:0F15H         LINE#         127
  C:0F1CH         LINE#         128
  C:0F23H         LINE#         129
  -------         ENDPROC       _DELAY_US
  -------         ENDMOD        DELAY

  -------         MODULE        OPERATION
  C:0000H         SYMBOL        _ICE_DUMMY_
  D:0080H         PUBLIC        P0
  D:0090H         PUBLIC        P1
  D:00A0H         PUBLIC        P2
  B:0022H.3       PUBLIC        vibration_flag1
  D:00B0H         PUBLIC        P3
  B:00A0H.7       PUBLIC        Match_wire
  D:00A8H         PUBLIC        IE
  B:0022H.4       PUBLIC        sensor_EN
  C:06FAH         PUBLIC        Detect_vibration
  X:004AH         PUBLIC        vibration_count1
  X:004CH         PUBLIC        vibration_count2
  C:1172H         PUBLIC        InitSensor
  D:00B8H         PUBLIC        IP
  X:004DH         PUBLIC        wire_broken_level
  C:1013H         PUBLIC        Reset_after_wirebroken
  X:004EH         PUBLIC        ADC_check_saved_result
  C:0F98H         PUBLIC        Batstolen_Alarm_to_Slave
  C:0E37H         PUBLIC        Reset_after_stolen_alarming
  D:00D8H         PUBLIC        WDCON0
  X:0050H         PUBLIC        wire_broken_time
  D:0098H         PUBLIC        SCON
  D:0088H         PUBLIC        TCON
  C:0996H         PUBLIC        Detect_close_action
  B:0080H.0       PUBLIC        Generator_lock
  C:0CBFH         PUBLIC        slave_nearby_operation
  B:00A0H.6       PUBLIC        the3rd_sendor
  B:00A0H.5       PUBLIC        key_rotate
  C:0CF1H         PUBLIC        Detect_wheel_moving
  C:1158H         PUBLIC        Disable_sensor_after_IDcert
  B:0080H.2       PUBLIC        horizontal_sensor
  D:00E8H         PUBLIC        EIE
  C:0C1CH         PUBLIC        Detect_open_action
  B:0080H.1       PUBLIC        wheeled_rotate
  D:00F8H         PUBLIC        ADCCON0
  C:0DBAH         PUBLIC        Ensensor_after_slave_away
  D:00C0H         PUBLIC        I2CON
  C:0E19H         PUBLIC        ENsensor_After_Close
  C:0769H         PUBLIC        Detect_selflearn_action
  C:0D76H         PUBLIC        ENsensor_afterIDcert
  D:00C8H         PUBLIC        T2CON
  C:0D50H         PUBLIC        SelfLearn_Reset
  C:0F82H         PUBLIC        Raise_Alarm_to_Slave
  C:0DFBH         PUBLIC        slave_away_operation
  X:0052H         PUBLIC        key_rotate_off_time
  B:0022H.5       PUBLIC        enable_sensor_delayEN
  C:0F6CH         PUBLIC        Fell_Alarm_to_Slave
  D:00D0H         PUBLIC        PSW
  B:0080H.2       PUBLIC        sensor_detect
BL51 BANKED LINKER/LOCATER V6.22                                                      11/15/2016  11:49:22  PAGE 20


  C:1140H         PUBLIC        Host_stolen_action
  B:0080H.5       PUBLIC        Externalmotor
  -------         PROC          SLAVE_AWAY_OPERATION
  C:0DFBH         LINE#         102
  C:0DFBH         LINE#         103
  C:0DFBH         LINE#         104
  C:0DFEH         LINE#         105
  C:0DFEH         LINE#         106
  C:0E01H         LINE#         108
  C:0E04H         LINE#         112
  C:0E04H         LINE#         114
  C:0E06H         LINE#         115
  C:0E0AH         LINE#         117
  C:0E0FH         LINE#         118
  C:0E13H         LINE#         120
  C:0E16H         LINE#         121
  C:0E18H         LINE#         122
  -------         ENDPROC       SLAVE_AWAY_OPERATION
  -------         PROC          SLAVE_NEARBY_OPERATION
  C:0CBFH         LINE#         128
  C:0CBFH         LINE#         129
  C:0CBFH         LINE#         130
  C:0CC1H         LINE#         132
  C:0CC3H         LINE#         133
  C:0CC7H         LINE#         134
  C:0CC9H         LINE#         135
  C:0CCCH         LINE#         137
  C:0CCFH         LINE#         138
  C:0CD2H         LINE#         139
  C:0CD5H         LINE#         140
  C:0CD8H         LINE#         141
  C:0CDAH         LINE#         143
  C:0CDDH         LINE#         144
  C:0CDDH         LINE#         145
  C:0CDFH         LINE#         146
  C:0CDFH         LINE#         148
  C:0CE2H         LINE#         149
  C:0CE2H         LINE#         150
  C:0CE5H         LINE#         151
  C:0CE7H         LINE#         153
  C:0CEAH         LINE#         154
  C:0CEDH         LINE#         156
  C:0CF0H         LINE#         157
  C:0CF0H         LINE#         177
  -------         ENDPROC       SLAVE_NEARBY_OPERATION
  -------         PROC          INITSENSOR
  C:1172H         LINE#         183
  C:1172H         LINE#         184
  C:1172H         LINE#         185
  C:1174H         LINE#         186
  C:1176H         LINE#         187
  -------         ENDPROC       INITSENSOR
  -------         PROC          HOST_STOLEN_ACTION
  C:1140H         LINE#         193
  C:1140H         LINE#         194
  C:1140H         LINE#         196
  C:1143H         LINE#         197
BL51 BANKED LINKER/LOCATER V6.22                                                      11/15/2016  11:49:22  PAGE 21


  C:1143H         LINE#         198
  C:1145H         LINE#         200
  C:1148H         LINE#         201
  C:114BH         LINE#         212
  C:114BH         LINE#         213
  -------         ENDPROC       HOST_STOLEN_ACTION
  -------         PROC          ENSENSOR_AFTERIDCERT
  C:0D76H         LINE#         220
  C:0D76H         LINE#         221
  C:0D76H         LINE#         222
  C:0D79H         LINE#         223
  C:0D79H         LINE#         225
  C:0D83H         LINE#         226
  C:0D83H         LINE#         227
  C:0D85H         LINE#         228
  C:0D87H         LINE#         229
  C:0D8AH         LINE#         232
  C:0D92H         LINE#         233
  C:0D92H         LINE#         234
  C:0D95H         LINE#         235
  C:0D95H         LINE#         236
  C:0D97H         LINE#         238
  C:0D97H         LINE#         239
  C:0D97H         LINE#         240
  -------         ENDPROC       ENSENSOR_AFTERIDCERT
  -------         PROC          ENSENSOR_AFTER_CLOSE
  C:0E19H         LINE#         245
  C:0E19H         LINE#         246
  C:0E19H         LINE#         247
  C:0E22H         LINE#         248
  C:0E22H         LINE#         249
  C:0E2CH         LINE#         250
  C:0E2CH         LINE#         251
  C:0E2EH         LINE#         252
  C:0E30H         LINE#         253
  C:0E33H         LINE#         254
  C:0E36H         LINE#         255
  C:0E36H         LINE#         256
  C:0E36H         LINE#         257
  -------         ENDPROC       ENSENSOR_AFTER_CLOSE
  -------         PROC          SELFLEARN_RESET
  C:0D50H         LINE#         263
  C:0D50H         LINE#         264
  C:0D50H         LINE#         265
  C:0D53H         LINE#         266
  C:0D53H         LINE#         267
  C:0D5DH         LINE#         268
  C:0D5DH         LINE#         269
  C:0D5FH         LINE#         270
  C:0D61H         LINE#         272
  C:0D66H         LINE#         273
  C:0D6BH         LINE#         274
  C:0D6DH         LINE#         275
  C:0D6FH         LINE#         276
  C:0D71H         LINE#         277
  C:0D73H         LINE#         278
  C:0D75H         LINE#         279
BL51 BANKED LINKER/LOCATER V6.22                                                      11/15/2016  11:49:22  PAGE 22


  C:0D75H         LINE#         280
  C:0D75H         LINE#         281
  -------         ENDPROC       SELFLEARN_RESET
  -------         PROC          FELL_ALARM_TO_SLAVE
  C:0F6CH         LINE#         287
  C:0F6CH         LINE#         288
  C:0F6CH         LINE#         289
  C:0F77H         LINE#         290
  C:0F77H         LINE#         291
  C:0F7CH         LINE#         292
  C:0F81H         LINE#         293
  C:0F81H         LINE#         294
  -------         ENDPROC       FELL_ALARM_TO_SLAVE
  -------         PROC          RAISE_ALARM_TO_SLAVE
  C:0F82H         LINE#         300
  C:0F82H         LINE#         301
  C:0F82H         LINE#         302
  C:0F8DH         LINE#         303
  C:0F8DH         LINE#         304
  C:0F92H         LINE#         305
  C:0F97H         LINE#         306
  C:0F97H         LINE#         307
  -------         ENDPROC       RAISE_ALARM_TO_SLAVE
  -------         PROC          BATSTOLEN_ALARM_TO_SLAVE
  C:0F98H         LINE#         313
  C:0F98H         LINE#         314
  C:0F98H         LINE#         315
  C:0FA3H         LINE#         316
  C:0FA3H         LINE#         317
  C:0FA8H         LINE#         318
  C:0FADH         LINE#         319
  C:0FADH         LINE#         320
  -------         ENDPROC       BATSTOLEN_ALARM_TO_SLAVE
  -------         PROC          DISABLE_SENSOR_AFTER_IDCERT
  C:1158H         LINE#         325
  C:1158H         LINE#         326
  C:1158H         LINE#         327
  C:115BH         LINE#         328
  C:115BH         LINE#         329
  C:115DH         LINE#         331
  C:1160H         LINE#         332
  C:1160H         LINE#         333
  -------         ENDPROC       DISABLE_SENSOR_AFTER_IDCERT
  -------         PROC          RESET_AFTER_WIREBROKEN
  C:1013H         LINE#         338
  C:1013H         LINE#         339
  C:1013H         LINE#         340
  C:1016H         LINE#         341
  C:1016H         LINE#         342
  C:1018H         LINE#         343
  C:101CH         LINE#         344
  C:101EH         LINE#         345
  C:1020H         LINE#         346
  C:1022H         LINE#         347
  C:1022H         LINE#         348
  -------         ENDPROC       RESET_AFTER_WIREBROKEN
  -------         PROC          RESET_AFTER_STOLEN_ALARMING
BL51 BANKED LINKER/LOCATER V6.22                                                      11/15/2016  11:49:22  PAGE 23


  C:0E37H         LINE#         354
  C:0E37H         LINE#         355
  C:0E37H         LINE#         356
  C:0E3AH         LINE#         357
  C:0E3AH         LINE#         358
  C:0E44H         LINE#         359
  C:0E44H         LINE#         360
  C:0E48H         LINE#         361
  C:0E4AH         LINE#         362
  C:0E4CH         LINE#         363
  C:0E4EH         LINE#         364
  C:0E51H         LINE#         365
  C:0E54H         LINE#         366
  C:0E54H         LINE#         367
  C:0E54H         LINE#         368
  -------         ENDPROC       RESET_AFTER_STOLEN_ALARMING
  -------         PROC          ENSENSOR_AFTER_SLAVE_AWAY
  C:0DBAH         LINE#         373
  C:0DBAH         LINE#         374
  C:0DBAH         LINE#         375
  C:0DC3H         LINE#         376
  C:0DC3H         LINE#         377
  C:0DCDH         LINE#         378
  C:0DCDH         LINE#         379
  C:0DD0H         LINE#         380
  C:0DD2H         LINE#         381
  C:0DD4H         LINE#         382
  C:0DD7H         LINE#         383
  C:0DDAH         LINE#         384
  C:0DDAH         LINE#         385
  C:0DDAH         LINE#         386
  -------         ENDPROC       ENSENSOR_AFTER_SLAVE_AWAY
  -------         PROC          DETECT_SELFLEARN_ACTION
  C:0769H         LINE#         391
  C:0769H         LINE#         392
  C:0769H         LINE#         393
  C:076FH         LINE#         395
  C:076FH         LINE#         397
  C:0772H         LINE#         398
  C:0772H         LINE#         399
  C:077DH         LINE#         400
  C:0788H         LINE#         401
  C:0788H         LINE#         402
  C:078FH         LINE#         403
  C:0793H         LINE#         404
  C:0795H         LINE#         405
  C:0795H         LINE#         406
  C:0797H         LINE#         408
  C:0797H         LINE#         409
  C:07A3H         LINE#         410
  C:07A3H         LINE#         411
  C:07A7H         LINE#         412
  C:07ACH         LINE#         413
  C:07ACH         LINE#         414
  C:07ACH         LINE#         416
  C:07B4H         LINE#         417
  C:07B4H         LINE#         418
BL51 BANKED LINKER/LOCATER V6.22                                                      11/15/2016  11:49:22  PAGE 24


  C:07B6H         LINE#         419
  C:07B8H         LINE#         420
  C:07B8H         LINE#         421
  C:07B8H         LINE#         422
  C:07BAH         LINE#         423
  C:07C5H         LINE#         426
  C:07C8H         LINE#         427
  C:07C8H         LINE#         428
  C:07CAH         LINE#         429
  C:07CCH         LINE#         430
  C:07CEH         LINE#         432
  C:07D1H         LINE#         434
  C:07D4H         LINE#         439
  C:07D4H         LINE#         440
  -------         ENDPROC       DETECT_SELFLEARN_ACTION
  -------         PROC          DETECT_OPEN_ACTION
  C:0C1CH         LINE#         445
  C:0C1CH         LINE#         446
  C:0C1CH         LINE#         447
  C:0C2DH         LINE#         448
  C:0C2DH         LINE#         449
  C:0C30H         LINE#         450
  C:0C35H         LINE#         451
  C:0C37H         LINE#         453
  C:0C3BH         LINE#         454
  C:0C3DH         LINE#         455
  C:0C40H         LINE#         456
  C:0C42H         LINE#         457
  C:0C45H         LINE#         458
  C:0C48H         LINE#         460
  C:0C4AH         LINE#         462
  C:0C4CH         LINE#         463
  C:0C52H         LINE#         464
  C:0C52H         LINE#         465
  -------         ENDPROC       DETECT_OPEN_ACTION
  -------         PROC          DETECT_CLOSE_ACTION
  C:0996H         LINE#         470
  C:0996H         LINE#         471
  C:0996H         LINE#         472
  C:09A9H         LINE#         474
  C:09A9H         LINE#         475
  C:09ABH         LINE#         477
  C:09B1H         LINE#         478
  C:09B1H         LINE#         479
  C:09BCH         LINE#         480
  C:09C7H         LINE#         481
  C:09C7H         LINE#         482
  C:09D0H         LINE#         483
  C:09D0H         LINE#         484
  C:09D3H         LINE#         486
  C:09D7H         LINE#         487
  C:09DAH         LINE#         488
  C:09DCH         LINE#         489
  C:09DEH         LINE#         491
  C:09E4H         LINE#         492
  C:09E6H         LINE#         493
  C:09E6H         LINE#         494
BL51 BANKED LINKER/LOCATER V6.22                                                      11/15/2016  11:49:22  PAGE 25


  C:09E6H         LINE#         495
  C:09E6H         LINE#         496
  C:09E7H         LINE#         497
  C:09EAH         LINE#         498
  C:09F0H         LINE#         499
  -------         ENDPROC       DETECT_CLOSE_ACTION
  -------         PROC          DETECT_VIBRATION
  C:06FAH         LINE#         504
  C:06FAH         LINE#         505
  C:06FAH         LINE#         506
  C:0703H         LINE#         507
  C:0703H         LINE#         508
  C:070DH         LINE#         509
  C:070DH         LINE#         510
  C:070FH         LINE#         511
  C:0711H         LINE#         512
  C:0716H         LINE#         514
  C:0718H         LINE#         515
  C:071DH         LINE#         517
  C:0722H         LINE#         518
  C:0722H         LINE#         519
  C:0724H         LINE#         521
  C:0728H         LINE#         523
  C:072BH         LINE#         524
  C:072BH         LINE#         525
  C:0742H         LINE#         526
  C:0742H         LINE#         527
  C:0744H         LINE#         528
  C:0748H         LINE#         529
  C:0748H         LINE#         530
  C:0748H         LINE#         532
  C:074BH         LINE#         533
  C:074BH         LINE#         534
  C:0762H         LINE#         535
  C:0762H         LINE#         536
  C:0764H         LINE#         537
  C:0768H         LINE#         538
  C:0768H         LINE#         539
  C:0768H         LINE#         540
  -------         ENDPROC       DETECT_VIBRATION
  -------         PROC          DETECT_WHEEL_MOVING
  C:0CF1H         LINE#         545
  C:0CF1H         LINE#         546
  C:0CF1H         LINE#         547
  C:0CF4H         LINE#         548
  C:0CF4H         LINE#         549
  C:0CF6H         LINE#         550
  C:0CFCH         LINE#         552
  C:0D01H         LINE#         553
  C:0D01H         LINE#         554
  C:0D04H         LINE#         555
  C:0D04H         LINE#         556
  C:0D1BH         LINE#         557
  C:0D1BH         LINE#         558
  C:0D1DH         LINE#         559
  C:0D21H         LINE#         560
  C:0D21H         LINE#         561
BL51 BANKED LINKER/LOCATER V6.22                                                      11/15/2016  11:49:22  PAGE 26


  C:0D21H         LINE#         562
  -------         ENDPROC       DETECT_WHEEL_MOVING
  -------         ENDMOD        OPERATION

  -------         MODULE        OTHER
  C:0000H         SYMBOL        _ICE_DUMMY_
  D:0080H         PUBLIC        P0
  D:0090H         PUBLIC        P1
  D:00A0H         PUBLIC        P2
  D:00B0H         PUBLIC        P3
  D:00A8H         PUBLIC        IE
  D:00B8H         PUBLIC        IP
  D:00D8H         PUBLIC        WDCON0
  D:0098H         PUBLIC        SCON
  D:0088H         PUBLIC        TCON
  C:114CH         PUBLIC        Enable_sensor
  D:00E8H         PUBLIC        EIE
  C:0B18H         PUBLIC        disable_sensor
  D:00F8H         PUBLIC        ADCCON0
  D:00C0H         PUBLIC        I2CON
  D:00C8H         PUBLIC        T2CON
  D:00D0H         PUBLIC        PSW
  -------         PROC          DISABLE_SENSOR
  C:0B18H         LINE#         106
  C:0B18H         LINE#         107
  C:0B18H         LINE#         109
  C:0B1AH         LINE#         110
  C:0B1CH         LINE#         112
  C:0B1EH         LINE#         113
  C:0B20H         LINE#         114
  C:0B24H         LINE#         115
  C:0B27H         LINE#         116
  C:0B2AH         LINE#         117
  C:0B2FH         LINE#         118
  C:0B34H         LINE#         119
  C:0B39H         LINE#         120
  C:0B3CH         LINE#         121
  C:0B3FH         LINE#         122
  C:0B41H         LINE#         123
  C:0B43H         LINE#         124
  C:0B45H         LINE#         125
  C:0B48H         LINE#         126
  C:0B4AH         LINE#         127
  C:0B4DH         LINE#         129
  C:0B4FH         LINE#         132
  C:0B52H         LINE#         133
  C:0B54H         LINE#         135
  C:0B56H         LINE#         136
  C:0B59H         LINE#         138
  C:0B5BH         LINE#         139
  C:0B5EH         LINE#         140
  -------         ENDPROC       DISABLE_SENSOR
  -------         PROC          ENABLE_SENSOR
  C:114CH         LINE#         146
  C:114CH         LINE#         147
  C:114CH         LINE#         149
  C:114EH         LINE#         150
BL51 BANKED LINKER/LOCATER V6.22                                                      11/15/2016  11:49:22  PAGE 27


  C:1150H         LINE#         153
  C:1154H         LINE#         154
  C:1157H         LINE#         155
  -------         ENDPROC       ENABLE_SENSOR
  -------         ENDMOD        OTHER

  -------         MODULE        PWM
  C:0000H         SYMBOL        _ICE_DUMMY_
  D:0080H         PUBLIC        P0
  D:0090H         PUBLIC        P1
  D:00A0H         PUBLIC        P2
  D:00B0H         PUBLIC        P3
  D:00DCH         PUBLIC        PWMCON0
  D:00D1H         PUBLIC        PWMPH
  D:00A8H         PUBLIC        IE
  D:00D9H         PUBLIC        PWMPL
  C:08D4H         PUBLIC        _PWM_Channel
  D:00B8H         PUBLIC        IP
  C:0003H         PUBLIC        myPwm
  D:00D8H         PUBLIC        WDCON0
  D:0098H         PUBLIC        SCON
  D:0088H         PUBLIC        TCON
  D:00E8H         PUBLIC        EIE
  D:00F8H         PUBLIC        ADCCON0
  D:00C0H         PUBLIC        I2CON
  X:0054H         PUBLIC        PWM_shadow
  D:00C8H         PUBLIC        T2CON
  C:0F3DH         PUBLIC        Init_PWM
  D:00D2H         PUBLIC        PWM0H
  D:00D3H         PUBLIC        PWM1H
  D:00D5H         PUBLIC        PWM2H
  D:00D6H         PUBLIC        PWM3H
  D:00DAH         PUBLIC        PWM0L
  D:00DBH         PUBLIC        PWM1L
  D:00DDH         PUBLIC        PWM2L
  D:00DEH         PUBLIC        PWM3L
  D:00D0H         PUBLIC        PSW
  -------         PROC          INIT_PWM
  C:0F3DH         LINE#         19
  C:0F3DH         LINE#         20
  C:0F3DH         LINE#         22
  C:0F40H         LINE#         24
  C:0F48H         LINE#         26
  C:0F51H         LINE#         27
  C:0F54H         LINE#         28
  -------         ENDPROC       INIT_PWM
  -------         PROC          _PWM_CHANNEL
  D:0007H         SYMBOL        Channel
  C:08D4H         LINE#         34
  C:08D4H         LINE#         35
  C:08D4H         LINE#         36
  C:08E2H         LINE#         37
  C:08E2H         LINE#         39
  C:08E2H         LINE#         40
  C:08E2H         LINE#         41
  C:08EAH         LINE#         42
  C:08F3H         LINE#         43
BL51 BANKED LINKER/LOCATER V6.22                                                      11/15/2016  11:49:22  PAGE 28


  C:08F6H         LINE#         44
  C:08F6H         LINE#         45
  C:08F7H         LINE#         47
  C:08F7H         LINE#         48
  C:08F7H         LINE#         49
  C:08FFH         LINE#         50
  C:0908H         LINE#         51
  C:090BH         LINE#         52
  C:090BH         LINE#         53
  C:090CH         LINE#         55
  C:090CH         LINE#         56
  C:090CH         LINE#         57
  C:0914H         LINE#         58
  C:091DH         LINE#         59
  C:0920H         LINE#         60
  C:0920H         LINE#         61
  C:0921H         LINE#         63
  C:0921H         LINE#         64
  C:0921H         LINE#         65
  C:0929H         LINE#         66
  C:0932H         LINE#         67
  C:0935H         LINE#         68
  C:0935H         LINE#         69
  C:0935H         LINE#         70
  C:0935H         LINE#         71
  -------         ENDPROC       _PWM_CHANNEL
  -------         PROC          MYPWM
  C:0003H         LINE#         77
  C:0003H         LINE#         78
  C:0003H         LINE#         80
  C:0008H         LINE#         82
  -------         ENDPROC       MYPWM
  -------         ENDMOD        PWM

  -------         MODULE        TIMER
  C:0000H         SYMBOL        _ICE_DUMMY_
  D:0080H         PUBLIC        P0
  D:0090H         PUBLIC        P1
  D:00A0H         PUBLIC        P2
  D:00B0H         PUBLIC        P3
  B:00A8H.7       PUBLIC        EA
  D:00A8H         PUBLIC        IE
  D:00B8H         PUBLIC        IP
  C:09F1H         PUBLIC        _InitT0
  C:0685H         PUBLIC        _InitTimer
  D:00D8H         PUBLIC        WDCON0
  D:0087H         PUBLIC        PCON
  D:0098H         PUBLIC        SCON
  X:0058H         PUBLIC        timer0_8H
  D:0089H         PUBLIC        TMOD
  D:0088H         PUBLIC        TCON
  X:0059H         PUBLIC        timer1_8H
  X:005AH         PUBLIC        timer0_8L
  C:1177H         PUBLIC        hSCH_Start
  X:005BH         PUBLIC        timer1_8L
  B:00A8H.1       PUBLIC        ET0
  B:00A8H.3       PUBLIC        ET1
BL51 BANKED LINKER/LOCATER V6.22                                                      11/15/2016  11:49:22  PAGE 29


  D:008CH         PUBLIC        TH0
  D:008DH         PUBLIC        TH1
  D:008AH         PUBLIC        TL0
  D:008BH         PUBLIC        TL1
  D:00E8H         PUBLIC        EIE
  B:00B8H.3       PUBLIC        PT1
  B:0088H.4       PUBLIC        TR0
  B:0088H.6       PUBLIC        TR1
  C:1023H         PUBLIC        hSCH_Manual_Timer0_Reload
  D:00F8H         PUBLIC        ADCCON0
  D:00C0H         PUBLIC        I2CON
  D:00C8H         PUBLIC        T2CON
  C:0FFCH         PUBLIC        sEOS_Go_To_Sleep
  D:00D0H         PUBLIC        PSW
  -------         PROC          _INITTIMER
  D:0007H         SYMBOL        Tick_ms_T0
  X:0063H         SYMBOL        Tick_us_T1
  -------         DO            
  D:0004H         SYMBOL        Inc_T0
  D:0004H         SYMBOL        Inc_T1
  D:0004H         SYMBOL        timer0_16
  D:0004H         SYMBOL        timer1_16
  -------         ENDDO         
  C:0685H         LINE#         36
  C:068CH         LINE#         37
  C:068CH         LINE#         42
  C:069EH         LINE#         43
  C:06A4H         LINE#         44
  C:06A7H         LINE#         45
  C:06ABH         LINE#         48
  C:06CAH         LINE#         49
  C:06D2H         LINE#         50
  C:06D6H         LINE#         51
  C:06DCH         LINE#         53
  C:06DFH         LINE#         55
  C:06E4H         LINE#         56
  C:06E9H         LINE#         57
  C:06EBH         LINE#         58
  C:06EDH         LINE#         60
  C:06EFH         LINE#         61
  C:06F1H         LINE#         62
  C:06F3H         LINE#         63
  C:06F5H         LINE#         64
  C:06F7H         LINE#         65
  C:06F9H         LINE#         66
  -------         ENDPROC       _INITTIMER
  -------         PROC          _INITT0
  X:0056H         SYMBOL        Tick_ms_T0
  -------         DO            
  D:0004H         SYMBOL        Inc_T0
  D:0004H         SYMBOL        timer0_16
  X:0057H         SYMBOL        i
  -------         ENDDO         
  C:09F1H         LINE#         71
  C:09F5H         LINE#         72
  C:09F5H         LINE#         77
  C:0A01H         LINE#         78
BL51 BANKED LINKER/LOCATER V6.22                                                      11/15/2016  11:49:22  PAGE 30


  C:0A01H         LINE#         79
  C:0A04H         LINE#         80
  C:0A0BH         LINE#         83
  C:0A21H         LINE#         84
  C:0A2AH         LINE#         85
  C:0A2DH         LINE#         86
  C:0A31H         LINE#         88
  C:0A34H         LINE#         89
  C:0A37H         LINE#         91
  C:0A3AH         LINE#         93
  C:0A3CH         LINE#         94
  -------         ENDPROC       _INITT0
  -------         PROC          HSCH_START
  C:1177H         LINE#         108
  C:1177H         LINE#         109
  C:1177H         LINE#         110
  C:1179H         LINE#         111
  -------         ENDPROC       HSCH_START
  -------         PROC          SEOS_GO_TO_SLEEP
  C:0FFCH         LINE#         117
  C:0FFCH         LINE#         118
  C:0FFCH         LINE#         119
  C:0FFFH         LINE#         120
  -------         ENDPROC       SEOS_GO_TO_SLEEP
  -------         PROC          HSCH_MANUAL_TIMER0_RELOAD
  C:1023H         LINE#         134
  C:1023H         LINE#         135
  C:1023H         LINE#         137
  C:1025H         LINE#         143
  C:102AH         LINE#         144
  C:102FH         LINE#         147
  C:1031H         LINE#         148
  -------         ENDPROC       HSCH_MANUAL_TIMER0_RELOAD
  -------         ENDMOD        TIMER

  -------         MODULE        UART
  C:0000H         SYMBOL        _ICE_DUMMY_
  D:0080H         PUBLIC        P0
  D:0090H         PUBLIC        P1
  D:00A0H         PUBLIC        P2
  D:00B0H         PUBLIC        P3
  B:00A8H.7       PUBLIC        EA
  C:116AH         PUBLIC        _SendData
  D:00A8H         PUBLIC        IE
  B:00A8H.4       PUBLIC        ES
  D:00B8H         PUBLIC        IP
  B:0098H.0       PUBLIC        RI
  B:0098H.1       PUBLIC        TI
  B:00B8H.4       PUBLIC        PS
  D:00D8H         PUBLIC        WDCON0
  D:0099H         PUBLIC        SBUF
  D:0098H         PUBLIC        SCON
  D:0089H         PUBLIC        TMOD
  D:0088H         PUBLIC        TCON
  B:00A8H.1       PUBLIC        ET0
  D:008DH         PUBLIC        TH1
  D:008BH         PUBLIC        TL1
BL51 BANKED LINKER/LOCATER V6.22                                                      11/15/2016  11:49:22  PAGE 31


  D:00E8H         PUBLIC        EIE
  C:0C53H         PUBLIC        _InitUART
  B:0088H.4       PUBLIC        TR0
  B:0088H.6       PUBLIC        TR1
  D:00F8H         PUBLIC        ADCCON0
  D:00C0H         PUBLIC        I2CON
  D:00C8H         PUBLIC        T2CON
  C:07D5H         PUBLIC        _SendNByte
  D:00A2H         PUBLIC        AUXR1
  D:00D0H         PUBLIC        PSW
  -------         PROC          _INITUART
  D:0006H         SYMBOL        Baudrate
  C:0C53H         LINE#         19
  C:0C53H         LINE#         20
  C:0C53H         LINE#         21
  C:0C56H         LINE#         22
  C:0C59H         LINE#         23
  C:0C5CH         LINE#         24
  C:0C73H         LINE#         26
  C:0C78H         LINE#         27
  C:0C7AH         LINE#         28
  C:0C7CH         LINE#         29
  C:0C7EH         LINE#         30
  C:0C80H         LINE#         31
  C:0C82H         LINE#         32
  C:0C84H         LINE#         33
  C:0C86H         LINE#         34
  C:0C88H         LINE#         35
  -------         ENDPROC       _INITUART
  -------         PROC          _SENDDATA
  D:0007H         SYMBOL        dat
  C:116AH         LINE#         40
  C:116AH         LINE#         41
  C:116AH         LINE#         42
  C:116CH         LINE#         43
  C:116FH         LINE#         44
  C:1171H         LINE#         45
  -------         ENDPROC       _SENDDATA
  -------         PROC          _SENDNBYTE
  X:005CH         SYMBOL        buf
  D:0005H         SYMBOL        len
  C:07D5H         LINE#         50
  C:07DFH         LINE#         51
  C:07DFH         LINE#         52
  C:07E5H         LINE#         53
  C:07E5H         LINE#         54
  C:07FDH         LINE#         55
  C:07FFH         LINE#         56
  -------         ENDPROC       _SENDNBYTE
  -------         ENDMOD        UART

  -------         MODULE        VOICE
  C:0000H         SYMBOL        _ICE_DUMMY_
  D:0080H         PUBLIC        P0
  D:0090H         PUBLIC        P1
  C:106EH         PUBLIC        close_lock_speech
  D:00A0H         PUBLIC        P2
BL51 BANKED LINKER/LOCATER V6.22                                                      11/15/2016  11:49:22  PAGE 32


  D:00B0H         PUBLIC        P3
  C:0D98H         PUBLIC        Accumulator_voice_promot
  B:0090H.4       PUBLIC        voice_EN
  D:00A8H         PUBLIC        IE
  C:0F24H         PUBLIC        InitVoice
  B:00A0H.1       PUBLIC        SC_DATA
  C:105FH         PUBLIC        stolen_alarm_speech1
  C:0FE9H         PUBLIC        stolen_alarm_speech2
  D:00B8H         PUBLIC        IP
  C:1000H         PUBLIC        open_lock_speech
  C:1032H         PUBLIC        motorBAT_low_speech
  C:1122H         PUBLIC        lock_rotated_on_speech
  C:0FD6H         PUBLIC        host_touch_speech
  C:10D7H         PUBLIC        Alarm_raised_speech
  C:1050H         PUBLIC        host_2ndtouch_speech
  D:00D8H         PUBLIC        WDCON0
  C:1104H         PUBLIC        battery_stolen_speech_F3
  C:10B9H         PUBLIC        Battery_high_alarm_speech
  D:0098H         PUBLIC        SCON
  B:0090H.4       PUBLIC        P14
  D:0088H         PUBLIC        TCON
  C:108CH         PUBLIC        Cutting_Wire_Voice
  C:109BH         PUBLIC        Product_Test_Voice
  C:10C8H         PUBLIC        Alarm_stolen_speech
  X:0061H         PUBLIC        key_rotate_on_speech_number
  C:1161H         PUBLIC        Enter_noguard_voice
  C:10F5H         PUBLIC        Host_battery_high_alarm_speech
  C:10E6H         PUBLIC        Alarm_fell_speech
  C:0C89H         PUBLIC        _SC_Speech
  D:00E8H         PUBLIC        EIE
  C:107DH         PUBLIC        battery_stolen_speech
  C:117DH         PUBLIC        key_rotate_on_speech
  D:00F8H         PUBLIC        ADCCON0
  D:00C0H         PUBLIC        I2CON
  C:0FAEH         PUBLIC        Self_learn_speech
  C:10AAH         PUBLIC        Battery_low_alarm_speech
  C:117AH         PUBLIC        IDcerted_speech
  D:00C8H         PUBLIC        T2CON
  C:0FC3H         PUBLIC        ID_speech
  B:00A0H.0       PUBLIC        SC_RST
  C:1041H         PUBLIC        Battery_hint
  D:00D0H         PUBLIC        PSW
  C:1113H         PUBLIC        wire_broken_speech
  C:1131H         PUBLIC        lock_rotated_off_speech
  -------         PROC          _SC_SPEECH
  X:005FH         SYMBOL        cnt
  -------         DO            
  X:0060H         SYMBOL        ii
  -------         ENDDO         
  C:0C89H         LINE#         40
  C:0C8DH         LINE#         41
  C:0C8DH         LINE#         43
  C:0C8FH         LINE#         44
  C:0C92H         LINE#         45
  C:0C94H         LINE#         46
  C:0C97H         LINE#         47
  C:0CA5H         LINE#         48
BL51 BANKED LINKER/LOCATER V6.22                                                      11/15/2016  11:49:22  PAGE 33


  C:0CA5H         LINE#         49
  C:0CA7H         LINE#         50
  C:0CAEH         LINE#         51
  C:0CB0H         LINE#         52
  C:0CB7H         LINE#         53
  C:0CBEH         LINE#         54
  -------         ENDPROC       _SC_SPEECH
  -------         PROC          INITVOICE
  C:0F24H         LINE#         60
  C:0F24H         LINE#         61
  C:0F24H         LINE#         62
  C:0F26H         LINE#         63
  C:0F28H         LINE#         64
  C:0F2AH         LINE#         65
  C:0F31H         LINE#         66
  C:0F33H         LINE#         67
  C:0F3AH         LINE#         69
  C:0F3CH         LINE#         70
  -------         ENDPROC       INITVOICE
  -------         PROC          KEY_ROTATE_ON_SPEECH
  C:117DH         LINE#         76
  C:117DH         LINE#         77
  C:117DH         LINE#         95
  -------         ENDPROC       KEY_ROTATE_ON_SPEECH
  -------         PROC          MOTORBAT_LOW_SPEECH
  C:1032H         LINE#         113
  C:1032H         LINE#         114
  C:1032H         LINE#         115
  C:1034H         LINE#         116
  C:1039H         LINE#         117
  C:103EH         LINE#         118
  C:1040H         LINE#         119
  -------         ENDPROC       MOTORBAT_LOW_SPEECH
  -------         PROC          BATTERY_HINT
  C:1041H         LINE#         125
  C:1041H         LINE#         126
  C:1041H         LINE#         127
  C:1043H         LINE#         128
  C:1048H         LINE#         129
  C:104DH         LINE#         130
  C:104FH         LINE#         131
  -------         ENDPROC       BATTERY_HINT
  -------         PROC          ID_SPEECH
  C:0FC3H         LINE#         137
  C:0FC3H         LINE#         138
  C:0FC3H         LINE#         139
  C:0FC5H         LINE#         140
  C:0FCAH         LINE#         141
  C:0FCFH         LINE#         142
  C:0FD1H         LINE#         143
  C:0FD5H         LINE#         144
  -------         ENDPROC       ID_SPEECH
  -------         PROC          SELF_LEARN_SPEECH
  C:0FAEH         LINE#         150
  C:0FAEH         LINE#         151
  C:0FAEH         LINE#         152
  C:0FB0H         LINE#         153
BL51 BANKED LINKER/LOCATER V6.22                                                      11/15/2016  11:49:22  PAGE 34


  C:0FB4H         LINE#         154
  C:0FB9H         LINE#         155
  C:0FBEH         LINE#         156
  C:0FC0H         LINE#         157
  C:0FC2H         LINE#         158
  -------         ENDPROC       SELF_LEARN_SPEECH
  -------         PROC          HOST_TOUCH_SPEECH
  C:0FD6H         LINE#         164
  C:0FD6H         LINE#         165
  C:0FD6H         LINE#         166
  C:0FD8H         LINE#         167
  C:0FDDH         LINE#         168
  C:0FE2H         LINE#         169
  C:0FE4H         LINE#         170
  -------         ENDPROC       HOST_TOUCH_SPEECH
  -------         PROC          HOST_2NDTOUCH_SPEECH
  C:1050H         LINE#         177
  C:1050H         LINE#         178
  C:1050H         LINE#         179
  C:1052H         LINE#         180
  C:1057H         LINE#         181
  C:105CH         LINE#         182
  C:105EH         LINE#         184
  -------         ENDPROC       HOST_2NDTOUCH_SPEECH
  -------         PROC          STOLEN_ALARM_SPEECH1
  C:105FH         LINE#         190
  C:105FH         LINE#         191
  C:105FH         LINE#         192
  C:1061H         LINE#         193
  C:1066H         LINE#         194
  C:106BH         LINE#         195
  C:106DH         LINE#         196
  -------         ENDPROC       STOLEN_ALARM_SPEECH1
[...]
    MODULE:  .\operation.obj (OPERATION)

*** WARNING L1: UNRESOLVED EXTERNAL SYMBOL
    SYMBOL:  SLAVE_NEARBY_ACTIONED_FLAG
    MODULE:  .\operation.obj (OPERATION)

*** WARNING L1: UNRESOLVED EXTERNAL SYMBOL
    SYMBOL:  IDKEY_SELFLEARN_FLAG5
    MODULE:  .\operation.obj (OPERATION)

*** WARNING L1: UNRESOLVED EXTERNAL SYMBOL
    SYMBOL:  ID_SELFLEARNING_TIMECOUNT
    MODULE:  .\operation.obj (OPERATION)

*** WARNING L1: UNRESOLVED EXTERNAL SYMBOL
    SYMBOL:  ID_SPEECHED_FLAG
    MODULE:  .\operation.obj (OPERATION)

*** WARNING L1: UNRESOLVED EXTERNAL SYMBOL
    SYMBOL:  CLOSE_TRANCEIVER
    MODULE:  .\operation.obj (OPERATION)

*** WARNING L1: UNRESOLVED EXTERNAL SYMBOL
    SYMBOL:  IDKEY_FLASH_EN
    MODULE:  .\operation.obj (OPERATION)

*** WARNING L1: UNRESOLVED EXTERNAL SYMBOL
    SYMBOL:  ID_CERTIFICATED_NUMBERS
    MODULE:  .\operation.obj (OPERATION)

*** WARNING L1: UNRESOLVED EXTERNAL SYMBOL
    SYMBOL:  HOST_STOLEN_ALARMING
    MODULE:  .\operation.obj (OPERATION)

*** WARNING L1: UNRESOLVED EXTERNAL SYMBOL
BL51 BANKED LINKER/LOCATER V6.22                                                      11/15/2016  11:49:22  PAGE 43


    SYMBOL:  ELECMOTOR_ACW
    MODULE:  .\operation.obj (OPERATION)

*** WARNING L1: UNRESOLVED EXTERNAL SYMBOL
    SYMBOL:  FLASHING_FLAG
    MODULE:  .\operation.obj (OPERATION)

*** WARNING L1: UNRESOLVED EXTERNAL SYMBOL
    SYMBOL:  AFTER_IDCERT_TIMECOUNT
    MODULE:  .\operation.obj (OPERATION)

*** WARNING L1: UNRESOLVED EXTERNAL SYMBOL
    SYMBOL:  ID_CERTIFICATED_FLAG
    MODULE:  .\operation.obj (OPERATION)

*** WARNING L1: UNRESOLVED EXTERNAL SYMBOL
    SYMBOL:  EN_HOST_STOLEN_ALARMING
    MODULE:  .\operation.obj (OPERATION)

*** WARNING L1: UNRESOLVED EXTERNAL SYMBOL
    SYMBOL:  EMERGENCY_OPEN_G
    MODULE:  .\operation.obj (OPERATION)

*** WARNING L1: UNRESOLVED EXTERNAL SYMBOL
    SYMBOL:  ID_SELFLEARNING_FLAG
    MODULE:  .\operation.obj (OPERATION)

*** WARNING L1: UNRESOLVED EXTERNAL SYMBOL
    SYMBOL:  AUTOLOCK_G
    MODULE:  .\operation.obj (OPERATION)

*** WARNING L1: UNRESOLVED EXTERNAL SYMBOL
    SYMBOL:  OPEN_ACTION_FLAG
    MODULE:  .\operation.obj (OPERATION)

*** WARNING L1: UNRESOLVED EXTERNAL SYMBOL
    SYMBOL:  STOLEN_ALARM_RESET_COUNT
    MODULE:  .\operation.obj (OPERATION)

*** WARNING L2: REFERENCE MADE TO UNRESOLVED EXTERNAL
    SYMBOL:  SILENCE_FLAG
    MODULE:  .\operation.obj (OPERATION)
    ADDRESS: 0DFCH

*** WARNING L2: REFERENCE MADE TO UNRESOLVED EXTERNAL
    SYMBOL:  ID_CERTIFICATED_NUMBERS
    MODULE:  .\operation.obj (OPERATION)
    ADDRESS: 0E11H

*** WARNING L2: REFERENCE MADE TO UNRESOLVED EXTERNAL
    SYMBOL:  SILENCE_FLAG
    MODULE:  .\operation.obj (OPERATION)
    ADDRESS: 0E14H

*** WARNING L2: REFERENCE MADE TO UNRESOLVED EXTERNAL
    SYMBOL:  SILENCE_FLAG
    MODULE:  .\operation.obj (OPERATION)
BL51 BANKED LINKER/LOCATER V6.22                                                      11/15/2016  11:49:22  PAGE 44


    ADDRESS: 0E17H

*** WARNING L2: REFERENCE MADE TO UNRESOLVED EXTERNAL
    SYMBOL:  SLAVE_NEARBY_ACTIONED_FLAG
    MODULE:  .\operation.obj (OPERATION)
    ADDRESS: 0CC0H

*** WARNING L2: REFERENCE MADE TO UNRESOLVED EXTERNAL
    SYMBOL:  ID_SPEECHED_FLAG
    MODULE:  .\operation.obj (OPERATION)
    ADDRESS: 0CC2H

*** WARNING L2: REFERENCE MADE TO UNRESOLVED EXTERNAL
    SYMBOL:  AFTER_IDCERT_TIMECOUNT
    MODULE:  .\operation.obj (OPERATION)
    ADDRESS: 0CC5H

*** WARNING L2: REFERENCE MADE TO UNRESOLVED EXTERNAL
    SYMBOL:  ID_CERTIFICATED_FLAG
    MODULE:  .\operation.obj (OPERATION)
    ADDRESS: 0CC8H

*** WARNING L2: REFERENCE MADE TO UNRESOLVED EXTERNAL
    SYMBOL:  ID_CERTIFICATED_NUMBERS
    MODULE:  .\operation.obj (OPERATION)
    ADDRESS: 0CCAH

*** WARNING L2: REFERENCE MADE TO UNRESOLVED EXTERNAL
    SYMBOL:  EMERGENCY_OPEN_G
    MODULE:  .\operation.obj (OPERATION)
    ADDRESS: 0CDBH

*** WARNING L2: REFERENCE MADE TO UNRESOLVED EXTERNAL
    SYMBOL:  SILENCE_FLAG
    MODULE:  .\operation.obj (OPERATION)
    ADDRESS: 0CE0H

*** WARNING L2: REFERENCE MADE TO UNRESOLVED EXTERNAL
    SYMBOL:  JUST_POWER_UP
    MODULE:  .\operation.obj (OPERATION)
    ADDRESS: 0CE8H

*** WARNING L2: REFERENCE MADE TO UNRESOLVED EXTERNAL
    SYMBOL:  EN_HOST_STOLEN_ALARMING
    MODULE:  .\operation.obj (OPERATION)
    ADDRESS: 1141H

*** WARNING L2: REFERENCE MADE TO UNRESOLVED EXTERNAL
    SYMBOL:  HOST_STOLEN_ALARMING
    MODULE:  .\operation.obj (OPERATION)
    ADDRESS: 1144H

*** WARNING L2: REFERENCE MADE TO UNRESOLVED EXTERNAL
    SYMBOL:  ID_CERTIFICATED_FLAG
    MODULE:  .\operation.obj (OPERATION)
    ADDRESS: 0D77H

BL51 BANKED LINKER/LOCATER V6.22                                                      11/15/2016  11:49:22  PAGE 45


*** WARNING L2: REFERENCE MADE TO UNRESOLVED EXTERNAL
    SYMBOL:  AFTER_IDCERT_TIMECOUNT
    MODULE:  .\operation.obj (OPERATION)
    ADDRESS: 0D7AH

*** WARNING L2: REFERENCE MADE TO UNRESOLVED EXTERNAL
    SYMBOL:  ID_CERTIFICATED_FLAG
    MODULE:  .\operation.obj (OPERATION)
    ADDRESS: 0D84H

*** WARNING L2: REFERENCE MADE TO UNRESOLVED EXTERNAL
    SYMBOL:  ID_CERTIFICATED_NUMBERS
    MODULE:  .\operation.obj (OPERATION)
    ADDRESS: 0D88H

*** WARNING L2: REFERENCE MADE TO UNRESOLVED EXTERNAL
    SYMBOL:  OPEN_ACTION_FLAG
    MODULE:  .\operation.obj (OPERATION)
    ADDRESS: 0D8BH

*** WARNING L2: REFERENCE MADE TO UNRESOLVED EXTERNAL
    SYMBOL:  NEVER_ALARM
    MODULE:  .\operation.obj (OPERATION)
    ADDRESS: 0D90H

*** WARNING L2: REFERENCE MADE TO UNRESOLVED EXTERNAL
    SYMBOL:  NEVER_ALARM
    MODULE:  .\operation.obj (OPERATION)
    ADDRESS: 0D96H

*** WARNING L2: REFERENCE MADE TO UNRESOLVED EXTERNAL
    SYMBOL:  AUTOLOCK_G
    MODULE:  .\operation.obj (OPERATION)
    ADDRESS: 0E20H

*** WARNING L2: REFERENCE MADE TO UNRESOLVED EXTERNAL
    SYMBOL:  NEVER_ALARM
    MODULE:  .\operation.obj (OPERATION)
    ADDRESS: 0E31H

*** WARNING L2: REFERENCE MADE TO UNRESOLVED EXTERNAL
    SYMBOL:  ID_SELFLEARNING_FLAG
    MODULE:  .\operation.obj (OPERATION)
    ADDRESS: 0D51H

*** WARNING L2: REFERENCE MADE TO UNRESOLVED EXTERNAL
    SYMBOL:  ID_SELFLEARNING_TIMECOUNT
    MODULE:  .\operation.obj (OPERATION)
    ADDRESS: 0D54H

*** WARNING L2: REFERENCE MADE TO UNRESOLVED EXTERNAL
    SYMBOL:  ID_SELFLEARNING_FLAG
    MODULE:  .\operation.obj (OPERATION)
    ADDRESS: 0D5EH

*** WARNING L2: REFERENCE MADE TO UNRESOLVED EXTERNAL
    SYMBOL:  IDKEY_SELFLEARN_HVCOUNT
BL51 BANKED LINKER/LOCATER V6.22                                                      11/15/2016  11:49:22  PAGE 46


    MODULE:  .\operation.obj (OPERATION)
    ADDRESS: 0D62H

*** WARNING L2: REFERENCE MADE TO UNRESOLVED EXTERNAL
    SYMBOL:  IDKEY_SELFLEARN_LVCOUNT
    MODULE:  .\operation.obj (OPERATION)
    ADDRESS: 0D67H

*** WARNING L2: REFERENCE MADE TO UNRESOLVED EXTERNAL
    SYMBOL:  IDKEY_SELFLEARN_FLAG1
    MODULE:  .\operation.obj (OPERATION)
    ADDRESS: 0D6CH

*** WARNING L2: REFERENCE MADE TO UNRESOLVED EXTERNAL
    SYMBOL:  IDKEY_SELFLEARN_FLAG2
    MODULE:  .\operation.obj (OPERATION)
    ADDRESS: 0D6EH

*** WARNING L2: REFERENCE MADE TO UNRESOLVED EXTERNAL
    SYMBOL:  IDKEY_SELFLEARN_FLAG3
    MODULE:  .\operation.obj (OPERATION)
    ADDRESS: 0D70H

*** WARNING L2: REFERENCE MADE TO UNRESOLVED EXTERNAL
    SYMBOL:  IDKEY_SELFLEARN_FLAG4
    MODULE:  .\operation.obj (OPERATION)
    ADDRESS: 0D72H

*** WARNING L2: REFERENCE MADE TO UNRESOLVED EXTERNAL
    SYMBOL:  IDKEY_SELFLEARN_FLAG5
    MODULE:  .\operation.obj (OPERATION)
    ADDRESS: 0D74H

*** WARNING L2: REFERENCE MADE TO UNRESOLVED EXTERNAL
    SYMBOL:  _UART_SEND_DATA
    MODULE:  .\operation.obj (OPERATION)
    ADDRESS: 0F7AH

*** WARNING L2: REFERENCE MADE TO UNRESOLVED EXTERNAL
    SYMBOL:  _UART_SEND_DATA
    MODULE:  .\operation.obj (OPERATION)
    ADDRESS: 0F90H

*** WARNING L2: REFERENCE MADE TO UNRESOLVED EXTERNAL
    SYMBOL:  _UART_SEND_DATA
    MODULE:  .\operation.obj (OPERATION)
    ADDRESS: 0FA6H

*** WARNING L2: REFERENCE MADE TO UNRESOLVED EXTERNAL
    SYMBOL:  IDKEY_SPEECH_FLASH
    MODULE:  .\operation.obj (OPERATION)
    ADDRESS: 1159H

*** WARNING L2: REFERENCE MADE TO UNRESOLVED EXTERNAL
    SYMBOL:  IDKEY_SPEECH_FLASH
    MODULE:  .\operation.obj (OPERATION)
    ADDRESS: 115CH
BL51 BANKED LINKER/LOCATER V6.22                                                      11/15/2016  11:49:22  PAGE 47



*** WARNING L2: REFERENCE MADE TO UNRESOLVED EXTERNAL
    SYMBOL:  WIRE_BROKEN_RESET
    MODULE:  .\operation.obj (OPERATION)
    ADDRESS: 1014H

*** WARNING L2: REFERENCE MADE TO UNRESOLVED EXTERNAL
    SYMBOL:  WIRE_BROKEN_RESET
    MODULE:  .\operation.obj (OPERATION)
    ADDRESS: 1017H

*** WARNING L2: REFERENCE MADE TO UNRESOLVED EXTERNAL
    SYMBOL:  EN_HOST_STOLEN_ALARMING
    MODULE:  .\operation.obj (OPERATION)
    ADDRESS: 101DH

*** WARNING L2: REFERENCE MADE TO UNRESOLVED EXTERNAL
    SYMBOL:  HOST_STOLEN_ALARMING
    MODULE:  .\operation.obj (OPERATION)
    ADDRESS: 101FH

*** WARNING L2: REFERENCE MADE TO UNRESOLVED EXTERNAL
    SYMBOL:  EN_HOST_STOLEN_ALARMING
    MODULE:  .\operation.obj (OPERATION)
    ADDRESS: 0E38H

*** WARNING L2: REFERENCE MADE TO UNRESOLVED EXTERNAL
    SYMBOL:  STOLEN_ALARM_RESET_COUNT
    MODULE:  .\operation.obj (OPERATION)
    ADDRESS: 0E3BH

*** WARNING L2: REFERENCE MADE TO UNRESOLVED EXTERNAL
    SYMBOL:  EN_HOST_STOLEN_ALARMING
    MODULE:  .\operation.obj (OPERATION)
    ADDRESS: 0E49H

*** WARNING L2: REFERENCE MADE TO UNRESOLVED EXTERNAL
    SYMBOL:  HOST_STOLEN_ALARMING
    MODULE:  .\operation.obj (OPERATION)
    ADDRESS: 0E4BH

*** WARNING L2: REFERENCE MADE TO UNRESOLVED EXTERNAL
    SYMBOL:  STOLEN_ALARM_RESET_COUNT
    MODULE:  .\operation.obj (OPERATION)
    ADDRESS: 0E4FH

*** WARNING L2: REFERENCE MADE TO UNRESOLVED EXTERNAL
    SYMBOL:  CLOSE_TRANCEIVER
    MODULE:  .\operation.obj (OPERATION)
    ADDRESS: 0E52H

*** WARNING L2: REFERENCE MADE TO UNRESOLVED EXTERNAL
    SYMBOL:  JUST_POWER_UP
    MODULE:  .\operation.obj (OPERATION)
    ADDRESS: 0DC1H

*** WARNING L2: REFERENCE MADE TO UNRESOLVED EXTERNAL
BL51 BANKED LINKER/LOCATER V6.22                                                      11/15/2016  11:49:22  PAGE 48


    SYMBOL:  SLAVE_NEARBY_COUNT
    MODULE:  .\operation.obj (OPERATION)
    ADDRESS: 0DC4H

*** WARNING L2: REFERENCE MADE TO UNRESOLVED EXTERNAL
    SYMBOL:  SLAVE_NEARBY_ACTIONED_FLAG
    MODULE:  .\operation.obj (OPERATION)
    ADDRESS: 0DD1H

*** WARNING L2: REFERENCE MADE TO UNRESOLVED EXTERNAL
    SYMBOL:  ID_CERTIFICATED_FLAG
    MODULE:  .\operation.obj (OPERATION)
    ADDRESS: 0DD3H

*** WARNING L2: REFERENCE MADE TO UNRESOLVED EXTERNAL
    SYMBOL:  NEVER_ALARM
    MODULE:  .\operation.obj (OPERATION)
    ADDRESS: 0DD5H

*** WARNING L2: REFERENCE MADE TO UNRESOLVED EXTERNAL
    SYMBOL:  EMERGENCY_OPEN_G
    MODULE:  .\operation.obj (OPERATION)
    ADDRESS: 076DH

*** WARNING L2: REFERENCE MADE TO UNRESOLVED EXTERNAL
    SYMBOL:  ID_SELFLEARNING_FLAG
    MODULE:  .\operation.obj (OPERATION)
    ADDRESS: 0794H

*** WARNING L2: REFERENCE MADE TO UNRESOLVED EXTERNAL
    SYMBOL:  ID_SELFLEARNING_FLAG
    MODULE:  .\operation.obj (OPERATION)
    ADDRESS: 07B7H

*** WARNING L2: REFERENCE MADE TO UNRESOLVED EXTERNAL
    SYMBOL:  OPEN_ACTION_FLAG
    MODULE:  .\operation.obj (OPERATION)
    ADDRESS: 07BEH

*** WARNING L2: REFERENCE MADE TO UNRESOLVED EXTERNAL
    SYMBOL:  EMERGENCY_OPEN_G
    MODULE:  .\operation.obj (OPERATION)
    ADDRESS: 07C3H

*** WARNING L2: REFERENCE MADE TO UNRESOLVED EXTERNAL
    SYMBOL:  IDKEY_FLASH_EN
    MODULE:  .\operation.obj (OPERATION)
    ADDRESS: 07C6H

*** WARNING L2: REFERENCE MADE TO UNRESOLVED EXTERNAL
    SYMBOL:  IDKEY_FLASH_EN
    MODULE:  .\operation.obj (OPERATION)
    ADDRESS: 07C9H

*** WARNING L2: REFERENCE MADE TO UNRESOLVED EXTERNAL
    SYMBOL:  FLASHING_FLAG
    MODULE:  .\operation.obj (OPERATION)
BL51 BANKED LINKER/LOCATER V6.22                                                      11/15/2016  11:49:22  PAGE 49


    ADDRESS: 07CBH

*** WARNING L2: REFERENCE MADE TO UNRESOLVED EXTERNAL
    SYMBOL:  ID_SELFLEARNING_FLAG
    MODULE:  .\operation.obj (OPERATION)
    ADDRESS: 07CDH

*** WARNING L2: REFERENCE MADE TO UNRESOLVED EXTERNAL
    SYMBOL:  SELF_LEARN_PROGRAMMING
    MODULE:  .\operation.obj (OPERATION)
    ADDRESS: 07CFH

*** WARNING L2: REFERENCE MADE TO UNRESOLVED EXTERNAL
    SYMBOL:  EMERGENCY_OPEN_G
    MODULE:  .\operation.obj (OPERATION)
    ADDRESS: 0C20H

*** WARNING L2: REFERENCE MADE TO UNRESOLVED EXTERNAL
    SYMBOL:  OPEN_ACTION_FLAG
    MODULE:  .\operation.obj (OPERATION)
    ADDRESS: 0C23H

*** WARNING L2: REFERENCE MADE TO UNRESOLVED EXTERNAL
    SYMBOL:  ID_CERTIFICATED_FLAG
    MODULE:  .\operation.obj (OPERATION)
    ADDRESS: 0C28H

*** WARNING L2: REFERENCE MADE TO UNRESOLVED EXTERNAL
    SYMBOL:  NEVER_ALARM
    MODULE:  .\operation.obj (OPERATION)
    ADDRESS: 0C2BH

*** WARNING L2: REFERENCE MADE TO UNRESOLVED EXTERNAL
    SYMBOL:  OPEN_ACTION_FLAG
    MODULE:  .\operation.obj (OPERATION)
    ADDRESS: 0C31H

*** WARNING L2: REFERENCE MADE TO UNRESOLVED EXTERNAL
    SYMBOL:  ID_SPEECHED_FLAG
    MODULE:  .\operation.obj (OPERATION)
    ADDRESS: 0C36H

*** WARNING L2: REFERENCE MADE TO UNRESOLVED EXTERNAL
    SYMBOL:  AFTER_IDCERT_TIMECOUNT
    MODULE:  .\operation.obj (OPERATION)
    ADDRESS: 0C39H

*** WARNING L2: REFERENCE MADE TO UNRESOLVED EXTERNAL
    SYMBOL:  ID_CERTIFICATED_FLAG
    MODULE:  .\operation.obj (OPERATION)
    ADDRESS: 0C3CH

*** WARNING L2: REFERENCE MADE TO UNRESOLVED EXTERNAL
    SYMBOL:  ID_CERTIFICATED_NUMBERS
    MODULE:  .\operation.obj (OPERATION)
    ADDRESS: 0C3EH

BL51 BANKED LINKER/LOCATER V6.22                                                      11/15/2016  11:49:22  PAGE 50


*** WARNING L2: REFERENCE MADE TO UNRESOLVED EXTERNAL
    SYMBOL:  SLAVE_NEARBY_ACTIONED_FLAG
    MODULE:  .\operation.obj (OPERATION)
    ADDRESS: 0C41H

*** WARNING L2: REFERENCE MADE TO UNRESOLVED EXTERNAL
    SYMBOL:  ELECMOTOR_CW
    MODULE:  .\operation.obj (OPERATION)
    ADDRESS: 0C43H

*** WARNING L2: REFERENCE MADE TO UNRESOLVED EXTERNAL
    SYMBOL:  JUST_POWER_UP
    MODULE:  .\operation.obj (OPERATION)
    ADDRESS: 0C49H

*** WARNING L2: REFERENCE MADE TO UNRESOLVED EXTERNAL
    SYMBOL:  AUTOLOCK_G
    MODULE:  .\operation.obj (OPERATION)
    ADDRESS: 0C4BH

*** WARNING L2: REFERENCE MADE TO UNRESOLVED EXTERNAL
    SYMBOL:  TIMER0_COUNT2
    MODULE:  .\operation.obj (OPERATION)
    ADDRESS: 0C4EH

*** WARNING L2: REFERENCE MADE TO UNRESOLVED EXTERNAL
    SYMBOL:  EMERGENCY_OPEN_G
    MODULE:  .\operation.obj (OPERATION)
    ADDRESS: 099AH

*** WARNING L2: REFERENCE MADE TO UNRESOLVED EXTERNAL
    SYMBOL:  SLAVE_NEARBY_ACTIONED_FLAG
    MODULE:  .\operation.obj (OPERATION)
    ADDRESS: 099DH

*** WARNING L2: REFERENCE MADE TO UNRESOLVED EXTERNAL
    SYMBOL:  AUTOLOCK_G
    MODULE:  .\operation.obj (OPERATION)
    ADDRESS: 09A0H

*** WARNING L2: REFERENCE MADE TO UNRESOLVED EXTERNAL
    SYMBOL:  OPEN_ACTION_FLAG
    MODULE:  .\operation.obj (OPERATION)
    ADDRESS: 09A3H

*** WARNING L2: REFERENCE MADE TO UNRESOLVED EXTERNAL
    SYMBOL:  SLAVE_NEARBY_ACTIONED_FLAG
    MODULE:  .\operation.obj (OPERATION)
    ADDRESS: 09CBH

*** WARNING L2: REFERENCE MADE TO UNRESOLVED EXTERNAL
    SYMBOL:  AUTOLOCK_G
    MODULE:  .\operation.obj (OPERATION)
    ADDRESS: 09CEH

*** WARNING L2: REFERENCE MADE TO UNRESOLVED EXTERNAL
    SYMBOL:  ELECMOTOR_ACW
BL51 BANKED LINKER/LOCATER V6.22                                                      11/15/2016  11:49:22  PAGE 51


    MODULE:  .\operation.obj (OPERATION)
    ADDRESS: 09D1H

*** WARNING L2: REFERENCE MADE TO UNRESOLVED EXTERNAL
    SYMBOL:  OPEN_ACTION_FLAG
    MODULE:  .\operation.obj (OPERATION)
    ADDRESS: 09D5H

*** WARNING L2: REFERENCE MADE TO UNRESOLVED EXTERNAL
    SYMBOL:  IDKEY_SPEECH_FLASH
    MODULE:  .\operation.obj (OPERATION)
    ADDRESS: 09DBH

*** WARNING L2: REFERENCE MADE TO UNRESOLVED EXTERNAL
    SYMBOL:  ID_SPEECHED_FLAG
    MODULE:  .\operation.obj (OPERATION)
    ADDRESS: 09DDH

*** WARNING L2: REFERENCE MADE TO UNRESOLVED EXTERNAL
    SYMBOL:  TIMER0_COUNT2
    MODULE:  .\operation.obj (OPERATION)
    ADDRESS: 09E0H

*** WARNING L2: REFERENCE MADE TO UNRESOLVED EXTERNAL
    SYMBOL:  EMERGENCY_OPEN_G
    MODULE:  .\operation.obj (OPERATION)
    ADDRESS: 09E5H

*** WARNING L2: REFERENCE MADE TO UNRESOLVED EXTERNAL
    SYMBOL:  TIMER0_COUNT2
    MODULE:  .\operation.obj (OPERATION)
    ADDRESS: 071EH

*** WARNING L2: REFERENCE MADE TO UNRESOLVED EXTERNAL
    SYMBOL:  TIMER0_COUNT2
    MODULE:  .\operation.obj (OPERATION)
    ADDRESS: 0CFDH

*** WARNING L1: UNRESOLVED EXTERNAL SYMBOL
    SYMBOL:  HOST_STOLEN_ALARMING
    MODULE:  .\Other.obj (OTHER)

*** WARNING L1: UNRESOLVED EXTERNAL SYMBOL
    SYMBOL:  EN_HOST_STOLEN_ALARMING
    MODULE:  .\Other.obj (OTHER)

*** WARNING L2: REFERENCE MADE TO UNRESOLVED EXTERNAL
    SYMBOL:  HOST_STOLEN_ALARMING
    MODULE:  .\Other.obj (OTHER)
    ADDRESS: 0B40H

*** WARNING L2: REFERENCE MADE TO UNRESOLVED EXTERNAL
    SYMBOL:  EN_HOST_STOLEN_ALARMING
    MODULE:  .\Other.obj (OTHER)
    ADDRESS: 0B44H

*** WARNING L1: UNRESOLVED EXTERNAL SYMBOL
BL51 BANKED LINKER/LOCATER V6.22                                                      11/15/2016  11:49:22  PAGE 52


    SYMBOL:  _HSCH_DELETE_TASK
    MODULE:  .\Timer.obj (TIMER)

*** WARNING L2: REFERENCE MADE TO UNRESOLVED EXTERNAL
    SYMBOL:  _HSCH_DELETE_TASK
    MODULE:  .\Timer.obj (TIMER)
    ADDRESS: 0A02H

*** WARNING L1: UNRESOLVED EXTERNAL SYMBOL
    SYMBOL:  SPEECH_CLOSED_TIME
    MODULE:  .\voice.obj (VOICE)

*** WARNING L1: UNRESOLVED EXTERNAL SYMBOL
    SYMBOL:  FLASHING_FLAG
    MODULE:  .\voice.obj (VOICE)

*** WARNING L1: UNRESOLVED EXTERNAL SYMBOL
    SYMBOL:  EN_HOST_STOLEN_ALARMING
    MODULE:  .\voice.obj (VOICE)

*** WARNING L1: UNRESOLVED EXTERNAL SYMBOL
    SYMBOL:  CHECK_MOTOBATTERY_FLAG
    MODULE:  .\voice.obj (VOICE)

*** WARNING L1: UNRESOLVED EXTERNAL SYMBOL
    SYMBOL:  SPEECH_CLOSED_G
    MODULE:  .\voice.obj (VOICE)

*** WARNING L1: UNRESOLVED EXTERNAL SYMBOL
    SYMBOL:  NEVER_ALARM_SPEECH
    MODULE:  .\voice.obj (VOICE)

*** WARNING L1: UNRESOLVED EXTERNAL SYMBOL
    SYMBOL:  CHECK_MOTOBATTERY_COUNT
    MODULE:  .\voice.obj (VOICE)

*** WARNING L2: REFERENCE MADE TO UNRESOLVED EXTERNAL
    SYMBOL:  SPEECH_CLOSED_G
    MODULE:  .\voice.obj (VOICE)
    ADDRESS: 0FD0H

*** WARNING L2: REFERENCE MADE TO UNRESOLVED EXTERNAL
    SYMBOL:  SPEECH_CLOSED_TIME
    MODULE:  .\voice.obj (VOICE)
    ADDRESS: 0FD3H

*** WARNING L2: REFERENCE MADE TO UNRESOLVED EXTERNAL
    SYMBOL:  SPEECH_CLOSED_TIME
    MODULE:  .\voice.obj (VOICE)
    ADDRESS: 0FB2H

*** WARNING L2: REFERENCE MADE TO UNRESOLVED EXTERNAL
    SYMBOL:  FLASHING_FLAG
    MODULE:  .\voice.obj (VOICE)
    ADDRESS: 0FC1H

*** WARNING L2: REFERENCE MADE TO UNRESOLVED EXTERNAL
BL51 BANKED LINKER/LOCATER V6.22                                                      11/15/2016  11:49:22  PAGE 53


    SYMBOL:  SPEECH_CLOSED_TIME
    MODULE:  .\voice.obj (VOICE)
    ADDRESS: 1004H

*** WARNING L2: REFERENCE MADE TO UNRESOLVED EXTERNAL
    SYMBOL:  CHECK_MOTOBATTERY_COUNT
    MODULE:  .\voice.obj (VOICE)
    ADDRESS: 0D99H

*** WARNING L2: REFERENCE MADE TO UNRESOLVED EXTERNAL
    SYMBOL:  CHECK_MOTOBATTERY_FLAG
    MODULE:  .\voice.obj (VOICE)
    ADDRESS: 0DA6H

*** WARNING L2: REFERENCE MADE TO UNRESOLVED EXTERNAL
    SYMBOL:  EN_HOST_STOLEN_ALARMING
    MODULE:  .\voice.obj (VOICE)
    ADDRESS: 0DA9H

*** WARNING L2: REFERENCE MADE TO UNRESOLVED EXTERNAL
    SYMBOL:  CHECK_MOTOBATTERY_FLAG
    MODULE:  .\voice.obj (VOICE)
    ADDRESS: 0DB8H

*** WARNING L2: REFERENCE MADE TO UNRESOLVED EXTERNAL
    SYMBOL:  NEVER_ALARM_SPEECH
    MODULE:  .\voice.obj (VOICE)
    ADDRESS: 1162H

*** WARNING L2: REFERENCE MADE TO UNRESOLVED EXTERNAL
    SYMBOL:  NEVER_ALARM_SPEECH
    MODULE:  .\voice.obj (VOICE)
    ADDRESS: 1165H

Program Size: data=11.6 xdata=101 code=4478
LINK/LOCATE RUN COMPLETE.  209 WARNING(S),  0 ERROR(S)
