BL51 BANKED LINKER/LOCATER V6.22                                                        07/27/2015  10:11:48  PAGE 1


BL51 BANKED LINKER/LOCATER V6.22, INVOKED BY:
D:\PROGRAM FILES (X86)\KEIL_V5\C51\BIN\BL51.EXE .\AD.obj, .\Battery.obj, .\communication.obj, .\Delay.obj, .\operation.o
>> bj, .\Other.obj, .\pwm.obj, .\Timer.obj, .\UART.obj, .\voice.obj, .\ISP_DataFlash.obj, .\ElecMotor.obj, .\Schedular.o
>> bj, Main.obj TO DDC-Z RAMSIZE (256)


MEMORY MODEL: COMPACT


INPUT MODULES INCLUDED:
  .\AD.obj (AD)
  .\Battery.obj (BATTERY)
  .\communication.obj (COMMUNICATION)
  .\Delay.obj (DELAY)
  .\operation.obj (OPERATION)
  .\Other.obj (OTHER)
  .\pwm.obj (PWM)
  .\Timer.obj (TIMER)
  .\UART.obj (UART)
  .\voice.obj (VOICE)
  .\ISP_DataFlash.obj (ISP_DATAFLASH)
  .\ElecMotor.obj (ELECMOTOR)
  .\Schedular.obj (SCHEDULAR)
  Main.obj (MAIN)
  D:\PROGRAM FILES (X86)\KEIL_V5\C51\LIB\C51C.LIB (?C_STARTUP)
  D:\PROGRAM FILES (X86)\KEIL_V5\C51\LIB\C51C.LIB (?C?CLDPTR)
  D:\PROGRAM FILES (X86)\KEIL_V5\C51\LIB\C51C.LIB (?C?LMUL)
  D:\PROGRAM FILES (X86)\KEIL_V5\C51\LIB\C51C.LIB (?C?ULDIV)
  D:\PROGRAM FILES (X86)\KEIL_V5\C51\LIB\C51C.LIB (?C?LNEG)
  D:\PROGRAM FILES (X86)\KEIL_V5\C51\LIB\C51C.LIB (?C?ICALL)
  D:\PROGRAM FILES (X86)\KEIL_V5\C51\LIB\C51C.LIB (?C?LIMUL)
  D:\PROGRAM FILES (X86)\KEIL_V5\C51\LIB\C51C.LIB (?C_INIT)


LINK MAP OF MODULE:  DDC-Z (AD)


            TYPE    BASE      LENGTH    RELOCATION   SEGMENT NAME
            -----------------------------------------------------

            * * * * * * *   D A T A   M E M O R Y   * * * * * * *
            REG     0000H     0008H     ABSOLUTE     "REG BANK 0"
                    0008H     0018H                  *** GAP ***
            BIT     0020H.0   0004H.4   UNIT         ?BI?MAIN
            BIT     0024H.4   0000H.2   UNIT         ?BI?OPERATION
            BIT     0024H.6   0000H.1   UNIT         ?BI?ELECMOTOR
            BIT     0024H.7   0000H.1   UNIT         ?BI?_HSCH_ADD_TASK?SCHEDULAR
            BIT     0025H.0   0000H.1   UNIT         _BIT_GROUP_
                    0025H.1   0000H.7                *** GAP ***
            DATA    0026H     0028H     UNIT         ?DT?SCHEDULAR
            IDATA   004EH     0001H     UNIT         ?STACK

            * * * * * * *  X D A T A   M E M O R Y  * * * * * * *
            XDATA   0000H     0001H     INPAGE       ?PD?BATTERY
            XDATA   0001H     0003H     INPAGE       ?PD?INITSIGNAL_F?COMMUNICATION
            XDATA   0004H     0003H     INPAGE       ?PD?_SEND_DATA?COMMUNICATION
            XDATA   0007H     0003H     INPAGE       ?PD?_COMMODE_DATA?COMMUNICATION
            XDATA   000AH     0003H     INPAGE       ?PD?_COMMODE_DATA_WX?COMMUNICATION
BL51 BANKED LINKER/LOCATER V6.22                                                      07/27/2015  10:11:48  PAGE 2


            XDATA   000DH     0002H     INPAGE       ?PD?_UART_SEND_DATA_F?COMMUNICATION
            XDATA   000FH     0004H     INPAGE       ?PD?_SEND_CODE_TO_LOCK?COMMUNICATION
            XDATA   0013H     0004H     INPAGE       ?PD?_SEND_CODE_TO_LOCK_TAILI?COMMUNICATION
            XDATA   0017H     0007H     INPAGE       ?PD?COMMUNICATION
            XDATA   001EH     0002H     INPAGE       ?PD?_MAGNET_DELAY?DELAY
            XDATA   0020H     0002H     INPAGE       ?PD?DELAY
            XDATA   0022H     0004H     INPAGE       ?PD?_MAGNET_CW?OTHER
            XDATA   0026H     0004H     INPAGE       ?PD?_MAGNET_CW_TAILI?OTHER
            XDATA   002AH     0002H     INPAGE       ?PD?PWM
            XDATA   002CH     0002H     INPAGE       ?PD?_INITTIMER?TIMER
            XDATA   002EH     0004H     INPAGE       ?PD?TIMER
            XDATA   0032H     0001H     INPAGE       ?PD?VOICE
            XDATA   0033H     0003H     INPAGE       ?PD?_FLASH_READ_DATA?ISP_DATAFLASH
            XDATA   0036H     0001H     INPAGE       ?PD?ELECMOTOR
            XDATA   0037H     0001H     INPAGE       ?PD?HSCH_DISPATCH_TASKS?SCHEDULAR
            XDATA   0038H     0002H     INPAGE       ?PD?_HSCH_ADD_TASK?SCHEDULAR
            XDATA   003AH     0001H     INPAGE       ?PD?HSCH_UPDATE?SCHEDULAR
            XDATA   003BH     0004H     INPAGE       ?PD?SCHEDULAR
            XDATA   003FH     0039H     INPAGE       ?PD?MAIN
            XDATA   0078H     000DH     INPAGE       _PDATA_GROUP_

            * * * * * * *   C O D E   M E M O R Y   * * * * * * *
            CODE    0000H     0003H     ABSOLUTE     
            CODE    0003H     0008H     UNIT         ?PR?MOTO_VIBRATION?OTHER
            CODE    000BH     0003H     ABSOLUTE     
            CODE    000EH     0015H     UNIT         ?PR?_FLASH_PAGE_ERASE?ISP_DATAFLASH
            CODE    0023H     0003H     ABSOLUTE     
            CODE    0026H     0237H     UNIT         ?PR?TIMER0?MAIN
            CODE    025DH     0177H     UNIT         ?C?LIB_CODE
            CODE    03D4H     0171H     UNIT         ?PR?UART_ISR?MAIN
            CODE    0545H     00ECH     UNIT         ?C_INITSEG
            CODE    0631H     00DFH     UNIT         ?PR?_VERIFYBATTERY?BATTERY
            CODE    0710H     00C5H     UNIT         ?PR?HSCH_UPDATE?SCHEDULAR
            CODE    07D5H     00A5H     UNIT         ?PR?DETECT_SELFLEARN_ACTION?OPERATION
            CODE    087AH     008CH     UNIT         ?C_C51STARTUP
            CODE    0906H     007DH     UNIT         ?PR?_HSCH_ADD_TASK?SCHEDULAR
            CODE    0983H     0078H     UNIT         ?PR?_GETADCRESULT?AD
            CODE    09FBH     0075H     UNIT         ?PR?_INITTIMER?TIMER
            CODE    0A70H     0073H     UNIT         ?PR?_SEND_CODE_TO_LOCK?COMMUNICATION
            CODE    0AE3H     0073H     UNIT         ?PR?_SEND_CODE_TO_LOCK_TAILI?COMMUNICATION
            CODE    0B56H     0071H     UNIT         ?PR?HSCH_DISPATCH_TASKS?SCHEDULAR
            CODE    0BC7H     006AH     UNIT         ?PR?RECEIVE_BYTE?COMMUNICATION
            CODE    0C31H     006AH     UNIT         ?PR?RECEIVE_BYTE_LOCK?COMMUNICATION
            CODE    0C9BH     0062H     UNIT         ?PR?_PWM_CHANNEL?PWM
            CODE    0CFDH     0060H     UNIT         ?PR?_SEND_DATA?COMMUNICATION
            CODE    0D5DH     0057H     UNIT         ?PR?_UART_SEND_DATA?COMMUNICATION
            CODE    0DB4H     0056H     UNIT         ?PR?ELECMOTOR_CODE?ELECMOTOR
            CODE    0E0AH     004CH     UNIT         ?PR?_INITT0?TIMER
            CODE    0E56H     004BH     UNIT         ?PR?_HSCH_DELETE_TASK?SCHEDULAR
            CODE    0EA1H     0048H     UNIT         ?PR?INITSIGNAL?COMMUNICATION
            CODE    0EE9H     0048H     UNIT         ?PR?INITSIGNAL_F?COMMUNICATION
            CODE    0F31H     0047H     UNIT         ?PR?DISABLE_SENSOR?OTHER
            CODE    0F78H     0045H     UNIT         ?PR?_UART_SEND_DATA_F?COMMUNICATION
            CODE    0FBDH     0043H     UNIT         ?PR?UART_SEND_DATA_MATCH?COMMUNICATION
            CODE    1000H     0041H     UNIT         ?PR?RECEIVE_WORD?COMMUNICATION
            CODE    1041H     0041H     UNIT         ?PR?SELF_LEARN_PROGRAMMING_F?ISP_DATAFLASH
            CODE    1082H     003FH     UNIT         ?PR?_CUSTOM_DELAY?DELAY
BL51 BANKED LINKER/LOCATER V6.22                                                      07/27/2015  10:11:48  PAGE 3


            CODE    10C1H     003EH     UNIT         ?PR?_MAGNET_DELAY?DELAY
            CODE    10FFH     0036H     UNIT         ?PR?_INITUART?UART
            CODE    1135H     0036H     UNIT         ?PR?_SC_SPEECH?VOICE
            CODE    116BH     0034H     UNIT         ?PR?_COMMODE_DATA_WX?COMMUNICATION
            CODE    119FH     0032H     UNIT         ?PR?_COMMODE_DATA?COMMUNICATION
            CODE    11D1H     0032H     UNIT         ?PR?ACCUMULATOR_VOICE_PROMOT?VOICE
            CODE    1203H     0032H     UNIT         ?PR?SELF_LEARN_PROGRAMMING?ISP_DATAFLASH
            CODE    1235H     0031H     UNIT         ?PR?_MAGNET_CW?OTHER
            CODE    1266H     0031H     UNIT         ?PR?_MAGNET_CW_TAILI?OTHER
            CODE    1297H     0030H     UNIT         ?PR?_FLASH_WRITE_DATA?ISP_DATAFLASH
            CODE    12C7H     002FH     UNIT         ?PR?DETECT_VIBRATION?OPERATION
            CODE    12F6H     002EH     UNIT         ?PR?SLAVE_AWAY_OPERATION?OPERATION
            CODE    1324H     002CH     UNIT         ?PR?DETECT_WHEEL_MOVING?OPERATION
            CODE    1350H     002BH     UNIT         ?PR?DETECT_CLOSE_ACTION?OPERATION
            CODE    137BH     002BH     UNIT         ?PR?_SENDNBYTE?UART
            CODE    13A6H     0029H     UNIT         ?PR?DETECT_OPEN_ACTION?OPERATION
            CODE    13CFH     0029H     UNIT         ?PR?ELECMOTOR_TEST?ELECMOTOR
            CODE    13F8H     0026H     UNIT         ?PR?SELFLEARN_RESET?OPERATION
            CODE    141EH     0024H     UNIT         ?PR?SLAVE_NEARBY_OPERATION?OPERATION
            CODE    1442H     0022H     UNIT         ?PR?ENSENSOR_AFTERIDCERT?OPERATION
            CODE    1464H     0022H     UNIT         ?PR?ELECMOTOR_DELAY_CW?ELECMOTOR
            CODE    1486H     0022H     UNIT         ?PR?ELECMOTOR_DELAY_ACW?ELECMOTOR
            CODE    14A8H     0021H     UNIT         ?PR?ENSENSOR_AFTER_SLAVE_AWAY?OPERATION
            CODE    14C9H     0020H     UNIT         ?PR?_DELAY_MS?DELAY
            CODE    14E9H     001EH     UNIT         ?PR?RESET_AFTER_STOLEN_ALARMING?OPERATION
            CODE    1507H     001EH     UNIT         ?PR?_FLASH_READ_DATA?ISP_DATAFLASH
            CODE    1525H     001BH     UNIT         ?PR?ENSENSOR_AFTER_CLOSE?OPERATION
            CODE    1540H     001BH     UNIT         ?PR?INITVOICE?VOICE
            CODE    155BH     001AH     UNIT         ?PR?DELAY_1MS?DELAY
            CODE    1575H     001AH     UNIT         ?PR?DELAY_5MS?DELAY
            CODE    158FH     001AH     UNIT         ?PR?DELAY_10MS?DELAY
            CODE    15A9H     001AH     UNIT         ?PR?DELAY_12MS?DELAY
            CODE    15C3H     001AH     UNIT         ?PR?DELAY_50MS?DELAY
            CODE    15DDH     001AH     UNIT         ?PR?DELAY_100MS?DELAY
            CODE    15F7H     001AH     UNIT         ?PR?DELAY_500MS?DELAY
            CODE    1611H     001AH     UNIT         ?PR?TRIGGER_ISP?ISP_DATAFLASH
            CODE    162BH     0019H     UNIT         ?PR?_DELAY_US?DELAY
            CODE    1644H     0018H     UNIT         ?PR?HOST_STOLEN_ACTION?OPERATION
            CODE    165CH     0018H     UNIT         ?PR?INIT_PWM?PWM
            CODE    1674H     0017H     UNIT         ?PR?_DELAY?DELAY
            CODE    168BH     0017H     UNIT         ?PR?MAIN?MAIN
            CODE    16A2H     0016H     UNIT         ?PR?FELL_ALARM_TO_SLAVE?OPERATION
            CODE    16B8H     0016H     UNIT         ?PR?RAISE_ALARM_TO_SLAVE?OPERATION
            CODE    16CEH     0016H     UNIT         ?PR?BATSTOLEN_ALARM_TO_SLAVE?OPERATION
            CODE    16E4H     0014H     UNIT         ?PR?DISABLE_ISP?ISP_DATAFLASH
            CODE    16F8H     0013H     UNIT         ?PR?HOST_TOUCH_SPEECH?VOICE
            CODE    170BH     0013H     UNIT         ?PR?STOLEN_ALARM_SPEECH2?VOICE
            CODE    171EH     0013H     UNIT         ?PR?ENABLE_ISP?ISP_DATAFLASH
            CODE    1731H     0011H     UNIT         ?PR?SELF_LEARN_SPEECH?VOICE
            CODE    1742H     0011H     UNIT         ?PR?IDCERTED_SPEECH?VOICE
            CODE    1753H     0011H     UNIT         ?PR?ELECMOTOR_CW?ELECMOTOR
            CODE    1764H     0010H     UNIT         ?PR?RESET_AFTER_WIREBROKEN?OPERATION
            CODE    1774H     000FH     UNIT         ?PR?HSCH_MANUAL_TIMER0_RELOAD?TIMER
            CODE    1783H     000FH     UNIT         ?PR?MOTORBAT_LOW_SPEECH?VOICE
            CODE    1792H     000FH     UNIT         ?PR?BATTERY_HINT?VOICE
            CODE    17A1H     000FH     UNIT         ?PR?ID_SPEECH?VOICE
            CODE    17B0H     000FH     UNIT         ?PR?HOST_2NDTOUCH_SPEECH?VOICE
BL51 BANKED LINKER/LOCATER V6.22                                                      07/27/2015  10:11:48  PAGE 4


            CODE    17BFH     000FH     UNIT         ?PR?STOLEN_ALARM_SPEECH1?VOICE
            CODE    17CEH     000FH     UNIT         ?PR?OPEN_LOCK_SPEECH?VOICE
            CODE    17DDH     000FH     UNIT         ?PR?CLOSE_LOCK_SPEECH?VOICE
            CODE    17ECH     000FH     UNIT         ?PR?BATTERY_STOLEN_SPEECH?VOICE
            CODE    17FBH     000FH     UNIT         ?PR?CUTTING_WIRE_VOICE?VOICE
            CODE    180AH     000FH     UNIT         ?PR?PRODUCT_TEST_VOICE?VOICE
            CODE    1819H     000FH     UNIT         ?PR?BATTERY_LOW_ALARM_SPEECH?VOICE
            CODE    1828H     000FH     UNIT         ?PR?BATTERY_HIGH_ALARM_SPEECH?VOICE
            CODE    1837H     000FH     UNIT         ?PR?ALARM_STOLEN_SPEECH?VOICE
            CODE    1846H     000FH     UNIT         ?PR?ALARM_RAISED_SPEECH?VOICE
            CODE    1855H     000FH     UNIT         ?PR?ALARM_FELL_SPEECH?VOICE
            CODE    1864H     000FH     UNIT         ?PR?HOST_BATTERY_HIGH_ALARM_SPEECH?VOICE
            CODE    1873H     000FH     UNIT         ?PR?BATTERY_STOLEN_SPEECH_F3?VOICE
            CODE    1882H     000FH     UNIT         ?PR?WIRE_BROKEN_SPEECH?VOICE
            CODE    1891H     000FH     UNIT         ?PR?LOCK_ROTATED_ON_SPEECH?VOICE
            CODE    18A0H     000FH     UNIT         ?PR?LOCK_ROTATED_OFF_SPEECH?VOICE
            CODE    18AFH     000EH     UNIT         ?PR?_MAGNET_ACW?OTHER
            CODE    18BDH     000EH     UNIT         ?PR?_MAGNET_ACW_TAILI?OTHER
            CODE    18CBH     000EH     UNIT         ?PR?ELECMOTOR_ACW?ELECMOTOR
            CODE    18D9H     000DH     UNIT         ?PR?CHECK_MOTOR_ACCUMULATOR?BATTERY
            CODE    18E6H     000CH     UNIT         ?PR?ENABLE_SENSOR?OTHER
            CODE    18F2H     000BH     UNIT         ?PR?INITSENSOR?OPERATION
            CODE    18FDH     0009H     UNIT         ?PR?INITTRANSCEIVER?COMMUNICATION
            CODE    1906H     0009H     UNIT         ?PR?DISABLE_SENSOR_AFTER_IDCERT?OPERATION
            CODE    190FH     0009H     UNIT         ?PR?ENTER_NOGUARD_VOICE?VOICE
            CODE    1918H     0008H     UNIT         ?PR?MYPWM?PWM
            CODE    1920H     0008H     UNIT         ?PR?_SENDDATA?UART
            CODE    1928H     0005H     UNIT         ?PR?OPEN_TRANCEIVER?COMMUNICATION
            CODE    192DH     0005H     UNIT         ?PR?CLOSE_TRANCEIVER?COMMUNICATION
            CODE    1932H     0004H     UNIT         ?PR?SEOS_GO_TO_SLEEP?TIMER
            CODE    1936H     0004H     UNIT         ?PR?HSCH_GO_TO_SLEEP?SCHEDULAR
            CODE    193AH     0003H     UNIT         ?PR?HSCH_START?TIMER
            CODE    193DH     0003H     UNIT         ?PR?INITELECMOTOR?ELECMOTOR
            CODE    1940H     0001H     UNIT         ?PR?KEY_ROTATE_ON_SPEECH?VOICE
            CODE    1941H     0001H     UNIT         ?PR?HSCH_REPORT_STATUS?SCHEDULAR
                    1942H     16BEH                  *** GAP ***
            CODE    3000H     0001H     ABSOLUTE     
            CODE    3001H     0001H     ABSOLUTE     
            CODE    3002H     0001H     ABSOLUTE     
            CODE    3003H     0001H     ABSOLUTE     
            CODE    3004H     0001H     ABSOLUTE     
            CODE    3005H     0001H     ABSOLUTE     



OVERLAY MAP OF MODULE:   DDC-Z (AD)


SEGMENT                                             BIT_GROUP          PDATA_GROUP
  +--> CALLED SEGMENT                            START    LENGTH     START    LENGTH
------------------------------------------------------------------------------------
?PR?TIMER0?MAIN                                  -----    -----      -----    -----
  +--> ?PR?CHECK_MOTOR_ACCUMULATOR?BATTERY
  +--> ?PR?ACCUMULATOR_VOICE_PROMOT?VOICE
  +--> ?PR?ENSENSOR_AFTER_SLAVE_AWAY?OPERATION
  +--> ?PR?ENSENSOR_AFTER_CLOSE?OPERATION
  +--> ?PR?FELL_ALARM_TO_SLAVE?OPERATION
BL51 BANKED LINKER/LOCATER V6.22                                                      07/27/2015  10:11:48  PAGE 5


  +--> ?PR?RAISE_ALARM_TO_SLAVE?OPERATION
  +--> ?PR?BATSTOLEN_ALARM_TO_SLAVE?OPERATION
  +--> ?PR?HOST_STOLEN_ACTION?OPERATION
  +--> ?PR?DISABLE_SENSOR_AFTER_IDCERT?OPERA...
  +--> ?PR?RESET_AFTER_WIREBROKEN?OPERATION
  +--> ?PR?RESET_AFTER_STOLEN_ALARMING?OPERA...
  +--> ?PR?SELFLEARN_RESET?OPERATION
  +--> ?PR?ENTER_NOGUARD_VOICE?VOICE
  +--> ?PR?DETECT_SELFLEARN_ACTION?OPERATION
  +--> ?PR?DETECT_VIBRATION?OPERATION
  +--> ?PR?DETECT_WHEEL_MOVING?OPERATION
  +--> ?PR?DETECT_OPEN_ACTION?OPERATION
  +--> ?PR?DETECT_CLOSE_ACTION?OPERATION
  +--> ?PR?BATTERY_HINT?VOICE
  +--> ?PR?DELAY_500MS?DELAY
  +--> ?PR?HOST_TOUCH_SPEECH?VOICE
  +--> ?PR?ID_SPEECH?VOICE

?PR?CHECK_MOTOR_ACCUMULATOR?BATTERY              -----    -----      -----    -----
  +--> ?PR?_GETADCRESULT?AD

?PR?ACCUMULATOR_VOICE_PROMOT?VOICE               -----    -----      -----    -----
  +--> ?PR?_VERIFYBATTERY?BATTERY

?PR?_VERIFYBATTERY?BATTERY                       -----    -----      0078H    0002H
  +--> ?PR?_SC_SPEECH?VOICE
  +--> ?PR?_DELAY?DELAY
  +--> ?PR?MOTORBAT_LOW_SPEECH?VOICE

?PR?_SC_SPEECH?VOICE                             -----    -----      0081H    0002H
  +--> ?PR?DELAY_50MS?DELAY
  +--> ?PR?_DELAY_US?DELAY

?PR?MOTORBAT_LOW_SPEECH?VOICE                    -----    -----      -----    -----
  +--> ?PR?_SC_SPEECH?VOICE
  +--> ?PR?_DELAY?DELAY

?PR?ENSENSOR_AFTER_SLAVE_AWAY?OPERATION          -----    -----      -----    -----
  +--> ?PR?ENABLE_SENSOR?OTHER

?PR?ENSENSOR_AFTER_CLOSE?OPERATION               -----    -----      -----    -----
  +--> ?PR?ENABLE_SENSOR?OTHER

?PR?FELL_ALARM_TO_SLAVE?OPERATION                -----    -----      -----    -----
  +--> ?PR?_UART_SEND_DATA?COMMUNICATION

?PR?_UART_SEND_DATA?COMMUNICATION                -----    -----      0078H    0002H
  +--> ?PR?OPEN_TRANCEIVER?COMMUNICATION
  +--> ?PR?INITSIGNAL?COMMUNICATION
  +--> ?PR?_SENDNBYTE?UART
  +--> ?PR?DELAY_10MS?DELAY
  +--> ?PR?CLOSE_TRANCEIVER?COMMUNICATION

?PR?INITSIGNAL?COMMUNICATION                     -----    -----      007AH    0003H
  +--> ?PR?_CUSTOM_DELAY?DELAY

?PR?_CUSTOM_DELAY?DELAY                          -----    -----      007DH    0004H
BL51 BANKED LINKER/LOCATER V6.22                                                      07/27/2015  10:11:48  PAGE 6



?PR?_SENDNBYTE?UART                              -----    -----      007AH    0003H
  +--> ?PR?_SENDDATA?UART

?PR?RAISE_ALARM_TO_SLAVE?OPERATION               -----    -----      -----    -----
  +--> ?PR?_UART_SEND_DATA?COMMUNICATION

?PR?BATSTOLEN_ALARM_TO_SLAVE?OPERATION           -----    -----      -----    -----
  +--> ?PR?_UART_SEND_DATA?COMMUNICATION

?PR?HOST_STOLEN_ACTION?OPERATION                 -----    -----      -----    -----
  +--> ?PR?STOLEN_ALARM_SPEECH1?VOICE
  +--> ?PR?_UART_SEND_DATA?COMMUNICATION
  +--> ?PR?STOLEN_ALARM_SPEECH2?VOICE

?PR?STOLEN_ALARM_SPEECH1?VOICE                   -----    -----      -----    -----
  +--> ?PR?_SC_SPEECH?VOICE
  +--> ?PR?_DELAY?DELAY

?PR?STOLEN_ALARM_SPEECH2?VOICE                   -----    -----      -----    -----
  +--> ?PR?_SC_SPEECH?VOICE
  +--> ?PR?_DELAY?DELAY

?PR?DISABLE_SENSOR_AFTER_IDCERT?OPERA...         -----    -----      -----    -----
  +--> ?PR?DISABLE_SENSOR?OTHER

?PR?RESET_AFTER_STOLEN_ALARMING?OPERA...         -----    -----      -----    -----
  +--> ?PR?CLOSE_TRANCEIVER?COMMUNICATION

?PR?ENTER_NOGUARD_VOICE?VOICE                    -----    -----      -----    -----
  +--> ?PR?SELF_LEARN_SPEECH?VOICE

?PR?SELF_LEARN_SPEECH?VOICE                      -----    -----      -----    -----
  +--> ?PR?_SC_SPEECH?VOICE
  +--> ?PR?_DELAY?DELAY

?PR?DETECT_SELFLEARN_ACTION?OPERATION            -----    -----      -----    -----
  +--> ?PR?SELF_LEARN_SPEECH?VOICE
  +--> ?PR?SELF_LEARN_PROGRAMMING?ISP_DATAFLASH

?PR?SELF_LEARN_PROGRAMMING?ISP_DATAFLASH         -----    -----      -----    -----
  +--> ?PR?_FLASH_PAGE_ERASE?ISP_DATAFLASH
  +--> ?PR?_FLASH_WRITE_DATA?ISP_DATAFLASH

?PR?_FLASH_PAGE_ERASE?ISP_DATAFLASH              -----    -----      0078H    0002H
  +--> ?PR?ENABLE_ISP?ISP_DATAFLASH
  +--> ?PR?TRIGGER_ISP?ISP_DATAFLASH
  +--> ?PR?DISABLE_ISP?ISP_DATAFLASH

?PR?ENABLE_ISP?ISP_DATAFLASH                     -----    -----      -----    -----
  +--> ?PR?TRIGGER_ISP?ISP_DATAFLASH

?PR?DISABLE_ISP?ISP_DATAFLASH                    -----    -----      -----    -----
  +--> ?PR?TRIGGER_ISP?ISP_DATAFLASH

?PR?_FLASH_WRITE_DATA?ISP_DATAFLASH              -----    -----      0078H    0003H
  +--> ?PR?ENABLE_ISP?ISP_DATAFLASH
BL51 BANKED LINKER/LOCATER V6.22                                                      07/27/2015  10:11:48  PAGE 7


  +--> ?PR?TRIGGER_ISP?ISP_DATAFLASH
  +--> ?PR?DISABLE_ISP?ISP_DATAFLASH

?PR?DETECT_OPEN_ACTION?OPERATION                 -----    -----      -----    -----
  +--> ?PR?DISABLE_SENSOR?OTHER
  +--> ?PR?ELECMOTOR_CW?ELECMOTOR
  +--> ?PR?SLAVE_NEARBY_OPERATION?OPERATION

?PR?ELECMOTOR_CW?ELECMOTOR                       -----    -----      -----    -----
  +--> ?PR?ELECMOTOR_CODE?ELECMOTOR
  +--> ?PR?ELECMOTOR_DELAY_CW?ELECMOTOR

?PR?ELECMOTOR_CODE?ELECMOTOR                     -----    -----      0078H    0002H
  +--> ?PR?DELAY_12MS?DELAY
  +--> ?PR?DELAY_5MS?DELAY

?PR?ELECMOTOR_DELAY_CW?ELECMOTOR                 -----    -----      -----    -----
  +--> ?PR?DELAY_500MS?DELAY

?PR?SLAVE_NEARBY_OPERATION?OPERATION             -----    -----      -----    -----
  +--> ?PR?OPEN_LOCK_SPEECH?VOICE
  +--> ?PR?_VERIFYBATTERY?BATTERY
  +--> ?PR?KEY_ROTATE_ON_SPEECH?VOICE

?PR?OPEN_LOCK_SPEECH?VOICE                       -----    -----      -----    -----
  +--> ?PR?_SC_SPEECH?VOICE
  +--> ?PR?_DELAY?DELAY

?PR?DETECT_CLOSE_ACTION?OPERATION                -----    -----      -----    -----
  +--> ?PR?DELAY_1MS?DELAY
  +--> ?PR?ELECMOTOR_ACW?ELECMOTOR
  +--> ?PR?SLAVE_AWAY_OPERATION?OPERATION

?PR?ELECMOTOR_ACW?ELECMOTOR                      -----    -----      -----    -----
  +--> ?PR?ELECMOTOR_DELAY_ACW?ELECMOTOR

?PR?ELECMOTOR_DELAY_ACW?ELECMOTOR                -----    -----      -----    -----
  +--> ?PR?DELAY_500MS?DELAY

?PR?SLAVE_AWAY_OPERATION?OPERATION               -----    -----      -----    -----
  +--> ?PR?CLOSE_LOCK_SPEECH?VOICE
  +--> ?PR?_VERIFYBATTERY?BATTERY
  +--> ?PR?_DELAY?DELAY

?PR?CLOSE_LOCK_SPEECH?VOICE                      -----    -----      -----    -----
  +--> ?PR?_SC_SPEECH?VOICE
  +--> ?PR?_DELAY?DELAY

?PR?BATTERY_HINT?VOICE                           -----    -----      -----    -----
  +--> ?PR?_SC_SPEECH?VOICE
  +--> ?PR?_DELAY?DELAY

?PR?HOST_TOUCH_SPEECH?VOICE                      -----    -----      -----    -----
  +--> ?PR?_SC_SPEECH?VOICE
  +--> ?PR?_DELAY?DELAY

?PR?ID_SPEECH?VOICE                              -----    -----      -----    -----
BL51 BANKED LINKER/LOCATER V6.22                                                      07/27/2015  10:11:48  PAGE 8


  +--> ?PR?_SC_SPEECH?VOICE
  +--> ?PR?_DELAY?DELAY

*** NEW ROOT ***************************************************

?PR?UART_ISR?MAIN                                -----    -----      -----    -----
  +--> ?PR?IDCERTED_SPEECH?VOICE
  +--> ?PR?SELF_LEARN_SPEECH?VOICE
  +--> ?PR?ID_SPEECH?VOICE

?PR?IDCERTED_SPEECH?VOICE                        -----    -----      -----    -----
  +--> ?PR?ID_SPEECH?VOICE

*** NEW ROOT ***************************************************

?C_C51STARTUP                                    -----    -----      -----    -----
  +--> ?PR?MAIN?MAIN
  +--> ?C_INITSEG

?PR?MAIN?MAIN                                    -----    -----      -----    -----
  +--> ?PR?INITVOICE?VOICE
  +--> ?PR?_INITUART?UART
  +--> ?PR?INITSENSOR?OPERATION
  +--> ?PR?INITTRANSCEIVER?COMMUNICATION
  +--> ?PR?INITELECMOTOR?ELECMOTOR

?PR?INITVOICE?VOICE                              -----    -----      -----    -----
  +--> ?PR?_DELAY_US?DELAY

?PR?_INITUART?UART                               -----    -----      -----    -----
  +--> ?PR?_INITT0?TIMER

?PR?_INITT0?TIMER                                -----    -----      0083H    0002H
  +--> ?PR?_HSCH_DELETE_TASK?SCHEDULAR
  +--> ?PR?HSCH_MANUAL_TIMER0_RELOAD?TIMER

?PR?_HSCH_DELETE_TASK?SCHEDULAR                  0025H.0  0000H.1    -----    -----

?PR?INITELECMOTOR?ELECMOTOR                      -----    -----      -----    -----
  +--> ?PR?ELECMOTOR_ACW?ELECMOTOR



SYMBOL TABLE OF MODULE:  DDC-Z (AD)

  VALUE           TYPE          NAME
  ----------------------------------

  -------         MODULE        AD
  C:0000H         SYMBOL        _ICE_DUMMY_
  D:0080H         PUBLIC        P0
  D:0090H         PUBLIC        P1
  D:00A0H         PUBLIC        P2
  D:00B0H         PUBLIC        P3
  D:00A8H         PUBLIC        IE
  D:00E2H         PUBLIC        ADCH
  B:00F8H.4       PUBLIC        ADCI
BL51 BANKED LINKER/LOCATER V6.22                                                      07/27/2015  10:11:48  PAGE 9


  D:00B8H         PUBLIC        IP
  B:00F8H.3       PUBLIC        ADCS
  D:00F6H         PUBLIC        P0DIDS
  D:00D8H         PUBLIC        WDCON0
  D:0098H         PUBLIC        SCON
  D:0088H         PUBLIC        TCON
  B:00F8H.0       PUBLIC        AADR0
  B:00F8H.1       PUBLIC        AADR1
  B:00F8H.2       PUBLIC        AADR2
  D:00E8H         PUBLIC        EIE
  D:00F8H         PUBLIC        ADCCON0
  D:00E1H         PUBLIC        ADCCON1
  D:00C0H         PUBLIC        I2CON
  D:00C8H         PUBLIC        T2CON
  C:0983H         PUBLIC        _GetADCResult
  D:00D0H         PUBLIC        PSW
  -------         PROC          _GETADCRESULT
  D:0007H         SYMBOL        ch
  -------         DO            
  D:0005H         SYMBOL        DataL
  D:0002H         SYMBOL        DataH
  -------         ENDDO         
  C:0983H         LINE#         17
  C:0983H         LINE#         18
  C:0983H         LINE#         19
  C:0984H         LINE#         20
  C:0985H         LINE#         22
  C:098AH         LINE#         23
  C:098AH         LINE#         25
  C:098DH         LINE#         27
  C:098FH         LINE#         28
  C:0991H         LINE#         29
  C:0993H         LINE#         31
  C:0996H         LINE#         33
  C:0998H         LINE#         34
  C:099AH         LINE#         36
  C:099CH         LINE#         37
  C:09A3H         LINE#         39
  C:09A7H         LINE#         40
  C:09B9H         LINE#         42
  C:09BDH         LINE#         43
  C:09BDH         LINE#         45
  C:09C2H         LINE#         46
  C:09C2H         LINE#         48
  C:09C5H         LINE#         51
  C:09C7H         LINE#         52
  C:09C9H         LINE#         53
  C:09CBH         LINE#         55
  C:09CEH         LINE#         57
  C:09D0H         LINE#         58
  C:09D2H         LINE#         60
  C:09D4H         LINE#         61
  C:09DBH         LINE#         63
  C:09E1H         LINE#         64
  C:09F3H         LINE#         66
  C:09F7H         LINE#         67
  C:09F7H         LINE#         69
BL51 BANKED LINKER/LOCATER V6.22                                                      07/27/2015  10:11:48  PAGE 10


  C:09FAH         LINE#         70
  -------         ENDPROC       _GETADCRESULT
  -------         ENDMOD        AD

  -------         MODULE        BATTERY
  C:0000H         SYMBOL        _ICE_DUMMY_
  C:18D9H         PUBLIC        Check_motor_accumulator
  D:0080H         PUBLIC        P0
  D:0090H         PUBLIC        P1
  D:00A0H         PUBLIC        P2
  D:00B0H         PUBLIC        P3
  X:0000H         PUBLIC        Check2_stage
  B:0090H.4       PUBLIC        voice_EN
  D:00A8H         PUBLIC        IE
  D:00B8H         PUBLIC        IP
  C:0631H         PUBLIC        _verifybattery
  D:00D8H         PUBLIC        WDCON0
  D:0098H         PUBLIC        SCON
  D:0088H         PUBLIC        TCON
  D:00E8H         PUBLIC        EIE
  D:00F8H         PUBLIC        ADCCON0
  D:00C0H         PUBLIC        I2CON
  D:00C8H         PUBLIC        T2CON
  D:00D0H         PUBLIC        PSW
  -------         PROC          CHECK_MOTOR_ACCUMULATOR
  C:18D9H         LINE#         22
  C:18D9H         LINE#         23
  C:18D9H         LINE#         25
  C:18E5H         LINE#         26
  -------         ENDPROC       CHECK_MOTOR_ACCUMULATOR
  -------         PROC          _VERIFYBATTERY
  X:0078H         SYMBOL        Check2
  C:0631H         LINE#         33
  C:0638H         LINE#         34
  C:0638H         LINE#         39
  C:0640H         LINE#         40
  C:0640H         LINE#         41
  C:0642H         LINE#         42
  C:0647H         LINE#         43
  C:0649H         LINE#         44
  C:0649H         LINE#         45
  C:064CH         LINE#         47
  C:0664H         LINE#         48
  C:0664H         LINE#         49
  C:0666H         LINE#         50
  C:066BH         LINE#         51
  C:066DH         LINE#         52
  C:066DH         LINE#         53
  C:0670H         LINE#         55
  C:0688H         LINE#         56
  C:0688H         LINE#         57
  C:068AH         LINE#         58
  C:068FH         LINE#         59
  C:0691H         LINE#         60
  C:0691H         LINE#         61
  C:0693H         LINE#         63
  C:06ABH         LINE#         64
BL51 BANKED LINKER/LOCATER V6.22                                                      07/27/2015  10:11:48  PAGE 11


  C:06ABH         LINE#         65
  C:06ADH         LINE#         66
  C:06B2H         LINE#         67
  C:06B4H         LINE#         68
  C:06B4H         LINE#         69
  C:06B6H         LINE#         71
  C:06CEH         LINE#         72
  C:06CEH         LINE#         73
  C:06D0H         LINE#         74
  C:06D5H         LINE#         75
  C:06D7H         LINE#         76
  C:06D7H         LINE#         77
  C:06D9H         LINE#         79
  C:06F1H         LINE#         80
  C:06F1H         LINE#         81
  C:06F3H         LINE#         82
  C:06F8H         LINE#         83
  C:06FDH         LINE#         84
  C:06FFH         LINE#         85
  C:0700H         LINE#         87
  C:070CH         LINE#         88
  C:070CH         LINE#         89
  C:070FH         LINE#         90
  C:070FH         LINE#         247
  -------         ENDPROC       _VERIFYBATTERY
  -------         ENDMOD        BATTERY

  -------         MODULE        COMMUNICATION
  C:0000H         SYMBOL        _ICE_DUMMY_
  C:0BC7H         PUBLIC        receive_byte
  D:0080H         PUBLIC        P0
  D:0090H         PUBLIC        P1
  B:00B0H.0       PUBLIC        receive_wire
  D:00A0H         PUBLIC        P2
  D:00B0H         PUBLIC        P3
  C:119FH         PUBLIC        _ComMode_Data
  C:0D5DH         PUBLIC        _UART_Send_Data
  C:1000H         PUBLIC        receive_word
  D:00A8H         PUBLIC        IE
  C:116BH         PUBLIC        _ComMode_Data_WX
  D:00B8H         PUBLIC        IP
  C:18FDH         PUBLIC        InitTransceiver
  B:0080H.1       PUBLIC        lock_code
  C:0F78H         PUBLIC        _UART_Send_Data_F
  D:00D8H         PUBLIC        WDCON0
  B:0090H.0       PUBLIC        P10
  B:0090H.1       PUBLIC        P11
  C:192DH         PUBLIC        close_tranceiver
  D:0098H         PUBLIC        SCON
  D:0088H         PUBLIC        TCON
  C:0EA1H         PUBLIC        initsignal
  B:00A0H.7       PUBLIC        transmiter_EN
  B:0090H.3       PUBLIC        receiver_EN
  C:1928H         PUBLIC        open_tranceiver
  C:0AE3H         PUBLIC        _send_code_to_lock_Taili
  D:00E8H         PUBLIC        EIE
  B:00A0H.3       PUBLIC        MagentControl_2
BL51 BANKED LINKER/LOCATER V6.22                                                      07/27/2015  10:11:48  PAGE 12


  D:00F8H         PUBLIC        ADCCON0
  D:00C0H         PUBLIC        I2CON
  C:0EE9H         PUBLIC        initsignal_F
  B:00A0H.6       PUBLIC        transmiter_power
  D:00C8H         PUBLIC        T2CON
  C:0CFDH         PUBLIC        _Send_Data
  C:0C31H         PUBLIC        receive_byte_Lock
  B:0090H.0       PUBLIC        TXD
  C:0FBDH         PUBLIC        UART_Send_Data_match
  C:0A70H         PUBLIC        _send_code_to_lock
  D:00D0H         PUBLIC        PSW
  X:0017H         PUBLIC        myTxRxData
  -------         PROC          INITTRANSCEIVER
  C:18FDH         LINE#         38
  C:18FDH         LINE#         39
  C:18FDH         LINE#         40
  C:18FFH         LINE#         41
  C:1901H         LINE#         42
  C:1903H         LINE#         43
  C:1905H         LINE#         44
  -------         ENDPROC       INITTRANSCEIVER
  -------         PROC          INITSIGNAL
  -------         DO            
  X:007AH         SYMBOL        k
  X:007BH         SYMBOL        k1
  X:007CH         SYMBOL        mystartbuffer
  -------         ENDDO         
  C:0EA1H         LINE#         53
  C:0EA1H         LINE#         54
  C:0EA1H         LINE#         56
  C:0EA6H         LINE#         57
  C:0EA9H         LINE#         58
  C:0EA9H         LINE#         59
  C:0EADH         LINE#         60
  C:0EADH         LINE#         61
  C:0EB0H         LINE#         62
  C:0EB0H         LINE#         63
  C:0EB0H         LINE#         64
  C:0EB0H         LINE#         66
  C:0EB0H         LINE#         68
  C:0EB0H         LINE#         69
  C:0EB2H         LINE#         70
  C:0EBBH         LINE#         72
  C:0EBBH         LINE#         73
  C:0EBDH         LINE#         74
  C:0EC3H         LINE#         75
  C:0ECCH         LINE#         77
  C:0ED7H         LINE#         78
  C:0EDCH         LINE#         81
  C:0EE6H         LINE#         82
  C:0EE8H         LINE#         83
  -------         ENDPROC       INITSIGNAL
  -------         PROC          INITSIGNAL_F
  -------         DO            
  X:0001H         SYMBOL        k
  X:0002H         SYMBOL        k1
  X:0003H         SYMBOL        mystartbuffer
BL51 BANKED LINKER/LOCATER V6.22                                                      07/27/2015  10:11:48  PAGE 13


  -------         ENDDO         
  C:0EE9H         LINE#         85
  C:0EE9H         LINE#         86
  C:0EE9H         LINE#         88
  C:0EEEH         LINE#         89
  C:0EF1H         LINE#         90
  C:0EF1H         LINE#         95
  C:0EF5H         LINE#         97
  C:0EF5H         LINE#         98
  C:0EF8H         LINE#         99
  C:0EF8H         LINE#         100
  C:0EF8H         LINE#         101
  C:0EF8H         LINE#         103
  C:0EF8H         LINE#         105
  C:0EF8H         LINE#         106
  C:0EFAH         LINE#         107
  C:0F03H         LINE#         109
  C:0F03H         LINE#         110
  C:0F05H         LINE#         111
  C:0F0BH         LINE#         112
  C:0F14H         LINE#         114
  C:0F1FH         LINE#         115
  C:0F24H         LINE#         118
  C:0F2EH         LINE#         119
  C:0F30H         LINE#         120
  -------         ENDPROC       INITSIGNAL_F
  -------         PROC          _SEND_DATA
  X:0004H         SYMBOL        x
  -------         DO            
  X:0005H         SYMBOL        i
  X:0006H         SYMBOL        n
  -------         ENDDO         
  C:0CFDH         LINE#         126
  C:0D01H         LINE#         127
  C:0D01H         LINE#         129
  C:0D04H         LINE#         130
  C:0D04H         LINE#         131
  C:0D08H         LINE#         132
  C:0D08H         LINE#         133
  C:0D12H         LINE#         134
  C:0D12H         LINE#         135
  C:0D14H         LINE#         136
  C:0D1CH         LINE#         137
  C:0D1EH         LINE#         139
  C:0D1EH         LINE#         140
  C:0D20H         LINE#         141
  C:0D2BH         LINE#         142
  C:0D2BH         LINE#         143
  C:0D2DH         LINE#         144
  C:0D3BH         LINE#         145
  C:0D46H         LINE#         146
  C:0D51H         LINE#         147
  C:0D5CH         LINE#         148
  -------         ENDPROC       _SEND_DATA
  -------         PROC          _COMMODE_DATA
  X:0007H         SYMBOL        ComMode
  X:0008H         SYMBOL        x
BL51 BANKED LINKER/LOCATER V6.22                                                      07/27/2015  10:11:48  PAGE 14


  C:119FH         LINE#         156
  C:11A9H         LINE#         157
  C:11A9H         LINE#         158
  C:11ABH         LINE#         159
  C:11B0H         LINE#         160
  C:11B2H         LINE#         161
  C:11B7H         LINE#         162
  C:11BBH         LINE#         163
  C:11C1H         LINE#         165
  C:11C4H         LINE#         166
  C:11CCH         LINE#         168
  C:11CEH         LINE#         169
  C:11D0H         LINE#         170
  -------         ENDPROC       _COMMODE_DATA
  -------         PROC          _COMMODE_DATA_WX
  X:000AH         SYMBOL        ComMode
  X:000BH         SYMBOL        x
  C:116BH         LINE#         178
  C:1175H         LINE#         179
  C:1175H         LINE#         180
  C:1177H         LINE#         181
  C:117CH         LINE#         182
  C:117EH         LINE#         183
  C:1183H         LINE#         184
  C:1187H         LINE#         185
  C:118DH         LINE#         187
  C:1190H         LINE#         188
  C:1198H         LINE#         190
  C:119AH         LINE#         191
  C:119CH         LINE#         192
  C:119EH         LINE#         193
  -------         ENDPROC       _COMMODE_DATA_WX
  -------         PROC          _UART_SEND_DATA
  X:0078H         SYMBOL        command
  -------         DO            
  X:0079H         SYMBOL        ii
  -------         ENDDO         
  C:0D5DH         LINE#         198
  C:0D61H         LINE#         199
  C:0D61H         LINE#         200
  C:0D64H         LINE#         201
  C:0D67H         LINE#         202
  C:0D6FH         LINE#         203
  C:0D76H         LINE#         204
  C:0D7DH         LINE#         205
  C:0D84H         LINE#         206
  C:0D8BH         LINE#         207
  C:0D91H         LINE#         209
  C:0D94H         LINE#         211
  C:0D98H         LINE#         212
  C:0D98H         LINE#         213
  C:0DA3H         LINE#         214
  C:0DA6H         LINE#         215
  C:0DB1H         LINE#         217
  -------         ENDPROC       _UART_SEND_DATA
  -------         PROC          _UART_SEND_DATA_F
  X:000DH         SYMBOL        command
BL51 BANKED LINKER/LOCATER V6.22                                                      07/27/2015  10:11:48  PAGE 15


  -------         DO            
  X:000EH         SYMBOL        ii
  -------         ENDDO         
  C:0F78H         LINE#         223
  C:0F7CH         LINE#         224
  C:0F7CH         LINE#         225
  C:0F7FH         LINE#         226
  C:0F82H         LINE#         227
  C:0F8AH         LINE#         228
  C:0F91H         LINE#         229
  C:0F98H         LINE#         230
  C:0F9FH         LINE#         231
  C:0FA6H         LINE#         232
  C:0FACH         LINE#         234
  C:0FAFH         LINE#         235
  C:0FBAH         LINE#         237
  -------         ENDPROC       _UART_SEND_DATA_F
  -------         PROC          OPEN_TRANCEIVER
  C:1928H         LINE#         244
  C:1928H         LINE#         245
  C:1928H         LINE#         250
  C:192AH         LINE#         251
  C:192CH         LINE#         252
  -------         ENDPROC       OPEN_TRANCEIVER
  -------         PROC          CLOSE_TRANCEIVER
  C:192DH         LINE#         258
  C:192DH         LINE#         259
  C:192DH         LINE#         261
  C:192FH         LINE#         264
  C:1931H         LINE#         269
  -------         ENDPROC       CLOSE_TRANCEIVER
  -------         PROC          UART_SEND_DATA_MATCH
  C:0FBDH         LINE#         274
  C:0FBDH         LINE#         275
  C:0FBDH         LINE#         276
  C:0FC0H         LINE#         278
  C:0FC5H         LINE#         279
  C:0FC9H         LINE#         280
  C:0FD0H         LINE#         281
  C:0FD7H         LINE#         282
  C:0FDEH         LINE#         283
  C:0FE5H         LINE#         284
  C:0FECH         LINE#         286
  C:0FEFH         LINE#         288
  C:0FFAH         LINE#         289
  C:0FFDH         LINE#         291
  -------         ENDPROC       UART_SEND_DATA_MATCH
  -------         PROC          RECEIVE_BYTE
  C:0BC7H         LINE#         298
  C:0BC7H         LINE#         299
  C:0BC7H         LINE#         301
  C:0BCAH         LINE#         302
  C:0BCAH         LINE#         304
  C:0BD4H         LINE#         305
  C:0BD4H         LINE#         306
  C:0BD6H         LINE#         307
  C:0BD6H         LINE#         308
BL51 BANKED LINKER/LOCATER V6.22                                                      07/27/2015  10:11:48  PAGE 16


  C:0BD8H         LINE#         309
  C:0BD9H         LINE#         312
  C:0BD9H         LINE#         314
  C:0BDCH         LINE#         315
  C:0BDCH         LINE#         317
  C:0BDEH         LINE#         320
  C:0BEDH         LINE#         321
  C:0BEDH         LINE#         323
  C:0BF3H         LINE#         324
  C:0BF5H         LINE#         325
  C:0BF5H         LINE#         326
  C:0BF5H         LINE#         327
  C:0BF7H         LINE#         329
  C:0BFFH         LINE#         330
  C:0BFFH         LINE#         332
  C:0C05H         LINE#         333
  C:0C08H         LINE#         334
  C:0C0DH         LINE#         335
  C:0C11H         LINE#         336
  C:0C13H         LINE#         338
  C:0C13H         LINE#         340
  C:0C18H         LINE#         341
  C:0C18H         LINE#         343
  C:0C1CH         LINE#         344
  C:0C1DH         LINE#         346
  C:0C1DH         LINE#         348
  C:0C27H         LINE#         349
  C:0C27H         LINE#         350
  C:0C2BH         LINE#         351
  C:0C2DH         LINE#         352
  C:0C30H         LINE#         353
  C:0C30H         LINE#         354
  C:0C30H         LINE#         355
  C:0C30H         LINE#         356
  -------         ENDPROC       RECEIVE_BYTE
  -------         PROC          RECEIVE_BYTE_LOCK
  C:0C31H         LINE#         362
  C:0C31H         LINE#         363
  C:0C31H         LINE#         365
  C:0C34H         LINE#         366
  C:0C34H         LINE#         368
  C:0C3EH         LINE#         369
  C:0C3EH         LINE#         370
  C:0C40H         LINE#         371
  C:0C40H         LINE#         372
  C:0C42H         LINE#         373
  C:0C43H         LINE#         376
  C:0C43H         LINE#         378
  C:0C46H         LINE#         379
  C:0C46H         LINE#         381
  C:0C48H         LINE#         384
  C:0C57H         LINE#         385
  C:0C57H         LINE#         387
  C:0C5DH         LINE#         388
  C:0C5FH         LINE#         389
  C:0C5FH         LINE#         390
  C:0C5FH         LINE#         391
BL51 BANKED LINKER/LOCATER V6.22                                                      07/27/2015  10:11:48  PAGE 17


  C:0C61H         LINE#         393
  C:0C69H         LINE#         394
  C:0C69H         LINE#         396
  C:0C6FH         LINE#         397
  C:0C72H         LINE#         398
  C:0C77H         LINE#         399
  C:0C7BH         LINE#         400
  C:0C7DH         LINE#         402
  C:0C7DH         LINE#         404
  C:0C82H         LINE#         405
  C:0C82H         LINE#         407
  C:0C86H         LINE#         408
  C:0C87H         LINE#         410
  C:0C87H         LINE#         412
  C:0C91H         LINE#         413
  C:0C91H         LINE#         414
  C:0C95H         LINE#         415
  C:0C97H         LINE#         416
  C:0C9AH         LINE#         417
  C:0C9AH         LINE#         418
  C:0C9AH         LINE#         419
  C:0C9AH         LINE#         420
  -------         ENDPROC       RECEIVE_BYTE_LOCK
  -------         PROC          RECEIVE_WORD
  C:1000H         LINE#         426
  C:1000H         LINE#         427
  C:1000H         LINE#         429
  C:1007H         LINE#         430
  C:1007H         LINE#         431
  C:1008H         LINE#         433
  C:1015H         LINE#         436
  C:101EH         LINE#         437
  C:101EH         LINE#         438
  C:1023H         LINE#         439
  C:1024H         LINE#         441
  C:102EH         LINE#         442
  C:102EH         LINE#         443
  C:1033H         LINE#         444
  C:1034H         LINE#         445
  C:1038H         LINE#         446
  C:1038H         LINE#         447
  C:103AH         LINE#         448
  C:103AH         LINE#         449
  C:103CH         LINE#         451
  C:103CH         LINE#         452
  C:1040H         LINE#         453
  C:1040H         LINE#         454
  C:1040H         LINE#         455
  -------         ENDPROC       RECEIVE_WORD
  -------         PROC          _SEND_CODE_TO_LOCK
  D:0007H         SYMBOL        x
  X:000FH         SYMBOL        y
  -------         DO            
  X:0011H         SYMBOL        i
  X:0012H         SYMBOL        n
  -------         ENDDO         
  C:0A70H         LINE#         462
BL51 BANKED LINKER/LOCATER V6.22                                                      07/27/2015  10:11:48  PAGE 18


  C:0A77H         LINE#         463
  C:0A77H         LINE#         465
  C:0A7CH         LINE#         466
  C:0A80H         LINE#         467
  C:0A83H         LINE#         473
  C:0A87H         LINE#         474
  C:0A87H         LINE#         475
  C:0A8BH         LINE#         476
  C:0A8BH         LINE#         477
  C:0A95H         LINE#         478
  C:0A95H         LINE#         479
  C:0A97H         LINE#         480
  C:0AA0H         LINE#         481
  C:0AA2H         LINE#         483
  C:0AA2H         LINE#         484
  C:0AA4H         LINE#         485
  C:0AB0H         LINE#         486
  C:0AB0H         LINE#         487
  C:0AB2H         LINE#         488
  C:0AC0H         LINE#         489
  C:0ACCH         LINE#         490
  C:0AD7H         LINE#         491
  C:0AE2H         LINE#         492
  -------         ENDPROC       _SEND_CODE_TO_LOCK
  -------         PROC          _SEND_CODE_TO_LOCK_TAILI
  D:0007H         SYMBOL        x
  X:0013H         SYMBOL        y
  -------         DO            
  X:0015H         SYMBOL        i
  X:0016H         SYMBOL        n
  -------         ENDDO         
  C:0AE3H         LINE#         499
  C:0AEAH         LINE#         500
  C:0AEAH         LINE#         502
  C:0AEFH         LINE#         503
  C:0AF3H         LINE#         504
  C:0AF6H         LINE#         510
  C:0AFAH         LINE#         511
  C:0AFAH         LINE#         512
  C:0AFEH         LINE#         513
  C:0AFEH         LINE#         514
  C:0B08H         LINE#         515
  C:0B08H         LINE#         516
  C:0B0AH         LINE#         517
  C:0B13H         LINE#         518
  C:0B15H         LINE#         520
  C:0B15H         LINE#         521
  C:0B17H         LINE#         522
  C:0B23H         LINE#         523
  C:0B23H         LINE#         524
  C:0B25H         LINE#         525
  C:0B33H         LINE#         526
  C:0B3FH         LINE#         527
  C:0B4AH         LINE#         528
  C:0B55H         LINE#         529
  -------         ENDPROC       _SEND_CODE_TO_LOCK_TAILI
  -------         ENDMOD        COMMUNICATION
BL51 BANKED LINKER/LOCATER V6.22                                                      07/27/2015  10:11:48  PAGE 19



  -------         MODULE        DELAY
  C:0000H         SYMBOL        _ICE_DUMMY_
  D:0080H         PUBLIC        P0
  D:0090H         PUBLIC        P1
  D:00A0H         PUBLIC        P2
  D:00B0H         PUBLIC        P3
  X:0020H         PUBLIC        Timeout_loop
  D:00A8H         PUBLIC        IE
  C:158FH         PUBLIC        Delay_10ms
  C:15A9H         PUBLIC        Delay_12ms
  C:15C3H         PUBLIC        Delay_50ms
  D:00B8H         PUBLIC        IP
  B:0090H.2       PUBLIC        magnet_overcurrent
  D:00D8H         PUBLIC        WDCON0
  C:10C1H         PUBLIC        _Magnet_Delay
  D:0098H         PUBLIC        SCON
  D:0088H         PUBLIC        TCON
  C:15DDH         PUBLIC        Delay_100ms
  C:15F7H         PUBLIC        Delay_500ms
  C:1082H         PUBLIC        _Custom_Delay
  C:14C9H         PUBLIC        _delay_ms
  D:00E8H         PUBLIC        EIE
  D:00F8H         PUBLIC        ADCCON0
  C:162BH         PUBLIC        _delay_us
  D:00C0H         PUBLIC        I2CON
  C:155BH         PUBLIC        Delay_1ms
  D:00C8H         PUBLIC        T2CON
  C:1575H         PUBLIC        Delay_5ms
  C:1674H         PUBLIC        _Delay
  D:00D0H         PUBLIC        PSW
  -------         PROC          DELAY_1MS
  C:155BH         LINE#         15
  C:155BH         LINE#         16
  C:155BH         LINE#         17
  C:1564H         LINE#         20
  C:1574H         LINE#         21
  -------         ENDPROC       DELAY_1MS
  -------         PROC          DELAY_5MS
  C:1575H         LINE#         23
  C:1575H         LINE#         24
  C:1575H         LINE#         25
  C:157EH         LINE#         28
  C:158EH         LINE#         29
  -------         ENDPROC       DELAY_5MS
  -------         PROC          DELAY_10MS
  C:158FH         LINE#         31
  C:158FH         LINE#         32
  C:158FH         LINE#         33
  C:1598H         LINE#         36
  C:15A8H         LINE#         37
  -------         ENDPROC       DELAY_10MS
  -------         PROC          DELAY_12MS
  C:15A9H         LINE#         39
  C:15A9H         LINE#         40
  C:15A9H         LINE#         41
  C:15B2H         LINE#         44
BL51 BANKED LINKER/LOCATER V6.22                                                      07/27/2015  10:11:48  PAGE 20


  C:15C2H         LINE#         45
  -------         ENDPROC       DELAY_12MS
  -------         PROC          DELAY_50MS
  C:15C3H         LINE#         48
  C:15C3H         LINE#         49
  C:15C3H         LINE#         50
  C:15CCH         LINE#         53
  C:15DCH         LINE#         54
  -------         ENDPROC       DELAY_50MS
  -------         PROC          DELAY_100MS
  C:15DDH         LINE#         57
  C:15DDH         LINE#         58
  C:15DDH         LINE#         59
  C:15E6H         LINE#         62
  C:15F6H         LINE#         63
  -------         ENDPROC       DELAY_100MS
  -------         PROC          DELAY_500MS
  C:15F7H         LINE#         66
  C:15F7H         LINE#         67
  C:15F7H         LINE#         68
  C:1600H         LINE#         71
  C:1610H         LINE#         72
  -------         ENDPROC       DELAY_500MS
  -------         PROC          _DELAY
  D:0007H         SYMBOL        n
  -------         DO            
  D:0004H         SYMBOL        x
  -------         ENDDO         
  C:1674H         LINE#         79
  C:1674H         LINE#         80
  C:1674H         LINE#         82
  C:167AH         LINE#         83
  C:167AH         LINE#         84
  C:167EH         LINE#         85
  C:168AH         LINE#         87
  -------         ENDPROC       _DELAY
  -------         PROC          _CUSTOM_DELAY
  D:0007H         SYMBOL        t
  X:007DH         SYMBOL        m
  -------         DO            
  X:007FH         SYMBOL        i
  D:0006H         SYMBOL        j
  -------         ENDDO         
  C:1082H         LINE#         93
  C:1089H         LINE#         94
  C:1089H         LINE#         97
  C:109BH         LINE#         98
  C:10C0H         LINE#         99
  -------         ENDPROC       _CUSTOM_DELAY
  -------         PROC          _DELAY_MS
  D:0006H         SYMBOL        count
  -------         DO            
  D:0004H         SYMBOL        i
  D:0002H         SYMBOL        j
  -------         ENDDO         
  C:14C9H         LINE#         106
  C:14C9H         LINE#         107
BL51 BANKED LINKER/LOCATER V6.22                                                      07/27/2015  10:11:48  PAGE 21


  C:14C9H         LINE#         109
  C:14D3H         LINE#         110
  C:14D3H         LINE#         111
  C:14E1H         LINE#         112
  C:14E8H         LINE#         113
  -------         ENDPROC       _DELAY_MS
  -------         PROC          _DELAY_US
  D:0006H         SYMBOL        count1
  -------         DO            
  D:0004H         SYMBOL        i
  D:0003H         SYMBOL        j
  -------         ENDDO         
  C:162BH         LINE#         121
  C:162BH         LINE#         122
  C:162BH         LINE#         125
  C:1635H         LINE#         126
  C:1635H         LINE#         127
  C:163CH         LINE#         128
  C:1643H         LINE#         129
  -------         ENDPROC       _DELAY_US
  -------         PROC          _MAGNET_DELAY
  X:001EH         SYMBOL        x
  D:0004H         SYMBOL        y
  -------         DO            
  D:0001H         SYMBOL        i
  D:0002H         SYMBOL        j
  -------         ENDDO         
  C:10C1H         LINE#         135
  C:10C8H         LINE#         136
  C:10C8H         LINE#         139
  C:10CAH         LINE#         140
  C:10CAH         LINE#         141
  C:10DEH         LINE#         142
  C:10E3H         LINE#         143
  C:10E5H         LINE#         144
  C:10E5H         LINE#         146
  C:10E8H         LINE#         147
  C:10E8H         LINE#         148
  C:10F9H         LINE#         149
  C:10F9H         LINE#         151
  C:10F9H         LINE#         153
  C:10F9H         LINE#         154
  C:10FEH         LINE#         155
  -------         ENDPROC       _MAGNET_DELAY
  -------         ENDMOD        DELAY

  -------         MODULE        OPERATION
  C:0000H         SYMBOL        _ICE_DUMMY_
  D:0080H         PUBLIC        P0
  D:0090H         PUBLIC        P1
  B:0080H.3       PUBLIC        fell_sensor_detect
  D:00A0H         PUBLIC        P2
  D:00B0H         PUBLIC        P3
  D:00A8H         PUBLIC        IE
  B:0024H.4       PUBLIC        sensor_EN
  C:12C7H         PUBLIC        Detect_vibration
  C:18F2H         PUBLIC        InitSensor
BL51 BANKED LINKER/LOCATER V6.22                                                      07/27/2015  10:11:48  PAGE 22


  D:00B8H         PUBLIC        IP
  C:1764H         PUBLIC        Reset_after_wirebroken
  B:0080H.1       PUBLIC        wire_broken
  C:16CEH         PUBLIC        Batstolen_Alarm_to_Slave
  C:14E9H         PUBLIC        Reset_after_stolen_alarming
  D:00D8H         PUBLIC        WDCON0
  D:0098H         PUBLIC        SCON
  D:0088H         PUBLIC        TCON
  C:1350H         PUBLIC        Detect_close_action
  C:141EH         PUBLIC        slave_nearby_operation
  B:00A0H.5       PUBLIC        key_rotate
  C:1324H         PUBLIC        Detect_wheel_moving
  C:1906H         PUBLIC        Disable_sensor_after_IDcert
  B:0080H.7       PUBLIC        horizontal_sensor
  D:00E8H         PUBLIC        EIE
  C:13A6H         PUBLIC        Detect_open_action
  B:0080H.2       PUBLIC        wheeled_rotate
  B:0080H.4       PUBLIC        raised_sensor_detect
  D:00F8H         PUBLIC        ADCCON0
  C:14A8H         PUBLIC        Ensensor_after_slave_away
  D:00C0H         PUBLIC        I2CON
  C:1525H         PUBLIC        ENsensor_After_Close
  C:07D5H         PUBLIC        Detect_selflearn_action
  C:1442H         PUBLIC        ENsensor_afterIDcert
  D:00C8H         PUBLIC        T2CON
  C:13F8H         PUBLIC        SelfLearn_Reset
  C:16B8H         PUBLIC        Raise_Alarm_to_Slave
  C:12F6H         PUBLIC        slave_away_operation
  B:0024H.5       PUBLIC        enable_sensor_delayEN
  C:16A2H         PUBLIC        Fell_Alarm_to_Slave
  D:00D0H         PUBLIC        PSW
  B:0080H.0       PUBLIC        sensor_detect
  C:1644H         PUBLIC        Host_stolen_action
  -------         PROC          SLAVE_AWAY_OPERATION
  C:12F6H         LINE#         89
  C:12F6H         LINE#         90
  C:12F6H         LINE#         91
  C:12F9H         LINE#         92
  C:12F9H         LINE#         93
  C:12FCH         LINE#         94
  C:130CH         LINE#         95
  C:130FH         LINE#         99
  C:130FH         LINE#         101
  C:1311H         LINE#         102
  C:1315H         LINE#         104
  C:131AH         LINE#         105
  C:131EH         LINE#         107
  C:1321H         LINE#         108
  C:1323H         LINE#         109
  -------         ENDPROC       SLAVE_AWAY_OPERATION
  -------         PROC          SLAVE_NEARBY_OPERATION
  C:141EH         LINE#         115
  C:141EH         LINE#         116
  C:141EH         LINE#         117
  C:1420H         LINE#         119
  C:1422H         LINE#         120
  C:1426H         LINE#         121
BL51 BANKED LINKER/LOCATER V6.22                                                      07/27/2015  10:11:48  PAGE 23


  C:1428H         LINE#         122
  C:142BH         LINE#         124
  C:142EH         LINE#         125
  C:142EH         LINE#         126
  C:1431H         LINE#         127
  C:1434H         LINE#         128
  C:143EH         LINE#         129
  C:1441H         LINE#         130
  C:1441H         LINE#         131
  -------         ENDPROC       SLAVE_NEARBY_OPERATION
  -------         PROC          INITSENSOR
  C:18F2H         LINE#         137
  C:18F2H         LINE#         138
  C:18F2H         LINE#         139
  C:18F4H         LINE#         140
  C:18F6H         LINE#         141
  C:18F8H         LINE#         142
  C:18FAH         LINE#         143
  C:18FCH         LINE#         144
  -------         ENDPROC       INITSENSOR
  -------         PROC          HOST_STOLEN_ACTION
  C:1644H         LINE#         150
  C:1644H         LINE#         151
  C:1644H         LINE#         153
  C:1647H         LINE#         154
  C:1647H         LINE#         155
  C:1649H         LINE#         157
  C:164CH         LINE#         159
  C:164FH         LINE#         160
  C:164FH         LINE#         161
  C:1651H         LINE#         162
  C:1653H         LINE#         164
  C:1653H         LINE#         165
  C:1658H         LINE#         166
  C:1658H         LINE#         168
  C:165BH         LINE#         169
  C:165BH         LINE#         170
  -------         ENDPROC       HOST_STOLEN_ACTION
  -------         PROC          ENSENSOR_AFTERIDCERT
  C:1442H         LINE#         177
  C:1442H         LINE#         178
  C:1442H         LINE#         179
  C:1445H         LINE#         180
  C:1445H         LINE#         182
  C:144FH         LINE#         183
  C:144FH         LINE#         184
  C:1451H         LINE#         185
  C:1453H         LINE#         186
  C:1456H         LINE#         189
  C:145EH         LINE#         190
  C:145EH         LINE#         191
  C:1461H         LINE#         192
  C:1461H         LINE#         193
  C:1463H         LINE#         195
  C:1463H         LINE#         196
  C:1463H         LINE#         197
  -------         ENDPROC       ENSENSOR_AFTERIDCERT
BL51 BANKED LINKER/LOCATER V6.22                                                      07/27/2015  10:11:48  PAGE 24


  -------         PROC          ENSENSOR_AFTER_CLOSE
  C:1525H         LINE#         202
  C:1525H         LINE#         203
  C:1525H         LINE#         204
  C:152BH         LINE#         205
  C:152BH         LINE#         206
  C:1535H         LINE#         207
  C:1535H         LINE#         208
  C:1537H         LINE#         209
  C:1539H         LINE#         210
  C:153CH         LINE#         211
  C:153FH         LINE#         212
  C:153FH         LINE#         213
  C:153FH         LINE#         214
  -------         ENDPROC       ENSENSOR_AFTER_CLOSE
  -------         PROC          SELFLEARN_RESET
  C:13F8H         LINE#         220
  C:13F8H         LINE#         221
  C:13F8H         LINE#         222
  C:13FBH         LINE#         223
  C:13FBH         LINE#         224
  C:1405H         LINE#         225
  C:1405H         LINE#         226
  C:1407H         LINE#         227
  C:1409H         LINE#         229
  C:140EH         LINE#         230
  C:1413H         LINE#         231
  C:1415H         LINE#         232
  C:1417H         LINE#         233
  C:1419H         LINE#         234
  C:141BH         LINE#         235
  C:141DH         LINE#         236
  C:141DH         LINE#         237
  C:141DH         LINE#         238
  -------         ENDPROC       SELFLEARN_RESET
  -------         PROC          FELL_ALARM_TO_SLAVE
  C:16A2H         LINE#         244
  C:16A2H         LINE#         245
  C:16A2H         LINE#         246
  C:16ADH         LINE#         247
  C:16ADH         LINE#         248
  C:16B2H         LINE#         249
  C:16B7H         LINE#         250
  C:16B7H         LINE#         251
  -------         ENDPROC       FELL_ALARM_TO_SLAVE
  -------         PROC          RAISE_ALARM_TO_SLAVE
  C:16B8H         LINE#         257
  C:16B8H         LINE#         258
  C:16B8H         LINE#         259
  C:16C3H         LINE#         260
  C:16C3H         LINE#         261
  C:16C8H         LINE#         262
  C:16CDH         LINE#         263
  C:16CDH         LINE#         264
  -------         ENDPROC       RAISE_ALARM_TO_SLAVE
  -------         PROC          BATSTOLEN_ALARM_TO_SLAVE
  C:16CEH         LINE#         270
BL51 BANKED LINKER/LOCATER V6.22                                                      07/27/2015  10:11:48  PAGE 25


  C:16CEH         LINE#         271
  C:16CEH         LINE#         272
  C:16D9H         LINE#         273
  C:16D9H         LINE#         274
  C:16DEH         LINE#         275
  C:16E3H         LINE#         276
  C:16E3H         LINE#         277
  -------         ENDPROC       BATSTOLEN_ALARM_TO_SLAVE
  -------         PROC          DISABLE_SENSOR_AFTER_IDCERT
  C:1906H         LINE#         282
  C:1906H         LINE#         283
  C:1906H         LINE#         284
  C:1909H         LINE#         285
  C:1909H         LINE#         286
  C:190BH         LINE#         288
  C:190EH         LINE#         289
  C:190EH         LINE#         290
  -------         ENDPROC       DISABLE_SENSOR_AFTER_IDCERT
  -------         PROC          RESET_AFTER_WIREBROKEN
  C:1764H         LINE#         295
  C:1764H         LINE#         296
  C:1764H         LINE#         297
  C:1767H         LINE#         298
  C:1767H         LINE#         299
  C:1769H         LINE#         300
  C:176DH         LINE#         301
  C:176FH         LINE#         302
  C:1771H         LINE#         303
  C:1773H         LINE#         304
  C:1773H         LINE#         305
  -------         ENDPROC       RESET_AFTER_WIREBROKEN
  -------         PROC          RESET_AFTER_STOLEN_ALARMING
  C:14E9H         LINE#         311
  C:14E9H         LINE#         312
  C:14E9H         LINE#         313
  C:14ECH         LINE#         314
  C:14ECH         LINE#         315
  C:14F6H         LINE#         316
  C:14F6H         LINE#         317
  C:14FAH         LINE#         318
  C:14FCH         LINE#         319
  C:14FEH         LINE#         320
  C:1500H         LINE#         321
  C:1503H         LINE#         322
  C:1506H         LINE#         323
  C:1506H         LINE#         324
  C:1506H         LINE#         325
  -------         ENDPROC       RESET_AFTER_STOLEN_ALARMING
  -------         PROC          ENSENSOR_AFTER_SLAVE_AWAY
  C:14A8H         LINE#         330
  C:14A8H         LINE#         331
  C:14A8H         LINE#         332
  C:14B1H         LINE#         333
  C:14B1H         LINE#         334
  C:14BBH         LINE#         335
  C:14BBH         LINE#         336
  C:14BEH         LINE#         337
BL51 BANKED LINKER/LOCATER V6.22                                                      07/27/2015  10:11:48  PAGE 26


  C:14C0H         LINE#         338
  C:14C2H         LINE#         339
  C:14C5H         LINE#         340
  C:14C8H         LINE#         341
  C:14C8H         LINE#         342
  C:14C8H         LINE#         343
  -------         ENDPROC       ENSENSOR_AFTER_SLAVE_AWAY
  -------         PROC          DETECT_SELFLEARN_ACTION
  C:07D5H         LINE#         348
  C:07D5H         LINE#         349
  C:07D5H         LINE#         350
  C:07DBH         LINE#         351
  C:07DBH         LINE#         352
  C:07DEH         LINE#         353
  C:07DEH         LINE#         354
  C:07E4H         LINE#         356
  C:07FBH         LINE#         357
  C:07FBH         LINE#         358
  C:0802H         LINE#         359
  C:0804H         LINE#         360
  C:0806H         LINE#         361
  C:0808H         LINE#         362
  C:080AH         LINE#         363
  C:080CH         LINE#         364
  C:080EH         LINE#         366
  C:080EH         LINE#         367
  C:0810H         LINE#         368
  C:0813H         LINE#         369
  C:0815H         LINE#         370
  C:0818H         LINE#         371
  C:081AH         LINE#         372
  C:081AH         LINE#         373
  C:081CH         LINE#         375
  C:081CH         LINE#         376
  C:0822H         LINE#         378
  C:0825H         LINE#         379
  C:0827H         LINE#         381
  C:082AH         LINE#         382
  C:082CH         LINE#         384
  C:082FH         LINE#         385
  C:082FH         LINE#         386
  C:0831H         LINE#         387
  C:0833H         LINE#         388
  C:0836H         LINE#         389
  C:0836H         LINE#         391
  C:084DH         LINE#         392
  C:084DH         LINE#         393
  C:0854H         LINE#         394
  C:0856H         LINE#         395
  C:0858H         LINE#         396
  C:085AH         LINE#         397
  C:085CH         LINE#         398
  C:085EH         LINE#         399
  C:0860H         LINE#         400
  C:0860H         LINE#         401
  C:0860H         LINE#         402
  C:0860H         LINE#         404
BL51 BANKED LINKER/LOCATER V6.22                                                      07/27/2015  10:11:48  PAGE 27


  C:0863H         LINE#         405
  C:0863H         LINE#         406
  C:0865H         LINE#         407
  C:0867H         LINE#         408
  C:0869H         LINE#         409
  C:086BH         LINE#         410
  C:086DH         LINE#         411
  C:086FH         LINE#         412
  C:0871H         LINE#         413
  C:0873H         LINE#         415
  C:0876H         LINE#         417
  C:0879H         LINE#         422
  C:0879H         LINE#         423
  -------         ENDPROC       DETECT_SELFLEARN_ACTION
  -------         PROC          DETECT_OPEN_ACTION
  C:13A6H         LINE#         428
  C:13A6H         LINE#         429
  C:13A6H         LINE#         431
  C:13B1H         LINE#         432
  C:13B1H         LINE#         433
  C:13B4H         LINE#         434
  C:13B9H         LINE#         435
  C:13BBH         LINE#         437
  C:13BFH         LINE#         438
  C:13C1H         LINE#         439
  C:13C4H         LINE#         440
  C:13C6H         LINE#         441
  C:13C9H         LINE#         442
  C:13CCH         LINE#         444
  C:13CEH         LINE#         445
  C:13CEH         LINE#         446
  -------         ENDPROC       DETECT_OPEN_ACTION
  -------         PROC          DETECT_CLOSE_ACTION
  C:1350H         LINE#         451
  C:1350H         LINE#         452
  C:1350H         LINE#         453
  C:135DH         LINE#         454
  C:135DH         LINE#         455
  C:1363H         LINE#         456
  C:1363H         LINE#         457
  C:1366H         LINE#         458
  C:136CH         LINE#         459
  C:136CH         LINE#         460
  C:136FH         LINE#         462
  C:1373H         LINE#         463
  C:1376H         LINE#         464
  C:1378H         LINE#         465
  C:137AH         LINE#         466
  C:137AH         LINE#         467
  C:137AH         LINE#         468
  C:137AH         LINE#         469
  -------         ENDPROC       DETECT_CLOSE_ACTION
  -------         PROC          DETECT_VIBRATION
  C:12C7H         LINE#         474
  C:12C7H         LINE#         475
  C:12C7H         LINE#         476
  C:12CDH         LINE#         477
BL51 BANKED LINKER/LOCATER V6.22                                                      07/27/2015  10:11:48  PAGE 28


  C:12CDH         LINE#         478
  C:12CFH         LINE#         479
  C:12D5H         LINE#         480
  C:12D5H         LINE#         481
  C:12D8H         LINE#         482
  C:12D8H         LINE#         483
  C:12EFH         LINE#         484
  C:12EFH         LINE#         485
  C:12F1H         LINE#         486
  C:12F5H         LINE#         487
  C:12F5H         LINE#         488
  C:12F5H         LINE#         489
  -------         ENDPROC       DETECT_VIBRATION
  -------         PROC          DETECT_WHEEL_MOVING
  C:1324H         LINE#         494
  C:1324H         LINE#         495
  C:1324H         LINE#         496
  C:1327H         LINE#         497
  C:1327H         LINE#         498
  C:1329H         LINE#         499
  C:132FH         LINE#         500
  C:132FH         LINE#         501
  C:1332H         LINE#         502
  C:1332H         LINE#         503
  C:1349H         LINE#         504
  C:1349H         LINE#         505
  C:134BH         LINE#         506
  C:134FH         LINE#         507
  C:134FH         LINE#         508
  C:134FH         LINE#         509
  -------         ENDPROC       DETECT_WHEEL_MOVING
  -------         ENDMOD        OPERATION

  -------         MODULE        OTHER
  C:0000H         SYMBOL        _ICE_DUMMY_
  D:0080H         PUBLIC        P0
  D:0090H         PUBLIC        P1
  D:00A0H         PUBLIC        P2
  D:00B0H         PUBLIC        P3
  D:00A8H         PUBLIC        IE
  C:18BDH         PUBLIC        _magnet_ACW_Taili
  B:00A0H.4       PUBLIC        Moto_EN
  D:00B8H         PUBLIC        IP
  D:00D8H         PUBLIC        WDCON0
  D:0098H         PUBLIC        SCON
  D:0088H         PUBLIC        TCON
  C:0003H         PUBLIC        Moto_Vibration
  C:18AFH         PUBLIC        _magnet_ACW
  C:18E6H         PUBLIC        Enable_sensor
  C:1266H         PUBLIC        _magnet_CW_Taili
  D:00E8H         PUBLIC        EIE
  C:0F31H         PUBLIC        disable_sensor
  B:00A0H.2       PUBLIC        MagentControl_1
  B:00A0H.3       PUBLIC        MagentControl_2
  D:00F8H         PUBLIC        ADCCON0
  D:00C0H         PUBLIC        I2CON
  D:00C8H         PUBLIC        T2CON
BL51 BANKED LINKER/LOCATER V6.22                                                      07/27/2015  10:11:48  PAGE 29


  C:1235H         PUBLIC        _magnet_CW
  D:00D0H         PUBLIC        PSW
  B:0080H.5       PUBLIC        Externalmotor
  -------         PROC          _MAGNET_CW
  X:0022H         SYMBOL        x
  X:0024H         SYMBOL        y
  D:0003H         SYMBOL        z
  C:1235H         LINE#         44
  C:1242H         LINE#         45
  C:1242H         LINE#         47
  C:124BH         LINE#         49
  C:124DH         LINE#         50
  C:124FH         LINE#         51
  C:125FH         LINE#         52
  C:1261H         LINE#         53
  C:1263H         LINE#         54
  C:1265H         LINE#         55
  -------         ENDPROC       _MAGNET_CW
  -------         PROC          _MAGNET_CW_TAILI
  X:0026H         SYMBOL        x
  X:0028H         SYMBOL        y
  D:0003H         SYMBOL        z
  C:1266H         LINE#         61
  C:1273H         LINE#         62
  C:1273H         LINE#         64
  C:127CH         LINE#         66
  C:127EH         LINE#         67
  C:1280H         LINE#         68
  C:1290H         LINE#         69
  C:1292H         LINE#         70
  C:1294H         LINE#         71
  C:1296H         LINE#         72
  -------         ENDPROC       _MAGNET_CW_TAILI
  -------         PROC          _MAGNET_ACW
  D:0006H         SYMBOL        x
  D:0004H         SYMBOL        y
  C:18AFH         LINE#         78
  C:18AFH         LINE#         79
  C:18AFH         LINE#         80
  C:18B1H         LINE#         81
  C:18B3H         LINE#         82
  C:18B5H         LINE#         83
  C:18B8H         LINE#         84
  C:18BAH         LINE#         85
  C:18BCH         LINE#         86
  -------         ENDPROC       _MAGNET_ACW
  -------         PROC          _MAGNET_ACW_TAILI
  D:0006H         SYMBOL        x
  D:0004H         SYMBOL        y
  C:18BDH         LINE#         92
  C:18BDH         LINE#         93
  C:18BDH         LINE#         94
  C:18BFH         LINE#         95
  C:18C1H         LINE#         96
  C:18C3H         LINE#         97
  C:18C6H         LINE#         98
  C:18C8H         LINE#         99
BL51 BANKED LINKER/LOCATER V6.22                                                      07/27/2015  10:11:48  PAGE 30


  C:18CAH         LINE#         100
  -------         ENDPROC       _MAGNET_ACW_TAILI
  -------         PROC          DISABLE_SENSOR
  C:0F31H         LINE#         106
  C:0F31H         LINE#         107
  C:0F31H         LINE#         109
  C:0F33H         LINE#         110
  C:0F35H         LINE#         112
  C:0F37H         LINE#         113
  C:0F39H         LINE#         114
  C:0F3DH         LINE#         115
  C:0F40H         LINE#         116
  C:0F43H         LINE#         117
  C:0F48H         LINE#         118
  C:0F4DH         LINE#         119
  C:0F52H         LINE#         120
  C:0F55H         LINE#         121
  C:0F58H         LINE#         122
  C:0F5AH         LINE#         123
  C:0F5CH         LINE#         124
  C:0F5EH         LINE#         125
  C:0F61H         LINE#         126
  C:0F63H         LINE#         127
  C:0F66H         LINE#         129
  C:0F68H         LINE#         132
  C:0F6BH         LINE#         133
  C:0F6DH         LINE#         135
  C:0F6FH         LINE#         136
  C:0F72H         LINE#         138
  C:0F74H         LINE#         139
  C:0F77H         LINE#         140
  -------         ENDPROC       DISABLE_SENSOR
  -------         PROC          ENABLE_SENSOR
  C:18E6H         LINE#         146
  C:18E6H         LINE#         147
  C:18E6H         LINE#         149
  C:18E8H         LINE#         150
  C:18EAH         LINE#         153
  C:18EEH         LINE#         154
  C:18F1H         LINE#         155
  -------         ENDPROC       ENABLE_SENSOR
  -------         PROC          MOTO_VIBRATION
  C:0003H         LINE#         161
  C:0003H         LINE#         162
  C:0003H         LINE#         163
  C:0005H         LINE#         164
  C:0008H         LINE#         165
  C:000AH         LINE#         166
  -------         ENDPROC       MOTO_VIBRATION
  -------         ENDMOD        OTHER

  -------         MODULE        PWM
  C:0000H         SYMBOL        _ICE_DUMMY_
  D:0080H         PUBLIC        P0
  D:0090H         PUBLIC        P1
  D:00A0H         PUBLIC        P2
  D:00B0H         PUBLIC        P3
BL51 BANKED LINKER/LOCATER V6.22                                                      07/27/2015  10:11:48  PAGE 31


  D:00DCH         PUBLIC        PWMCON0
  D:00D1H         PUBLIC        PWMPH
  D:00A8H         PUBLIC        IE
  D:00D9H         PUBLIC        PWMPL
  C:0C9BH         PUBLIC        _PWM_Channel
  D:00B8H         PUBLIC        IP
  C:1918H         PUBLIC        myPwm
  D:00D8H         PUBLIC        WDCON0
  D:0098H         PUBLIC        SCON
  D:0088H         PUBLIC        TCON
  D:00E8H         PUBLIC        EIE
  D:00F8H         PUBLIC        ADCCON0
  D:00C0H         PUBLIC        I2CON
  X:002AH         PUBLIC        PWM_shadow
  D:00C8H         PUBLIC        T2CON
  C:165CH         PUBLIC        Init_PWM
  D:00D2H         PUBLIC        PWM0H
  D:00D3H         PUBLIC        PWM1H
  D:00D5H         PUBLIC        PWM2H
  D:00D6H         PUBLIC        PWM3H
  D:00DAH         PUBLIC        PWM0L
  D:00DBH         PUBLIC        PWM1L
  D:00DDH         PUBLIC        PWM2L
  D:00DEH         PUBLIC        PWM3L
  D:00D0H         PUBLIC        PSW
  -------         PROC          INIT_PWM
  C:165CH         LINE#         19
  C:165CH         LINE#         20
  C:165CH         LINE#         22
  C:165FH         LINE#         24
  C:1667H         LINE#         26
  C:1670H         LINE#         27
  C:1673H         LINE#         28
  -------         ENDPROC       INIT_PWM
  -------         PROC          _PWM_CHANNEL
  D:0007H         SYMBOL        Channel
  C:0C9BH         LINE#         34
  C:0C9BH         LINE#         35
  C:0C9BH         LINE#         36
  C:0CA9H         LINE#         37
  C:0CA9H         LINE#         39
  C:0CA9H         LINE#         40
  C:0CA9H         LINE#         41
  C:0CB1H         LINE#         42
  C:0CBAH         LINE#         43
  C:0CBDH         LINE#         44
  C:0CBDH         LINE#         45
  C:0CBEH         LINE#         47
  C:0CBEH         LINE#         48
  C:0CBEH         LINE#         49
  C:0CC6H         LINE#         50
  C:0CCFH         LINE#         51
  C:0CD2H         LINE#         52
  C:0CD2H         LINE#         53
  C:0CD3H         LINE#         55
  C:0CD3H         LINE#         56
  C:0CD3H         LINE#         57
BL51 BANKED LINKER/LOCATER V6.22                                                      07/27/2015  10:11:48  PAGE 32


  C:0CDBH         LINE#         58
  C:0CE4H         LINE#         59
  C:0CE7H         LINE#         60
  C:0CE7H         LINE#         61
  C:0CE8H         LINE#         63
  C:0CE8H         LINE#         64
  C:0CE8H         LINE#         65
  C:0CF0H         LINE#         66
  C:0CF9H         LINE#         67
  C:0CFCH         LINE#         68
  C:0CFCH         LINE#         69
  C:0CFCH         LINE#         70
  C:0CFCH         LINE#         71
  -------         ENDPROC       _PWM_CHANNEL
  -------         PROC          MYPWM
  C:1918H         LINE#         77
  C:1918H         LINE#         78
  C:1918H         LINE#         80
  C:191DH         LINE#         82
  -------         ENDPROC       MYPWM
  -------         ENDMOD        PWM

  -------         MODULE        TIMER
  C:0000H         SYMBOL        _ICE_DUMMY_
  D:0080H         PUBLIC        P0
  D:0090H         PUBLIC        P1
  D:00A0H         PUBLIC        P2
  D:00B0H         PUBLIC        P3
  B:00A8H.7       PUBLIC        EA
  D:00A8H         PUBLIC        IE
  D:00B8H         PUBLIC        IP
  C:0E0AH         PUBLIC        _InitT0
  C:09FBH         PUBLIC        _InitTimer
  D:00D8H         PUBLIC        WDCON0
  D:0087H         PUBLIC        PCON
  D:0098H         PUBLIC        SCON
  X:002EH         PUBLIC        timer0_8H
  D:0089H         PUBLIC        TMOD
  D:0088H         PUBLIC        TCON
  X:002FH         PUBLIC        timer1_8H
  X:0030H         PUBLIC        timer0_8L
  C:193AH         PUBLIC        hSCH_Start
  X:0031H         PUBLIC        timer1_8L
  B:00A8H.1       PUBLIC        ET0
  B:00A8H.3       PUBLIC        ET1
  D:008CH         PUBLIC        TH0
  D:008DH         PUBLIC        TH1
  D:008AH         PUBLIC        TL0
  D:008BH         PUBLIC        TL1
  D:00E8H         PUBLIC        EIE
  B:00B8H.3       PUBLIC        PT1
  B:0088H.4       PUBLIC        TR0
  B:0088H.6       PUBLIC        TR1
  C:1774H         PUBLIC        hSCH_Manual_Timer0_Reload
  D:00F8H         PUBLIC        ADCCON0
  D:00C0H         PUBLIC        I2CON
  D:00C8H         PUBLIC        T2CON
BL51 BANKED LINKER/LOCATER V6.22                                                      07/27/2015  10:11:48  PAGE 33


  C:1932H         PUBLIC        sEOS_Go_To_Sleep
  D:00D0H         PUBLIC        PSW
  -------         PROC          _INITTIMER
  D:0007H         SYMBOL        Tick_ms_T0
  X:002CH         SYMBOL        Tick_us_T1
  -------         DO            
  D:0004H         SYMBOL        Inc_T0
  D:0004H         SYMBOL        Inc_T1
  D:0004H         SYMBOL        timer0_16
  D:0004H         SYMBOL        timer1_16
  -------         ENDDO         
  C:09FBH         LINE#         36
  C:0A02H         LINE#         37
  C:0A02H         LINE#         42
  C:0A14H         LINE#         43
  C:0A1AH         LINE#         44
  C:0A1DH         LINE#         45
  C:0A21H         LINE#         48
  C:0A40H         LINE#         49
  C:0A48H         LINE#         50
  C:0A4CH         LINE#         51
  C:0A52H         LINE#         53
  C:0A55H         LINE#         55
[...]
  X:0056H         PUBLIC        ADC_check_result
  X:0058H         PUBLIC        sensor_2ndstage_time
BL51 BANKED LINKER/LOCATER V6.22                                                      07/27/2015  10:11:48  PAGE 50


  X:005AH         PUBLIC        sensor_3rdstage_count
  X:005BH         PUBLIC        ID_selflearning_timecount
  X:005CH         PUBLIC        one_receive_byte_count
  B:0022H.4       PUBLIC        ID_speeched_flag
  D:0099H         PUBLIC        SBUF
  X:005DH         PUBLIC        sensor_3rdstage_time
  D:0098H         PUBLIC        SCON
  D:0088H         PUBLIC        TCON
  C:3004H         PUBLIC        IDkey10
  C:3005H         PUBLIC        IDkey11
  X:005FH         PUBLIC        sensor_1ststage_count
  B:0022H.5       PUBLIC        IDkey_flash_EN
  X:0060H         PUBLIC        ID_certificated_numbers
  X:0061H         PUBLIC        raise_wire_time
  B:00A0H.7       PUBLIC        transmiter_EN
  B:0022H.6       PUBLIC        Host_stolen_alarming
  D:008CH         PUBLIC        TH0
  B:0022H.7       PUBLIC        flashing_flag
  B:0080H.7       PUBLIC        horizontal_sensor
  D:008AH         PUBLIC        TL0
  B:0023H.0       PUBLIC        vibration_flag
  X:0062H         PUBLIC        fell_wire_time
  B:0023H.1       PUBLIC        host_stolen_alarm2_EN
  X:0063H         PUBLIC        After_IDcert_timecount
  D:00E8H         PUBLIC        EIE
  C:0026H         PUBLIC        timer0
  B:0080H.4       PUBLIC        raised_sensor_detect
  B:0023H.2       PUBLIC        ID_certificated_flag
  D:00F8H         PUBLIC        ADCCON0
  D:00C0H         PUBLIC        I2CON
  B:0023H.3       PUBLIC        wheeled_flag
  B:0023H.4       PUBLIC        EN_host_stolen_alarming
  B:0023H.5       PUBLIC        Check_Motobattery_flag
  X:0064H         PUBLIC        vibration_count
  X:0066H         PUBLIC        timer0_count
  X:0068H         PUBLIC        sensor_3rdstage_effcount
  D:00C8H         PUBLIC        T2CON
  X:0069H         PUBLIC        enable_sensor_delay_count
  X:006AH         PUBLIC        host_stolen_alarm1_count
  X:006BH         PUBLIC        host_stolen_alarm2_count
  X:006CH         PUBLIC        sensor_3rdstage_interval
  B:0023H.6       PUBLIC        ID_selflearning_flag
  B:0023H.7       PUBLIC        battery_stolen_EN
  B:0024H.0       PUBLIC        position_sensor_EN
  C:03D4H         PUBLIC        uart_isr
  X:006EH         PUBLIC        wheeled_count
  X:0070H         PUBLIC        raised_fell_number
  B:0024H.1       PUBLIC        never_alarm_speech
  X:0072H         PUBLIC        Check_Motobattery_count
  B:0024H.2       PUBLIC        Battery_hint_flag
  X:0073H         PUBLIC        Open_action_flag
  X:0074H         PUBLIC        receive_HV_count
  X:0075H         PUBLIC        receive_LV_count
  B:0024H.3       PUBLIC        raised_flag
  X:0076H         PUBLIC        raised_alarm_count
  D:00D0H         PUBLIC        PSW
  B:0080H.0       PUBLIC        sensor_detect
BL51 BANKED LINKER/LOCATER V6.22                                                      07/27/2015  10:11:48  PAGE 51


  X:0077H         PUBLIC        Stolen_alarm_reset_count
  B:0080H.5       PUBLIC        Externalmotor
  -------         PROC          MAIN
  C:168BH         LINE#         131
  C:168BH         LINE#         132
  C:168BH         LINE#         133
  C:168EH         LINE#         139
  C:1695H         LINE#         142
  C:1698H         LINE#         144
  C:169BH         LINE#         147
  C:169EH         LINE#         149
  C:16A0H         LINE#         151
  C:16A0H         LINE#         152
  C:16A0H         LINE#         153
  -------         ENDPROC       MAIN
  -------         PROC          TIMER0
  C:0026H         LINE#         161
  C:0043H         LINE#         164
  C:0048H         LINE#         165
  C:004DH         LINE#         168
  C:0064H         LINE#         169
  C:0064H         LINE#         171
  C:0068H         LINE#         185
  C:006BH         LINE#         186
  C:006EH         LINE#         195
  C:0071H         LINE#         198
  C:0074H         LINE#         202
  C:0077H         LINE#         203
  C:007AH         LINE#         204
  C:007DH         LINE#         206
  C:0080H         LINE#         209
  C:0083H         LINE#         211
  C:0086H         LINE#         212
  C:0089H         LINE#         213
  C:008CH         LINE#         214
  C:008CH         LINE#         217
  C:008FH         LINE#         220
  C:0092H         LINE#         221
  C:0095H         LINE#         222
  C:0098H         LINE#         224
  C:009BH         LINE#         225
  C:009EH         LINE#         227
  C:00A1H         LINE#         228
  C:00A1H         LINE#         229
  C:00A3H         LINE#         230
  C:00A6H         LINE#         231
  C:00A6H         LINE#         237
  C:00ACH         LINE#         238
  C:00ACH         LINE#         240
  C:00BFH         LINE#         241
  C:00BFH         LINE#         243
  C:00BFH         LINE#         244
  C:00BFH         LINE#         247
  C:00CEH         LINE#         248
  C:00CEH         LINE#         250
  C:00DBH         LINE#         251
  C:00DBH         LINE#         252
BL51 BANKED LINKER/LOCATER V6.22                                                      07/27/2015  10:11:48  PAGE 52


  C:00DDH         LINE#         255
  C:00E1H         LINE#         259
  C:00E4H         LINE#         260
  C:00E7H         LINE#         261
  C:00EAH         LINE#         262
  C:00EDH         LINE#         263
  C:00EDH         LINE#         264
  C:00F0H         LINE#         266
  C:00F0H         LINE#         268
  C:00F4H         LINE#         269
  C:00F4H         LINE#         270
  C:00F4H         LINE#         271
  C:00F7H         LINE#         274
  C:00F7H         LINE#         275
  C:00F7H         LINE#         276
  C:00FDH         LINE#         277
  C:00FDH         LINE#         279
  C:0107H         LINE#         280
  C:0107H         LINE#         281
  C:0109H         LINE#         282
  C:010EH         LINE#         285
  C:0111H         LINE#         286
  C:0111H         LINE#         287
  C:0113H         LINE#         289
  C:0113H         LINE#         290
  C:0117H         LINE#         291
  C:0117H         LINE#         294
  C:012EH         LINE#         295
  C:012EH         LINE#         296
  C:0132H         LINE#         297
  C:0135H         LINE#         298
  C:0138H         LINE#         299
  C:013DH         LINE#         300
  C:013DH         LINE#         301
  C:013DH         LINE#         302
  C:013FH         LINE#         305
  C:013FH         LINE#         306
  C:013FH         LINE#         307
  C:0145H         LINE#         308
  C:0145H         LINE#         310
  C:014FH         LINE#         311
  C:014FH         LINE#         312
  C:0151H         LINE#         314
  C:0153H         LINE#         315
  C:0155H         LINE#         316
  C:0157H         LINE#         317
  C:015AH         LINE#         318
  C:015AH         LINE#         319
  C:015CH         LINE#         321
  C:015CH         LINE#         322
  C:0160H         LINE#         323
  C:0160H         LINE#         326
  C:0177H         LINE#         327
  C:0177H         LINE#         328
  C:017BH         LINE#         329
  C:017EH         LINE#         330
  C:0181H         LINE#         331
BL51 BANKED LINKER/LOCATER V6.22                                                      07/27/2015  10:11:48  PAGE 53


  C:0186H         LINE#         332
  C:018BH         LINE#         333
  C:018EH         LINE#         334
  C:018EH         LINE#         335
  C:018EH         LINE#         336
  C:018EH         LINE#         337
  C:018EH         LINE#         340
  C:0191H         LINE#         341
  C:0191H         LINE#         342
  C:0193H         LINE#         343
  C:0195H         LINE#         344
  C:0199H         LINE#         345
  C:019BH         LINE#         346
  C:019DH         LINE#         347
  C:01A3H         LINE#         348
  C:01A3H         LINE#         349
  C:01A5H         LINE#         350
  C:01A7H         LINE#         351
  C:01AAH         LINE#         352
  C:01AAH         LINE#         355
  C:01B2H         LINE#         356
  C:01B2H         LINE#         357
  C:01B4H         LINE#         358
  C:01B6H         LINE#         360
  C:01B8H         LINE#         361
  C:01B8H         LINE#         365
  C:01BBH         LINE#         366
  C:01BBH         LINE#         368
  C:01BEH         LINE#         369
  C:01BEH         LINE#         371
  C:01C6H         LINE#         372
  C:01C6H         LINE#         374
  C:01C8H         LINE#         375
  C:01CAH         LINE#         377
  C:01CDH         LINE#         378
  C:01CDH         LINE#         380
  C:01CFH         LINE#         381
  C:01CFH         LINE#         382
  C:01CFH         LINE#         383
  C:01D1H         LINE#         385
  C:01D1H         LINE#         386
  C:01D3H         LINE#         387
  C:01D7H         LINE#         388
  C:01DAH         LINE#         389
  C:01DCH         LINE#         390
  C:01DCH         LINE#         392
  C:01DFH         LINE#         393
  C:01DFH         LINE#         395
  C:01E7H         LINE#         396
  C:01E7H         LINE#         398
  C:01E9H         LINE#         399
  C:01EBH         LINE#         401
  C:01EEH         LINE#         402
  C:01EEH         LINE#         403
  C:01F0H         LINE#         404
  C:01F0H         LINE#         405
  C:01F0H         LINE#         406
BL51 BANKED LINKER/LOCATER V6.22                                                      07/27/2015  10:11:48  PAGE 54


  C:01F2H         LINE#         408
  C:01F2H         LINE#         409
  C:01F4H         LINE#         410
  C:01F8H         LINE#         411
  C:01FBH         LINE#         412
  C:01FDH         LINE#         413
  C:01FDH         LINE#         414
  C:01FDH         LINE#         417
  C:0200H         LINE#         418
  C:0200H         LINE#         419
  C:0217H         LINE#         420
  C:0217H         LINE#         421
  C:0219H         LINE#         422
  C:021DH         LINE#         423
  C:021FH         LINE#         425
  C:0222H         LINE#         426
  C:0225H         LINE#         427
  C:0228H         LINE#         428
  C:022DH         LINE#         429
  C:0232H         LINE#         430
  C:023BH         LINE#         431
  C:023FH         LINE#         432
  C:0242H         LINE#         433
  C:0242H         LINE#         434
  C:0242H         LINE#         435
  -------         ENDPROC       TIMER0
  -------         PROC          UART_ISR
  C:03D4H         LINE#         440
  C:03F1H         LINE#         442
  C:03F7H         LINE#         443
  C:03F7H         LINE#         444
  C:03F9H         LINE#         445
  C:0403H         LINE#         449
  C:0409H         LINE#         450
  C:0409H         LINE#         452
  C:0417H         LINE#         453
  C:0417H         LINE#         454
  C:041CH         LINE#         455
  C:041EH         LINE#         456
  C:0430H         LINE#         457
  C:0430H         LINE#         458
  C:0435H         LINE#         459
  C:0437H         LINE#         460
  C:044AH         LINE#         461
  C:044AH         LINE#         462
  C:044FH         LINE#         463
  C:0451H         LINE#         464
  C:0461H         LINE#         465
  C:0461H         LINE#         466
  C:0466H         LINE#         467
  C:0468H         LINE#         468
  C:047AH         LINE#         469
  C:047AH         LINE#         470
  C:047FH         LINE#         471
  C:0481H         LINE#         496
  C:0487H         LINE#         497
  C:0487H         LINE#         498
BL51 BANKED LINKER/LOCATER V6.22                                                      07/27/2015  10:11:48  PAGE 55


  C:0489H         LINE#         499
  C:048BH         LINE#         500
  C:048DH         LINE#         503
  C:048DH         LINE#         504
  C:0491H         LINE#         505
  C:0491H         LINE#         508
  C:0497H         LINE#         509
  C:0497H         LINE#         510
  C:0499H         LINE#         511
  C:04AAH         LINE#         512
  C:04AAH         LINE#         513
  C:04AAH         LINE#         514
  C:04AAH         LINE#         515
  C:04ACH         LINE#         516
  C:04B0H         LINE#         517
  C:04B2H         LINE#         518
  C:04B5H         LINE#         519
  C:04B9H         LINE#         520
  C:04B9H         LINE#         521
  C:04BBH         LINE#         523
  C:04BBH         LINE#         524
  C:04BBH         LINE#         525
  C:04BDH         LINE#         526
  C:04C0H         LINE#         527
  C:04C0H         LINE#         528
  C:04C2H         LINE#         530
  C:04C2H         LINE#         531
  C:04C2H         LINE#         532
  C:04C4H         LINE#         533
  C:04C4H         LINE#         534
  C:04C6H         LINE#         535
  C:04C6H         LINE#         536
  C:04C6H         LINE#         538
  C:04C6H         LINE#         540
  C:04C6H         LINE#         550
  C:04D1H         LINE#         551
  C:04D1H         LINE#         552
  C:04D6H         LINE#         553
  C:04D8H         LINE#         554
  C:04E5H         LINE#         555
  C:04E5H         LINE#         556
  C:04EAH         LINE#         557
  C:04ECH         LINE#         558
  C:04F0H         LINE#         559
  C:04F0H         LINE#         560
  C:04F5H         LINE#         561
  C:04F7H         LINE#         562
  C:04FEH         LINE#         563
  C:04FEH         LINE#         564
  C:0501H         LINE#         565
  C:0503H         LINE#         566
  C:0507H         LINE#         567
  C:0507H         LINE#         568
  C:050CH         LINE#         569
  C:050EH         LINE#         570
  C:0512H         LINE#         571
  C:0512H         LINE#         572
BL51 BANKED LINKER/LOCATER V6.22                                                      07/27/2015  10:11:48  PAGE 56


  C:0517H         LINE#         573
  C:0519H         LINE#         574
  C:051FH         LINE#         575
  C:051FH         LINE#         576
  C:0521H         LINE#         577
  C:0523H         LINE#         578
  C:0526H         LINE#         579
  C:0528H         LINE#         581
  C:0528H         LINE#         582
  C:052AH         LINE#         583
  C:052AH         LINE#         585
  C:052AH         LINE#         586
  C:052AH         LINE#         587
  -------         ENDPROC       UART_ISR
  -------         ENDMOD        MAIN

  -------         MODULE        ?C?CLDPTR
  C:025DH         PUBLIC        ?C?CLDPTR
  -------         ENDMOD        ?C?CLDPTR

  -------         MODULE        ?C?LMUL
  C:0276H         PUBLIC        ?C?LMUL
  -------         ENDMOD        ?C?LMUL

  -------         MODULE        ?C?ULDIV
  C:0301H         PUBLIC        ?C?ULDIV
  -------         ENDMOD        ?C?ULDIV

  -------         MODULE        ?C?LNEG
  C:0393H         PUBLIC        ?C?LNEG
  -------         ENDMOD        ?C?LNEG

  -------         MODULE        ?C?ICALL
  C:03A1H         PUBLIC        ?C?ICALL
  C:03A5H         PUBLIC        ?C?ICALL2
  -------         ENDMOD        ?C?ICALL

  -------         MODULE        ?C?LIMUL
  C:03A7H         PUBLIC        ?C?LIMUL
  -------         ENDMOD        ?C?LIMUL

*** WARNING L16: UNCALLED SEGMENT, IGNORED FOR OVERLAY PROCESS
    SEGMENT: ?PR?_COMMODE_DATA?COMMUNICATION

*** WARNING L16: UNCALLED SEGMENT, IGNORED FOR OVERLAY PROCESS
    SEGMENT: ?PR?_COMMODE_DATA_WX?COMMUNICATION

*** WARNING L16: UNCALLED SEGMENT, IGNORED FOR OVERLAY PROCESS
    SEGMENT: ?PR?_UART_SEND_DATA_F?COMMUNICATION

*** WARNING L16: UNCALLED SEGMENT, IGNORED FOR OVERLAY PROCESS
    SEGMENT: ?PR?UART_SEND_DATA_MATCH?COMMUNICATION

*** WARNING L16: UNCALLED SEGMENT, IGNORED FOR OVERLAY PROCESS
    SEGMENT: ?PR?RECEIVE_BYTE?COMMUNICATION

*** WARNING L16: UNCALLED SEGMENT, IGNORED FOR OVERLAY PROCESS
BL51 BANKED LINKER/LOCATER V6.22                                                      07/27/2015  10:11:48  PAGE 57


    SEGMENT: ?PR?RECEIVE_BYTE_LOCK?COMMUNICATION

*** WARNING L16: UNCALLED SEGMENT, IGNORED FOR OVERLAY PROCESS
    SEGMENT: ?PR?RECEIVE_WORD?COMMUNICATION

*** WARNING L16: UNCALLED SEGMENT, IGNORED FOR OVERLAY PROCESS
    SEGMENT: ?PR?DELAY_100MS?DELAY

*** WARNING L16: UNCALLED SEGMENT, IGNORED FOR OVERLAY PROCESS
    SEGMENT: ?PR?_DELAY_MS?DELAY

*** WARNING L16: UNCALLED SEGMENT, IGNORED FOR OVERLAY PROCESS
    SEGMENT: ?PR?ENSENSOR_AFTERIDCERT?OPERATION

*** WARNING L16: UNCALLED SEGMENT, IGNORED FOR OVERLAY PROCESS
    SEGMENT: ?PR?_MAGNET_CW?OTHER

*** WARNING L16: UNCALLED SEGMENT, IGNORED FOR OVERLAY PROCESS
    SEGMENT: ?PR?_MAGNET_CW_TAILI?OTHER

*** WARNING L16: UNCALLED SEGMENT, IGNORED FOR OVERLAY PROCESS
    SEGMENT: ?PR?_MAGNET_ACW?OTHER

*** WARNING L16: UNCALLED SEGMENT, IGNORED FOR OVERLAY PROCESS
    SEGMENT: ?PR?_MAGNET_ACW_TAILI?OTHER

*** WARNING L16: UNCALLED SEGMENT, IGNORED FOR OVERLAY PROCESS
    SEGMENT: ?PR?MOTO_VIBRATION?OTHER

*** WARNING L16: UNCALLED SEGMENT, IGNORED FOR OVERLAY PROCESS
    SEGMENT: ?PR?MYPWM?PWM

*** WARNING L16: UNCALLED SEGMENT, IGNORED FOR OVERLAY PROCESS
    SEGMENT: ?PR?_INITTIMER?TIMER

*** WARNING L16: UNCALLED SEGMENT, IGNORED FOR OVERLAY PROCESS
    SEGMENT: ?PR?HSCH_START?TIMER

*** WARNING L16: UNCALLED SEGMENT, IGNORED FOR OVERLAY PROCESS
    SEGMENT: ?PR?SEOS_GO_TO_SLEEP?TIMER

*** WARNING L16: UNCALLED SEGMENT, IGNORED FOR OVERLAY PROCESS
    SEGMENT: ?PR?HOST_2NDTOUCH_SPEECH?VOICE

*** WARNING L16: UNCALLED SEGMENT, IGNORED FOR OVERLAY PROCESS
    SEGMENT: ?PR?BATTERY_STOLEN_SPEECH?VOICE

*** WARNING L16: UNCALLED SEGMENT, IGNORED FOR OVERLAY PROCESS
    SEGMENT: ?PR?CUTTING_WIRE_VOICE?VOICE

*** WARNING L16: UNCALLED SEGMENT, IGNORED FOR OVERLAY PROCESS
    SEGMENT: ?PR?PRODUCT_TEST_VOICE?VOICE

*** WARNING L16: UNCALLED SEGMENT, IGNORED FOR OVERLAY PROCESS
    SEGMENT: ?PR?BATTERY_LOW_ALARM_SPEECH?VOICE

*** WARNING L16: UNCALLED SEGMENT, IGNORED FOR OVERLAY PROCESS
BL51 BANKED LINKER/LOCATER V6.22                                                      07/27/2015  10:11:48  PAGE 58


    SEGMENT: ?PR?BATTERY_HIGH_ALARM_SPEECH?VOICE

*** WARNING L16: UNCALLED SEGMENT, IGNORED FOR OVERLAY PROCESS
    SEGMENT: ?PR?ALARM_STOLEN_SPEECH?VOICE

*** WARNING L16: UNCALLED SEGMENT, IGNORED FOR OVERLAY PROCESS
    SEGMENT: ?PR?ALARM_RAISED_SPEECH?VOICE

*** WARNING L16: UNCALLED SEGMENT, IGNORED FOR OVERLAY PROCESS
    SEGMENT: ?PR?ALARM_FELL_SPEECH?VOICE

*** WARNING L16: UNCALLED SEGMENT, IGNORED FOR OVERLAY PROCESS
    SEGMENT: ?PR?HOST_BATTERY_HIGH_ALARM_SPEECH?VOICE

*** WARNING L16: UNCALLED SEGMENT, IGNORED FOR OVERLAY PROCESS
    SEGMENT: ?PR?BATTERY_STOLEN_SPEECH_F3?VOICE

*** WARNING L16: UNCALLED SEGMENT, IGNORED FOR OVERLAY PROCESS
    SEGMENT: ?PR?WIRE_BROKEN_SPEECH?VOICE

*** WARNING L16: UNCALLED SEGMENT, IGNORED FOR OVERLAY PROCESS
    SEGMENT: ?PR?LOCK_ROTATED_ON_SPEECH?VOICE

*** WARNING L16: UNCALLED SEGMENT, IGNORED FOR OVERLAY PROCESS
    SEGMENT: ?PR?LOCK_ROTATED_OFF_SPEECH?VOICE

*** WARNING L16: UNCALLED SEGMENT, IGNORED FOR OVERLAY PROCESS
    SEGMENT: ?PR?_FLASH_READ_DATA?ISP_DATAFLASH

*** WARNING L16: UNCALLED SEGMENT, IGNORED FOR OVERLAY PROCESS
    SEGMENT: ?PR?SELF_LEARN_PROGRAMMING_F?ISP_DATAFLASH

*** WARNING L16: UNCALLED SEGMENT, IGNORED FOR OVERLAY PROCESS
    SEGMENT: ?PR?ELECMOTOR_TEST?ELECMOTOR

*** WARNING L16: UNCALLED SEGMENT, IGNORED FOR OVERLAY PROCESS
    SEGMENT: ?PR?HSCH_DISPATCH_TASKS?SCHEDULAR

*** WARNING L16: UNCALLED SEGMENT, IGNORED FOR OVERLAY PROCESS
    SEGMENT: ?PR?_HSCH_ADD_TASK?SCHEDULAR

*** WARNING L16: UNCALLED SEGMENT, IGNORED FOR OVERLAY PROCESS
    SEGMENT: ?PR?HSCH_UPDATE?SCHEDULAR

*** WARNING L15: MULTIPLE CALL TO SEGMENT
    SEGMENT: ?PR?_SC_SPEECH?VOICE
    CALLER1: ?PR?TIMER0?MAIN
    CALLER2: ?PR?UART_ISR?MAIN

Program Size: data=54.1 xdata=133 code=6472
LINK/LOCATE RUN COMPLETE.  40 WARNING(S),  0 ERROR(S)
