BL51 BANKED LINKER/LOCATER V6.22                                                        05/27/2015  11:54:10  PAGE 1


BL51 BANKED LINKER/LOCATER V6.22, INVOKED BY:
D:\PROGRAM FILES (X86)\KEIL_V5\C51\BIN\BL51.EXE .\AD.obj, .\Battery.obj, .\communication.obj, .\Delay.obj, .\operation.o
>> bj, .\Other.obj, .\pwm.obj, .\Timer.obj, .\UART.obj, .\voice.obj, .\ISP_DataFlash.obj, .\ElecMotor.obj, .\Schedular.o
>> bj, Main.obj TO DDC-Z RAMSIZE (256)


MEMORY MODEL: COMPACT


INPUT MODULES INCLUDED:
  .\AD.obj (AD)
  .\Battery.obj (BATTERY)
  .\communication.obj (COMMUNICATION)
  .\Delay.obj (DELAY)
  .\operation.obj (OPERATION)
  .\Other.obj (OTHER)
  .\pwm.obj (PWM)
  .\Timer.obj (TIMER)
  .\UART.obj (UART)
  .\voice.obj (VOICE)
  .\ISP_DataFlash.obj (ISP_DATAFLASH)
  .\ElecMotor.obj (ELECMOTOR)
  .\Schedular.obj (SCHEDULAR)
  Main.obj (MAIN)
  D:\PROGRAM FILES (X86)\KEIL_V5\C51\LIB\C51C.LIB (?C_STARTUP)
  D:\PROGRAM FILES (X86)\KEIL_V5\C51\LIB\C51C.LIB (?C?CLDPTR)
  D:\PROGRAM FILES (X86)\KEIL_V5\C51\LIB\C51C.LIB (?C?LMUL)
  D:\PROGRAM FILES (X86)\KEIL_V5\C51\LIB\C51C.LIB (?C?ULDIV)
  D:\PROGRAM FILES (X86)\KEIL_V5\C51\LIB\C51C.LIB (?C?ICALL)
  D:\PROGRAM FILES (X86)\KEIL_V5\C51\LIB\C51C.LIB (?C?LIMUL)
  D:\PROGRAM FILES (X86)\KEIL_V5\C51\LIB\C51C.LIB (?C_INIT)


LINK MAP OF MODULE:  DDC-Z (AD)


            TYPE    BASE      LENGTH    RELOCATION   SEGMENT NAME
            -----------------------------------------------------

            * * * * * * *   D A T A   M E M O R Y   * * * * * * *
            REG     0000H     0008H     ABSOLUTE     "REG BANK 0"
                    0008H     0018H                  *** GAP ***
            BIT     0020H.0   0004H.1   UNIT         ?BI?MAIN
            BIT     0024H.1   0000H.2   UNIT         ?BI?OPERATION
            BIT     0024H.3   0000H.1   UNIT         ?BI?_HSCH_ADD_TASK?SCHEDULAR
            BIT     0024H.4   0000H.1   UNIT         ?BI?_HSCH_DELETE_TASK?SCHEDULAR
                    0024H.5   0000H.3                *** GAP ***
            DATA    0025H     0028H     UNIT         ?DT?SCHEDULAR
            IDATA   004DH     0001H     UNIT         ?STACK

            * * * * * * *  X D A T A   M E M O R Y  * * * * * * *
            XDATA   0000H     0002H     INPAGE       ?PD?_VERIFYBATTERY?BATTERY
            XDATA   0002H     0001H     INPAGE       ?PD?BATTERY
            XDATA   0003H     0003H     INPAGE       ?PD?INITSIGNAL?COMMUNICATION
            XDATA   0006H     0003H     INPAGE       ?PD?INITSIGNAL_F?COMMUNICATION
            XDATA   0009H     0003H     INPAGE       ?PD?_SEND_DATA?COMMUNICATION
            XDATA   000CH     0003H     INPAGE       ?PD?_COMMODE_DATA?COMMUNICATION
            XDATA   000FH     0003H     INPAGE       ?PD?_COMMODE_DATA_WX?COMMUNICATION
BL51 BANKED LINKER/LOCATER V6.22                                                      05/27/2015  11:54:10  PAGE 2


            XDATA   0012H     0002H     INPAGE       ?PD?_UART_SEND_DATA?COMMUNICATION
            XDATA   0014H     0002H     INPAGE       ?PD?_UART_SEND_DATA_F?COMMUNICATION
            XDATA   0016H     0004H     INPAGE       ?PD?_SEND_CODE_TO_LOCK?COMMUNICATION
            XDATA   001AH     0004H     INPAGE       ?PD?_SEND_CODE_TO_LOCK_TAILI?COMMUNICATION
            XDATA   001EH     0007H     INPAGE       ?PD?COMMUNICATION
            XDATA   0025H     0004H     INPAGE       ?PD?_CUSTOM_DELAY?DELAY
            XDATA   0029H     0002H     INPAGE       ?PD?_MAGNET_DELAY?DELAY
            XDATA   002BH     0002H     INPAGE       ?PD?DELAY
            XDATA   002DH     0004H     INPAGE       ?PD?_MAGNET_CW?OTHER
            XDATA   0031H     0004H     INPAGE       ?PD?_MAGNET_CW_TAILI?OTHER
            XDATA   0035H     0002H     INPAGE       ?PD?PWM
            XDATA   0037H     0002H     INPAGE       ?PD?_INITTIMER?TIMER
            XDATA   0039H     0004H     INPAGE       ?PD?TIMER
            XDATA   003DH     0003H     INPAGE       ?PD?_SENDNBYTE?UART
            XDATA   0040H     0001H     INPAGE       ?PD?VOICE
            XDATA   0041H     0003H     INPAGE       ?PD?_FLASH_READ_DATA?ISP_DATAFLASH
            XDATA   0044H     0001H     INPAGE       ?PD?HSCH_DISPATCH_TASKS?SCHEDULAR
            XDATA   0045H     0002H     INPAGE       ?PD?_HSCH_ADD_TASK?SCHEDULAR
            XDATA   0047H     0001H     INPAGE       ?PD?HSCH_UPDATE?SCHEDULAR
            XDATA   0048H     0004H     INPAGE       ?PD?SCHEDULAR
            XDATA   004CH     0038H     INPAGE       ?PD?MAIN
            XDATA   0084H     0005H     INPAGE       _PDATA_GROUP_

            * * * * * * *   C O D E   M E M O R Y   * * * * * * *
            CODE    0000H     0003H     ABSOLUTE     
            CODE    0003H     0008H     UNIT         ?PR?_VERIFYBATTERY?BATTERY
            CODE    000BH     0003H     ABSOLUTE     
            CODE    000EH     0015H     UNIT         ?PR?_FLASH_PAGE_ERASE?ISP_DATAFLASH
            CODE    0023H     0003H     ABSOLUTE     
            CODE    0026H     03C7H     UNIT         ?PR?TIMER0?MAIN
            CODE    03EDH     0169H     UNIT         ?C?LIB_CODE
            CODE    0556H     00FDH     UNIT         ?PR?UART_ISR?MAIN
            CODE    0653H     00E1H     UNIT         ?C_INITSEG
            CODE    0734H     00C5H     UNIT         ?PR?HSCH_UPDATE?SCHEDULAR
            CODE    07F9H     008CH     UNIT         ?C_C51STARTUP
            CODE    0885H     007DH     UNIT         ?PR?_HSCH_ADD_TASK?SCHEDULAR
            CODE    0902H     0078H     UNIT         ?PR?_GETADCRESULT?AD
            CODE    097AH     0075H     UNIT         ?PR?_INITTIMER?TIMER
            CODE    09EFH     0073H     UNIT         ?PR?_SEND_CODE_TO_LOCK?COMMUNICATION
            CODE    0A62H     0073H     UNIT         ?PR?_SEND_CODE_TO_LOCK_TAILI?COMMUNICATION
            CODE    0AD5H     0071H     UNIT         ?PR?HSCH_DISPATCH_TASKS?SCHEDULAR
            CODE    0B46H     006AH     UNIT         ?PR?RECEIVE_BYTE?COMMUNICATION
            CODE    0BB0H     006AH     UNIT         ?PR?RECEIVE_BYTE_LOCK?COMMUNICATION
            CODE    0C1AH     0062H     UNIT         ?PR?_PWM_CHANNEL?PWM
            CODE    0C7CH     0060H     UNIT         ?PR?_SEND_DATA?COMMUNICATION
            CODE    0CDCH     0057H     UNIT         ?PR?_UART_SEND_DATA?COMMUNICATION
            CODE    0D33H     0056H     UNIT         ?PR?ELECMOTOR_CODE?ELECMOTOR
            CODE    0D89H     004BH     UNIT         ?PR?_HSCH_DELETE_TASK?SCHEDULAR
            CODE    0DD4H     0048H     UNIT         ?PR?INITSIGNAL?COMMUNICATION
            CODE    0E1CH     0048H     UNIT         ?PR?INITSIGNAL_F?COMMUNICATION
            CODE    0E64H     0045H     UNIT         ?PR?_UART_SEND_DATA_F?COMMUNICATION
            CODE    0EA9H     0045H     UNIT         ?PR?HOST_STOLEN_ACTION?OPERATION
            CODE    0EEEH     0045H     UNIT         ?PR?DISABLE_SENSOR?OTHER
            CODE    0F33H     0043H     UNIT         ?PR?UART_SEND_DATA_MATCH?COMMUNICATION
            CODE    0F76H     0043H     UNIT         ?PR?SELF_LEARN_PROGRAMMING?ISP_DATAFLASH
            CODE    0FB9H     0043H     UNIT         ?PR?SELF_LEARN_PROGRAMMING_F?ISP_DATAFLASH
            CODE    0FFCH     0041H     UNIT         ?PR?RECEIVE_WORD?COMMUNICATION
BL51 BANKED LINKER/LOCATER V6.22                                                      05/27/2015  11:54:10  PAGE 3


            CODE    103DH     003FH     UNIT         ?PR?_CUSTOM_DELAY?DELAY
            CODE    107CH     003EH     UNIT         ?PR?_MAGNET_DELAY?DELAY
            CODE    10BAH     003AH     UNIT         ?PR?_SC_SPEECH?VOICE
            CODE    10F4H     0034H     UNIT         ?PR?_COMMODE_DATA_WX?COMMUNICATION
            CODE    1128H     0032H     UNIT         ?PR?_COMMODE_DATA?COMMUNICATION
            CODE    115AH     0031H     UNIT         ?PR?_MAGNET_CW?OTHER
            CODE    118BH     0031H     UNIT         ?PR?_MAGNET_CW_TAILI?OTHER
            CODE    11BCH     002EH     UNIT         ?PR?_FLASH_WRITE_DATA?ISP_DATAFLASH
            CODE    11EAH     002BH     UNIT         ?PR?_SENDNBYTE?UART
            CODE    1215H     0028H     UNIT         ?PR?SELFLEARN_RESET?OPERATION
            CODE    123DH     0025H     UNIT         ?PR?_INITT0?TIMER
            CODE    1262H     0023H     UNIT         ?PR?INITUART9600?UART
            CODE    1285H     0023H     UNIT         ?PR?INITUART600?UART
            CODE    12A8H     0022H     UNIT         ?PR?ENSENSOR_AFTERIDCERT?OPERATION
            CODE    12CAH     0020H     UNIT         ?PR?_DELAY_MS?DELAY
            CODE    12EAH     001EH     UNIT         ?PR?_FLASH_READ_DATA?ISP_DATAFLASH
            CODE    1308H     001BH     UNIT         ?PR?SLAVE_AWAY_OPERATION?OPERATION
            CODE    1323H     001BH     UNIT         ?PR?INITVOICE?VOICE
            CODE    133EH     001AH     UNIT         ?PR?DELAY_1MS?DELAY
            CODE    1358H     001AH     UNIT         ?PR?DELAY_5MS?DELAY
            CODE    1372H     001AH     UNIT         ?PR?DELAY_10MS?DELAY
            CODE    138CH     001AH     UNIT         ?PR?DELAY_50MS?DELAY
            CODE    13A6H     001AH     UNIT         ?PR?DELAY_100MS?DELAY
            CODE    13C0H     001AH     UNIT         ?PR?DELAY_500MS?DELAY
            CODE    13DAH     001AH     UNIT         ?PR?TRIGGER_ISP?ISP_DATAFLASH
            CODE    13F4H     0019H     UNIT         ?PR?_DELAY_US?DELAY
            CODE    140DH     0018H     UNIT         ?PR?ENSENSOR_AFTER_CLOSELOCK?OPERATION
            CODE    1425H     0018H     UNIT         ?PR?INIT_PWM?PWM
            CODE    143DH     0018H     UNIT         ?PR?MAIN?MAIN
            CODE    1455H     0017H     UNIT         ?PR?_DELAY?DELAY
            CODE    146CH     0017H     UNIT         ?PR?SLAVE_NEARBY_OPERATION?OPERATION
            CODE    1483H     0016H     UNIT         ?PR?FELL_ALARM_TO_SLAVE?OPERATION
            CODE    1499H     0016H     UNIT         ?PR?RAISE_ALARM_TO_SLAVE?OPERATION
            CODE    14AFH     0016H     UNIT         ?PR?BATSTOLEN_ALARM_TO_SLAVE?OPERATION
            CODE    14C5H     0016H     UNIT         ?PR?ELECMOTOR_DELAY?ELECMOTOR
            CODE    14DBH     0014H     UNIT         ?PR?DISABLE_ISP?ISP_DATAFLASH
            CODE    14EFH     0013H     UNIT         ?PR?HOST_TOUCH_SPEECH?VOICE
            CODE    1502H     0013H     UNIT         ?PR?STOLEN_ALARM_SPEECH2?VOICE
            CODE    1515H     0013H     UNIT         ?PR?ENABLE_ISP?ISP_DATAFLASH
            CODE    1528H     0011H     UNIT         ?PR?ENABLE_SENSOR?OTHER
            CODE    1539H     0011H     UNIT         ?PR?ELECMOTOR_CW?ELECMOTOR
            CODE    154AH     0010H     UNIT         ?PR?ELECMOTOR_DELAY_ACW?ELECMOTOR
            CODE    155AH     000FH     UNIT         ?PR?MOTORBAT_LOW_SPEECH?VOICE
            CODE    1569H     000FH     UNIT         ?PR?ID_SPEECH?VOICE
            CODE    1578H     000FH     UNIT         ?PR?HOST_2NDTOUCH_SPEECH?VOICE
            CODE    1587H     000FH     UNIT         ?PR?STOLEN_ALARM_SPEECH1?VOICE
            CODE    1596H     000FH     UNIT         ?PR?BATTERY_STOLEN_SPEECH?VOICE
            CODE    15A5H     000FH     UNIT         ?PR?CUTTING_WIRE_VOICE?VOICE
            CODE    15B4H     000FH     UNIT         ?PR?PRODUCT_TEST_VOICE?VOICE
            CODE    15C3H     000FH     UNIT         ?PR?BATTERY_LOW_ALARM_SPEECH?VOICE
            CODE    15D2H     000FH     UNIT         ?PR?BATTERY_HIGH_ALARM_SPEECH?VOICE
            CODE    15E1H     000FH     UNIT         ?PR?ALARM_STOLEN_SPEECH?VOICE
            CODE    15F0H     000FH     UNIT         ?PR?ALARM_RAISED_SPEECH?VOICE
            CODE    15FFH     000FH     UNIT         ?PR?ALARM_FELL_SPEECH?VOICE
            CODE    160EH     000FH     UNIT         ?PR?HOST_BATTERY_HIGH_ALARM_SPEECH?VOICE
            CODE    161DH     000FH     UNIT         ?PR?BATTERY_STOLEN_SPEECH_F3?VOICE
            CODE    162CH     000FH     UNIT         ?PR?WIRE_BROKEN_SPEECH?VOICE
BL51 BANKED LINKER/LOCATER V6.22                                                      05/27/2015  11:54:10  PAGE 4


            CODE    163BH     000FH     UNIT         ?PR?LOCK_ROTATED_ON_SPEECH?VOICE
            CODE    164AH     000FH     UNIT         ?PR?LOCK_ROTATED_OFF_SPEECH?VOICE
            CODE    1659H     000EH     UNIT         ?PR?_MAGNET_ACW?OTHER
            CODE    1667H     000EH     UNIT         ?PR?_MAGNET_ACW_TAILI?OTHER
            CODE    1675H     000EH     UNIT         ?PR?ELECMOTOR_ACW?ELECMOTOR
            CODE    1683H     000DH     UNIT         ?PR?CHECKADC?BATTERY
            CODE    1690H     000DH     UNIT         ?PR?SELF_LEARN_SPEECH?VOICE
            CODE    169DH     000CH     UNIT         ?PR?CLOSE_TRANCEIVER?COMMUNICATION
            CODE    16A9H     000BH     UNIT         ?PR?INITSENSOR?OPERATION
            CODE    16B4H     000BH     UNIT         ?PR?OPEN_LOCK_SPEECH?VOICE
            CODE    16BFH     000BH     UNIT         ?PR?CLOSE_LOCK_SPEECH?VOICE
            CODE    16CAH     000AH     UNIT         ?PR?OPEN_TRANCEIVER?COMMUNICATION
            CODE    16D4H     0009H     UNIT         ?PR?INITTRANSCEIVER?COMMUNICATION
            CODE    16DDH     0009H     UNIT         ?PR?IDCERTED_SPEECH?VOICE
            CODE    16E6H     0008H     UNIT         ?PR?MOTO_VIBRATION?OTHER
            CODE    16EEH     0008H     UNIT         ?PR?MYPWM?PWM
            CODE    16F6H     0008H     UNIT         ?PR?_SENDDATA?UART
            CODE    16FEH     0007H     UNIT         ?PR?INITELECMOTOR?ELECMOTOR
            CODE    1705H     0004H     UNIT         ?PR?SEOS_GO_TO_SLEEP?TIMER
            CODE    1709H     0004H     UNIT         ?PR?HSCH_GO_TO_SLEEP?SCHEDULAR
            CODE    170DH     0001H     UNIT         ?PR?KEY_ROTATE_ON_SPEECH?VOICE
            CODE    170EH     0001H     UNIT         ?PR?HSCH_REPORT_STATUS?SCHEDULAR
                    170FH     18F1H                  *** GAP ***
            CODE    3000H     0001H     ABSOLUTE     
            CODE    3001H     0001H     ABSOLUTE     
            CODE    3002H     0001H     ABSOLUTE     
            CODE    3003H     0001H     ABSOLUTE     
            CODE    3004H     0001H     ABSOLUTE     
            CODE    3005H     0001H     ABSOLUTE     



OVERLAY MAP OF MODULE:   DDC-Z (AD)


SEGMENT                                            PDATA_GROUP
  +--> CALLED SEGMENT                            START    LENGTH
----------------------------------------------------------------
?PR?TIMER0?MAIN                                  -----    -----
  +--> ?PR?ENSENSOR_AFTERIDCERT?OPERATION
  +--> ?PR?CHECKADC?BATTERY
  +--> ?PR?ENSENSOR_AFTER_CLOSELOCK?OPERATION
  +--> ?PR?SELFLEARN_RESET?OPERATION
  +--> ?PR?IDCERTED_SPEECH?VOICE
  +--> ?PR?SELF_LEARN_SPEECH?VOICE
  +--> ?PR?SELF_LEARN_PROGRAMMING?ISP_DATAFLASH
  +--> ?PR?DISABLE_SENSOR?OTHER
  +--> ?PR?ELECMOTOR_CW?ELECMOTOR
  +--> ?PR?SLAVE_NEARBY_OPERATION?OPERATION
  +--> ?PR?DELAY_1MS?DELAY
  +--> ?PR?ELECMOTOR_ACW?ELECMOTOR
  +--> ?PR?SLAVE_AWAY_OPERATION?OPERATION
  +--> ?PR?DELAY_500MS?DELAY
  +--> ?PR?HOST_TOUCH_SPEECH?VOICE
  +--> ?PR?_DELAY?DELAY

?PR?ENSENSOR_AFTERIDCERT?OPERATION               -----    -----
BL51 BANKED LINKER/LOCATER V6.22                                                      05/27/2015  11:54:10  PAGE 5


  +--> ?PR?ENABLE_SENSOR?OTHER

?PR?CHECKADC?BATTERY                             -----    -----
  +--> ?PR?_GETADCRESULT?AD

?PR?ENSENSOR_AFTER_CLOSELOCK?OPERATION           -----    -----
  +--> ?PR?ENABLE_SENSOR?OTHER

?PR?IDCERTED_SPEECH?VOICE                        -----    -----
  +--> ?PR?ID_SPEECH?VOICE

?PR?ID_SPEECH?VOICE                              -----    -----
  +--> ?PR?_SC_SPEECH?VOICE
  +--> ?PR?_DELAY?DELAY

?PR?_SC_SPEECH?VOICE                             0087H    0002H
  +--> ?PR?DELAY_50MS?DELAY
  +--> ?PR?_DELAY_US?DELAY

?PR?SELF_LEARN_SPEECH?VOICE                      -----    -----
  +--> ?PR?_SC_SPEECH?VOICE
  +--> ?PR?_DELAY?DELAY

?PR?SELF_LEARN_PROGRAMMING?ISP_DATAFLASH         -----    -----
  +--> ?PR?_FLASH_PAGE_ERASE?ISP_DATAFLASH
  +--> ?PR?_FLASH_WRITE_DATA?ISP_DATAFLASH

?PR?_FLASH_PAGE_ERASE?ISP_DATAFLASH              0084H    0002H
  +--> ?PR?ENABLE_ISP?ISP_DATAFLASH
  +--> ?PR?TRIGGER_ISP?ISP_DATAFLASH
  +--> ?PR?DISABLE_ISP?ISP_DATAFLASH

?PR?ENABLE_ISP?ISP_DATAFLASH                     -----    -----
  +--> ?PR?TRIGGER_ISP?ISP_DATAFLASH

?PR?DISABLE_ISP?ISP_DATAFLASH                    -----    -----
  +--> ?PR?TRIGGER_ISP?ISP_DATAFLASH

?PR?_FLASH_WRITE_DATA?ISP_DATAFLASH              0084H    0003H
  +--> ?PR?ENABLE_ISP?ISP_DATAFLASH
  +--> ?PR?TRIGGER_ISP?ISP_DATAFLASH
  +--> ?PR?DISABLE_ISP?ISP_DATAFLASH

?PR?ELECMOTOR_CW?ELECMOTOR                       -----    -----
  +--> ?PR?ELECMOTOR_CODE?ELECMOTOR
  +--> ?PR?ELECMOTOR_DELAY?ELECMOTOR

?PR?ELECMOTOR_CODE?ELECMOTOR                     0087H    0002H
  +--> ?PR?DELAY_10MS?DELAY
  +--> ?PR?DELAY_5MS?DELAY

?PR?ELECMOTOR_DELAY?ELECMOTOR                    -----    -----
  +--> ?PR?DELAY_500MS?DELAY

?PR?SLAVE_NEARBY_OPERATION?OPERATION             -----    -----
  +--> ?PR?OPEN_LOCK_SPEECH?VOICE
  +--> ?PR?KEY_ROTATE_ON_SPEECH?VOICE
BL51 BANKED LINKER/LOCATER V6.22                                                      05/27/2015  11:54:10  PAGE 6



?PR?OPEN_LOCK_SPEECH?VOICE                       -----    -----
  +--> ?PR?_SC_SPEECH?VOICE
  +--> ?PR?_DELAY?DELAY

?PR?ELECMOTOR_ACW?ELECMOTOR                      -----    -----
  +--> ?PR?ELECMOTOR_DELAY_ACW?ELECMOTOR

?PR?ELECMOTOR_DELAY_ACW?ELECMOTOR                -----    -----
  +--> ?PR?DELAY_500MS?DELAY

?PR?SLAVE_AWAY_OPERATION?OPERATION               -----    -----
  +--> ?PR?CLOSE_LOCK_SPEECH?VOICE
  +--> ?PR?_DELAY?DELAY

?PR?CLOSE_LOCK_SPEECH?VOICE                      -----    -----
  +--> ?PR?_SC_SPEECH?VOICE
  +--> ?PR?_DELAY?DELAY

?PR?HOST_TOUCH_SPEECH?VOICE                      -----    -----
  +--> ?PR?_SC_SPEECH?VOICE
  +--> ?PR?_DELAY?DELAY

*** NEW ROOT ***************************************************

?PR?UART_ISR?MAIN                                -----    -----
  +--> ?PR?DISABLE_SENSOR?OTHER

*** NEW ROOT ***************************************************

?C_C51STARTUP                                    -----    -----
  +--> ?PR?MAIN?MAIN
  +--> ?C_INITSEG

?PR?MAIN?MAIN                                    -----    -----
  +--> ?PR?INITVOICE?VOICE
  +--> ?PR?INITUART9600?UART
  +--> ?PR?INITSENSOR?OPERATION
  +--> ?PR?INITTRANSCEIVER?COMMUNICATION
  +--> ?PR?INITELECMOTOR?ELECMOTOR
  +--> ?PR?HOST_STOLEN_ACTION?OPERATION

?PR?INITVOICE?VOICE                              -----    -----
  +--> ?PR?_DELAY_US?DELAY

?PR?INITUART9600?UART                            -----    -----
  +--> ?PR?_INITT0?TIMER

?PR?INITELECMOTOR?ELECMOTOR                      -----    -----
  +--> ?PR?ELECMOTOR_CW?ELECMOTOR

?PR?HOST_STOLEN_ACTION?OPERATION                 -----    -----
  +--> ?PR?STOLEN_ALARM_SPEECH1?VOICE
  +--> ?PR?STOLEN_ALARM_SPEECH2?VOICE

?PR?STOLEN_ALARM_SPEECH1?VOICE                   -----    -----
  +--> ?PR?_SC_SPEECH?VOICE
BL51 BANKED LINKER/LOCATER V6.22                                                      05/27/2015  11:54:10  PAGE 7


  +--> ?PR?_DELAY?DELAY

?PR?STOLEN_ALARM_SPEECH2?VOICE                   -----    -----
  +--> ?PR?_SC_SPEECH?VOICE
  +--> ?PR?_DELAY?DELAY



SYMBOL TABLE OF MODULE:  DDC-Z (AD)

  VALUE           TYPE          NAME
  ----------------------------------

  -------         MODULE        AD
  C:0000H         SYMBOL        _ICE_DUMMY_
  D:0080H         PUBLIC        P0
  D:0090H         PUBLIC        P1
  D:00A0H         PUBLIC        P2
  D:00B0H         PUBLIC        P3
  D:00A8H         PUBLIC        IE
  D:00E2H         PUBLIC        ADCH
  B:00F8H.4       PUBLIC        ADCI
  D:00B8H         PUBLIC        IP
  B:00F8H.3       PUBLIC        ADCS
  D:00F6H         PUBLIC        P0DIDS
  D:00D8H         PUBLIC        WDCON0
  D:0098H         PUBLIC        SCON
  D:0088H         PUBLIC        TCON
  B:00F8H.0       PUBLIC        AADR0
  B:00F8H.1       PUBLIC        AADR1
  B:00F8H.2       PUBLIC        AADR2
  D:00E8H         PUBLIC        EIE
  D:00F8H         PUBLIC        ADCCON0
  D:00E1H         PUBLIC        ADCCON1
  D:00C0H         PUBLIC        I2CON
  D:00C8H         PUBLIC        T2CON
  C:0902H         PUBLIC        _GetADCResult
  D:00D0H         PUBLIC        PSW
  -------         PROC          _GETADCRESULT
  D:0007H         SYMBOL        ch
  -------         DO            
  D:0005H         SYMBOL        DataL
  D:0002H         SYMBOL        DataH
  -------         ENDDO         
  C:0902H         LINE#         18
  C:0902H         LINE#         19
  C:0902H         LINE#         20
  C:0903H         LINE#         21
  C:0904H         LINE#         23
  C:0909H         LINE#         24
  C:0909H         LINE#         26
  C:090CH         LINE#         28
  C:090EH         LINE#         29
  C:0910H         LINE#         30
  C:0912H         LINE#         32
  C:0915H         LINE#         34
  C:0917H         LINE#         35
BL51 BANKED LINKER/LOCATER V6.22                                                      05/27/2015  11:54:10  PAGE 8


  C:0919H         LINE#         37
  C:091BH         LINE#         38
  C:0922H         LINE#         40
  C:0926H         LINE#         41
  C:0938H         LINE#         43
  C:093CH         LINE#         44
  C:093CH         LINE#         46
  C:0941H         LINE#         47
  C:0941H         LINE#         49
  C:0944H         LINE#         52
  C:0946H         LINE#         53
  C:0948H         LINE#         54
  C:094AH         LINE#         56
  C:094DH         LINE#         58
  C:094FH         LINE#         59
  C:0951H         LINE#         61
  C:0953H         LINE#         62
  C:095AH         LINE#         64
  C:0960H         LINE#         65
  C:0972H         LINE#         67
  C:0976H         LINE#         68
  C:0976H         LINE#         70
  C:0979H         LINE#         71
  -------         ENDPROC       _GETADCRESULT
  -------         ENDMOD        AD

  -------         MODULE        BATTERY
  C:0000H         SYMBOL        _ICE_DUMMY_
  D:0080H         PUBLIC        P0
  D:0090H         PUBLIC        P1
  D:00A0H         PUBLIC        P2
  D:00B0H         PUBLIC        P3
  X:0002H         PUBLIC        Check2_stage
  D:00A8H         PUBLIC        IE
  D:00B8H         PUBLIC        IP
  C:0003H         PUBLIC        _verifybattery
  C:1683H         PUBLIC        CheckADC
  D:00D8H         PUBLIC        WDCON0
  D:0098H         PUBLIC        SCON
  D:0088H         PUBLIC        TCON
  D:00E8H         PUBLIC        EIE
  D:00F8H         PUBLIC        ADCCON0
  D:00C0H         PUBLIC        I2CON
  D:00C8H         PUBLIC        T2CON
  D:00D0H         PUBLIC        PSW
  -------         PROC          CHECKADC
  C:1683H         LINE#         22
  C:1683H         LINE#         23
  C:1683H         LINE#         25
  C:168FH         LINE#         26
  -------         ENDPROC       CHECKADC
  -------         PROC          _VERIFYBATTERY
  X:0000H         SYMBOL        Check2
  C:0003H         LINE#         33
  C:000AH         LINE#         34
  C:000AH         LINE#         193
  -------         ENDPROC       _VERIFYBATTERY
BL51 BANKED LINKER/LOCATER V6.22                                                      05/27/2015  11:54:10  PAGE 9


  -------         ENDMOD        BATTERY

  -------         MODULE        COMMUNICATION
  C:0000H         SYMBOL        _ICE_DUMMY_
  C:0B46H         PUBLIC        receive_byte
  D:0080H         PUBLIC        P0
  D:0090H         PUBLIC        P1
  B:00B0H.0       PUBLIC        receive_wire
  D:00A0H         PUBLIC        P2
  D:00B0H         PUBLIC        P3
  C:1128H         PUBLIC        _ComMode_Data
  C:0CDCH         PUBLIC        _UART_Send_Data
  C:0FFCH         PUBLIC        receive_word
  D:00A8H         PUBLIC        IE
  C:10F4H         PUBLIC        _ComMode_Data_WX
  D:00B8H         PUBLIC        IP
  C:16D4H         PUBLIC        InitTransceiver
  B:0080H.1       PUBLIC        lock_code
  C:0E64H         PUBLIC        _UART_Send_Data_F
  D:00D8H         PUBLIC        WDCON0
  B:0090H.0       PUBLIC        P10
  B:0090H.1       PUBLIC        P11
  C:169DH         PUBLIC        close_tranceiver
  D:0098H         PUBLIC        SCON
  D:0088H         PUBLIC        TCON
  C:0DD4H         PUBLIC        initsignal
  B:00A0H.7       PUBLIC        transmiter_EN
  B:0090H.3       PUBLIC        receiver_EN
  C:16CAH         PUBLIC        open_tranceiver
  C:0A62H         PUBLIC        _send_code_to_lock_Taili
  D:00E8H         PUBLIC        EIE
  B:0088H.4       PUBLIC        TR0
  B:00A0H.3       PUBLIC        MagentControl_2
  D:00F8H         PUBLIC        ADCCON0
  D:00C0H         PUBLIC        I2CON
  C:0E1CH         PUBLIC        initsignal_F
  B:00A0H.6       PUBLIC        transmiter_power
  D:00C8H         PUBLIC        T2CON
  C:0C7CH         PUBLIC        _Send_Data
  C:0BB0H         PUBLIC        receive_byte_Lock
  B:0090H.0       PUBLIC        TXD
  C:0F33H         PUBLIC        UART_Send_Data_match
  C:09EFH         PUBLIC        _send_code_to_lock
  D:00D0H         PUBLIC        PSW
  X:001EH         PUBLIC        myTxRxData
  -------         PROC          INITTRANSCEIVER
  C:16D4H         LINE#         38
  C:16D4H         LINE#         39
  C:16D4H         LINE#         40
  C:16D6H         LINE#         41
  C:16D8H         LINE#         42
  C:16DAH         LINE#         43
  C:16DCH         LINE#         44
  -------         ENDPROC       INITTRANSCEIVER
  -------         PROC          INITSIGNAL
  -------         DO            
  X:0003H         SYMBOL        k
BL51 BANKED LINKER/LOCATER V6.22                                                      05/27/2015  11:54:10  PAGE 10


  X:0004H         SYMBOL        k1
  X:0005H         SYMBOL        mystartbuffer
  -------         ENDDO         
  C:0DD4H         LINE#         53
  C:0DD4H         LINE#         54
  C:0DD4H         LINE#         56
  C:0DD9H         LINE#         57
  C:0DDCH         LINE#         58
  C:0DDCH         LINE#         59
  C:0DE0H         LINE#         60
  C:0DE0H         LINE#         61
  C:0DE3H         LINE#         62
  C:0DE3H         LINE#         63
  C:0DE3H         LINE#         64
  C:0DE3H         LINE#         66
  C:0DE3H         LINE#         68
  C:0DE3H         LINE#         69
  C:0DE5H         LINE#         70
  C:0DEEH         LINE#         72
  C:0DEEH         LINE#         73
  C:0DF0H         LINE#         74
  C:0DF6H         LINE#         75
  C:0DFFH         LINE#         77
  C:0E0AH         LINE#         78
  C:0E0FH         LINE#         81
  C:0E19H         LINE#         82
  C:0E1BH         LINE#         83
  -------         ENDPROC       INITSIGNAL
  -------         PROC          INITSIGNAL_F
  -------         DO            
  X:0006H         SYMBOL        k
  X:0007H         SYMBOL        k1
  X:0008H         SYMBOL        mystartbuffer
  -------         ENDDO         
  C:0E1CH         LINE#         85
  C:0E1CH         LINE#         86
  C:0E1CH         LINE#         88
  C:0E21H         LINE#         89
  C:0E24H         LINE#         90
  C:0E24H         LINE#         91
  C:0E28H         LINE#         92
  C:0E28H         LINE#         93
  C:0E2BH         LINE#         94
  C:0E2BH         LINE#         95
  C:0E2BH         LINE#         96
  C:0E2BH         LINE#         98
  C:0E2BH         LINE#         100
  C:0E2BH         LINE#         101
  C:0E2DH         LINE#         102
  C:0E36H         LINE#         104
  C:0E36H         LINE#         105
  C:0E38H         LINE#         106
  C:0E3EH         LINE#         107
  C:0E47H         LINE#         109
  C:0E52H         LINE#         110
  C:0E57H         LINE#         113
  C:0E61H         LINE#         114
BL51 BANKED LINKER/LOCATER V6.22                                                      05/27/2015  11:54:10  PAGE 11


  C:0E63H         LINE#         115
  -------         ENDPROC       INITSIGNAL_F
  -------         PROC          _SEND_DATA
  X:0009H         SYMBOL        x
  -------         DO            
  X:000AH         SYMBOL        i
  X:000BH         SYMBOL        n
  -------         ENDDO         
  C:0C7CH         LINE#         121
  C:0C80H         LINE#         122
  C:0C80H         LINE#         124
  C:0C83H         LINE#         125
  C:0C83H         LINE#         126
  C:0C87H         LINE#         127
  C:0C87H         LINE#         128
  C:0C91H         LINE#         129
  C:0C91H         LINE#         130
  C:0C93H         LINE#         131
  C:0C9BH         LINE#         132
  C:0C9DH         LINE#         134
  C:0C9DH         LINE#         135
  C:0C9FH         LINE#         136
  C:0CAAH         LINE#         137
  C:0CAAH         LINE#         138
  C:0CACH         LINE#         139
  C:0CBAH         LINE#         140
  C:0CC5H         LINE#         141
  C:0CD0H         LINE#         142
  C:0CDBH         LINE#         143
  -------         ENDPROC       _SEND_DATA
  -------         PROC          _COMMODE_DATA
  X:000CH         SYMBOL        ComMode
  X:000DH         SYMBOL        x
  C:1128H         LINE#         151
  C:1132H         LINE#         152
  C:1132H         LINE#         153
  C:1134H         LINE#         154
  C:1139H         LINE#         155
  C:113BH         LINE#         156
  C:1140H         LINE#         157
  C:1144H         LINE#         158
  C:114AH         LINE#         160
  C:114DH         LINE#         161
  C:1155H         LINE#         163
  C:1157H         LINE#         164
  C:1159H         LINE#         165
  -------         ENDPROC       _COMMODE_DATA
  -------         PROC          _COMMODE_DATA_WX
  X:000FH         SYMBOL        ComMode
  X:0010H         SYMBOL        x
  C:10F4H         LINE#         173
  C:10FEH         LINE#         174
  C:10FEH         LINE#         175
  C:1100H         LINE#         176
  C:1105H         LINE#         177
  C:1107H         LINE#         178
  C:110CH         LINE#         179
BL51 BANKED LINKER/LOCATER V6.22                                                      05/27/2015  11:54:10  PAGE 12


  C:1110H         LINE#         180
  C:1116H         LINE#         182
  C:1119H         LINE#         183
  C:1121H         LINE#         185
  C:1123H         LINE#         186
  C:1125H         LINE#         187
  C:1127H         LINE#         188
  -------         ENDPROC       _COMMODE_DATA_WX
  -------         PROC          _UART_SEND_DATA
  X:0012H         SYMBOL        command
  -------         DO            
  X:0013H         SYMBOL        ii
  -------         ENDDO         
  C:0CDCH         LINE#         193
  C:0CE0H         LINE#         194
  C:0CE0H         LINE#         195
  C:0CE3H         LINE#         196
  C:0CE6H         LINE#         197
  C:0CEEH         LINE#         198
  C:0CF5H         LINE#         199
  C:0CFCH         LINE#         200
  C:0D03H         LINE#         201
  C:0D0AH         LINE#         202
  C:0D10H         LINE#         204
  C:0D13H         LINE#         206
  C:0D17H         LINE#         207
  C:0D17H         LINE#         208
  C:0D22H         LINE#         209
  C:0D25H         LINE#         210
  C:0D30H         LINE#         212
  -------         ENDPROC       _UART_SEND_DATA
  -------         PROC          _UART_SEND_DATA_F
  X:0014H         SYMBOL        command
  -------         DO            
  X:0015H         SYMBOL        ii
  -------         ENDDO         
  C:0E64H         LINE#         219
  C:0E68H         LINE#         220
  C:0E68H         LINE#         221
  C:0E6BH         LINE#         222
  C:0E6EH         LINE#         223
  C:0E76H         LINE#         224
  C:0E7DH         LINE#         225
  C:0E84H         LINE#         226
  C:0E8BH         LINE#         227
  C:0E92H         LINE#         228
  C:0E98H         LINE#         230
  C:0E9BH         LINE#         232
  C:0EA6H         LINE#         234
  -------         ENDPROC       _UART_SEND_DATA_F
  -------         PROC          OPEN_TRANCEIVER
  C:16CAH         LINE#         241
  C:16CAH         LINE#         242
  C:16CAH         LINE#         244
  C:16CDH         LINE#         245
  C:16CFH         LINE#         248
  C:16D1H         LINE#         250
BL51 BANKED LINKER/LOCATER V6.22                                                      05/27/2015  11:54:10  PAGE 13


  C:16D3H         LINE#         251
  -------         ENDPROC       OPEN_TRANCEIVER
  -------         PROC          CLOSE_TRANCEIVER
  C:169DH         LINE#         257
  C:169DH         LINE#         258
  C:169DH         LINE#         259
  C:169FH         LINE#         260
  C:16A1H         LINE#         261
  C:16A3H         LINE#         264
  C:16A6H         LINE#         265
  C:16A8H         LINE#         267
  -------         ENDPROC       CLOSE_TRANCEIVER
  -------         PROC          UART_SEND_DATA_MATCH
  C:0F33H         LINE#         272
  C:0F33H         LINE#         273
  C:0F33H         LINE#         274
  C:0F36H         LINE#         276
  C:0F3BH         LINE#         277
  C:0F3FH         LINE#         278
  C:0F46H         LINE#         279
  C:0F4DH         LINE#         280
  C:0F54H         LINE#         281
  C:0F5BH         LINE#         282
  C:0F62H         LINE#         284
  C:0F65H         LINE#         286
  C:0F70H         LINE#         287
  C:0F73H         LINE#         289
  -------         ENDPROC       UART_SEND_DATA_MATCH
  -------         PROC          RECEIVE_BYTE
  C:0B46H         LINE#         296
  C:0B46H         LINE#         297
  C:0B46H         LINE#         299
  C:0B49H         LINE#         300
  C:0B49H         LINE#         302
  C:0B53H         LINE#         303
  C:0B53H         LINE#         304
  C:0B55H         LINE#         305
  C:0B55H         LINE#         306
  C:0B57H         LINE#         307
  C:0B58H         LINE#         310
  C:0B58H         LINE#         312
  C:0B5BH         LINE#         313
  C:0B5BH         LINE#         315
  C:0B5DH         LINE#         318
  C:0B6CH         LINE#         319
  C:0B6CH         LINE#         321
  C:0B72H         LINE#         322
  C:0B74H         LINE#         323
  C:0B74H         LINE#         324
  C:0B74H         LINE#         325
  C:0B76H         LINE#         327
  C:0B7EH         LINE#         328
  C:0B7EH         LINE#         330
  C:0B84H         LINE#         331
  C:0B87H         LINE#         332
  C:0B8CH         LINE#         333
  C:0B90H         LINE#         334
BL51 BANKED LINKER/LOCATER V6.22                                                      05/27/2015  11:54:10  PAGE 14


  C:0B92H         LINE#         336
  C:0B92H         LINE#         338
  C:0B97H         LINE#         339
  C:0B97H         LINE#         341
  C:0B9BH         LINE#         342
  C:0B9CH         LINE#         344
  C:0B9CH         LINE#         346
  C:0BA6H         LINE#         347
  C:0BA6H         LINE#         348
  C:0BAAH         LINE#         349
  C:0BACH         LINE#         350
  C:0BAFH         LINE#         351
  C:0BAFH         LINE#         352
  C:0BAFH         LINE#         353
  C:0BAFH         LINE#         354
  -------         ENDPROC       RECEIVE_BYTE
  -------         PROC          RECEIVE_BYTE_LOCK
  C:0BB0H         LINE#         360
  C:0BB0H         LINE#         361
  C:0BB0H         LINE#         363
  C:0BB3H         LINE#         364
  C:0BB3H         LINE#         366
  C:0BBDH         LINE#         367
  C:0BBDH         LINE#         368
  C:0BBFH         LINE#         369
  C:0BBFH         LINE#         370
  C:0BC1H         LINE#         371
  C:0BC2H         LINE#         374
  C:0BC2H         LINE#         376
  C:0BC5H         LINE#         377
  C:0BC5H         LINE#         379
  C:0BC7H         LINE#         382
  C:0BD6H         LINE#         383
  C:0BD6H         LINE#         385
  C:0BDCH         LINE#         386
  C:0BDEH         LINE#         387
  C:0BDEH         LINE#         388
  C:0BDEH         LINE#         389
  C:0BE0H         LINE#         391
  C:0BE8H         LINE#         392
  C:0BE8H         LINE#         394
  C:0BEEH         LINE#         395
  C:0BF1H         LINE#         396
  C:0BF6H         LINE#         397
  C:0BFAH         LINE#         398
  C:0BFCH         LINE#         400
  C:0BFCH         LINE#         402
  C:0C01H         LINE#         403
  C:0C01H         LINE#         405
  C:0C05H         LINE#         406
  C:0C06H         LINE#         408
  C:0C06H         LINE#         410
  C:0C10H         LINE#         411
  C:0C10H         LINE#         412
  C:0C14H         LINE#         413
  C:0C16H         LINE#         414
  C:0C19H         LINE#         415
BL51 BANKED LINKER/LOCATER V6.22                                                      05/27/2015  11:54:10  PAGE 15


  C:0C19H         LINE#         416
  C:0C19H         LINE#         417
  C:0C19H         LINE#         418
  -------         ENDPROC       RECEIVE_BYTE_LOCK
  -------         PROC          RECEIVE_WORD
  C:0FFCH         LINE#         424
  C:0FFCH         LINE#         425
  C:0FFCH         LINE#         427
  C:1003H         LINE#         428
  C:1003H         LINE#         429
  C:1004H         LINE#         431
  C:1011H         LINE#         434
  C:101AH         LINE#         435
  C:101AH         LINE#         436
  C:101FH         LINE#         437
  C:1020H         LINE#         439
  C:102AH         LINE#         440
  C:102AH         LINE#         441
  C:102FH         LINE#         442
  C:1030H         LINE#         443
  C:1034H         LINE#         444
  C:1034H         LINE#         445
  C:1036H         LINE#         446
  C:1036H         LINE#         447
  C:1038H         LINE#         449
  C:1038H         LINE#         450
  C:103CH         LINE#         451
  C:103CH         LINE#         452
  C:103CH         LINE#         453
  -------         ENDPROC       RECEIVE_WORD
  -------         PROC          _SEND_CODE_TO_LOCK
  D:0007H         SYMBOL        x
  X:0016H         SYMBOL        y
  -------         DO            
  X:0018H         SYMBOL        i
  X:0019H         SYMBOL        n
  -------         ENDDO         
  C:09EFH         LINE#         460
  C:09F6H         LINE#         461
  C:09F6H         LINE#         463
  C:09FBH         LINE#         464
  C:09FFH         LINE#         465
  C:0A02H         LINE#         471
  C:0A06H         LINE#         472
  C:0A06H         LINE#         473
  C:0A0AH         LINE#         474
  C:0A0AH         LINE#         475
  C:0A14H         LINE#         476
  C:0A14H         LINE#         477
  C:0A16H         LINE#         478
  C:0A1FH         LINE#         479
  C:0A21H         LINE#         481
  C:0A21H         LINE#         482
  C:0A23H         LINE#         483
  C:0A2FH         LINE#         484
  C:0A2FH         LINE#         485
  C:0A31H         LINE#         486
BL51 BANKED LINKER/LOCATER V6.22                                                      05/27/2015  11:54:10  PAGE 16


  C:0A3FH         LINE#         487
  C:0A4BH         LINE#         488
  C:0A56H         LINE#         489
  C:0A61H         LINE#         490
  -------         ENDPROC       _SEND_CODE_TO_LOCK
  -------         PROC          _SEND_CODE_TO_LOCK_TAILI
  D:0007H         SYMBOL        x
  X:001AH         SYMBOL        y
  -------         DO            
  X:001CH         SYMBOL        i
  X:001DH         SYMBOL        n
  -------         ENDDO         
  C:0A62H         LINE#         497
  C:0A69H         LINE#         498
  C:0A69H         LINE#         500
  C:0A6EH         LINE#         501
  C:0A72H         LINE#         502
  C:0A75H         LINE#         508
  C:0A79H         LINE#         509
  C:0A79H         LINE#         510
  C:0A7DH         LINE#         511
  C:0A7DH         LINE#         512
  C:0A87H         LINE#         513
  C:0A87H         LINE#         514
  C:0A89H         LINE#         515
  C:0A92H         LINE#         516
  C:0A94H         LINE#         518
  C:0A94H         LINE#         519
  C:0A96H         LINE#         520
  C:0AA2H         LINE#         521
  C:0AA2H         LINE#         522
  C:0AA4H         LINE#         523
  C:0AB2H         LINE#         524
  C:0ABEH         LINE#         525
  C:0AC9H         LINE#         526
  C:0AD4H         LINE#         527
  -------         ENDPROC       _SEND_CODE_TO_LOCK_TAILI
  -------         ENDMOD        COMMUNICATION

  -------         MODULE        DELAY
  C:0000H         SYMBOL        _ICE_DUMMY_
  D:0080H         PUBLIC        P0
  D:0090H         PUBLIC        P1
  D:00A0H         PUBLIC        P2
  D:00B0H         PUBLIC        P3
  X:002BH         PUBLIC        Timeout_loop
  D:00A8H         PUBLIC        IE
  C:1372H         PUBLIC        Delay_10ms
  C:138CH         PUBLIC        Delay_50ms
  D:00B8H         PUBLIC        IP
  B:0090H.2       PUBLIC        magnet_overcurrent
  D:00D8H         PUBLIC        WDCON0
  C:107CH         PUBLIC        _Magnet_Delay
  D:0098H         PUBLIC        SCON
  D:0088H         PUBLIC        TCON
  C:13A6H         PUBLIC        Delay_100ms
  C:13C0H         PUBLIC        Delay_500ms
BL51 BANKED LINKER/LOCATER V6.22                                                      05/27/2015  11:54:10  PAGE 17


  C:103DH         PUBLIC        _Custom_Delay
  C:12CAH         PUBLIC        _delay_ms
  D:00E8H         PUBLIC        EIE
  D:00F8H         PUBLIC        ADCCON0
  C:13F4H         PUBLIC        _delay_us
  D:00C0H         PUBLIC        I2CON
  C:133EH         PUBLIC        Delay_1ms
  D:00C8H         PUBLIC        T2CON
  C:1358H         PUBLIC        Delay_5ms
  C:1455H         PUBLIC        _Delay
  D:00D0H         PUBLIC        PSW
  -------         PROC          DELAY_1MS
  C:133EH         LINE#         15
  C:133EH         LINE#         16
  C:133EH         LINE#         17
  C:1347H         LINE#         20
  C:1357H         LINE#         21
  -------         ENDPROC       DELAY_1MS
  -------         PROC          DELAY_5MS
  C:1358H         LINE#         23
  C:1358H         LINE#         24
  C:1358H         LINE#         25
  C:1361H         LINE#         28
  C:1371H         LINE#         29
  -------         ENDPROC       DELAY_5MS
  -------         PROC          DELAY_10MS
  C:1372H         LINE#         31
  C:1372H         LINE#         32
  C:1372H         LINE#         33
  C:137BH         LINE#         36
  C:138BH         LINE#         37
  -------         ENDPROC       DELAY_10MS
  -------         PROC          DELAY_50MS
  C:138CH         LINE#         40
  C:138CH         LINE#         41
  C:138CH         LINE#         42
  C:1395H         LINE#         45
  C:13A5H         LINE#         46
  -------         ENDPROC       DELAY_50MS
  -------         PROC          DELAY_100MS
  C:13A6H         LINE#         49
  C:13A6H         LINE#         50
  C:13A6H         LINE#         51
  C:13AFH         LINE#         54
  C:13BFH         LINE#         55
  -------         ENDPROC       DELAY_100MS
  -------         PROC          DELAY_500MS
  C:13C0H         LINE#         58
  C:13C0H         LINE#         59
  C:13C0H         LINE#         60
  C:13C9H         LINE#         63
  C:13D9H         LINE#         64
  -------         ENDPROC       DELAY_500MS
  -------         PROC          _DELAY
  D:0007H         SYMBOL        n
  -------         DO            
  D:0004H         SYMBOL        x
BL51 BANKED LINKER/LOCATER V6.22                                                      05/27/2015  11:54:10  PAGE 18


  -------         ENDDO         
  C:1455H         LINE#         71
  C:1455H         LINE#         72
  C:1455H         LINE#         74
  C:145BH         LINE#         75
  C:145BH         LINE#         76
  C:145FH         LINE#         77
  C:146BH         LINE#         79
  -------         ENDPROC       _DELAY
  -------         PROC          _CUSTOM_DELAY
  D:0007H         SYMBOL        t
  X:0025H         SYMBOL        m
  -------         DO            
  X:0027H         SYMBOL        i
  D:0006H         SYMBOL        j
  -------         ENDDO         
  C:103DH         LINE#         85
  C:1044H         LINE#         86
  C:1044H         LINE#         89
  C:1056H         LINE#         90
  C:107BH         LINE#         91
  -------         ENDPROC       _CUSTOM_DELAY
  -------         PROC          _DELAY_MS
  D:0006H         SYMBOL        count
  -------         DO            
  D:0004H         SYMBOL        i
  D:0002H         SYMBOL        j
  -------         ENDDO         
  C:12CAH         LINE#         98
  C:12CAH         LINE#         99
  C:12CAH         LINE#         101
  C:12D4H         LINE#         102
  C:12D4H         LINE#         103
  C:12E2H         LINE#         104
  C:12E9H         LINE#         105
  -------         ENDPROC       _DELAY_MS
  -------         PROC          _DELAY_US
  D:0006H         SYMBOL        count1
  -------         DO            
  D:0004H         SYMBOL        i
  D:0003H         SYMBOL        j
  -------         ENDDO         
  C:13F4H         LINE#         113
  C:13F4H         LINE#         114
  C:13F4H         LINE#         117
  C:13FEH         LINE#         118
  C:13FEH         LINE#         119
  C:1405H         LINE#         120
  C:140CH         LINE#         121
  -------         ENDPROC       _DELAY_US
  -------         PROC          _MAGNET_DELAY
  X:0029H         SYMBOL        x
  D:0004H         SYMBOL        y
  -------         DO            
  D:0001H         SYMBOL        i
  D:0002H         SYMBOL        j
  -------         ENDDO         
BL51 BANKED LINKER/LOCATER V6.22                                                      05/27/2015  11:54:10  PAGE 19


  C:107CH         LINE#         127
  C:1083H         LINE#         128
  C:1083H         LINE#         131
  C:1085H         LINE#         132
  C:1085H         LINE#         133
  C:1099H         LINE#         134
  C:109EH         LINE#         135
  C:10A0H         LINE#         136
  C:10A0H         LINE#         138
  C:10A3H         LINE#         139
  C:10A3H         LINE#         140
  C:10B4H         LINE#         141
  C:10B4H         LINE#         143
  C:10B4H         LINE#         145
  C:10B4H         LINE#         146
  C:10B9H         LINE#         147
  -------         ENDPROC       _MAGNET_DELAY
  -------         ENDMOD        DELAY

  -------         MODULE        OPERATION
  C:0000H         SYMBOL        _ICE_DUMMY_
  D:0080H         PUBLIC        P0
  D:0090H         PUBLIC        P1
  B:0080H.3       PUBLIC        fell_sensor_detect
  D:00A0H         PUBLIC        P2
  D:00B0H         PUBLIC        P3
  D:00A8H         PUBLIC        IE
  B:0024H.1       PUBLIC        sensor_EN
  C:16A9H         PUBLIC        InitSensor
  D:00B8H         PUBLIC        IP
  C:14AFH         PUBLIC        Batstolen_Alarm_to_Slave
  D:00D8H         PUBLIC        WDCON0
  D:0098H         PUBLIC        SCON
  D:0088H         PUBLIC        TCON
  C:146CH         PUBLIC        slave_nearby_operation
  B:00A0H.4       PUBLIC        key_rotate
  D:00E8H         PUBLIC        EIE
  B:0080H.4       PUBLIC        raised_sensor_detect
  D:00F8H         PUBLIC        ADCCON0
  D:00C0H         PUBLIC        I2CON
  C:12A8H         PUBLIC        ENsensor_afterIDcert
  D:00C8H         PUBLIC        T2CON
  C:1215H         PUBLIC        SelfLearn_Reset
  C:1499H         PUBLIC        Raise_Alarm_to_Slave
  C:1308H         PUBLIC        slave_away_operation
  C:140DH         PUBLIC        ENsensor_After_CloseLock
  B:0024H.2       PUBLIC        enable_sensor_delayEN
  C:1483H         PUBLIC        Fell_Alarm_to_Slave
  D:00D0H         PUBLIC        PSW
  C:0EA9H         PUBLIC        Host_stolen_action
  -------         PROC          SLAVE_AWAY_OPERATION
  C:1308H         LINE#         78
  C:1308H         LINE#         79
  C:1308H         LINE#         81
  C:130BH         LINE#         82
  C:130BH         LINE#         83
  C:130EH         LINE#         90
BL51 BANKED LINKER/LOCATER V6.22                                                      05/27/2015  11:54:10  PAGE 20


  C:130EH         LINE#         92
  C:1310H         LINE#         93
  C:1314H         LINE#         95
  C:1319H         LINE#         96
  C:131DH         LINE#         98
  C:1320H         LINE#         99
  C:1322H         LINE#         100
  -------         ENDPROC       SLAVE_AWAY_OPERATION
  -------         PROC          SLAVE_NEARBY_OPERATION
  C:146CH         LINE#         106
  C:146CH         LINE#         107
  C:146CH         LINE#         108
  C:146EH         LINE#         110
  C:1470H         LINE#         111
  C:1474H         LINE#         112
  C:1476H         LINE#         113
  C:1479H         LINE#         115
  C:147CH         LINE#         116
  C:147CH         LINE#         117
  C:147FH         LINE#         121
  C:1482H         LINE#         122
  C:1482H         LINE#         123
  -------         ENDPROC       SLAVE_NEARBY_OPERATION
  -------         PROC          INITSENSOR
  C:16A9H         LINE#         129
  C:16A9H         LINE#         130
  C:16A9H         LINE#         131
  C:16ABH         LINE#         132
  C:16ADH         LINE#         133
  C:16AFH         LINE#         134
  C:16B1H         LINE#         135
  C:16B3H         LINE#         136
  -------         ENDPROC       INITSENSOR
  -------         PROC          HOST_STOLEN_ACTION
  C:0EA9H         LINE#         142
  C:0EA9H         LINE#         143
  C:0EA9H         LINE#         145
  C:0EB4H         LINE#         146
  C:0EB4H         LINE#         147
  C:0EB6H         LINE#         160
  C:0EB9H         LINE#         161
  C:0EC3H         LINE#         162
  C:0EC3H         LINE#         163
  C:0EC5H         LINE#         164
  C:0EC7H         LINE#         165
  C:0EC9H         LINE#         166
  C:0ECBH         LINE#         167
  C:0ECBH         LINE#         168
  C:0ECBH         LINE#         169
  C:0ED6H         LINE#         170
  C:0ED6H         LINE#         171
  C:0ED8H         LINE#         184
  C:0EDBH         LINE#         185
  C:0EE5H         LINE#         186
  C:0EE5H         LINE#         187
  C:0EE7H         LINE#         188
  C:0EE9H         LINE#         189
BL51 BANKED LINKER/LOCATER V6.22                                                      05/27/2015  11:54:10  PAGE 21


  C:0EEBH         LINE#         190
  C:0EEDH         LINE#         191
  C:0EEDH         LINE#         192
  C:0EEDH         LINE#         193
  -------         ENDPROC       HOST_STOLEN_ACTION
  -------         PROC          ENSENSOR_AFTERIDCERT
  C:12A8H         LINE#         200
  C:12A8H         LINE#         201
  C:12A8H         LINE#         202
  C:12ABH         LINE#         203
  C:12ABH         LINE#         204
  C:12B5H         LINE#         205
  C:12B5H         LINE#         206
  C:12B7H         LINE#         207
  C:12B9H         LINE#         208
  C:12BCH         LINE#         209
  C:12C4H         LINE#         210
  C:12C4H         LINE#         211
  C:12C7H         LINE#         212
  C:12C7H         LINE#         213
  C:12C9H         LINE#         214
  C:12C9H         LINE#         215
  C:12C9H         LINE#         216
  -------         ENDPROC       ENSENSOR_AFTERIDCERT
  -------         PROC          ENSENSOR_AFTER_CLOSELOCK
  C:140DH         LINE#         221
  C:140DH         LINE#         222
  C:140DH         LINE#         223
  C:1413H         LINE#         224
  C:1413H         LINE#         225
  C:141DH         LINE#         226
  C:141DH         LINE#         227
  C:141FH         LINE#         228
  C:1421H         LINE#         229
  C:1424H         LINE#         230
  C:1424H         LINE#         231
  C:1424H         LINE#         232
  -------         ENDPROC       ENSENSOR_AFTER_CLOSELOCK
  -------         PROC          SELFLEARN_RESET
  C:1215H         LINE#         238
  C:1215H         LINE#         239
  C:1215H         LINE#         240
  C:1218H         LINE#         241
  C:1218H         LINE#         242
  C:1222H         LINE#         243
  C:1222H         LINE#         244
  C:1228H         LINE#         245
  C:122DH         LINE#         246
  C:122FH         LINE#         247
  C:1231H         LINE#         248
  C:1233H         LINE#         249
  C:1235H         LINE#         250
  C:1237H         LINE#         251
  C:1239H         LINE#         252
  C:123CH         LINE#         253
  C:123CH         LINE#         254
  C:123CH         LINE#         255
BL51 BANKED LINKER/LOCATER V6.22                                                      05/27/2015  11:54:10  PAGE 22


  -------         ENDPROC       SELFLEARN_RESET
  -------         PROC          FELL_ALARM_TO_SLAVE
  C:1483H         LINE#         261
  C:1483H         LINE#         262
  C:1483H         LINE#         263
  C:148EH         LINE#         264
  C:148EH         LINE#         265
  C:1493H         LINE#         266
  C:1498H         LINE#         267
  C:1498H         LINE#         268
  -------         ENDPROC       FELL_ALARM_TO_SLAVE
  -------         PROC          RAISE_ALARM_TO_SLAVE
  C:1499H         LINE#         274
  C:1499H         LINE#         275
  C:1499H         LINE#         276
  C:14A4H         LINE#         277
  C:14A4H         LINE#         278
  C:14A9H         LINE#         279
  C:14AEH         LINE#         280
  C:14AEH         LINE#         281
  -------         ENDPROC       RAISE_ALARM_TO_SLAVE
  -------         PROC          BATSTOLEN_ALARM_TO_SLAVE
  C:14AFH         LINE#         287
  C:14AFH         LINE#         288
  C:14AFH         LINE#         289
  C:14BAH         LINE#         290
  C:14BAH         LINE#         291
  C:14BFH         LINE#         292
  C:14C4H         LINE#         293
  C:14C4H         LINE#         294
  -------         ENDPROC       BATSTOLEN_ALARM_TO_SLAVE
  -------         ENDMOD        OPERATION

  -------         MODULE        OTHER
  C:0000H         SYMBOL        _ICE_DUMMY_
  D:0080H         PUBLIC        P0
  D:0090H         PUBLIC        P1
  D:00A0H         PUBLIC        P2
  D:00B0H         PUBLIC        P3
  D:00A8H         PUBLIC        IE
  C:1667H         PUBLIC        _magnet_ACW_Taili
  B:00A0H.4       PUBLIC        Moto_EN
  D:00B8H         PUBLIC        IP
  D:00D8H         PUBLIC        WDCON0
  D:0098H         PUBLIC        SCON
  D:0088H         PUBLIC        TCON
  C:16E6H         PUBLIC        Moto_Vibration
  C:1659H         PUBLIC        _magnet_ACW
  C:118BH         PUBLIC        _magnet_CW_Taili
  D:00E8H         PUBLIC        EIE
  C:0EEEH         PUBLIC        disable_sensor
  B:00A0H.2       PUBLIC        MagentControl_1
  B:00A0H.3       PUBLIC        MagentControl_2
  D:00F8H         PUBLIC        ADCCON0
  D:00C0H         PUBLIC        I2CON
  D:00C8H         PUBLIC        T2CON
  C:1528H         PUBLIC        enable_sensor
BL51 BANKED LINKER/LOCATER V6.22                                                      05/27/2015  11:54:10  PAGE 23


  C:115AH         PUBLIC        _magnet_CW
  D:00D0H         PUBLIC        PSW
  B:0080H.5       PUBLIC        Externalmotor
  -------         PROC          _MAGNET_CW
  X:002DH         SYMBOL        x
  X:002FH         SYMBOL        y
  D:0003H         SYMBOL        z
  C:115AH         LINE#         44
  C:1167H         LINE#         45
  C:1167H         LINE#         47
  C:1170H         LINE#         49
  C:1172H         LINE#         50
  C:1174H         LINE#         51
  C:1184H         LINE#         52
  C:1186H         LINE#         53
  C:1188H         LINE#         54
  C:118AH         LINE#         55
  -------         ENDPROC       _MAGNET_CW
  -------         PROC          _MAGNET_CW_TAILI
  X:0031H         SYMBOL        x
  X:0033H         SYMBOL        y
  D:0003H         SYMBOL        z
  C:118BH         LINE#         61
  C:1198H         LINE#         62
  C:1198H         LINE#         64
  C:11A1H         LINE#         66
  C:11A3H         LINE#         67
  C:11A5H         LINE#         68
  C:11B5H         LINE#         69
  C:11B7H         LINE#         70
  C:11B9H         LINE#         71
  C:11BBH         LINE#         72
  -------         ENDPROC       _MAGNET_CW_TAILI
  -------         PROC          _MAGNET_ACW
  D:0006H         SYMBOL        x
  D:0004H         SYMBOL        y
  C:1659H         LINE#         78
  C:1659H         LINE#         79
  C:1659H         LINE#         80
  C:165BH         LINE#         81
  C:165DH         LINE#         82
  C:165FH         LINE#         83
  C:1662H         LINE#         84
  C:1664H         LINE#         85
  C:1666H         LINE#         86
  -------         ENDPROC       _MAGNET_ACW
  -------         PROC          _MAGNET_ACW_TAILI
  D:0006H         SYMBOL        x
  D:0004H         SYMBOL        y
  C:1667H         LINE#         92
  C:1667H         LINE#         93
  C:1667H         LINE#         94
  C:1669H         LINE#         95
  C:166BH         LINE#         96
  C:166DH         LINE#         97
  C:1670H         LINE#         98
  C:1672H         LINE#         99
BL51 BANKED LINKER/LOCATER V6.22                                                      05/27/2015  11:54:10  PAGE 24


  C:1674H         LINE#         100
  -------         ENDPROC       _MAGNET_ACW_TAILI
  -------         PROC          DISABLE_SENSOR
  C:0EEEH         LINE#         106
  C:0EEEH         LINE#         107
  C:0EEEH         LINE#         109
  C:0EF0H         LINE#         110
  C:0EF2H         LINE#         112
  C:0EF4H         LINE#         113
  C:0EF6H         LINE#         114
  C:0EFAH         LINE#         115
  C:0EFDH         LINE#         116
  C:0F00H         LINE#         117
  C:0F05H         LINE#         118
  C:0F0AH         LINE#         119
  C:0F0FH         LINE#         120
  C:0F12H         LINE#         121
  C:0F15H         LINE#         122
  C:0F17H         LINE#         123
  C:0F19H         LINE#         124
  C:0F1CH         LINE#         125
  C:0F1EH         LINE#         126
  C:0F21H         LINE#         128
  C:0F23H         LINE#         131
  C:0F26H         LINE#         132
  C:0F28H         LINE#         134
  C:0F2AH         LINE#         135
  C:0F2DH         LINE#         137
  C:0F2FH         LINE#         138
  C:0F32H         LINE#         139
  -------         ENDPROC       DISABLE_SENSOR
  -------         PROC          ENABLE_SENSOR
  C:1528H         LINE#         145
  C:1528H         LINE#         146
  C:1528H         LINE#         148
  C:152AH         LINE#         149
  C:152CH         LINE#         151
  C:1530H         LINE#         152
  C:1533H         LINE#         153
  C:1535H         LINE#         154
  C:1538H         LINE#         155
  -------         ENDPROC       ENABLE_SENSOR
  -------         PROC          MOTO_VIBRATION
  C:16E6H         LINE#         161
  C:16E6H         LINE#         162
  C:16E6H         LINE#         163
  C:16E8H         LINE#         164
  C:16EBH         LINE#         165
  C:16EDH         LINE#         166
  -------         ENDPROC       MOTO_VIBRATION
  -------         ENDMOD        OTHER

  -------         MODULE        PWM
  C:0000H         SYMBOL        _ICE_DUMMY_
  D:0080H         PUBLIC        P0
  D:0090H         PUBLIC        P1
  D:00A0H         PUBLIC        P2
BL51 BANKED LINKER/LOCATER V6.22                                                      05/27/2015  11:54:10  PAGE 25


  D:00B0H         PUBLIC        P3
  D:00DCH         PUBLIC        PWMCON0
  D:00D1H         PUBLIC        PWMPH
  D:00A8H         PUBLIC        IE
  D:00D9H         PUBLIC        PWMPL
  C:0C1AH         PUBLIC        _PWM_Channel
  D:00B8H         PUBLIC        IP
  C:16EEH         PUBLIC        myPwm
  D:00D8H         PUBLIC        WDCON0
  D:0098H         PUBLIC        SCON
  D:0088H         PUBLIC        TCON
  D:00E8H         PUBLIC        EIE
  D:00F8H         PUBLIC        ADCCON0
  D:00C0H         PUBLIC        I2CON
  X:0035H         PUBLIC        PWM_shadow
  D:00C8H         PUBLIC        T2CON
  C:1425H         PUBLIC        Init_PWM
  D:00D2H         PUBLIC        PWM0H
  D:00D3H         PUBLIC        PWM1H
  D:00D5H         PUBLIC        PWM2H
  D:00D6H         PUBLIC        PWM3H
  D:00DAH         PUBLIC        PWM0L
  D:00DBH         PUBLIC        PWM1L
  D:00DDH         PUBLIC        PWM2L
  D:00DEH         PUBLIC        PWM3L
  D:00D0H         PUBLIC        PSW
  -------         PROC          INIT_PWM
  C:1425H         LINE#         19
  C:1425H         LINE#         20
  C:1425H         LINE#         22
  C:1428H         LINE#         24
  C:1430H         LINE#         26
  C:1439H         LINE#         27
  C:143CH         LINE#         28
  -------         ENDPROC       INIT_PWM
  -------         PROC          _PWM_CHANNEL
  D:0007H         SYMBOL        Channel
  C:0C1AH         LINE#         34
  C:0C1AH         LINE#         35
  C:0C1AH         LINE#         36
  C:0C28H         LINE#         37
  C:0C28H         LINE#         39
  C:0C28H         LINE#         40
  C:0C28H         LINE#         41
  C:0C30H         LINE#         42
  C:0C39H         LINE#         43
  C:0C3CH         LINE#         44
  C:0C3CH         LINE#         45
  C:0C3DH         LINE#         47
  C:0C3DH         LINE#         48
  C:0C3DH         LINE#         49
  C:0C45H         LINE#         50
  C:0C4EH         LINE#         51
  C:0C51H         LINE#         52
  C:0C51H         LINE#         53
  C:0C52H         LINE#         55
  C:0C52H         LINE#         56
BL51 BANKED LINKER/LOCATER V6.22                                                      05/27/2015  11:54:10  PAGE 26


  C:0C52H         LINE#         57
  C:0C5AH         LINE#         58
  C:0C63H         LINE#         59
  C:0C66H         LINE#         60
  C:0C66H         LINE#         61
  C:0C67H         LINE#         63
  C:0C67H         LINE#         64
  C:0C67H         LINE#         65
  C:0C6FH         LINE#         66
  C:0C78H         LINE#         67
  C:0C7BH         LINE#         68
  C:0C7BH         LINE#         69
  C:0C7BH         LINE#         70
  C:0C7BH         LINE#         71
  -------         ENDPROC       _PWM_CHANNEL
  -------         PROC          MYPWM
  C:16EEH         LINE#         77
  C:16EEH         LINE#         78
  C:16EEH         LINE#         80
  C:16F3H         LINE#         82
  -------         ENDPROC       MYPWM
  -------         ENDMOD        PWM

  -------         MODULE        TIMER
  C:0000H         SYMBOL        _ICE_DUMMY_
  D:0080H         PUBLIC        P0
  D:0090H         PUBLIC        P1
  D:00A0H         PUBLIC        P2
  D:00B0H         PUBLIC        P3
  B:00A8H.7       PUBLIC        EA
  D:00A8H         PUBLIC        IE
  D:00B8H         PUBLIC        IP
  C:123DH         PUBLIC        _InitT0
  C:097AH         PUBLIC        _InitTimer
  D:00D8H         PUBLIC        WDCON0
  D:0087H         PUBLIC        PCON
  D:0098H         PUBLIC        SCON
  X:0039H         PUBLIC        timer0_8H
  D:0089H         PUBLIC        TMOD
  D:0088H         PUBLIC        TCON
  X:003AH         PUBLIC        timer1_8H
  X:003BH         PUBLIC        timer0_8L
  X:003CH         PUBLIC        timer1_8L
  B:00A8H.1       PUBLIC        ET0
  B:00A8H.3       PUBLIC        ET1
  D:008CH         PUBLIC        TH0
  D:008DH         PUBLIC        TH1
  D:008AH         PUBLIC        TL0
  D:008BH         PUBLIC        TL1
  D:00E8H         PUBLIC        EIE
  B:00B8H.3       PUBLIC        PT1
  B:0088H.4       PUBLIC        TR0
  B:0088H.6       PUBLIC        TR1
  D:00F8H         PUBLIC        ADCCON0
  D:00C0H         PUBLIC        I2CON
  D:00C8H         PUBLIC        T2CON
  C:1705H         PUBLIC        sEOS_Go_To_Sleep
BL51 BANKED LINKER/LOCATER V6.22                                                      05/27/2015  11:54:10  PAGE 27


  D:00D0H         PUBLIC        PSW
  -------         PROC          _INITTIMER
  D:0007H         SYMBOL        Tick_ms_T0
  X:0037H         SYMBOL        Tick_us_T1
  -------         DO            
  D:0004H         SYMBOL        Inc_T0
  D:0004H         SYMBOL        Inc_T1
  D:0004H         SYMBOL        timer0_16
  D:0004H         SYMBOL        timer1_16
  -------         ENDDO         
  C:097AH         LINE#         29
  C:0981H         LINE#         30
  C:0981H         LINE#         35
  C:0993H         LINE#         36
  C:0999H         LINE#         37
  C:099CH         LINE#         38
  C:09A0H         LINE#         41
  C:09BFH         LINE#         42
  C:09C7H         LINE#         43
  C:09CBH         LINE#         44
  C:09D1H         LINE#         46
  C:09D4H         LINE#         48
  C:09D9H         LINE#         49
  C:09DEH         LINE#         50
  C:09E0H         LINE#         51
  C:09E2H         LINE#         53
  C:09E4H         LINE#         54
  C:09E6H         LINE#         55
  C:09E8H         LINE#         56
  C:09EAH         LINE#         57
  C:09ECH         LINE#         58
  C:09EEH         LINE#         59
  -------         ENDPROC       _INITTIMER
  -------         PROC          _INITT0
  D:0007H         SYMBOL        Tick_ms_T0
  -------         DO            
  D:0004H         SYMBOL        Inc_T0
  D:0004H         SYMBOL        timer0_16
  -------         ENDDO         
  C:123DH         LINE#         64
  C:123DH         LINE#         65
  C:123DH         LINE#         70
  C:124FH         LINE#         71
  C:1255H         LINE#         72
  C:1258H         LINE#         73
  C:125CH         LINE#         74
  C:125FH         LINE#         75
  C:1261H         LINE#         76
  -------         ENDPROC       _INITT0
  -------         PROC          SEOS_GO_TO_SLEEP
  C:1705H         LINE#         82
  C:1705H         LINE#         83
  C:1705H         LINE#         84
  C:1708H         LINE#         85
  -------         ENDPROC       SEOS_GO_TO_SLEEP
  -------         ENDMOD        TIMER

BL51 BANKED LINKER/LOCATER V6.22                                                      05/27/2015  11:54:10  PAGE 28


  -------         MODULE        UART
  C:0000H         SYMBOL        _ICE_DUMMY_
  D:0080H         PUBLIC        P0
  D:0090H         PUBLIC        P1
  D:00A0H         PUBLIC        P2
  D:00B0H         PUBLIC        P3
  B:00A8H.7       PUBLIC        EA
  C:16F6H         PUBLIC        _SendData
  D:00A8H         PUBLIC        IE
  B:00A8H.4       PUBLIC        ES
  D:00B8H         PUBLIC        IP
  B:0098H.0       PUBLIC        RI
  B:0098H.1       PUBLIC        TI
  B:00B8H.4       PUBLIC        PS
  C:1262H         PUBLIC        InitUART9600
  D:00D8H         PUBLIC        WDCON0
  D:0099H         PUBLIC        SBUF
  D:0098H         PUBLIC        SCON
  D:0089H         PUBLIC        TMOD
  D:0088H         PUBLIC        TCON
  B:00A8H.1       PUBLIC        ET0
  D:008DH         PUBLIC        TH1
  D:008BH         PUBLIC        TL1
  D:00E8H         PUBLIC        EIE
  B:0088H.6       PUBLIC        TR1
  D:00F8H         PUBLIC        ADCCON0
  D:00C0H         PUBLIC        I2CON
  D:00C8H         PUBLIC        T2CON
  C:1285H         PUBLIC        InitUART600
  C:11EAH         PUBLIC        _SendNByte
  D:00A2H         PUBLIC        AUXR1
  D:00D0H         PUBLIC        PSW
  -------         PROC          INITUART9600
  C:1262H         LINE#         18
  C:1262H         LINE#         19
  C:1262H         LINE#         20
  C:1265H         LINE#         21
  C:1268H         LINE#         22
  C:126BH         LINE#         23
  C:1271H         LINE#         24
  C:1273H         LINE#         26
  C:1278H         LINE#         27
  C:127AH         LINE#         28
  C:127CH         LINE#         29
  C:127EH         LINE#         30
  C:1280H         LINE#         31
  C:1282H         LINE#         32
  C:1284H         LINE#         33
  -------         ENDPROC       INITUART9600
  -------         PROC          INITUART600
  C:1285H         LINE#         35
  C:1285H         LINE#         36
  C:1285H         LINE#         37
  C:1288H         LINE#         38
  C:128BH         LINE#         39
  C:128EH         LINE#         40
  C:1294H         LINE#         41
BL51 BANKED LINKER/LOCATER V6.22                                                      05/27/2015  11:54:10  PAGE 29


  C:1296H         LINE#         43
  C:129BH         LINE#         44
  C:129DH         LINE#         45
  C:129FH         LINE#         46
  C:12A1H         LINE#         47
  C:12A3H         LINE#         48
  C:12A5H         LINE#         49
  C:12A7H         LINE#         50
  -------         ENDPROC       INITUART600
  -------         PROC          _SENDDATA
  D:0007H         SYMBOL        dat
  C:16F6H         LINE#         56
  C:16F6H         LINE#         57
  C:16F6H         LINE#         58
  C:16F8H         LINE#         59
  C:16FBH         LINE#         60
  C:16FDH         LINE#         61
  -------         ENDPROC       _SENDDATA
  -------         PROC          _SENDNBYTE
  X:003DH         SYMBOL        buf
  D:0005H         SYMBOL        len
  C:11EAH         LINE#         66
  C:11F4H         LINE#         67
  C:11F4H         LINE#         68
  C:11FAH         LINE#         69
  C:11FAH         LINE#         70
  C:1212H         LINE#         71
  C:1214H         LINE#         72
  -------         ENDPROC       _SENDNBYTE
  -------         ENDMOD        UART

  -------         MODULE        VOICE
  C:0000H         SYMBOL        _ICE_DUMMY_
  D:0080H         PUBLIC        P0
  D:0090H         PUBLIC        P1
  C:16BFH         PUBLIC        close_lock_speech
  D:00A0H         PUBLIC        P2
  D:00B0H         PUBLIC        P3
  B:0090H.4       PUBLIC        voice_EN
  D:00A8H         PUBLIC        IE
  C:1323H         PUBLIC        InitVoice
  B:00A0H.1       PUBLIC        SC_DATA
  C:1587H         PUBLIC        stolen_alarm_speech1
  C:1502H         PUBLIC        stolen_alarm_speech2
  D:00B8H         PUBLIC        IP
  C:16B4H         PUBLIC        open_lock_speech
  C:155AH         PUBLIC        motorBAT_low_speech
  C:163BH         PUBLIC        lock_rotated_on_speech
  C:14EFH         PUBLIC        host_touch_speech
  C:15F0H         PUBLIC        Alarm_raised_speech
  C:1578H         PUBLIC        host_2ndtouch_speech
  D:00D8H         PUBLIC        WDCON0
  C:161DH         PUBLIC        battery_stolen_speech_F3
  C:15D2H         PUBLIC        Battery_high_alarm_speech
  D:0098H         PUBLIC        SCON
  B:0090H.4       PUBLIC        P14
  D:0088H         PUBLIC        TCON
BL51 BANKED LINKER/LOCATER V6.22                                                      05/27/2015  11:54:10  PAGE 30


  C:15A5H         PUBLIC        Cutting_Wire_Voice
  C:15B4H         PUBLIC        Product_Test_Voice
  C:15E1H         PUBLIC        Alarm_stolen_speech
  X:0040H         PUBLIC        key_rotate_on_speech_number
  C:160EH         PUBLIC        Host_battery_high_alarm_speech
  C:15FFH         PUBLIC        Alarm_fell_speech
  C:10BEH         PUBLIC        _SC_Speech
  D:00E8H         PUBLIC        EIE
  C:1596H         PUBLIC        battery_stolen_speech
  C:170DH         PUBLIC        key_rotate_on_speech
  D:00F8H         PUBLIC        ADCCON0
  D:00C0H         PUBLIC        I2CON
  C:1690H         PUBLIC        Self_learn_speech
  C:15C3H         PUBLIC        Battery_low_alarm_speech
  C:16DDH         PUBLIC        IDcerted_speech
  D:00C8H         PUBLIC        T2CON
  C:1569H         PUBLIC        ID_speech
  B:00A0H.0       PUBLIC        SC_RST
  D:00D0H         PUBLIC        PSW
  C:162CH         PUBLIC        wire_broken_speech
  C:164AH         PUBLIC        lock_rotated_off_speech
  C:10BAH         SYMBOL        L?0032
  -------         PROC          L?0031
  -------         ENDPROC       L?0031
  C:10BAH         SYMBOL        L?0032
  -------         PROC          _SC_SPEECH
  X:0087H         SYMBOL        cnt
  -------         DO            
  X:0088H         SYMBOL        ii
  -------         ENDDO         
  C:10BEH         LINE#         26
  C:10C2H         LINE#         27
  C:10C2H         LINE#         29
  C:10C4H         LINE#         31
  C:10C7H         LINE#         32
  C:10C9H         LINE#         34
  C:10CCH         LINE#         35
  C:10DAH         LINE#         36
  C:10DAH         LINE#         37
  C:10DCH         LINE#         38
  C:10E3H         LINE#         39
  C:10E5H         LINE#         40
  C:10ECH         LINE#         41
  C:10F3H         LINE#         42
  -------         ENDPROC       _SC_SPEECH
  -------         PROC          INITVOICE
  C:1323H         LINE#         48
  C:1323H         LINE#         49
  C:1323H         LINE#         50
  C:1325H         LINE#         51
  C:1327H         LINE#         52
  C:1329H         LINE#         53
  C:1330H         LINE#         54
  C:1332H         LINE#         55
  C:1339H         LINE#         56
  C:133BH         LINE#         58
  C:133DH         LINE#         59
BL51 BANKED LINKER/LOCATER V6.22                                                      05/27/2015  11:54:10  PAGE 31


  -------         ENDPROC       INITVOICE
  -------         PROC          KEY_ROTATE_ON_SPEECH
  C:170DH         LINE#         65
  C:170DH         LINE#         66
  C:170DH         LINE#         73
  -------         ENDPROC       KEY_ROTATE_ON_SPEECH
  -------         PROC          MOTORBAT_LOW_SPEECH
  C:155AH         LINE#         91
  C:155AH         LINE#         92
  C:155AH         LINE#         93
  C:155CH         LINE#         94
  C:1561H         LINE#         95
  C:1566H         LINE#         96
  C:1568H         LINE#         97
  -------         ENDPROC       MOTORBAT_LOW_SPEECH
  -------         PROC          ID_SPEECH
  C:1569H         LINE#         103
  C:1569H         LINE#         104
  C:1569H         LINE#         105
  C:156BH         LINE#         106
  C:1570H         LINE#         107
  C:1575H         LINE#         108
  C:1577H         LINE#         109
  -------         ENDPROC       ID_SPEECH
  -------         PROC          SELF_LEARN_SPEECH
  C:1690H         LINE#         115
  C:1690H         LINE#         116
  C:1690H         LINE#         117
  C:1690H         LINE#         118
  C:1693H         LINE#         119
  C:1698H         LINE#         120
  C:169AH         LINE#         121
  C:169CH         LINE#         122
  -------         ENDPROC       SELF_LEARN_SPEECH
  -------         PROC          HOST_TOUCH_SPEECH
  C:14EFH         LINE#         128
  C:14EFH         LINE#         129
  C:14EFH         LINE#         130
  C:14F1H         LINE#         131
  C:14F6H         LINE#         132
  C:14FBH         LINE#         133
  C:14FDH         LINE#         134
  -------         ENDPROC       HOST_TOUCH_SPEECH
  -------         PROC          HOST_2NDTOUCH_SPEECH
  C:1578H         LINE#         141
  C:1578H         LINE#         142
  C:1578H         LINE#         143
  C:157AH         LINE#         144
  C:157FH         LINE#         145
  C:1584H         LINE#         146
  C:1586H         LINE#         148
  -------         ENDPROC       HOST_2NDTOUCH_SPEECH
  -------         PROC          STOLEN_ALARM_SPEECH1
  C:1587H         LINE#         154
  C:1587H         LINE#         155
  C:1587H         LINE#         156
  C:1589H         LINE#         157
BL51 BANKED LINKER/LOCATER V6.22                                                      05/27/2015  11:54:10  PAGE 32


  C:158EH         LINE#         158
  C:1593H         LINE#         159
  C:1595H         LINE#         160
  -------         ENDPROC       STOLEN_ALARM_SPEECH1
  -------         PROC          STOLEN_ALARM_SPEECH2
  C:1502H         LINE#         166
  C:1502H         LINE#         167
  C:1502H         LINE#         168
  C:1504H         LINE#         169
  C:1509H         LINE#         170
  C:150EH         LINE#         171
  C:1510H         LINE#         172
  -------         ENDPROC       STOLEN_ALARM_SPEECH2
  -------         PROC          OPEN_LOCK_SPEECH
  C:16B4H         LINE#         179
  C:16B4H         LINE#         180
  C:16B4H         LINE#         190
  C:16B4H         LINE#         191
  C:16B7H         LINE#         192
  C:16BCH         LINE#         193
  C:16BEH         LINE#         194
  -------         ENDPROC       OPEN_LOCK_SPEECH
  -------         PROC          CLOSE_LOCK_SPEECH
  C:16BFH         LINE#         200
  C:16BFH         LINE#         201
  C:16BFH         LINE#         202
  C:16BFH         LINE#         204
  C:16C2H         LINE#         205
  C:16C7H         LINE#         206
  C:16C9H         LINE#         207
  -------         ENDPROC       CLOSE_LOCK_SPEECH
  -------         PROC          BATTERY_STOLEN_SPEECH
  C:1596H         LINE#         213
  C:1596H         LINE#         214
  C:1596H         LINE#         215
  C:1598H         LINE#         216
  C:159DH         LINE#         217
  C:15A2H         LINE#         218
  C:15A4H         LINE#         219
  -------         ENDPROC       BATTERY_STOLEN_SPEECH
  -------         PROC          CUTTING_WIRE_VOICE
  C:15A5H         LINE#         225
  C:15A5H         LINE#         226
  C:15A5H         LINE#         227
  C:15A7H         LINE#         228
  C:15ACH         LINE#         229
  C:15B1H         LINE#         230
  C:15B3H         LINE#         231
  -------         ENDPROC       CUTTING_WIRE_VOICE
  -------         PROC          PRODUCT_TEST_VOICE
  C:15B4H         LINE#         237
  C:15B4H         LINE#         238
  C:15B4H         LINE#         239
  C:15B6H         LINE#         240
  C:15BBH         LINE#         241
  C:15C0H         LINE#         242
  C:15C2H         LINE#         243
BL51 BANKED LINKER/LOCATER V6.22                                                      05/27/2015  11:54:10  PAGE 33


  -------         ENDPROC       PRODUCT_TEST_VOICE
  -------         PROC          BATTERY_LOW_ALARM_SPEECH
  C:15C3H         LINE#         249
  C:15C3H         LINE#         250
  C:15C3H         LINE#         251
  C:15C5H         LINE#         252
  C:15CAH         LINE#         253
  C:15CFH         LINE#         254
  C:15D1H         LINE#         255
  -------         ENDPROC       BATTERY_LOW_ALARM_SPEECH
  -------         PROC          BATTERY_HIGH_ALARM_SPEECH
  C:15D2H         LINE#         261
  C:15D2H         LINE#         262
  C:15D2H         LINE#         263
  C:15D4H         LINE#         264
  C:15D9H         LINE#         265
  C:15DEH         LINE#         266
  C:15E0H         LINE#         267
  -------         ENDPROC       BATTERY_HIGH_ALARM_SPEECH
  -------         PROC          ALARM_STOLEN_SPEECH
  C:15E1H         LINE#         273
  C:15E1H         LINE#         274
  C:15E1H         LINE#         275
  C:15E3H         LINE#         276
  C:15E8H         LINE#         277
  C:15EDH         LINE#         278
  C:15EFH         LINE#         279
  -------         ENDPROC       ALARM_STOLEN_SPEECH
  -------         PROC          ALARM_RAISED_SPEECH
  C:15F0H         LINE#         285
  C:15F0H         LINE#         286
  C:15F0H         LINE#         287
  C:15F2H         LINE#         288
  C:15F7H         LINE#         289
  C:15FCH         LINE#         290
  C:15FEH         LINE#         291
  -------         ENDPROC       ALARM_RAISED_SPEECH
  -------         PROC          ALARM_FELL_SPEECH
  C:15FFH         LINE#         297
  C:15FFH         LINE#         298
  C:15FFH         LINE#         299
  C:1601H         LINE#         300
  C:1606H         LINE#         301
  C:160BH         LINE#         302
  C:160DH         LINE#         303
  -------         ENDPROC       ALARM_FELL_SPEECH
  -------         PROC          HOST_BATTERY_HIGH_ALARM_SPEECH
  C:160EH         LINE#         309
  C:160EH         LINE#         310
  C:160EH         LINE#         311
  C:1610H         LINE#         312
  C:1615H         LINE#         313
  C:161AH         LINE#         314
  C:161CH         LINE#         315
[...]
  C:1450H         LINE#         147
  C:1453H         LINE#         148
  -------         ENDPROC       MAIN
  -------         PROC          TIMER0
  C:0026H         LINE#         156
  C:0043H         LINE#         159
  C:0048H         LINE#         160
BL51 BANKED LINKER/LOCATER V6.22                                                      05/27/2015  11:54:10  PAGE 44


  C:004DH         LINE#         163
  C:0064H         LINE#         164
  C:0064H         LINE#         166
  C:0068H         LINE#         169
  C:006BH         LINE#         172
  C:006EH         LINE#         174
  C:0071H         LINE#         176
  C:0074H         LINE#         210
  C:0074H         LINE#         212
  C:0077H         LINE#         214
  C:007AH         LINE#         215
  C:007AH         LINE#         216
  C:007CH         LINE#         217
  C:007FH         LINE#         218
  C:007FH         LINE#         220
  C:0085H         LINE#         221
  C:0085H         LINE#         222
  C:0088H         LINE#         223
  C:0088H         LINE#         224
  C:008EH         LINE#         226
  C:00A5H         LINE#         227
  C:00A5H         LINE#         228
  C:00ACH         LINE#         229
  C:00AEH         LINE#         230
  C:00B0H         LINE#         231
  C:00B2H         LINE#         232
  C:00B4H         LINE#         233
  C:00B6H         LINE#         234
  C:00B8H         LINE#         236
  C:00B8H         LINE#         237
  C:00BAH         LINE#         238
  C:00BDH         LINE#         239
  C:00BFH         LINE#         240
  C:00C2H         LINE#         241
  C:00C4H         LINE#         242
  C:00C4H         LINE#         243
  C:00C6H         LINE#         245
  C:00C6H         LINE#         246
  C:00CCH         LINE#         248
  C:00CFH         LINE#         249
  C:00D1H         LINE#         251
  C:00D4H         LINE#         252
  C:00D6H         LINE#         254
  C:00D9H         LINE#         255
  C:00D9H         LINE#         256
  C:00DBH         LINE#         260
  C:00DBH         LINE#         262
  C:00F2H         LINE#         263
  C:00F2H         LINE#         264
  C:00F9H         LINE#         265
  C:00FBH         LINE#         266
  C:00FDH         LINE#         267
  C:00FFH         LINE#         268
  C:0101H         LINE#         269
  C:0103H         LINE#         270
  C:0105H         LINE#         271
  C:0105H         LINE#         272
BL51 BANKED LINKER/LOCATER V6.22                                                      05/27/2015  11:54:10  PAGE 45


  C:0105H         LINE#         273
  C:0105H         LINE#         275
  C:0108H         LINE#         276
  C:0108H         LINE#         277
  C:010AH         LINE#         278
  C:010CH         LINE#         279
  C:010EH         LINE#         280
  C:0110H         LINE#         281
  C:0112H         LINE#         282
  C:0114H         LINE#         283
  C:0116H         LINE#         284
  C:0118H         LINE#         286
  C:011BH         LINE#         288
  C:011EH         LINE#         292
  C:011EH         LINE#         295
  C:012CH         LINE#         296
  C:012CH         LINE#         297
  C:012FH         LINE#         298
  C:0134H         LINE#         299
  C:0136H         LINE#         301
  C:013AH         LINE#         302
  C:013CH         LINE#         303
  C:013FH         LINE#         304
  C:0141H         LINE#         305
  C:0144H         LINE#         306
  C:0147H         LINE#         307
  C:0147H         LINE#         310
  C:0154H         LINE#         311
  C:0154H         LINE#         312
  C:015AH         LINE#         313
  C:015AH         LINE#         314
  C:015DH         LINE#         315
  C:0163H         LINE#         316
  C:0163H         LINE#         317
  C:0166H         LINE#         319
  C:016AH         LINE#         320
  C:016DH         LINE#         321
  C:016FH         LINE#         322
  C:0171H         LINE#         323
  C:0171H         LINE#         324
  C:0171H         LINE#         325
  C:0171H         LINE#         327
  C:0177H         LINE#         328
  C:0177H         LINE#         329
  C:0179H         LINE#         330
  C:017FH         LINE#         331
  C:017FH         LINE#         332
  C:0182H         LINE#         333
  C:0182H         LINE#         334
  C:0199H         LINE#         335
  C:0199H         LINE#         336
  C:019BH         LINE#         337
  C:019FH         LINE#         338
  C:019FH         LINE#         339
  C:019FH         LINE#         341
  C:01A2H         LINE#         342
  C:01A2H         LINE#         343
BL51 BANKED LINKER/LOCATER V6.22                                                      05/27/2015  11:54:10  PAGE 46


  C:01A4H         LINE#         344
  C:01AAH         LINE#         345
  C:01AAH         LINE#         346
  C:01ADH         LINE#         347
  C:01ADH         LINE#         348
  C:01C4H         LINE#         349
  C:01C4H         LINE#         350
  C:01C6H         LINE#         351
  C:01CAH         LINE#         352
  C:01CAH         LINE#         353
  C:01CAH         LINE#         355
  C:01D0H         LINE#         356
  C:01D0H         LINE#         357
  C:01D2H         LINE#         358
  C:01D8H         LINE#         359
  C:01D8H         LINE#         365
  C:01DEH         LINE#         366
  C:01DEH         LINE#         368
  C:01F1H         LINE#         369
  C:01F1H         LINE#         371
  C:01F1H         LINE#         372
  C:01F1H         LINE#         375
  C:0200H         LINE#         376
  C:0200H         LINE#         378
  C:020DH         LINE#         379
  C:020DH         LINE#         380
  C:020FH         LINE#         383
  C:0213H         LINE#         387
  C:0216H         LINE#         388
  C:0219H         LINE#         389
  C:021CH         LINE#         390
  C:021FH         LINE#         391
  C:021FH         LINE#         392
  C:0222H         LINE#         394
  C:0222H         LINE#         396
  C:0226H         LINE#         397
  C:0226H         LINE#         398
  C:0226H         LINE#         399
  C:0229H         LINE#         402
  C:0229H         LINE#         403
  C:0229H         LINE#         404
  C:022FH         LINE#         405
  C:022FH         LINE#         407
  C:0239H         LINE#         408
  C:0239H         LINE#         409
  C:023BH         LINE#         410
  C:0240H         LINE#         413
  C:0243H         LINE#         414
  C:0243H         LINE#         415
  C:0245H         LINE#         417
  C:0245H         LINE#         418
  C:0249H         LINE#         419
  C:0249H         LINE#         422
  C:0260H         LINE#         423
  C:0260H         LINE#         424
  C:0264H         LINE#         425
  C:0267H         LINE#         426
BL51 BANKED LINKER/LOCATER V6.22                                                      05/27/2015  11:54:10  PAGE 47


  C:026AH         LINE#         427
  C:026FH         LINE#         428
  C:026FH         LINE#         429
  C:026FH         LINE#         430
  C:0271H         LINE#         433
  C:0271H         LINE#         434
  C:0271H         LINE#         435
  C:0277H         LINE#         436
  C:0277H         LINE#         438
  C:0281H         LINE#         439
  C:0281H         LINE#         440
  C:0283H         LINE#         442
  C:0285H         LINE#         443
  C:0287H         LINE#         444
  C:0289H         LINE#         445
  C:0289H         LINE#         446
  C:028BH         LINE#         448
  C:028BH         LINE#         449
  C:028FH         LINE#         450
  C:028FH         LINE#         453
  C:02A6H         LINE#         454
  C:02A6H         LINE#         455
  C:02AAH         LINE#         456
  C:02ADH         LINE#         457
  C:02B0H         LINE#         458
  C:02B5H         LINE#         459
  C:02BAH         LINE#         460
  C:02C3H         LINE#         461
  C:02C7H         LINE#         462
  C:02CAH         LINE#         463
  C:02CAH         LINE#         464
  C:02CAH         LINE#         465
  C:02CAH         LINE#         466
  C:02CAH         LINE#         469
  C:02D5H         LINE#         470
  C:02D5H         LINE#         471
  C:02DCH         LINE#         472
  C:02DCH         LINE#         473
  C:02DEH         LINE#         474
  C:02E0H         LINE#         475
  C:02E3H         LINE#         476
  C:02E5H         LINE#         477
  C:02E5H         LINE#         478
  C:02E7H         LINE#         479
  C:02EDH         LINE#         480
  C:02EDH         LINE#         481
  C:02F1H         LINE#         482
  C:02F3H         LINE#         483
  C:02F5H         LINE#         484
  C:02F5H         LINE#         486
  C:02FDH         LINE#         487
  C:02FDH         LINE#         488
  C:02FFH         LINE#         489
  C:0301H         LINE#         491
  C:0303H         LINE#         492
  C:0303H         LINE#         496
  C:0306H         LINE#         497
BL51 BANKED LINKER/LOCATER V6.22                                                      05/27/2015  11:54:10  PAGE 48


  C:0306H         LINE#         499
  C:0309H         LINE#         500
  C:0309H         LINE#         502
  C:0311H         LINE#         503
  C:0311H         LINE#         505
  C:0313H         LINE#         506
  C:0315H         LINE#         508
  C:0318H         LINE#         509
  C:0318H         LINE#         511
  C:031AH         LINE#         512
  C:031AH         LINE#         513
  C:031AH         LINE#         514
  C:031CH         LINE#         516
  C:031CH         LINE#         517
  C:031EH         LINE#         518
  C:0322H         LINE#         519
  C:0325H         LINE#         520
  C:0327H         LINE#         521
  C:0327H         LINE#         523
  C:032AH         LINE#         524
  C:032AH         LINE#         526
  C:0332H         LINE#         527
  C:0332H         LINE#         529
  C:0334H         LINE#         530
  C:0336H         LINE#         532
  C:0339H         LINE#         533
  C:0339H         LINE#         534
  C:033BH         LINE#         535
  C:033BH         LINE#         536
  C:033BH         LINE#         537
  C:033DH         LINE#         539
  C:033DH         LINE#         540
  C:033FH         LINE#         541
  C:0343H         LINE#         542
  C:0346H         LINE#         543
  C:0348H         LINE#         544
  C:0348H         LINE#         545
  C:0348H         LINE#         548
  C:034BH         LINE#         549
  C:034BH         LINE#         550
  C:0362H         LINE#         551
  C:0362H         LINE#         552
  C:0364H         LINE#         553
  C:0368H         LINE#         554
  C:036AH         LINE#         556
  C:036DH         LINE#         557
  C:0370H         LINE#         558
  C:0373H         LINE#         559
  C:0378H         LINE#         560
  C:037DH         LINE#         561
  C:0386H         LINE#         562
  C:038AH         LINE#         563
  C:038DH         LINE#         564
  C:038DH         LINE#         565
  C:038DH         LINE#         568
  C:039FH         LINE#         569
  C:039FH         LINE#         570
BL51 BANKED LINKER/LOCATER V6.22                                                      05/27/2015  11:54:10  PAGE 49


  C:03A4H         LINE#         571
  C:03AAH         LINE#         572
  C:03AAH         LINE#         573
  C:03ACH         LINE#         574
  C:03B2H         LINE#         575
  C:03B2H         LINE#         576
  C:03B2H         LINE#         577
  C:03C9H         LINE#         578
  C:03C9H         LINE#         579
  C:03D0H         LINE#         580
  C:03D2H         LINE#         581
  C:03D2H         LINE#         582
  -------         ENDPROC       TIMER0
  -------         PROC          UART_ISR
  C:0556H         LINE#         587
  C:0573H         LINE#         589
  C:0579H         LINE#         590
  C:0579H         LINE#         591
  C:057BH         LINE#         592
  C:0585H         LINE#         596
  C:058BH         LINE#         597
  C:058BH         LINE#         599
  C:0594H         LINE#         600
  C:0594H         LINE#         601
  C:0599H         LINE#         602
  C:059CH         LINE#         603
  C:05A7H         LINE#         604
  C:05A7H         LINE#         605
  C:05ACH         LINE#         606
  C:05AFH         LINE#         607
  C:05BCH         LINE#         608
  C:05BCH         LINE#         609
  C:05C1H         LINE#         610
  C:05C3H         LINE#         611
  C:05CDH         LINE#         612
  C:05CDH         LINE#         613
  C:05D2H         LINE#         614
  C:05D4H         LINE#         615
  C:05E0H         LINE#         616
  C:05E0H         LINE#         617
  C:05E5H         LINE#         618
  C:05E7H         LINE#         620
  C:05F5H         LINE#         621
  C:05F5H         LINE#         622
  C:05F8H         LINE#         623
  C:05FAH         LINE#         624
  C:05FDH         LINE#         625
  C:0600H         LINE#         626
  C:0602H         LINE#         628
  C:060EH         LINE#         629
  C:060EH         LINE#         630
  C:0610H         LINE#         631
  C:0610H         LINE#         632
  C:061AH         LINE#         633
  C:061AH         LINE#         634
  C:061CH         LINE#         635
  C:061EH         LINE#         636
BL51 BANKED LINKER/LOCATER V6.22                                                      05/27/2015  11:54:10  PAGE 50


  C:0620H         LINE#         637
  C:0622H         LINE#         638
  C:0622H         LINE#         639
  C:0624H         LINE#         649
  C:0624H         LINE#         650
  C:0628H         LINE#         651
  C:0628H         LINE#         670
  C:062AH         LINE#         672
  C:062AH         LINE#         674
  C:0634H         LINE#         675
  C:0634H         LINE#         676
  C:0636H         LINE#         677
  C:0638H         LINE#         678
  C:0638H         LINE#         680
  C:0638H         LINE#         681
  C:0638H         LINE#         682
  -------         ENDPROC       UART_ISR
  -------         ENDMOD        MAIN

  -------         MODULE        ?C?CLDPTR
  C:03EDH         PUBLIC        ?C?CLDPTR
  -------         ENDMOD        ?C?CLDPTR

  -------         MODULE        ?C?LMUL
  C:0406H         PUBLIC        ?C?LMUL
  -------         ENDMOD        ?C?LMUL

  -------         MODULE        ?C?ULDIV
  C:0491H         PUBLIC        ?C?ULDIV
  -------         ENDMOD        ?C?ULDIV

  -------         MODULE        ?C?ICALL
  C:0523H         PUBLIC        ?C?ICALL
  C:0527H         PUBLIC        ?C?ICALL2
  -------         ENDMOD        ?C?ICALL

  -------         MODULE        ?C?LIMUL
  C:0529H         PUBLIC        ?C?LIMUL
  -------         ENDMOD        ?C?LIMUL

*** WARNING L16: UNCALLED SEGMENT, IGNORED FOR OVERLAY PROCESS
    SEGMENT: ?PR?_VERIFYBATTERY?BATTERY

*** WARNING L16: UNCALLED SEGMENT, IGNORED FOR OVERLAY PROCESS
    SEGMENT: ?PR?_COMMODE_DATA?COMMUNICATION

*** WARNING L16: UNCALLED SEGMENT, IGNORED FOR OVERLAY PROCESS
    SEGMENT: ?PR?_COMMODE_DATA_WX?COMMUNICATION

*** WARNING L16: UNCALLED SEGMENT, IGNORED FOR OVERLAY PROCESS
    SEGMENT: ?PR?_UART_SEND_DATA_F?COMMUNICATION

*** WARNING L16: UNCALLED SEGMENT, IGNORED FOR OVERLAY PROCESS
    SEGMENT: ?PR?UART_SEND_DATA_MATCH?COMMUNICATION

*** WARNING L16: UNCALLED SEGMENT, IGNORED FOR OVERLAY PROCESS
    SEGMENT: ?PR?RECEIVE_BYTE?COMMUNICATION
BL51 BANKED LINKER/LOCATER V6.22                                                      05/27/2015  11:54:10  PAGE 51



*** WARNING L16: UNCALLED SEGMENT, IGNORED FOR OVERLAY PROCESS
    SEGMENT: ?PR?RECEIVE_BYTE_LOCK?COMMUNICATION

*** WARNING L16: UNCALLED SEGMENT, IGNORED FOR OVERLAY PROCESS
    SEGMENT: ?PR?RECEIVE_WORD?COMMUNICATION

*** WARNING L16: UNCALLED SEGMENT, IGNORED FOR OVERLAY PROCESS
    SEGMENT: ?PR?DELAY_100MS?DELAY

*** WARNING L16: UNCALLED SEGMENT, IGNORED FOR OVERLAY PROCESS
    SEGMENT: ?PR?_DELAY_MS?DELAY

*** WARNING L16: UNCALLED SEGMENT, IGNORED FOR OVERLAY PROCESS
    SEGMENT: ?PR?FELL_ALARM_TO_SLAVE?OPERATION

*** WARNING L16: UNCALLED SEGMENT, IGNORED FOR OVERLAY PROCESS
    SEGMENT: ?PR?RAISE_ALARM_TO_SLAVE?OPERATION

*** WARNING L16: UNCALLED SEGMENT, IGNORED FOR OVERLAY PROCESS
    SEGMENT: ?PR?BATSTOLEN_ALARM_TO_SLAVE?OPERATION

*** WARNING L16: UNCALLED SEGMENT, IGNORED FOR OVERLAY PROCESS
    SEGMENT: ?PR?_MAGNET_CW?OTHER

*** WARNING L16: UNCALLED SEGMENT, IGNORED FOR OVERLAY PROCESS
    SEGMENT: ?PR?_MAGNET_CW_TAILI?OTHER

*** WARNING L16: UNCALLED SEGMENT, IGNORED FOR OVERLAY PROCESS
    SEGMENT: ?PR?_MAGNET_ACW?OTHER

*** WARNING L16: UNCALLED SEGMENT, IGNORED FOR OVERLAY PROCESS
    SEGMENT: ?PR?_MAGNET_ACW_TAILI?OTHER

*** WARNING L16: UNCALLED SEGMENT, IGNORED FOR OVERLAY PROCESS
    SEGMENT: ?PR?MOTO_VIBRATION?OTHER

*** WARNING L16: UNCALLED SEGMENT, IGNORED FOR OVERLAY PROCESS
    SEGMENT: ?PR?MYPWM?PWM

*** WARNING L16: UNCALLED SEGMENT, IGNORED FOR OVERLAY PROCESS
    SEGMENT: ?PR?_INITTIMER?TIMER

*** WARNING L16: UNCALLED SEGMENT, IGNORED FOR OVERLAY PROCESS
    SEGMENT: ?PR?SEOS_GO_TO_SLEEP?TIMER

*** WARNING L16: UNCALLED SEGMENT, IGNORED FOR OVERLAY PROCESS
    SEGMENT: ?PR?MOTORBAT_LOW_SPEECH?VOICE

*** WARNING L16: UNCALLED SEGMENT, IGNORED FOR OVERLAY PROCESS
    SEGMENT: ?PR?HOST_2NDTOUCH_SPEECH?VOICE

*** WARNING L16: UNCALLED SEGMENT, IGNORED FOR OVERLAY PROCESS
    SEGMENT: ?PR?BATTERY_STOLEN_SPEECH?VOICE

*** WARNING L16: UNCALLED SEGMENT, IGNORED FOR OVERLAY PROCESS
    SEGMENT: ?PR?CUTTING_WIRE_VOICE?VOICE
BL51 BANKED LINKER/LOCATER V6.22                                                      05/27/2015  11:54:10  PAGE 52



*** WARNING L16: UNCALLED SEGMENT, IGNORED FOR OVERLAY PROCESS
    SEGMENT: ?PR?PRODUCT_TEST_VOICE?VOICE

*** WARNING L16: UNCALLED SEGMENT, IGNORED FOR OVERLAY PROCESS
    SEGMENT: ?PR?BATTERY_LOW_ALARM_SPEECH?VOICE

*** WARNING L16: UNCALLED SEGMENT, IGNORED FOR OVERLAY PROCESS
    SEGMENT: ?PR?BATTERY_HIGH_ALARM_SPEECH?VOICE

*** WARNING L16: UNCALLED SEGMENT, IGNORED FOR OVERLAY PROCESS
    SEGMENT: ?PR?ALARM_STOLEN_SPEECH?VOICE

*** WARNING L16: UNCALLED SEGMENT, IGNORED FOR OVERLAY PROCESS
    SEGMENT: ?PR?ALARM_RAISED_SPEECH?VOICE

*** WARNING L16: UNCALLED SEGMENT, IGNORED FOR OVERLAY PROCESS
    SEGMENT: ?PR?ALARM_FELL_SPEECH?VOICE

*** WARNING L16: UNCALLED SEGMENT, IGNORED FOR OVERLAY PROCESS
    SEGMENT: ?PR?HOST_BATTERY_HIGH_ALARM_SPEECH?VOICE

*** WARNING L16: UNCALLED SEGMENT, IGNORED FOR OVERLAY PROCESS
    SEGMENT: ?PR?BATTERY_STOLEN_SPEECH_F3?VOICE

*** WARNING L16: UNCALLED SEGMENT, IGNORED FOR OVERLAY PROCESS
    SEGMENT: ?PR?WIRE_BROKEN_SPEECH?VOICE

*** WARNING L16: UNCALLED SEGMENT, IGNORED FOR OVERLAY PROCESS
    SEGMENT: ?PR?LOCK_ROTATED_ON_SPEECH?VOICE

*** WARNING L16: UNCALLED SEGMENT, IGNORED FOR OVERLAY PROCESS
    SEGMENT: ?PR?LOCK_ROTATED_OFF_SPEECH?VOICE

*** WARNING L16: UNCALLED SEGMENT, IGNORED FOR OVERLAY PROCESS
    SEGMENT: ?PR?_FLASH_READ_DATA?ISP_DATAFLASH

*** WARNING L16: UNCALLED SEGMENT, IGNORED FOR OVERLAY PROCESS
    SEGMENT: ?PR?SELF_LEARN_PROGRAMMING_F?ISP_DATAFLASH

*** WARNING L16: UNCALLED SEGMENT, IGNORED FOR OVERLAY PROCESS
    SEGMENT: ?PR?HSCH_DISPATCH_TASKS?SCHEDULAR

*** WARNING L16: UNCALLED SEGMENT, IGNORED FOR OVERLAY PROCESS
    SEGMENT: ?PR?_HSCH_ADD_TASK?SCHEDULAR

*** WARNING L16: UNCALLED SEGMENT, IGNORED FOR OVERLAY PROCESS
    SEGMENT: ?PR?_HSCH_DELETE_TASK?SCHEDULAR

*** WARNING L16: UNCALLED SEGMENT, IGNORED FOR OVERLAY PROCESS
    SEGMENT: ?PR?HSCH_UPDATE?SCHEDULAR

*** WARNING L15: MULTIPLE CALL TO SEGMENT
    SEGMENT: ?PR?ELECMOTOR_CODE?ELECMOTOR
    CALLER1: ?PR?TIMER0?MAIN
    CALLER2: ?C_C51STARTUP

BL51 BANKED LINKER/LOCATER V6.22                                                      05/27/2015  11:54:10  PAGE 53


*** WARNING L15: MULTIPLE CALL TO SEGMENT
    SEGMENT: ?PR?_SC_SPEECH?VOICE
    CALLER1: ?PR?TIMER0?MAIN
    CALLER2: ?C_C51STARTUP

Program Size: data=53.5 xdata=137 code=5909
LINK/LOCATE RUN COMPLETE.  44 WARNING(S),  0 ERROR(S)
