BL51 BANKED LINKER/LOCATER V6.22                                                        11/03/2016  14:51:08  PAGE 1


BL51 BANKED LINKER/LOCATER V6.22, INVOKED BY:
D:\PROGRAM FILES (X86)\KEIL_V5\C51\BIN\BL51.EXE .\AD.obj, .\Battery.obj, .\communication.obj, .\Delay.obj, .\operation.o
>> bj, .\Other.obj, .\pwm.obj, .\Timer.obj, .\UART.obj, .\voice.obj, .\ISP_DataFlash.obj, .\ElecMotor.obj, .\Schedular.o
>> bj, Main.obj TO DDC-Z RAMSIZE (256)


MEMORY MODEL: COMPACT


INPUT MODULES INCLUDED:
  .\AD.obj (AD)
  .\Battery.obj (BATTERY)
  .\communication.obj (COMMUNICATION)
  .\Delay.obj (DELAY)
  .\operation.obj (OPERATION)
  .\Other.obj (OTHER)
  .\pwm.obj (PWM)
  .\Timer.obj (TIMER)
  .\UART.obj (UART)
  .\voice.obj (VOICE)
  .\ISP_DataFlash.obj (ISP_DATAFLASH)
  .\ElecMotor.obj (ELECMOTOR)
  .\Schedular.obj (SCHEDULAR)
  Main.obj (MAIN)
  D:\PROGRAM FILES (X86)\KEIL_V5\C51\LIB\C51C.LIB (?C_STARTUP)
  D:\PROGRAM FILES (X86)\KEIL_V5\C51\LIB\C51C.LIB (?C?CLDPTR)
  D:\PROGRAM FILES (X86)\KEIL_V5\C51\LIB\C51C.LIB (?C?LMUL)
  D:\PROGRAM FILES (X86)\KEIL_V5\C51\LIB\C51C.LIB (?C?ULDIV)
  D:\PROGRAM FILES (X86)\KEIL_V5\C51\LIB\C51C.LIB (?C?LNEG)
  D:\PROGRAM FILES (X86)\KEIL_V5\C51\LIB\C51C.LIB (?C?ICALL)
  D:\PROGRAM FILES (X86)\KEIL_V5\C51\LIB\C51C.LIB (?C?LIMUL)
  D:\PROGRAM FILES (X86)\KEIL_V5\C51\LIB\C51C.LIB (?C_INIT)


LINK MAP OF MODULE:  DDC-Z (AD)


            TYPE    BASE      LENGTH    RELOCATION   SEGMENT NAME
            -----------------------------------------------------

            * * * * * * *   D A T A   M E M O R Y   * * * * * * *
            REG     0000H     0008H     ABSOLUTE     "REG BANK 0"
                    0008H     0018H                  *** GAP ***
            BIT     0020H.0   0004H.7   UNIT         ?BI?MAIN
            BIT     0024H.7   0000H.3   UNIT         ?BI?OPERATION
            BIT     0025H.2   0000H.1   UNIT         ?BI?ELECMOTOR
            BIT     0025H.3   0000H.1   UNIT         ?BI?_HSCH_ADD_TASK?SCHEDULAR
            BIT     0025H.4   0000H.1   UNIT         _BIT_GROUP_
                    0025H.5   0000H.3                *** GAP ***
            DATA    0026H     0028H     UNIT         ?DT?SCHEDULAR
            IDATA   004EH     0001H     UNIT         ?STACK

            * * * * * * *  X D A T A   M E M O R Y  * * * * * * *
            XDATA   0000H     0002H     INPAGE       ?PD?BATTERY
            XDATA   0002H     0003H     INPAGE       ?PD?INITSIGNAL?COMMUNICATION
            XDATA   0005H     0003H     INPAGE       ?PD?INITSIGNAL_F?COMMUNICATION
            XDATA   0008H     0003H     INPAGE       ?PD?_SEND_DATA?COMMUNICATION
            XDATA   000BH     0003H     INPAGE       ?PD?_COMMODE_DATA?COMMUNICATION
BL51 BANKED LINKER/LOCATER V6.22                                                      11/03/2016  14:51:08  PAGE 2


            XDATA   000EH     0003H     INPAGE       ?PD?_COMMODE_DATA_WX?COMMUNICATION
            XDATA   0011H     0002H     INPAGE       ?PD?_UART_SEND_DATA?COMMUNICATION
            XDATA   0013H     0002H     INPAGE       ?PD?_UART_SEND_DATA_F?COMMUNICATION
            XDATA   0015H     0002H     INPAGE       ?PD?_UART_SEND_DATA_F2?COMMUNICATION
            XDATA   0017H     0001H     INPAGE       ?PD?_UART_SEND_DATA_F3?COMMUNICATION
            XDATA   0018H     0004H     INPAGE       ?PD?_SEND_CODE_TO_LOCK?COMMUNICATION
            XDATA   001CH     0004H     INPAGE       ?PD?_SEND_CODE_TO_LOCK_TAILI?COMMUNICATION
            XDATA   0020H     0001H     INPAGE       ?PD?_UART_SEND_DATA_BROADTEST?COMMUNICATION
            XDATA   0021H     0007H     INPAGE       ?PD?COMMUNICATION
            XDATA   0028H     0004H     INPAGE       ?PD?_CUSTOM_DELAY?DELAY
            XDATA   002CH     0002H     INPAGE       ?PD?_MAGNET_DELAY?DELAY
            XDATA   002EH     0002H     INPAGE       ?PD?DELAY
            XDATA   0030H     000AH     INPAGE       ?PD?OPERATION
            XDATA   003AH     0004H     INPAGE       ?PD?_MAGNET_CW?OTHER
            XDATA   003EH     0004H     INPAGE       ?PD?_MAGNET_CW_TAILI?OTHER
            XDATA   0042H     0002H     INPAGE       ?PD?PWM
            XDATA   0044H     0002H     INPAGE       ?PD?_INITTIMER?TIMER
            XDATA   0046H     0004H     INPAGE       ?PD?TIMER
            XDATA   004AH     0003H     INPAGE       ?PD?_SENDNBYTE?UART
            XDATA   004DH     0001H     INPAGE       ?PD?VOICE
            XDATA   004EH     0003H     INPAGE       ?PD?_FLASH_READ_DATA?ISP_DATAFLASH
            XDATA   0051H     0001H     INPAGE       ?PD?ELECMOTOR
            XDATA   0052H     0001H     INPAGE       ?PD?HSCH_DISPATCH_TASKS?SCHEDULAR
            XDATA   0053H     0002H     INPAGE       ?PD?_HSCH_ADD_TASK?SCHEDULAR
            XDATA   0055H     0001H     INPAGE       ?PD?HSCH_UPDATE?SCHEDULAR
            XDATA   0056H     0004H     INPAGE       ?PD?SCHEDULAR
            XDATA   005AH     003CH     INPAGE       ?PD?MAIN
            XDATA   0096H     0008H     INPAGE       _PDATA_GROUP_

            * * * * * * *   C O D E   M E M O R Y   * * * * * * *
            CODE    0000H     0003H     ABSOLUTE     
            CODE    0003H     0008H     INBLOCK      ?PR?MOTO_VIBRATION?OTHER
            CODE    000BH     0003H     ABSOLUTE     
            CODE    000EH     0015H     INBLOCK      ?PR?SELF_LEARN_SPEECH?VOICE
            CODE    0023H     0003H     ABSOLUTE     
            CODE    0026H     0262H     INBLOCK      ?PR?TIMER0?MAIN
            CODE    0288H     01B3H     INBLOCK      ?PR?_VERIFYBATTERY?BATTERY
            CODE    043BH     0177H     UNIT         ?C?LIB_CODE
            CODE    05B2H     011DH     INBLOCK      ?PR?UART_ISR?MAIN
            CODE    06CFH     0114H     UNIT         ?C_INITSEG
            CODE    07E3H     001AH     INBLOCK      ?PR?DELAY_1MS?DELAY
            CODE    07FDH     0003H     INBLOCK      ?PR?CLOSE_TRANCEIVER?COMMUNICATION
            CODE    0800H     00C2H     INBLOCK      ?PR?HSCH_UPDATE?SCHEDULAR
            CODE    08C2H     008CH     UNIT         ?C_C51STARTUP
            CODE    094EH     007DH     INBLOCK      ?PR?_HSCH_ADD_TASK?SCHEDULAR
            CODE    09CBH     0078H     INBLOCK      ?PR?_GETADCRESULT?AD
            CODE    0A43H     0075H     INBLOCK      ?PR?_INITTIMER?TIMER
            CODE    0AB8H     0074H     INBLOCK      ?PR?INITSIGNAL?COMMUNICATION
            CODE    0B2CH     0073H     INBLOCK      ?PR?_SEND_CODE_TO_LOCK?COMMUNICATION
            CODE    0B9FH     0073H     INBLOCK      ?PR?_SEND_CODE_TO_LOCK_TAILI?COMMUNICATION
            CODE    0C12H     0073H     INBLOCK      ?PR?DETECT_SELFLEARN_ACTION?OPERATION
            CODE    0C85H     0071H     INBLOCK      ?PR?HSCH_DISPATCH_TASKS?SCHEDULAR
            CODE    0CF6H     006FH     INBLOCK      ?PR?DETECT_VIBRATION?OPERATION
            CODE    0D65H     006AH     INBLOCK      ?PR?RECEIVE_BYTE?COMMUNICATION
            CODE    0DCFH     006AH     INBLOCK      ?PR?RECEIVE_BYTE_LOCK?COMMUNICATION
            CODE    0E39H     0062H     INBLOCK      ?PR?_PWM_CHANNEL?PWM
            CODE    0E9BH     0060H     INBLOCK      ?PR?_SEND_DATA?COMMUNICATION
BL51 BANKED LINKER/LOCATER V6.22                                                      11/03/2016  14:51:08  PAGE 3


            CODE    0EFBH     005AH     INBLOCK      ?PR?_UART_SEND_DATA?COMMUNICATION
            CODE    0F55H     0059H     INBLOCK      ?PR?DETECT_CLOSE_ACTION?OPERATION
            CODE    0FAEH     004DH     INBLOCK      ?PR?_UART_SEND_DATA_F2?COMMUNICATION
            CODE    0FFBH     0005H     INBLOCK      ?PR?OPEN_TRANCEIVER?COMMUNICATION
            CODE    1000H     0056H     INBLOCK      ?PR?ELECMOTOR_CODE?ELECMOTOR
            CODE    1056H     004CH     INBLOCK      ?PR?_INITT0?TIMER
            CODE    10A2H     004BH     INBLOCK      ?PR?_UART_SEND_DATA_BROADTEST?COMMUNICATION
            CODE    10EDH     004BH     INBLOCK      ?PR?_HSCH_DELETE_TASK?SCHEDULAR
            CODE    1138H     0048H     INBLOCK      ?PR?INITSIGNAL_F?COMMUNICATION
            CODE    1180H     0047H     INBLOCK      ?PR?_UART_SEND_DATA_F?COMMUNICATION
            CODE    11C7H     0047H     INBLOCK      ?PR?DISABLE_SENSOR?OTHER
            CODE    120EH     0043H     INBLOCK      ?PR?SELF_LEARN_PROGRAMMING?ISP_DATAFLASH
            CODE    1251H     0043H     INBLOCK      ?PR?SELF_LEARN_PROGRAMMING_F?ISP_DATAFLASH
            CODE    1294H     0041H     INBLOCK      ?PR?RECEIVE_WORD?COMMUNICATION
            CODE    12D5H     003FH     INBLOCK      ?PR?_CUSTOM_DELAY?DELAY
            CODE    1314H     003EH     INBLOCK      ?PR?_UART_SEND_DATA_F3?COMMUNICATION
            CODE    1352H     003EH     INBLOCK      ?PR?_MAGNET_DELAY?DELAY
            CODE    1390H     0037H     INBLOCK      ?PR?DETECT_OPEN_ACTION?OPERATION
            CODE    13C7H     0036H     INBLOCK      ?PR?_INITUART?UART
            CODE    13FDH     0036H     INBLOCK      ?PR?_SC_SPEECH?VOICE
            CODE    1433H     0034H     INBLOCK      ?PR?_COMMODE_DATA_WX?COMMUNICATION
            CODE    1467H     0032H     INBLOCK      ?PR?_COMMODE_DATA?COMMUNICATION
            CODE    1499H     0031H     INBLOCK      ?PR?DETECT_WHEEL_MOVING?OPERATION
            CODE    14CAH     0031H     INBLOCK      ?PR?_MAGNET_CW?OTHER
            CODE    14FBH     0031H     INBLOCK      ?PR?_MAGNET_CW_TAILI?OTHER
            CODE    152CH     002FH     INBLOCK      ?PR?SLAVE_NEARBY_OPERATION?OPERATION
            CODE    155BH     002EH     INBLOCK      ?PR?BROADCAST_BATTERY?BATTERY
            CODE    1589H     002EH     INBLOCK      ?PR?_FLASH_WRITE_DATA?ISP_DATAFLASH
            CODE    15B7H     002BH     INBLOCK      ?PR?_SENDNBYTE?UART
            CODE    15E2H     0029H     INBLOCK      ?PR?ELECMOTOR_TEST?ELECMOTOR
            CODE    160BH     0027H     INBLOCK      ?PR?MAIN?MAIN
            CODE    1632H     0026H     INBLOCK      ?PR?SELFLEARN_RESET?OPERATION
            CODE    1658H     0025H     INBLOCK      ?PR?ELECMOTOR_DELAY_ACW?ELECMOTOR
            CODE    167DH     0022H     INBLOCK      ?PR?ENSENSOR_AFTERIDCERT?OPERATION
            CODE    169FH     0022H     INBLOCK      ?PR?ACCUMULATOR_VOICE_PROMOT?VOICE
            CODE    16C1H     0021H     INBLOCK      ?PR?ENSENSOR_AFTER_SLAVE_AWAY?OPERATION
            CODE    16E2H     0020H     INBLOCK      ?PR?_DELAY_MS?DELAY
            CODE    1702H     001FH     INBLOCK      ?PR?UART_SEND_DATA_MATCH_F?COMMUNICATION
            CODE    1721H     001FH     INBLOCK      ?PR?ELECMOTOR_CW?ELECMOTOR
            CODE    1740H     001FH     INBLOCK      ?PR?ELECMOTOR_DELAY_CW?ELECMOTOR
            CODE    175FH     001EH     INBLOCK      ?PR?SLAVE_AWAY_OPERATION?OPERATION
            CODE    177DH     001EH     INBLOCK      ?PR?ENSENSOR_AFTER_CLOSE?OPERATION
            CODE    179BH     001EH     INBLOCK      ?PR?RESET_AFTER_STOLEN_ALARMING?OPERATION
            CODE    17B9H     001EH     INBLOCK      ?PR?_FLASH_READ_DATA?ISP_DATAFLASH
            CODE    17D7H     001AH     INBLOCK      ?PR?DELAY_5MS?DELAY
            CODE    17F1H     000FH     INBLOCK      ?PR?HSCH_MANUAL_TIMER0_RELOAD?TIMER
            CODE    1800H     001AH     INBLOCK      ?PR?DELAY_10MS?DELAY
            CODE    181AH     001AH     INBLOCK      ?PR?DELAY_12MS?DELAY
            CODE    1834H     001AH     INBLOCK      ?PR?DELAY_50MS?DELAY
            CODE    184EH     001AH     INBLOCK      ?PR?DELAY_100MS?DELAY
            CODE    1868H     001AH     INBLOCK      ?PR?DELAY_500MS?DELAY
            CODE    1882H     001AH     INBLOCK      ?PR?TRIGGER_ISP?ISP_DATAFLASH
            CODE    189CH     0019H     INBLOCK      ?PR?_DELAY_US?DELAY
            CODE    18B5H     0019H     INBLOCK      ?PR?INITVOICE?VOICE
            CODE    18CEH     0018H     INBLOCK      ?PR?INIT_PWM?PWM
            CODE    18E6H     0017H     INBLOCK      ?PR?UART_SEND_DATA_MATCH?COMMUNICATION
            CODE    18FDH     0017H     INBLOCK      ?PR?_DELAY?DELAY
BL51 BANKED LINKER/LOCATER V6.22                                                      11/03/2016  14:51:08  PAGE 4


            CODE    1914H     0016H     INBLOCK      ?PR?FELL_ALARM_TO_SLAVE?OPERATION
            CODE    192AH     0016H     INBLOCK      ?PR?RAISE_ALARM_TO_SLAVE?OPERATION
            CODE    1940H     0016H     INBLOCK      ?PR?BATSTOLEN_ALARM_TO_SLAVE?OPERATION
            CODE    1956H     0015H     INBLOCK      ?PR?_FLASH_PAGE_ERASE?ISP_DATAFLASH
            CODE    196BH     0014H     INBLOCK      ?PR?DISABLE_ISP?ISP_DATAFLASH
            CODE    197FH     0013H     INBLOCK      ?PR?ID_SPEECH?VOICE
            CODE    1992H     0013H     INBLOCK      ?PR?HOST_TOUCH_SPEECH?VOICE
            CODE    19A5H     0013H     INBLOCK      ?PR?STOLEN_ALARM_SPEECH2?VOICE
            CODE    19B8H     0013H     INBLOCK      ?PR?OPEN_LOCK_SPEECH?VOICE
            CODE    19CBH     0013H     INBLOCK      ?PR?ENABLE_ISP?ISP_DATAFLASH
            CODE    19DEH     0012H     INBLOCK      ?PR?ELECMOTOR_ACW?ELECMOTOR
            CODE    19F0H     0010H     INBLOCK      ?PR?RESET_AFTER_WIREBROKEN?OPERATION
            CODE    1A00H     000FH     INBLOCK      ?PR?MOTORBAT_LOW_SPEECH?VOICE
            CODE    1A0FH     000FH     INBLOCK      ?PR?BATTERY_HINT?VOICE
            CODE    1A1EH     000FH     INBLOCK      ?PR?HOST_2NDTOUCH_SPEECH?VOICE
            CODE    1A2DH     000FH     INBLOCK      ?PR?STOLEN_ALARM_SPEECH1?VOICE
            CODE    1A3CH     000FH     INBLOCK      ?PR?CLOSE_LOCK_SPEECH?VOICE
            CODE    1A4BH     000FH     INBLOCK      ?PR?BATTERY_STOLEN_SPEECH?VOICE
            CODE    1A5AH     000FH     INBLOCK      ?PR?CUTTING_WIRE_VOICE?VOICE
            CODE    1A69H     000FH     INBLOCK      ?PR?PRODUCT_TEST_VOICE?VOICE
            CODE    1A78H     000FH     INBLOCK      ?PR?BATTERY_LOW_ALARM_SPEECH?VOICE
            CODE    1A87H     000FH     INBLOCK      ?PR?BATTERY_HIGH_ALARM_SPEECH?VOICE
            CODE    1A96H     000FH     INBLOCK      ?PR?ALARM_STOLEN_SPEECH?VOICE
            CODE    1AA5H     000FH     INBLOCK      ?PR?ALARM_RAISED_SPEECH?VOICE
            CODE    1AB4H     000FH     INBLOCK      ?PR?ALARM_FELL_SPEECH?VOICE
            CODE    1AC3H     000FH     INBLOCK      ?PR?HOST_BATTERY_HIGH_ALARM_SPEECH?VOICE
            CODE    1AD2H     000FH     INBLOCK      ?PR?BATTERY_STOLEN_SPEECH_F3?VOICE
            CODE    1AE1H     000FH     INBLOCK      ?PR?WIRE_BROKEN_SPEECH?VOICE
            CODE    1AF0H     000FH     INBLOCK      ?PR?LOCK_ROTATED_ON_SPEECH?VOICE
            CODE    1AFFH     000FH     INBLOCK      ?PR?LOCK_ROTATED_OFF_SPEECH?VOICE
            CODE    1B0EH     000EH     INBLOCK      ?PR?_MAGNET_ACW?OTHER
            CODE    1B1CH     000EH     INBLOCK      ?PR?_MAGNET_ACW_TAILI?OTHER
            CODE    1B2AH     000DH     INBLOCK      ?PR?CHECK_MOTOR_ACCUMULATOR?BATTERY
            CODE    1B37H     000CH     INBLOCK      ?PR?OPEN_TRANCEIVER_F?COMMUNICATION
            CODE    1B43H     000CH     INBLOCK      ?PR?HOST_STOLEN_ACTION?OPERATION
            CODE    1B4FH     000CH     INBLOCK      ?PR?ENABLE_SENSOR?OTHER
            CODE    1B5BH     000BH     INBLOCK      ?PR?INITSENSOR?OPERATION
            CODE    1B66H     0009H     INBLOCK      ?PR?CLOSE_TRANCEIVER_F?COMMUNICATION
            CODE    1B6FH     0009H     INBLOCK      ?PR?DISABLE_SENSOR_AFTER_IDCERT?OPERATION
            CODE    1B78H     0009H     INBLOCK      ?PR?ENTER_NOGUARD_VOICE?VOICE
            CODE    1B81H     0008H     INBLOCK      ?PR?MYPWM?PWM
            CODE    1B89H     0008H     INBLOCK      ?PR?_SENDDATA?UART
            CODE    1B91H     0007H     INBLOCK      ?PR?INITTRANSCEIVER?COMMUNICATION
            CODE    1B98H     0004H     INBLOCK      ?PR?SEOS_GO_TO_SLEEP?TIMER
            CODE    1B9CH     0004H     INBLOCK      ?PR?HSCH_GO_TO_SLEEP?SCHEDULAR
            CODE    1BA0H     0003H     INBLOCK      ?PR?HSCH_START?TIMER
            CODE    1BA3H     0003H     INBLOCK      ?PR?IDCERTED_SPEECH?VOICE
            CODE    1BA6H     0003H     INBLOCK      ?PR?INITELECMOTOR?ELECMOTOR
            CODE    1BA9H     0001H     INBLOCK      ?PR?KEY_ROTATE_ON_SPEECH?VOICE
            CODE    1BAAH     0001H     INBLOCK      ?PR?HSCH_REPORT_STATUS?SCHEDULAR
                    1BABH     1455H                  *** GAP ***
            CODE    3000H     0001H     ABSOLUTE     
            CODE    3001H     0001H     ABSOLUTE     
            CODE    3002H     0001H     ABSOLUTE     
            CODE    3003H     0001H     ABSOLUTE     
            CODE    3004H     0001H     ABSOLUTE     
            CODE    3005H     0001H     ABSOLUTE     
BL51 BANKED LINKER/LOCATER V6.22                                                      11/03/2016  14:51:08  PAGE 5





OVERLAY MAP OF MODULE:   DDC-Z (AD)


SEGMENT                                             BIT_GROUP          PDATA_GROUP
  +--> CALLED SEGMENT                            START    LENGTH     START    LENGTH
------------------------------------------------------------------------------------
?PR?TIMER0?MAIN                                  -----    -----      -----    -----
  +--> ?PR?ID_SPEECH?VOICE
  +--> ?PR?CHECK_MOTOR_ACCUMULATOR?BATTERY
  +--> ?PR?ACCUMULATOR_VOICE_PROMOT?VOICE
  +--> ?PR?ENSENSOR_AFTERIDCERT?OPERATION
  +--> ?PR?ENSENSOR_AFTER_CLOSE?OPERATION
  +--> ?PR?HOST_STOLEN_ACTION?OPERATION
  +--> ?PR?DISABLE_SENSOR_AFTER_IDCERT?OPERA...
  +--> ?PR?RESET_AFTER_WIREBROKEN?OPERATION
  +--> ?PR?RESET_AFTER_STOLEN_ALARMING?OPERA...
  +--> ?PR?SELFLEARN_RESET?OPERATION
  +--> ?PR?ENTER_NOGUARD_VOICE?VOICE
  +--> ?PR?DETECT_SELFLEARN_ACTION?OPERATION
  +--> ?PR?DETECT_VIBRATION?OPERATION
  +--> ?PR?DETECT_WHEEL_MOVING?OPERATION
  +--> ?PR?DETECT_OPEN_ACTION?OPERATION
  +--> ?PR?DETECT_CLOSE_ACTION?OPERATION
  +--> ?PR?BATTERY_HINT?VOICE
  +--> ?PR?DELAY_500MS?DELAY
  +--> ?PR?HOST_TOUCH_SPEECH?VOICE

?PR?ID_SPEECH?VOICE                              -----    -----      -----    -----
  +--> ?PR?_SC_SPEECH?VOICE
  +--> ?PR?_DELAY?DELAY

?PR?_SC_SPEECH?VOICE                             -----    -----      009CH    0002H
  +--> ?PR?DELAY_50MS?DELAY
  +--> ?PR?_DELAY_US?DELAY

?PR?CHECK_MOTOR_ACCUMULATOR?BATTERY              -----    -----      -----    -----
  +--> ?PR?_GETADCRESULT?AD

?PR?ACCUMULATOR_VOICE_PROMOT?VOICE               -----    -----      -----    -----
  +--> ?PR?BROADCAST_BATTERY?BATTERY

?PR?BROADCAST_BATTERY?BATTERY                    -----    -----      -----    -----
  +--> ?PR?_VERIFYBATTERY?BATTERY

?PR?_VERIFYBATTERY?BATTERY                       -----    -----      0096H    0002H
  +--> ?PR?_SC_SPEECH?VOICE
  +--> ?PR?_DELAY?DELAY
  +--> ?PR?DELAY_50MS?DELAY

?PR?ENSENSOR_AFTERIDCERT?OPERATION               -----    -----      -----    -----
  +--> ?PR?ENABLE_SENSOR?OTHER

?PR?ENSENSOR_AFTER_CLOSE?OPERATION               -----    -----      -----    -----
  +--> ?PR?ENABLE_SENSOR?OTHER
BL51 BANKED LINKER/LOCATER V6.22                                                      11/03/2016  14:51:08  PAGE 6



?PR?HOST_STOLEN_ACTION?OPERATION                 -----    -----      -----    -----
  +--> ?PR?STOLEN_ALARM_SPEECH1?VOICE
  +--> ?PR?STOLEN_ALARM_SPEECH2?VOICE

?PR?STOLEN_ALARM_SPEECH1?VOICE                   -----    -----      -----    -----
  +--> ?PR?_SC_SPEECH?VOICE
  +--> ?PR?_DELAY?DELAY

?PR?STOLEN_ALARM_SPEECH2?VOICE                   -----    -----      -----    -----
  +--> ?PR?_SC_SPEECH?VOICE
  +--> ?PR?_DELAY?DELAY

?PR?DISABLE_SENSOR_AFTER_IDCERT?OPERA...         -----    -----      -----    -----
  +--> ?PR?DISABLE_SENSOR?OTHER

?PR?RESET_AFTER_STOLEN_ALARMING?OPERA...         -----    -----      -----    -----
  +--> ?PR?CLOSE_TRANCEIVER?COMMUNICATION

?PR?ENTER_NOGUARD_VOICE?VOICE                    -----    -----      -----    -----
  +--> ?PR?SELF_LEARN_SPEECH?VOICE

?PR?SELF_LEARN_SPEECH?VOICE                      -----    -----      -----    -----
  +--> ?PR?_SC_SPEECH?VOICE
  +--> ?PR?_DELAY?DELAY

?PR?DETECT_SELFLEARN_ACTION?OPERATION            -----    -----      -----    -----
  +--> ?PR?SELF_LEARN_SPEECH?VOICE
  +--> ?PR?SELF_LEARN_PROGRAMMING?ISP_DATAFLASH

?PR?SELF_LEARN_PROGRAMMING?ISP_DATAFLASH         -----    -----      -----    -----
  +--> ?PR?_FLASH_PAGE_ERASE?ISP_DATAFLASH
  +--> ?PR?_FLASH_WRITE_DATA?ISP_DATAFLASH

?PR?_FLASH_PAGE_ERASE?ISP_DATAFLASH              -----    -----      0096H    0002H
  +--> ?PR?ENABLE_ISP?ISP_DATAFLASH
  +--> ?PR?TRIGGER_ISP?ISP_DATAFLASH
  +--> ?PR?DISABLE_ISP?ISP_DATAFLASH

?PR?ENABLE_ISP?ISP_DATAFLASH                     -----    -----      -----    -----
  +--> ?PR?TRIGGER_ISP?ISP_DATAFLASH

?PR?DISABLE_ISP?ISP_DATAFLASH                    -----    -----      -----    -----
  +--> ?PR?TRIGGER_ISP?ISP_DATAFLASH

?PR?_FLASH_WRITE_DATA?ISP_DATAFLASH              -----    -----      0096H    0003H
  +--> ?PR?ENABLE_ISP?ISP_DATAFLASH
  +--> ?PR?TRIGGER_ISP?ISP_DATAFLASH
  +--> ?PR?DISABLE_ISP?ISP_DATAFLASH

?PR?DETECT_OPEN_ACTION?OPERATION                 -----    -----      -----    -----
  +--> ?PR?DISABLE_SENSOR?OTHER
  +--> ?PR?ELECMOTOR_CW?ELECMOTOR
  +--> ?PR?SLAVE_NEARBY_OPERATION?OPERATION

?PR?ELECMOTOR_CW?ELECMOTOR                       -----    -----      -----    -----
  +--> ?PR?ELECMOTOR_CODE?ELECMOTOR
BL51 BANKED LINKER/LOCATER V6.22                                                      11/03/2016  14:51:08  PAGE 7


  +--> ?PR?ELECMOTOR_DELAY_CW?ELECMOTOR

?PR?ELECMOTOR_CODE?ELECMOTOR                     -----    -----      0096H    0002H
  +--> ?PR?DELAY_12MS?DELAY
  +--> ?PR?DELAY_5MS?DELAY

?PR?ELECMOTOR_DELAY_CW?ELECMOTOR                 -----    -----      -----    -----
  +--> ?PR?DELAY_500MS?DELAY

?PR?SLAVE_NEARBY_OPERATION?OPERATION             -----    -----      -----    -----
  +--> ?PR?DELAY_500MS?DELAY
  +--> ?PR?OPEN_LOCK_SPEECH?VOICE
  +--> ?PR?BROADCAST_BATTERY?BATTERY
  +--> ?PR?KEY_ROTATE_ON_SPEECH?VOICE

?PR?OPEN_LOCK_SPEECH?VOICE                       -----    -----      -----    -----
  +--> ?PR?_SC_SPEECH?VOICE
  +--> ?PR?_DELAY?DELAY

?PR?DETECT_CLOSE_ACTION?OPERATION                -----    -----      -----    -----
  +--> ?PR?ELECMOTOR_ACW?ELECMOTOR
  +--> ?PR?SLAVE_AWAY_OPERATION?OPERATION

?PR?ELECMOTOR_ACW?ELECMOTOR                      -----    -----      -----    -----
  +--> ?PR?ELECMOTOR_DELAY_ACW?ELECMOTOR

?PR?ELECMOTOR_DELAY_ACW?ELECMOTOR                -----    -----      -----    -----
  +--> ?PR?DELAY_500MS?DELAY

?PR?SLAVE_AWAY_OPERATION?OPERATION               -----    -----      -----    -----
  +--> ?PR?CLOSE_LOCK_SPEECH?VOICE
  +--> ?PR?BROADCAST_BATTERY?BATTERY
  +--> ?PR?_DELAY?DELAY

?PR?CLOSE_LOCK_SPEECH?VOICE                      -----    -----      -----    -----
  +--> ?PR?_SC_SPEECH?VOICE
  +--> ?PR?_DELAY?DELAY

?PR?BATTERY_HINT?VOICE                           -----    -----      -----    -----
  +--> ?PR?_SC_SPEECH?VOICE
  +--> ?PR?_DELAY?DELAY

?PR?HOST_TOUCH_SPEECH?VOICE                      -----    -----      -----    -----
  +--> ?PR?_SC_SPEECH?VOICE
  +--> ?PR?_DELAY?DELAY

*** NEW ROOT ***************************************************

?PR?UART_ISR?MAIN                                -----    -----      -----    -----
  +--> ?PR?IDCERTED_SPEECH?VOICE

?PR?IDCERTED_SPEECH?VOICE                        -----    -----      -----    -----
  +--> ?PR?ID_SPEECH?VOICE

*** NEW ROOT ***************************************************

?C_C51STARTUP                                    -----    -----      -----    -----
BL51 BANKED LINKER/LOCATER V6.22                                                      11/03/2016  14:51:08  PAGE 8


  +--> ?PR?MAIN?MAIN
  +--> ?C_INITSEG

?PR?MAIN?MAIN                                    -----    -----      -----    -----
  +--> ?PR?INITVOICE?VOICE
  +--> ?PR?ID_SPEECH?VOICE
  +--> ?PR?_INITUART?UART
  +--> ?PR?INITSENSOR?OPERATION
  +--> ?PR?INITTRANSCEIVER?COMMUNICATION

?PR?INITVOICE?VOICE                              -----    -----      -----    -----
  +--> ?PR?_DELAY_US?DELAY

?PR?_INITUART?UART                               -----    -----      -----    -----
  +--> ?PR?_INITT0?TIMER

?PR?_INITT0?TIMER                                -----    -----      009CH    0002H
  +--> ?PR?_HSCH_DELETE_TASK?SCHEDULAR
  +--> ?PR?HSCH_MANUAL_TIMER0_RELOAD?TIMER

?PR?_HSCH_DELETE_TASK?SCHEDULAR                  0025H.4  0000H.1    -----    -----



SYMBOL TABLE OF MODULE:  DDC-Z (AD)

  VALUE           TYPE          NAME
  ----------------------------------

  -------         MODULE        AD
  C:0000H         SYMBOL        _ICE_DUMMY_
  D:0080H         PUBLIC        P0
  D:0090H         PUBLIC        P1
  D:00A0H         PUBLIC        P2
  D:00B0H         PUBLIC        P3
  D:00A8H         PUBLIC        IE
  D:00E2H         PUBLIC        ADCH
  B:00F8H.4       PUBLIC        ADCI
  D:00B8H         PUBLIC        IP
  B:00F8H.3       PUBLIC        ADCS
  D:00F6H         PUBLIC        P0DIDS
  D:00D8H         PUBLIC        WDCON0
  D:0098H         PUBLIC        SCON
  D:0088H         PUBLIC        TCON
  B:00F8H.0       PUBLIC        AADR0
  B:00F8H.1       PUBLIC        AADR1
  B:00F8H.2       PUBLIC        AADR2
  D:00E8H         PUBLIC        EIE
  D:00F8H         PUBLIC        ADCCON0
  D:00E1H         PUBLIC        ADCCON1
  D:00C0H         PUBLIC        I2CON
  D:00C8H         PUBLIC        T2CON
  C:09CBH         PUBLIC        _GetADCResult
  D:00D0H         PUBLIC        PSW
  -------         PROC          _GETADCRESULT
  D:0007H         SYMBOL        ch
  -------         DO            
BL51 BANKED LINKER/LOCATER V6.22                                                      11/03/2016  14:51:08  PAGE 9


  D:0005H         SYMBOL        DataL
  D:0002H         SYMBOL        DataH
  -------         ENDDO         
  C:09CBH         LINE#         17
  C:09CBH         LINE#         18
  C:09CBH         LINE#         19
  C:09CCH         LINE#         20
  C:09CDH         LINE#         22
  C:09D2H         LINE#         23
  C:09D2H         LINE#         25
  C:09D5H         LINE#         27
  C:09D7H         LINE#         28
  C:09D9H         LINE#         29
  C:09DBH         LINE#         31
  C:09DEH         LINE#         33
  C:09E0H         LINE#         34
  C:09E2H         LINE#         36
  C:09E4H         LINE#         37
  C:09EBH         LINE#         39
  C:09EFH         LINE#         40
  C:0A01H         LINE#         42
  C:0A05H         LINE#         43
  C:0A05H         LINE#         45
  C:0A0AH         LINE#         46
  C:0A0AH         LINE#         48
  C:0A0DH         LINE#         51
  C:0A0FH         LINE#         52
  C:0A11H         LINE#         53
  C:0A13H         LINE#         55
  C:0A16H         LINE#         57
  C:0A18H         LINE#         58
  C:0A1AH         LINE#         60
  C:0A1CH         LINE#         61
  C:0A23H         LINE#         63
  C:0A29H         LINE#         64
  C:0A3BH         LINE#         66
  C:0A3FH         LINE#         67
  C:0A3FH         LINE#         69
  C:0A42H         LINE#         70
  -------         ENDPROC       _GETADCRESULT
  -------         ENDMOD        AD

  -------         MODULE        BATTERY
  C:0000H         SYMBOL        _ICE_DUMMY_
  C:1B2AH         PUBLIC        Check_motor_accumulator
  D:0080H         PUBLIC        P0
  D:0090H         PUBLIC        P1
  D:00A0H         PUBLIC        P2
  D:00B0H         PUBLIC        P3
  X:0000H         PUBLIC        Check2_stage
  B:0090H.4       PUBLIC        voice_EN
  D:00A8H         PUBLIC        IE
  D:00B8H         PUBLIC        IP
  C:0288H         PUBLIC        _verifybattery
  D:00D8H         PUBLIC        WDCON0
  D:0098H         PUBLIC        SCON
  D:0088H         PUBLIC        TCON
BL51 BANKED LINKER/LOCATER V6.22                                                      11/03/2016  14:51:08  PAGE 10


  D:00E8H         PUBLIC        EIE
  D:00F8H         PUBLIC        ADCCON0
  X:0001H         PUBLIC        Battery_level
  D:00C0H         PUBLIC        I2CON
  D:00C8H         PUBLIC        T2CON
  B:00A0H.0       PUBLIC        SC_RST
  C:155BH         PUBLIC        Broadcast_battery
  D:00D0H         PUBLIC        PSW
  -------         PROC          CHECK_MOTOR_ACCUMULATOR
  C:1B2AH         LINE#         24
  C:1B2AH         LINE#         25
  C:1B2AH         LINE#         27
  C:1B36H         LINE#         28
  -------         ENDPROC       CHECK_MOTOR_ACCUMULATOR
  -------         PROC          BROADCAST_BATTERY
  C:155BH         LINE#         35
  C:155BH         LINE#         36
  C:155BH         LINE#         37
  C:1578H         LINE#         38
  C:1578H         LINE#         39
  C:157FH         LINE#         40
  C:157FH         LINE#         41
  -------         ENDPROC       BROADCAST_BATTERY
  -------         PROC          _VERIFYBATTERY
  X:0096H         SYMBOL        Check2
  C:0288H         LINE#         48
  C:028FH         LINE#         49
  C:028FH         LINE#         52
  C:0291H         LINE#         53
  C:0296H         LINE#         54
  C:029BH         LINE#         56
  C:02A7H         LINE#         57
  C:02A7H         LINE#         58
  C:02A9H         LINE#         59
  C:02A9H         LINE#         60
  C:02ABH         LINE#         61
  C:02C2H         LINE#         62
  C:02C2H         LINE#         63
  C:02C4H         LINE#         64
  C:02C4H         LINE#         65
  C:02C6H         LINE#         66
  C:02DDH         LINE#         67
  C:02DDH         LINE#         68
  C:02E2H         LINE#         69
  C:02E7H         LINE#         70
  C:02E9H         LINE#         71
  C:02E9H         LINE#         72
  C:02EBH         LINE#         73
  C:0302H         LINE#         74
  C:0302H         LINE#         75
  C:0307H         LINE#         76
  C:030CH         LINE#         77
  C:0311H         LINE#         78
  C:0316H         LINE#         79
  C:0318H         LINE#         80
  C:0318H         LINE#         81
  C:031AH         LINE#         82
BL51 BANKED LINKER/LOCATER V6.22                                                      11/03/2016  14:51:08  PAGE 11


  C:0331H         LINE#         83
  C:0331H         LINE#         84
  C:0336H         LINE#         85
  C:033BH         LINE#         86
  C:0340H         LINE#         87
  C:0345H         LINE#         88
  C:0347H         LINE#         89
  C:0347H         LINE#         90
  C:0349H         LINE#         91
  C:0360H         LINE#         92
  C:0360H         LINE#         93
  C:0365H         LINE#         94
  C:036AH         LINE#         95
  C:036FH         LINE#         96
  C:0374H         LINE#         97
  C:0376H         LINE#         98
  C:0376H         LINE#         99
  C:0378H         LINE#         100
  C:038FH         LINE#         101
  C:038FH         LINE#         102
  C:0394H         LINE#         103
  C:0399H         LINE#         104
  C:039EH         LINE#         105
  C:03A3H         LINE#         106
  C:03A5H         LINE#         107
  C:03A5H         LINE#         108
  C:03A7H         LINE#         109
  C:03BEH         LINE#         110
  C:03BEH         LINE#         111
  C:03C3H         LINE#         112
  C:03C8H         LINE#         113
  C:03CDH         LINE#         114
  C:03D2H         LINE#         115
  C:03D4H         LINE#         116
  C:03D4H         LINE#         117
  C:03D6H         LINE#         118
  C:03EDH         LINE#         119
  C:03EDH         LINE#         120
  C:03F2H         LINE#         121
  C:03F7H         LINE#         122
  C:03FCH         LINE#         123
  C:0401H         LINE#         124
  C:0403H         LINE#         125
  C:0403H         LINE#         126
  C:0405H         LINE#         127
  C:0411H         LINE#         128
  C:0411H         LINE#         129
  C:0416H         LINE#         130
  C:041BH         LINE#         131
  C:0420H         LINE#         132
  C:0425H         LINE#         133
  C:0425H         LINE#         135
  C:042AH         LINE#         136
  C:042FH         LINE#         137
  C:0431H         LINE#         138
  C:0433H         LINE#         139
  C:0436H         LINE#         140
BL51 BANKED LINKER/LOCATER V6.22                                                      11/03/2016  14:51:08  PAGE 12


  C:0438H         LINE#         141
  -------         ENDPROC       _VERIFYBATTERY
  -------         ENDMOD        BATTERY

  -------         MODULE        COMMUNICATION
  C:0000H         SYMBOL        _ICE_DUMMY_
  C:0D65H         PUBLIC        receive_byte
  D:0080H         PUBLIC        P0
  D:0090H         PUBLIC        P1
  B:00B0H.0       PUBLIC        receive_wire
  D:00A0H         PUBLIC        P2
  D:00B0H         PUBLIC        P3
  C:1467H         PUBLIC        _ComMode_Data
  C:0EFBH         PUBLIC        _UART_Send_Data
  C:1294H         PUBLIC        receive_word
  D:00A8H         PUBLIC        IE
  C:1433H         PUBLIC        _ComMode_Data_WX
  C:10A2H         PUBLIC        _UART_Send_Data_Broadtest
  D:00B8H         PUBLIC        IP
  C:1702H         PUBLIC        UART_Send_Data_match_F
  C:1B91H         PUBLIC        InitTransceiver
  B:0080H.1       PUBLIC        lock_code
  C:1180H         PUBLIC        _UART_Send_Data_F
  D:00D8H         PUBLIC        WDCON0
  B:0090H.0       PUBLIC        P10
  B:0090H.1       PUBLIC        P11
  C:07FDH         PUBLIC        close_tranceiver
  D:0098H         PUBLIC        SCON
  D:0088H         PUBLIC        TCON
  C:0AE4H         PUBLIC        initsignal
  B:00A0H.7       PUBLIC        transmiter_EN
  B:0090H.3       PUBLIC        receiver_EN
  C:0FFBH         PUBLIC        open_tranceiver
  C:0B9FH         PUBLIC        _send_code_to_lock_Taili
  D:00E8H         PUBLIC        EIE
  B:00A0H.3       PUBLIC        MagentControl_2
  C:1B66H         PUBLIC        close_tranceiver_F
  D:00F8H         PUBLIC        ADCCON0
  D:00C0H         PUBLIC        I2CON
  C:0FAEH         PUBLIC        _UART_Send_Data_F2
  C:1138H         PUBLIC        initsignal_F
  C:1314H         PUBLIC        _UART_Send_Data_F3
  D:00C8H         PUBLIC        T2CON
  C:0E9BH         PUBLIC        _Send_Data
  C:0DCFH         PUBLIC        receive_byte_Lock
  B:0090H.0       PUBLIC        TXD
  C:1B37H         PUBLIC        open_tranceiver_F
  C:18E6H         PUBLIC        UART_Send_Data_match
  C:0B2CH         PUBLIC        _send_code_to_lock
  D:00D0H         PUBLIC        PSW
  X:0021H         PUBLIC        myTxRxData
  -------         PROC          INITTRANSCEIVER
  C:1B91H         LINE#         38
  C:1B91H         LINE#         39
  C:1B91H         LINE#         40
  C:1B93H         LINE#         41
  C:1B95H         LINE#         42
BL51 BANKED LINKER/LOCATER V6.22                                                      11/03/2016  14:51:08  PAGE 13


  C:1B97H         LINE#         44
  -------         ENDPROC       INITTRANSCEIVER
  -------         PROC          L?0102
  -------         ENDPROC       L?0102
  -------         PROC          INITSIGNAL
  -------         DO            
  X:0002H         SYMBOL        k
  X:0003H         SYMBOL        k1
  X:0004H         SYMBOL        mystartbuffer
  -------         ENDDO         
  C:0AE4H         LINE#         53
  C:0AE4H         LINE#         54
  C:0AE4H         LINE#         56
  C:0AE9H         LINE#         57
  C:0AECH         LINE#         58
  C:0AECH         LINE#         59
  C:0AF0H         LINE#         60
  C:0AF0H         LINE#         61
  C:0AF3H         LINE#         62
  C:0AF3H         LINE#         63
  C:0AF3H         LINE#         64
  C:0AF3H         LINE#         66
  C:0AF3H         LINE#         68
  C:0AF3H         LINE#         69
  C:0AF5H         LINE#         70
  C:0AFEH         LINE#         72
  C:0AFEH         LINE#         73
  C:0B00H         LINE#         74
  C:0B06H         LINE#         75
  C:0B0FH         LINE#         77
  C:0B1AH         LINE#         78
  C:0B1FH         LINE#         81
  C:0B29H         LINE#         82
  C:0B2BH         LINE#         83
  -------         ENDPROC       INITSIGNAL
  -------         PROC          INITSIGNAL_F
  -------         DO            
  X:0005H         SYMBOL        k
  X:0006H         SYMBOL        k1
  X:0007H         SYMBOL        mystartbuffer
  -------         ENDDO         
  C:1138H         LINE#         85
  C:1138H         LINE#         86
  C:1138H         LINE#         88
  C:113DH         LINE#         89
  C:1140H         LINE#         90
  C:1140H         LINE#         92
  C:1144H         LINE#         97
  C:1144H         LINE#         98
  C:1147H         LINE#         99
  C:1147H         LINE#         100
  C:1147H         LINE#         101
  C:1147H         LINE#         103
  C:1147H         LINE#         105
  C:1147H         LINE#         106
  C:1149H         LINE#         107
  C:1152H         LINE#         109
BL51 BANKED LINKER/LOCATER V6.22                                                      11/03/2016  14:51:08  PAGE 14


  C:1152H         LINE#         110
  C:1154H         LINE#         111
  C:115AH         LINE#         112
  C:1163H         LINE#         114
  C:116EH         LINE#         115
  C:1173H         LINE#         118
  C:117DH         LINE#         119
  C:117FH         LINE#         120
  -------         ENDPROC       INITSIGNAL_F
  -------         PROC          _SEND_DATA
  X:0008H         SYMBOL        x
  -------         DO            
  X:0009H         SYMBOL        i
  X:000AH         SYMBOL        n
  -------         ENDDO         
  C:0E9BH         LINE#         126
  C:0E9FH         LINE#         127
  C:0E9FH         LINE#         129
  C:0EA2H         LINE#         130
  C:0EA2H         LINE#         131
  C:0EA6H         LINE#         132
  C:0EA6H         LINE#         133
  C:0EB0H         LINE#         134
  C:0EB0H         LINE#         135
  C:0EB2H         LINE#         136
  C:0EBAH         LINE#         137
  C:0EBCH         LINE#         139
  C:0EBCH         LINE#         140
  C:0EBEH         LINE#         141
  C:0EC9H         LINE#         142
  C:0EC9H         LINE#         143
  C:0ECBH         LINE#         144
  C:0ED9H         LINE#         145
  C:0EE4H         LINE#         146
  C:0EEFH         LINE#         147
  C:0EFAH         LINE#         148
  -------         ENDPROC       _SEND_DATA
  -------         PROC          _COMMODE_DATA
  X:000BH         SYMBOL        ComMode
  X:000CH         SYMBOL        x
  C:1467H         LINE#         156
  C:1471H         LINE#         157
  C:1471H         LINE#         158
  C:1473H         LINE#         159
  C:1478H         LINE#         160
  C:147AH         LINE#         161
  C:147FH         LINE#         162
  C:1483H         LINE#         163
  C:1489H         LINE#         165
  C:148CH         LINE#         166
  C:1494H         LINE#         168
  C:1496H         LINE#         169
  C:1498H         LINE#         170
  -------         ENDPROC       _COMMODE_DATA
  -------         PROC          _COMMODE_DATA_WX
  X:000EH         SYMBOL        ComMode
  X:000FH         SYMBOL        x
BL51 BANKED LINKER/LOCATER V6.22                                                      11/03/2016  14:51:08  PAGE 15


  C:1433H         LINE#         178
  C:143DH         LINE#         179
  C:143DH         LINE#         180
  C:143FH         LINE#         181
  C:1444H         LINE#         182
  C:1446H         LINE#         183
  C:144BH         LINE#         184
  C:144FH         LINE#         185
  C:1455H         LINE#         187
  C:1458H         LINE#         188
  C:1460H         LINE#         190
  C:1462H         LINE#         191
  C:1464H         LINE#         192
  C:1466H         LINE#         193
  -------         ENDPROC       _COMMODE_DATA_WX
  -------         PROC          _UART_SEND_DATA
  X:0011H         SYMBOL        command
  -------         DO            
  X:0012H         SYMBOL        ii
  -------         ENDDO         
  C:0EFBH         LINE#         198
  C:0EFFH         LINE#         199
  C:0EFFH         LINE#         200
  C:0F02H         LINE#         201
  C:0F05H         LINE#         202
  C:0F0DH         LINE#         203
  C:0F14H         LINE#         204
  C:0F1BH         LINE#         205
  C:0F22H         LINE#         206
  C:0F29H         LINE#         207
  C:0F2FH         LINE#         209
  C:0F32H         LINE#         211
  C:0F36H         LINE#         212
  C:0F36H         LINE#         213
  C:0F41H         LINE#         214
  C:0F44H         LINE#         215
  C:0F4FH         LINE#         217
  C:0F52H         LINE#         218
  -------         ENDPROC       _UART_SEND_DATA
  -------         PROC          _UART_SEND_DATA_F
  X:0013H         SYMBOL        command
  -------         DO            
  X:0014H         SYMBOL        ii
  -------         ENDDO         
  C:1180H         LINE#         224
  C:1184H         LINE#         225
  C:1184H         LINE#         226
  C:1187H         LINE#         227
  C:118AH         LINE#         229
  C:1192H         LINE#         230
  C:1199H         LINE#         231
  C:11A0H         LINE#         232
  C:11A7H         LINE#         233
  C:11AEH         LINE#         234
  C:11B4H         LINE#         236
  C:11B7H         LINE#         238
  C:11C2H         LINE#         240
BL51 BANKED LINKER/LOCATER V6.22                                                      11/03/2016  14:51:08  PAGE 16


  C:11C4H         LINE#         241
  -------         ENDPROC       _UART_SEND_DATA_F
  -------         PROC          _UART_SEND_DATA_F2
  X:0015H         SYMBOL        command
  -------         DO            
  X:0016H         SYMBOL        ii
  -------         ENDDO         
  C:0FAEH         LINE#         248
  C:0FB2H         LINE#         249
  C:0FB2H         LINE#         250
  C:0FB5H         LINE#         251
  C:0FB8H         LINE#         252
  C:0FC0H         LINE#         253
  C:0FC7H         LINE#         254
  C:0FCEH         LINE#         255
  C:0FD5H         LINE#         256
  C:0FDCH         LINE#         257
  C:0FE2H         LINE#         259
  C:0FE5H         LINE#         260
  C:0FE8H         LINE#         261
  C:0FEBH         LINE#         262
  C:0FF6H         LINE#         264
  C:0FF8H         LINE#         266
  -------         ENDPROC       _UART_SEND_DATA_F2
  -------         PROC          _UART_SEND_DATA_F3
  D:0007H         SYMBOL        command
  -------         DO            
  X:0017H         SYMBOL        ii
  -------         ENDDO         
  C:1314H         LINE#         272
  C:1314H         LINE#         273
  C:1314H         LINE#         274
  C:1318H         LINE#         275
  C:131FH         LINE#         276
  C:1326H         LINE#         277
  C:132DH         LINE#         278
  C:1334H         LINE#         279
  C:133BH         LINE#         280
  C:133EH         LINE#         282
  C:1341H         LINE#         283
  C:1344H         LINE#         284
  C:1347H         LINE#         285
  -------         ENDPROC       _UART_SEND_DATA_F3
  -------         PROC          OPEN_TRANCEIVER
  C:0FFBH         LINE#         292
  C:0FFBH         LINE#         293
  C:0FFBH         LINE#         298
  C:0FFDH         LINE#         299
  C:0FFFH         LINE#         300
  -------         ENDPROC       OPEN_TRANCEIVER
  -------         PROC          OPEN_TRANCEIVER_F
  C:1B37H         LINE#         306
  C:1B37H         LINE#         307
  C:1B37H         LINE#         308
  C:1B3EH         LINE#         310
  C:1B40H         LINE#         311
  C:1B42H         LINE#         312
BL51 BANKED LINKER/LOCATER V6.22                                                      11/03/2016  14:51:08  PAGE 17


  -------         ENDPROC       OPEN_TRANCEIVER_F
  -------         PROC          CLOSE_TRANCEIVER
  C:07FDH         LINE#         318
  C:07FDH         LINE#         319
  C:07FDH         LINE#         324
  C:07FFH         LINE#         329
  -------         ENDPROC       CLOSE_TRANCEIVER
  -------         PROC          CLOSE_TRANCEIVER_F
  C:1B66H         LINE#         334
  C:1B66H         LINE#         335
  C:1B66H         LINE#         340
  C:1B68H         LINE#         342
  -------         ENDPROC       CLOSE_TRANCEIVER_F
  -------         PROC          UART_SEND_DATA_MATCH
  C:18E6H         LINE#         349
  C:18E6H         LINE#         350
  C:18E6H         LINE#         351
  C:18E9H         LINE#         353
  C:18E9H         LINE#         354
  C:18E9H         LINE#         355
  C:18E9H         LINE#         356
  C:18E9H         LINE#         357
  C:18E9H         LINE#         358
  C:18E9H         LINE#         359
  C:18E9H         LINE#         361
  C:18ECH         LINE#         363
  C:18F7H         LINE#         364
  C:18FAH         LINE#         366
  -------         ENDPROC       UART_SEND_DATA_MATCH
  -------         PROC          UART_SEND_DATA_MATCH_F
  C:1702H         LINE#         373
  C:1702H         LINE#         374
  C:1702H         LINE#         375
  C:1704H         LINE#         376
  C:1706H         LINE#         377
  C:170DH         LINE#         379
  C:170DH         LINE#         380
  C:170DH         LINE#         381
  C:170DH         LINE#         382
  C:170DH         LINE#         383
  C:170DH         LINE#         384
  C:170DH         LINE#         385
  C:170DH         LINE#         387
  C:1710H         LINE#         389
  C:171BH         LINE#         390
  C:171EH         LINE#         392
  C:1720H         LINE#         393
  -------         ENDPROC       UART_SEND_DATA_MATCH_F
  -------         PROC          RECEIVE_BYTE
  C:0D65H         LINE#         399
  C:0D65H         LINE#         400
  C:0D65H         LINE#         402
  C:0D68H         LINE#         403
  C:0D68H         LINE#         405
  C:0D72H         LINE#         406
  C:0D72H         LINE#         407
  C:0D74H         LINE#         408
BL51 BANKED LINKER/LOCATER V6.22                                                      11/03/2016  14:51:08  PAGE 18


  C:0D74H         LINE#         409
  C:0D76H         LINE#         410
  C:0D77H         LINE#         413
  C:0D77H         LINE#         415
  C:0D7AH         LINE#         416
  C:0D7AH         LINE#         418
  C:0D7CH         LINE#         421
  C:0D8BH         LINE#         422
  C:0D8BH         LINE#         424
  C:0D91H         LINE#         425
  C:0D93H         LINE#         426
  C:0D93H         LINE#         427
  C:0D93H         LINE#         428
  C:0D95H         LINE#         430
  C:0D9DH         LINE#         431
  C:0D9DH         LINE#         433
  C:0DA3H         LINE#         434
  C:0DA6H         LINE#         435
  C:0DABH         LINE#         436
  C:0DAFH         LINE#         437
  C:0DB1H         LINE#         439
  C:0DB1H         LINE#         441
  C:0DB6H         LINE#         442
  C:0DB6H         LINE#         444
  C:0DBAH         LINE#         445
  C:0DBBH         LINE#         447
  C:0DBBH         LINE#         449
  C:0DC5H         LINE#         450
  C:0DC5H         LINE#         451
  C:0DC9H         LINE#         452
  C:0DCBH         LINE#         453
  C:0DCEH         LINE#         454
  C:0DCEH         LINE#         455
  C:0DCEH         LINE#         456
  C:0DCEH         LINE#         457
  -------         ENDPROC       RECEIVE_BYTE
  -------         PROC          RECEIVE_BYTE_LOCK
  C:0DCFH         LINE#         463
  C:0DCFH         LINE#         464
  C:0DCFH         LINE#         466
  C:0DD2H         LINE#         467
  C:0DD2H         LINE#         469
  C:0DDCH         LINE#         470
  C:0DDCH         LINE#         471
  C:0DDEH         LINE#         472
  C:0DDEH         LINE#         473
  C:0DE0H         LINE#         474
  C:0DE1H         LINE#         477
  C:0DE1H         LINE#         479
  C:0DE4H         LINE#         480
  C:0DE4H         LINE#         482
  C:0DE6H         LINE#         485
  C:0DF5H         LINE#         486
  C:0DF5H         LINE#         488
  C:0DFBH         LINE#         489
  C:0DFDH         LINE#         490
  C:0DFDH         LINE#         491
BL51 BANKED LINKER/LOCATER V6.22                                                      11/03/2016  14:51:08  PAGE 19


  C:0DFDH         LINE#         492
  C:0DFFH         LINE#         494
  C:0E07H         LINE#         495
  C:0E07H         LINE#         497
  C:0E0DH         LINE#         498
  C:0E10H         LINE#         499
  C:0E15H         LINE#         500
  C:0E19H         LINE#         501
  C:0E1BH         LINE#         503
  C:0E1BH         LINE#         505
  C:0E20H         LINE#         506
  C:0E20H         LINE#         508
  C:0E24H         LINE#         509
  C:0E25H         LINE#         511
  C:0E25H         LINE#         513
  C:0E2FH         LINE#         514
  C:0E2FH         LINE#         515
  C:0E33H         LINE#         516
  C:0E35H         LINE#         517
  C:0E38H         LINE#         518
  C:0E38H         LINE#         519
  C:0E38H         LINE#         520
  C:0E38H         LINE#         521
  -------         ENDPROC       RECEIVE_BYTE_LOCK
  -------         PROC          RECEIVE_WORD
  C:1294H         LINE#         527
  C:1294H         LINE#         528
  C:1294H         LINE#         530
  C:129BH         LINE#         531
  C:129BH         LINE#         532
  C:129CH         LINE#         534
  C:12A9H         LINE#         537
  C:12B2H         LINE#         538
  C:12B2H         LINE#         539
  C:12B7H         LINE#         540
  C:12B8H         LINE#         542
  C:12C2H         LINE#         543
  C:12C2H         LINE#         544
  C:12C7H         LINE#         545
  C:12C8H         LINE#         546
  C:12CCH         LINE#         547
  C:12CCH         LINE#         548
  C:12CEH         LINE#         549
  C:12CEH         LINE#         550
  C:12D0H         LINE#         552
  C:12D0H         LINE#         553
  C:12D4H         LINE#         554
  C:12D4H         LINE#         555
  C:12D4H         LINE#         556
  -------         ENDPROC       RECEIVE_WORD
  -------         PROC          _SEND_CODE_TO_LOCK
  D:0007H         SYMBOL        x
  X:0018H         SYMBOL        y
  -------         DO            
  X:001AH         SYMBOL        i
  X:001BH         SYMBOL        n
  -------         ENDDO         
BL51 BANKED LINKER/LOCATER V6.22                                                      11/03/2016  14:51:08  PAGE 20


  C:0B2CH         LINE#         563
  C:0B33H         LINE#         564
  C:0B33H         LINE#         566
  C:0B38H         LINE#         567
  C:0B3CH         LINE#         568
  C:0B3FH         LINE#         574
  C:0B43H         LINE#         575
  C:0B43H         LINE#         576
  C:0B47H         LINE#         577
  C:0B47H         LINE#         578
  C:0B51H         LINE#         579
  C:0B51H         LINE#         580
  C:0B53H         LINE#         581
  C:0B5CH         LINE#         582
  C:0B5EH         LINE#         584
  C:0B5EH         LINE#         585
  C:0B60H         LINE#         586
  C:0B6CH         LINE#         587
  C:0B6CH         LINE#         588
  C:0B6EH         LINE#         589
  C:0B7CH         LINE#         590
  C:0B88H         LINE#         591
  C:0B93H         LINE#         592
  C:0B9EH         LINE#         593
  -------         ENDPROC       _SEND_CODE_TO_LOCK
  -------         PROC          _SEND_CODE_TO_LOCK_TAILI
  D:0007H         SYMBOL        x
  X:001CH         SYMBOL        y
  -------         DO            
  X:001EH         SYMBOL        i
  X:001FH         SYMBOL        n
  -------         ENDDO         
  C:0B9FH         LINE#         600
  C:0BA6H         LINE#         601
  C:0BA6H         LINE#         603
  C:0BABH         LINE#         604
  C:0BAFH         LINE#         605
  C:0BB2H         LINE#         611
  C:0BB6H         LINE#         612
  C:0BB6H         LINE#         613
  C:0BBAH         LINE#         614
  C:0BBAH         LINE#         615
  C:0BC4H         LINE#         616
  C:0BC4H         LINE#         617
  C:0BC6H         LINE#         618
  C:0BCFH         LINE#         619
  C:0BD1H         LINE#         621
  C:0BD1H         LINE#         622
  C:0BD3H         LINE#         623
  C:0BDFH         LINE#         624
  C:0BDFH         LINE#         625
  C:0BE1H         LINE#         626
  C:0BEFH         LINE#         627
  C:0BFBH         LINE#         628
  C:0C06H         LINE#         629
  C:0C11H         LINE#         630
  -------         ENDPROC       _SEND_CODE_TO_LOCK_TAILI
BL51 BANKED LINKER/LOCATER V6.22                                                      11/03/2016  14:51:08  PAGE 21


  -------         PROC          _UART_SEND_DATA_BROADTEST
  D:0007H         SYMBOL        command
  -------         DO            
  X:0020H         SYMBOL        ii
  -------         ENDDO         
  C:10A2H         LINE#         635
  C:10A2H         LINE#         636
  C:10A2H         LINE#         637
  C:10A6H         LINE#         640
  C:10ADH         LINE#         641
  C:10B4H         LINE#         642
  C:10BBH         LINE#         643
  C:10C2H         LINE#         644
  C:10C9H         LINE#         645
  C:10CCH         LINE#         647
  C:10CFH         LINE#         649
  C:10D3H         LINE#         650
  C:10D3H         LINE#         651
  C:10DEH         LINE#         652
  C:10E1H         LINE#         653
  C:10ECH         LINE#         657
  -------         ENDPROC       _UART_SEND_DATA_BROADTEST
  -------         ENDMOD        COMMUNICATION

  -------         MODULE        DELAY
  C:0000H         SYMBOL        _ICE_DUMMY_
  D:0080H         PUBLIC        P0
  D:0090H         PUBLIC        P1
  D:00A0H         PUBLIC        P2
  D:00B0H         PUBLIC        P3
  X:002EH         PUBLIC        Timeout_loop
  D:00A8H         PUBLIC        IE
  C:1800H         PUBLIC        Delay_10ms
  C:181AH         PUBLIC        Delay_12ms
  C:1834H         PUBLIC        Delay_50ms
  D:00B8H         PUBLIC        IP
  B:0090H.2       PUBLIC        magnet_overcurrent
  D:00D8H         PUBLIC        WDCON0
  C:1352H         PUBLIC        _Magnet_Delay
  D:0098H         PUBLIC        SCON
  D:0088H         PUBLIC        TCON
  C:184EH         PUBLIC        Delay_100ms
  C:1868H         PUBLIC        Delay_500ms
  C:12D5H         PUBLIC        _Custom_Delay
  C:16E2H         PUBLIC        _delay_ms
  D:00E8H         PUBLIC        EIE
  D:00F8H         PUBLIC        ADCCON0
  C:189CH         PUBLIC        _delay_us
  D:00C0H         PUBLIC        I2CON
  C:07E3H         PUBLIC        Delay_1ms
  D:00C8H         PUBLIC        T2CON
  C:17D7H         PUBLIC        Delay_5ms
  C:18FDH         PUBLIC        _Delay
  D:00D0H         PUBLIC        PSW
  -------         PROC          DELAY_1MS
  C:07E3H         LINE#         15
  C:07E3H         LINE#         16
BL51 BANKED LINKER/LOCATER V6.22                                                      11/03/2016  14:51:08  PAGE 22


  C:07E3H         LINE#         17
  C:07ECH         LINE#         20
  C:07FCH         LINE#         21
  -------         ENDPROC       DELAY_1MS
  -------         PROC          DELAY_5MS
  C:17D7H         LINE#         23
  C:17D7H         LINE#         24
  C:17D7H         LINE#         25
  C:17E0H         LINE#         28
  C:17F0H         LINE#         29
  -------         ENDPROC       DELAY_5MS
  -------         PROC          DELAY_10MS
  C:1800H         LINE#         31
  C:1800H         LINE#         32
  C:1800H         LINE#         33
  C:1809H         LINE#         36
  C:1819H         LINE#         37
  -------         ENDPROC       DELAY_10MS
  -------         PROC          DELAY_12MS
  C:181AH         LINE#         39
  C:181AH         LINE#         40
  C:181AH         LINE#         41
  C:1823H         LINE#         44
  C:1833H         LINE#         45
  -------         ENDPROC       DELAY_12MS
  -------         PROC          DELAY_50MS
  C:1834H         LINE#         48
  C:1834H         LINE#         49
  C:1834H         LINE#         50
  C:183DH         LINE#         53
  C:184DH         LINE#         54
  -------         ENDPROC       DELAY_50MS
  -------         PROC          DELAY_100MS
  C:184EH         LINE#         57
  C:184EH         LINE#         58
  C:184EH         LINE#         59
  C:1857H         LINE#         62
  C:1867H         LINE#         63
  -------         ENDPROC       DELAY_100MS
  -------         PROC          DELAY_500MS
  C:1868H         LINE#         66
  C:1868H         LINE#         67
  C:1868H         LINE#         68
  C:1871H         LINE#         71
  C:1881H         LINE#         72
  -------         ENDPROC       DELAY_500MS
  -------         PROC          _DELAY
  D:0007H         SYMBOL        n
  -------         DO            
  D:0004H         SYMBOL        x
  -------         ENDDO         
  C:18FDH         LINE#         79
  C:18FDH         LINE#         80
  C:18FDH         LINE#         82
  C:1903H         LINE#         83
  C:1903H         LINE#         84
  C:1907H         LINE#         85
BL51 BANKED LINKER/LOCATER V6.22                                                      11/03/2016  14:51:08  PAGE 23


  C:1913H         LINE#         87
  -------         ENDPROC       _DELAY
  -------         PROC          _CUSTOM_DELAY
  D:0007H         SYMBOL        t
  X:0028H         SYMBOL        m
  -------         DO            
  X:002AH         SYMBOL        i
  D:0006H         SYMBOL        j
  -------         ENDDO         
  C:12D5H         LINE#         93
  C:12DCH         LINE#         94
  C:12DCH         LINE#         97
  C:12EEH         LINE#         98
  C:1313H         LINE#         99
  -------         ENDPROC       _CUSTOM_DELAY
  -------         PROC          _DELAY_MS
  D:0006H         SYMBOL        count
  -------         DO            
  D:0004H         SYMBOL        i
  D:0002H         SYMBOL        j
  -------         ENDDO         
  C:16E2H         LINE#         106
  C:16E2H         LINE#         107
  C:16E2H         LINE#         109
  C:16ECH         LINE#         110
  C:16ECH         LINE#         111
  C:16FAH         LINE#         112
  C:1701H         LINE#         113
  -------         ENDPROC       _DELAY_MS
  -------         PROC          _DELAY_US
  D:0006H         SYMBOL        count1
  -------         DO            
  D:0004H         SYMBOL        i
  D:0003H         SYMBOL        j
  -------         ENDDO         
  C:189CH         LINE#         121
  C:189CH         LINE#         122
  C:189CH         LINE#         125
  C:18A6H         LINE#         126
  C:18A6H         LINE#         127
  C:18ADH         LINE#         128
  C:18B4H         LINE#         129
  -------         ENDPROC       _DELAY_US
  -------         PROC          _MAGNET_DELAY
  X:002CH         SYMBOL        x
  D:0004H         SYMBOL        y
  -------         DO            
  D:0001H         SYMBOL        i
  D:0002H         SYMBOL        j
  -------         ENDDO         
  C:1352H         LINE#         135
  C:1359H         LINE#         136
  C:1359H         LINE#         139
  C:135BH         LINE#         140
  C:135BH         LINE#         141
  C:136FH         LINE#         142
  C:1374H         LINE#         143
BL51 BANKED LINKER/LOCATER V6.22                                                      11/03/2016  14:51:08  PAGE 24


  C:1376H         LINE#         144
  C:1376H         LINE#         146
  C:1379H         LINE#         147
  C:1379H         LINE#         148
  C:138AH         LINE#         149
  C:138AH         LINE#         151
  C:138AH         LINE#         153
  C:138AH         LINE#         154
  C:138FH         LINE#         155
  -------         ENDPROC       _MAGNET_DELAY
  -------         ENDMOD        DELAY

  -------         MODULE        OPERATION
  C:0000H         SYMBOL        _ICE_DUMMY_
  B:00A0H.4       PUBLIC        Lock_EN
  D:0080H         PUBLIC        P0
  D:0090H         PUBLIC        P1
  B:0080H.3       PUBLIC        fell_sensor_detect
  D:00A0H         PUBLIC        P2
  B:0024H.7       PUBLIC        vibration_flag1
  D:00B0H         PUBLIC        P3
  D:00A8H         PUBLIC        IE
  B:0025H.0       PUBLIC        sensor_EN
  C:0CF6H         PUBLIC        Detect_vibration
  X:0030H         PUBLIC        vibration_count1
  X:0032H         PUBLIC        vibration_count2
  C:1B5BH         PUBLIC        InitSensor
  D:00B8H         PUBLIC        IP
  X:0033H         PUBLIC        wire_broken_level
  C:19F0H         PUBLIC        Reset_after_wirebroken
  B:0080H.1       PUBLIC        wire_broken
  X:0034H         PUBLIC        ADC_check_saved_result
  C:1940H         PUBLIC        Batstolen_Alarm_to_Slave
  C:179BH         PUBLIC        Reset_after_stolen_alarming
  D:00D8H         PUBLIC        WDCON0
  X:0036H         PUBLIC        wire_broken_time
  D:0098H         PUBLIC        SCON
  D:0088H         PUBLIC        TCON
  C:0F55H         PUBLIC        Detect_close_action
  B:0090H.6       PUBLIC        Generator_lock
  C:152CH         PUBLIC        slave_nearby_operation
  B:00A0H.6       PUBLIC        the3rd_sendor
  B:00A0H.5       PUBLIC        key_rotate
  C:1499H         PUBLIC        Detect_wheel_moving
  C:1B6FH         PUBLIC        Disable_sensor_after_IDcert
  B:0080H.0       PUBLIC        horizontal_sensor
  D:00E8H         PUBLIC        EIE
  C:1390H         PUBLIC        Detect_open_action
  B:0080H.2       PUBLIC        wheeled_rotate
  B:0080H.4       PUBLIC        raised_sensor_detect
  D:00F8H         PUBLIC        ADCCON0
  C:16C1H         PUBLIC        Ensensor_after_slave_away
  D:00C0H         PUBLIC        I2CON
  C:177DH         PUBLIC        ENsensor_After_Close
  C:0C12H         PUBLIC        Detect_selflearn_action
  C:167DH         PUBLIC        ENsensor_afterIDcert
  D:00C8H         PUBLIC        T2CON
BL51 BANKED LINKER/LOCATER V6.22                                                      11/03/2016  14:51:08  PAGE 25


  C:1632H         PUBLIC        SelfLearn_Reset
  C:192AH         PUBLIC        Raise_Alarm_to_Slave
  C:175FH         PUBLIC        slave_away_operation
  X:0038H         PUBLIC        key_rotate_off_time
  B:0025H.1       PUBLIC        enable_sensor_delayEN
  C:1914H         PUBLIC        Fell_Alarm_to_Slave
  D:00D0H         PUBLIC        PSW
  B:0080H.0       PUBLIC        sensor_detect
  C:1B43H         PUBLIC        Host_stolen_action
  B:0080H.5       PUBLIC        Externalmotor
  -------         PROC          SLAVE_AWAY_OPERATION
  C:175FH         LINE#         102
  C:175FH         LINE#         103
  C:175FH         LINE#         104
  C:1762H         LINE#         105
  C:1762H         LINE#         106
  C:1765H         LINE#         108
  C:1768H         LINE#         112
  C:1768H         LINE#         114
  C:176AH         LINE#         115
  C:176EH         LINE#         117
  C:1773H         LINE#         118
  C:1777H         LINE#         120
  C:177AH         LINE#         121
  C:177CH         LINE#         122
  -------         ENDPROC       SLAVE_AWAY_OPERATION
  -------         PROC          SLAVE_NEARBY_OPERATION
  C:152CH         LINE#         128
  C:152CH         LINE#         129
  C:152CH         LINE#         130
  C:152EH         LINE#         132
  C:1530H         LINE#         133
  C:1534H         LINE#         134
  C:1536H         LINE#         135
  C:1539H         LINE#         137
  C:153CH         LINE#         138
  C:153FH         LINE#         139
  C:1542H         LINE#         140
  C:1545H         LINE#         141
  C:1547H         LINE#         142
  C:1549H         LINE#         144
  C:154CH         LINE#         145
  C:154CH         LINE#         146
  C:154FH         LINE#         147
  C:1551H         LINE#         149
  C:1554H         LINE#         150
  C:1557H         LINE#         152
  C:155AH         LINE#         153
  C:155AH         LINE#         173
  -------         ENDPROC       SLAVE_NEARBY_OPERATION
  -------         PROC          INITSENSOR
  C:1B5BH         LINE#         179
  C:1B5BH         LINE#         180
  C:1B5BH         LINE#         181
  C:1B5DH         LINE#         182
  C:1B5FH         LINE#         183
  C:1B61H         LINE#         184
BL51 BANKED LINKER/LOCATER V6.22                                                      11/03/2016  14:51:08  PAGE 26


  C:1B63H         LINE#         185
  C:1B65H         LINE#         186
  -------         ENDPROC       INITSENSOR
  -------         PROC          HOST_STOLEN_ACTION
  C:1B43H         LINE#         192
  C:1B43H         LINE#         193
  C:1B43H         LINE#         195
  C:1B46H         LINE#         196
  C:1B46H         LINE#         197
  C:1B48H         LINE#         199
  C:1B4BH         LINE#         200
  C:1B4EH         LINE#         211
  C:1B4EH         LINE#         212
  -------         ENDPROC       HOST_STOLEN_ACTION
  -------         PROC          ENSENSOR_AFTERIDCERT
  C:167DH         LINE#         219
  C:167DH         LINE#         220
  C:167DH         LINE#         221
  C:1680H         LINE#         222
  C:1680H         LINE#         224
  C:168AH         LINE#         225
  C:168AH         LINE#         226
  C:168CH         LINE#         227
  C:168EH         LINE#         228
  C:1691H         LINE#         231
  C:1699H         LINE#         232
  C:1699H         LINE#         233
  C:169CH         LINE#         234
  C:169CH         LINE#         235
  C:169EH         LINE#         237
  C:169EH         LINE#         238
  C:169EH         LINE#         239
  -------         ENDPROC       ENSENSOR_AFTERIDCERT
  -------         PROC          ENSENSOR_AFTER_CLOSE
  C:177DH         LINE#         244
  C:177DH         LINE#         245
  C:177DH         LINE#         246
  C:1786H         LINE#         247
  C:1786H         LINE#         248
  C:1790H         LINE#         249
  C:1790H         LINE#         250
  C:1792H         LINE#         251
  C:1794H         LINE#         252
  C:1797H         LINE#         253
  C:179AH         LINE#         254
  C:179AH         LINE#         255
  C:179AH         LINE#         256
  -------         ENDPROC       ENSENSOR_AFTER_CLOSE
  -------         PROC          SELFLEARN_RESET
  C:1632H         LINE#         262
  C:1632H         LINE#         263
  C:1632H         LINE#         264
  C:1635H         LINE#         265
  C:1635H         LINE#         266
  C:163FH         LINE#         267
  C:163FH         LINE#         268
  C:1641H         LINE#         269
BL51 BANKED LINKER/LOCATER V6.22                                                      11/03/2016  14:51:08  PAGE 27


  C:1643H         LINE#         271
  C:1648H         LINE#         272
  C:164DH         LINE#         273
  C:164FH         LINE#         274
  C:1651H         LINE#         275
  C:1653H         LINE#         276
  C:1655H         LINE#         277
  C:1657H         LINE#         278
  C:1657H         LINE#         279
  C:1657H         LINE#         280
  -------         ENDPROC       SELFLEARN_RESET
  -------         PROC          FELL_ALARM_TO_SLAVE
  C:1914H         LINE#         286
  C:1914H         LINE#         287
  C:1914H         LINE#         288
  C:191FH         LINE#         289
  C:191FH         LINE#         290
  C:1924H         LINE#         291
  C:1929H         LINE#         292
  C:1929H         LINE#         293
  -------         ENDPROC       FELL_ALARM_TO_SLAVE
  -------         PROC          RAISE_ALARM_TO_SLAVE
  C:192AH         LINE#         299
  C:192AH         LINE#         300
  C:192AH         LINE#         301
  C:1935H         LINE#         302
  C:1935H         LINE#         303
  C:193AH         LINE#         304
  C:193FH         LINE#         305
  C:193FH         LINE#         306
  -------         ENDPROC       RAISE_ALARM_TO_SLAVE
  -------         PROC          BATSTOLEN_ALARM_TO_SLAVE
  C:1940H         LINE#         312
  C:1940H         LINE#         313
  C:1940H         LINE#         314
  C:194BH         LINE#         315
  C:194BH         LINE#         316
  C:1950H         LINE#         317
  C:1955H         LINE#         318
  C:1955H         LINE#         319
  -------         ENDPROC       BATSTOLEN_ALARM_TO_SLAVE
  -------         PROC          DISABLE_SENSOR_AFTER_IDCERT
  C:1B6FH         LINE#         324
  C:1B6FH         LINE#         325
  C:1B6FH         LINE#         326
  C:1B72H         LINE#         327
  C:1B72H         LINE#         328
  C:1B74H         LINE#         330
  C:1B77H         LINE#         331
  C:1B77H         LINE#         332
  -------         ENDPROC       DISABLE_SENSOR_AFTER_IDCERT
  -------         PROC          RESET_AFTER_WIREBROKEN
  C:19F0H         LINE#         337
  C:19F0H         LINE#         338
  C:19F0H         LINE#         339
  C:19F3H         LINE#         340
  C:19F3H         LINE#         341
BL51 BANKED LINKER/LOCATER V6.22                                                      11/03/2016  14:51:08  PAGE 28


  C:19F5H         LINE#         342
  C:19F9H         LINE#         343
  C:19FBH         LINE#         344
  C:19FDH         LINE#         345
  C:19FFH         LINE#         346
  C:19FFH         LINE#         347
  -------         ENDPROC       RESET_AFTER_WIREBROKEN
  -------         PROC          RESET_AFTER_STOLEN_ALARMING
  C:179BH         LINE#         353
  C:179BH         LINE#         354
  C:179BH         LINE#         355
  C:179EH         LINE#         356
  C:179EH         LINE#         357
  C:17A8H         LINE#         358
  C:17A8H         LINE#         359
  C:17ACH         LINE#         360
  C:17AEH         LINE#         361
  C:17B0H         LINE#         362
  C:17B2H         LINE#         363
  C:17B5H         LINE#         364
  C:17B8H         LINE#         365
  C:17B8H         LINE#         366
  C:17B8H         LINE#         367
  -------         ENDPROC       RESET_AFTER_STOLEN_ALARMING
  -------         PROC          ENSENSOR_AFTER_SLAVE_AWAY
  C:16C1H         LINE#         372
  C:16C1H         LINE#         373
  C:16C1H         LINE#         374
  C:16CAH         LINE#         375
  C:16CAH         LINE#         376
  C:16D4H         LINE#         377
  C:16D4H         LINE#         378
  C:16D7H         LINE#         379
  C:16D9H         LINE#         380
  C:16DBH         LINE#         381
  C:16DEH         LINE#         382
  C:16E1H         LINE#         383
  C:16E1H         LINE#         384
  C:16E1H         LINE#         385
  -------         ENDPROC       ENSENSOR_AFTER_SLAVE_AWAY
  -------         PROC          DETECT_SELFLEARN_ACTION
  C:0C12H         LINE#         390
  C:0C12H         LINE#         391
  C:0C12H         LINE#         392
  C:0C18H         LINE#         394
  C:0C18H         LINE#         396
  C:0C1AH         LINE#         398
  C:0C1DH         LINE#         399
  C:0C1DH         LINE#         400
  C:0C28H         LINE#         401
  C:0C33H         LINE#         402
  C:0C33H         LINE#         403
  C:0C3AH         LINE#         404
  C:0C3EH         LINE#         405
  C:0C40H         LINE#         406
  C:0C40H         LINE#         407
  C:0C42H         LINE#         409
BL51 BANKED LINKER/LOCATER V6.22                                                      11/03/2016  14:51:08  PAGE 29


  C:0C42H         LINE#         410
  C:0C4EH         LINE#         411
  C:0C4EH         LINE#         412
  C:0C52H         LINE#         413
  C:0C57H         LINE#         414
  C:0C57H         LINE#         415
  C:0C57H         LINE#         417
  C:0C5FH         LINE#         418
  C:0C5FH         LINE#         419
  C:0C61H         LINE#         420
  C:0C63H         LINE#         421
  C:0C66H         LINE#         422
  C:0C66H         LINE#         423
  C:0C68H         LINE#         424
  C:0C73H         LINE#         426
  C:0C75H         LINE#         429
  C:0C78H         LINE#         430
  C:0C78H         LINE#         431
  C:0C7AH         LINE#         432
  C:0C7CH         LINE#         433
  C:0C7EH         LINE#         435
  C:0C81H         LINE#         437
  C:0C84H         LINE#         442
  C:0C84H         LINE#         443
  -------         ENDPROC       DETECT_SELFLEARN_ACTION
  -------         PROC          DETECT_OPEN_ACTION
  C:1390H         LINE#         448
  C:1390H         LINE#         449
  C:1390H         LINE#         450
  C:13A1H         LINE#         451
  C:13A1H         LINE#         452
  C:13A4H         LINE#         453
  C:13A9H         LINE#         454
  C:13ABH         LINE#         456
  C:13AFH         LINE#         457
  C:13B1H         LINE#         458
  C:13B4H         LINE#         459
  C:13B6H         LINE#         460
  C:13B9H         LINE#         461
  C:13BCH         LINE#         463
  C:13BEH         LINE#         465
  C:13C0H         LINE#         466
  C:13C6H         LINE#         467
  C:13C6H         LINE#         468
  -------         ENDPROC       DETECT_OPEN_ACTION
  -------         PROC          DETECT_CLOSE_ACTION
  C:0F55H         LINE#         473
  C:0F55H         LINE#         474
  C:0F55H         LINE#         475
  C:0F68H         LINE#         477
  C:0F68H         LINE#         478
  C:0F6EH         LINE#         479
  C:0F6EH         LINE#         480
  C:0F79H         LINE#         481
  C:0F84H         LINE#         482
  C:0F84H         LINE#         483
  C:0F8DH         LINE#         484
BL51 BANKED LINKER/LOCATER V6.22                                                      11/03/2016  14:51:08  PAGE 30


  C:0F8DH         LINE#         485
  C:0F90H         LINE#         487
  C:0F94H         LINE#         488
  C:0F97H         LINE#         489
  C:0F99H         LINE#         490
  C:0F9BH         LINE#         492
  C:0FA1H         LINE#         493
  C:0FA3H         LINE#         494
  C:0FA3H         LINE#         495
  C:0FA3H         LINE#         496
  C:0FA3H         LINE#         497
  C:0FA4H         LINE#         498
  C:0FA7H         LINE#         499
  C:0FADH         LINE#         500
  -------         ENDPROC       DETECT_CLOSE_ACTION
  -------         PROC          DETECT_VIBRATION
  C:0CF6H         LINE#         505
  C:0CF6H         LINE#         506
  C:0CF6H         LINE#         507
  C:0CFFH         LINE#         508
  C:0CFFH         LINE#         509
  C:0D09H         LINE#         510
  C:0D09H         LINE#         511
  C:0D0BH         LINE#         512
  C:0D0DH         LINE#         513
  C:0D12H         LINE#         515
  C:0D14H         LINE#         516
  C:0D19H         LINE#         518
  C:0D1EH         LINE#         519
  C:0D1EH         LINE#         520
  C:0D20H         LINE#         522
  C:0D24H         LINE#         524
  C:0D27H         LINE#         525
  C:0D27H         LINE#         526
  C:0D3EH         LINE#         527
  C:0D3EH         LINE#         528
  C:0D40H         LINE#         529
  C:0D44H         LINE#         530
  C:0D44H         LINE#         531
  C:0D44H         LINE#         533
  C:0D47H         LINE#         534
  C:0D47H         LINE#         535
  C:0D5EH         LINE#         536
  C:0D5EH         LINE#         537
  C:0D60H         LINE#         538
  C:0D64H         LINE#         539
  C:0D64H         LINE#         540
  C:0D64H         LINE#         541
  -------         ENDPROC       DETECT_VIBRATION
  -------         PROC          DETECT_WHEEL_MOVING
  C:1499H         LINE#         546
  C:1499H         LINE#         547
  C:1499H         LINE#         548
  C:149CH         LINE#         549
  C:149CH         LINE#         550
  C:149EH         LINE#         551
  C:14A4H         LINE#         553
BL51 BANKED LINKER/LOCATER V6.22                                                      11/03/2016  14:51:08  PAGE 31


  C:14A9H         LINE#         554
  C:14A9H         LINE#         555
  C:14ACH         LINE#         556
  C:14ACH         LINE#         557
  C:14C3H         LINE#         558
  C:14C3H         LINE#         559
  C:14C5H         LINE#         560
  C:14C9H         LINE#         561
  C:14C9H         LINE#         562
  C:14C9H         LINE#         563
  -------         ENDPROC       DETECT_WHEEL_MOVING
  -------         ENDMOD        OPERATION

  -------         MODULE        OTHER
  C:0000H         SYMBOL        _ICE_DUMMY_
  D:0080H         PUBLIC        P0
  D:0090H         PUBLIC        P1
  D:00A0H         PUBLIC        P2
  D:00B0H         PUBLIC        P3
  D:00A8H         PUBLIC        IE
  C:1B1CH         PUBLIC        _magnet_ACW_Taili
  B:00A0H.4       PUBLIC        Moto_EN
  D:00B8H         PUBLIC        IP
  D:00D8H         PUBLIC        WDCON0
  D:0098H         PUBLIC        SCON
  D:0088H         PUBLIC        TCON
  C:0003H         PUBLIC        Moto_Vibration
  C:1B0EH         PUBLIC        _magnet_ACW
  C:1B4FH         PUBLIC        Enable_sensor
  C:14FBH         PUBLIC        _magnet_CW_Taili
  D:00E8H         PUBLIC        EIE
  C:11C7H         PUBLIC        disable_sensor
  B:00A0H.2       PUBLIC        MagentControl_1
  B:00A0H.3       PUBLIC        MagentControl_2
  D:00F8H         PUBLIC        ADCCON0
  D:00C0H         PUBLIC        I2CON
  D:00C8H         PUBLIC        T2CON
  C:14CAH         PUBLIC        _magnet_CW
  D:00D0H         PUBLIC        PSW
  B:0080H.5       PUBLIC        Externalmotor
  -------         PROC          _MAGNET_CW
  X:003AH         SYMBOL        x
  X:003CH         SYMBOL        y
  D:0003H         SYMBOL        z
  C:14CAH         LINE#         44
  C:14D7H         LINE#         45
  C:14D7H         LINE#         47
  C:14E0H         LINE#         49
  C:14E2H         LINE#         50
  C:14E4H         LINE#         51
  C:14F4H         LINE#         52
  C:14F6H         LINE#         53
  C:14F8H         LINE#         54
  C:14FAH         LINE#         55
  -------         ENDPROC       _MAGNET_CW
  -------         PROC          _MAGNET_CW_TAILI
  X:003EH         SYMBOL        x
BL51 BANKED LINKER/LOCATER V6.22                                                      11/03/2016  14:51:08  PAGE 32


  X:0040H         SYMBOL        y
  D:0003H         SYMBOL        z
  C:14FBH         LINE#         61
  C:1508H         LINE#         62
  C:1508H         LINE#         64
  C:1511H         LINE#         66
  C:1513H         LINE#         67
  C:1515H         LINE#         68
  C:1525H         LINE#         69
  C:1527H         LINE#         70
  C:1529H         LINE#         71
  C:152BH         LINE#         72
  -------         ENDPROC       _MAGNET_CW_TAILI
  -------         PROC          _MAGNET_ACW
  D:0006H         SYMBOL        x
  D:0004H         SYMBOL        y
  C:1B0EH         LINE#         78
  C:1B0EH         LINE#         79
  C:1B0EH         LINE#         80
  C:1B10H         LINE#         81
  C:1B12H         LINE#         82
  C:1B14H         LINE#         83
  C:1B17H         LINE#         84
  C:1B19H         LINE#         85
  C:1B1BH         LINE#         86
  -------         ENDPROC       _MAGNET_ACW
  -------         PROC          _MAGNET_ACW_TAILI
  D:0006H         SYMBOL        x
  D:0004H         SYMBOL        y
  C:1B1CH         LINE#         92
  C:1B1CH         LINE#         93
  C:1B1CH         LINE#         94
  C:1B1EH         LINE#         95
  C:1B20H         LINE#         96
  C:1B22H         LINE#         97
  C:1B25H         LINE#         98
  C:1B27H         LINE#         99
  C:1B29H         LINE#         100
  -------         ENDPROC       _MAGNET_ACW_TAILI
  -------         PROC          DISABLE_SENSOR
  C:11C7H         LINE#         106
  C:11C7H         LINE#         107
  C:11C7H         LINE#         109
  C:11C9H         LINE#         110
  C:11CBH         LINE#         112
  C:11CDH         LINE#         113
  C:11CFH         LINE#         114
  C:11D3H         LINE#         115
  C:11D6H         LINE#         116
  C:11D9H         LINE#         117
  C:11DEH         LINE#         118
  C:11E3H         LINE#         119
  C:11E8H         LINE#         120
  C:11EBH         LINE#         121
  C:11EEH         LINE#         122
  C:11F0H         LINE#         123
[...]
  B:00A0H.6       PUBLIC        the3rd_sendor
  B:0022H.5       PUBLIC        IDkey_flash_EN
  X:007DH         PUBLIC        ID_certificated_numbers
  X:007EH         PUBLIC        raise_wire_time
  B:00A0H.7       PUBLIC        transmiter_EN
  B:0022H.6       PUBLIC        Host_stolen_alarming
  X:007FH         PUBLIC        Speech_closed_time
  D:008CH         PUBLIC        TH0
  B:0022H.7       PUBLIC        flashing_flag
  B:0080H.0       PUBLIC        horizontal_sensor
  D:008AH         PUBLIC        TL0
  B:0023H.0       PUBLIC        vibration_flag
  X:0080H         PUBLIC        fell_wire_time
  B:0023H.1       PUBLIC        host_stolen_alarm2_EN
  X:0081H         PUBLIC        After_IDcert_timecount
  D:00E8H         PUBLIC        EIE
  C:0026H         PUBLIC        timer0
  B:0080H.4       PUBLIC        raised_sensor_detect
  B:0023H.2       PUBLIC        ID_certificated_flag
  D:00F8H         PUBLIC        ADCCON0
  D:00C0H         PUBLIC        I2CON
  B:0023H.3       PUBLIC        wheeled_flag
  B:0023H.4       PUBLIC        EN_host_stolen_alarming
  B:0023H.5       PUBLIC        Check_Motobattery_flag
  B:0023H.6       PUBLIC        Speech_closed_G
  B:0023H.7       PUBLIC        Emergency_open_G
  X:0082H         PUBLIC        vibration_count
  X:0084H         PUBLIC        timer0_count
  X:0086H         PUBLIC        sensor_3rdstage_effcount
  D:00C8H         PUBLIC        T2CON
  X:0087H         PUBLIC        enable_sensor_delay_count
  X:0088H         PUBLIC        host_stolen_alarm1_count
  X:0089H         PUBLIC        host_stolen_alarm2_count
  X:008AH         PUBLIC        sensor_3rdstage_interval
  B:0024H.0       PUBLIC        ID_selflearning_flag
  B:0024H.1       PUBLIC        battery_stolen_EN
  B:0024H.2       PUBLIC        position_sensor_EN
  C:05B2H         PUBLIC        uart_isr
  B:0024H.3       PUBLIC        Autolock_G
  X:008CH         PUBLIC        wheeled_count
  X:008EH         PUBLIC        raised_fell_number
  B:0024H.4       PUBLIC        never_alarm_speech
  X:0090H         PUBLIC        Check_Motobattery_count
  B:0024H.5       PUBLIC        Battery_hint_flag
  X:0091H         PUBLIC        Open_action_flag
  X:0092H         PUBLIC        receive_HV_count
  X:0093H         PUBLIC        receive_LV_count
  B:0024H.6       PUBLIC        raised_flag
  X:0094H         PUBLIC        raised_alarm_count
  D:00D0H         PUBLIC        PSW
  B:0080H.0       PUBLIC        sensor_detect
BL51 BANKED LINKER/LOCATER V6.22                                                      11/03/2016  14:51:08  PAGE 54


  X:0095H         PUBLIC        Stolen_alarm_reset_count
  B:0080H.5       PUBLIC        Externalmotor
  -------         PROC          MAIN
  C:160BH         LINE#         140
  C:160BH         LINE#         141
  C:160BH         LINE#         142
  C:160EH         LINE#         147
  C:1611H         LINE#         149
  C:1618H         LINE#         151
  C:161BH         LINE#         153
  C:161EH         LINE#         155
  C:1620H         LINE#         158
  C:1623H         LINE#         159
  C:1626H         LINE#         161
  C:1629H         LINE#         162
  C:162CH         LINE#         164
  C:162EH         LINE#         165
  C:1630H         LINE#         167
  C:1630H         LINE#         168
  C:1630H         LINE#         169
  -------         ENDPROC       MAIN
  -------         PROC          TIMER0
  C:0026H         LINE#         177
  C:0043H         LINE#         180
  C:0048H         LINE#         181
  C:004DH         LINE#         184
  C:0064H         LINE#         185
  C:0064H         LINE#         187
  C:0068H         LINE#         192
  C:0082H         LINE#         193
  C:0082H         LINE#         194
  C:0084H         LINE#         195
  C:0084H         LINE#         198
  C:0087H         LINE#         199
  C:0087H         LINE#         201
  C:008AH         LINE#         202
  C:008AH         LINE#         203
  C:008CH         LINE#         204
  C:008EH         LINE#         205
  C:0092H         LINE#         206
  C:0094H         LINE#         207
  C:0096H         LINE#         208
  C:009CH         LINE#         209
  C:009CH         LINE#         210
  C:009EH         LINE#         211
  C:00A0H         LINE#         212
  C:00A3H         LINE#         213
  C:00A3H         LINE#         214
  C:00A3H         LINE#         216
  C:00A6H         LINE#         217
  C:00A6H         LINE#         218
  C:00ABH         LINE#         219
  C:00B1H         LINE#         220
  C:00B1H         LINE#         221
  C:00B3H         LINE#         222
  C:00B5H         LINE#         223
  C:00B5H         LINE#         224
BL51 BANKED LINKER/LOCATER V6.22                                                      11/03/2016  14:51:08  PAGE 55


  C:00B5H         LINE#         227
  C:00B8H         LINE#         228
  C:00BBH         LINE#         232
  C:00BEH         LINE#         240
  C:00C1H         LINE#         248
  C:00C4H         LINE#         251
  C:00C7H         LINE#         253
  C:00CAH         LINE#         254
  C:00CDH         LINE#         255
  C:00D0H         LINE#         256
  C:00D0H         LINE#         259
  C:00D3H         LINE#         262
  C:00D6H         LINE#         263
  C:00D9H         LINE#         264
  C:00DCH         LINE#         266
  C:00DFH         LINE#         267
  C:00E2H         LINE#         269
  C:00E5H         LINE#         270
  C:00E5H         LINE#         271
  C:00E7H         LINE#         272
  C:00EAH         LINE#         273
  C:00EAH         LINE#         279
  C:00EFH         LINE#         280
  C:00EFH         LINE#         282
  C:0100H         LINE#         283
  C:0100H         LINE#         285
  C:0100H         LINE#         286
  C:0100H         LINE#         289
  C:0112H         LINE#         290
  C:0112H         LINE#         292
  C:011EH         LINE#         293
  C:011EH         LINE#         294
  C:0120H         LINE#         297
  C:0124H         LINE#         301
  C:0127H         LINE#         302
  C:012AH         LINE#         303
  C:012DH         LINE#         304
  C:0130H         LINE#         305
  C:0130H         LINE#         306
  C:0132H         LINE#         308
  C:0132H         LINE#         310
  C:0136H         LINE#         311
  C:0136H         LINE#         312
  C:0136H         LINE#         313
  C:0138H         LINE#         316
  C:0138H         LINE#         317
  C:0138H         LINE#         318
  C:0141H         LINE#         319
  C:0141H         LINE#         321
  C:014BH         LINE#         322
  C:014BH         LINE#         323
  C:014DH         LINE#         324
  C:0152H         LINE#         327
  C:0155H         LINE#         328
  C:0155H         LINE#         329
  C:0157H         LINE#         331
  C:0157H         LINE#         332
BL51 BANKED LINKER/LOCATER V6.22                                                      11/03/2016  14:51:08  PAGE 56


  C:015BH         LINE#         333
  C:015BH         LINE#         336
  C:0172H         LINE#         337
  C:0172H         LINE#         338
  C:0176H         LINE#         339
  C:0179H         LINE#         340
  C:017CH         LINE#         341
  C:0181H         LINE#         342
  C:0181H         LINE#         343
  C:0181H         LINE#         344
  C:0183H         LINE#         347
  C:0183H         LINE#         348
  C:0183H         LINE#         349
  C:018CH         LINE#         350
  C:018CH         LINE#         352
  C:0196H         LINE#         353
  C:0196H         LINE#         354
  C:0198H         LINE#         356
  C:019AH         LINE#         357
  C:019CH         LINE#         358
  C:019EH         LINE#         359
  C:01A1H         LINE#         360
  C:01A1H         LINE#         361
  C:01A3H         LINE#         363
  C:01A3H         LINE#         364
  C:01A7H         LINE#         365
  C:01A7H         LINE#         368
  C:01BEH         LINE#         369
  C:01BEH         LINE#         370
  C:01C2H         LINE#         371
  C:01C5H         LINE#         372
  C:01C8H         LINE#         373
  C:01CDH         LINE#         374
  C:01D2H         LINE#         375
  C:01D5H         LINE#         376
  C:01D5H         LINE#         377
  C:01D5H         LINE#         378
  C:01D5H         LINE#         379
  C:01D5H         LINE#         382
  C:01DDH         LINE#         383
  C:01DDH         LINE#         384
  C:01DFH         LINE#         385
  C:01E1H         LINE#         387
  C:01E3H         LINE#         388
  C:01E3H         LINE#         392
  C:01E6H         LINE#         393
  C:01E6H         LINE#         395
  C:01E9H         LINE#         396
  C:01E9H         LINE#         398
  C:01F1H         LINE#         399
  C:01F1H         LINE#         401
  C:01F3H         LINE#         402
  C:01F5H         LINE#         404
  C:01F8H         LINE#         405
  C:01F8H         LINE#         407
  C:01FAH         LINE#         408
  C:01FAH         LINE#         409
BL51 BANKED LINKER/LOCATER V6.22                                                      11/03/2016  14:51:08  PAGE 57


  C:01FAH         LINE#         410
  C:01FCH         LINE#         412
  C:01FCH         LINE#         413
  C:01FEH         LINE#         414
  C:0202H         LINE#         415
  C:0205H         LINE#         416
  C:0207H         LINE#         417
  C:0207H         LINE#         419
  C:020AH         LINE#         420
  C:020AH         LINE#         422
  C:0212H         LINE#         423
  C:0212H         LINE#         425
  C:0214H         LINE#         426
  C:0216H         LINE#         428
  C:0219H         LINE#         429
  C:0219H         LINE#         430
  C:021BH         LINE#         431
  C:021BH         LINE#         432
  C:021BH         LINE#         433
  C:021DH         LINE#         435
  C:021DH         LINE#         436
  C:021FH         LINE#         437
  C:0223H         LINE#         438
  C:0226H         LINE#         439
  C:0228H         LINE#         440
  C:0228H         LINE#         441
  C:0228H         LINE#         444
  C:022BH         LINE#         445
  C:022BH         LINE#         446
  C:0242H         LINE#         447
  C:0242H         LINE#         448
  C:0244H         LINE#         449
  C:0248H         LINE#         450
  C:024AH         LINE#         452
  C:024DH         LINE#         453
  C:0250H         LINE#         454
  C:0253H         LINE#         455
  C:0258H         LINE#         456
  C:025DH         LINE#         457
  C:0266H         LINE#         458
  C:026AH         LINE#         459
  C:026DH         LINE#         460
  C:026DH         LINE#         461
  C:026DH         LINE#         462
  -------         ENDPROC       TIMER0
  -------         PROC          UART_ISR
  C:05B2H         LINE#         467
  C:05CFH         LINE#         469
  C:05D4H         LINE#         470
  C:05D4H         LINE#         471
  C:05D6H         LINE#         472
  C:05E0H         LINE#         476
  C:05E5H         LINE#         477
  C:05E5H         LINE#         479
  C:05F3H         LINE#         480
  C:05F3H         LINE#         481
  C:05F8H         LINE#         482
BL51 BANKED LINKER/LOCATER V6.22                                                      11/03/2016  14:51:08  PAGE 58


  C:05FAH         LINE#         483
  C:060CH         LINE#         484
  C:060CH         LINE#         485
  C:0611H         LINE#         486
  C:0613H         LINE#         487
  C:0626H         LINE#         488
  C:0626H         LINE#         489
  C:062BH         LINE#         490
  C:062DH         LINE#         491
  C:063DH         LINE#         492
  C:063DH         LINE#         493
  C:0642H         LINE#         494
  C:0644H         LINE#         495
  C:0656H         LINE#         496
  C:0656H         LINE#         497
  C:065BH         LINE#         498
  C:065DH         LINE#         500
  C:066FH         LINE#         501
  C:066FH         LINE#         502
  C:0672H         LINE#         503
  C:0674H         LINE#         504
  C:0677H         LINE#         505
  C:0679H         LINE#         507
  C:067CH         LINE#         509
  C:0688H         LINE#         510
  C:0688H         LINE#         511
  C:068AH         LINE#         512
  C:068AH         LINE#         513
  C:0694H         LINE#         514
  C:0694H         LINE#         518
  C:0696H         LINE#         519
  C:0698H         LINE#         520
  C:069AH         LINE#         522
  C:069CH         LINE#         523
  C:069EH         LINE#         524
  C:069EH         LINE#         525
  C:06A0H         LINE#         535
  C:06A0H         LINE#         536
  C:06A4H         LINE#         537
  C:06A4H         LINE#         570
  C:06A6H         LINE#         572
  C:06A6H         LINE#         574
  C:06B0H         LINE#         575
  C:06B0H         LINE#         576
  C:06B2H         LINE#         577
  C:06B4H         LINE#         578
  C:06B4H         LINE#         617
  C:06B4H         LINE#         618
  C:06B4H         LINE#         619
  -------         ENDPROC       UART_ISR
  -------         ENDMOD        MAIN

  -------         MODULE        ?C?CLDPTR
  C:043BH         PUBLIC        ?C?CLDPTR
  -------         ENDMOD        ?C?CLDPTR

  -------         MODULE        ?C?LMUL
BL51 BANKED LINKER/LOCATER V6.22                                                      11/03/2016  14:51:08  PAGE 59


  C:0454H         PUBLIC        ?C?LMUL
  -------         ENDMOD        ?C?LMUL

  -------         MODULE        ?C?ULDIV
  C:04DFH         PUBLIC        ?C?ULDIV
  -------         ENDMOD        ?C?ULDIV

  -------         MODULE        ?C?LNEG
  C:0571H         PUBLIC        ?C?LNEG
  -------         ENDMOD        ?C?LNEG

  -------         MODULE        ?C?ICALL
  C:057FH         PUBLIC        ?C?ICALL
  C:0583H         PUBLIC        ?C?ICALL2
  -------         ENDMOD        ?C?ICALL

  -------         MODULE        ?C?LIMUL
  C:0585H         PUBLIC        ?C?LIMUL
  -------         ENDMOD        ?C?LIMUL

*** WARNING L16: UNCALLED SEGMENT, IGNORED FOR OVERLAY PROCESS
    SEGMENT: ?PR?_COMMODE_DATA?COMMUNICATION

*** WARNING L16: UNCALLED SEGMENT, IGNORED FOR OVERLAY PROCESS
    SEGMENT: ?PR?_COMMODE_DATA_WX?COMMUNICATION

*** WARNING L16: UNCALLED SEGMENT, IGNORED FOR OVERLAY PROCESS
    SEGMENT: ?PR?_UART_SEND_DATA_F?COMMUNICATION

*** WARNING L16: UNCALLED SEGMENT, IGNORED FOR OVERLAY PROCESS
    SEGMENT: ?PR?_UART_SEND_DATA_F2?COMMUNICATION

*** WARNING L16: UNCALLED SEGMENT, IGNORED FOR OVERLAY PROCESS
    SEGMENT: ?PR?_UART_SEND_DATA_F3?COMMUNICATION

*** WARNING L16: UNCALLED SEGMENT, IGNORED FOR OVERLAY PROCESS
    SEGMENT: ?PR?UART_SEND_DATA_MATCH?COMMUNICATION

*** WARNING L16: UNCALLED SEGMENT, IGNORED FOR OVERLAY PROCESS
    SEGMENT: ?PR?UART_SEND_DATA_MATCH_F?COMMUNICATION

*** WARNING L16: UNCALLED SEGMENT, IGNORED FOR OVERLAY PROCESS
    SEGMENT: ?PR?RECEIVE_BYTE?COMMUNICATION

*** WARNING L16: UNCALLED SEGMENT, IGNORED FOR OVERLAY PROCESS
    SEGMENT: ?PR?RECEIVE_BYTE_LOCK?COMMUNICATION

*** WARNING L16: UNCALLED SEGMENT, IGNORED FOR OVERLAY PROCESS
    SEGMENT: ?PR?RECEIVE_WORD?COMMUNICATION

*** WARNING L16: UNCALLED SEGMENT, IGNORED FOR OVERLAY PROCESS
    SEGMENT: ?PR?_UART_SEND_DATA_BROADTEST?COMMUNICATION

*** WARNING L16: UNCALLED SEGMENT, IGNORED FOR OVERLAY PROCESS
    SEGMENT: ?PR?DELAY_100MS?DELAY

*** WARNING L16: UNCALLED SEGMENT, IGNORED FOR OVERLAY PROCESS
BL51 BANKED LINKER/LOCATER V6.22                                                      11/03/2016  14:51:08  PAGE 60


    SEGMENT: ?PR?_DELAY_MS?DELAY

*** WARNING L16: UNCALLED SEGMENT, IGNORED FOR OVERLAY PROCESS
    SEGMENT: ?PR?FELL_ALARM_TO_SLAVE?OPERATION

*** WARNING L16: UNCALLED SEGMENT, IGNORED FOR OVERLAY PROCESS
    SEGMENT: ?PR?RAISE_ALARM_TO_SLAVE?OPERATION

*** WARNING L16: UNCALLED SEGMENT, IGNORED FOR OVERLAY PROCESS
    SEGMENT: ?PR?BATSTOLEN_ALARM_TO_SLAVE?OPERATION

*** WARNING L16: UNCALLED SEGMENT, IGNORED FOR OVERLAY PROCESS
    SEGMENT: ?PR?ENSENSOR_AFTER_SLAVE_AWAY?OPERATION

*** WARNING L16: UNCALLED SEGMENT, IGNORED FOR OVERLAY PROCESS
    SEGMENT: ?PR?_MAGNET_CW?OTHER

*** WARNING L16: UNCALLED SEGMENT, IGNORED FOR OVERLAY PROCESS
    SEGMENT: ?PR?_MAGNET_CW_TAILI?OTHER

*** WARNING L16: UNCALLED SEGMENT, IGNORED FOR OVERLAY PROCESS
    SEGMENT: ?PR?_MAGNET_ACW?OTHER

*** WARNING L16: UNCALLED SEGMENT, IGNORED FOR OVERLAY PROCESS
    SEGMENT: ?PR?_MAGNET_ACW_TAILI?OTHER

*** WARNING L16: UNCALLED SEGMENT, IGNORED FOR OVERLAY PROCESS
    SEGMENT: ?PR?MOTO_VIBRATION?OTHER

*** WARNING L16: UNCALLED SEGMENT, IGNORED FOR OVERLAY PROCESS
    SEGMENT: ?PR?MYPWM?PWM

*** WARNING L16: UNCALLED SEGMENT, IGNORED FOR OVERLAY PROCESS
    SEGMENT: ?PR?_INITTIMER?TIMER

*** WARNING L16: UNCALLED SEGMENT, IGNORED FOR OVERLAY PROCESS
    SEGMENT: ?PR?HSCH_START?TIMER

*** WARNING L16: UNCALLED SEGMENT, IGNORED FOR OVERLAY PROCESS
    SEGMENT: ?PR?SEOS_GO_TO_SLEEP?TIMER

*** WARNING L16: UNCALLED SEGMENT, IGNORED FOR OVERLAY PROCESS
    SEGMENT: ?PR?MOTORBAT_LOW_SPEECH?VOICE

*** WARNING L16: UNCALLED SEGMENT, IGNORED FOR OVERLAY PROCESS
    SEGMENT: ?PR?HOST_2NDTOUCH_SPEECH?VOICE

*** WARNING L16: UNCALLED SEGMENT, IGNORED FOR OVERLAY PROCESS
    SEGMENT: ?PR?BATTERY_STOLEN_SPEECH?VOICE

*** WARNING L16: UNCALLED SEGMENT, IGNORED FOR OVERLAY PROCESS
    SEGMENT: ?PR?CUTTING_WIRE_VOICE?VOICE

*** WARNING L16: UNCALLED SEGMENT, IGNORED FOR OVERLAY PROCESS
    SEGMENT: ?PR?PRODUCT_TEST_VOICE?VOICE

*** WARNING L16: UNCALLED SEGMENT, IGNORED FOR OVERLAY PROCESS
BL51 BANKED LINKER/LOCATER V6.22                                                      11/03/2016  14:51:08  PAGE 61


    SEGMENT: ?PR?BATTERY_LOW_ALARM_SPEECH?VOICE

*** WARNING L16: UNCALLED SEGMENT, IGNORED FOR OVERLAY PROCESS
    SEGMENT: ?PR?BATTERY_HIGH_ALARM_SPEECH?VOICE

*** WARNING L16: UNCALLED SEGMENT, IGNORED FOR OVERLAY PROCESS
    SEGMENT: ?PR?ALARM_STOLEN_SPEECH?VOICE

*** WARNING L16: UNCALLED SEGMENT, IGNORED FOR OVERLAY PROCESS
    SEGMENT: ?PR?ALARM_RAISED_SPEECH?VOICE

*** WARNING L16: UNCALLED SEGMENT, IGNORED FOR OVERLAY PROCESS
    SEGMENT: ?PR?ALARM_FELL_SPEECH?VOICE

*** WARNING L16: UNCALLED SEGMENT, IGNORED FOR OVERLAY PROCESS
    SEGMENT: ?PR?HOST_BATTERY_HIGH_ALARM_SPEECH?VOICE

*** WARNING L16: UNCALLED SEGMENT, IGNORED FOR OVERLAY PROCESS
    SEGMENT: ?PR?BATTERY_STOLEN_SPEECH_F3?VOICE

*** WARNING L16: UNCALLED SEGMENT, IGNORED FOR OVERLAY PROCESS
    SEGMENT: ?PR?WIRE_BROKEN_SPEECH?VOICE

*** WARNING L16: UNCALLED SEGMENT, IGNORED FOR OVERLAY PROCESS
    SEGMENT: ?PR?LOCK_ROTATED_ON_SPEECH?VOICE

*** WARNING L16: UNCALLED SEGMENT, IGNORED FOR OVERLAY PROCESS
    SEGMENT: ?PR?LOCK_ROTATED_OFF_SPEECH?VOICE

*** WARNING L16: UNCALLED SEGMENT, IGNORED FOR OVERLAY PROCESS
    SEGMENT: ?PR?_FLASH_READ_DATA?ISP_DATAFLASH

*** WARNING L16: UNCALLED SEGMENT, IGNORED FOR OVERLAY PROCESS
    SEGMENT: ?PR?SELF_LEARN_PROGRAMMING_F?ISP_DATAFLASH

*** WARNING L16: UNCALLED SEGMENT, IGNORED FOR OVERLAY PROCESS
    SEGMENT: ?PR?INITELECMOTOR?ELECMOTOR

*** WARNING L16: UNCALLED SEGMENT, IGNORED FOR OVERLAY PROCESS
    SEGMENT: ?PR?ELECMOTOR_TEST?ELECMOTOR

*** WARNING L16: UNCALLED SEGMENT, IGNORED FOR OVERLAY PROCESS
    SEGMENT: ?PR?HSCH_DISPATCH_TASKS?SCHEDULAR

*** WARNING L16: UNCALLED SEGMENT, IGNORED FOR OVERLAY PROCESS
    SEGMENT: ?PR?_HSCH_ADD_TASK?SCHEDULAR

*** WARNING L16: UNCALLED SEGMENT, IGNORED FOR OVERLAY PROCESS
    SEGMENT: ?PR?HSCH_UPDATE?SCHEDULAR

*** WARNING L15: MULTIPLE CALL TO SEGMENT
    SEGMENT: ?PR?_SC_SPEECH?VOICE
    CALLER1: ?PR?TIMER0?MAIN
    CALLER2: ?PR?UART_ISR?MAIN

*** WARNING L15: MULTIPLE CALL TO SEGMENT
    SEGMENT: ?PR?_SC_SPEECH?VOICE
BL51 BANKED LINKER/LOCATER V6.22                                                      11/03/2016  14:51:08  PAGE 62


    CALLER1: ?PR?UART_ISR?MAIN
    CALLER2: ?C_C51STARTUP

Program Size: data=54.5 xdata=158 code=7089
LINK/LOCATE RUN COMPLETE.  50 WARNING(S),  0 ERROR(S)
