BL51 BANKED LINKER/LOCATER V6.22                                                        06/04/2017  11:00:46  PAGE 1


BL51 BANKED LINKER/LOCATER V6.22, INVOKED BY:
D:\PROGRAM FILES\KEIL_V5\C51\BIN\BL51.EXE .\AD.obj, .\Battery.obj, .\communication.obj, .\Delay.obj, .\operation.obj, .\
>> Other.obj, .\pwm.obj, .\Timer.obj, .\UART.obj, .\voice.obj, .\ISP_DataFlash.obj, .\ElecMotor.obj, .\Schedular.obj, Ma
>> in.obj TO DDC-Z RAMSIZE (256)


MEMORY MODEL: COMPACT


INPUT MODULES INCLUDED:
  .\AD.obj (AD)
  .\Battery.obj (BATTERY)
  .\communication.obj (COMMUNICATION)
  .\Delay.obj (DELAY)
  .\operation.obj (OPERATION)
  .\Other.obj (OTHER)
  .\pwm.obj (PWM)
  .\Timer.obj (TIMER)
  .\UART.obj (UART)
  .\voice.obj (VOICE)
  .\ISP_DataFlash.obj (ISP_DATAFLASH)
  .\ElecMotor.obj (ELECMOTOR)
  .\Schedular.obj (SCHEDULAR)
  Main.obj (MAIN)
  D:\PROGRAM FILES\KEIL_V5\C51\LIB\C51C.LIB (?C_STARTUP)
  D:\PROGRAM FILES\KEIL_V5\C51\LIB\C51C.LIB (?C?CLDPTR)
  D:\PROGRAM FILES\KEIL_V5\C51\LIB\C51C.LIB (?C?LMUL)
  D:\PROGRAM FILES\KEIL_V5\C51\LIB\C51C.LIB (?C?ULDIV)
  D:\PROGRAM FILES\KEIL_V5\C51\LIB\C51C.LIB (?C?LNEG)
  D:\PROGRAM FILES\KEIL_V5\C51\LIB\C51C.LIB (?C?ICALL)
  D:\PROGRAM FILES\KEIL_V5\C51\LIB\C51C.LIB (?C?LIMUL)
  D:\PROGRAM FILES\KEIL_V5\C51\LIB\C51C.LIB (?C_INIT)


LINK MAP OF MODULE:  DDC-Z (AD)


            TYPE    BASE      LENGTH    RELOCATION   SEGMENT NAME
            -----------------------------------------------------

            * * * * * * *   D A T A   M E M O R Y   * * * * * * *
            REG     0000H     0008H     ABSOLUTE     "REG BANK 0"
                    0008H     0018H                  *** GAP ***
            BIT     0020H.0   0004H.7   UNIT         ?BI?MAIN
            BIT     0024H.7   0000H.3   UNIT         ?BI?OPERATION
            BIT     0025H.2   0000H.3   UNIT         ?BI?ELECMOTOR
            BIT     0025H.5   0000H.1   UNIT         ?BI?_HSCH_ADD_TASK?SCHEDULAR
            BIT     0025H.6   0000H.1   UNIT         _BIT_GROUP_
                    0025H.7   0000H.1                *** GAP ***
            DATA    0026H     0028H     UNIT         ?DT?SCHEDULAR
            IDATA   004EH     0001H     UNIT         ?STACK

            * * * * * * *  X D A T A   M E M O R Y  * * * * * * *
            XDATA   0000H     0002H     INPAGE       ?PD?_VERIFYBATTERY?BATTERY
            XDATA   0002H     0002H     INPAGE       ?PD?BATTERY
            XDATA   0004H     0003H     INPAGE       ?PD?INITSIGNAL?COMMUNICATION
            XDATA   0007H     0003H     INPAGE       ?PD?INITSIGNAL_F?COMMUNICATION
            XDATA   000AH     0003H     INPAGE       ?PD?_SEND_DATA?COMMUNICATION
BL51 BANKED LINKER/LOCATER V6.22                                                      06/04/2017  11:00:46  PAGE 2


            XDATA   000DH     0003H     INPAGE       ?PD?_COMMODE_DATA?COMMUNICATION
            XDATA   0010H     0003H     INPAGE       ?PD?_COMMODE_DATA_WX?COMMUNICATION
            XDATA   0013H     0002H     INPAGE       ?PD?_UART_SEND_DATA?COMMUNICATION
            XDATA   0015H     0002H     INPAGE       ?PD?_UART_SEND_DATA_F?COMMUNICATION
            XDATA   0017H     0002H     INPAGE       ?PD?_UART_SEND_DATA_F2?COMMUNICATION
            XDATA   0019H     0001H     INPAGE       ?PD?_UART_SEND_DATA_F3?COMMUNICATION
            XDATA   001AH     0004H     INPAGE       ?PD?_SEND_CODE_TO_LOCK?COMMUNICATION
            XDATA   001EH     0004H     INPAGE       ?PD?_SEND_CODE_TO_LOCK_TAILI?COMMUNICATION
            XDATA   0022H     0001H     INPAGE       ?PD?_UART_SEND_DATA_BROADTEST?COMMUNICATION
            XDATA   0023H     0007H     INPAGE       ?PD?COMMUNICATION
            XDATA   002AH     0004H     INPAGE       ?PD?_CUSTOM_DELAY?DELAY
            XDATA   002EH     0002H     INPAGE       ?PD?_MAGNET_DELAY?DELAY
            XDATA   0030H     0002H     INPAGE       ?PD?DELAY
            XDATA   0032H     000AH     INPAGE       ?PD?OPERATION
            XDATA   003CH     0004H     INPAGE       ?PD?_MAGNET_CW?OTHER
            XDATA   0040H     0004H     INPAGE       ?PD?_MAGNET_CW_TAILI?OTHER
            XDATA   0044H     0002H     INPAGE       ?PD?PWM
            XDATA   0046H     0002H     INPAGE       ?PD?_INITTIMER?TIMER
            XDATA   0048H     0004H     INPAGE       ?PD?TIMER
            XDATA   004CH     0003H     INPAGE       ?PD?_SENDNBYTE?UART
            XDATA   004FH     0001H     INPAGE       ?PD?VOICE
            XDATA   0050H     0003H     INPAGE       ?PD?_FLASH_READ_DATA?ISP_DATAFLASH
            XDATA   0053H     0002H     INPAGE       ?PD?ELECMOTOR_CLOSECODE?ELECMOTOR
            XDATA   0055H     0002H     INPAGE       ?PD?ELECMOTOR_STOPCODE?ELECMOTOR
            XDATA   0057H     0002H     INPAGE       ?PD?ELECMOTOR
            XDATA   0059H     0001H     INPAGE       ?PD?HSCH_DISPATCH_TASKS?SCHEDULAR
            XDATA   005AH     0002H     INPAGE       ?PD?_HSCH_ADD_TASK?SCHEDULAR
            XDATA   005CH     0001H     INPAGE       ?PD?HSCH_UPDATE?SCHEDULAR
            XDATA   005DH     0004H     INPAGE       ?PD?SCHEDULAR
            XDATA   0061H     003CH     INPAGE       ?PD?MAIN
            XDATA   009DH     0007H     INPAGE       _PDATA_GROUP_

            * * * * * * *   C O D E   M E M O R Y   * * * * * * *
            CODE    0000H     0003H     ABSOLUTE     
            CODE    0003H     0008H     INBLOCK      ?PR?MOTO_VIBRATION?OTHER
            CODE    000BH     0003H     ABSOLUTE     
            CODE    000EH     0015H     INBLOCK      ?PR?SELF_LEARN_SPEECH?VOICE
            CODE    0023H     0003H     ABSOLUTE     
            CODE    0026H     02D3H     INBLOCK      ?PR?TIMER0?MAIN
            CODE    02F9H     0177H     UNIT         ?C?LIB_CODE
            CODE    0470H     011BH     UNIT         ?C_INITSEG
            CODE    058BH     0114H     INBLOCK      ?PR?UART_ISR?MAIN
            CODE    069FH     00C2H     INBLOCK      ?PR?HSCH_UPDATE?SCHEDULAR
            CODE    0761H     008CH     UNIT         ?C_C51STARTUP
            CODE    07EDH     0013H     INBLOCK      ?PR?HOST_TOUCH_SPEECH?VOICE
            CODE    0800H     007DH     INBLOCK      ?PR?_HSCH_ADD_TASK?SCHEDULAR
            CODE    087DH     0078H     INBLOCK      ?PR?_GETADCRESULT?AD
            CODE    08F5H     0075H     INBLOCK      ?PR?_INITTIMER?TIMER
            CODE    096AH     0074H     INBLOCK      ?PR?INITSIGNAL?COMMUNICATION
            CODE    09DEH     0073H     INBLOCK      ?PR?_SEND_CODE_TO_LOCK?COMMUNICATION
            CODE    0A51H     0073H     INBLOCK      ?PR?_SEND_CODE_TO_LOCK_TAILI?COMMUNICATION
            CODE    0AC4H     0073H     INBLOCK      ?PR?DETECT_SELFLEARN_ACTION?OPERATION
            CODE    0B37H     0071H     INBLOCK      ?PR?HSCH_DISPATCH_TASKS?SCHEDULAR
            CODE    0BA8H     006FH     INBLOCK      ?PR?DETECT_VIBRATION?OPERATION
            CODE    0C17H     006AH     INBLOCK      ?PR?RECEIVE_BYTE?COMMUNICATION
            CODE    0C81H     006AH     INBLOCK      ?PR?RECEIVE_BYTE_LOCK?COMMUNICATION
            CODE    0CEBH     0066H     INBLOCK      ?PR?ELECMOTOR_CW?ELECMOTOR
BL51 BANKED LINKER/LOCATER V6.22                                                      06/04/2017  11:00:46  PAGE 3


            CODE    0D51H     0062H     INBLOCK      ?PR?_PWM_CHANNEL?PWM
            CODE    0DB3H     0060H     INBLOCK      ?PR?_SEND_DATA?COMMUNICATION
            CODE    0E13H     0060H     INBLOCK      ?PR?ELECMOTOR_ACW?ELECMOTOR
            CODE    0E73H     005BH     INBLOCK      ?PR?DETECT_CLOSE_ACTION?OPERATION
            CODE    0ECEH     005AH     INBLOCK      ?PR?_VERIFYBATTERY?BATTERY
            CODE    0F28H     005AH     INBLOCK      ?PR?_UART_SEND_DATA?COMMUNICATION
            CODE    0F82H     0056H     INBLOCK      ?PR?ELECMOTOR_CODE?ELECMOTOR
            CODE    0FD8H     0026H     INBLOCK      ?PR?SELFLEARN_RESET?OPERATION
            CODE    0FFEH     0001H     INBLOCK      ?PR?KEY_ROTATE_ON_SPEECH?VOICE
            CODE    0FFFH     0001H     INBLOCK      ?PR?HSCH_REPORT_STATUS?SCHEDULAR
            CODE    1000H     0056H     INBLOCK      ?PR?ELECMOTOR_CLOSECODE?ELECMOTOR
            CODE    1056H     0056H     INBLOCK      ?PR?ELECMOTOR_STOPCODE?ELECMOTOR
            CODE    10ACH     0054H     INBLOCK      ?PR?ELECMOTOR_DELAY_CW?ELECMOTOR
            CODE    1100H     0051H     INBLOCK      ?PR?ELECMOTOR_DELAY_ACW?ELECMOTOR
            CODE    1151H     0050H     INBLOCK      ?PR?DISABLE_SENSOR?OTHER
            CODE    11A1H     004DH     INBLOCK      ?PR?_UART_SEND_DATA_F2?COMMUNICATION
            CODE    11EEH     004CH     INBLOCK      ?PR?_INITT0?TIMER
            CODE    123AH     004BH     INBLOCK      ?PR?_UART_SEND_DATA_BROADTEST?COMMUNICATION
            CODE    1285H     004BH     INBLOCK      ?PR?_HSCH_DELETE_TASK?SCHEDULAR
            CODE    12D0H     0048H     INBLOCK      ?PR?INITSIGNAL_F?COMMUNICATION
            CODE    1318H     0047H     INBLOCK      ?PR?_UART_SEND_DATA_F?COMMUNICATION
            CODE    135FH     0043H     INBLOCK      ?PR?SELF_LEARN_PROGRAMMING?ISP_DATAFLASH
            CODE    13A2H     0043H     INBLOCK      ?PR?SELF_LEARN_PROGRAMMING_F?ISP_DATAFLASH
            CODE    13E5H     0041H     INBLOCK      ?PR?RECEIVE_WORD?COMMUNICATION
            CODE    1426H     003FH     INBLOCK      ?PR?_CUSTOM_DELAY?DELAY
            CODE    1465H     003EH     INBLOCK      ?PR?_UART_SEND_DATA_F3?COMMUNICATION
            CODE    14A3H     003EH     INBLOCK      ?PR?_MAGNET_DELAY?DELAY
            CODE    14E1H     0037H     INBLOCK      ?PR?DETECT_OPEN_ACTION?OPERATION
            CODE    1518H     0036H     INBLOCK      ?PR?_INITUART?UART
            CODE    154EH     0036H     INBLOCK      ?PR?_SC_SPEECH?VOICE
            CODE    1584H     0034H     INBLOCK      ?PR?_COMMODE_DATA_WX?COMMUNICATION
            CODE    15B8H     0032H     INBLOCK      ?PR?_COMMODE_DATA?COMMUNICATION
            CODE    15EAH     0031H     INBLOCK      ?PR?DETECT_WHEEL_MOVING?OPERATION
            CODE    161BH     002FH     INBLOCK      ?PR?_MAGNET_CW?OTHER
            CODE    164AH     002FH     INBLOCK      ?PR?_MAGNET_CW_TAILI?OTHER
            CODE    1679H     002EH     INBLOCK      ?PR?BROADCAST_BATTERY?BATTERY
            CODE    16A7H     002EH     INBLOCK      ?PR?_FLASH_WRITE_DATA?ISP_DATAFLASH
            CODE    16D5H     002BH     INBLOCK      ?PR?_SENDNBYTE?UART
            CODE    1700H     0029H     INBLOCK      ?PR?MAIN?MAIN
            CODE    1729H     0022H     INBLOCK      ?PR?SLAVE_NEARBY_OPERATION?OPERATION
            CODE    174BH     0022H     INBLOCK      ?PR?ENSENSOR_AFTERIDCERT?OPERATION
            CODE    176DH     0022H     INBLOCK      ?PR?RESET_AFTER_STOLEN_ALARMING?OPERATION
            CODE    178FH     0021H     INBLOCK      ?PR?ENSENSOR_AFTER_SLAVE_AWAY?OPERATION
            CODE    17B0H     0020H     INBLOCK      ?PR?_DELAY_MS?DELAY
            CODE    17D0H     001FH     INBLOCK      ?PR?UART_SEND_DATA_MATCH_F?COMMUNICATION
            CODE    17EFH     0010H     INBLOCK      ?PR?RESET_AFTER_WIREBROKEN?OPERATION
                    17FFH     0001H                  *** GAP ***
            CODE    1800H     001FH     INBLOCK      ?PR?ACCUMULATOR_VOICE_PROMOT?VOICE
            CODE    181FH     001EH     INBLOCK      ?PR?SLAVE_AWAY_OPERATION?OPERATION
            CODE    183DH     001EH     INBLOCK      ?PR?ENSENSOR_AFTER_CLOSE?OPERATION
            CODE    185BH     001EH     INBLOCK      ?PR?_FLASH_READ_DATA?ISP_DATAFLASH
            CODE    1879H     001AH     INBLOCK      ?PR?DELAY_1MS?DELAY
            CODE    1893H     001AH     INBLOCK      ?PR?DELAY_5MS?DELAY
            CODE    18ADH     001AH     INBLOCK      ?PR?DELAY_10MS?DELAY
            CODE    18C7H     001AH     INBLOCK      ?PR?DELAY_12MS?DELAY
            CODE    18E1H     001AH     INBLOCK      ?PR?DELAY_50MS?DELAY
            CODE    18FBH     001AH     INBLOCK      ?PR?DELAY_100MS?DELAY
BL51 BANKED LINKER/LOCATER V6.22                                                      06/04/2017  11:00:46  PAGE 4


            CODE    1915H     001AH     INBLOCK      ?PR?DELAY_500MS?DELAY
            CODE    192FH     001AH     INBLOCK      ?PR?TRIGGER_ISP?ISP_DATAFLASH
            CODE    1949H     0019H     INBLOCK      ?PR?_DELAY_US?DELAY
            CODE    1962H     0019H     INBLOCK      ?PR?INITVOICE?VOICE
            CODE    197BH     0018H     INBLOCK      ?PR?INIT_PWM?PWM
            CODE    1993H     0017H     INBLOCK      ?PR?UART_SEND_DATA_MATCH?COMMUNICATION
            CODE    19AAH     0017H     INBLOCK      ?PR?_DELAY?DELAY
            CODE    19C1H     0016H     INBLOCK      ?PR?FELL_ALARM_TO_SLAVE?OPERATION
            CODE    19D7H     0016H     INBLOCK      ?PR?RAISE_ALARM_TO_SLAVE?OPERATION
            CODE    19EDH     0016H     INBLOCK      ?PR?BATSTOLEN_ALARM_TO_SLAVE?OPERATION
            CODE    1A03H     0015H     INBLOCK      ?PR?_FLASH_PAGE_ERASE?ISP_DATAFLASH
            CODE    1A18H     0014H     INBLOCK      ?PR?DISABLE_ISP?ISP_DATAFLASH
            CODE    1A2CH     0013H     INBLOCK      ?PR?STOLEN_ALARM_SPEECH2?VOICE
            CODE    1A3FH     0013H     INBLOCK      ?PR?OPEN_LOCK_SPEECH?VOICE
            CODE    1A52H     0013H     INBLOCK      ?PR?ENABLE_ISP?ISP_DATAFLASH
            CODE    1A65H     000FH     INBLOCK      ?PR?HSCH_MANUAL_TIMER0_RELOAD?TIMER
            CODE    1A74H     000FH     INBLOCK      ?PR?MOTORBAT_LOW_SPEECH?VOICE
            CODE    1A83H     000FH     INBLOCK      ?PR?BATTERY_HINT?VOICE
            CODE    1A92H     000FH     INBLOCK      ?PR?ID_SPEECH?VOICE
            CODE    1AA1H     000FH     INBLOCK      ?PR?HOST_2NDTOUCH_SPEECH?VOICE
            CODE    1AB0H     000FH     INBLOCK      ?PR?STOLEN_ALARM_SPEECH1?VOICE
            CODE    1ABFH     000FH     INBLOCK      ?PR?CLOSE_LOCK_SPEECH?VOICE
            CODE    1ACEH     000FH     INBLOCK      ?PR?BATTERY_STOLEN_SPEECH?VOICE
            CODE    1ADDH     000FH     INBLOCK      ?PR?CUTTING_WIRE_VOICE?VOICE
            CODE    1AECH     000FH     INBLOCK      ?PR?PRODUCT_TEST_VOICE?VOICE
            CODE    1AFBH     000FH     INBLOCK      ?PR?BATTERY_LOW_ALARM_SPEECH?VOICE
            CODE    1B0AH     000FH     INBLOCK      ?PR?BATTERY_HIGH_ALARM_SPEECH?VOICE
            CODE    1B19H     000FH     INBLOCK      ?PR?ALARM_STOLEN_SPEECH?VOICE
            CODE    1B28H     000FH     INBLOCK      ?PR?ALARM_RAISED_SPEECH?VOICE
            CODE    1B37H     000FH     INBLOCK      ?PR?ALARM_FELL_SPEECH?VOICE
            CODE    1B46H     000FH     INBLOCK      ?PR?HOST_BATTERY_HIGH_ALARM_SPEECH?VOICE
            CODE    1B55H     000FH     INBLOCK      ?PR?BATTERY_STOLEN_SPEECH_F3?VOICE
            CODE    1B64H     000FH     INBLOCK      ?PR?WIRE_BROKEN_SPEECH?VOICE
            CODE    1B73H     000FH     INBLOCK      ?PR?LOCK_ROTATED_ON_SPEECH?VOICE
            CODE    1B82H     000FH     INBLOCK      ?PR?LOCK_ROTATED_OFF_SPEECH?VOICE
            CODE    1B91H     000DH     INBLOCK      ?PR?CHECK_MOTOR_ACCUMULATOR?BATTERY
            CODE    1B9EH     000CH     INBLOCK      ?PR?OPEN_TRANCEIVER_F?COMMUNICATION
            CODE    1BAAH     000CH     INBLOCK      ?PR?_MAGNET_ACW?OTHER
            CODE    1BB6H     000CH     INBLOCK      ?PR?_MAGNET_ACW_TAILI?OTHER
            CODE    1BC2H     000CH     INBLOCK      ?PR?ENABLE_SENSOR?OTHER
            CODE    1BCEH     000BH     INBLOCK      ?PR?INITSENSOR?OPERATION
            CODE    1BD9H     0009H     INBLOCK      ?PR?CLOSE_TRANCEIVER_F?COMMUNICATION
            CODE    1BE2H     0009H     INBLOCK      ?PR?DISABLE_SENSOR_AFTER_IDCERT?OPERATION
            CODE    1BEBH     0009H     INBLOCK      ?PR?ENTER_NOGUARD_VOICE?VOICE
            CODE    1BF4H     0008H     INBLOCK      ?PR?MYPWM?PWM
            CODE    1BFCH     0008H     INBLOCK      ?PR?_SENDDATA?UART
            CODE    1C04H     0007H     INBLOCK      ?PR?INITTRANSCEIVER?COMMUNICATION
            CODE    1C0BH     0006H     INBLOCK      ?PR?HOST_STOLEN_ACTION?OPERATION
            CODE    1C11H     0005H     INBLOCK      ?PR?OPEN_TRANCEIVER?COMMUNICATION
            CODE    1C16H     0004H     INBLOCK      ?PR?SEOS_GO_TO_SLEEP?TIMER
            CODE    1C1AH     0004H     INBLOCK      ?PR?HSCH_GO_TO_SLEEP?SCHEDULAR
            CODE    1C1EH     0003H     INBLOCK      ?PR?CLOSE_TRANCEIVER?COMMUNICATION
            CODE    1C21H     0003H     INBLOCK      ?PR?HSCH_START?TIMER
            CODE    1C24H     0003H     INBLOCK      ?PR?IDCERTED_SPEECH?VOICE
            CODE    1C27H     0003H     INBLOCK      ?PR?INITELECMOTOR?ELECMOTOR
                    1C2AH     13D6H                  *** GAP ***
            CODE    3000H     0001H     ABSOLUTE     
BL51 BANKED LINKER/LOCATER V6.22                                                      06/04/2017  11:00:46  PAGE 5


            CODE    3001H     0001H     ABSOLUTE     
            CODE    3002H     0001H     ABSOLUTE     
            CODE    3003H     0001H     ABSOLUTE     
            CODE    3004H     0001H     ABSOLUTE     
            CODE    3005H     0001H     ABSOLUTE     



OVERLAY MAP OF MODULE:   DDC-Z (AD)


SEGMENT                                             BIT_GROUP          PDATA_GROUP
  +--> CALLED SEGMENT                            START    LENGTH     START    LENGTH
------------------------------------------------------------------------------------
?PR?TIMER0?MAIN                                  -----    -----      -----    -----
  +--> ?PR?ID_SPEECH?VOICE
  +--> ?PR?CHECK_MOTOR_ACCUMULATOR?BATTERY
  +--> ?PR?ACCUMULATOR_VOICE_PROMOT?VOICE
  +--> ?PR?ENSENSOR_AFTERIDCERT?OPERATION
  +--> ?PR?ENSENSOR_AFTER_CLOSE?OPERATION
  +--> ?PR?HOST_STOLEN_ACTION?OPERATION
  +--> ?PR?RESET_AFTER_WIREBROKEN?OPERATION
  +--> ?PR?RESET_AFTER_STOLEN_ALARMING?OPERA...
  +--> ?PR?SELFLEARN_RESET?OPERATION
  +--> ?PR?ENTER_NOGUARD_VOICE?VOICE
  +--> ?PR?DETECT_SELFLEARN_ACTION?OPERATION
  +--> ?PR?DETECT_VIBRATION?OPERATION
  +--> ?PR?DETECT_WHEEL_MOVING?OPERATION
  +--> ?PR?DISABLE_SENSOR_AFTER_IDCERT?OPERA...
  +--> ?PR?DETECT_OPEN_ACTION?OPERATION
  +--> ?PR?DETECT_CLOSE_ACTION?OPERATION
  +--> ?PR?BATTERY_HINT?VOICE
  +--> ?PR?DELAY_500MS?DELAY

?PR?ID_SPEECH?VOICE                              -----    -----      -----    -----
  +--> ?PR?_SC_SPEECH?VOICE
  +--> ?PR?_DELAY?DELAY

?PR?_SC_SPEECH?VOICE                             -----    -----      00A2H    0002H
  +--> ?PR?DELAY_50MS?DELAY
  +--> ?PR?_DELAY_US?DELAY

?PR?CHECK_MOTOR_ACCUMULATOR?BATTERY              -----    -----      -----    -----
  +--> ?PR?_GETADCRESULT?AD

?PR?ENSENSOR_AFTERIDCERT?OPERATION               -----    -----      -----    -----
  +--> ?PR?ENABLE_SENSOR?OTHER

?PR?ENSENSOR_AFTER_CLOSE?OPERATION               -----    -----      -----    -----
  +--> ?PR?ENABLE_SENSOR?OTHER

?PR?RESET_AFTER_STOLEN_ALARMING?OPERA...         -----    -----      -----    -----
  +--> ?PR?CLOSE_TRANCEIVER?COMMUNICATION

?PR?ENTER_NOGUARD_VOICE?VOICE                    -----    -----      -----    -----
  +--> ?PR?SELF_LEARN_SPEECH?VOICE

BL51 BANKED LINKER/LOCATER V6.22                                                      06/04/2017  11:00:46  PAGE 6


?PR?SELF_LEARN_SPEECH?VOICE                      -----    -----      -----    -----
  +--> ?PR?_SC_SPEECH?VOICE
  +--> ?PR?_DELAY?DELAY

?PR?DETECT_SELFLEARN_ACTION?OPERATION            -----    -----      -----    -----
  +--> ?PR?SELF_LEARN_SPEECH?VOICE
  +--> ?PR?SELF_LEARN_PROGRAMMING?ISP_DATAFLASH

?PR?SELF_LEARN_PROGRAMMING?ISP_DATAFLASH         -----    -----      -----    -----
  +--> ?PR?_FLASH_PAGE_ERASE?ISP_DATAFLASH
  +--> ?PR?_FLASH_WRITE_DATA?ISP_DATAFLASH

?PR?_FLASH_PAGE_ERASE?ISP_DATAFLASH              -----    -----      009DH    0002H
  +--> ?PR?ENABLE_ISP?ISP_DATAFLASH
  +--> ?PR?TRIGGER_ISP?ISP_DATAFLASH
  +--> ?PR?DISABLE_ISP?ISP_DATAFLASH

?PR?ENABLE_ISP?ISP_DATAFLASH                     -----    -----      -----    -----
  +--> ?PR?TRIGGER_ISP?ISP_DATAFLASH

?PR?DISABLE_ISP?ISP_DATAFLASH                    -----    -----      -----    -----
  +--> ?PR?TRIGGER_ISP?ISP_DATAFLASH

?PR?_FLASH_WRITE_DATA?ISP_DATAFLASH              -----    -----      009DH    0003H
  +--> ?PR?ENABLE_ISP?ISP_DATAFLASH
  +--> ?PR?TRIGGER_ISP?ISP_DATAFLASH
  +--> ?PR?DISABLE_ISP?ISP_DATAFLASH

?PR?DISABLE_SENSOR_AFTER_IDCERT?OPERA...         -----    -----      -----    -----
  +--> ?PR?DISABLE_SENSOR?OTHER

?PR?DETECT_OPEN_ACTION?OPERATION                 -----    -----      -----    -----
  +--> ?PR?DISABLE_SENSOR?OTHER
  +--> ?PR?ELECMOTOR_CW?ELECMOTOR
  +--> ?PR?SLAVE_NEARBY_OPERATION?OPERATION

?PR?ELECMOTOR_CW?ELECMOTOR                       -----    -----      009DH    0001H
  +--> ?PR?ELECMOTOR_CODE?ELECMOTOR
  +--> ?PR?ELECMOTOR_DELAY_CW?ELECMOTOR
  +--> ?PR?DELAY_100MS?DELAY
  +--> ?PR?DELAY_500MS?DELAY

?PR?ELECMOTOR_CODE?ELECMOTOR                     -----    -----      009EH    0002H
  +--> ?PR?DELAY_12MS?DELAY
  +--> ?PR?DELAY_5MS?DELAY

?PR?ELECMOTOR_DELAY_CW?ELECMOTOR                 -----    -----      009EH    0002H
  +--> ?PR?DELAY_100MS?DELAY
  +--> ?PR?DELAY_10MS?DELAY
  +--> ?PR?DELAY_500MS?DELAY

?PR?SLAVE_NEARBY_OPERATION?OPERATION             -----    -----      -----    -----
  +--> ?PR?DELAY_500MS?DELAY
  +--> ?PR?ID_SPEECH?VOICE

?PR?DETECT_CLOSE_ACTION?OPERATION                -----    -----      -----    -----
  +--> ?PR?ELECMOTOR_ACW?ELECMOTOR
BL51 BANKED LINKER/LOCATER V6.22                                                      06/04/2017  11:00:46  PAGE 7


  +--> ?PR?SLAVE_AWAY_OPERATION?OPERATION

?PR?ELECMOTOR_ACW?ELECMOTOR                      -----    -----      009DH    0001H
  +--> ?PR?ELECMOTOR_CODE?ELECMOTOR
  +--> ?PR?DELAY_100MS?DELAY
  +--> ?PR?ELECMOTOR_DELAY_ACW?ELECMOTOR
  +--> ?PR?DELAY_500MS?DELAY

?PR?ELECMOTOR_DELAY_ACW?ELECMOTOR                -----    -----      009EH    0002H
  +--> ?PR?DELAY_100MS?DELAY
  +--> ?PR?DELAY_10MS?DELAY
  +--> ?PR?DELAY_500MS?DELAY

?PR?SLAVE_AWAY_OPERATION?OPERATION               -----    -----      -----    -----
  +--> ?PR?ID_SPEECH?VOICE
  +--> ?PR?_DELAY?DELAY

?PR?BATTERY_HINT?VOICE                           -----    -----      -----    -----
  +--> ?PR?_SC_SPEECH?VOICE
  +--> ?PR?_DELAY?DELAY

*** NEW ROOT ***************************************************

?PR?UART_ISR?MAIN                                -----    -----      -----    -----
  +--> ?PR?IDCERTED_SPEECH?VOICE

?PR?IDCERTED_SPEECH?VOICE                        -----    -----      -----    -----
  +--> ?PR?ID_SPEECH?VOICE

*** NEW ROOT ***************************************************

?C_C51STARTUP                                    -----    -----      -----    -----
  +--> ?PR?MAIN?MAIN
  +--> ?C_INITSEG

?PR?MAIN?MAIN                                    -----    -----      -----    -----
  +--> ?PR?INITVOICE?VOICE
  +--> ?PR?ID_SPEECH?VOICE
  +--> ?PR?_INITUART?UART
  +--> ?PR?INITSENSOR?OPERATION
  +--> ?PR?INITTRANSCEIVER?COMMUNICATION

?PR?INITVOICE?VOICE                              -----    -----      -----    -----
  +--> ?PR?_DELAY_US?DELAY

?PR?_INITUART?UART                               -----    -----      -----    -----
  +--> ?PR?_INITT0?TIMER

?PR?_INITT0?TIMER                                -----    -----      00A2H    0002H
  +--> ?PR?_HSCH_DELETE_TASK?SCHEDULAR
  +--> ?PR?HSCH_MANUAL_TIMER0_RELOAD?TIMER

?PR?_HSCH_DELETE_TASK?SCHEDULAR                  0025H.6  0000H.1    -----    -----



SYMBOL TABLE OF MODULE:  DDC-Z (AD)
BL51 BANKED LINKER/LOCATER V6.22                                                      06/04/2017  11:00:46  PAGE 8



  VALUE           TYPE          NAME
  ----------------------------------

  -------         MODULE        AD
  C:0000H         SYMBOL        _ICE_DUMMY_
  D:0080H         PUBLIC        P0
  D:0090H         PUBLIC        P1
  D:00A0H         PUBLIC        P2
  D:00B0H         PUBLIC        P3
  D:00A8H         PUBLIC        IE
  D:00E2H         PUBLIC        ADCH
  B:00F8H.4       PUBLIC        ADCI
  D:00B8H         PUBLIC        IP
  B:00F8H.3       PUBLIC        ADCS
  D:00F6H         PUBLIC        P0DIDS
  D:00D8H         PUBLIC        WDCON0
  D:0098H         PUBLIC        SCON
  D:0088H         PUBLIC        TCON
  B:00F8H.0       PUBLIC        AADR0
  B:00F8H.1       PUBLIC        AADR1
  B:00F8H.2       PUBLIC        AADR2
  D:00E8H         PUBLIC        EIE
  D:00F8H         PUBLIC        ADCCON0
  D:00E1H         PUBLIC        ADCCON1
  D:00C0H         PUBLIC        I2CON
  D:00C8H         PUBLIC        T2CON
  C:087DH         PUBLIC        _GetADCResult
  D:00D0H         PUBLIC        PSW
  -------         PROC          _GETADCRESULT
  D:0007H         SYMBOL        ch
  -------         DO            
  D:0005H         SYMBOL        DataL
  D:0002H         SYMBOL        DataH
  -------         ENDDO         
  C:087DH         LINE#         17
  C:087DH         LINE#         18
  C:087DH         LINE#         19
  C:087EH         LINE#         20
  C:087FH         LINE#         22
  C:0884H         LINE#         23
  C:0884H         LINE#         25
  C:0887H         LINE#         27
  C:0889H         LINE#         28
  C:088BH         LINE#         29
  C:088DH         LINE#         31
  C:0890H         LINE#         33
  C:0892H         LINE#         34
  C:0894H         LINE#         36
  C:0896H         LINE#         37
  C:089DH         LINE#         39
  C:08A1H         LINE#         40
  C:08B3H         LINE#         42
  C:08B7H         LINE#         43
  C:08B7H         LINE#         45
  C:08BCH         LINE#         46
  C:08BCH         LINE#         48
BL51 BANKED LINKER/LOCATER V6.22                                                      06/04/2017  11:00:46  PAGE 9


  C:08BFH         LINE#         51
  C:08C1H         LINE#         52
  C:08C3H         LINE#         53
  C:08C5H         LINE#         55
  C:08C8H         LINE#         57
  C:08CAH         LINE#         58
  C:08CCH         LINE#         60
  C:08CEH         LINE#         61
  C:08D5H         LINE#         63
  C:08DBH         LINE#         64
  C:08EDH         LINE#         66
  C:08F1H         LINE#         67
  C:08F1H         LINE#         69
  C:08F4H         LINE#         70
  -------         ENDPROC       _GETADCRESULT
  -------         ENDMOD        AD

  -------         MODULE        BATTERY
  C:0000H         SYMBOL        _ICE_DUMMY_
  C:1B91H         PUBLIC        Check_motor_accumulator
  D:0080H         PUBLIC        P0
  D:0090H         PUBLIC        P1
  D:00A0H         PUBLIC        P2
  D:00B0H         PUBLIC        P3
  X:0002H         PUBLIC        Check2_stage
  B:0090H.4       PUBLIC        voice_EN
  D:00A8H         PUBLIC        IE
  D:00B8H         PUBLIC        IP
  C:0ECEH         PUBLIC        _verifybattery
  D:00D8H         PUBLIC        WDCON0
  D:0098H         PUBLIC        SCON
  D:0088H         PUBLIC        TCON
  D:00E8H         PUBLIC        EIE
  D:00F8H         PUBLIC        ADCCON0
  X:0003H         PUBLIC        Battery_level
  D:00C0H         PUBLIC        I2CON
  D:00C8H         PUBLIC        T2CON
  B:00A0H.0       PUBLIC        SC_RST
  C:1679H         PUBLIC        Broadcast_battery
  D:00D0H         PUBLIC        PSW
  -------         PROC          CHECK_MOTOR_ACCUMULATOR
  C:1B91H         LINE#         24
  C:1B91H         LINE#         25
  C:1B91H         LINE#         27
  C:1B9DH         LINE#         28
  -------         ENDPROC       CHECK_MOTOR_ACCUMULATOR
  -------         PROC          BROADCAST_BATTERY
  C:1679H         LINE#         34
  C:1679H         LINE#         35
  C:1679H         LINE#         36
  C:1696H         LINE#         37
  C:1696H         LINE#         38
  C:169DH         LINE#         39
  C:169DH         LINE#         40
  -------         ENDPROC       BROADCAST_BATTERY
  -------         PROC          _VERIFYBATTERY
  X:0000H         SYMBOL        Check2
BL51 BANKED LINKER/LOCATER V6.22                                                      06/04/2017  11:00:46  PAGE 10


  C:0ECEH         LINE#         47
  C:0ED5H         LINE#         48
  C:0ED5H         LINE#         51
  C:0ED7H         LINE#         52
  C:0EDFH         LINE#         53
  C:0EDFH         LINE#         54
  C:0EE4H         LINE#         55
  C:0EE6H         LINE#         56
  C:0EE8H         LINE#         57
  C:0EF4H         LINE#         58
  C:0EF4H         LINE#         59
  C:0EF9H         LINE#         60
  C:0EFEH         LINE#         61
  C:0F03H         LINE#         62
  C:0F08H         LINE#         63
  C:0F0DH         LINE#         64
  C:0F12H         LINE#         65
  C:0F17H         LINE#         66
  C:0F1CH         LINE#         67
  C:0F1CH         LINE#         68
  C:0F1EH         LINE#         69
  C:0F20H         LINE#         70
  C:0F23H         LINE#         71
  C:0F25H         LINE#         72
  -------         ENDPROC       _VERIFYBATTERY
  -------         ENDMOD        BATTERY

  -------         MODULE        COMMUNICATION
  C:0000H         SYMBOL        _ICE_DUMMY_
  C:0C17H         PUBLIC        receive_byte
  D:0080H         PUBLIC        P0
  D:0090H         PUBLIC        P1
  B:00B0H.0       PUBLIC        receive_wire
  D:00A0H         PUBLIC        P2
  D:00B0H         PUBLIC        P3
  C:15B8H         PUBLIC        _ComMode_Data
  C:0F28H         PUBLIC        _UART_Send_Data
  C:13E5H         PUBLIC        receive_word
  D:00A8H         PUBLIC        IE
  C:1584H         PUBLIC        _ComMode_Data_WX
  C:123AH         PUBLIC        _UART_Send_Data_Broadtest
  D:00B8H         PUBLIC        IP
  C:17D0H         PUBLIC        UART_Send_Data_match_F
  C:1C04H         PUBLIC        InitTransceiver
  B:0080H.1       PUBLIC        lock_code
  C:1318H         PUBLIC        _UART_Send_Data_F
  D:00D8H         PUBLIC        WDCON0
  B:0090H.0       PUBLIC        P10
  B:0090H.1       PUBLIC        P11
  C:1C1EH         PUBLIC        close_tranceiver
  D:0098H         PUBLIC        SCON
  D:0088H         PUBLIC        TCON
  C:0996H         PUBLIC        initsignal
  B:00A0H.7       PUBLIC        transmiter_EN
  B:0090H.3       PUBLIC        receiver_EN
  C:1C11H         PUBLIC        open_tranceiver
  C:0A51H         PUBLIC        _send_code_to_lock_Taili
BL51 BANKED LINKER/LOCATER V6.22                                                      06/04/2017  11:00:46  PAGE 11


  D:00E8H         PUBLIC        EIE
  B:00A0H.3       PUBLIC        MagentControl_2
  C:1BD9H         PUBLIC        close_tranceiver_F
  D:00F8H         PUBLIC        ADCCON0
  D:00C0H         PUBLIC        I2CON
  C:11A1H         PUBLIC        _UART_Send_Data_F2
  C:12D0H         PUBLIC        initsignal_F
  C:1465H         PUBLIC        _UART_Send_Data_F3
  D:00C8H         PUBLIC        T2CON
  C:0DB3H         PUBLIC        _Send_Data
  C:0C81H         PUBLIC        receive_byte_Lock
  B:0090H.0       PUBLIC        TXD
  C:1B9EH         PUBLIC        open_tranceiver_F
  C:1993H         PUBLIC        UART_Send_Data_match
  C:09DEH         PUBLIC        _send_code_to_lock
  D:00D0H         PUBLIC        PSW
  X:0023H         PUBLIC        myTxRxData
  -------         PROC          INITTRANSCEIVER
  C:1C04H         LINE#         46
  C:1C04H         LINE#         47
  C:1C04H         LINE#         48
  C:1C06H         LINE#         49
  C:1C08H         LINE#         50
  C:1C0AH         LINE#         52
  -------         ENDPROC       INITTRANSCEIVER
  -------         PROC          L?0102
  -------         ENDPROC       L?0102
  -------         PROC          INITSIGNAL
  -------         DO            
  X:0004H         SYMBOL        k
  X:0005H         SYMBOL        k1
  X:0006H         SYMBOL        mystartbuffer
  -------         ENDDO         
  C:0996H         LINE#         60
  C:0996H         LINE#         61
  C:0996H         LINE#         63
  C:099BH         LINE#         64
  C:099EH         LINE#         65
  C:099EH         LINE#         66
  C:09A2H         LINE#         67
  C:09A2H         LINE#         68
  C:09A5H         LINE#         69
  C:09A5H         LINE#         70
  C:09A5H         LINE#         71
  C:09A5H         LINE#         73
  C:09A5H         LINE#         75
  C:09A5H         LINE#         76
  C:09A7H         LINE#         77
  C:09B0H         LINE#         79
  C:09B0H         LINE#         80
  C:09B2H         LINE#         81
  C:09B8H         LINE#         82
  C:09C1H         LINE#         84
  C:09CCH         LINE#         85
  C:09D1H         LINE#         88
  C:09DBH         LINE#         89
  C:09DDH         LINE#         90
BL51 BANKED LINKER/LOCATER V6.22                                                      06/04/2017  11:00:46  PAGE 12


  -------         ENDPROC       INITSIGNAL
  -------         PROC          INITSIGNAL_F
  -------         DO            
  X:0007H         SYMBOL        k
  X:0008H         SYMBOL        k1
  X:0009H         SYMBOL        mystartbuffer
  -------         ENDDO         
  C:12D0H         LINE#         92
  C:12D0H         LINE#         93
  C:12D0H         LINE#         95
  C:12D5H         LINE#         96
  C:12D8H         LINE#         97
  C:12D8H         LINE#         99
  C:12DCH         LINE#         104
  C:12DCH         LINE#         105
  C:12DFH         LINE#         106
  C:12DFH         LINE#         107
  C:12DFH         LINE#         108
  C:12DFH         LINE#         110
  C:12DFH         LINE#         112
  C:12DFH         LINE#         113
  C:12E1H         LINE#         114
  C:12EAH         LINE#         116
  C:12EAH         LINE#         117
  C:12ECH         LINE#         118
  C:12F2H         LINE#         119
  C:12FBH         LINE#         121
  C:1306H         LINE#         122
  C:130BH         LINE#         125
  C:1315H         LINE#         126
  C:1317H         LINE#         127
  -------         ENDPROC       INITSIGNAL_F
  -------         PROC          _SEND_DATA
  X:000AH         SYMBOL        x
  -------         DO            
  X:000BH         SYMBOL        i
  X:000CH         SYMBOL        n
  -------         ENDDO         
  C:0DB3H         LINE#         133
  C:0DB7H         LINE#         134
  C:0DB7H         LINE#         136
  C:0DBAH         LINE#         137
  C:0DBAH         LINE#         138
  C:0DBEH         LINE#         139
  C:0DBEH         LINE#         140
  C:0DC8H         LINE#         141
  C:0DC8H         LINE#         142
  C:0DCAH         LINE#         143
  C:0DD2H         LINE#         144
  C:0DD4H         LINE#         146
  C:0DD4H         LINE#         147
  C:0DD6H         LINE#         148
  C:0DE1H         LINE#         149
  C:0DE1H         LINE#         150
  C:0DE3H         LINE#         151
  C:0DF1H         LINE#         152
  C:0DFCH         LINE#         153
BL51 BANKED LINKER/LOCATER V6.22                                                      06/04/2017  11:00:46  PAGE 13


  C:0E07H         LINE#         154
  C:0E12H         LINE#         155
  -------         ENDPROC       _SEND_DATA
  -------         PROC          _COMMODE_DATA
  X:000DH         SYMBOL        ComMode
  X:000EH         SYMBOL        x
  C:15B8H         LINE#         163
  C:15C2H         LINE#         164
  C:15C2H         LINE#         165
  C:15C4H         LINE#         166
  C:15C9H         LINE#         167
  C:15CBH         LINE#         168
  C:15D0H         LINE#         169
  C:15D4H         LINE#         170
  C:15DAH         LINE#         172
  C:15DDH         LINE#         173
  C:15E5H         LINE#         175
  C:15E7H         LINE#         176
  C:15E9H         LINE#         177
  -------         ENDPROC       _COMMODE_DATA
  -------         PROC          _COMMODE_DATA_WX
  X:0010H         SYMBOL        ComMode
  X:0011H         SYMBOL        x
  C:1584H         LINE#         185
  C:158EH         LINE#         186
  C:158EH         LINE#         187
  C:1590H         LINE#         188
  C:1595H         LINE#         189
  C:1597H         LINE#         190
  C:159CH         LINE#         191
  C:15A0H         LINE#         192
  C:15A6H         LINE#         194
  C:15A9H         LINE#         195
  C:15B1H         LINE#         197
  C:15B3H         LINE#         198
  C:15B5H         LINE#         199
  C:15B7H         LINE#         200
  -------         ENDPROC       _COMMODE_DATA_WX
  -------         PROC          _UART_SEND_DATA
  X:0013H         SYMBOL        command
  -------         DO            
  X:0014H         SYMBOL        ii
  -------         ENDDO         
  C:0F28H         LINE#         205
  C:0F2CH         LINE#         206
  C:0F2CH         LINE#         207
  C:0F2FH         LINE#         208
  C:0F32H         LINE#         209
  C:0F3AH         LINE#         210
  C:0F41H         LINE#         211
  C:0F48H         LINE#         212
  C:0F4FH         LINE#         213
  C:0F56H         LINE#         214
  C:0F5CH         LINE#         216
  C:0F5FH         LINE#         218
  C:0F63H         LINE#         219
  C:0F63H         LINE#         220
BL51 BANKED LINKER/LOCATER V6.22                                                      06/04/2017  11:00:46  PAGE 14


  C:0F6EH         LINE#         221
  C:0F71H         LINE#         222
  C:0F7CH         LINE#         224
  C:0F7FH         LINE#         225
  -------         ENDPROC       _UART_SEND_DATA
  -------         PROC          _UART_SEND_DATA_F
  X:0015H         SYMBOL        command
  -------         DO            
  X:0016H         SYMBOL        ii
  -------         ENDDO         
  C:1318H         LINE#         231
  C:131CH         LINE#         232
  C:131CH         LINE#         233
  C:131FH         LINE#         234
  C:1322H         LINE#         236
  C:132AH         LINE#         237
  C:1331H         LINE#         238
  C:1338H         LINE#         239
  C:133FH         LINE#         240
  C:1346H         LINE#         241
  C:134CH         LINE#         243
  C:134FH         LINE#         245
  C:135AH         LINE#         247
  C:135CH         LINE#         248
  -------         ENDPROC       _UART_SEND_DATA_F
  -------         PROC          _UART_SEND_DATA_F2
  X:0017H         SYMBOL        command
  -------         DO            
  X:0018H         SYMBOL        ii
  -------         ENDDO         
  C:11A1H         LINE#         255
  C:11A5H         LINE#         256
  C:11A5H         LINE#         257
  C:11A8H         LINE#         258
  C:11ABH         LINE#         259
  C:11B3H         LINE#         260
  C:11BAH         LINE#         261
  C:11C1H         LINE#         262
  C:11C8H         LINE#         263
  C:11CFH         LINE#         264
  C:11D5H         LINE#         266
  C:11D8H         LINE#         267
  C:11DBH         LINE#         268
  C:11DEH         LINE#         269
  C:11E9H         LINE#         271
  C:11EBH         LINE#         273
  -------         ENDPROC       _UART_SEND_DATA_F2
  -------         PROC          _UART_SEND_DATA_F3
  D:0007H         SYMBOL        command
  -------         DO            
  X:0019H         SYMBOL        ii
  -------         ENDDO         
  C:1465H         LINE#         279
  C:1465H         LINE#         280
  C:1465H         LINE#         281
  C:1469H         LINE#         282
  C:1470H         LINE#         283
BL51 BANKED LINKER/LOCATER V6.22                                                      06/04/2017  11:00:46  PAGE 15


  C:1477H         LINE#         284
  C:147EH         LINE#         285
  C:1485H         LINE#         286
  C:148CH         LINE#         287
  C:148FH         LINE#         289
  C:1492H         LINE#         290
  C:1495H         LINE#         291
  C:1498H         LINE#         292
  -------         ENDPROC       _UART_SEND_DATA_F3
  -------         PROC          OPEN_TRANCEIVER
  C:1C11H         LINE#         299
  C:1C11H         LINE#         300
  C:1C11H         LINE#         305
  C:1C13H         LINE#         306
  C:1C15H         LINE#         307
  -------         ENDPROC       OPEN_TRANCEIVER
  -------         PROC          OPEN_TRANCEIVER_F
  C:1B9EH         LINE#         313
  C:1B9EH         LINE#         314
  C:1B9EH         LINE#         315
  C:1BA5H         LINE#         317
  C:1BA7H         LINE#         318
  C:1BA9H         LINE#         319
  -------         ENDPROC       OPEN_TRANCEIVER_F
  -------         PROC          CLOSE_TRANCEIVER
  C:1C1EH         LINE#         325
  C:1C1EH         LINE#         326
  C:1C1EH         LINE#         331
  C:1C20H         LINE#         336
  -------         ENDPROC       CLOSE_TRANCEIVER
  -------         PROC          CLOSE_TRANCEIVER_F
  C:1BD9H         LINE#         341
  C:1BD9H         LINE#         342
  C:1BD9H         LINE#         347
  C:1BDBH         LINE#         349
  -------         ENDPROC       CLOSE_TRANCEIVER_F
  -------         PROC          UART_SEND_DATA_MATCH
  C:1993H         LINE#         356
  C:1993H         LINE#         357
  C:1993H         LINE#         358
  C:1996H         LINE#         360
  C:1996H         LINE#         361
  C:1996H         LINE#         362
  C:1996H         LINE#         363
  C:1996H         LINE#         364
  C:1996H         LINE#         365
  C:1996H         LINE#         366
  C:1996H         LINE#         368
  C:1999H         LINE#         370
  C:19A4H         LINE#         371
  C:19A7H         LINE#         373
  -------         ENDPROC       UART_SEND_DATA_MATCH
  -------         PROC          UART_SEND_DATA_MATCH_F
  C:17D0H         LINE#         380
  C:17D0H         LINE#         381
  C:17D0H         LINE#         382
  C:17D2H         LINE#         383
BL51 BANKED LINKER/LOCATER V6.22                                                      06/04/2017  11:00:46  PAGE 16


  C:17D4H         LINE#         384
  C:17DBH         LINE#         386
  C:17DBH         LINE#         387
  C:17DBH         LINE#         388
  C:17DBH         LINE#         389
  C:17DBH         LINE#         390
  C:17DBH         LINE#         391
  C:17DBH         LINE#         392
  C:17DBH         LINE#         394
  C:17DEH         LINE#         396
  C:17E9H         LINE#         397
  C:17ECH         LINE#         399
  C:17EEH         LINE#         400
  -------         ENDPROC       UART_SEND_DATA_MATCH_F
  -------         PROC          RECEIVE_BYTE
  C:0C17H         LINE#         406
  C:0C17H         LINE#         407
  C:0C17H         LINE#         409
  C:0C1AH         LINE#         410
  C:0C1AH         LINE#         412
  C:0C24H         LINE#         413
  C:0C24H         LINE#         414
  C:0C26H         LINE#         415
  C:0C26H         LINE#         416
  C:0C28H         LINE#         417
  C:0C29H         LINE#         420
  C:0C29H         LINE#         422
  C:0C2CH         LINE#         423
  C:0C2CH         LINE#         425
  C:0C2EH         LINE#         428
  C:0C3DH         LINE#         429
  C:0C3DH         LINE#         431
  C:0C43H         LINE#         432
  C:0C45H         LINE#         433
  C:0C45H         LINE#         434
  C:0C45H         LINE#         435
  C:0C47H         LINE#         437
  C:0C4FH         LINE#         438
  C:0C4FH         LINE#         440
  C:0C55H         LINE#         441
  C:0C58H         LINE#         442
  C:0C5DH         LINE#         443
  C:0C61H         LINE#         444
  C:0C63H         LINE#         446
  C:0C63H         LINE#         448
  C:0C68H         LINE#         449
  C:0C68H         LINE#         451
  C:0C6CH         LINE#         452
  C:0C6DH         LINE#         454
  C:0C6DH         LINE#         456
  C:0C77H         LINE#         457
  C:0C77H         LINE#         458
  C:0C7BH         LINE#         459
  C:0C7DH         LINE#         460
  C:0C80H         LINE#         461
  C:0C80H         LINE#         462
  C:0C80H         LINE#         463
BL51 BANKED LINKER/LOCATER V6.22                                                      06/04/2017  11:00:46  PAGE 17


  C:0C80H         LINE#         464
  -------         ENDPROC       RECEIVE_BYTE
  -------         PROC          RECEIVE_BYTE_LOCK
  C:0C81H         LINE#         470
  C:0C81H         LINE#         471
  C:0C81H         LINE#         473
  C:0C84H         LINE#         474
  C:0C84H         LINE#         476
  C:0C8EH         LINE#         477
  C:0C8EH         LINE#         478
  C:0C90H         LINE#         479
  C:0C90H         LINE#         480
  C:0C92H         LINE#         481
  C:0C93H         LINE#         484
  C:0C93H         LINE#         486
  C:0C96H         LINE#         487
  C:0C96H         LINE#         489
  C:0C98H         LINE#         492
  C:0CA7H         LINE#         493
  C:0CA7H         LINE#         495
  C:0CADH         LINE#         496
  C:0CAFH         LINE#         497
  C:0CAFH         LINE#         498
  C:0CAFH         LINE#         499
  C:0CB1H         LINE#         501
  C:0CB9H         LINE#         502
  C:0CB9H         LINE#         504
  C:0CBFH         LINE#         505
  C:0CC2H         LINE#         506
  C:0CC7H         LINE#         507
  C:0CCBH         LINE#         508
  C:0CCDH         LINE#         510
  C:0CCDH         LINE#         512
  C:0CD2H         LINE#         513
  C:0CD2H         LINE#         515
  C:0CD6H         LINE#         516
  C:0CD7H         LINE#         518
  C:0CD7H         LINE#         520
  C:0CE1H         LINE#         521
  C:0CE1H         LINE#         522
  C:0CE5H         LINE#         523
  C:0CE7H         LINE#         524
  C:0CEAH         LINE#         525
  C:0CEAH         LINE#         526
  C:0CEAH         LINE#         527
  C:0CEAH         LINE#         528
  -------         ENDPROC       RECEIVE_BYTE_LOCK
  -------         PROC          RECEIVE_WORD
  C:13E5H         LINE#         534
  C:13E5H         LINE#         535
  C:13E5H         LINE#         537
  C:13ECH         LINE#         538
  C:13ECH         LINE#         539
  C:13EDH         LINE#         541
  C:13FAH         LINE#         544
  C:1403H         LINE#         545
  C:1403H         LINE#         546
BL51 BANKED LINKER/LOCATER V6.22                                                      06/04/2017  11:00:46  PAGE 18


  C:1408H         LINE#         547
  C:1409H         LINE#         549
  C:1413H         LINE#         550
  C:1413H         LINE#         551
  C:1418H         LINE#         552
  C:1419H         LINE#         553
  C:141DH         LINE#         554
  C:141DH         LINE#         555
  C:141FH         LINE#         556
  C:141FH         LINE#         557
  C:1421H         LINE#         559
  C:1421H         LINE#         560
  C:1425H         LINE#         561
  C:1425H         LINE#         562
  C:1425H         LINE#         563
  -------         ENDPROC       RECEIVE_WORD
  -------         PROC          _SEND_CODE_TO_LOCK
  D:0007H         SYMBOL        x
  X:001AH         SYMBOL        y
  -------         DO            
  X:001CH         SYMBOL        i
  X:001DH         SYMBOL        n
  -------         ENDDO         
  C:09DEH         LINE#         570
  C:09E5H         LINE#         571
  C:09E5H         LINE#         573
  C:09EAH         LINE#         574
  C:09EEH         LINE#         575
  C:09F1H         LINE#         581
  C:09F5H         LINE#         582
  C:09F5H         LINE#         583
  C:09F9H         LINE#         584
  C:09F9H         LINE#         585
  C:0A03H         LINE#         586
  C:0A03H         LINE#         587
  C:0A05H         LINE#         588
  C:0A0EH         LINE#         589
  C:0A10H         LINE#         591
  C:0A10H         LINE#         592
  C:0A12H         LINE#         593
  C:0A1EH         LINE#         594
  C:0A1EH         LINE#         595
  C:0A20H         LINE#         596
  C:0A2EH         LINE#         597
  C:0A3AH         LINE#         598
  C:0A45H         LINE#         599
  C:0A50H         LINE#         600
  -------         ENDPROC       _SEND_CODE_TO_LOCK
  -------         PROC          _SEND_CODE_TO_LOCK_TAILI
  D:0007H         SYMBOL        x
  X:001EH         SYMBOL        y
  -------         DO            
  X:0020H         SYMBOL        i
  X:0021H         SYMBOL        n
  -------         ENDDO         
  C:0A51H         LINE#         607
  C:0A58H         LINE#         608
BL51 BANKED LINKER/LOCATER V6.22                                                      06/04/2017  11:00:46  PAGE 19


  C:0A58H         LINE#         610
  C:0A5DH         LINE#         611
  C:0A61H         LINE#         612
  C:0A64H         LINE#         618
  C:0A68H         LINE#         619
  C:0A68H         LINE#         620
  C:0A6CH         LINE#         621
  C:0A6CH         LINE#         622
  C:0A76H         LINE#         623
  C:0A76H         LINE#         624
  C:0A78H         LINE#         625
  C:0A81H         LINE#         626
  C:0A83H         LINE#         628
  C:0A83H         LINE#         629
  C:0A85H         LINE#         630
  C:0A91H         LINE#         631
  C:0A91H         LINE#         632
  C:0A93H         LINE#         633
  C:0AA1H         LINE#         634
  C:0AADH         LINE#         635
  C:0AB8H         LINE#         636
  C:0AC3H         LINE#         637
  -------         ENDPROC       _SEND_CODE_TO_LOCK_TAILI
  -------         PROC          _UART_SEND_DATA_BROADTEST
  D:0007H         SYMBOL        command
  -------         DO            
  X:0022H         SYMBOL        ii
  -------         ENDDO         
  C:123AH         LINE#         642
  C:123AH         LINE#         643
  C:123AH         LINE#         644
  C:123EH         LINE#         647
  C:1245H         LINE#         648
  C:124CH         LINE#         649
  C:1253H         LINE#         650
  C:125AH         LINE#         651
  C:1261H         LINE#         652
  C:1264H         LINE#         654
  C:1267H         LINE#         656
  C:126BH         LINE#         657
  C:126BH         LINE#         658
  C:1276H         LINE#         659
  C:1279H         LINE#         660
  C:1284H         LINE#         664
  -------         ENDPROC       _UART_SEND_DATA_BROADTEST
  -------         ENDMOD        COMMUNICATION

  -------         MODULE        DELAY
  C:0000H         SYMBOL        _ICE_DUMMY_
  D:0080H         PUBLIC        P0
  D:0090H         PUBLIC        P1
  D:00A0H         PUBLIC        P2
  D:00B0H         PUBLIC        P3
  X:0030H         PUBLIC        Timeout_loop
  D:00A8H         PUBLIC        IE
  C:18ADH         PUBLIC        Delay_10ms
  C:18C7H         PUBLIC        Delay_12ms
BL51 BANKED LINKER/LOCATER V6.22                                                      06/04/2017  11:00:46  PAGE 20


  C:18E1H         PUBLIC        Delay_50ms
  D:00B8H         PUBLIC        IP
  B:0090H.2       PUBLIC        magnet_overcurrent
  D:00D8H         PUBLIC        WDCON0
  C:14A3H         PUBLIC        _Magnet_Delay
  D:0098H         PUBLIC        SCON
  D:0088H         PUBLIC        TCON
  C:18FBH         PUBLIC        Delay_100ms
  C:1915H         PUBLIC        Delay_500ms
  C:1426H         PUBLIC        _Custom_Delay
  C:17B0H         PUBLIC        _delay_ms
  D:00E8H         PUBLIC        EIE
  D:00F8H         PUBLIC        ADCCON0
  C:1949H         PUBLIC        _delay_us
  D:00C0H         PUBLIC        I2CON
  C:1879H         PUBLIC        Delay_1ms
  D:00C8H         PUBLIC        T2CON
  C:1893H         PUBLIC        Delay_5ms
  C:19AAH         PUBLIC        _Delay
  D:00D0H         PUBLIC        PSW
  -------         PROC          DELAY_1MS
  C:1879H         LINE#         15
  C:1879H         LINE#         16
  C:1879H         LINE#         17
  C:1882H         LINE#         20
  C:1892H         LINE#         21
  -------         ENDPROC       DELAY_1MS
  -------         PROC          DELAY_5MS
  C:1893H         LINE#         23
  C:1893H         LINE#         24
  C:1893H         LINE#         25
  C:189CH         LINE#         28
  C:18ACH         LINE#         29
  -------         ENDPROC       DELAY_5MS
  -------         PROC          DELAY_10MS
  C:18ADH         LINE#         31
  C:18ADH         LINE#         32
  C:18ADH         LINE#         33
  C:18B6H         LINE#         36
  C:18C6H         LINE#         37
  -------         ENDPROC       DELAY_10MS
  -------         PROC          DELAY_12MS
  C:18C7H         LINE#         39
  C:18C7H         LINE#         40
  C:18C7H         LINE#         41
  C:18D0H         LINE#         44
  C:18E0H         LINE#         45
  -------         ENDPROC       DELAY_12MS
  -------         PROC          DELAY_50MS
  C:18E1H         LINE#         48
  C:18E1H         LINE#         49
  C:18E1H         LINE#         50
  C:18EAH         LINE#         53
  C:18FAH         LINE#         54
  -------         ENDPROC       DELAY_50MS
  -------         PROC          DELAY_100MS
  C:18FBH         LINE#         57
BL51 BANKED LINKER/LOCATER V6.22                                                      06/04/2017  11:00:46  PAGE 21


  C:18FBH         LINE#         58
  C:18FBH         LINE#         59
  C:1904H         LINE#         62
  C:1914H         LINE#         63
  -------         ENDPROC       DELAY_100MS
  -------         PROC          DELAY_500MS
  C:1915H         LINE#         66
  C:1915H         LINE#         67
  C:1915H         LINE#         68
  C:191EH         LINE#         71
  C:192EH         LINE#         72
  -------         ENDPROC       DELAY_500MS
  -------         PROC          _DELAY
  D:0007H         SYMBOL        n
  -------         DO            
  D:0004H         SYMBOL        x
  -------         ENDDO         
  C:19AAH         LINE#         79
  C:19AAH         LINE#         80
  C:19AAH         LINE#         82
  C:19B0H         LINE#         83
  C:19B0H         LINE#         84
  C:19B4H         LINE#         85
  C:19C0H         LINE#         87
  -------         ENDPROC       _DELAY
  -------         PROC          _CUSTOM_DELAY
  D:0007H         SYMBOL        t
  X:002AH         SYMBOL        m
  -------         DO            
  X:002CH         SYMBOL        i
  D:0006H         SYMBOL        j
  -------         ENDDO         
  C:1426H         LINE#         93
  C:142DH         LINE#         94
  C:142DH         LINE#         97
  C:143FH         LINE#         98
  C:1464H         LINE#         99
  -------         ENDPROC       _CUSTOM_DELAY
  -------         PROC          _DELAY_MS
  D:0006H         SYMBOL        count
  -------         DO            
  D:0004H         SYMBOL        i
  D:0002H         SYMBOL        j
  -------         ENDDO         
  C:17B0H         LINE#         106
  C:17B0H         LINE#         107
  C:17B0H         LINE#         109
  C:17BAH         LINE#         110
  C:17BAH         LINE#         111
  C:17C8H         LINE#         112
  C:17CFH         LINE#         113
  -------         ENDPROC       _DELAY_MS
  -------         PROC          _DELAY_US
  D:0006H         SYMBOL        count1
  -------         DO            
  D:0004H         SYMBOL        i
  D:0003H         SYMBOL        j
BL51 BANKED LINKER/LOCATER V6.22                                                      06/04/2017  11:00:46  PAGE 22


  -------         ENDDO         
  C:1949H         LINE#         121
  C:1949H         LINE#         122
  C:1949H         LINE#         125
  C:1953H         LINE#         126
  C:1953H         LINE#         127
  C:195AH         LINE#         128
  C:1961H         LINE#         129
  -------         ENDPROC       _DELAY_US
  -------         PROC          _MAGNET_DELAY
  X:002EH         SYMBOL        x
  D:0004H         SYMBOL        y
  -------         DO            
  D:0001H         SYMBOL        i
  D:0002H         SYMBOL        j
  -------         ENDDO         
  C:14A3H         LINE#         135
  C:14AAH         LINE#         136
  C:14AAH         LINE#         139
  C:14ACH         LINE#         140
  C:14ACH         LINE#         141
  C:14C0H         LINE#         142
  C:14C5H         LINE#         143
  C:14C7H         LINE#         144
  C:14C7H         LINE#         146
  C:14CAH         LINE#         147
  C:14CAH         LINE#         148
  C:14DBH         LINE#         149
  C:14DBH         LINE#         151
  C:14DBH         LINE#         153
  C:14DBH         LINE#         154
  C:14E0H         LINE#         155
  -------         ENDPROC       _MAGNET_DELAY
  -------         ENDMOD        DELAY

  -------         MODULE        OPERATION
  C:0000H         SYMBOL        _ICE_DUMMY_
  B:00A0H.4       PUBLIC        Lock_EN
  D:0080H         PUBLIC        P0
  D:0090H         PUBLIC        P1
  B:0080H.3       PUBLIC        fell_sensor_detect
  D:00A0H         PUBLIC        P2
  B:0024H.7       PUBLIC        vibration_flag1
  D:00B0H         PUBLIC        P3
  D:00A8H         PUBLIC        IE
  B:0025H.0       PUBLIC        sensor_EN
  C:0BA8H         PUBLIC        Detect_vibration
  X:0032H         PUBLIC        vibration_count1
  X:0034H         PUBLIC        vibration_count2
  C:1BCEH         PUBLIC        InitSensor
  D:00B8H         PUBLIC        IP
  X:0035H         PUBLIC        wire_broken_level
  C:17EFH         PUBLIC        Reset_after_wirebroken
  B:0080H.1       PUBLIC        wire_broken
  X:0036H         PUBLIC        ADC_check_saved_result
  C:19EDH         PUBLIC        Batstolen_Alarm_to_Slave
  C:176DH         PUBLIC        Reset_after_stolen_alarming
BL51 BANKED LINKER/LOCATER V6.22                                                      06/04/2017  11:00:46  PAGE 23


  D:00D8H         PUBLIC        WDCON0
  X:0038H         PUBLIC        wire_broken_time
  D:0098H         PUBLIC        SCON
  D:0088H         PUBLIC        TCON
  C:0E73H         PUBLIC        Detect_close_action
  B:0090H.6       PUBLIC        Generator_lock
  C:1729H         PUBLIC        slave_nearby_operation
  B:00A0H.6       PUBLIC        the3rd_sendor
  B:00A0H.5       PUBLIC        key_rotate
  C:15EAH         PUBLIC        Detect_wheel_moving
  C:1BE2H         PUBLIC        Disable_sensor_after_IDcert
  B:0080H.0       PUBLIC        horizontal_sensor
  D:00E8H         PUBLIC        EIE
  C:14E1H         PUBLIC        Detect_open_action
  B:0080H.2       PUBLIC        wheeled_rotate
  B:0080H.4       PUBLIC        raised_sensor_detect
  D:00F8H         PUBLIC        ADCCON0
  C:178FH         PUBLIC        Ensensor_after_slave_away
  D:00C0H         PUBLIC        I2CON
  C:183DH         PUBLIC        ENsensor_After_Close
  C:0AC4H         PUBLIC        Detect_selflearn_action
  C:174BH         PUBLIC        ENsensor_afterIDcert
  D:00C8H         PUBLIC        T2CON
  C:0FD8H         PUBLIC        SelfLearn_Reset
  C:19D7H         PUBLIC        Raise_Alarm_to_Slave
  C:181FH         PUBLIC        slave_away_operation
  X:003AH         PUBLIC        key_rotate_off_time
  B:0025H.1       PUBLIC        enable_sensor_delayEN
  C:19C1H         PUBLIC        Fell_Alarm_to_Slave
  D:00D0H         PUBLIC        PSW
  B:0080H.0       PUBLIC        sensor_detect
  C:1C0BH         PUBLIC        Host_stolen_action
  B:0080H.5       PUBLIC        Externalmotor
  -------         PROC          SLAVE_AWAY_OPERATION
  C:181FH         LINE#         102
  C:181FH         LINE#         103
  C:181FH         LINE#         104
  C:1822H         LINE#         105
  C:1822H         LINE#         110
  C:1825H         LINE#         111
  C:1828H         LINE#         119
  C:1828H         LINE#         121
  C:182AH         LINE#         122
  C:182EH         LINE#         124
  C:1833H         LINE#         125
  C:1837H         LINE#         127
  C:183AH         LINE#         128
  C:183CH         LINE#         129
  -------         ENDPROC       SLAVE_AWAY_OPERATION
  -------         PROC          SLAVE_NEARBY_OPERATION
  C:1729H         LINE#         135
  C:1729H         LINE#         136
  C:1729H         LINE#         137
  C:172BH         LINE#         139
  C:172DH         LINE#         140
  C:1731H         LINE#         141
  C:1733H         LINE#         142
BL51 BANKED LINKER/LOCATER V6.22                                                      06/04/2017  11:00:46  PAGE 24


  C:1736H         LINE#         144
  C:1739H         LINE#         145
  C:173CH         LINE#         146
  C:173FH         LINE#         147
  C:1742H         LINE#         150
  C:1745H         LINE#         151
  C:1745H         LINE#         152
  C:1747H         LINE#         153
  C:1747H         LINE#         156
  C:174AH         LINE#         158
  C:174AH         LINE#         159
  C:174AH         LINE#         165
  C:174AH         LINE#         166
  C:174AH         LINE#         170
  C:174AH         LINE#         174
  C:174AH         LINE#         194
  -------         ENDPROC       SLAVE_NEARBY_OPERATION
  -------         PROC          INITSENSOR
  C:1BCEH         LINE#         200
  C:1BCEH         LINE#         201
  C:1BCEH         LINE#         202
  C:1BD0H         LINE#         203
  C:1BD2H         LINE#         204
  C:1BD4H         LINE#         205
  C:1BD6H         LINE#         206
  C:1BD8H         LINE#         207
  -------         ENDPROC       INITSENSOR
  -------         PROC          HOST_STOLEN_ACTION
  C:1C0BH         LINE#         213
  C:1C0BH         LINE#         214
  C:1C0BH         LINE#         216
  C:1C0EH         LINE#         217
  C:1C0EH         LINE#         218
  C:1C10H         LINE#         235
  C:1C10H         LINE#         236
  -------         ENDPROC       HOST_STOLEN_ACTION
  -------         PROC          ENSENSOR_AFTERIDCERT
  C:174BH         LINE#         243
  C:174BH         LINE#         244
  C:174BH         LINE#         245
  C:174EH         LINE#         246
  C:174EH         LINE#         248
  C:1758H         LINE#         249
  C:1758H         LINE#         250
  C:175AH         LINE#         251
  C:175CH         LINE#         252
  C:175FH         LINE#         255
  C:1767H         LINE#         256
  C:1767H         LINE#         257
  C:176AH         LINE#         258
  C:176AH         LINE#         259
  C:176CH         LINE#         261
  C:176CH         LINE#         262
  C:176CH         LINE#         263
  -------         ENDPROC       ENSENSOR_AFTERIDCERT
  -------         PROC          ENSENSOR_AFTER_CLOSE
  C:183DH         LINE#         268
BL51 BANKED LINKER/LOCATER V6.22                                                      06/04/2017  11:00:46  PAGE 25


  C:183DH         LINE#         269
  C:183DH         LINE#         270
  C:1846H         LINE#         271
  C:1846H         LINE#         272
  C:1850H         LINE#         273
  C:1850H         LINE#         274
  C:1852H         LINE#         275
  C:1854H         LINE#         276
  C:1857H         LINE#         277
  C:185AH         LINE#         278
  C:185AH         LINE#         279
  C:185AH         LINE#         280
  -------         ENDPROC       ENSENSOR_AFTER_CLOSE
  -------         PROC          SELFLEARN_RESET
  C:0FD8H         LINE#         286
  C:0FD8H         LINE#         287
  C:0FD8H         LINE#         288
  C:0FDBH         LINE#         289
  C:0FDBH         LINE#         290
  C:0FE5H         LINE#         291
  C:0FE5H         LINE#         292
  C:0FE7H         LINE#         293
  C:0FE9H         LINE#         295
  C:0FEEH         LINE#         296
  C:0FF3H         LINE#         297
  C:0FF5H         LINE#         298
  C:0FF7H         LINE#         299
  C:0FF9H         LINE#         300
  C:0FFBH         LINE#         301
  C:0FFDH         LINE#         302
  C:0FFDH         LINE#         303
  C:0FFDH         LINE#         304
  -------         ENDPROC       SELFLEARN_RESET
  -------         PROC          FELL_ALARM_TO_SLAVE
  C:19C1H         LINE#         310
  C:19C1H         LINE#         311
  C:19C1H         LINE#         312
  C:19CCH         LINE#         313
  C:19CCH         LINE#         314
  C:19D1H         LINE#         315
  C:19D6H         LINE#         316
  C:19D6H         LINE#         317
  -------         ENDPROC       FELL_ALARM_TO_SLAVE
  -------         PROC          RAISE_ALARM_TO_SLAVE
  C:19D7H         LINE#         323
  C:19D7H         LINE#         324
  C:19D7H         LINE#         325
  C:19E2H         LINE#         326
  C:19E2H         LINE#         327
  C:19E7H         LINE#         328
  C:19ECH         LINE#         329
  C:19ECH         LINE#         330
  -------         ENDPROC       RAISE_ALARM_TO_SLAVE
  -------         PROC          BATSTOLEN_ALARM_TO_SLAVE
  C:19EDH         LINE#         336
  C:19EDH         LINE#         337
  C:19EDH         LINE#         338
BL51 BANKED LINKER/LOCATER V6.22                                                      06/04/2017  11:00:46  PAGE 26


  C:19F8H         LINE#         339
  C:19F8H         LINE#         340
  C:19FDH         LINE#         341
  C:1A02H         LINE#         342
  C:1A02H         LINE#         343
  -------         ENDPROC       BATSTOLEN_ALARM_TO_SLAVE
  -------         PROC          DISABLE_SENSOR_AFTER_IDCERT
  C:1BE2H         LINE#         348
  C:1BE2H         LINE#         349
  C:1BE2H         LINE#         350
  C:1BE5H         LINE#         351
  C:1BE5H         LINE#         352
  C:1BE7H         LINE#         354
  C:1BEAH         LINE#         355
  C:1BEAH         LINE#         356
  -------         ENDPROC       DISABLE_SENSOR_AFTER_IDCERT
  -------         PROC          RESET_AFTER_WIREBROKEN
  C:17EFH         LINE#         361
  C:17EFH         LINE#         362
  C:17EFH         LINE#         363
  C:17F2H         LINE#         364
  C:17F2H         LINE#         365
  C:17F4H         LINE#         366
  C:17F8H         LINE#         367
  C:17FAH         LINE#         368
  C:17FCH         LINE#         369
  C:17FEH         LINE#         370
  C:17FEH         LINE#         371
  -------         ENDPROC       RESET_AFTER_WIREBROKEN
  -------         PROC          RESET_AFTER_STOLEN_ALARMING
  C:176DH         LINE#         377
  C:176DH         LINE#         378
  C:176DH         LINE#         379
  C:1770H         LINE#         380
  C:1770H         LINE#         381
  C:177AH         LINE#         382
  C:177AH         LINE#         383
  C:177EH         LINE#         384
  C:1780H         LINE#         385
  C:1782H         LINE#         386
  C:1784H         LINE#         387
  C:1787H         LINE#         388
  C:178AH         LINE#         391
  C:178CH         LINE#         392
  C:178EH         LINE#         393
  C:178EH         LINE#         394
  C:178EH         LINE#         395
  -------         ENDPROC       RESET_AFTER_STOLEN_ALARMING
  -------         PROC          ENSENSOR_AFTER_SLAVE_AWAY
  C:178FH         LINE#         400
  C:178FH         LINE#         401
  C:178FH         LINE#         402
  C:1798H         LINE#         403
  C:1798H         LINE#         404
  C:17A2H         LINE#         405
  C:17A2H         LINE#         406
  C:17A5H         LINE#         407
BL51 BANKED LINKER/LOCATER V6.22                                                      06/04/2017  11:00:46  PAGE 27


  C:17A7H         LINE#         408
  C:17A9H         LINE#         409
  C:17ACH         LINE#         410
  C:17AFH         LINE#         411
  C:17AFH         LINE#         412
  C:17AFH         LINE#         413
  -------         ENDPROC       ENSENSOR_AFTER_SLAVE_AWAY
  -------         PROC          DETECT_SELFLEARN_ACTION
  C:0AC4H         LINE#         418
  C:0AC4H         LINE#         419
  C:0AC4H         LINE#         420
  C:0ACAH         LINE#         422
  C:0ACAH         LINE#         424
  C:0ACCH         LINE#         426
  C:0ACFH         LINE#         427
  C:0ACFH         LINE#         428
  C:0ADAH         LINE#         429
  C:0AE5H         LINE#         430
  C:0AE5H         LINE#         431
  C:0AECH         LINE#         432
  C:0AF0H         LINE#         433
  C:0AF2H         LINE#         434
  C:0AF2H         LINE#         435
  C:0AF4H         LINE#         437
  C:0AF4H         LINE#         438
  C:0B00H         LINE#         439
  C:0B00H         LINE#         440
  C:0B04H         LINE#         441
  C:0B09H         LINE#         442
  C:0B09H         LINE#         443
  C:0B09H         LINE#         445
  C:0B11H         LINE#         446
  C:0B11H         LINE#         447
  C:0B13H         LINE#         448
  C:0B15H         LINE#         449
  C:0B18H         LINE#         450
  C:0B18H         LINE#         451
  C:0B1AH         LINE#         452
  C:0B25H         LINE#         454
  C:0B27H         LINE#         457
  C:0B2AH         LINE#         458
  C:0B2AH         LINE#         459
  C:0B2CH         LINE#         460
  C:0B2EH         LINE#         461
  C:0B30H         LINE#         463
  C:0B33H         LINE#         464
  C:0B36H         LINE#         469
  C:0B36H         LINE#         470
  -------         ENDPROC       DETECT_SELFLEARN_ACTION
  -------         PROC          DETECT_OPEN_ACTION
  C:14E1H         LINE#         475
  C:14E1H         LINE#         476
  C:14E1H         LINE#         477
  C:14F2H         LINE#         478
  C:14F2H         LINE#         479
  C:14F5H         LINE#         480
  C:14FAH         LINE#         481
BL51 BANKED LINKER/LOCATER V6.22                                                      06/04/2017  11:00:46  PAGE 28


  C:14FCH         LINE#         483
  C:1500H         LINE#         484
  C:1502H         LINE#         485
  C:1505H         LINE#         486
  C:1507H         LINE#         487
  C:150AH         LINE#         488
  C:150DH         LINE#         490
  C:150FH         LINE#         492
  C:1511H         LINE#         493
  C:1517H         LINE#         494
  C:1517H         LINE#         495
  -------         ENDPROC       DETECT_OPEN_ACTION
  -------         PROC          DETECT_CLOSE_ACTION
  C:0E73H         LINE#         500
  C:0E73H         LINE#         501
  C:0E73H         LINE#         502
  C:0E86H         LINE#         504
  C:0E86H         LINE#         506
  C:0E8CH         LINE#         507
  C:0E8CH         LINE#         508
  C:0E97H         LINE#         509
  C:0EA2H         LINE#         510
  C:0EA2H         LINE#         511
  C:0EABH         LINE#         512
  C:0EABH         LINE#         513
  C:0EADH         LINE#         514
  C:0EB0H         LINE#         516
  C:0EB4H         LINE#         517
  C:0EB7H         LINE#         518
  C:0EB9H         LINE#         519
  C:0EBBH         LINE#         521
  C:0EC1H         LINE#         522
  C:0EC3H         LINE#         523
  C:0EC3H         LINE#         524
  C:0EC3H         LINE#         525
  C:0EC3H         LINE#         526
  C:0EC4H         LINE#         527
  C:0EC7H         LINE#         528
  C:0EC7H         LINE#         529
  C:0ECDH         LINE#         530
  C:0ECDH         LINE#         531
  -------         ENDPROC       DETECT_CLOSE_ACTION
  -------         PROC          DETECT_VIBRATION
  C:0BA8H         LINE#         536
  C:0BA8H         LINE#         537
  C:0BA8H         LINE#         538
  C:0BB1H         LINE#         539
  C:0BB1H         LINE#         540
  C:0BBBH         LINE#         541
  C:0BBBH         LINE#         542
  C:0BBDH         LINE#         543
  C:0BBFH         LINE#         544
  C:0BC4H         LINE#         546
  C:0BC6H         LINE#         547
  C:0BCBH         LINE#         549
  C:0BD0H         LINE#         550
  C:0BD0H         LINE#         551
BL51 BANKED LINKER/LOCATER V6.22                                                      06/04/2017  11:00:46  PAGE 29


  C:0BD2H         LINE#         553
  C:0BD6H         LINE#         555
  C:0BD9H         LINE#         556
  C:0BD9H         LINE#         557
  C:0BF0H         LINE#         558
  C:0BF0H         LINE#         559
  C:0BF2H         LINE#         560
  C:0BF6H         LINE#         561
  C:0BF6H         LINE#         562
  C:0BF6H         LINE#         564
  C:0BF9H         LINE#         565
  C:0BF9H         LINE#         566
  C:0C10H         LINE#         567
  C:0C10H         LINE#         568
  C:0C12H         LINE#         569
  C:0C16H         LINE#         570
  C:0C16H         LINE#         571
  C:0C16H         LINE#         572
  -------         ENDPROC       DETECT_VIBRATION
  -------         PROC          DETECT_WHEEL_MOVING
  C:15EAH         LINE#         577
  C:15EAH         LINE#         578
  C:15EAH         LINE#         579
  C:15EDH         LINE#         580
  C:15EDH         LINE#         581
  C:15EFH         LINE#         582
  C:15F5H         LINE#         584
  C:15FAH         LINE#         585
  C:15FAH         LINE#         586
  C:15FDH         LINE#         587
  C:15FDH         LINE#         588
  C:1614H         LINE#         589
  C:1614H         LINE#         590
  C:1616H         LINE#         591
  C:161AH         LINE#         592
  C:161AH         LINE#         593
  C:161AH         LINE#         594
  -------         ENDPROC       DETECT_WHEEL_MOVING
  -------         ENDMOD        OPERATION

  -------         MODULE        OTHER
  C:0000H         SYMBOL        _ICE_DUMMY_
  D:0080H         PUBLIC        P0
  D:0090H         PUBLIC        P1
  D:00A0H         PUBLIC        P2
  D:00B0H         PUBLIC        P3
  D:00A8H         PUBLIC        IE
  C:1BB6H         PUBLIC        _magnet_ACW_Taili
  B:00A0H.4       PUBLIC        Moto_EN
  D:00B8H         PUBLIC        IP
  D:00D8H         PUBLIC        WDCON0
  D:0098H         PUBLIC        SCON
  D:0088H         PUBLIC        TCON
  C:0003H         PUBLIC        Moto_Vibration
  B:0090H.6       PUBLIC        Generator_lock
  C:1BAAH         PUBLIC        _magnet_ACW
  C:1BC2H         PUBLIC        Enable_sensor
BL51 BANKED LINKER/LOCATER V6.22                                                      06/04/2017  11:00:46  PAGE 30


  C:164AH         PUBLIC        _magnet_CW_Taili
  D:00E8H         PUBLIC        EIE
  C:1151H         PUBLIC        disable_sensor
  B:00A0H.2       PUBLIC        MagentControl_1
  B:00A0H.3       PUBLIC        MagentControl_2
  D:00F8H         PUBLIC        ADCCON0
  D:00C0H         PUBLIC        I2CON
  D:00C8H         PUBLIC        T2CON
  C:161BH         PUBLIC        _magnet_CW
  D:00D0H         PUBLIC        PSW
  B:0080H.5       PUBLIC        Externalmotor
  -------         PROC          _MAGNET_CW
  X:003CH         SYMBOL        x
  X:003EH         SYMBOL        y
  D:0003H         SYMBOL        z
  C:161BH         LINE#         46
  C:1628H         LINE#         47
  C:1628H         LINE#         49
  C:1631H         LINE#         51
  C:1633H         LINE#         52
  C:1635H         LINE#         53
  C:1645H         LINE#         54
  C:1647H         LINE#         55
  C:1649H         LINE#         57
  -------         ENDPROC       _MAGNET_CW
  -------         PROC          _MAGNET_CW_TAILI
  X:0040H         SYMBOL        x
  X:0042H         SYMBOL        y
  D:0003H         SYMBOL        z
  C:164AH         LINE#         63
  C:1657H         LINE#         64
  C:1657H         LINE#         66
  C:1660H         LINE#         68
  C:1662H         LINE#         69
  C:1664H         LINE#         70
  C:1674H         LINE#         71
  C:1676H         LINE#         72
  C:1678H         LINE#         74
  -------         ENDPROC       _MAGNET_CW_TAILI
  -------         PROC          _MAGNET_ACW
  D:0006H         SYMBOL        x
  D:0004H         SYMBOL        y
  C:1BAAH         LINE#         80
  C:1BAAH         LINE#         81
  C:1BAAH         LINE#         83
  C:1BACH         LINE#         84
  C:1BAEH         LINE#         85
  C:1BB1H         LINE#         86
  C:1BB3H         LINE#         87
  C:1BB5H         LINE#         88
  -------         ENDPROC       _MAGNET_ACW
  -------         PROC          _MAGNET_ACW_TAILI
  D:0006H         SYMBOL        x
  D:0004H         SYMBOL        y
  C:1BB6H         LINE#         94
  C:1BB6H         LINE#         95
  C:1BB6H         LINE#         97
BL51 BANKED LINKER/LOCATER V6.22                                                      06/04/2017  11:00:46  PAGE 31


  C:1BB8H         LINE#         98
  C:1BBAH         LINE#         99
  C:1BBDH         LINE#         100
  C:1BBFH         LINE#         101
  C:1BC1H         LINE#         102
  -------         ENDPROC       _MAGNET_ACW_TAILI
  -------         PROC          DISABLE_SENSOR
  C:1151H         LINE#         108
  C:1151H         LINE#         109
  C:1151H         LINE#         111
  C:1153H         LINE#         112
  C:1155H         LINE#         114
  C:1157H         LINE#         115
  C:1159H         LINE#         116
  C:115DH         LINE#         117
  C:1160H         LINE#         118
  C:1163H         LINE#         119
  C:1168H         LINE#         120
  C:116DH         LINE#         121
  C:1172H         LINE#         122
  C:1175H         LINE#         123
  C:1178H         LINE#         124
  C:117AH         LINE#         125
  C:117CH         LINE#         126
  C:117EH         LINE#         127
  C:1181H         LINE#         128
  C:1183H         LINE#         129
  C:1186H         LINE#         131
  C:1188H         LINE#         134
  C:118BH         LINE#         135
  C:118DH         LINE#         137
  C:118FH         LINE#         138
  C:1192H         LINE#         140
  C:1194H         LINE#         141
  C:1197H         LINE#         143
  C:119CH         LINE#         144
  C:119CH         LINE#         146
  C:119EH         LINE#         148
  C:11A0H         LINE#         149
  C:11A0H         LINE#         150
  -------         ENDPROC       DISABLE_SENSOR
  -------         PROC          ENABLE_SENSOR
  C:1BC2H         LINE#         155
  C:1BC2H         LINE#         156
  C:1BC2H         LINE#         158
  C:1BC4H         LINE#         159
  C:1BC6H         LINE#         162
  C:1BCAH         LINE#         163
  C:1BCDH         LINE#         164
  -------         ENDPROC       ENABLE_SENSOR
  -------         PROC          MOTO_VIBRATION
  C:0003H         LINE#         170
  C:0003H         LINE#         171
  C:0003H         LINE#         172
  C:0005H         LINE#         173
  C:0008H         LINE#         174
  C:000AH         LINE#         175
BL51 BANKED LINKER/LOCATER V6.22                                                      06/04/2017  11:00:46  PAGE 32


  -------         ENDPROC       MOTO_VIBRATION
  -------         ENDMOD        OTHER

  -------         MODULE        PWM
  C:0000H         SYMBOL        _ICE_DUMMY_
  D:0080H         PUBLIC        P0
  D:0090H         PUBLIC        P1
  D:00A0H         PUBLIC        P2
  D:00B0H         PUBLIC        P3
  D:00DCH         PUBLIC        PWMCON0
  D:00D1H         PUBLIC        PWMPH
  D:00A8H         PUBLIC        IE
  D:00D9H         PUBLIC        PWMPL
  C:0D51H         PUBLIC        _PWM_Channel
  D:00B8H         PUBLIC        IP
  C:1BF4H         PUBLIC        myPwm
  D:00D8H         PUBLIC        WDCON0
  D:0098H         PUBLIC        SCON
  D:0088H         PUBLIC        TCON
  D:00E8H         PUBLIC        EIE
  D:00F8H         PUBLIC        ADCCON0
  D:00C0H         PUBLIC        I2CON
  X:0044H         PUBLIC        PWM_shadow
  D:00C8H         PUBLIC        T2CON
  C:197BH         PUBLIC        Init_PWM
  D:00D2H         PUBLIC        PWM0H
  D:00D3H         PUBLIC        PWM1H
  D:00D5H         PUBLIC        PWM2H
  D:00D6H         PUBLIC        PWM3H
  D:00DAH         PUBLIC        PWM0L
  D:00DBH         PUBLIC        PWM1L
  D:00DDH         PUBLIC        PWM2L
  D:00DEH         PUBLIC        PWM3L
  D:00D0H         PUBLIC        PSW
  -------         PROC          INIT_PWM
  C:197BH         LINE#         19
  C:197BH         LINE#         20
  C:197BH         LINE#         22
  C:197EH         LINE#         24
  C:1986H         LINE#         26
  C:198FH         LINE#         27
  C:1992H         LINE#         28
  -------         ENDPROC       INIT_PWM
  -------         PROC          _PWM_CHANNEL
  D:0007H         SYMBOL        Channel
  C:0D51H         LINE#         34
  C:0D51H         LINE#         35
  C:0D51H         LINE#         36
  C:0D5FH         LINE#         37
[...]
  X:0099H         PUBLIC        receive_HV_count
  X:009AH         PUBLIC        receive_LV_count
  B:0024H.6       PUBLIC        raised_flag
  X:009BH         PUBLIC        raised_alarm_count
  D:00D0H         PUBLIC        PSW
  B:0080H.0       PUBLIC        sensor_detect
  X:009CH         PUBLIC        Stolen_alarm_reset_count
  B:0080H.5       PUBLIC        Externalmotor
  -------         PROC          MAIN
  C:1700H         LINE#         151
  C:1700H         LINE#         152
  C:1700H         LINE#         153
  C:1703H         LINE#         158
  C:1706H         LINE#         160
  C:170DH         LINE#         162
  C:1710H         LINE#         164
  C:1713H         LINE#         168
  C:1716H         LINE#         169
  C:1719H         LINE#         171
  C:171CH         LINE#         172
  C:171FH         LINE#         174
  C:1721H         LINE#         177
  C:1723H         LINE#         178
  C:1725H         LINE#         180
  C:1727H         LINE#         182
  C:1727H         LINE#         183
  C:1727H         LINE#         184
  -------         ENDPROC       MAIN
  -------         PROC          TIMER0
  C:0026H         LINE#         191
  C:0043H         LINE#         194
  C:0048H         LINE#         195
  C:004DH         LINE#         198
  C:0064H         LINE#         199
  C:0064H         LINE#         201
  C:0068H         LINE#         207
  C:0082H         LINE#         208
BL51 BANKED LINKER/LOCATER V6.22                                                      06/04/2017  11:00:46  PAGE 55


  C:0082H         LINE#         209
  C:0084H         LINE#         210
  C:0084H         LINE#         213
  C:0087H         LINE#         214
  C:0087H         LINE#         216
  C:008AH         LINE#         217
  C:008AH         LINE#         218
  C:008CH         LINE#         219
  C:008EH         LINE#         220
  C:0092H         LINE#         221
  C:0094H         LINE#         222
  C:0096H         LINE#         223
  C:009CH         LINE#         224
  C:009CH         LINE#         225
  C:009EH         LINE#         226
  C:00A0H         LINE#         227
  C:00A3H         LINE#         228
  C:00A3H         LINE#         229
  C:00A3H         LINE#         231
  C:00A6H         LINE#         232
  C:00A6H         LINE#         233
  C:00ABH         LINE#         234
  C:00B1H         LINE#         235
  C:00B1H         LINE#         236
  C:00B3H         LINE#         237
  C:00B5H         LINE#         238
  C:00B5H         LINE#         239
  C:00B5H         LINE#         242
  C:00B8H         LINE#         243
  C:00BBH         LINE#         247
  C:00BEH         LINE#         255
  C:00C1H         LINE#         264
  C:00C4H         LINE#         268
  C:00C7H         LINE#         269
  C:00CAH         LINE#         270
  C:00CDH         LINE#         271
  C:00CDH         LINE#         274
  C:00D0H         LINE#         277
  C:00D3H         LINE#         278
  C:00D6H         LINE#         279
  C:00D9H         LINE#         281
  C:00DCH         LINE#         283
  C:00DFH         LINE#         284
  C:00E2H         LINE#         286
  C:00E5H         LINE#         287
  C:00E5H         LINE#         288
  C:00E7H         LINE#         289
  C:00EAH         LINE#         290
  C:00EAH         LINE#         296
  C:00EFH         LINE#         297
  C:00EFH         LINE#         299
  C:0105H         LINE#         300
  C:0105H         LINE#         302
  C:0105H         LINE#         303
  C:0105H         LINE#         307
  C:0114H         LINE#         308
  C:0114H         LINE#         310
BL51 BANKED LINKER/LOCATER V6.22                                                      06/04/2017  11:00:46  PAGE 56


  C:0120H         LINE#         311
  C:0120H         LINE#         312
  C:0122H         LINE#         315
  C:0127H         LINE#         317
  C:012BH         LINE#         322
  C:012DH         LINE#         324
  C:012FH         LINE#         330
  C:013BH         LINE#         331
  C:013BH         LINE#         332
  C:013DH         LINE#         334
  C:013DH         LINE#         336
  C:0141H         LINE#         337
  C:0141H         LINE#         338
  C:0141H         LINE#         339
  C:0143H         LINE#         342
  C:0143H         LINE#         343
  C:0143H         LINE#         344
  C:014CH         LINE#         345
  C:014CH         LINE#         347
  C:0156H         LINE#         348
  C:0156H         LINE#         349
  C:0158H         LINE#         350
  C:015DH         LINE#         352
  C:0163H         LINE#         356
  C:0165H         LINE#         358
  C:0167H         LINE#         364
  C:0167H         LINE#         365
  C:0169H         LINE#         367
  C:0169H         LINE#         368
  C:016DH         LINE#         369
  C:016DH         LINE#         372
  C:0186H         LINE#         373
  C:0186H         LINE#         374
  C:018AH         LINE#         375
  C:018DH         LINE#         376
  C:0190H         LINE#         377
  C:0192H         LINE#         380
  C:0192H         LINE#         382
  C:0192H         LINE#         383
  C:0192H         LINE#         384
  C:0192H         LINE#         385
  C:0194H         LINE#         387
  C:0194H         LINE#         388
  C:0194H         LINE#         389
  C:019DH         LINE#         390
  C:019DH         LINE#         392
  C:01A7H         LINE#         393
  C:01A7H         LINE#         394
  C:01A9H         LINE#         395
  C:01AEH         LINE#         396
  C:01B4H         LINE#         402
  C:01B6H         LINE#         404
  C:01B8H         LINE#         409
  C:01B8H         LINE#         410
  C:01BAH         LINE#         412
  C:01BAH         LINE#         413
  C:01BEH         LINE#         414
BL51 BANKED LINKER/LOCATER V6.22                                                      06/04/2017  11:00:46  PAGE 57


  C:01BEH         LINE#         417
  C:01D5H         LINE#         418
  C:01D5H         LINE#         419
  C:01D9H         LINE#         420
  C:01DCH         LINE#         421
  C:01DFH         LINE#         422
  C:01E2H         LINE#         423
  C:01E7H         LINE#         426
  C:01E7H         LINE#         428
  C:01E7H         LINE#         429
  C:01E7H         LINE#         430
  C:01E7H         LINE#         431
  C:01E9H         LINE#         434
  C:01E9H         LINE#         435
  C:01E9H         LINE#         436
  C:01F2H         LINE#         437
  C:01F2H         LINE#         439
  C:01FCH         LINE#         440
  C:01FCH         LINE#         441
  C:01FEH         LINE#         443
  C:0200H         LINE#         444
  C:0202H         LINE#         445
  C:0204H         LINE#         446
  C:0207H         LINE#         449
  C:0209H         LINE#         451
  C:020BH         LINE#         452
  C:020BH         LINE#         453
  C:020DH         LINE#         455
  C:020DH         LINE#         456
  C:0211H         LINE#         457
  C:0211H         LINE#         460
  C:0228H         LINE#         461
  C:0228H         LINE#         462
  C:022CH         LINE#         463
  C:022FH         LINE#         464
  C:0232H         LINE#         465
  C:0237H         LINE#         466
  C:023CH         LINE#         467
  C:023FH         LINE#         469
  C:0242H         LINE#         470
  C:0242H         LINE#         472
  C:0244H         LINE#         474
  C:0246H         LINE#         475
  C:0246H         LINE#         476
  C:0246H         LINE#         477
  C:0246H         LINE#         478
  C:0246H         LINE#         479
  C:0246H         LINE#         482
  C:024EH         LINE#         483
  C:024EH         LINE#         484
  C:0250H         LINE#         485
  C:0252H         LINE#         487
  C:0254H         LINE#         488
  C:0254H         LINE#         492
  C:0257H         LINE#         493
  C:0257H         LINE#         495
  C:025AH         LINE#         496
BL51 BANKED LINKER/LOCATER V6.22                                                      06/04/2017  11:00:46  PAGE 58


  C:025AH         LINE#         498
  C:0262H         LINE#         499
  C:0262H         LINE#         501
  C:0264H         LINE#         502
  C:0266H         LINE#         504
  C:0269H         LINE#         505
  C:0269H         LINE#         507
  C:026BH         LINE#         508
  C:026BH         LINE#         509
  C:026BH         LINE#         510
  C:026DH         LINE#         512
  C:026DH         LINE#         513
  C:026FH         LINE#         514
  C:0273H         LINE#         515
  C:0276H         LINE#         516
  C:0278H         LINE#         517
  C:0278H         LINE#         519
  C:027BH         LINE#         520
  C:027BH         LINE#         522
  C:0283H         LINE#         523
  C:0283H         LINE#         525
  C:0285H         LINE#         526
  C:0287H         LINE#         528
  C:028AH         LINE#         529
  C:028AH         LINE#         530
  C:028CH         LINE#         531
  C:028CH         LINE#         532
  C:028CH         LINE#         533
  C:028EH         LINE#         535
  C:028EH         LINE#         536
  C:0290H         LINE#         537
  C:0294H         LINE#         538
  C:0297H         LINE#         539
  C:0299H         LINE#         540
  C:0299H         LINE#         541
  C:0299H         LINE#         544
  C:029CH         LINE#         545
  C:029CH         LINE#         546
  C:02B3H         LINE#         547
  C:02B3H         LINE#         548
  C:02B5H         LINE#         549
  C:02B9H         LINE#         550
  C:02BBH         LINE#         552
  C:02BEH         LINE#         553
  C:02C1H         LINE#         554
  C:02C4H         LINE#         555
  C:02C9H         LINE#         556
  C:02CEH         LINE#         557
  C:02D7H         LINE#         558
  C:02DBH         LINE#         559
  C:02DEH         LINE#         560
  C:02DEH         LINE#         561
  C:02DEH         LINE#         562
  -------         ENDPROC       TIMER0
  -------         PROC          UART_ISR
  C:058BH         LINE#         567
  C:05A8H         LINE#         569
BL51 BANKED LINKER/LOCATER V6.22                                                      06/04/2017  11:00:46  PAGE 59


  C:05ADH         LINE#         570
  C:05ADH         LINE#         571
  C:05AFH         LINE#         572
  C:05B9H         LINE#         576
  C:05BEH         LINE#         577
  C:05BEH         LINE#         579
  C:05CCH         LINE#         580
  C:05CCH         LINE#         581
  C:05D1H         LINE#         582
  C:05D3H         LINE#         583
  C:05E5H         LINE#         584
  C:05E5H         LINE#         585
  C:05EAH         LINE#         586
  C:05ECH         LINE#         587
  C:05FFH         LINE#         588
  C:05FFH         LINE#         589
  C:0604H         LINE#         590
  C:0606H         LINE#         591
  C:0616H         LINE#         592
  C:0616H         LINE#         593
  C:061BH         LINE#         594
  C:061DH         LINE#         595
  C:062FH         LINE#         596
  C:062FH         LINE#         597
  C:0634H         LINE#         598
  C:0636H         LINE#         600
  C:0648H         LINE#         601
  C:0648H         LINE#         602
  C:064BH         LINE#         603
  C:064DH         LINE#         604
  C:0650H         LINE#         605
  C:0652H         LINE#         607
  C:0655H         LINE#         609
  C:065AH         LINE#         610
  C:065AH         LINE#         613
  C:065AH         LINE#         614
  C:0664H         LINE#         615
  C:0664H         LINE#         619
  C:0666H         LINE#         620
  C:0668H         LINE#         621
  C:066AH         LINE#         623
  C:066CH         LINE#         624
  C:066EH         LINE#         625
  C:066EH         LINE#         626
  C:0670H         LINE#         636
  C:0670H         LINE#         637
  C:0674H         LINE#         638
  C:0674H         LINE#         671
  C:0676H         LINE#         673
  C:0676H         LINE#         675
  C:0680H         LINE#         676
  C:0680H         LINE#         677
  C:0682H         LINE#         678
  C:0684H         LINE#         679
  C:0684H         LINE#         718
  C:0684H         LINE#         719
  C:0684H         LINE#         720
BL51 BANKED LINKER/LOCATER V6.22                                                      06/04/2017  11:00:46  PAGE 60


  -------         ENDPROC       UART_ISR
  -------         ENDMOD        MAIN

  -------         MODULE        ?C?CLDPTR
  C:02F9H         PUBLIC        ?C?CLDPTR
  -------         ENDMOD        ?C?CLDPTR

  -------         MODULE        ?C?LMUL
  C:0312H         PUBLIC        ?C?LMUL
  -------         ENDMOD        ?C?LMUL

  -------         MODULE        ?C?ULDIV
  C:039DH         PUBLIC        ?C?ULDIV
  -------         ENDMOD        ?C?ULDIV

  -------         MODULE        ?C?LNEG
  C:042FH         PUBLIC        ?C?LNEG
  -------         ENDMOD        ?C?LNEG

  -------         MODULE        ?C?ICALL
  C:043DH         PUBLIC        ?C?ICALL
  C:0441H         PUBLIC        ?C?ICALL2
  -------         ENDMOD        ?C?ICALL

  -------         MODULE        ?C?LIMUL
  C:0443H         PUBLIC        ?C?LIMUL
  -------         ENDMOD        ?C?LIMUL

*** WARNING L16: UNCALLED SEGMENT, IGNORED FOR OVERLAY PROCESS
    SEGMENT: ?PR?BROADCAST_BATTERY?BATTERY

*** WARNING L16: UNCALLED SEGMENT, IGNORED FOR OVERLAY PROCESS
    SEGMENT: ?PR?_COMMODE_DATA?COMMUNICATION

*** WARNING L16: UNCALLED SEGMENT, IGNORED FOR OVERLAY PROCESS
    SEGMENT: ?PR?_COMMODE_DATA_WX?COMMUNICATION

*** WARNING L16: UNCALLED SEGMENT, IGNORED FOR OVERLAY PROCESS
    SEGMENT: ?PR?_UART_SEND_DATA_F?COMMUNICATION

*** WARNING L16: UNCALLED SEGMENT, IGNORED FOR OVERLAY PROCESS
    SEGMENT: ?PR?_UART_SEND_DATA_F2?COMMUNICATION

*** WARNING L16: UNCALLED SEGMENT, IGNORED FOR OVERLAY PROCESS
    SEGMENT: ?PR?_UART_SEND_DATA_F3?COMMUNICATION

*** WARNING L16: UNCALLED SEGMENT, IGNORED FOR OVERLAY PROCESS
    SEGMENT: ?PR?UART_SEND_DATA_MATCH?COMMUNICATION

*** WARNING L16: UNCALLED SEGMENT, IGNORED FOR OVERLAY PROCESS
    SEGMENT: ?PR?UART_SEND_DATA_MATCH_F?COMMUNICATION

*** WARNING L16: UNCALLED SEGMENT, IGNORED FOR OVERLAY PROCESS
    SEGMENT: ?PR?RECEIVE_BYTE?COMMUNICATION

*** WARNING L16: UNCALLED SEGMENT, IGNORED FOR OVERLAY PROCESS
    SEGMENT: ?PR?RECEIVE_BYTE_LOCK?COMMUNICATION
BL51 BANKED LINKER/LOCATER V6.22                                                      06/04/2017  11:00:46  PAGE 61



*** WARNING L16: UNCALLED SEGMENT, IGNORED FOR OVERLAY PROCESS
    SEGMENT: ?PR?RECEIVE_WORD?COMMUNICATION

*** WARNING L16: UNCALLED SEGMENT, IGNORED FOR OVERLAY PROCESS
    SEGMENT: ?PR?_UART_SEND_DATA_BROADTEST?COMMUNICATION

*** WARNING L16: UNCALLED SEGMENT, IGNORED FOR OVERLAY PROCESS
    SEGMENT: ?PR?_DELAY_MS?DELAY

*** WARNING L16: UNCALLED SEGMENT, IGNORED FOR OVERLAY PROCESS
    SEGMENT: ?PR?FELL_ALARM_TO_SLAVE?OPERATION

*** WARNING L16: UNCALLED SEGMENT, IGNORED FOR OVERLAY PROCESS
    SEGMENT: ?PR?RAISE_ALARM_TO_SLAVE?OPERATION

*** WARNING L16: UNCALLED SEGMENT, IGNORED FOR OVERLAY PROCESS
    SEGMENT: ?PR?BATSTOLEN_ALARM_TO_SLAVE?OPERATION

*** WARNING L16: UNCALLED SEGMENT, IGNORED FOR OVERLAY PROCESS
    SEGMENT: ?PR?ENSENSOR_AFTER_SLAVE_AWAY?OPERATION

*** WARNING L16: UNCALLED SEGMENT, IGNORED FOR OVERLAY PROCESS
    SEGMENT: ?PR?_MAGNET_CW?OTHER

*** WARNING L16: UNCALLED SEGMENT, IGNORED FOR OVERLAY PROCESS
    SEGMENT: ?PR?_MAGNET_CW_TAILI?OTHER

*** WARNING L16: UNCALLED SEGMENT, IGNORED FOR OVERLAY PROCESS
    SEGMENT: ?PR?_MAGNET_ACW?OTHER

*** WARNING L16: UNCALLED SEGMENT, IGNORED FOR OVERLAY PROCESS
    SEGMENT: ?PR?_MAGNET_ACW_TAILI?OTHER

*** WARNING L16: UNCALLED SEGMENT, IGNORED FOR OVERLAY PROCESS
    SEGMENT: ?PR?MOTO_VIBRATION?OTHER

*** WARNING L16: UNCALLED SEGMENT, IGNORED FOR OVERLAY PROCESS
    SEGMENT: ?PR?MYPWM?PWM

*** WARNING L16: UNCALLED SEGMENT, IGNORED FOR OVERLAY PROCESS
    SEGMENT: ?PR?_INITTIMER?TIMER

*** WARNING L16: UNCALLED SEGMENT, IGNORED FOR OVERLAY PROCESS
    SEGMENT: ?PR?HSCH_START?TIMER

*** WARNING L16: UNCALLED SEGMENT, IGNORED FOR OVERLAY PROCESS
    SEGMENT: ?PR?SEOS_GO_TO_SLEEP?TIMER

*** WARNING L16: UNCALLED SEGMENT, IGNORED FOR OVERLAY PROCESS
    SEGMENT: ?PR?KEY_ROTATE_ON_SPEECH?VOICE

*** WARNING L16: UNCALLED SEGMENT, IGNORED FOR OVERLAY PROCESS
    SEGMENT: ?PR?MOTORBAT_LOW_SPEECH?VOICE

*** WARNING L16: UNCALLED SEGMENT, IGNORED FOR OVERLAY PROCESS
    SEGMENT: ?PR?HOST_TOUCH_SPEECH?VOICE
BL51 BANKED LINKER/LOCATER V6.22                                                      06/04/2017  11:00:46  PAGE 62



*** WARNING L16: UNCALLED SEGMENT, IGNORED FOR OVERLAY PROCESS
    SEGMENT: ?PR?HOST_2NDTOUCH_SPEECH?VOICE

*** WARNING L16: UNCALLED SEGMENT, IGNORED FOR OVERLAY PROCESS
    SEGMENT: ?PR?STOLEN_ALARM_SPEECH1?VOICE

*** WARNING L16: UNCALLED SEGMENT, IGNORED FOR OVERLAY PROCESS
    SEGMENT: ?PR?STOLEN_ALARM_SPEECH2?VOICE

*** WARNING L16: UNCALLED SEGMENT, IGNORED FOR OVERLAY PROCESS
    SEGMENT: ?PR?OPEN_LOCK_SPEECH?VOICE

*** WARNING L16: UNCALLED SEGMENT, IGNORED FOR OVERLAY PROCESS
    SEGMENT: ?PR?CLOSE_LOCK_SPEECH?VOICE

*** WARNING L16: UNCALLED SEGMENT, IGNORED FOR OVERLAY PROCESS
    SEGMENT: ?PR?BATTERY_STOLEN_SPEECH?VOICE

*** WARNING L16: UNCALLED SEGMENT, IGNORED FOR OVERLAY PROCESS
    SEGMENT: ?PR?CUTTING_WIRE_VOICE?VOICE

*** WARNING L16: UNCALLED SEGMENT, IGNORED FOR OVERLAY PROCESS
    SEGMENT: ?PR?PRODUCT_TEST_VOICE?VOICE

*** WARNING L16: UNCALLED SEGMENT, IGNORED FOR OVERLAY PROCESS
    SEGMENT: ?PR?BATTERY_LOW_ALARM_SPEECH?VOICE

*** WARNING L16: UNCALLED SEGMENT, IGNORED FOR OVERLAY PROCESS
    SEGMENT: ?PR?BATTERY_HIGH_ALARM_SPEECH?VOICE

*** WARNING L16: UNCALLED SEGMENT, IGNORED FOR OVERLAY PROCESS
    SEGMENT: ?PR?ALARM_STOLEN_SPEECH?VOICE

*** WARNING L16: UNCALLED SEGMENT, IGNORED FOR OVERLAY PROCESS
    SEGMENT: ?PR?ALARM_RAISED_SPEECH?VOICE

*** WARNING L16: UNCALLED SEGMENT, IGNORED FOR OVERLAY PROCESS
    SEGMENT: ?PR?ALARM_FELL_SPEECH?VOICE

*** WARNING L16: UNCALLED SEGMENT, IGNORED FOR OVERLAY PROCESS
    SEGMENT: ?PR?HOST_BATTERY_HIGH_ALARM_SPEECH?VOICE

*** WARNING L16: UNCALLED SEGMENT, IGNORED FOR OVERLAY PROCESS
    SEGMENT: ?PR?BATTERY_STOLEN_SPEECH_F3?VOICE

*** WARNING L16: UNCALLED SEGMENT, IGNORED FOR OVERLAY PROCESS
    SEGMENT: ?PR?WIRE_BROKEN_SPEECH?VOICE

*** WARNING L16: UNCALLED SEGMENT, IGNORED FOR OVERLAY PROCESS
    SEGMENT: ?PR?LOCK_ROTATED_ON_SPEECH?VOICE

*** WARNING L16: UNCALLED SEGMENT, IGNORED FOR OVERLAY PROCESS
    SEGMENT: ?PR?LOCK_ROTATED_OFF_SPEECH?VOICE

*** WARNING L16: UNCALLED SEGMENT, IGNORED FOR OVERLAY PROCESS
    SEGMENT: ?PR?_FLASH_READ_DATA?ISP_DATAFLASH
BL51 BANKED LINKER/LOCATER V6.22                                                      06/04/2017  11:00:46  PAGE 63



*** WARNING L16: UNCALLED SEGMENT, IGNORED FOR OVERLAY PROCESS
    SEGMENT: ?PR?SELF_LEARN_PROGRAMMING_F?ISP_DATAFLASH

*** WARNING L16: UNCALLED SEGMENT, IGNORED FOR OVERLAY PROCESS
    SEGMENT: ?PR?INITELECMOTOR?ELECMOTOR

*** WARNING L16: UNCALLED SEGMENT, IGNORED FOR OVERLAY PROCESS
    SEGMENT: ?PR?ELECMOTOR_CLOSECODE?ELECMOTOR

*** WARNING L16: UNCALLED SEGMENT, IGNORED FOR OVERLAY PROCESS
    SEGMENT: ?PR?ELECMOTOR_STOPCODE?ELECMOTOR

*** WARNING L16: UNCALLED SEGMENT, IGNORED FOR OVERLAY PROCESS
    SEGMENT: ?PR?HSCH_DISPATCH_TASKS?SCHEDULAR

*** WARNING L16: UNCALLED SEGMENT, IGNORED FOR OVERLAY PROCESS
    SEGMENT: ?PR?_HSCH_ADD_TASK?SCHEDULAR

*** WARNING L16: UNCALLED SEGMENT, IGNORED FOR OVERLAY PROCESS
    SEGMENT: ?PR?HSCH_UPDATE?SCHEDULAR

*** WARNING L15: MULTIPLE CALL TO SEGMENT
    SEGMENT: ?PR?_SC_SPEECH?VOICE
    CALLER1: ?PR?TIMER0?MAIN
    CALLER2: ?PR?UART_ISR?MAIN

*** WARNING L15: MULTIPLE CALL TO SEGMENT
    SEGMENT: ?PR?_SC_SPEECH?VOICE
    CALLER1: ?PR?UART_ISR?MAIN
    CALLER2: ?C_C51STARTUP

Program Size: data=54.7 xdata=164 code=7215
LINK/LOCATE RUN COMPLETE.  57 WARNING(S),  0 ERROR(S)
