BL51 BANKED LINKER/LOCATER V6.22                                                        09/06/2016  14:33:05  PAGE 1


BL51 BANKED LINKER/LOCATER V6.22, INVOKED BY:
D:\PROGRAM FILES (X86)\KEIL_V5\C51\BIN\BL51.EXE .\AD.obj, .\Battery.obj, .\communication.obj, .\Delay.obj, .\operation.o
>> bj, .\Other.obj, .\pwm.obj, .\Timer.obj, .\UART.obj, .\voice.obj, .\ISP_DataFlash.obj, .\ElecMotor.obj, .\Schedular.o
>> bj, Main.obj TO DDC-Z RAMSIZE (256)


MEMORY MODEL: COMPACT


INPUT MODULES INCLUDED:
  .\AD.obj (AD)
  .\Battery.obj (BATTERY)
  .\communication.obj (COMMUNICATION)
  .\Delay.obj (DELAY)
  .\operation.obj (OPERATION)
  .\Other.obj (OTHER)
  .\pwm.obj (PWM)
  .\Timer.obj (TIMER)
  .\UART.obj (UART)
  .\voice.obj (VOICE)
  .\ISP_DataFlash.obj (ISP_DATAFLASH)
  .\ElecMotor.obj (ELECMOTOR)
  .\Schedular.obj (SCHEDULAR)
  Main.obj (MAIN)
  D:\PROGRAM FILES (X86)\KEIL_V5\C51\LIB\C51C.LIB (?C_STARTUP)
  D:\PROGRAM FILES (X86)\KEIL_V5\C51\LIB\C51C.LIB (?C?CLDPTR)
  D:\PROGRAM FILES (X86)\KEIL_V5\C51\LIB\C51C.LIB (?C?LMUL)
  D:\PROGRAM FILES (X86)\KEIL_V5\C51\LIB\C51C.LIB (?C?ULDIV)
  D:\PROGRAM FILES (X86)\KEIL_V5\C51\LIB\C51C.LIB (?C?LNEG)
  D:\PROGRAM FILES (X86)\KEIL_V5\C51\LIB\C51C.LIB (?C?ICALL)
  D:\PROGRAM FILES (X86)\KEIL_V5\C51\LIB\C51C.LIB (?C?LIMUL)
  D:\PROGRAM FILES (X86)\KEIL_V5\C51\LIB\C51C.LIB (?C_INIT)


LINK MAP OF MODULE:  DDC-Z (AD)


            TYPE    BASE      LENGTH    RELOCATION   SEGMENT NAME
            -----------------------------------------------------

            * * * * * * *   D A T A   M E M O R Y   * * * * * * *
            REG     0000H     0008H     ABSOLUTE     "REG BANK 0"
                    0008H     0018H                  *** GAP ***
            BIT     0020H.0   0004H.6   UNIT         ?BI?MAIN
            BIT     0024H.6   0000H.3   UNIT         ?BI?OPERATION
            BIT     0025H.1   0000H.1   UNIT         ?BI?ELECMOTOR
            BIT     0025H.2   0000H.1   UNIT         ?BI?_HSCH_ADD_TASK?SCHEDULAR
            BIT     0025H.3   0000H.1   UNIT         _BIT_GROUP_
                    0025H.4   0000H.4                *** GAP ***
            DATA    0026H     0028H     UNIT         ?DT?SCHEDULAR
            IDATA   004EH     0001H     UNIT         ?STACK

            * * * * * * *  X D A T A   M E M O R Y  * * * * * * *
            XDATA   0000H     0002H     INPAGE       ?PD?BATTERY
            XDATA   0002H     0003H     INPAGE       ?PD?INITSIGNAL?COMMUNICATION
            XDATA   0005H     0003H     INPAGE       ?PD?INITSIGNAL_F?COMMUNICATION
            XDATA   0008H     0003H     INPAGE       ?PD?_SEND_DATA?COMMUNICATION
            XDATA   000BH     0003H     INPAGE       ?PD?_COMMODE_DATA?COMMUNICATION
BL51 BANKED LINKER/LOCATER V6.22                                                      09/06/2016  14:33:05  PAGE 2


            XDATA   000EH     0003H     INPAGE       ?PD?_COMMODE_DATA_WX?COMMUNICATION
            XDATA   0011H     0002H     INPAGE       ?PD?_UART_SEND_DATA?COMMUNICATION
            XDATA   0013H     0002H     INPAGE       ?PD?_UART_SEND_DATA_F?COMMUNICATION
            XDATA   0015H     0002H     INPAGE       ?PD?_UART_SEND_DATA_F2?COMMUNICATION
            XDATA   0017H     0001H     INPAGE       ?PD?_UART_SEND_DATA_F3?COMMUNICATION
            XDATA   0018H     0004H     INPAGE       ?PD?_SEND_CODE_TO_LOCK?COMMUNICATION
            XDATA   001CH     0004H     INPAGE       ?PD?_SEND_CODE_TO_LOCK_TAILI?COMMUNICATION
            XDATA   0020H     0001H     INPAGE       ?PD?_UART_SEND_DATA_BROADTEST?COMMUNICATION
            XDATA   0021H     0007H     INPAGE       ?PD?COMMUNICATION
            XDATA   0028H     0004H     INPAGE       ?PD?_CUSTOM_DELAY?DELAY
            XDATA   002CH     0002H     INPAGE       ?PD?_MAGNET_DELAY?DELAY
            XDATA   002EH     0002H     INPAGE       ?PD?DELAY
            XDATA   0030H     0008H     INPAGE       ?PD?OPERATION
            XDATA   0038H     0004H     INPAGE       ?PD?_MAGNET_CW?OTHER
            XDATA   003CH     0004H     INPAGE       ?PD?_MAGNET_CW_TAILI?OTHER
            XDATA   0040H     0002H     INPAGE       ?PD?PWM
            XDATA   0042H     0002H     INPAGE       ?PD?_INITTIMER?TIMER
            XDATA   0044H     0004H     INPAGE       ?PD?TIMER
            XDATA   0048H     0003H     INPAGE       ?PD?_SENDNBYTE?UART
            XDATA   004BH     0001H     INPAGE       ?PD?VOICE
            XDATA   004CH     0003H     INPAGE       ?PD?_FLASH_READ_DATA?ISP_DATAFLASH
            XDATA   004FH     0001H     INPAGE       ?PD?ELECMOTOR
            XDATA   0050H     0001H     INPAGE       ?PD?HSCH_DISPATCH_TASKS?SCHEDULAR
            XDATA   0051H     0002H     INPAGE       ?PD?_HSCH_ADD_TASK?SCHEDULAR
            XDATA   0053H     0001H     INPAGE       ?PD?HSCH_UPDATE?SCHEDULAR
            XDATA   0054H     0004H     INPAGE       ?PD?SCHEDULAR
            XDATA   0058H     003BH     INPAGE       ?PD?MAIN
            XDATA   0093H     0008H     INPAGE       _PDATA_GROUP_

            * * * * * * *   C O D E   M E M O R Y   * * * * * * *
            CODE    0000H     0003H     ABSOLUTE     
            CODE    0003H     0008H     INBLOCK      ?PR?MOTO_VIBRATION?OTHER
            CODE    000BH     0003H     ABSOLUTE     
            CODE    000EH     0015H     INBLOCK      ?PR?_FLASH_PAGE_ERASE?ISP_DATAFLASH
            CODE    0023H     0003H     ABSOLUTE     
            CODE    0026H     0250H     INBLOCK      ?PR?TIMER0?MAIN
            CODE    0276H     0220H     INBLOCK      ?PR?_VERIFYBATTERY?BATTERY
            CODE    0496H     0177H     UNIT         ?C?LIB_CODE
            CODE    060DH     011DH     INBLOCK      ?PR?UART_ISR?MAIN
            CODE    072AH     010BH     UNIT         ?C_INITSEG
            CODE    0835H     00C2H     INBLOCK      ?PR?HSCH_UPDATE?SCHEDULAR
            CODE    08F7H     008CH     UNIT         ?C_C51STARTUP
            CODE    0983H     007DH     INBLOCK      ?PR?_HSCH_ADD_TASK?SCHEDULAR
            CODE    0A00H     0078H     INBLOCK      ?PR?_GETADCRESULT?AD
            CODE    0A78H     0075H     INBLOCK      ?PR?_INITTIMER?TIMER
            CODE    0AEDH     0074H     INBLOCK      ?PR?INITSIGNAL?COMMUNICATION
            CODE    0B61H     0073H     INBLOCK      ?PR?_SEND_CODE_TO_LOCK?COMMUNICATION
            CODE    0BD4H     0073H     INBLOCK      ?PR?_SEND_CODE_TO_LOCK_TAILI?COMMUNICATION
            CODE    0C47H     0071H     INBLOCK      ?PR?HSCH_DISPATCH_TASKS?SCHEDULAR
            CODE    0CB8H     006FH     INBLOCK      ?PR?DETECT_VIBRATION?OPERATION
            CODE    0D27H     006DH     INBLOCK      ?PR?DETECT_SELFLEARN_ACTION?OPERATION
            CODE    0D94H     006AH     INBLOCK      ?PR?RECEIVE_BYTE?COMMUNICATION
            CODE    0DFEH     006AH     INBLOCK      ?PR?RECEIVE_BYTE_LOCK?COMMUNICATION
            CODE    0E68H     0062H     INBLOCK      ?PR?_PWM_CHANNEL?PWM
            CODE    0ECAH     0060H     INBLOCK      ?PR?_SEND_DATA?COMMUNICATION
            CODE    0F2AH     005AH     INBLOCK      ?PR?_UART_SEND_DATA?COMMUNICATION
            CODE    0F84H     0059H     INBLOCK      ?PR?DETECT_CLOSE_ACTION?OPERATION
BL51 BANKED LINKER/LOCATER V6.22                                                      09/06/2016  14:33:05  PAGE 3


            CODE    0FDDH     0022H     INBLOCK      ?PR?ENSENSOR_AFTERIDCERT?OPERATION
            CODE    0FFFH     0001H     INBLOCK      ?PR?KEY_ROTATE_ON_SPEECH?VOICE
            CODE    1000H     0056H     INBLOCK      ?PR?ELECMOTOR_CODE?ELECMOTOR
            CODE    1056H     004DH     INBLOCK      ?PR?_UART_SEND_DATA_F2?COMMUNICATION
            CODE    10A3H     004CH     INBLOCK      ?PR?_INITT0?TIMER
            CODE    10EFH     004BH     INBLOCK      ?PR?_UART_SEND_DATA_BROADTEST?COMMUNICATION
            CODE    113AH     004BH     INBLOCK      ?PR?_HSCH_DELETE_TASK?SCHEDULAR
            CODE    1185H     0048H     INBLOCK      ?PR?INITSIGNAL_F?COMMUNICATION
            CODE    11CDH     0047H     INBLOCK      ?PR?_UART_SEND_DATA_F?COMMUNICATION
            CODE    1214H     0047H     INBLOCK      ?PR?DISABLE_SENSOR?OTHER
            CODE    125BH     0043H     INBLOCK      ?PR?SELF_LEARN_PROGRAMMING?ISP_DATAFLASH
            CODE    129EH     0043H     INBLOCK      ?PR?SELF_LEARN_PROGRAMMING_F?ISP_DATAFLASH
            CODE    12E1H     0041H     INBLOCK      ?PR?RECEIVE_WORD?COMMUNICATION
            CODE    1322H     003FH     INBLOCK      ?PR?_CUSTOM_DELAY?DELAY
            CODE    1361H     003EH     INBLOCK      ?PR?_UART_SEND_DATA_F3?COMMUNICATION
            CODE    139FH     003EH     INBLOCK      ?PR?_MAGNET_DELAY?DELAY
            CODE    13DDH     0036H     INBLOCK      ?PR?SLAVE_NEARBY_OPERATION?OPERATION
            CODE    1413H     0036H     INBLOCK      ?PR?_INITUART?UART
            CODE    1449H     0036H     INBLOCK      ?PR?_SC_SPEECH?VOICE
            CODE    147FH     0034H     INBLOCK      ?PR?_COMMODE_DATA_WX?COMMUNICATION
            CODE    14B3H     0034H     INBLOCK      ?PR?DETECT_OPEN_ACTION?OPERATION
            CODE    14E7H     0032H     INBLOCK      ?PR?_COMMODE_DATA?COMMUNICATION
            CODE    1519H     0032H     INBLOCK      ?PR?ACCUMULATOR_VOICE_PROMOT?VOICE
            CODE    154BH     0031H     INBLOCK      ?PR?DETECT_WHEEL_MOVING?OPERATION
            CODE    157CH     0031H     INBLOCK      ?PR?_MAGNET_CW?OTHER
            CODE    15ADH     0031H     INBLOCK      ?PR?_MAGNET_CW_TAILI?OTHER
            CODE    15DEH     002EH     INBLOCK      ?PR?SLAVE_AWAY_OPERATION?OPERATION
            CODE    160CH     002EH     INBLOCK      ?PR?_FLASH_WRITE_DATA?ISP_DATAFLASH
            CODE    163AH     002BH     INBLOCK      ?PR?_SENDNBYTE?UART
            CODE    1665H     0029H     INBLOCK      ?PR?ELECMOTOR_TEST?ELECMOTOR
            CODE    168EH     0027H     INBLOCK      ?PR?MAIN?MAIN
            CODE    16B5H     0026H     INBLOCK      ?PR?SELFLEARN_RESET?OPERATION
            CODE    16DBH     0025H     INBLOCK      ?PR?ELECMOTOR_DELAY_ACW?ELECMOTOR
            CODE    1700H     0021H     INBLOCK      ?PR?ENSENSOR_AFTER_SLAVE_AWAY?OPERATION
            CODE    1721H     0020H     INBLOCK      ?PR?_DELAY_MS?DELAY
            CODE    1741H     001FH     INBLOCK      ?PR?UART_SEND_DATA_MATCH_F?COMMUNICATION
            CODE    1760H     001FH     INBLOCK      ?PR?ELECMOTOR_CW?ELECMOTOR
            CODE    177FH     001FH     INBLOCK      ?PR?ELECMOTOR_DELAY_CW?ELECMOTOR
            CODE    179EH     001EH     INBLOCK      ?PR?ENSENSOR_AFTER_CLOSE?OPERATION
            CODE    17BCH     001EH     INBLOCK      ?PR?RESET_AFTER_STOLEN_ALARMING?OPERATION
            CODE    17DAH     001EH     INBLOCK      ?PR?_FLASH_READ_DATA?ISP_DATAFLASH
            CODE    17F8H     0008H     INBLOCK      ?PR?MYPWM?PWM
            CODE    1800H     001AH     INBLOCK      ?PR?DELAY_1MS?DELAY
            CODE    181AH     001AH     INBLOCK      ?PR?DELAY_5MS?DELAY
            CODE    1834H     001AH     INBLOCK      ?PR?DELAY_10MS?DELAY
            CODE    184EH     001AH     INBLOCK      ?PR?DELAY_12MS?DELAY
            CODE    1868H     001AH     INBLOCK      ?PR?DELAY_50MS?DELAY
            CODE    1882H     001AH     INBLOCK      ?PR?DELAY_100MS?DELAY
            CODE    189CH     001AH     INBLOCK      ?PR?DELAY_500MS?DELAY
            CODE    18B6H     001AH     INBLOCK      ?PR?TRIGGER_ISP?ISP_DATAFLASH
            CODE    18D0H     0019H     INBLOCK      ?PR?_DELAY_US?DELAY
            CODE    18E9H     0019H     INBLOCK      ?PR?INITVOICE?VOICE
            CODE    1902H     0018H     INBLOCK      ?PR?INIT_PWM?PWM
            CODE    191AH     0017H     INBLOCK      ?PR?UART_SEND_DATA_MATCH?COMMUNICATION
            CODE    1931H     0017H     INBLOCK      ?PR?_DELAY?DELAY
            CODE    1948H     0016H     INBLOCK      ?PR?FELL_ALARM_TO_SLAVE?OPERATION
            CODE    195EH     0016H     INBLOCK      ?PR?RAISE_ALARM_TO_SLAVE?OPERATION
BL51 BANKED LINKER/LOCATER V6.22                                                      09/06/2016  14:33:05  PAGE 4


            CODE    1974H     0016H     INBLOCK      ?PR?BATSTOLEN_ALARM_TO_SLAVE?OPERATION
            CODE    198AH     0014H     INBLOCK      ?PR?DISABLE_ISP?ISP_DATAFLASH
            CODE    199EH     0013H     INBLOCK      ?PR?HOST_TOUCH_SPEECH?VOICE
            CODE    19B1H     0013H     INBLOCK      ?PR?STOLEN_ALARM_SPEECH2?VOICE
            CODE    19C4H     0013H     INBLOCK      ?PR?ENABLE_ISP?ISP_DATAFLASH
            CODE    19D7H     0012H     INBLOCK      ?PR?ELECMOTOR_ACW?ELECMOTOR
            CODE    19E9H     0011H     INBLOCK      ?PR?SELF_LEARN_SPEECH?VOICE
            CODE    19FAH     0010H     INBLOCK      ?PR?RESET_AFTER_WIREBROKEN?OPERATION
            CODE    1A0AH     000FH     INBLOCK      ?PR?HSCH_MANUAL_TIMER0_RELOAD?TIMER
            CODE    1A19H     000FH     INBLOCK      ?PR?MOTORBAT_LOW_SPEECH?VOICE
            CODE    1A28H     000FH     INBLOCK      ?PR?BATTERY_HINT?VOICE
            CODE    1A37H     000FH     INBLOCK      ?PR?ID_SPEECH?VOICE
            CODE    1A46H     000FH     INBLOCK      ?PR?HOST_2NDTOUCH_SPEECH?VOICE
            CODE    1A55H     000FH     INBLOCK      ?PR?STOLEN_ALARM_SPEECH1?VOICE
            CODE    1A64H     000FH     INBLOCK      ?PR?OPEN_LOCK_SPEECH?VOICE
            CODE    1A73H     000FH     INBLOCK      ?PR?CLOSE_LOCK_SPEECH?VOICE
            CODE    1A82H     000FH     INBLOCK      ?PR?BATTERY_STOLEN_SPEECH?VOICE
            CODE    1A91H     000FH     INBLOCK      ?PR?CUTTING_WIRE_VOICE?VOICE
            CODE    1AA0H     000FH     INBLOCK      ?PR?PRODUCT_TEST_VOICE?VOICE
            CODE    1AAFH     000FH     INBLOCK      ?PR?BATTERY_LOW_ALARM_SPEECH?VOICE
            CODE    1ABEH     000FH     INBLOCK      ?PR?BATTERY_HIGH_ALARM_SPEECH?VOICE
            CODE    1ACDH     000FH     INBLOCK      ?PR?ALARM_STOLEN_SPEECH?VOICE
            CODE    1ADCH     000FH     INBLOCK      ?PR?ALARM_RAISED_SPEECH?VOICE
            CODE    1AEBH     000FH     INBLOCK      ?PR?ALARM_FELL_SPEECH?VOICE
            CODE    1AFAH     000FH     INBLOCK      ?PR?HOST_BATTERY_HIGH_ALARM_SPEECH?VOICE
            CODE    1B09H     000FH     INBLOCK      ?PR?BATTERY_STOLEN_SPEECH_F3?VOICE
            CODE    1B18H     000FH     INBLOCK      ?PR?WIRE_BROKEN_SPEECH?VOICE
            CODE    1B27H     000FH     INBLOCK      ?PR?LOCK_ROTATED_ON_SPEECH?VOICE
            CODE    1B36H     000FH     INBLOCK      ?PR?LOCK_ROTATED_OFF_SPEECH?VOICE
            CODE    1B45H     000EH     INBLOCK      ?PR?_MAGNET_ACW?OTHER
            CODE    1B53H     000EH     INBLOCK      ?PR?_MAGNET_ACW_TAILI?OTHER
            CODE    1B61H     000DH     INBLOCK      ?PR?CHECK_MOTOR_ACCUMULATOR?BATTERY
            CODE    1B6EH     000CH     INBLOCK      ?PR?OPEN_TRANCEIVER_F?COMMUNICATION
            CODE    1B7AH     000CH     INBLOCK      ?PR?HOST_STOLEN_ACTION?OPERATION
            CODE    1B86H     000CH     INBLOCK      ?PR?ENABLE_SENSOR?OTHER
            CODE    1B92H     000BH     INBLOCK      ?PR?INITSENSOR?OPERATION
            CODE    1B9DH     0009H     INBLOCK      ?PR?CLOSE_TRANCEIVER_F?COMMUNICATION
            CODE    1BA6H     0009H     INBLOCK      ?PR?DISABLE_SENSOR_AFTER_IDCERT?OPERATION
            CODE    1BAFH     0009H     INBLOCK      ?PR?ENTER_NOGUARD_VOICE?VOICE
            CODE    1BB8H     0008H     INBLOCK      ?PR?_SENDDATA?UART
            CODE    1BC0H     0007H     INBLOCK      ?PR?INITTRANSCEIVER?COMMUNICATION
            CODE    1BC7H     0005H     INBLOCK      ?PR?OPEN_TRANCEIVER?COMMUNICATION
            CODE    1BCCH     0004H     INBLOCK      ?PR?SEOS_GO_TO_SLEEP?TIMER
            CODE    1BD0H     0004H     INBLOCK      ?PR?HSCH_GO_TO_SLEEP?SCHEDULAR
            CODE    1BD4H     0003H     INBLOCK      ?PR?CLOSE_TRANCEIVER?COMMUNICATION
            CODE    1BD7H     0003H     INBLOCK      ?PR?HSCH_START?TIMER
            CODE    1BDAH     0003H     INBLOCK      ?PR?IDCERTED_SPEECH?VOICE
            CODE    1BDDH     0003H     INBLOCK      ?PR?INITELECMOTOR?ELECMOTOR
            CODE    1BE0H     0001H     INBLOCK      ?PR?HSCH_REPORT_STATUS?SCHEDULAR
                    1BE1H     141FH                  *** GAP ***
            CODE    3000H     0001H     ABSOLUTE     
            CODE    3001H     0001H     ABSOLUTE     
            CODE    3002H     0001H     ABSOLUTE     
            CODE    3003H     0001H     ABSOLUTE     
            CODE    3004H     0001H     ABSOLUTE     
            CODE    3005H     0001H     ABSOLUTE     

BL51 BANKED LINKER/LOCATER V6.22                                                      09/06/2016  14:33:05  PAGE 5




OVERLAY MAP OF MODULE:   DDC-Z (AD)


SEGMENT                                             BIT_GROUP          PDATA_GROUP
  +--> CALLED SEGMENT                            START    LENGTH     START    LENGTH
------------------------------------------------------------------------------------
?PR?TIMER0?MAIN                                  -----    -----      -----    -----
  +--> ?PR?ID_SPEECH?VOICE
  +--> ?PR?CHECK_MOTOR_ACCUMULATOR?BATTERY
  +--> ?PR?ACCUMULATOR_VOICE_PROMOT?VOICE
  +--> ?PR?ENSENSOR_AFTERIDCERT?OPERATION
  +--> ?PR?ENSENSOR_AFTER_CLOSE?OPERATION
  +--> ?PR?HOST_STOLEN_ACTION?OPERATION
  +--> ?PR?DISABLE_SENSOR_AFTER_IDCERT?OPERA...
  +--> ?PR?RESET_AFTER_WIREBROKEN?OPERATION
  +--> ?PR?RESET_AFTER_STOLEN_ALARMING?OPERA...
  +--> ?PR?SELFLEARN_RESET?OPERATION
  +--> ?PR?ENTER_NOGUARD_VOICE?VOICE
  +--> ?PR?DETECT_SELFLEARN_ACTION?OPERATION
  +--> ?PR?DETECT_VIBRATION?OPERATION
  +--> ?PR?DETECT_WHEEL_MOVING?OPERATION
  +--> ?PR?DETECT_OPEN_ACTION?OPERATION
  +--> ?PR?DETECT_CLOSE_ACTION?OPERATION
  +--> ?PR?BATTERY_HINT?VOICE
  +--> ?PR?DELAY_500MS?DELAY
  +--> ?PR?HOST_TOUCH_SPEECH?VOICE

?PR?ID_SPEECH?VOICE                              -----    -----      -----    -----
  +--> ?PR?_SC_SPEECH?VOICE
  +--> ?PR?_DELAY?DELAY

?PR?_SC_SPEECH?VOICE                             -----    -----      0099H    0002H
  +--> ?PR?DELAY_50MS?DELAY
  +--> ?PR?_DELAY_US?DELAY

?PR?CHECK_MOTOR_ACCUMULATOR?BATTERY              -----    -----      -----    -----
  +--> ?PR?_GETADCRESULT?AD

?PR?ACCUMULATOR_VOICE_PROMOT?VOICE               -----    -----      -----    -----
  +--> ?PR?_VERIFYBATTERY?BATTERY

?PR?_VERIFYBATTERY?BATTERY                       -----    -----      0093H    0002H
  +--> ?PR?_SC_SPEECH?VOICE
  +--> ?PR?_DELAY?DELAY
  +--> ?PR?DELAY_50MS?DELAY

?PR?ENSENSOR_AFTERIDCERT?OPERATION               -----    -----      -----    -----
  +--> ?PR?ENABLE_SENSOR?OTHER

?PR?ENSENSOR_AFTER_CLOSE?OPERATION               -----    -----      -----    -----
  +--> ?PR?ENABLE_SENSOR?OTHER

?PR?HOST_STOLEN_ACTION?OPERATION                 -----    -----      -----    -----
  +--> ?PR?STOLEN_ALARM_SPEECH1?VOICE
  +--> ?PR?STOLEN_ALARM_SPEECH2?VOICE
BL51 BANKED LINKER/LOCATER V6.22                                                      09/06/2016  14:33:05  PAGE 6



?PR?STOLEN_ALARM_SPEECH1?VOICE                   -----    -----      -----    -----
  +--> ?PR?_SC_SPEECH?VOICE
  +--> ?PR?_DELAY?DELAY

?PR?STOLEN_ALARM_SPEECH2?VOICE                   -----    -----      -----    -----
  +--> ?PR?_SC_SPEECH?VOICE
  +--> ?PR?_DELAY?DELAY

?PR?DISABLE_SENSOR_AFTER_IDCERT?OPERA...         -----    -----      -----    -----
  +--> ?PR?DISABLE_SENSOR?OTHER

?PR?RESET_AFTER_STOLEN_ALARMING?OPERA...         -----    -----      -----    -----
  +--> ?PR?CLOSE_TRANCEIVER?COMMUNICATION

?PR?ENTER_NOGUARD_VOICE?VOICE                    -----    -----      -----    -----
  +--> ?PR?SELF_LEARN_SPEECH?VOICE

?PR?SELF_LEARN_SPEECH?VOICE                      -----    -----      -----    -----
  +--> ?PR?_SC_SPEECH?VOICE
  +--> ?PR?_DELAY?DELAY

?PR?DETECT_SELFLEARN_ACTION?OPERATION            -----    -----      -----    -----
  +--> ?PR?SELF_LEARN_SPEECH?VOICE
  +--> ?PR?SELF_LEARN_PROGRAMMING?ISP_DATAFLASH

?PR?SELF_LEARN_PROGRAMMING?ISP_DATAFLASH         -----    -----      -----    -----
  +--> ?PR?_FLASH_PAGE_ERASE?ISP_DATAFLASH
  +--> ?PR?_FLASH_WRITE_DATA?ISP_DATAFLASH

?PR?_FLASH_PAGE_ERASE?ISP_DATAFLASH              -----    -----      0093H    0002H
  +--> ?PR?ENABLE_ISP?ISP_DATAFLASH
  +--> ?PR?TRIGGER_ISP?ISP_DATAFLASH
  +--> ?PR?DISABLE_ISP?ISP_DATAFLASH

?PR?ENABLE_ISP?ISP_DATAFLASH                     -----    -----      -----    -----
  +--> ?PR?TRIGGER_ISP?ISP_DATAFLASH

?PR?DISABLE_ISP?ISP_DATAFLASH                    -----    -----      -----    -----
  +--> ?PR?TRIGGER_ISP?ISP_DATAFLASH

?PR?_FLASH_WRITE_DATA?ISP_DATAFLASH              -----    -----      0093H    0003H
  +--> ?PR?ENABLE_ISP?ISP_DATAFLASH
  +--> ?PR?TRIGGER_ISP?ISP_DATAFLASH
  +--> ?PR?DISABLE_ISP?ISP_DATAFLASH

?PR?DETECT_OPEN_ACTION?OPERATION                 -----    -----      -----    -----
  +--> ?PR?DISABLE_SENSOR?OTHER
  +--> ?PR?ELECMOTOR_CW?ELECMOTOR
  +--> ?PR?SLAVE_NEARBY_OPERATION?OPERATION

?PR?ELECMOTOR_CW?ELECMOTOR                       -----    -----      -----    -----
  +--> ?PR?ELECMOTOR_CODE?ELECMOTOR
  +--> ?PR?ELECMOTOR_DELAY_CW?ELECMOTOR

?PR?ELECMOTOR_CODE?ELECMOTOR                     -----    -----      0093H    0002H
  +--> ?PR?DELAY_12MS?DELAY
BL51 BANKED LINKER/LOCATER V6.22                                                      09/06/2016  14:33:05  PAGE 7


  +--> ?PR?DELAY_5MS?DELAY

?PR?ELECMOTOR_DELAY_CW?ELECMOTOR                 -----    -----      -----    -----
  +--> ?PR?DELAY_500MS?DELAY

?PR?SLAVE_NEARBY_OPERATION?OPERATION             -----    -----      -----    -----
  +--> ?PR?DELAY_500MS?DELAY
  +--> ?PR?OPEN_LOCK_SPEECH?VOICE
  +--> ?PR?_VERIFYBATTERY?BATTERY
  +--> ?PR?KEY_ROTATE_ON_SPEECH?VOICE

?PR?OPEN_LOCK_SPEECH?VOICE                       -----    -----      -----    -----
  +--> ?PR?_SC_SPEECH?VOICE
  +--> ?PR?_DELAY?DELAY

?PR?DETECT_CLOSE_ACTION?OPERATION                -----    -----      -----    -----
  +--> ?PR?ELECMOTOR_ACW?ELECMOTOR
  +--> ?PR?SLAVE_AWAY_OPERATION?OPERATION

?PR?ELECMOTOR_ACW?ELECMOTOR                      -----    -----      -----    -----
  +--> ?PR?ELECMOTOR_DELAY_ACW?ELECMOTOR

?PR?ELECMOTOR_DELAY_ACW?ELECMOTOR                -----    -----      -----    -----
  +--> ?PR?DELAY_500MS?DELAY

?PR?SLAVE_AWAY_OPERATION?OPERATION               -----    -----      -----    -----
  +--> ?PR?CLOSE_LOCK_SPEECH?VOICE
  +--> ?PR?_VERIFYBATTERY?BATTERY
  +--> ?PR?_DELAY?DELAY

?PR?CLOSE_LOCK_SPEECH?VOICE                      -----    -----      -----    -----
  +--> ?PR?_SC_SPEECH?VOICE
  +--> ?PR?_DELAY?DELAY

?PR?BATTERY_HINT?VOICE                           -----    -----      -----    -----
  +--> ?PR?_SC_SPEECH?VOICE
  +--> ?PR?_DELAY?DELAY

?PR?HOST_TOUCH_SPEECH?VOICE                      -----    -----      -----    -----
  +--> ?PR?_SC_SPEECH?VOICE
  +--> ?PR?_DELAY?DELAY

*** NEW ROOT ***************************************************

?PR?UART_ISR?MAIN                                -----    -----      -----    -----
  +--> ?PR?IDCERTED_SPEECH?VOICE

?PR?IDCERTED_SPEECH?VOICE                        -----    -----      -----    -----
  +--> ?PR?ID_SPEECH?VOICE

*** NEW ROOT ***************************************************

?C_C51STARTUP                                    -----    -----      -----    -----
  +--> ?PR?MAIN?MAIN
  +--> ?C_INITSEG

?PR?MAIN?MAIN                                    -----    -----      -----    -----
BL51 BANKED LINKER/LOCATER V6.22                                                      09/06/2016  14:33:05  PAGE 8


  +--> ?PR?INITVOICE?VOICE
  +--> ?PR?ID_SPEECH?VOICE
  +--> ?PR?_INITUART?UART
  +--> ?PR?INITSENSOR?OPERATION
  +--> ?PR?INITTRANSCEIVER?COMMUNICATION

?PR?INITVOICE?VOICE                              -----    -----      -----    -----
  +--> ?PR?_DELAY_US?DELAY

?PR?_INITUART?UART                               -----    -----      -----    -----
  +--> ?PR?_INITT0?TIMER

?PR?_INITT0?TIMER                                -----    -----      0099H    0002H
  +--> ?PR?_HSCH_DELETE_TASK?SCHEDULAR
  +--> ?PR?HSCH_MANUAL_TIMER0_RELOAD?TIMER

?PR?_HSCH_DELETE_TASK?SCHEDULAR                  0025H.3  0000H.1    -----    -----



SYMBOL TABLE OF MODULE:  DDC-Z (AD)

  VALUE           TYPE          NAME
  ----------------------------------

  -------         MODULE        AD
  C:0000H         SYMBOL        _ICE_DUMMY_
  D:0080H         PUBLIC        P0
  D:0090H         PUBLIC        P1
  D:00A0H         PUBLIC        P2
  D:00B0H         PUBLIC        P3
  D:00A8H         PUBLIC        IE
  D:00E2H         PUBLIC        ADCH
  B:00F8H.4       PUBLIC        ADCI
  D:00B8H         PUBLIC        IP
  B:00F8H.3       PUBLIC        ADCS
  D:00F6H         PUBLIC        P0DIDS
  D:00D8H         PUBLIC        WDCON0
  D:0098H         PUBLIC        SCON
  D:0088H         PUBLIC        TCON
  B:00F8H.0       PUBLIC        AADR0
  B:00F8H.1       PUBLIC        AADR1
  B:00F8H.2       PUBLIC        AADR2
  D:00E8H         PUBLIC        EIE
  D:00F8H         PUBLIC        ADCCON0
  D:00E1H         PUBLIC        ADCCON1
  D:00C0H         PUBLIC        I2CON
  D:00C8H         PUBLIC        T2CON
  C:0A00H         PUBLIC        _GetADCResult
  D:00D0H         PUBLIC        PSW
  -------         PROC          _GETADCRESULT
  D:0007H         SYMBOL        ch
  -------         DO            
  D:0005H         SYMBOL        DataL
  D:0002H         SYMBOL        DataH
  -------         ENDDO         
  C:0A00H         LINE#         17
BL51 BANKED LINKER/LOCATER V6.22                                                      09/06/2016  14:33:05  PAGE 9


  C:0A00H         LINE#         18
  C:0A00H         LINE#         19
  C:0A01H         LINE#         20
  C:0A02H         LINE#         22
  C:0A07H         LINE#         23
  C:0A07H         LINE#         25
  C:0A0AH         LINE#         27
  C:0A0CH         LINE#         28
  C:0A0EH         LINE#         29
  C:0A10H         LINE#         31
  C:0A13H         LINE#         33
  C:0A15H         LINE#         34
  C:0A17H         LINE#         36
  C:0A19H         LINE#         37
  C:0A20H         LINE#         39
  C:0A24H         LINE#         40
  C:0A36H         LINE#         42
  C:0A3AH         LINE#         43
  C:0A3AH         LINE#         45
  C:0A3FH         LINE#         46
  C:0A3FH         LINE#         48
  C:0A42H         LINE#         51
  C:0A44H         LINE#         52
  C:0A46H         LINE#         53
  C:0A48H         LINE#         55
  C:0A4BH         LINE#         57
  C:0A4DH         LINE#         58
  C:0A4FH         LINE#         60
  C:0A51H         LINE#         61
  C:0A58H         LINE#         63
  C:0A5EH         LINE#         64
  C:0A70H         LINE#         66
  C:0A74H         LINE#         67
  C:0A74H         LINE#         69
  C:0A77H         LINE#         70
  -------         ENDPROC       _GETADCRESULT
  -------         ENDMOD        AD

  -------         MODULE        BATTERY
  C:0000H         SYMBOL        _ICE_DUMMY_
  C:1B61H         PUBLIC        Check_motor_accumulator
  D:0080H         PUBLIC        P0
  D:0090H         PUBLIC        P1
  D:00A0H         PUBLIC        P2
  D:00B0H         PUBLIC        P3
  X:0000H         PUBLIC        Check2_stage
  B:0090H.4       PUBLIC        voice_EN
  D:00A8H         PUBLIC        IE
  D:00B8H         PUBLIC        IP
  C:0276H         PUBLIC        _verifybattery
  D:00D8H         PUBLIC        WDCON0
  D:0098H         PUBLIC        SCON
  D:0088H         PUBLIC        TCON
  D:00E8H         PUBLIC        EIE
  D:00F8H         PUBLIC        ADCCON0
  X:0001H         PUBLIC        Battery_level
  D:00C0H         PUBLIC        I2CON
BL51 BANKED LINKER/LOCATER V6.22                                                      09/06/2016  14:33:05  PAGE 10


  D:00C8H         PUBLIC        T2CON
  B:00A0H.0       PUBLIC        SC_RST
  D:00D0H         PUBLIC        PSW
  -------         PROC          CHECK_MOTOR_ACCUMULATOR
  C:1B61H         LINE#         22
  C:1B61H         LINE#         23
  C:1B61H         LINE#         25
  C:1B6DH         LINE#         26
  -------         ENDPROC       CHECK_MOTOR_ACCUMULATOR
  -------         PROC          _VERIFYBATTERY
  X:0093H         SYMBOL        Check2
  C:0276H         LINE#         32
  C:027DH         LINE#         33
  C:027DH         LINE#         36
  C:027FH         LINE#         37
  C:0284H         LINE#         38
  C:0289H         LINE#         40
  C:0295H         LINE#         41
  C:0295H         LINE#         42
  C:0295H         LINE#         43
  C:0295H         LINE#         44
  C:0297H         LINE#         45
  C:02AEH         LINE#         46
  C:02AEH         LINE#         47
  C:02B0H         LINE#         48
  C:02B0H         LINE#         49
  C:02B2H         LINE#         50
  C:02C9H         LINE#         51
  C:02C9H         LINE#         52
  C:02CBH         LINE#         53
  C:02CBH         LINE#         54
  C:02CDH         LINE#         55
  C:02E4H         LINE#         56
  C:02E4H         LINE#         57
  C:02E9H         LINE#         58
  C:02EEH         LINE#         59
  C:02F0H         LINE#         60
  C:02F0H         LINE#         61
  C:02F2H         LINE#         62
  C:0309H         LINE#         63
  C:0309H         LINE#         64
  C:030EH         LINE#         65
  C:0313H         LINE#         66
  C:0318H         LINE#         67
  C:031DH         LINE#         68
  C:031FH         LINE#         69
  C:031FH         LINE#         70
  C:0321H         LINE#         71
  C:0338H         LINE#         72
  C:0338H         LINE#         73
  C:033DH         LINE#         74
  C:0342H         LINE#         75
  C:0347H         LINE#         76
  C:034CH         LINE#         77
  C:034EH         LINE#         78
  C:034EH         LINE#         79
  C:0350H         LINE#         80
BL51 BANKED LINKER/LOCATER V6.22                                                      09/06/2016  14:33:05  PAGE 11


  C:0367H         LINE#         81
  C:0367H         LINE#         82
  C:036CH         LINE#         83
  C:0371H         LINE#         84
  C:0376H         LINE#         85
  C:037BH         LINE#         86
  C:037DH         LINE#         87
  C:037DH         LINE#         88
  C:037FH         LINE#         89
  C:0396H         LINE#         90
  C:0396H         LINE#         91
  C:039BH         LINE#         92
  C:03A0H         LINE#         93
  C:03A2H         LINE#         94
  C:03A2H         LINE#         95
  C:03A4H         LINE#         96
  C:03BBH         LINE#         97
  C:03BBH         LINE#         98
  C:03C0H         LINE#         99
  C:03C5H         LINE#         100
  C:03CAH         LINE#         101
  C:03CFH         LINE#         102
  C:03D1H         LINE#         103
  C:03D1H         LINE#         104
  C:03D3H         LINE#         105
  C:03EAH         LINE#         106
  C:03EAH         LINE#         107
  C:03EFH         LINE#         108
  C:03F4H         LINE#         109
  C:03F9H         LINE#         110
  C:03FEH         LINE#         111
  C:0400H         LINE#         112
  C:0400H         LINE#         113
  C:0402H         LINE#         114
  C:0419H         LINE#         115
  C:0419H         LINE#         116
  C:041EH         LINE#         117
  C:0423H         LINE#         118
  C:0428H         LINE#         119
  C:042DH         LINE#         120
  C:042FH         LINE#         121
  C:042FH         LINE#         122
  C:0431H         LINE#         123
  C:0448H         LINE#         124
  C:0448H         LINE#         125
  C:044DH         LINE#         126
  C:0452H         LINE#         127
  C:0457H         LINE#         128
  C:045CH         LINE#         129
  C:045EH         LINE#         130
  C:045EH         LINE#         131
  C:0460H         LINE#         132
  C:046CH         LINE#         133
  C:046CH         LINE#         134
  C:0471H         LINE#         135
  C:0476H         LINE#         136
  C:047BH         LINE#         137
BL51 BANKED LINKER/LOCATER V6.22                                                      09/06/2016  14:33:05  PAGE 12


  C:0480H         LINE#         138
  C:0480H         LINE#         140
  C:0485H         LINE#         141
  C:048AH         LINE#         142
  C:048CH         LINE#         143
  C:048EH         LINE#         144
  C:0491H         LINE#         145
  C:0493H         LINE#         146
  -------         ENDPROC       _VERIFYBATTERY
  -------         ENDMOD        BATTERY

  -------         MODULE        COMMUNICATION
  C:0000H         SYMBOL        _ICE_DUMMY_
  C:0D94H         PUBLIC        receive_byte
  D:0080H         PUBLIC        P0
  D:0090H         PUBLIC        P1
  B:00B0H.0       PUBLIC        receive_wire
  D:00A0H         PUBLIC        P2
  D:00B0H         PUBLIC        P3
  C:14E7H         PUBLIC        _ComMode_Data
  C:0F2AH         PUBLIC        _UART_Send_Data
  C:12E1H         PUBLIC        receive_word
  D:00A8H         PUBLIC        IE
  C:147FH         PUBLIC        _ComMode_Data_WX
  C:10EFH         PUBLIC        _UART_Send_Data_Broadtest
  D:00B8H         PUBLIC        IP
  C:1741H         PUBLIC        UART_Send_Data_match_F
  C:1BC0H         PUBLIC        InitTransceiver
  B:0080H.1       PUBLIC        lock_code
  C:11CDH         PUBLIC        _UART_Send_Data_F
  D:00D8H         PUBLIC        WDCON0
  B:0090H.0       PUBLIC        P10
  B:0090H.1       PUBLIC        P11
  C:1BD4H         PUBLIC        close_tranceiver
  D:0098H         PUBLIC        SCON
  D:0088H         PUBLIC        TCON
  C:0B19H         PUBLIC        initsignal
  B:00A0H.7       PUBLIC        transmiter_EN
  B:0090H.3       PUBLIC        receiver_EN
  C:1BC7H         PUBLIC        open_tranceiver
  C:0BD4H         PUBLIC        _send_code_to_lock_Taili
  D:00E8H         PUBLIC        EIE
  B:00A0H.3       PUBLIC        MagentControl_2
  C:1B9DH         PUBLIC        close_tranceiver_F
  D:00F8H         PUBLIC        ADCCON0
  D:00C0H         PUBLIC        I2CON
  C:1056H         PUBLIC        _UART_Send_Data_F2
  C:1185H         PUBLIC        initsignal_F
  C:1361H         PUBLIC        _UART_Send_Data_F3
  D:00C8H         PUBLIC        T2CON
  C:0ECAH         PUBLIC        _Send_Data
  C:0DFEH         PUBLIC        receive_byte_Lock
  B:0090H.0       PUBLIC        TXD
  C:1B6EH         PUBLIC        open_tranceiver_F
  C:191AH         PUBLIC        UART_Send_Data_match
  C:0B61H         PUBLIC        _send_code_to_lock
  D:00D0H         PUBLIC        PSW
BL51 BANKED LINKER/LOCATER V6.22                                                      09/06/2016  14:33:05  PAGE 13


  X:0021H         PUBLIC        myTxRxData
  -------         PROC          INITTRANSCEIVER
  C:1BC0H         LINE#         38
  C:1BC0H         LINE#         39
  C:1BC0H         LINE#         40
  C:1BC2H         LINE#         41
  C:1BC4H         LINE#         42
  C:1BC6H         LINE#         44
  -------         ENDPROC       INITTRANSCEIVER
  -------         PROC          L?0102
  -------         ENDPROC       L?0102
  -------         PROC          INITSIGNAL
  -------         DO            
  X:0002H         SYMBOL        k
  X:0003H         SYMBOL        k1
  X:0004H         SYMBOL        mystartbuffer
  -------         ENDDO         
  C:0B19H         LINE#         53
  C:0B19H         LINE#         54
  C:0B19H         LINE#         56
  C:0B1EH         LINE#         57
  C:0B21H         LINE#         58
  C:0B21H         LINE#         59
  C:0B25H         LINE#         60
  C:0B25H         LINE#         61
  C:0B28H         LINE#         62
  C:0B28H         LINE#         63
  C:0B28H         LINE#         64
  C:0B28H         LINE#         66
  C:0B28H         LINE#         68
  C:0B28H         LINE#         69
  C:0B2AH         LINE#         70
  C:0B33H         LINE#         72
  C:0B33H         LINE#         73
  C:0B35H         LINE#         74
  C:0B3BH         LINE#         75
  C:0B44H         LINE#         77
  C:0B4FH         LINE#         78
  C:0B54H         LINE#         81
  C:0B5EH         LINE#         82
  C:0B60H         LINE#         83
  -------         ENDPROC       INITSIGNAL
  -------         PROC          INITSIGNAL_F
  -------         DO            
  X:0005H         SYMBOL        k
  X:0006H         SYMBOL        k1
  X:0007H         SYMBOL        mystartbuffer
  -------         ENDDO         
  C:1185H         LINE#         85
  C:1185H         LINE#         86
  C:1185H         LINE#         88
  C:118AH         LINE#         89
  C:118DH         LINE#         90
  C:118DH         LINE#         92
  C:1191H         LINE#         97
  C:1191H         LINE#         98
  C:1194H         LINE#         99
BL51 BANKED LINKER/LOCATER V6.22                                                      09/06/2016  14:33:05  PAGE 14


  C:1194H         LINE#         100
  C:1194H         LINE#         101
  C:1194H         LINE#         103
  C:1194H         LINE#         105
  C:1194H         LINE#         106
  C:1196H         LINE#         107
  C:119FH         LINE#         109
  C:119FH         LINE#         110
  C:11A1H         LINE#         111
  C:11A7H         LINE#         112
  C:11B0H         LINE#         114
  C:11BBH         LINE#         115
  C:11C0H         LINE#         118
  C:11CAH         LINE#         119
  C:11CCH         LINE#         120
  -------         ENDPROC       INITSIGNAL_F
  -------         PROC          _SEND_DATA
  X:0008H         SYMBOL        x
  -------         DO            
  X:0009H         SYMBOL        i
  X:000AH         SYMBOL        n
  -------         ENDDO         
  C:0ECAH         LINE#         126
  C:0ECEH         LINE#         127
  C:0ECEH         LINE#         129
  C:0ED1H         LINE#         130
  C:0ED1H         LINE#         131
  C:0ED5H         LINE#         132
  C:0ED5H         LINE#         133
  C:0EDFH         LINE#         134
  C:0EDFH         LINE#         135
  C:0EE1H         LINE#         136
  C:0EE9H         LINE#         137
  C:0EEBH         LINE#         139
  C:0EEBH         LINE#         140
  C:0EEDH         LINE#         141
  C:0EF8H         LINE#         142
  C:0EF8H         LINE#         143
  C:0EFAH         LINE#         144
  C:0F08H         LINE#         145
  C:0F13H         LINE#         146
  C:0F1EH         LINE#         147
  C:0F29H         LINE#         148
  -------         ENDPROC       _SEND_DATA
  -------         PROC          _COMMODE_DATA
  X:000BH         SYMBOL        ComMode
  X:000CH         SYMBOL        x
  C:14E7H         LINE#         156
  C:14F1H         LINE#         157
  C:14F1H         LINE#         158
  C:14F3H         LINE#         159
  C:14F8H         LINE#         160
  C:14FAH         LINE#         161
  C:14FFH         LINE#         162
  C:1503H         LINE#         163
  C:1509H         LINE#         165
  C:150CH         LINE#         166
BL51 BANKED LINKER/LOCATER V6.22                                                      09/06/2016  14:33:05  PAGE 15


  C:1514H         LINE#         168
  C:1516H         LINE#         169
  C:1518H         LINE#         170
  -------         ENDPROC       _COMMODE_DATA
  -------         PROC          _COMMODE_DATA_WX
  X:000EH         SYMBOL        ComMode
  X:000FH         SYMBOL        x
  C:147FH         LINE#         178
  C:1489H         LINE#         179
  C:1489H         LINE#         180
  C:148BH         LINE#         181
  C:1490H         LINE#         182
  C:1492H         LINE#         183
  C:1497H         LINE#         184
  C:149BH         LINE#         185
  C:14A1H         LINE#         187
  C:14A4H         LINE#         188
  C:14ACH         LINE#         190
  C:14AEH         LINE#         191
  C:14B0H         LINE#         192
  C:14B2H         LINE#         193
  -------         ENDPROC       _COMMODE_DATA_WX
  -------         PROC          _UART_SEND_DATA
  X:0011H         SYMBOL        command
  -------         DO            
  X:0012H         SYMBOL        ii
  -------         ENDDO         
  C:0F2AH         LINE#         198
  C:0F2EH         LINE#         199
  C:0F2EH         LINE#         200
  C:0F31H         LINE#         201
  C:0F34H         LINE#         202
  C:0F3CH         LINE#         203
  C:0F43H         LINE#         204
  C:0F4AH         LINE#         205
  C:0F51H         LINE#         206
  C:0F58H         LINE#         207
  C:0F5EH         LINE#         209
  C:0F61H         LINE#         211
  C:0F65H         LINE#         212
  C:0F65H         LINE#         213
  C:0F70H         LINE#         214
  C:0F73H         LINE#         215
  C:0F7EH         LINE#         217
  C:0F81H         LINE#         218
  -------         ENDPROC       _UART_SEND_DATA
  -------         PROC          _UART_SEND_DATA_F
  X:0013H         SYMBOL        command
  -------         DO            
  X:0014H         SYMBOL        ii
  -------         ENDDO         
  C:11CDH         LINE#         224
  C:11D1H         LINE#         225
  C:11D1H         LINE#         226
  C:11D4H         LINE#         227
  C:11D7H         LINE#         229
  C:11DFH         LINE#         230
BL51 BANKED LINKER/LOCATER V6.22                                                      09/06/2016  14:33:05  PAGE 16


  C:11E6H         LINE#         231
  C:11EDH         LINE#         232
  C:11F4H         LINE#         233
  C:11FBH         LINE#         234
  C:1201H         LINE#         236
  C:1204H         LINE#         238
  C:120FH         LINE#         240
  C:1211H         LINE#         241
  -------         ENDPROC       _UART_SEND_DATA_F
  -------         PROC          _UART_SEND_DATA_F2
  X:0015H         SYMBOL        command
  -------         DO            
  X:0016H         SYMBOL        ii
  -------         ENDDO         
  C:1056H         LINE#         248
  C:105AH         LINE#         249
  C:105AH         LINE#         250
  C:105DH         LINE#         251
  C:1060H         LINE#         252
  C:1068H         LINE#         253
  C:106FH         LINE#         254
  C:1076H         LINE#         255
  C:107DH         LINE#         256
  C:1084H         LINE#         257
  C:108AH         LINE#         259
  C:108DH         LINE#         260
  C:1090H         LINE#         261
  C:1093H         LINE#         262
  C:109EH         LINE#         264
  C:10A0H         LINE#         266
  -------         ENDPROC       _UART_SEND_DATA_F2
  -------         PROC          _UART_SEND_DATA_F3
  D:0007H         SYMBOL        command
  -------         DO            
  X:0017H         SYMBOL        ii
  -------         ENDDO         
  C:1361H         LINE#         272
  C:1361H         LINE#         273
  C:1361H         LINE#         274
  C:1365H         LINE#         275
  C:136CH         LINE#         276
  C:1373H         LINE#         277
  C:137AH         LINE#         278
  C:1381H         LINE#         279
  C:1388H         LINE#         280
  C:138BH         LINE#         282
  C:138EH         LINE#         283
  C:1391H         LINE#         284
  C:1394H         LINE#         285
  -------         ENDPROC       _UART_SEND_DATA_F3
  -------         PROC          OPEN_TRANCEIVER
  C:1BC7H         LINE#         292
  C:1BC7H         LINE#         293
  C:1BC7H         LINE#         298
  C:1BC9H         LINE#         299
  C:1BCBH         LINE#         300
  -------         ENDPROC       OPEN_TRANCEIVER
BL51 BANKED LINKER/LOCATER V6.22                                                      09/06/2016  14:33:05  PAGE 17


  -------         PROC          OPEN_TRANCEIVER_F
  C:1B6EH         LINE#         306
  C:1B6EH         LINE#         307
  C:1B6EH         LINE#         308
  C:1B75H         LINE#         310
  C:1B77H         LINE#         311
  C:1B79H         LINE#         312
  -------         ENDPROC       OPEN_TRANCEIVER_F
  -------         PROC          CLOSE_TRANCEIVER
  C:1BD4H         LINE#         318
  C:1BD4H         LINE#         319
  C:1BD4H         LINE#         324
  C:1BD6H         LINE#         329
  -------         ENDPROC       CLOSE_TRANCEIVER
  -------         PROC          CLOSE_TRANCEIVER_F
  C:1B9DH         LINE#         334
  C:1B9DH         LINE#         335
  C:1B9DH         LINE#         340
  C:1B9FH         LINE#         342
  -------         ENDPROC       CLOSE_TRANCEIVER_F
  -------         PROC          UART_SEND_DATA_MATCH
  C:191AH         LINE#         349
  C:191AH         LINE#         350
  C:191AH         LINE#         351
  C:191DH         LINE#         353
  C:191DH         LINE#         354
  C:191DH         LINE#         355
  C:191DH         LINE#         356
  C:191DH         LINE#         357
  C:191DH         LINE#         358
  C:191DH         LINE#         359
  C:191DH         LINE#         361
  C:1920H         LINE#         363
  C:192BH         LINE#         364
  C:192EH         LINE#         366
  -------         ENDPROC       UART_SEND_DATA_MATCH
  -------         PROC          UART_SEND_DATA_MATCH_F
  C:1741H         LINE#         373
  C:1741H         LINE#         374
  C:1741H         LINE#         375
  C:1743H         LINE#         376
  C:1745H         LINE#         377
  C:174CH         LINE#         379
  C:174CH         LINE#         380
  C:174CH         LINE#         381
  C:174CH         LINE#         382
  C:174CH         LINE#         383
  C:174CH         LINE#         384
  C:174CH         LINE#         385
  C:174CH         LINE#         387
  C:174FH         LINE#         389
  C:175AH         LINE#         390
  C:175DH         LINE#         392
  C:175FH         LINE#         393
  -------         ENDPROC       UART_SEND_DATA_MATCH_F
  -------         PROC          RECEIVE_BYTE
  C:0D94H         LINE#         399
BL51 BANKED LINKER/LOCATER V6.22                                                      09/06/2016  14:33:05  PAGE 18


  C:0D94H         LINE#         400
  C:0D94H         LINE#         402
  C:0D97H         LINE#         403
  C:0D97H         LINE#         405
  C:0DA1H         LINE#         406
  C:0DA1H         LINE#         407
  C:0DA3H         LINE#         408
  C:0DA3H         LINE#         409
  C:0DA5H         LINE#         410
  C:0DA6H         LINE#         413
  C:0DA6H         LINE#         415
  C:0DA9H         LINE#         416
  C:0DA9H         LINE#         418
  C:0DABH         LINE#         421
  C:0DBAH         LINE#         422
  C:0DBAH         LINE#         424
  C:0DC0H         LINE#         425
  C:0DC2H         LINE#         426
  C:0DC2H         LINE#         427
  C:0DC2H         LINE#         428
  C:0DC4H         LINE#         430
  C:0DCCH         LINE#         431
  C:0DCCH         LINE#         433
  C:0DD2H         LINE#         434
  C:0DD5H         LINE#         435
  C:0DDAH         LINE#         436
  C:0DDEH         LINE#         437
  C:0DE0H         LINE#         439
  C:0DE0H         LINE#         441
  C:0DE5H         LINE#         442
  C:0DE5H         LINE#         444
  C:0DE9H         LINE#         445
  C:0DEAH         LINE#         447
  C:0DEAH         LINE#         449
  C:0DF4H         LINE#         450
  C:0DF4H         LINE#         451
  C:0DF8H         LINE#         452
  C:0DFAH         LINE#         453
  C:0DFDH         LINE#         454
  C:0DFDH         LINE#         455
  C:0DFDH         LINE#         456
  C:0DFDH         LINE#         457
  -------         ENDPROC       RECEIVE_BYTE
  -------         PROC          RECEIVE_BYTE_LOCK
  C:0DFEH         LINE#         463
  C:0DFEH         LINE#         464
  C:0DFEH         LINE#         466
  C:0E01H         LINE#         467
  C:0E01H         LINE#         469
  C:0E0BH         LINE#         470
  C:0E0BH         LINE#         471
  C:0E0DH         LINE#         472
  C:0E0DH         LINE#         473
  C:0E0FH         LINE#         474
  C:0E10H         LINE#         477
  C:0E10H         LINE#         479
  C:0E13H         LINE#         480
BL51 BANKED LINKER/LOCATER V6.22                                                      09/06/2016  14:33:05  PAGE 19


  C:0E13H         LINE#         482
  C:0E15H         LINE#         485
  C:0E24H         LINE#         486
  C:0E24H         LINE#         488
  C:0E2AH         LINE#         489
  C:0E2CH         LINE#         490
  C:0E2CH         LINE#         491
  C:0E2CH         LINE#         492
  C:0E2EH         LINE#         494
  C:0E36H         LINE#         495
  C:0E36H         LINE#         497
  C:0E3CH         LINE#         498
  C:0E3FH         LINE#         499
  C:0E44H         LINE#         500
  C:0E48H         LINE#         501
  C:0E4AH         LINE#         503
  C:0E4AH         LINE#         505
  C:0E4FH         LINE#         506
  C:0E4FH         LINE#         508
  C:0E53H         LINE#         509
  C:0E54H         LINE#         511
  C:0E54H         LINE#         513
  C:0E5EH         LINE#         514
  C:0E5EH         LINE#         515
  C:0E62H         LINE#         516
  C:0E64H         LINE#         517
  C:0E67H         LINE#         518
  C:0E67H         LINE#         519
  C:0E67H         LINE#         520
  C:0E67H         LINE#         521
  -------         ENDPROC       RECEIVE_BYTE_LOCK
  -------         PROC          RECEIVE_WORD
  C:12E1H         LINE#         527
  C:12E1H         LINE#         528
  C:12E1H         LINE#         530
  C:12E8H         LINE#         531
  C:12E8H         LINE#         532
  C:12E9H         LINE#         534
  C:12F6H         LINE#         537
  C:12FFH         LINE#         538
  C:12FFH         LINE#         539
  C:1304H         LINE#         540
  C:1305H         LINE#         542
  C:130FH         LINE#         543
  C:130FH         LINE#         544
  C:1314H         LINE#         545
  C:1315H         LINE#         546
  C:1319H         LINE#         547
  C:1319H         LINE#         548
  C:131BH         LINE#         549
  C:131BH         LINE#         550
  C:131DH         LINE#         552
  C:131DH         LINE#         553
  C:1321H         LINE#         554
  C:1321H         LINE#         555
  C:1321H         LINE#         556
  -------         ENDPROC       RECEIVE_WORD
BL51 BANKED LINKER/LOCATER V6.22                                                      09/06/2016  14:33:05  PAGE 20


  -------         PROC          _SEND_CODE_TO_LOCK
  D:0007H         SYMBOL        x
  X:0018H         SYMBOL        y
  -------         DO            
  X:001AH         SYMBOL        i
  X:001BH         SYMBOL        n
  -------         ENDDO         
  C:0B61H         LINE#         563
  C:0B68H         LINE#         564
  C:0B68H         LINE#         566
  C:0B6DH         LINE#         567
  C:0B71H         LINE#         568
  C:0B74H         LINE#         574
  C:0B78H         LINE#         575
  C:0B78H         LINE#         576
  C:0B7CH         LINE#         577
  C:0B7CH         LINE#         578
  C:0B86H         LINE#         579
  C:0B86H         LINE#         580
  C:0B88H         LINE#         581
  C:0B91H         LINE#         582
  C:0B93H         LINE#         584
  C:0B93H         LINE#         585
  C:0B95H         LINE#         586
  C:0BA1H         LINE#         587
  C:0BA1H         LINE#         588
  C:0BA3H         LINE#         589
  C:0BB1H         LINE#         590
  C:0BBDH         LINE#         591
  C:0BC8H         LINE#         592
  C:0BD3H         LINE#         593
  -------         ENDPROC       _SEND_CODE_TO_LOCK
  -------         PROC          _SEND_CODE_TO_LOCK_TAILI
  D:0007H         SYMBOL        x
  X:001CH         SYMBOL        y
  -------         DO            
  X:001EH         SYMBOL        i
  X:001FH         SYMBOL        n
  -------         ENDDO         
  C:0BD4H         LINE#         600
  C:0BDBH         LINE#         601
  C:0BDBH         LINE#         603
  C:0BE0H         LINE#         604
  C:0BE4H         LINE#         605
  C:0BE7H         LINE#         611
  C:0BEBH         LINE#         612
  C:0BEBH         LINE#         613
  C:0BEFH         LINE#         614
  C:0BEFH         LINE#         615
  C:0BF9H         LINE#         616
  C:0BF9H         LINE#         617
  C:0BFBH         LINE#         618
  C:0C04H         LINE#         619
  C:0C06H         LINE#         621
  C:0C06H         LINE#         622
  C:0C08H         LINE#         623
  C:0C14H         LINE#         624
BL51 BANKED LINKER/LOCATER V6.22                                                      09/06/2016  14:33:05  PAGE 21


  C:0C14H         LINE#         625
  C:0C16H         LINE#         626
  C:0C24H         LINE#         627
  C:0C30H         LINE#         628
  C:0C3BH         LINE#         629
  C:0C46H         LINE#         630
  -------         ENDPROC       _SEND_CODE_TO_LOCK_TAILI
  -------         PROC          _UART_SEND_DATA_BROADTEST
  D:0007H         SYMBOL        command
  -------         DO            
  X:0020H         SYMBOL        ii
  -------         ENDDO         
  C:10EFH         LINE#         635
  C:10EFH         LINE#         636
  C:10EFH         LINE#         637
  C:10F3H         LINE#         640
  C:10FAH         LINE#         641
  C:1101H         LINE#         642
  C:1108H         LINE#         643
  C:110FH         LINE#         644
  C:1116H         LINE#         645
  C:1119H         LINE#         647
  C:111CH         LINE#         649
  C:1120H         LINE#         650
  C:1120H         LINE#         651
  C:112BH         LINE#         652
  C:112EH         LINE#         653
  C:1139H         LINE#         657
  -------         ENDPROC       _UART_SEND_DATA_BROADTEST
  -------         ENDMOD        COMMUNICATION

  -------         MODULE        DELAY
  C:0000H         SYMBOL        _ICE_DUMMY_
  D:0080H         PUBLIC        P0
  D:0090H         PUBLIC        P1
  D:00A0H         PUBLIC        P2
  D:00B0H         PUBLIC        P3
  X:002EH         PUBLIC        Timeout_loop
  D:00A8H         PUBLIC        IE
  C:1834H         PUBLIC        Delay_10ms
  C:184EH         PUBLIC        Delay_12ms
  C:1868H         PUBLIC        Delay_50ms
  D:00B8H         PUBLIC        IP
  B:0090H.2       PUBLIC        magnet_overcurrent
  D:00D8H         PUBLIC        WDCON0
  C:139FH         PUBLIC        _Magnet_Delay
  D:0098H         PUBLIC        SCON
  D:0088H         PUBLIC        TCON
  C:1882H         PUBLIC        Delay_100ms
  C:189CH         PUBLIC        Delay_500ms
  C:1322H         PUBLIC        _Custom_Delay
  C:1721H         PUBLIC        _delay_ms
  D:00E8H         PUBLIC        EIE
  D:00F8H         PUBLIC        ADCCON0
  C:18D0H         PUBLIC        _delay_us
  D:00C0H         PUBLIC        I2CON
  C:1800H         PUBLIC        Delay_1ms
BL51 BANKED LINKER/LOCATER V6.22                                                      09/06/2016  14:33:05  PAGE 22


  D:00C8H         PUBLIC        T2CON
  C:181AH         PUBLIC        Delay_5ms
  C:1931H         PUBLIC        _Delay
  D:00D0H         PUBLIC        PSW
  -------         PROC          DELAY_1MS
  C:1800H         LINE#         15
  C:1800H         LINE#         16
  C:1800H         LINE#         17
  C:1809H         LINE#         20
  C:1819H         LINE#         21
  -------         ENDPROC       DELAY_1MS
  -------         PROC          DELAY_5MS
  C:181AH         LINE#         23
  C:181AH         LINE#         24
  C:181AH         LINE#         25
  C:1823H         LINE#         28
  C:1833H         LINE#         29
  -------         ENDPROC       DELAY_5MS
  -------         PROC          DELAY_10MS
  C:1834H         LINE#         31
  C:1834H         LINE#         32
  C:1834H         LINE#         33
  C:183DH         LINE#         36
  C:184DH         LINE#         37
  -------         ENDPROC       DELAY_10MS
  -------         PROC          DELAY_12MS
  C:184EH         LINE#         39
  C:184EH         LINE#         40
  C:184EH         LINE#         41
  C:1857H         LINE#         44
  C:1867H         LINE#         45
  -------         ENDPROC       DELAY_12MS
  -------         PROC          DELAY_50MS
  C:1868H         LINE#         48
  C:1868H         LINE#         49
  C:1868H         LINE#         50
  C:1871H         LINE#         53
  C:1881H         LINE#         54
  -------         ENDPROC       DELAY_50MS
  -------         PROC          DELAY_100MS
  C:1882H         LINE#         57
  C:1882H         LINE#         58
  C:1882H         LINE#         59
  C:188BH         LINE#         62
  C:189BH         LINE#         63
  -------         ENDPROC       DELAY_100MS
  -------         PROC          DELAY_500MS
  C:189CH         LINE#         66
  C:189CH         LINE#         67
  C:189CH         LINE#         68
  C:18A5H         LINE#         71
  C:18B5H         LINE#         72
  -------         ENDPROC       DELAY_500MS
  -------         PROC          _DELAY
  D:0007H         SYMBOL        n
  -------         DO            
  D:0004H         SYMBOL        x
BL51 BANKED LINKER/LOCATER V6.22                                                      09/06/2016  14:33:05  PAGE 23


  -------         ENDDO         
  C:1931H         LINE#         79
  C:1931H         LINE#         80
  C:1931H         LINE#         82
  C:1937H         LINE#         83
  C:1937H         LINE#         84
  C:193BH         LINE#         85
  C:1947H         LINE#         87
  -------         ENDPROC       _DELAY
  -------         PROC          _CUSTOM_DELAY
  D:0007H         SYMBOL        t
  X:0028H         SYMBOL        m
  -------         DO            
  X:002AH         SYMBOL        i
  D:0006H         SYMBOL        j
  -------         ENDDO         
  C:1322H         LINE#         93
  C:1329H         LINE#         94
  C:1329H         LINE#         97
  C:133BH         LINE#         98
  C:1360H         LINE#         99
  -------         ENDPROC       _CUSTOM_DELAY
  -------         PROC          _DELAY_MS
  D:0006H         SYMBOL        count
  -------         DO            
  D:0004H         SYMBOL        i
  D:0002H         SYMBOL        j
  -------         ENDDO         
  C:1721H         LINE#         106
  C:1721H         LINE#         107
  C:1721H         LINE#         109
  C:172BH         LINE#         110
  C:172BH         LINE#         111
  C:1739H         LINE#         112
  C:1740H         LINE#         113
  -------         ENDPROC       _DELAY_MS
  -------         PROC          _DELAY_US
  D:0006H         SYMBOL        count1
  -------         DO            
  D:0004H         SYMBOL        i
  D:0003H         SYMBOL        j
  -------         ENDDO         
  C:18D0H         LINE#         121
  C:18D0H         LINE#         122
  C:18D0H         LINE#         125
  C:18DAH         LINE#         126
  C:18DAH         LINE#         127
  C:18E1H         LINE#         128
  C:18E8H         LINE#         129
  -------         ENDPROC       _DELAY_US
  -------         PROC          _MAGNET_DELAY
  X:002CH         SYMBOL        x
  D:0004H         SYMBOL        y
  -------         DO            
  D:0001H         SYMBOL        i
  D:0002H         SYMBOL        j
  -------         ENDDO         
BL51 BANKED LINKER/LOCATER V6.22                                                      09/06/2016  14:33:05  PAGE 24


  C:139FH         LINE#         135
  C:13A6H         LINE#         136
  C:13A6H         LINE#         139
  C:13A8H         LINE#         140
  C:13A8H         LINE#         141
  C:13BCH         LINE#         142
  C:13C1H         LINE#         143
  C:13C3H         LINE#         144
  C:13C3H         LINE#         146
  C:13C6H         LINE#         147
  C:13C6H         LINE#         148
  C:13D7H         LINE#         149
  C:13D7H         LINE#         151
  C:13D7H         LINE#         153
  C:13D7H         LINE#         154
  C:13DCH         LINE#         155
  -------         ENDPROC       _MAGNET_DELAY
  -------         ENDMOD        DELAY

  -------         MODULE        OPERATION
  C:0000H         SYMBOL        _ICE_DUMMY_
  B:00A0H.4       PUBLIC        Lock_EN
  D:0080H         PUBLIC        P0
  D:0090H         PUBLIC        P1
  B:0080H.3       PUBLIC        fell_sensor_detect
  D:00A0H         PUBLIC        P2
  B:0024H.6       PUBLIC        vibration_flag1
  D:00B0H         PUBLIC        P3
  D:00A8H         PUBLIC        IE
  B:0024H.7       PUBLIC        sensor_EN
  C:0CB8H         PUBLIC        Detect_vibration
  X:0030H         PUBLIC        vibration_count1
  X:0032H         PUBLIC        vibration_count2
  C:1B92H         PUBLIC        InitSensor
  D:00B8H         PUBLIC        IP
  X:0033H         PUBLIC        wire_broken_level
  C:19FAH         PUBLIC        Reset_after_wirebroken
  B:0080H.1       PUBLIC        wire_broken
  C:1974H         PUBLIC        Batstolen_Alarm_to_Slave
  C:17BCH         PUBLIC        Reset_after_stolen_alarming
  D:00D8H         PUBLIC        WDCON0
  X:0034H         PUBLIC        wire_broken_time
  D:0098H         PUBLIC        SCON
  D:0088H         PUBLIC        TCON
  C:0F84H         PUBLIC        Detect_close_action
  B:0090H.6       PUBLIC        Generator_lock
  C:13DDH         PUBLIC        slave_nearby_operation
  B:00A0H.6       PUBLIC        the3rd_sendor
  B:00A0H.5       PUBLIC        key_rotate
  C:154BH         PUBLIC        Detect_wheel_moving
  C:1BA6H         PUBLIC        Disable_sensor_after_IDcert
  B:0080H.0       PUBLIC        horizontal_sensor
  D:00E8H         PUBLIC        EIE
  C:14B3H         PUBLIC        Detect_open_action
  B:0080H.2       PUBLIC        wheeled_rotate
  B:0080H.4       PUBLIC        raised_sensor_detect
  D:00F8H         PUBLIC        ADCCON0
BL51 BANKED LINKER/LOCATER V6.22                                                      09/06/2016  14:33:05  PAGE 25


  C:1700H         PUBLIC        Ensensor_after_slave_away
  D:00C0H         PUBLIC        I2CON
  C:179EH         PUBLIC        ENsensor_After_Close
  C:0D27H         PUBLIC        Detect_selflearn_action
  C:0FDDH         PUBLIC        ENsensor_afterIDcert
  D:00C8H         PUBLIC        T2CON
  C:16B5H         PUBLIC        SelfLearn_Reset
  C:195EH         PUBLIC        Raise_Alarm_to_Slave
  C:15DEH         PUBLIC        slave_away_operation
  X:0036H         PUBLIC        key_rotate_off_time
  B:0025H.0       PUBLIC        enable_sensor_delayEN
  C:1948H         PUBLIC        Fell_Alarm_to_Slave
  D:00D0H         PUBLIC        PSW
  B:0080H.0       PUBLIC        sensor_detect
  C:1B7AH         PUBLIC        Host_stolen_action
  B:0080H.5       PUBLIC        Externalmotor
  -------         PROC          SLAVE_AWAY_OPERATION
  C:15DEH         LINE#         101
  C:15DEH         LINE#         102
  C:15DEH         LINE#         103
  C:15E1H         LINE#         104
  C:15E1H         LINE#         105
  C:15E4H         LINE#         106
  C:15F4H         LINE#         107
  C:15F7H         LINE#         111
  C:15F7H         LINE#         113
  C:15F9H         LINE#         114
  C:15FDH         LINE#         116
  C:1602H         LINE#         117
  C:1606H         LINE#         119
  C:1609H         LINE#         120
  C:160BH         LINE#         121
  -------         ENDPROC       SLAVE_AWAY_OPERATION
  -------         PROC          SLAVE_NEARBY_OPERATION
  C:13DDH         LINE#         127
  C:13DDH         LINE#         128
  C:13DDH         LINE#         129
  C:13DFH         LINE#         131
  C:13E1H         LINE#         132
  C:13E5H         LINE#         133
  C:13E7H         LINE#         134
  C:13EAH         LINE#         136
  C:13EDH         LINE#         137
  C:13F0H         LINE#         138
  C:13F3H         LINE#         139
  C:13F6H         LINE#         140
  C:13F8H         LINE#         141
  C:13FAH         LINE#         143
  C:13FDH         LINE#         144
  C:13FDH         LINE#         145
  C:1400H         LINE#         146
  C:1402H         LINE#         147
  C:1405H         LINE#         148
  C:140FH         LINE#         149
  C:1412H         LINE#         150
  C:1412H         LINE#         170
  -------         ENDPROC       SLAVE_NEARBY_OPERATION
BL51 BANKED LINKER/LOCATER V6.22                                                      09/06/2016  14:33:05  PAGE 26


  -------         PROC          INITSENSOR
  C:1B92H         LINE#         176
  C:1B92H         LINE#         177
  C:1B92H         LINE#         178
  C:1B94H         LINE#         179
  C:1B96H         LINE#         180
  C:1B98H         LINE#         181
  C:1B9AH         LINE#         182
  C:1B9CH         LINE#         183
  -------         ENDPROC       INITSENSOR
  -------         PROC          HOST_STOLEN_ACTION
  C:1B7AH         LINE#         189
  C:1B7AH         LINE#         190
  C:1B7AH         LINE#         192
  C:1B7DH         LINE#         193
  C:1B7DH         LINE#         194
  C:1B7FH         LINE#         196
  C:1B82H         LINE#         197
  C:1B85H         LINE#         208
  C:1B85H         LINE#         209
  -------         ENDPROC       HOST_STOLEN_ACTION
  -------         PROC          ENSENSOR_AFTERIDCERT
  C:0FDDH         LINE#         216
  C:0FDDH         LINE#         217
  C:0FDDH         LINE#         218
  C:0FE0H         LINE#         219
  C:0FE0H         LINE#         221
  C:0FEAH         LINE#         222
  C:0FEAH         LINE#         223
  C:0FECH         LINE#         224
  C:0FEEH         LINE#         225
  C:0FF1H         LINE#         228
  C:0FF9H         LINE#         229
  C:0FF9H         LINE#         230
  C:0FFCH         LINE#         231
  C:0FFCH         LINE#         232
  C:0FFEH         LINE#         234
  C:0FFEH         LINE#         235
  C:0FFEH         LINE#         236
  -------         ENDPROC       ENSENSOR_AFTERIDCERT
  -------         PROC          ENSENSOR_AFTER_CLOSE
  C:179EH         LINE#         241
  C:179EH         LINE#         242
  C:179EH         LINE#         243
  C:17A7H         LINE#         244
  C:17A7H         LINE#         245
  C:17B1H         LINE#         246
  C:17B1H         LINE#         247
  C:17B3H         LINE#         248
  C:17B5H         LINE#         249
  C:17B8H         LINE#         250
  C:17BBH         LINE#         251
  C:17BBH         LINE#         252
  C:17BBH         LINE#         253
  -------         ENDPROC       ENSENSOR_AFTER_CLOSE
  -------         PROC          SELFLEARN_RESET
  C:16B5H         LINE#         259
BL51 BANKED LINKER/LOCATER V6.22                                                      09/06/2016  14:33:05  PAGE 27


  C:16B5H         LINE#         260
  C:16B5H         LINE#         261
  C:16B8H         LINE#         262
  C:16B8H         LINE#         263
  C:16C2H         LINE#         264
  C:16C2H         LINE#         265
  C:16C4H         LINE#         266
  C:16C6H         LINE#         268
  C:16CBH         LINE#         269
  C:16D0H         LINE#         270
  C:16D2H         LINE#         271
  C:16D4H         LINE#         272
  C:16D6H         LINE#         273
  C:16D8H         LINE#         274
  C:16DAH         LINE#         275
  C:16DAH         LINE#         276
  C:16DAH         LINE#         277
  -------         ENDPROC       SELFLEARN_RESET
  -------         PROC          FELL_ALARM_TO_SLAVE
  C:1948H         LINE#         283
  C:1948H         LINE#         284
  C:1948H         LINE#         285
  C:1953H         LINE#         286
  C:1953H         LINE#         287
  C:1958H         LINE#         288
  C:195DH         LINE#         289
  C:195DH         LINE#         290
  -------         ENDPROC       FELL_ALARM_TO_SLAVE
  -------         PROC          RAISE_ALARM_TO_SLAVE
  C:195EH         LINE#         296
  C:195EH         LINE#         297
  C:195EH         LINE#         298
  C:1969H         LINE#         299
  C:1969H         LINE#         300
  C:196EH         LINE#         301
  C:1973H         LINE#         302
  C:1973H         LINE#         303
  -------         ENDPROC       RAISE_ALARM_TO_SLAVE
  -------         PROC          BATSTOLEN_ALARM_TO_SLAVE
  C:1974H         LINE#         309
  C:1974H         LINE#         310
  C:1974H         LINE#         311
  C:197FH         LINE#         312
  C:197FH         LINE#         313
  C:1984H         LINE#         314
  C:1989H         LINE#         315
  C:1989H         LINE#         316
  -------         ENDPROC       BATSTOLEN_ALARM_TO_SLAVE
  -------         PROC          DISABLE_SENSOR_AFTER_IDCERT
  C:1BA6H         LINE#         321
  C:1BA6H         LINE#         322
  C:1BA6H         LINE#         323
  C:1BA9H         LINE#         324
  C:1BA9H         LINE#         325
  C:1BABH         LINE#         327
  C:1BAEH         LINE#         328
  C:1BAEH         LINE#         329
BL51 BANKED LINKER/LOCATER V6.22                                                      09/06/2016  14:33:05  PAGE 28


  -------         ENDPROC       DISABLE_SENSOR_AFTER_IDCERT
  -------         PROC          RESET_AFTER_WIREBROKEN
  C:19FAH         LINE#         334
  C:19FAH         LINE#         335
  C:19FAH         LINE#         336
  C:19FDH         LINE#         337
  C:19FDH         LINE#         338
  C:19FFH         LINE#         339
  C:1A03H         LINE#         340
  C:1A05H         LINE#         341
  C:1A07H         LINE#         342
  C:1A09H         LINE#         343
  C:1A09H         LINE#         344
  -------         ENDPROC       RESET_AFTER_WIREBROKEN
  -------         PROC          RESET_AFTER_STOLEN_ALARMING
  C:17BCH         LINE#         350
  C:17BCH         LINE#         351
  C:17BCH         LINE#         352
  C:17BFH         LINE#         353
  C:17BFH         LINE#         354
  C:17C9H         LINE#         355
  C:17C9H         LINE#         356
  C:17CDH         LINE#         357
  C:17CFH         LINE#         358
  C:17D1H         LINE#         359
  C:17D3H         LINE#         360
  C:17D6H         LINE#         361
  C:17D9H         LINE#         362
  C:17D9H         LINE#         363
  C:17D9H         LINE#         364
  -------         ENDPROC       RESET_AFTER_STOLEN_ALARMING
  -------         PROC          ENSENSOR_AFTER_SLAVE_AWAY
  C:1700H         LINE#         369
  C:1700H         LINE#         370
  C:1700H         LINE#         371
  C:1709H         LINE#         372
  C:1709H         LINE#         373
  C:1713H         LINE#         374
  C:1713H         LINE#         375
  C:1716H         LINE#         376
  C:1718H         LINE#         377
  C:171AH         LINE#         378
  C:171DH         LINE#         379
  C:1720H         LINE#         380
  C:1720H         LINE#         381
  C:1720H         LINE#         382
  -------         ENDPROC       ENSENSOR_AFTER_SLAVE_AWAY
  -------         PROC          DETECT_SELFLEARN_ACTION
  C:0D27H         LINE#         387
  C:0D27H         LINE#         388
  C:0D27H         LINE#         389
  C:0D2AH         LINE#         390
  C:0D2AH         LINE#         392
  C:0D2CH         LINE#         394
  C:0D2FH         LINE#         395
  C:0D2FH         LINE#         396
  C:0D3AH         LINE#         397
BL51 BANKED LINKER/LOCATER V6.22                                                      09/06/2016  14:33:05  PAGE 29


  C:0D45H         LINE#         398
  C:0D45H         LINE#         399
  C:0D4CH         LINE#         400
  C:0D50H         LINE#         401
  C:0D52H         LINE#         402
  C:0D52H         LINE#         403
  C:0D54H         LINE#         405
  C:0D54H         LINE#         406
  C:0D60H         LINE#         407
  C:0D60H         LINE#         408
  C:0D64H         LINE#         409
  C:0D69H         LINE#         410
  C:0D69H         LINE#         411
  C:0D69H         LINE#         413
  C:0D71H         LINE#         414
  C:0D71H         LINE#         415
  C:0D73H         LINE#         416
  C:0D75H         LINE#         417
  C:0D78H         LINE#         418
  C:0D78H         LINE#         419
  C:0D7AH         LINE#         420
  C:0D82H         LINE#         421
  C:0D84H         LINE#         424
  C:0D87H         LINE#         425
  C:0D87H         LINE#         426
  C:0D89H         LINE#         427
  C:0D8BH         LINE#         428
  C:0D8DH         LINE#         430
  C:0D90H         LINE#         432
  C:0D93H         LINE#         437
  C:0D93H         LINE#         438
  -------         ENDPROC       DETECT_SELFLEARN_ACTION
  -------         PROC          DETECT_OPEN_ACTION
  C:14B3H         LINE#         443
  C:14B3H         LINE#         444
  C:14B3H         LINE#         446
  C:14C1H         LINE#         447
  C:14C1H         LINE#         448
  C:14C4H         LINE#         449
  C:14C9H         LINE#         450
  C:14CBH         LINE#         452
  C:14CFH         LINE#         453
  C:14D1H         LINE#         454
  C:14D4H         LINE#         455
  C:14D6H         LINE#         456
  C:14D9H         LINE#         457
  C:14DCH         LINE#         459
  C:14DEH         LINE#         461
  C:14E0H         LINE#         462
  C:14E6H         LINE#         463
  C:14E6H         LINE#         464
  -------         ENDPROC       DETECT_OPEN_ACTION
  -------         PROC          DETECT_CLOSE_ACTION
  C:0F84H         LINE#         469
  C:0F84H         LINE#         470
  C:0F84H         LINE#         471
  C:0F97H         LINE#         472
BL51 BANKED LINKER/LOCATER V6.22                                                      09/06/2016  14:33:05  PAGE 30


  C:0F97H         LINE#         473
  C:0F9DH         LINE#         474
  C:0F9DH         LINE#         475
  C:0FA8H         LINE#         476
  C:0FB3H         LINE#         477
  C:0FB3H         LINE#         478
  C:0FBCH         LINE#         479
  C:0FBCH         LINE#         480
  C:0FBFH         LINE#         482
  C:0FC3H         LINE#         483
  C:0FC6H         LINE#         484
  C:0FC8H         LINE#         485
  C:0FCAH         LINE#         487
  C:0FD0H         LINE#         488
  C:0FD2H         LINE#         489
  C:0FD2H         LINE#         490
  C:0FD2H         LINE#         491
  C:0FD2H         LINE#         492
  C:0FD3H         LINE#         493
  C:0FD6H         LINE#         494
  C:0FDCH         LINE#         495
  -------         ENDPROC       DETECT_CLOSE_ACTION
  -------         PROC          DETECT_VIBRATION
  C:0CB8H         LINE#         500
  C:0CB8H         LINE#         501
  C:0CB8H         LINE#         502
  C:0CC1H         LINE#         503
  C:0CC1H         LINE#         504
  C:0CCBH         LINE#         505
  C:0CCBH         LINE#         506
  C:0CCDH         LINE#         507
  C:0CCFH         LINE#         508
  C:0CD4H         LINE#         510
  C:0CD6H         LINE#         511
  C:0CDBH         LINE#         513
  C:0CE0H         LINE#         514
  C:0CE0H         LINE#         515
  C:0CE2H         LINE#         517
  C:0CE6H         LINE#         519
  C:0CE9H         LINE#         520
  C:0CE9H         LINE#         521
  C:0D00H         LINE#         522
  C:0D00H         LINE#         523
  C:0D02H         LINE#         524
  C:0D06H         LINE#         525
  C:0D06H         LINE#         526
  C:0D06H         LINE#         528
  C:0D09H         LINE#         529
  C:0D09H         LINE#         530
  C:0D20H         LINE#         531
  C:0D20H         LINE#         532
  C:0D22H         LINE#         533
  C:0D26H         LINE#         534
  C:0D26H         LINE#         535
  C:0D26H         LINE#         536
  -------         ENDPROC       DETECT_VIBRATION
  -------         PROC          DETECT_WHEEL_MOVING
BL51 BANKED LINKER/LOCATER V6.22                                                      09/06/2016  14:33:05  PAGE 31


  C:154BH         LINE#         541
  C:154BH         LINE#         542
  C:154BH         LINE#         543
  C:154EH         LINE#         544
  C:154EH         LINE#         545
  C:1550H         LINE#         546
  C:1556H         LINE#         548
  C:155BH         LINE#         549
  C:155BH         LINE#         550
  C:155EH         LINE#         551
  C:155EH         LINE#         552
  C:1575H         LINE#         553
  C:1575H         LINE#         554
  C:1577H         LINE#         555
  C:157BH         LINE#         556
  C:157BH         LINE#         557
  C:157BH         LINE#         558
  -------         ENDPROC       DETECT_WHEEL_MOVING
  -------         ENDMOD        OPERATION

  -------         MODULE        OTHER
  C:0000H         SYMBOL        _ICE_DUMMY_
  D:0080H         PUBLIC        P0
  D:0090H         PUBLIC        P1
  D:00A0H         PUBLIC        P2
  D:00B0H         PUBLIC        P3
  D:00A8H         PUBLIC        IE
  C:1B53H         PUBLIC        _magnet_ACW_Taili
  B:00A0H.4       PUBLIC        Moto_EN
  D:00B8H         PUBLIC        IP
  D:00D8H         PUBLIC        WDCON0
  D:0098H         PUBLIC        SCON
  D:0088H         PUBLIC        TCON
  C:0003H         PUBLIC        Moto_Vibration
  C:1B45H         PUBLIC        _magnet_ACW
  C:1B86H         PUBLIC        Enable_sensor
  C:15ADH         PUBLIC        _magnet_CW_Taili
  D:00E8H         PUBLIC        EIE
  C:1214H         PUBLIC        disable_sensor
  B:00A0H.2       PUBLIC        MagentControl_1
  B:00A0H.3       PUBLIC        MagentControl_2
  D:00F8H         PUBLIC        ADCCON0
  D:00C0H         PUBLIC        I2CON
  D:00C8H         PUBLIC        T2CON
  C:157CH         PUBLIC        _magnet_CW
  D:00D0H         PUBLIC        PSW
  B:0080H.5       PUBLIC        Externalmotor
  -------         PROC          _MAGNET_CW
  X:0038H         SYMBOL        x
  X:003AH         SYMBOL        y
  D:0003H         SYMBOL        z
  C:157CH         LINE#         44
  C:1589H         LINE#         45
  C:1589H         LINE#         47
  C:1592H         LINE#         49
  C:1594H         LINE#         50
  C:1596H         LINE#         51
BL51 BANKED LINKER/LOCATER V6.22                                                      09/06/2016  14:33:05  PAGE 32


  C:15A6H         LINE#         52
  C:15A8H         LINE#         53
  C:15AAH         LINE#         54
  C:15ACH         LINE#         55
  -------         ENDPROC       _MAGNET_CW
  -------         PROC          _MAGNET_CW_TAILI
  X:003CH         SYMBOL        x
  X:003EH         SYMBOL        y
  D:0003H         SYMBOL        z
  C:15ADH         LINE#         61
  C:15BAH         LINE#         62
  C:15BAH         LINE#         64
  C:15C3H         LINE#         66
  C:15C5H         LINE#         67
  C:15C7H         LINE#         68
  C:15D7H         LINE#         69
  C:15D9H         LINE#         70
  C:15DBH         LINE#         71
  C:15DDH         LINE#         72
  -------         ENDPROC       _MAGNET_CW_TAILI
  -------         PROC          _MAGNET_ACW
  D:0006H         SYMBOL        x
  D:0004H         SYMBOL        y
  C:1B45H         LINE#         78
  C:1B45H         LINE#         79
  C:1B45H         LINE#         80
  C:1B47H         LINE#         81
  C:1B49H         LINE#         82
  C:1B4BH         LINE#         83
  C:1B4EH         LINE#         84
  C:1B50H         LINE#         85
  C:1B52H         LINE#         86
  -------         ENDPROC       _MAGNET_ACW
  -------         PROC          _MAGNET_ACW_TAILI
  D:0006H         SYMBOL        x
  D:0004H         SYMBOL        y
  C:1B53H         LINE#         92
  C:1B53H         LINE#         93
  C:1B53H         LINE#         94
  C:1B55H         LINE#         95
  C:1B57H         LINE#         96
  C:1B59H         LINE#         97
  C:1B5CH         LINE#         98
  C:1B5EH         LINE#         99
  C:1B60H         LINE#         100
  -------         ENDPROC       _MAGNET_ACW_TAILI
  -------         PROC          DISABLE_SENSOR
  C:1214H         LINE#         106
  C:1214H         LINE#         107
  C:1214H         LINE#         109
  C:1216H         LINE#         110
  C:1218H         LINE#         112
  C:121AH         LINE#         113
  C:121CH         LINE#         114
  C:1220H         LINE#         115
  C:1223H         LINE#         116
  C:1226H         LINE#         117
BL51 BANKED LINKER/LOCATER V6.22                                                      09/06/2016  14:33:05  PAGE 33


[...]


  X:0077H         PUBLIC        one_receive_byte_count
  B:0022H.4       PUBLIC        ID_speeched_flag
  D:0099H         PUBLIC        SBUF
  X:0078H         PUBLIC        sensor_3rdstage_time
  D:0098H         PUBLIC        SCON
  D:0088H         PUBLIC        TCON
  B:0090H.6       PUBLIC        Generator_lock
  C:3004H         PUBLIC        IDkey10
  C:3005H         PUBLIC        IDkey11
  X:007AH         PUBLIC        sensor_1ststage_count
  B:00A0H.6       PUBLIC        the3rd_sendor
  B:0022H.5       PUBLIC        IDkey_flash_EN
  X:007BH         PUBLIC        ID_certificated_numbers
  X:007CH         PUBLIC        raise_wire_time
  B:00A0H.7       PUBLIC        transmiter_EN
  B:0022H.6       PUBLIC        Host_stolen_alarming
  D:008CH         PUBLIC        TH0
  B:0022H.7       PUBLIC        flashing_flag
  B:0080H.0       PUBLIC        horizontal_sensor
  D:008AH         PUBLIC        TL0
  B:0023H.0       PUBLIC        vibration_flag
  X:007DH         PUBLIC        fell_wire_time
  B:0023H.1       PUBLIC        host_stolen_alarm2_EN
  X:007EH         PUBLIC        After_IDcert_timecount
  D:00E8H         PUBLIC        EIE
  C:0026H         PUBLIC        timer0
  B:0080H.4       PUBLIC        raised_sensor_detect
  B:0023H.2       PUBLIC        ID_certificated_flag
  D:00F8H         PUBLIC        ADCCON0
  D:00C0H         PUBLIC        I2CON
  B:0023H.3       PUBLIC        wheeled_flag
  B:0023H.4       PUBLIC        EN_host_stolen_alarming
  B:0023H.5       PUBLIC        Check_Motobattery_flag
  B:0023H.6       PUBLIC        Emergency_open_G
  X:007FH         PUBLIC        vibration_count
  X:0081H         PUBLIC        timer0_count
  X:0083H         PUBLIC        sensor_3rdstage_effcount
  D:00C8H         PUBLIC        T2CON
  X:0084H         PUBLIC        enable_sensor_delay_count
  X:0085H         PUBLIC        host_stolen_alarm1_count
  X:0086H         PUBLIC        host_stolen_alarm2_count
  X:0087H         PUBLIC        sensor_3rdstage_interval
  B:0023H.7       PUBLIC        ID_selflearning_flag
  B:0024H.0       PUBLIC        battery_stolen_EN
  B:0024H.1       PUBLIC        position_sensor_EN
  C:060DH         PUBLIC        uart_isr
  B:0024H.2       PUBLIC        Autolock_G
  X:0089H         PUBLIC        wheeled_count
  X:008BH         PUBLIC        raised_fell_number
  B:0024H.3       PUBLIC        never_alarm_speech
  X:008DH         PUBLIC        Check_Motobattery_count
  B:0024H.4       PUBLIC        Battery_hint_flag
  X:008EH         PUBLIC        Open_action_flag
  X:008FH         PUBLIC        receive_HV_count
  X:0090H         PUBLIC        receive_LV_count
  B:0024H.5       PUBLIC        raised_flag
  X:0091H         PUBLIC        raised_alarm_count
BL51 BANKED LINKER/LOCATER V6.22                                                      09/06/2016  14:33:05  PAGE 54


  D:00D0H         PUBLIC        PSW
  B:0080H.0       PUBLIC        sensor_detect
  X:0092H         PUBLIC        Stolen_alarm_reset_count
  B:0080H.5       PUBLIC        Externalmotor
  -------         PROC          MAIN
  C:168EH         LINE#         136
  C:168EH         LINE#         137
  C:168EH         LINE#         138
  C:1691H         LINE#         143
  C:1694H         LINE#         145
  C:169BH         LINE#         147
  C:169EH         LINE#         149
  C:16A1H         LINE#         151
  C:16A3H         LINE#         154
  C:16A6H         LINE#         155
  C:16A9H         LINE#         157
  C:16ACH         LINE#         158
  C:16AFH         LINE#         160
  C:16B1H         LINE#         161
  C:16B3H         LINE#         163
  C:16B3H         LINE#         164
  C:16B3H         LINE#         165
  -------         ENDPROC       MAIN
  -------         PROC          TIMER0
  C:0026H         LINE#         173
  C:0043H         LINE#         176
  C:0048H         LINE#         177
  C:004DH         LINE#         180
  C:0064H         LINE#         181
  C:0064H         LINE#         183
  C:0068H         LINE#         188
  C:0082H         LINE#         189
  C:0082H         LINE#         190
  C:0084H         LINE#         191
  C:0084H         LINE#         194
  C:0087H         LINE#         195
  C:0087H         LINE#         197
  C:008AH         LINE#         198
  C:008AH         LINE#         199
  C:008CH         LINE#         200
  C:008EH         LINE#         201
  C:0092H         LINE#         202
  C:0094H         LINE#         203
  C:0096H         LINE#         204
  C:009CH         LINE#         205
  C:009CH         LINE#         206
  C:009EH         LINE#         207
  C:00A0H         LINE#         208
  C:00A3H         LINE#         209
  C:00A3H         LINE#         210
  C:00A3H         LINE#         214
  C:00A6H         LINE#         215
  C:00A9H         LINE#         219
  C:00ACH         LINE#         227
  C:00AFH         LINE#         235
  C:00B2H         LINE#         238
  C:00B5H         LINE#         240
BL51 BANKED LINKER/LOCATER V6.22                                                      09/06/2016  14:33:05  PAGE 55


  C:00B8H         LINE#         241
  C:00BBH         LINE#         242
  C:00BEH         LINE#         243
  C:00BEH         LINE#         246
  C:00C1H         LINE#         249
  C:00C4H         LINE#         250
  C:00C7H         LINE#         251
  C:00CAH         LINE#         253
  C:00CDH         LINE#         254
  C:00D0H         LINE#         256
  C:00D3H         LINE#         257
  C:00D3H         LINE#         258
  C:00D5H         LINE#         259
  C:00D8H         LINE#         260
  C:00D8H         LINE#         266
  C:00DDH         LINE#         267
  C:00DDH         LINE#         269
  C:00EEH         LINE#         270
  C:00EEH         LINE#         272
  C:00EEH         LINE#         273
  C:00EEH         LINE#         276
  C:0100H         LINE#         277
  C:0100H         LINE#         279
  C:010CH         LINE#         280
  C:010CH         LINE#         281
  C:010EH         LINE#         284
  C:0112H         LINE#         288
  C:0115H         LINE#         289
  C:0118H         LINE#         290
  C:011BH         LINE#         291
  C:011EH         LINE#         292
  C:011EH         LINE#         293
  C:0120H         LINE#         295
  C:0120H         LINE#         297
  C:0124H         LINE#         298
  C:0124H         LINE#         299
  C:0124H         LINE#         300
  C:0126H         LINE#         303
  C:0126H         LINE#         304
  C:0126H         LINE#         305
  C:012FH         LINE#         306
  C:012FH         LINE#         308
  C:0139H         LINE#         309
  C:0139H         LINE#         310
  C:013BH         LINE#         311
  C:0140H         LINE#         314
  C:0143H         LINE#         315
  C:0143H         LINE#         316
  C:0145H         LINE#         318
  C:0145H         LINE#         319
  C:0149H         LINE#         320
  C:0149H         LINE#         323
  C:0160H         LINE#         324
  C:0160H         LINE#         325
  C:0164H         LINE#         326
  C:0167H         LINE#         327
  C:016AH         LINE#         328
BL51 BANKED LINKER/LOCATER V6.22                                                      09/06/2016  14:33:05  PAGE 56


  C:016FH         LINE#         329
  C:016FH         LINE#         330
  C:016FH         LINE#         331
  C:0171H         LINE#         334
  C:0171H         LINE#         335
  C:0171H         LINE#         336
  C:017AH         LINE#         337
  C:017AH         LINE#         339
  C:0184H         LINE#         340
  C:0184H         LINE#         341
  C:0186H         LINE#         343
  C:0188H         LINE#         344
  C:018AH         LINE#         345
  C:018CH         LINE#         346
  C:018FH         LINE#         347
  C:018FH         LINE#         348
  C:0191H         LINE#         350
  C:0191H         LINE#         351
  C:0195H         LINE#         352
  C:0195H         LINE#         355
  C:01ACH         LINE#         356
  C:01ACH         LINE#         357
  C:01B0H         LINE#         358
  C:01B3H         LINE#         359
  C:01B6H         LINE#         360
  C:01BBH         LINE#         361
  C:01C0H         LINE#         362
  C:01C3H         LINE#         363
  C:01C3H         LINE#         364
  C:01C3H         LINE#         365
  C:01C3H         LINE#         366
  C:01C3H         LINE#         369
  C:01CBH         LINE#         370
  C:01CBH         LINE#         371
  C:01CDH         LINE#         372
  C:01CFH         LINE#         374
  C:01D1H         LINE#         375
  C:01D1H         LINE#         379
  C:01D4H         LINE#         380
  C:01D4H         LINE#         382
  C:01D7H         LINE#         383
  C:01D7H         LINE#         385
  C:01DFH         LINE#         386
  C:01DFH         LINE#         388
  C:01E1H         LINE#         389
  C:01E3H         LINE#         391
  C:01E6H         LINE#         392
  C:01E6H         LINE#         394
  C:01E8H         LINE#         395
  C:01E8H         LINE#         396
  C:01E8H         LINE#         397
  C:01EAH         LINE#         399
  C:01EAH         LINE#         400
  C:01ECH         LINE#         401
  C:01F0H         LINE#         402
  C:01F3H         LINE#         403
  C:01F5H         LINE#         404
BL51 BANKED LINKER/LOCATER V6.22                                                      09/06/2016  14:33:05  PAGE 57


  C:01F5H         LINE#         406
  C:01F8H         LINE#         407
  C:01F8H         LINE#         409
  C:0200H         LINE#         410
  C:0200H         LINE#         412
  C:0202H         LINE#         413
  C:0204H         LINE#         415
  C:0207H         LINE#         416
  C:0207H         LINE#         417
  C:0209H         LINE#         418
  C:0209H         LINE#         419
  C:0209H         LINE#         420
  C:020BH         LINE#         422
  C:020BH         LINE#         423
  C:020DH         LINE#         424
  C:0211H         LINE#         425
  C:0214H         LINE#         426
  C:0216H         LINE#         427
  C:0216H         LINE#         428
  C:0216H         LINE#         431
  C:0219H         LINE#         432
  C:0219H         LINE#         433
  C:0230H         LINE#         434
  C:0230H         LINE#         435
  C:0232H         LINE#         436
  C:0236H         LINE#         437
  C:0238H         LINE#         439
  C:023BH         LINE#         440
  C:023EH         LINE#         441
  C:0241H         LINE#         442
  C:0246H         LINE#         443
  C:024BH         LINE#         444
  C:0254H         LINE#         445
  C:0258H         LINE#         446
  C:025BH         LINE#         447
  C:025BH         LINE#         448
  C:025BH         LINE#         449
  -------         ENDPROC       TIMER0
  -------         PROC          UART_ISR
  C:060DH         LINE#         454
  C:062AH         LINE#         456
  C:062FH         LINE#         457
  C:062FH         LINE#         458
  C:0631H         LINE#         459
  C:063BH         LINE#         463
  C:0640H         LINE#         464
  C:0640H         LINE#         466
  C:064EH         LINE#         467
  C:064EH         LINE#         468
  C:0653H         LINE#         469
  C:0655H         LINE#         470
  C:0667H         LINE#         471
  C:0667H         LINE#         472
  C:066CH         LINE#         473
  C:066EH         LINE#         474
  C:0681H         LINE#         475
  C:0681H         LINE#         476
BL51 BANKED LINKER/LOCATER V6.22                                                      09/06/2016  14:33:05  PAGE 58


  C:0686H         LINE#         477
  C:0688H         LINE#         478
  C:0698H         LINE#         479
  C:0698H         LINE#         480
  C:069DH         LINE#         481
  C:069FH         LINE#         482
  C:06B1H         LINE#         483
  C:06B1H         LINE#         484
  C:06B6H         LINE#         485
  C:06B8H         LINE#         487
  C:06CAH         LINE#         488
  C:06CAH         LINE#         489
  C:06CDH         LINE#         490
  C:06CFH         LINE#         491
  C:06D2H         LINE#         492
  C:06D4H         LINE#         494
  C:06D7H         LINE#         496
  C:06E3H         LINE#         497
  C:06E3H         LINE#         498
  C:06E5H         LINE#         499
  C:06E5H         LINE#         500
  C:06EFH         LINE#         501
  C:06EFH         LINE#         505
  C:06F1H         LINE#         506
  C:06F3H         LINE#         507
  C:06F5H         LINE#         509
  C:06F7H         LINE#         510
  C:06F9H         LINE#         511
  C:06F9H         LINE#         512
  C:06FBH         LINE#         522
  C:06FBH         LINE#         523
  C:06FFH         LINE#         524
  C:06FFH         LINE#         557
  C:0701H         LINE#         559
  C:0701H         LINE#         561
  C:070BH         LINE#         562
  C:070BH         LINE#         563
  C:070DH         LINE#         564
  C:070FH         LINE#         565
  C:070FH         LINE#         604
  C:070FH         LINE#         605
  C:070FH         LINE#         606
  -------         ENDPROC       UART_ISR
  -------         ENDMOD        MAIN

  -------         MODULE        ?C?CLDPTR
  C:0496H         PUBLIC        ?C?CLDPTR
  -------         ENDMOD        ?C?CLDPTR

  -------         MODULE        ?C?LMUL
  C:04AFH         PUBLIC        ?C?LMUL
  -------         ENDMOD        ?C?LMUL

  -------         MODULE        ?C?ULDIV
  C:053AH         PUBLIC        ?C?ULDIV
  -------         ENDMOD        ?C?ULDIV

BL51 BANKED LINKER/LOCATER V6.22                                                      09/06/2016  14:33:05  PAGE 59


  -------         MODULE        ?C?LNEG
  C:05CCH         PUBLIC        ?C?LNEG
  -------         ENDMOD        ?C?LNEG

  -------         MODULE        ?C?ICALL
  C:05DAH         PUBLIC        ?C?ICALL
  C:05DEH         PUBLIC        ?C?ICALL2
  -------         ENDMOD        ?C?ICALL

  -------         MODULE        ?C?LIMUL
  C:05E0H         PUBLIC        ?C?LIMUL
  -------         ENDMOD        ?C?LIMUL

*** WARNING L16: UNCALLED SEGMENT, IGNORED FOR OVERLAY PROCESS
    SEGMENT: ?PR?_COMMODE_DATA?COMMUNICATION

*** WARNING L16: UNCALLED SEGMENT, IGNORED FOR OVERLAY PROCESS
    SEGMENT: ?PR?_COMMODE_DATA_WX?COMMUNICATION

*** WARNING L16: UNCALLED SEGMENT, IGNORED FOR OVERLAY PROCESS
    SEGMENT: ?PR?_UART_SEND_DATA_F?COMMUNICATION

*** WARNING L16: UNCALLED SEGMENT, IGNORED FOR OVERLAY PROCESS
    SEGMENT: ?PR?_UART_SEND_DATA_F2?COMMUNICATION

*** WARNING L16: UNCALLED SEGMENT, IGNORED FOR OVERLAY PROCESS
    SEGMENT: ?PR?_UART_SEND_DATA_F3?COMMUNICATION

*** WARNING L16: UNCALLED SEGMENT, IGNORED FOR OVERLAY PROCESS
    SEGMENT: ?PR?UART_SEND_DATA_MATCH?COMMUNICATION

*** WARNING L16: UNCALLED SEGMENT, IGNORED FOR OVERLAY PROCESS
    SEGMENT: ?PR?UART_SEND_DATA_MATCH_F?COMMUNICATION

*** WARNING L16: UNCALLED SEGMENT, IGNORED FOR OVERLAY PROCESS
    SEGMENT: ?PR?RECEIVE_BYTE?COMMUNICATION

*** WARNING L16: UNCALLED SEGMENT, IGNORED FOR OVERLAY PROCESS
    SEGMENT: ?PR?RECEIVE_BYTE_LOCK?COMMUNICATION

*** WARNING L16: UNCALLED SEGMENT, IGNORED FOR OVERLAY PROCESS
    SEGMENT: ?PR?RECEIVE_WORD?COMMUNICATION

*** WARNING L16: UNCALLED SEGMENT, IGNORED FOR OVERLAY PROCESS
    SEGMENT: ?PR?_UART_SEND_DATA_BROADTEST?COMMUNICATION

*** WARNING L16: UNCALLED SEGMENT, IGNORED FOR OVERLAY PROCESS
    SEGMENT: ?PR?DELAY_100MS?DELAY

*** WARNING L16: UNCALLED SEGMENT, IGNORED FOR OVERLAY PROCESS
    SEGMENT: ?PR?_DELAY_MS?DELAY

*** WARNING L16: UNCALLED SEGMENT, IGNORED FOR OVERLAY PROCESS
    SEGMENT: ?PR?FELL_ALARM_TO_SLAVE?OPERATION

*** WARNING L16: UNCALLED SEGMENT, IGNORED FOR OVERLAY PROCESS
    SEGMENT: ?PR?RAISE_ALARM_TO_SLAVE?OPERATION
BL51 BANKED LINKER/LOCATER V6.22                                                      09/06/2016  14:33:05  PAGE 60



*** WARNING L16: UNCALLED SEGMENT, IGNORED FOR OVERLAY PROCESS
    SEGMENT: ?PR?BATSTOLEN_ALARM_TO_SLAVE?OPERATION

*** WARNING L16: UNCALLED SEGMENT, IGNORED FOR OVERLAY PROCESS
    SEGMENT: ?PR?ENSENSOR_AFTER_SLAVE_AWAY?OPERATION

*** WARNING L16: UNCALLED SEGMENT, IGNORED FOR OVERLAY PROCESS
    SEGMENT: ?PR?_MAGNET_CW?OTHER

*** WARNING L16: UNCALLED SEGMENT, IGNORED FOR OVERLAY PROCESS
    SEGMENT: ?PR?_MAGNET_CW_TAILI?OTHER

*** WARNING L16: UNCALLED SEGMENT, IGNORED FOR OVERLAY PROCESS
    SEGMENT: ?PR?_MAGNET_ACW?OTHER

*** WARNING L16: UNCALLED SEGMENT, IGNORED FOR OVERLAY PROCESS
    SEGMENT: ?PR?_MAGNET_ACW_TAILI?OTHER

*** WARNING L16: UNCALLED SEGMENT, IGNORED FOR OVERLAY PROCESS
    SEGMENT: ?PR?MOTO_VIBRATION?OTHER

*** WARNING L16: UNCALLED SEGMENT, IGNORED FOR OVERLAY PROCESS
    SEGMENT: ?PR?MYPWM?PWM

*** WARNING L16: UNCALLED SEGMENT, IGNORED FOR OVERLAY PROCESS
    SEGMENT: ?PR?_INITTIMER?TIMER

*** WARNING L16: UNCALLED SEGMENT, IGNORED FOR OVERLAY PROCESS
    SEGMENT: ?PR?HSCH_START?TIMER

*** WARNING L16: UNCALLED SEGMENT, IGNORED FOR OVERLAY PROCESS
    SEGMENT: ?PR?SEOS_GO_TO_SLEEP?TIMER

*** WARNING L16: UNCALLED SEGMENT, IGNORED FOR OVERLAY PROCESS
    SEGMENT: ?PR?MOTORBAT_LOW_SPEECH?VOICE

*** WARNING L16: UNCALLED SEGMENT, IGNORED FOR OVERLAY PROCESS
    SEGMENT: ?PR?HOST_2NDTOUCH_SPEECH?VOICE

*** WARNING L16: UNCALLED SEGMENT, IGNORED FOR OVERLAY PROCESS
    SEGMENT: ?PR?BATTERY_STOLEN_SPEECH?VOICE

*** WARNING L16: UNCALLED SEGMENT, IGNORED FOR OVERLAY PROCESS
    SEGMENT: ?PR?CUTTING_WIRE_VOICE?VOICE

*** WARNING L16: UNCALLED SEGMENT, IGNORED FOR OVERLAY PROCESS
    SEGMENT: ?PR?PRODUCT_TEST_VOICE?VOICE

*** WARNING L16: UNCALLED SEGMENT, IGNORED FOR OVERLAY PROCESS
    SEGMENT: ?PR?BATTERY_LOW_ALARM_SPEECH?VOICE

*** WARNING L16: UNCALLED SEGMENT, IGNORED FOR OVERLAY PROCESS
    SEGMENT: ?PR?BATTERY_HIGH_ALARM_SPEECH?VOICE

*** WARNING L16: UNCALLED SEGMENT, IGNORED FOR OVERLAY PROCESS
    SEGMENT: ?PR?ALARM_STOLEN_SPEECH?VOICE
BL51 BANKED LINKER/LOCATER V6.22                                                      09/06/2016  14:33:05  PAGE 61



*** WARNING L16: UNCALLED SEGMENT, IGNORED FOR OVERLAY PROCESS
    SEGMENT: ?PR?ALARM_RAISED_SPEECH?VOICE

*** WARNING L16: UNCALLED SEGMENT, IGNORED FOR OVERLAY PROCESS
    SEGMENT: ?PR?ALARM_FELL_SPEECH?VOICE

*** WARNING L16: UNCALLED SEGMENT, IGNORED FOR OVERLAY PROCESS
    SEGMENT: ?PR?HOST_BATTERY_HIGH_ALARM_SPEECH?VOICE

*** WARNING L16: UNCALLED SEGMENT, IGNORED FOR OVERLAY PROCESS
    SEGMENT: ?PR?BATTERY_STOLEN_SPEECH_F3?VOICE

*** WARNING L16: UNCALLED SEGMENT, IGNORED FOR OVERLAY PROCESS
    SEGMENT: ?PR?WIRE_BROKEN_SPEECH?VOICE

*** WARNING L16: UNCALLED SEGMENT, IGNORED FOR OVERLAY PROCESS
    SEGMENT: ?PR?LOCK_ROTATED_ON_SPEECH?VOICE

*** WARNING L16: UNCALLED SEGMENT, IGNORED FOR OVERLAY PROCESS
    SEGMENT: ?PR?LOCK_ROTATED_OFF_SPEECH?VOICE

*** WARNING L16: UNCALLED SEGMENT, IGNORED FOR OVERLAY PROCESS
    SEGMENT: ?PR?_FLASH_READ_DATA?ISP_DATAFLASH

*** WARNING L16: UNCALLED SEGMENT, IGNORED FOR OVERLAY PROCESS
    SEGMENT: ?PR?SELF_LEARN_PROGRAMMING_F?ISP_DATAFLASH

*** WARNING L16: UNCALLED SEGMENT, IGNORED FOR OVERLAY PROCESS
    SEGMENT: ?PR?INITELECMOTOR?ELECMOTOR

*** WARNING L16: UNCALLED SEGMENT, IGNORED FOR OVERLAY PROCESS
    SEGMENT: ?PR?ELECMOTOR_TEST?ELECMOTOR

*** WARNING L16: UNCALLED SEGMENT, IGNORED FOR OVERLAY PROCESS
    SEGMENT: ?PR?HSCH_DISPATCH_TASKS?SCHEDULAR

*** WARNING L16: UNCALLED SEGMENT, IGNORED FOR OVERLAY PROCESS
    SEGMENT: ?PR?_HSCH_ADD_TASK?SCHEDULAR

*** WARNING L16: UNCALLED SEGMENT, IGNORED FOR OVERLAY PROCESS
    SEGMENT: ?PR?HSCH_UPDATE?SCHEDULAR

*** WARNING L15: MULTIPLE CALL TO SEGMENT
    SEGMENT: ?PR?_SC_SPEECH?VOICE
    CALLER1: ?PR?TIMER0?MAIN
    CALLER2: ?PR?UART_ISR?MAIN

*** WARNING L15: MULTIPLE CALL TO SEGMENT
    SEGMENT: ?PR?_SC_SPEECH?VOICE
    CALLER1: ?PR?UART_ISR?MAIN
    CALLER2: ?C_C51STARTUP

Program Size: data=54.4 xdata=155 code=7143
LINK/LOCATE RUN COMPLETE.  50 WARNING(S),  0 ERROR(S)
