BL51 BANKED LINKER/LOCATER V6.22                                                        11/15/2016  14:57:57  PAGE 1


BL51 BANKED LINKER/LOCATER V6.22, INVOKED BY:
D:\PROGRAM FILES (X86)\KEIL_V5\C51\BIN\BL51.EXE .\AD.obj, .\Battery.obj, .\communication.obj, .\Delay.obj, .\operation.o
>> bj, .\Other.obj, .\pwm.obj, .\Timer.obj, .\voice.obj, .\ISP_DataFlash.obj, .\ElecMotor.obj, .\Schedular.obj, .\UART.o
>> bj, Main.obj TO DDC-Z-new RAMSIZE (256)


MEMORY MODEL: COMPACT


INPUT MODULES INCLUDED:
  .\AD.obj (AD)
  .\Battery.obj (BATTERY)
  .\communication.obj (COMMUNICATION)
  .\Delay.obj (DELAY)
  .\operation.obj (OPERATION)
  .\Other.obj (OTHER)
  .\pwm.obj (PWM)
  .\Timer.obj (TIMER)
  .\voice.obj (VOICE)
  .\ISP_DataFlash.obj (ISP_DATAFLASH)
  .\ElecMotor.obj (ELECMOTOR)
  .\Schedular.obj (SCHEDULAR)
  .\UART.obj (UART)
  Main.obj (MAIN)
  D:\PROGRAM FILES (X86)\KEIL_V5\C51\LIB\C51C.LIB (?C_STARTUP)
  D:\PROGRAM FILES (X86)\KEIL_V5\C51\LIB\C51C.LIB (?C?CLDPTR)
  D:\PROGRAM FILES (X86)\KEIL_V5\C51\LIB\C51C.LIB (?C?LMUL)
  D:\PROGRAM FILES (X86)\KEIL_V5\C51\LIB\C51C.LIB (?C?ULDIV)
  D:\PROGRAM FILES (X86)\KEIL_V5\C51\LIB\C51C.LIB (?C?LNEG)
  D:\PROGRAM FILES (X86)\KEIL_V5\C51\LIB\C51C.LIB (?C?ICALL)
  D:\PROGRAM FILES (X86)\KEIL_V5\C51\LIB\C51C.LIB (?C?LIMUL)
  D:\PROGRAM FILES (X86)\KEIL_V5\C51\LIB\C51C.LIB (?C_INIT)


LINK MAP OF MODULE:  DDC-Z-new (AD)


            TYPE    BASE      LENGTH    RELOCATION   SEGMENT NAME
            -----------------------------------------------------

            * * * * * * *   D A T A   M E M O R Y   * * * * * * *
            REG     0000H     0008H     ABSOLUTE     "REG BANK 0"
                    0008H     0018H                  *** GAP ***
            BIT     0020H.0   0004H.7   UNIT         ?BI?MAIN
            BIT     0024H.7   0000H.3   UNIT         ?BI?OPERATION
            BIT     0025H.2   0000H.1   UNIT         ?BI?ELECMOTOR
            BIT     0025H.3   0000H.1   UNIT         ?BI?_HSCH_ADD_TASK?SCHEDULAR
            BIT     0025H.4   0000H.1   UNIT         _BIT_GROUP_
                    0025H.5   0000H.3                *** GAP ***
            DATA    0026H     0028H     UNIT         ?DT?SCHEDULAR
            IDATA   004EH     0001H     UNIT         ?STACK

            * * * * * * *  X D A T A   M E M O R Y  * * * * * * *
            XDATA   0000H     0002H     INPAGE       ?PD?BATTERY
            XDATA   0002H     0003H     INPAGE       ?PD?INITSIGNAL?COMMUNICATION
            XDATA   0005H     0003H     INPAGE       ?PD?INITSIGNAL_F?COMMUNICATION
            XDATA   0008H     0003H     INPAGE       ?PD?_SEND_DATA?COMMUNICATION
            XDATA   000BH     0007H     INPAGE       ?PD?COMMUNICATION
BL51 BANKED LINKER/LOCATER V6.22                                                      11/15/2016  14:57:57  PAGE 2


            XDATA   0012H     0004H     INPAGE       ?PD?_CUSTOM_DELAY?DELAY
            XDATA   0016H     0002H     INPAGE       ?PD?DELAY
            XDATA   0018H     000AH     INPAGE       ?PD?OPERATION
            XDATA   0022H     0002H     INPAGE       ?PD?PWM
            XDATA   0024H     0002H     INPAGE       ?PD?_INITTIMER?TIMER
            XDATA   0026H     0004H     INPAGE       ?PD?TIMER
            XDATA   002AH     0001H     INPAGE       ?PD?VOICE
            XDATA   002BH     0003H     INPAGE       ?PD?_FLASH_READ_DATA?ISP_DATAFLASH
            XDATA   002EH     0002H     INPAGE       ?PD?ELECMOTOR_STOPCODE?ELECMOTOR
            XDATA   0030H     0001H     INPAGE       ?PD?ELECMOTOR
            XDATA   0031H     0001H     INPAGE       ?PD?HSCH_DISPATCH_TASKS?SCHEDULAR
            XDATA   0032H     0002H     INPAGE       ?PD?_HSCH_ADD_TASK?SCHEDULAR
            XDATA   0034H     0001H     INPAGE       ?PD?HSCH_UPDATE?SCHEDULAR
            XDATA   0035H     0004H     INPAGE       ?PD?SCHEDULAR
            XDATA   0039H     0003H     INPAGE       ?PD?_SENDNBYTE?UART
            XDATA   003CH     003CH     INPAGE       ?PD?MAIN
            XDATA   0078H     0008H     INPAGE       _PDATA_GROUP_

            * * * * * * *   C O D E   M E M O R Y   * * * * * * *
            CODE    0000H     0003H     ABSOLUTE     
            CODE    0003H     0008H     INBLOCK      ?PR?MYPWM?PWM
            CODE    000BH     0003H     ABSOLUTE     
            CODE    000EH     0015H     INBLOCK      ?PR?SELF_LEARN_SPEECH?VOICE
            CODE    0023H     0003H     ABSOLUTE     
            CODE    0026H     0232H     INBLOCK      ?PR?_VERIFYBATTERY?BATTERY
            CODE    0258H     01B6H     INBLOCK      ?PR?TIMER0?MAIN
            CODE    040EH     0177H     UNIT         ?C?LIB_CODE
            CODE    0585H     011FH     INBLOCK      ?PR?UART_ISR?MAIN
            CODE    06A4H     0114H     UNIT         ?C_INITSEG
            CODE    07B8H     0048H     INBLOCK      ?PR?INITSIGNAL?COMMUNICATION
            CODE    0800H     00C2H     INBLOCK      ?PR?HSCH_UPDATE?SCHEDULAR
            CODE    08C2H     008CH     UNIT         ?C_C51STARTUP
            CODE    094EH     007DH     INBLOCK      ?PR?_HSCH_ADD_TASK?SCHEDULAR
            CODE    09CBH     0078H     INBLOCK      ?PR?_GETADCRESULT?AD
            CODE    0A43H     0075H     INBLOCK      ?PR?_INITTIMER?TIMER
            CODE    0AB8H     0071H     INBLOCK      ?PR?HSCH_DISPATCH_TASKS?SCHEDULAR
            CODE    0B29H     006FH     INBLOCK      ?PR?DETECT_VIBRATION?OPERATION
            CODE    0B98H     006AH     INBLOCK      ?PR?RECEIVE_BYTE?COMMUNICATION
            CODE    0C02H     006AH     INBLOCK      ?PR?RECEIVE_BYTE_LOCK?COMMUNICATION
            CODE    0C6CH     0062H     INBLOCK      ?PR?DETECT_SELFLEARN_ACTION?OPERATION
            CODE    0CCEH     0062H     INBLOCK      ?PR?_PWM_CHANNEL?PWM
            CODE    0D30H     0060H     INBLOCK      ?PR?_SEND_DATA?COMMUNICATION
            CODE    0D90H     005BH     INBLOCK      ?PR?DETECT_CLOSE_ACTION?OPERATION
            CODE    0DEBH     0056H     INBLOCK      ?PR?ELECMOTOR_CODE?ELECMOTOR
            CODE    0E41H     0056H     INBLOCK      ?PR?ELECMOTOR_CLOSECODE?ELECMOTOR
            CODE    0E97H     0056H     INBLOCK      ?PR?ELECMOTOR_STOPCODE?ELECMOTOR
            CODE    0EEDH     004CH     INBLOCK      ?PR?_INITT0?TIMER
            CODE    0F39H     004BH     INBLOCK      ?PR?_HSCH_DELETE_TASK?SCHEDULAR
            CODE    0F84H     0048H     INBLOCK      ?PR?INITSIGNAL_F?COMMUNICATION
            CODE    0FCCH     0032H     INBLOCK      ?PR?SLAVE_NEARBY_OPERATION?OPERATION
            CODE    0FFEH     0001H     INBLOCK      ?PR?KEY_ROTATE_ON_SPEECH?VOICE
            CODE    0FFFH     0001H     INBLOCK      ?PR?HSCH_REPORT_STATUS?SCHEDULAR
            CODE    1000H     0047H     INBLOCK      ?PR?DISABLE_SENSOR?OTHER
            CODE    1047H     0043H     INBLOCK      ?PR?SELF_LEARN_PROGRAMMING?ISP_DATAFLASH
            CODE    108AH     0043H     INBLOCK      ?PR?SELF_LEARN_PROGRAMMING_F?ISP_DATAFLASH
            CODE    10CDH     0041H     INBLOCK      ?PR?RECEIVE_WORD?COMMUNICATION
            CODE    110EH     003FH     INBLOCK      ?PR?_CUSTOM_DELAY?DELAY
BL51 BANKED LINKER/LOCATER V6.22                                                      11/15/2016  14:57:57  PAGE 3


            CODE    114DH     0037H     INBLOCK      ?PR?DETECT_OPEN_ACTION?OPERATION
            CODE    1184H     0036H     INBLOCK      ?PR?_SC_SPEECH?VOICE
            CODE    11BAH     0036H     INBLOCK      ?PR?_INITUART?UART
            CODE    11F0H     0031H     INBLOCK      ?PR?DETECT_WHEEL_MOVING?OPERATION
            CODE    1221H     002EH     INBLOCK      ?PR?BROADCAST_BATTERY?BATTERY
            CODE    124FH     002EH     INBLOCK      ?PR?_FLASH_WRITE_DATA?ISP_DATAFLASH
            CODE    127DH     002BH     INBLOCK      ?PR?_SENDNBYTE?UART
            CODE    12A8H     0029H     INBLOCK      ?PR?ELECMOTOR_TEST?ELECMOTOR
            CODE    12D1H     0026H     INBLOCK      ?PR?SELFLEARN_RESET?OPERATION
            CODE    12F7H     0022H     INBLOCK      ?PR?ENSENSOR_AFTERIDCERT?OPERATION
            CODE    1319H     0022H     INBLOCK      ?PR?ACCUMULATOR_VOICE_PROMOT?VOICE
            CODE    133BH     0022H     INBLOCK      ?PR?MAIN?MAIN
            CODE    135DH     0021H     INBLOCK      ?PR?ENSENSOR_AFTER_SLAVE_AWAY?OPERATION
            CODE    137EH     0020H     INBLOCK      ?PR?_DELAY_MS?DELAY
            CODE    139EH     001EH     INBLOCK      ?PR?SLAVE_AWAY_OPERATION?OPERATION
            CODE    13BCH     001EH     INBLOCK      ?PR?ENSENSOR_AFTER_CLOSE?OPERATION
            CODE    13DAH     001EH     INBLOCK      ?PR?RESET_AFTER_STOLEN_ALARMING?OPERATION
            CODE    13F8H     001EH     INBLOCK      ?PR?_FLASH_READ_DATA?ISP_DATAFLASH
            CODE    1416H     001BH     INBLOCK      ?PR?ELECMOTOR_DELAY_ACW?ELECMOTOR
            CODE    1431H     001AH     INBLOCK      ?PR?DELAY_1MS?DELAY
            CODE    144BH     001AH     INBLOCK      ?PR?DELAY_5MS?DELAY
            CODE    1465H     001AH     INBLOCK      ?PR?DELAY_10MS?DELAY
            CODE    147FH     001AH     INBLOCK      ?PR?DELAY_12MS?DELAY
            CODE    1499H     001AH     INBLOCK      ?PR?DELAY_50MS?DELAY
            CODE    14B3H     001AH     INBLOCK      ?PR?DELAY_100MS?DELAY
            CODE    14CDH     001AH     INBLOCK      ?PR?DELAY_500MS?DELAY
            CODE    14E7H     001AH     INBLOCK      ?PR?TRIGGER_ISP?ISP_DATAFLASH
            CODE    1501H     0019H     INBLOCK      ?PR?_DELAY_US?DELAY
            CODE    151AH     0019H     INBLOCK      ?PR?INITVOICE?VOICE
            CODE    1533H     0018H     INBLOCK      ?PR?INIT_PWM?PWM
            CODE    154BH     0017H     INBLOCK      ?PR?_DELAY?DELAY
            CODE    1562H     0016H     INBLOCK      ?PR?FELL_ALARM_TO_SLAVE?OPERATION
            CODE    1578H     0016H     INBLOCK      ?PR?RAISE_ALARM_TO_SLAVE?OPERATION
            CODE    158EH     0016H     INBLOCK      ?PR?BATSTOLEN_ALARM_TO_SLAVE?OPERATION
            CODE    15A4H     0015H     INBLOCK      ?PR?_FLASH_PAGE_ERASE?ISP_DATAFLASH
            CODE    15B9H     0015H     INBLOCK      ?PR?ELECMOTOR_DELAY_CW?ELECMOTOR
            CODE    15CEH     0014H     INBLOCK      ?PR?DISABLE_ISP?ISP_DATAFLASH
            CODE    15E2H     0013H     INBLOCK      ?PR?ID_SPEECH?VOICE
            CODE    15F5H     0013H     INBLOCK      ?PR?HOST_TOUCH_SPEECH?VOICE
            CODE    1608H     0013H     INBLOCK      ?PR?STOLEN_ALARM_SPEECH2?VOICE
            CODE    161BH     0013H     INBLOCK      ?PR?OPEN_LOCK_SPEECH?VOICE
            CODE    162EH     0013H     INBLOCK      ?PR?ENABLE_ISP?ISP_DATAFLASH
            CODE    1641H     0010H     INBLOCK      ?PR?RESET_AFTER_WIREBROKEN?OPERATION
            CODE    1651H     000FH     INBLOCK      ?PR?HSCH_MANUAL_TIMER0_RELOAD?TIMER
            CODE    1660H     000FH     INBLOCK      ?PR?MOTORBAT_LOW_SPEECH?VOICE
            CODE    166FH     000FH     INBLOCK      ?PR?BATTERY_HINT?VOICE
            CODE    167EH     000FH     INBLOCK      ?PR?HOST_2NDTOUCH_SPEECH?VOICE
            CODE    168DH     000FH     INBLOCK      ?PR?STOLEN_ALARM_SPEECH1?VOICE
            CODE    169CH     000FH     INBLOCK      ?PR?CLOSE_LOCK_SPEECH?VOICE
            CODE    16ABH     000FH     INBLOCK      ?PR?BATTERY_STOLEN_SPEECH?VOICE
            CODE    16BAH     000FH     INBLOCK      ?PR?CUTTING_WIRE_VOICE?VOICE
            CODE    16C9H     000FH     INBLOCK      ?PR?PRODUCT_TEST_VOICE?VOICE
            CODE    16D8H     000FH     INBLOCK      ?PR?BATTERY_LOW_ALARM_SPEECH?VOICE
            CODE    16E7H     000FH     INBLOCK      ?PR?BATTERY_HIGH_ALARM_SPEECH?VOICE
            CODE    16F6H     000FH     INBLOCK      ?PR?ALARM_STOLEN_SPEECH?VOICE
            CODE    1705H     000FH     INBLOCK      ?PR?ALARM_RAISED_SPEECH?VOICE
            CODE    1714H     000FH     INBLOCK      ?PR?ALARM_FELL_SPEECH?VOICE
BL51 BANKED LINKER/LOCATER V6.22                                                      11/15/2016  14:57:57  PAGE 4


            CODE    1723H     000FH     INBLOCK      ?PR?HOST_BATTERY_HIGH_ALARM_SPEECH?VOICE
            CODE    1732H     000FH     INBLOCK      ?PR?BATTERY_STOLEN_SPEECH_F3?VOICE
            CODE    1741H     000FH     INBLOCK      ?PR?WIRE_BROKEN_SPEECH?VOICE
            CODE    1750H     000FH     INBLOCK      ?PR?LOCK_ROTATED_ON_SPEECH?VOICE
            CODE    175FH     000FH     INBLOCK      ?PR?LOCK_ROTATED_OFF_SPEECH?VOICE
            CODE    176EH     000DH     INBLOCK      ?PR?CHECK_MOTOR_ACCUMULATOR?BATTERY
            CODE    177BH     000CH     INBLOCK      ?PR?HOST_STOLEN_ACTION?OPERATION
            CODE    1787H     000CH     INBLOCK      ?PR?ENABLE_SENSOR?OTHER
            CODE    1793H     0009H     INBLOCK      ?PR?DISABLE_SENSOR_AFTER_IDCERT?OPERATION
            CODE    179CH     0009H     INBLOCK      ?PR?ENTER_NOGUARD_VOICE?VOICE
            CODE    17A5H     0008H     INBLOCK      ?PR?_SENDDATA?UART
            CODE    17ADH     0005H     INBLOCK      ?PR?INITSENSOR?OPERATION
            CODE    17B2H     0004H     INBLOCK      ?PR?SEOS_GO_TO_SLEEP?TIMER
            CODE    17B6H     0004H     INBLOCK      ?PR?HSCH_GO_TO_SLEEP?SCHEDULAR
            CODE    17BAH     0003H     INBLOCK      ?PR?HSCH_START?TIMER
            CODE    17BDH     0003H     INBLOCK      ?PR?IDCERTED_SPEECH?VOICE
                    17C0H     1840H                  *** GAP ***
            CODE    3000H     0001H     ABSOLUTE     
            CODE    3001H     0001H     ABSOLUTE     
            CODE    3002H     0001H     ABSOLUTE     
            CODE    3003H     0001H     ABSOLUTE     
            CODE    3004H     0001H     ABSOLUTE     
            CODE    3005H     0001H     ABSOLUTE     



OVERLAY MAP OF MODULE:   DDC-Z-new (AD)


SEGMENT                                             BIT_GROUP          PDATA_GROUP
  +--> CALLED SEGMENT                            START    LENGTH     START    LENGTH
------------------------------------------------------------------------------------
?PR?TIMER0?MAIN                                  -----    -----      -----    -----
  +--> ?PR?CHECK_MOTOR_ACCUMULATOR?BATTERY
  +--> ?PR?ACCUMULATOR_VOICE_PROMOT?VOICE
  +--> ?PR?ENSENSOR_AFTERIDCERT?OPERATION
  +--> ?PR?ENSENSOR_AFTER_CLOSE?OPERATION
  +--> ?PR?HOST_STOLEN_ACTION?OPERATION
  +--> ?PR?DISABLE_SENSOR_AFTER_IDCERT?OPERA...
  +--> ?PR?RESET_AFTER_WIREBROKEN?OPERATION
  +--> ?PR?RESET_AFTER_STOLEN_ALARMING?OPERA...
  +--> ?PR?SELFLEARN_RESET?OPERATION
  +--> ?PR?ENTER_NOGUARD_VOICE?VOICE
  +--> ?PR?DETECT_SELFLEARN_ACTION?OPERATION
  +--> ?PR?DETECT_VIBRATION?OPERATION
  +--> ?PR?DETECT_WHEEL_MOVING?OPERATION
  +--> ?PR?DETECT_OPEN_ACTION?OPERATION
  +--> ?PR?DETECT_CLOSE_ACTION?OPERATION
  +--> ?PR?BATTERY_HINT?VOICE
  +--> ?PR?DELAY_500MS?DELAY
  +--> ?PR?HOST_TOUCH_SPEECH?VOICE

?PR?CHECK_MOTOR_ACCUMULATOR?BATTERY              -----    -----      -----    -----
  +--> ?PR?_GETADCRESULT?AD

?PR?ACCUMULATOR_VOICE_PROMOT?VOICE               -----    -----      -----    -----
  +--> ?PR?BROADCAST_BATTERY?BATTERY
BL51 BANKED LINKER/LOCATER V6.22                                                      11/15/2016  14:57:57  PAGE 5



?PR?BROADCAST_BATTERY?BATTERY                    -----    -----      -----    -----
  +--> ?PR?_VERIFYBATTERY?BATTERY

?PR?_VERIFYBATTERY?BATTERY                       -----    -----      0078H    0002H
  +--> ?PR?_SC_SPEECH?VOICE
  +--> ?PR?_DELAY?DELAY
  +--> ?PR?DELAY_50MS?DELAY

?PR?_SC_SPEECH?VOICE                             -----    -----      007EH    0002H
  +--> ?PR?DELAY_50MS?DELAY
  +--> ?PR?_DELAY_US?DELAY

?PR?ENSENSOR_AFTERIDCERT?OPERATION               -----    -----      -----    -----
  +--> ?PR?ENABLE_SENSOR?OTHER

?PR?ENSENSOR_AFTER_CLOSE?OPERATION               -----    -----      -----    -----
  +--> ?PR?ENABLE_SENSOR?OTHER

?PR?HOST_STOLEN_ACTION?OPERATION                 -----    -----      -----    -----
  +--> ?PR?STOLEN_ALARM_SPEECH1?VOICE
  +--> ?PR?STOLEN_ALARM_SPEECH2?VOICE

?PR?STOLEN_ALARM_SPEECH1?VOICE                   -----    -----      -----    -----
  +--> ?PR?_SC_SPEECH?VOICE
  +--> ?PR?_DELAY?DELAY

?PR?STOLEN_ALARM_SPEECH2?VOICE                   -----    -----      -----    -----
  +--> ?PR?_SC_SPEECH?VOICE
  +--> ?PR?_DELAY?DELAY

?PR?DISABLE_SENSOR_AFTER_IDCERT?OPERA...         -----    -----      -----    -----
  +--> ?PR?DISABLE_SENSOR?OTHER

?PR?ENTER_NOGUARD_VOICE?VOICE                    -----    -----      -----    -----
  +--> ?PR?SELF_LEARN_SPEECH?VOICE

?PR?SELF_LEARN_SPEECH?VOICE                      -----    -----      -----    -----
  +--> ?PR?_SC_SPEECH?VOICE
  +--> ?PR?_DELAY?DELAY

?PR?DETECT_SELFLEARN_ACTION?OPERATION            -----    -----      -----    -----
  +--> ?PR?SELF_LEARN_SPEECH?VOICE
  +--> ?PR?SELF_LEARN_PROGRAMMING?ISP_DATAFLASH

?PR?SELF_LEARN_PROGRAMMING?ISP_DATAFLASH         -----    -----      -----    -----
  +--> ?PR?_FLASH_PAGE_ERASE?ISP_DATAFLASH
  +--> ?PR?_FLASH_WRITE_DATA?ISP_DATAFLASH

?PR?_FLASH_PAGE_ERASE?ISP_DATAFLASH              -----    -----      0078H    0002H
  +--> ?PR?ENABLE_ISP?ISP_DATAFLASH
  +--> ?PR?TRIGGER_ISP?ISP_DATAFLASH
  +--> ?PR?DISABLE_ISP?ISP_DATAFLASH

?PR?ENABLE_ISP?ISP_DATAFLASH                     -----    -----      -----    -----
  +--> ?PR?TRIGGER_ISP?ISP_DATAFLASH

BL51 BANKED LINKER/LOCATER V6.22                                                      11/15/2016  14:57:57  PAGE 6


?PR?DISABLE_ISP?ISP_DATAFLASH                    -----    -----      -----    -----
  +--> ?PR?TRIGGER_ISP?ISP_DATAFLASH

?PR?_FLASH_WRITE_DATA?ISP_DATAFLASH              -----    -----      0078H    0003H
  +--> ?PR?ENABLE_ISP?ISP_DATAFLASH
  +--> ?PR?TRIGGER_ISP?ISP_DATAFLASH
  +--> ?PR?DISABLE_ISP?ISP_DATAFLASH

?PR?DETECT_OPEN_ACTION?OPERATION                 -----    -----      -----    -----
  +--> ?PR?DISABLE_SENSOR?OTHER
  +--> ?PR?ELECMOTOR_CODE?ELECMOTOR
  +--> ?PR?SLAVE_NEARBY_OPERATION?OPERATION

?PR?ELECMOTOR_CODE?ELECMOTOR                     -----    -----      0078H    0002H
  +--> ?PR?DELAY_12MS?DELAY
  +--> ?PR?DELAY_5MS?DELAY

?PR?SLAVE_NEARBY_OPERATION?OPERATION             -----    -----      -----    -----
  +--> ?PR?DELAY_500MS?DELAY
  +--> ?PR?BROADCAST_BATTERY?BATTERY
  +--> ?PR?OPEN_LOCK_SPEECH?VOICE
  +--> ?PR?KEY_ROTATE_ON_SPEECH?VOICE

?PR?OPEN_LOCK_SPEECH?VOICE                       -----    -----      -----    -----
  +--> ?PR?_SC_SPEECH?VOICE
  +--> ?PR?_DELAY?DELAY

?PR?DETECT_CLOSE_ACTION?OPERATION                -----    -----      -----    -----
  +--> ?PR?ELECMOTOR_CLOSECODE?ELECMOTOR
  +--> ?PR?SLAVE_AWAY_OPERATION?OPERATION

?PR?ELECMOTOR_CLOSECODE?ELECMOTOR                -----    -----      0078H    0002H
  +--> ?PR?DELAY_12MS?DELAY
  +--> ?PR?DELAY_5MS?DELAY

?PR?SLAVE_AWAY_OPERATION?OPERATION               -----    -----      -----    -----
  +--> ?PR?CLOSE_LOCK_SPEECH?VOICE
  +--> ?PR?BROADCAST_BATTERY?BATTERY
  +--> ?PR?_DELAY?DELAY

?PR?CLOSE_LOCK_SPEECH?VOICE                      -----    -----      -----    -----
  +--> ?PR?_SC_SPEECH?VOICE
  +--> ?PR?_DELAY?DELAY

?PR?BATTERY_HINT?VOICE                           -----    -----      -----    -----
  +--> ?PR?_SC_SPEECH?VOICE
  +--> ?PR?_DELAY?DELAY

?PR?HOST_TOUCH_SPEECH?VOICE                      -----    -----      -----    -----
  +--> ?PR?_SC_SPEECH?VOICE
  +--> ?PR?_DELAY?DELAY

*** NEW ROOT ***************************************************

?PR?UART_ISR?MAIN                                -----    -----      -----    -----
  +--> ?PR?IDCERTED_SPEECH?VOICE

BL51 BANKED LINKER/LOCATER V6.22                                                      11/15/2016  14:57:57  PAGE 7


?PR?IDCERTED_SPEECH?VOICE                        -----    -----      -----    -----
  +--> ?PR?ID_SPEECH?VOICE

?PR?ID_SPEECH?VOICE                              -----    -----      -----    -----
  +--> ?PR?_SC_SPEECH?VOICE
  +--> ?PR?_DELAY?DELAY

*** NEW ROOT ***************************************************

?C_C51STARTUP                                    -----    -----      -----    -----
  +--> ?PR?MAIN?MAIN
  +--> ?C_INITSEG

?PR?MAIN?MAIN                                    -----    -----      -----    -----
  +--> ?PR?INITVOICE?VOICE
  +--> ?PR?ID_SPEECH?VOICE
  +--> ?PR?_INITUART?UART
  +--> ?PR?INITSENSOR?OPERATION

?PR?INITVOICE?VOICE                              -----    -----      -----    -----
  +--> ?PR?_DELAY_US?DELAY

?PR?_INITUART?UART                               -----    -----      -----    -----
  +--> ?PR?_INITT0?TIMER

?PR?_INITT0?TIMER                                -----    -----      007EH    0002H
  +--> ?PR?_HSCH_DELETE_TASK?SCHEDULAR
  +--> ?PR?HSCH_MANUAL_TIMER0_RELOAD?TIMER

?PR?_HSCH_DELETE_TASK?SCHEDULAR                  0025H.4  0000H.1    -----    -----



UNRESOLVED EXTERNAL SYMBOLS:
   CLOSE_TRANCEIVER
   ELECMOTOR_ACW
   ELECMOTOR_CW
   _UART_SEND_DATA



SYMBOL TABLE OF MODULE:  DDC-Z-new (AD)

  VALUE           TYPE          NAME
  ----------------------------------

  -------         MODULE        AD
  C:0000H         SYMBOL        _ICE_DUMMY_
  D:0080H         PUBLIC        P0
  D:0090H         PUBLIC        P1
  D:00A0H         PUBLIC        P2
  D:00B0H         PUBLIC        P3
  D:00A8H         PUBLIC        IE
  D:00E2H         PUBLIC        ADCH
  B:00F8H.4       PUBLIC        ADCI
  D:00B8H         PUBLIC        IP
  B:00F8H.3       PUBLIC        ADCS
BL51 BANKED LINKER/LOCATER V6.22                                                      11/15/2016  14:57:57  PAGE 8


  D:00F6H         PUBLIC        P0DIDS
  D:00D8H         PUBLIC        WDCON0
  D:0098H         PUBLIC        SCON
  D:0088H         PUBLIC        TCON
  B:00F8H.0       PUBLIC        AADR0
  B:00F8H.1       PUBLIC        AADR1
  B:00F8H.2       PUBLIC        AADR2
  D:00E8H         PUBLIC        EIE
  D:00F8H         PUBLIC        ADCCON0
  D:00E1H         PUBLIC        ADCCON1
  D:00C0H         PUBLIC        I2CON
  D:00C8H         PUBLIC        T2CON
  C:09CBH         PUBLIC        _GetADCResult
  D:00D0H         PUBLIC        PSW
  -------         PROC          _GETADCRESULT
  D:0007H         SYMBOL        ch
  -------         DO            
  D:0005H         SYMBOL        DataL
  D:0002H         SYMBOL        DataH
  -------         ENDDO         
  C:09CBH         LINE#         17
  C:09CBH         LINE#         18
  C:09CBH         LINE#         19
  C:09CCH         LINE#         20
  C:09CDH         LINE#         22
  C:09D2H         LINE#         23
  C:09D2H         LINE#         25
  C:09D5H         LINE#         27
  C:09D7H         LINE#         28
  C:09D9H         LINE#         29
  C:09DBH         LINE#         31
  C:09DEH         LINE#         33
  C:09E0H         LINE#         34
  C:09E2H         LINE#         36
  C:09E4H         LINE#         37
  C:09EBH         LINE#         39
  C:09EFH         LINE#         40
  C:0A01H         LINE#         42
  C:0A05H         LINE#         43
  C:0A05H         LINE#         45
  C:0A0AH         LINE#         46
  C:0A0AH         LINE#         48
  C:0A0DH         LINE#         51
  C:0A0FH         LINE#         52
  C:0A11H         LINE#         53
  C:0A13H         LINE#         55
  C:0A16H         LINE#         57
  C:0A18H         LINE#         58
  C:0A1AH         LINE#         60
  C:0A1CH         LINE#         61
  C:0A23H         LINE#         63
  C:0A29H         LINE#         64
  C:0A3BH         LINE#         66
  C:0A3FH         LINE#         67
  C:0A3FH         LINE#         69
  C:0A42H         LINE#         70
  -------         ENDPROC       _GETADCRESULT
BL51 BANKED LINKER/LOCATER V6.22                                                      11/15/2016  14:57:57  PAGE 9


  -------         ENDMOD        AD

  -------         MODULE        BATTERY
  C:0000H         SYMBOL        _ICE_DUMMY_
  C:176EH         PUBLIC        Check_motor_accumulator
  D:0080H         PUBLIC        P0
  D:0090H         PUBLIC        P1
  D:00A0H         PUBLIC        P2
  D:00B0H         PUBLIC        P3
  X:0000H         PUBLIC        Check2_stage
  B:0090H.4       PUBLIC        voice_EN
  D:00A8H         PUBLIC        IE
  D:00B8H         PUBLIC        IP
  C:0026H         PUBLIC        _verifybattery
  D:00D8H         PUBLIC        WDCON0
  D:0098H         PUBLIC        SCON
  D:0088H         PUBLIC        TCON
  D:00E8H         PUBLIC        EIE
  D:00F8H         PUBLIC        ADCCON0
  X:0001H         PUBLIC        Battery_level
  D:00C0H         PUBLIC        I2CON
  D:00C8H         PUBLIC        T2CON
  B:00A0H.0       PUBLIC        SC_RST
  C:1221H         PUBLIC        Broadcast_battery
  D:00D0H         PUBLIC        PSW
  -------         PROC          CHECK_MOTOR_ACCUMULATOR
  C:176EH         LINE#         24
  C:176EH         LINE#         25
  C:176EH         LINE#         27
  C:177AH         LINE#         28
  -------         ENDPROC       CHECK_MOTOR_ACCUMULATOR
  -------         PROC          BROADCAST_BATTERY
  C:1221H         LINE#         34
  C:1221H         LINE#         35
  C:1221H         LINE#         36
  C:123EH         LINE#         37
  C:123EH         LINE#         38
  C:1245H         LINE#         39
  C:1245H         LINE#         40
  -------         ENDPROC       BROADCAST_BATTERY
  -------         PROC          _VERIFYBATTERY
  X:0078H         SYMBOL        Check2
  C:0026H         LINE#         48
  C:002DH         LINE#         49
  C:002DH         LINE#         52
  C:002FH         LINE#         53
  C:0034H         LINE#         54
  C:0039H         LINE#         56
  C:0045H         LINE#         57
  C:0045H         LINE#         58
  C:0045H         LINE#         59
  C:0045H         LINE#         60
  C:0047H         LINE#         61
  C:005EH         LINE#         62
  C:005EH         LINE#         63
  C:005EH         LINE#         64
  C:005EH         LINE#         65
BL51 BANKED LINKER/LOCATER V6.22                                                      11/15/2016  14:57:57  PAGE 10


  C:0060H         LINE#         66
  C:0077H         LINE#         67
  C:0077H         LINE#         68
  C:007CH         LINE#         69
  C:0081H         LINE#         70
  C:0083H         LINE#         71
  C:0083H         LINE#         72
  C:0085H         LINE#         73
  C:009CH         LINE#         74
  C:009CH         LINE#         75
  C:00A1H         LINE#         76
  C:00A6H         LINE#         77
  C:00ABH         LINE#         78
  C:00B0H         LINE#         79
  C:00B2H         LINE#         80
  C:00B2H         LINE#         81
  C:00B4H         LINE#         82
  C:00CBH         LINE#         83
  C:00CBH         LINE#         84
  C:00D0H         LINE#         85
  C:00D5H         LINE#         86
  C:00DAH         LINE#         87
  C:00DFH         LINE#         88
  C:00E1H         LINE#         89
  C:00E1H         LINE#         90
  C:00E3H         LINE#         91
  C:00FAH         LINE#         92
  C:00FAH         LINE#         93
  C:00FFH         LINE#         94
  C:0104H         LINE#         95
  C:0109H         LINE#         96
  C:010EH         LINE#         97
  C:0110H         LINE#         98
  C:0110H         LINE#         99
  C:0112H         LINE#         100
  C:0129H         LINE#         101
  C:0129H         LINE#         102
  C:012EH         LINE#         103
  C:0133H         LINE#         104
  C:0138H         LINE#         105
  C:013DH         LINE#         106
  C:013FH         LINE#         107
  C:013FH         LINE#         108
  C:0141H         LINE#         109
  C:0158H         LINE#         110
  C:0158H         LINE#         111
  C:015DH         LINE#         112
  C:0162H         LINE#         113
  C:0167H         LINE#         114
  C:016CH         LINE#         115
  C:016EH         LINE#         116
  C:016EH         LINE#         117
  C:0170H         LINE#         118
  C:0187H         LINE#         119
  C:0187H         LINE#         120
  C:018CH         LINE#         121
  C:0191H         LINE#         122
BL51 BANKED LINKER/LOCATER V6.22                                                      11/15/2016  14:57:57  PAGE 11


  C:0193H         LINE#         123
  C:0193H         LINE#         124
  C:0195H         LINE#         125
  C:01ACH         LINE#         126
  C:01ACH         LINE#         127
  C:01B1H         LINE#         128
  C:01B6H         LINE#         129
  C:01BBH         LINE#         130
  C:01C0H         LINE#         131
  C:01C2H         LINE#         132
  C:01C2H         LINE#         133
  C:01C4H         LINE#         134
  C:01DBH         LINE#         135
  C:01DBH         LINE#         136
  C:01E0H         LINE#         137
  C:01E5H         LINE#         138
  C:01EAH         LINE#         139
  C:01EFH         LINE#         140
  C:01F1H         LINE#         141
  C:01F1H         LINE#         142
  C:01F3H         LINE#         143
  C:020AH         LINE#         144
  C:020AH         LINE#         145
  C:020FH         LINE#         146
  C:0214H         LINE#         147
  C:0219H         LINE#         148
  C:021EH         LINE#         149
  C:0220H         LINE#         150
  C:0220H         LINE#         151
  C:0222H         LINE#         152
  C:022EH         LINE#         153
  C:022EH         LINE#         154
  C:0233H         LINE#         155
  C:0238H         LINE#         156
  C:023DH         LINE#         157
  C:0242H         LINE#         158
  C:0242H         LINE#         160
  C:0247H         LINE#         161
  C:024CH         LINE#         162
  C:024EH         LINE#         163
  C:0250H         LINE#         164
  C:0253H         LINE#         165
  C:0255H         LINE#         166
  -------         ENDPROC       _VERIFYBATTERY
  -------         ENDMOD        BATTERY

  -------         MODULE        COMMUNICATION
  C:0000H         SYMBOL        _ICE_DUMMY_
  C:0B98H         PUBLIC        receive_byte
  D:0080H         PUBLIC        P0
  D:0090H         PUBLIC        P1
  B:00B0H.0       PUBLIC        receive_wire
  D:00A0H         PUBLIC        P2
  D:00B0H         PUBLIC        P3
  C:10CDH         PUBLIC        receive_word
  D:00A8H         PUBLIC        IE
  D:00B8H         PUBLIC        IP
BL51 BANKED LINKER/LOCATER V6.22                                                      11/15/2016  14:57:57  PAGE 12


  D:00D8H         PUBLIC        WDCON0
  B:0090H.0       PUBLIC        P10
  B:0090H.1       PUBLIC        P11
  D:0098H         PUBLIC        SCON
  D:0088H         PUBLIC        TCON
  C:07B8H         PUBLIC        initsignal
  D:00E8H         PUBLIC        EIE
  D:00F8H         PUBLIC        ADCCON0
  D:00C0H         PUBLIC        I2CON
  C:0F84H         PUBLIC        initsignal_F
  D:00C8H         PUBLIC        T2CON
  C:0D30H         PUBLIC        _Send_Data
  C:0C02H         PUBLIC        receive_byte_Lock
  D:00D0H         PUBLIC        PSW
  X:000BH         PUBLIC        myTxRxData
  -------         PROC          INITSIGNAL
  -------         DO            
  X:0002H         SYMBOL        k
  X:0003H         SYMBOL        k1
  X:0004H         SYMBOL        mystartbuffer
  -------         ENDDO         
  C:07B8H         LINE#         53
  C:07B8H         LINE#         54
  C:07B8H         LINE#         56
  C:07BDH         LINE#         57
  C:07C0H         LINE#         58
  C:07C0H         LINE#         59
  C:07C4H         LINE#         60
  C:07C4H         LINE#         61
  C:07C7H         LINE#         62
  C:07C7H         LINE#         63
  C:07C7H         LINE#         64
  C:07C7H         LINE#         66
  C:07C7H         LINE#         68
  C:07C7H         LINE#         69
  C:07C9H         LINE#         70
  C:07D2H         LINE#         72
  C:07D2H         LINE#         73
  C:07D4H         LINE#         74
  C:07DAH         LINE#         75
  C:07E3H         LINE#         77
  C:07EEH         LINE#         78
  C:07F3H         LINE#         81
  C:07FDH         LINE#         82
  C:07FFH         LINE#         83
  -------         ENDPROC       INITSIGNAL
  -------         PROC          INITSIGNAL_F
  -------         DO            
  X:0005H         SYMBOL        k
  X:0006H         SYMBOL        k1
  X:0007H         SYMBOL        mystartbuffer
  -------         ENDDO         
  C:0F84H         LINE#         85
  C:0F84H         LINE#         86
  C:0F84H         LINE#         88
  C:0F89H         LINE#         89
  C:0F8CH         LINE#         90
BL51 BANKED LINKER/LOCATER V6.22                                                      11/15/2016  14:57:57  PAGE 13


  C:0F8CH         LINE#         92
  C:0F90H         LINE#         97
  C:0F90H         LINE#         98
  C:0F93H         LINE#         99
  C:0F93H         LINE#         100
  C:0F93H         LINE#         101
  C:0F93H         LINE#         103
  C:0F93H         LINE#         105
  C:0F93H         LINE#         106
  C:0F95H         LINE#         107
  C:0F9EH         LINE#         109
  C:0F9EH         LINE#         110
  C:0FA0H         LINE#         111
  C:0FA6H         LINE#         112
  C:0FAFH         LINE#         114
  C:0FBAH         LINE#         115
  C:0FBFH         LINE#         118
  C:0FC9H         LINE#         119
  C:0FCBH         LINE#         120
  -------         ENDPROC       INITSIGNAL_F
  -------         PROC          _SEND_DATA
  X:0008H         SYMBOL        x
  -------         DO            
  X:0009H         SYMBOL        i
  X:000AH         SYMBOL        n
  -------         ENDDO         
  C:0D30H         LINE#         126
  C:0D34H         LINE#         127
  C:0D34H         LINE#         129
  C:0D37H         LINE#         130
  C:0D37H         LINE#         131
  C:0D3BH         LINE#         132
  C:0D3BH         LINE#         133
  C:0D45H         LINE#         134
  C:0D45H         LINE#         135
  C:0D47H         LINE#         136
  C:0D4FH         LINE#         137
  C:0D51H         LINE#         139
  C:0D51H         LINE#         140
  C:0D53H         LINE#         141
  C:0D5EH         LINE#         142
  C:0D5EH         LINE#         143
  C:0D60H         LINE#         144
  C:0D6EH         LINE#         145
  C:0D79H         LINE#         146
  C:0D84H         LINE#         147
  C:0D8FH         LINE#         148
  -------         ENDPROC       _SEND_DATA
  -------         PROC          RECEIVE_BYTE
  C:0B98H         LINE#         399
  C:0B98H         LINE#         400
  C:0B98H         LINE#         402
  C:0B9BH         LINE#         403
  C:0B9BH         LINE#         405
  C:0BA5H         LINE#         406
  C:0BA5H         LINE#         407
  C:0BA7H         LINE#         408
BL51 BANKED LINKER/LOCATER V6.22                                                      11/15/2016  14:57:57  PAGE 14


  C:0BA7H         LINE#         409
  C:0BA9H         LINE#         410
  C:0BAAH         LINE#         413
  C:0BAAH         LINE#         415
  C:0BADH         LINE#         416
  C:0BADH         LINE#         418
  C:0BAFH         LINE#         421
  C:0BBEH         LINE#         422
  C:0BBEH         LINE#         424
  C:0BC4H         LINE#         425
  C:0BC6H         LINE#         426
  C:0BC6H         LINE#         427
  C:0BC6H         LINE#         428
  C:0BC8H         LINE#         430
  C:0BD0H         LINE#         431
  C:0BD0H         LINE#         433
  C:0BD6H         LINE#         434
  C:0BD9H         LINE#         435
  C:0BDEH         LINE#         436
  C:0BE2H         LINE#         437
  C:0BE4H         LINE#         439
  C:0BE4H         LINE#         441
  C:0BE9H         LINE#         442
  C:0BE9H         LINE#         444
  C:0BEDH         LINE#         445
  C:0BEEH         LINE#         447
  C:0BEEH         LINE#         449
  C:0BF8H         LINE#         450
  C:0BF8H         LINE#         451
  C:0BFCH         LINE#         452
  C:0BFEH         LINE#         453
  C:0C01H         LINE#         454
  C:0C01H         LINE#         455
  C:0C01H         LINE#         456
  C:0C01H         LINE#         457
  -------         ENDPROC       RECEIVE_BYTE
  -------         PROC          RECEIVE_BYTE_LOCK
  C:0C02H         LINE#         463
  C:0C02H         LINE#         464
  C:0C02H         LINE#         466
  C:0C05H         LINE#         467
  C:0C05H         LINE#         469
  C:0C0FH         LINE#         470
  C:0C0FH         LINE#         471
  C:0C11H         LINE#         472
  C:0C11H         LINE#         473
  C:0C13H         LINE#         474
  C:0C14H         LINE#         477
  C:0C14H         LINE#         479
  C:0C17H         LINE#         480
  C:0C17H         LINE#         482
  C:0C19H         LINE#         485
  C:0C28H         LINE#         486
  C:0C28H         LINE#         488
  C:0C2EH         LINE#         489
  C:0C30H         LINE#         490
  C:0C30H         LINE#         491
BL51 BANKED LINKER/LOCATER V6.22                                                      11/15/2016  14:57:57  PAGE 15


  C:0C30H         LINE#         492
  C:0C32H         LINE#         494
  C:0C3AH         LINE#         495
  C:0C3AH         LINE#         497
  C:0C40H         LINE#         498
  C:0C43H         LINE#         499
  C:0C48H         LINE#         500
  C:0C4CH         LINE#         501
  C:0C4EH         LINE#         503
  C:0C4EH         LINE#         505
  C:0C53H         LINE#         506
  C:0C53H         LINE#         508
  C:0C57H         LINE#         509
  C:0C58H         LINE#         511
  C:0C58H         LINE#         513
  C:0C62H         LINE#         514
  C:0C62H         LINE#         515
  C:0C66H         LINE#         516
  C:0C68H         LINE#         517
  C:0C6BH         LINE#         518
  C:0C6BH         LINE#         519
  C:0C6BH         LINE#         520
  C:0C6BH         LINE#         521
  -------         ENDPROC       RECEIVE_BYTE_LOCK
  -------         PROC          RECEIVE_WORD
  C:10CDH         LINE#         527
  C:10CDH         LINE#         528
  C:10CDH         LINE#         530
  C:10D4H         LINE#         531
  C:10D4H         LINE#         532
  C:10D5H         LINE#         534
  C:10E2H         LINE#         537
  C:10EBH         LINE#         538
  C:10EBH         LINE#         539
  C:10F0H         LINE#         540
  C:10F1H         LINE#         542
  C:10FBH         LINE#         543
  C:10FBH         LINE#         544
  C:1100H         LINE#         545
  C:1101H         LINE#         546
  C:1105H         LINE#         547
  C:1105H         LINE#         548
  C:1107H         LINE#         549
  C:1107H         LINE#         550
  C:1109H         LINE#         552
  C:1109H         LINE#         553
  C:110DH         LINE#         554
  C:110DH         LINE#         555
  C:110DH         LINE#         556
  -------         ENDPROC       RECEIVE_WORD
  -------         ENDMOD        COMMUNICATION

  -------         MODULE        DELAY
  C:0000H         SYMBOL        _ICE_DUMMY_
  D:0080H         PUBLIC        P0
  D:0090H         PUBLIC        P1
  D:00A0H         PUBLIC        P2
BL51 BANKED LINKER/LOCATER V6.22                                                      11/15/2016  14:57:57  PAGE 16


  D:00B0H         PUBLIC        P3
  X:0016H         PUBLIC        Timeout_loop
  D:00A8H         PUBLIC        IE
  C:1465H         PUBLIC        Delay_10ms
  C:147FH         PUBLIC        Delay_12ms
  C:1499H         PUBLIC        Delay_50ms
  D:00B8H         PUBLIC        IP
  D:00D8H         PUBLIC        WDCON0
  D:0098H         PUBLIC        SCON
  D:0088H         PUBLIC        TCON
  C:14B3H         PUBLIC        Delay_100ms
  C:14CDH         PUBLIC        Delay_500ms
  C:110EH         PUBLIC        _Custom_Delay
  C:137EH         PUBLIC        _delay_ms
  D:00E8H         PUBLIC        EIE
  D:00F8H         PUBLIC        ADCCON0
  C:1501H         PUBLIC        _delay_us
  D:00C0H         PUBLIC        I2CON
  C:1431H         PUBLIC        Delay_1ms
  D:00C8H         PUBLIC        T2CON
  C:144BH         PUBLIC        Delay_5ms
  C:154BH         PUBLIC        _Delay
  D:00D0H         PUBLIC        PSW
  -------         PROC          DELAY_1MS
  C:1431H         LINE#         15
  C:1431H         LINE#         16
  C:1431H         LINE#         17
  C:143AH         LINE#         20
  C:144AH         LINE#         21
  -------         ENDPROC       DELAY_1MS
  -------         PROC          DELAY_5MS
  C:144BH         LINE#         23
  C:144BH         LINE#         24
  C:144BH         LINE#         25
  C:1454H         LINE#         28
  C:1464H         LINE#         29
  -------         ENDPROC       DELAY_5MS
  -------         PROC          DELAY_10MS
  C:1465H         LINE#         31
  C:1465H         LINE#         32
  C:1465H         LINE#         33
  C:146EH         LINE#         36
  C:147EH         LINE#         37
  -------         ENDPROC       DELAY_10MS
  -------         PROC          DELAY_12MS
  C:147FH         LINE#         39
  C:147FH         LINE#         40
  C:147FH         LINE#         41
  C:1488H         LINE#         44
  C:1498H         LINE#         45
  -------         ENDPROC       DELAY_12MS
  -------         PROC          DELAY_50MS
  C:1499H         LINE#         48
  C:1499H         LINE#         49
  C:1499H         LINE#         50
  C:14A2H         LINE#         53
  C:14B2H         LINE#         54
BL51 BANKED LINKER/LOCATER V6.22                                                      11/15/2016  14:57:57  PAGE 17


  -------         ENDPROC       DELAY_50MS
  -------         PROC          DELAY_100MS
  C:14B3H         LINE#         57
  C:14B3H         LINE#         58
  C:14B3H         LINE#         59
  C:14BCH         LINE#         62
  C:14CCH         LINE#         63
  -------         ENDPROC       DELAY_100MS
  -------         PROC          DELAY_500MS
  C:14CDH         LINE#         66
  C:14CDH         LINE#         67
  C:14CDH         LINE#         68
  C:14D6H         LINE#         71
  C:14E6H         LINE#         72
  -------         ENDPROC       DELAY_500MS
  -------         PROC          _DELAY
  D:0007H         SYMBOL        n
  -------         DO            
  D:0004H         SYMBOL        x
  -------         ENDDO         
  C:154BH         LINE#         79
  C:154BH         LINE#         80
  C:154BH         LINE#         82
  C:1551H         LINE#         83
  C:1551H         LINE#         84
  C:1555H         LINE#         85
  C:1561H         LINE#         87
  -------         ENDPROC       _DELAY
  -------         PROC          _CUSTOM_DELAY
  D:0007H         SYMBOL        t
  X:0012H         SYMBOL        m
  -------         DO            
  X:0014H         SYMBOL        i
  D:0006H         SYMBOL        j
  -------         ENDDO         
  C:110EH         LINE#         93
  C:1115H         LINE#         94
  C:1115H         LINE#         97
  C:1127H         LINE#         98
  C:114CH         LINE#         99
  -------         ENDPROC       _CUSTOM_DELAY
  -------         PROC          _DELAY_MS
  D:0006H         SYMBOL        count
  -------         DO            
  D:0004H         SYMBOL        i
  D:0002H         SYMBOL        j
  -------         ENDDO         
  C:137EH         LINE#         106
  C:137EH         LINE#         107
  C:137EH         LINE#         109
  C:1388H         LINE#         110
  C:1388H         LINE#         111
  C:1396H         LINE#         112
  C:139DH         LINE#         113
  -------         ENDPROC       _DELAY_MS
  -------         PROC          _DELAY_US
  D:0006H         SYMBOL        count1
BL51 BANKED LINKER/LOCATER V6.22                                                      11/15/2016  14:57:57  PAGE 18


  -------         DO            
  D:0004H         SYMBOL        i
  D:0003H         SYMBOL        j
  -------         ENDDO         
  C:1501H         LINE#         121
  C:1501H         LINE#         122
  C:1501H         LINE#         125
  C:150BH         LINE#         126
  C:150BH         LINE#         127
  C:1512H         LINE#         128
  C:1519H         LINE#         129
  -------         ENDPROC       _DELAY_US
  -------         ENDMOD        DELAY

  -------         MODULE        OPERATION
  C:0000H         SYMBOL        _ICE_DUMMY_
  D:0080H         PUBLIC        P0
  D:0090H         PUBLIC        P1
  D:00A0H         PUBLIC        P2
  B:0024H.7       PUBLIC        vibration_flag1
  D:00B0H         PUBLIC        P3
  B:00A0H.7       PUBLIC        Match_wire
  D:00A8H         PUBLIC        IE
  B:0025H.0       PUBLIC        sensor_EN
  C:0B29H         PUBLIC        Detect_vibration
  X:0018H         PUBLIC        vibration_count1
  X:001AH         PUBLIC        vibration_count2
  C:17ADH         PUBLIC        InitSensor
  D:00B8H         PUBLIC        IP
  X:001BH         PUBLIC        wire_broken_level
  C:1641H         PUBLIC        Reset_after_wirebroken
  X:001CH         PUBLIC        ADC_check_saved_result
  C:158EH         PUBLIC        Batstolen_Alarm_to_Slave
  C:13DAH         PUBLIC        Reset_after_stolen_alarming
  D:00D8H         PUBLIC        WDCON0
  X:001EH         PUBLIC        wire_broken_time
  D:0098H         PUBLIC        SCON
  D:0088H         PUBLIC        TCON
  C:0D90H         PUBLIC        Detect_close_action
  B:0080H.0       PUBLIC        Generator_lock
  C:0FCCH         PUBLIC        slave_nearby_operation
  B:00A0H.6       PUBLIC        the3rd_sendor
  B:00A0H.5       PUBLIC        key_rotate
  C:11F0H         PUBLIC        Detect_wheel_moving
  C:1793H         PUBLIC        Disable_sensor_after_IDcert
  B:0080H.2       PUBLIC        horizontal_sensor
  D:00E8H         PUBLIC        EIE
  C:114DH         PUBLIC        Detect_open_action
  B:0080H.1       PUBLIC        wheeled_rotate
  D:00F8H         PUBLIC        ADCCON0
  C:135DH         PUBLIC        Ensensor_after_slave_away
  D:00C0H         PUBLIC        I2CON
  C:13BCH         PUBLIC        ENsensor_After_Close
  C:0C6CH         PUBLIC        Detect_selflearn_action
  C:12F7H         PUBLIC        ENsensor_afterIDcert
  D:00C8H         PUBLIC        T2CON
  C:12D1H         PUBLIC        SelfLearn_Reset
BL51 BANKED LINKER/LOCATER V6.22                                                      11/15/2016  14:57:57  PAGE 19


  C:1578H         PUBLIC        Raise_Alarm_to_Slave
  C:139EH         PUBLIC        slave_away_operation
  X:0020H         PUBLIC        key_rotate_off_time
  B:0025H.1       PUBLIC        enable_sensor_delayEN
  C:1562H         PUBLIC        Fell_Alarm_to_Slave
  D:00D0H         PUBLIC        PSW
  B:0080H.2       PUBLIC        sensor_detect
  C:177BH         PUBLIC        Host_stolen_action
  B:0080H.5       PUBLIC        Externalmotor
  -------         PROC          SLAVE_AWAY_OPERATION
  C:139EH         LINE#         102
  C:139EH         LINE#         103
  C:139EH         LINE#         104
  C:13A1H         LINE#         105
  C:13A1H         LINE#         106
  C:13A4H         LINE#         108
  C:13A7H         LINE#         112
  C:13A7H         LINE#         114
  C:13A9H         LINE#         115
  C:13ADH         LINE#         117
  C:13B2H         LINE#         118
  C:13B6H         LINE#         120
  C:13B9H         LINE#         121
  C:13BBH         LINE#         122
  -------         ENDPROC       SLAVE_AWAY_OPERATION
  -------         PROC          SLAVE_NEARBY_OPERATION
  C:0FCCH         LINE#         128
  C:0FCCH         LINE#         129
  C:0FCCH         LINE#         130
  C:0FCEH         LINE#         132
  C:0FD0H         LINE#         133
  C:0FD4H         LINE#         134
  C:0FD6H         LINE#         135
  C:0FD9H         LINE#         137
  C:0FDCH         LINE#         138
  C:0FDFH         LINE#         139
  C:0FE2H         LINE#         140
  C:0FE5H         LINE#         141
  C:0FE7H         LINE#         143
  C:0FEAH         LINE#         144
  C:0FEAH         LINE#         145
  C:0FECH         LINE#         146
  C:0FECH         LINE#         148
  C:0FEFH         LINE#         149
  C:0FEFH         LINE#         150
  C:0FF2H         LINE#         151
  C:0FF5H         LINE#         153
  C:0FF8H         LINE#         154
  C:0FFAH         LINE#         156
  C:0FFDH         LINE#         157
  C:0FFDH         LINE#         177
  -------         ENDPROC       SLAVE_NEARBY_OPERATION
  -------         PROC          INITSENSOR
  C:17ADH         LINE#         183
  C:17ADH         LINE#         184
  C:17ADH         LINE#         185
  C:17AFH         LINE#         186
BL51 BANKED LINKER/LOCATER V6.22                                                      11/15/2016  14:57:57  PAGE 20


  C:17B1H         LINE#         187
  -------         ENDPROC       INITSENSOR
  -------         PROC          HOST_STOLEN_ACTION
  C:177BH         LINE#         193
  C:177BH         LINE#         194
  C:177BH         LINE#         196
  C:177EH         LINE#         197
  C:177EH         LINE#         198
  C:1780H         LINE#         200
  C:1783H         LINE#         201
  C:1786H         LINE#         212
  C:1786H         LINE#         213
  -------         ENDPROC       HOST_STOLEN_ACTION
  -------         PROC          ENSENSOR_AFTERIDCERT
  C:12F7H         LINE#         220
  C:12F7H         LINE#         221
  C:12F7H         LINE#         222
  C:12FAH         LINE#         223
  C:12FAH         LINE#         225
  C:1304H         LINE#         226
  C:1304H         LINE#         227
  C:1306H         LINE#         228
  C:1308H         LINE#         229
  C:130BH         LINE#         232
  C:1313H         LINE#         233
  C:1313H         LINE#         234
  C:1316H         LINE#         235
  C:1316H         LINE#         236
  C:1318H         LINE#         238
  C:1318H         LINE#         239
  C:1318H         LINE#         240
  -------         ENDPROC       ENSENSOR_AFTERIDCERT
  -------         PROC          ENSENSOR_AFTER_CLOSE
  C:13BCH         LINE#         245
  C:13BCH         LINE#         246
  C:13BCH         LINE#         247
  C:13C5H         LINE#         248
  C:13C5H         LINE#         249
  C:13CFH         LINE#         250
  C:13CFH         LINE#         251
  C:13D1H         LINE#         252
  C:13D3H         LINE#         253
  C:13D6H         LINE#         254
  C:13D9H         LINE#         255
  C:13D9H         LINE#         256
  C:13D9H         LINE#         257
  -------         ENDPROC       ENSENSOR_AFTER_CLOSE
  -------         PROC          SELFLEARN_RESET
  C:12D1H         LINE#         263
  C:12D1H         LINE#         264
  C:12D1H         LINE#         265
  C:12D4H         LINE#         266
  C:12D4H         LINE#         267
  C:12DEH         LINE#         268
  C:12DEH         LINE#         269
  C:12E0H         LINE#         270
  C:12E2H         LINE#         272
BL51 BANKED LINKER/LOCATER V6.22                                                      11/15/2016  14:57:57  PAGE 21


  C:12E7H         LINE#         273
  C:12ECH         LINE#         274
  C:12EEH         LINE#         275
  C:12F0H         LINE#         276
  C:12F2H         LINE#         277
  C:12F4H         LINE#         278
  C:12F6H         LINE#         279
  C:12F6H         LINE#         280
  C:12F6H         LINE#         281
  -------         ENDPROC       SELFLEARN_RESET
  -------         PROC          FELL_ALARM_TO_SLAVE
  C:1562H         LINE#         287
  C:1562H         LINE#         288
  C:1562H         LINE#         289
  C:156DH         LINE#         290
  C:156DH         LINE#         291
  C:1572H         LINE#         292
  C:1577H         LINE#         293
  C:1577H         LINE#         294
  -------         ENDPROC       FELL_ALARM_TO_SLAVE
  -------         PROC          RAISE_ALARM_TO_SLAVE
  C:1578H         LINE#         300
  C:1578H         LINE#         301
  C:1578H         LINE#         302
  C:1583H         LINE#         303
  C:1583H         LINE#         304
  C:1588H         LINE#         305
  C:158DH         LINE#         306
  C:158DH         LINE#         307
  -------         ENDPROC       RAISE_ALARM_TO_SLAVE
  -------         PROC          BATSTOLEN_ALARM_TO_SLAVE
  C:158EH         LINE#         313
  C:158EH         LINE#         314
  C:158EH         LINE#         315
  C:1599H         LINE#         316
  C:1599H         LINE#         317
  C:159EH         LINE#         318
  C:15A3H         LINE#         319
  C:15A3H         LINE#         320
  -------         ENDPROC       BATSTOLEN_ALARM_TO_SLAVE
  -------         PROC          DISABLE_SENSOR_AFTER_IDCERT
  C:1793H         LINE#         325
  C:1793H         LINE#         326
  C:1793H         LINE#         327
  C:1796H         LINE#         328
  C:1796H         LINE#         329
  C:1798H         LINE#         331
  C:179BH         LINE#         332
  C:179BH         LINE#         333
  -------         ENDPROC       DISABLE_SENSOR_AFTER_IDCERT
  -------         PROC          RESET_AFTER_WIREBROKEN
  C:1641H         LINE#         338
  C:1641H         LINE#         339
  C:1641H         LINE#         340
  C:1644H         LINE#         341
  C:1644H         LINE#         342
  C:1646H         LINE#         343
BL51 BANKED LINKER/LOCATER V6.22                                                      11/15/2016  14:57:57  PAGE 22


  C:164AH         LINE#         344
  C:164CH         LINE#         345
  C:164EH         LINE#         346
  C:1650H         LINE#         347
  C:1650H         LINE#         348
  -------         ENDPROC       RESET_AFTER_WIREBROKEN
  -------         PROC          RESET_AFTER_STOLEN_ALARMING
  C:13DAH         LINE#         354
  C:13DAH         LINE#         355
  C:13DAH         LINE#         356
  C:13DDH         LINE#         357
  C:13DDH         LINE#         358
  C:13E7H         LINE#         359
  C:13E7H         LINE#         360
  C:13EBH         LINE#         361
  C:13EDH         LINE#         362
  C:13EFH         LINE#         363
  C:13F1H         LINE#         364
  C:13F4H         LINE#         365
  C:13F7H         LINE#         366
  C:13F7H         LINE#         367
  C:13F7H         LINE#         368
  -------         ENDPROC       RESET_AFTER_STOLEN_ALARMING
  -------         PROC          ENSENSOR_AFTER_SLAVE_AWAY
  C:135DH         LINE#         373
  C:135DH         LINE#         374
  C:135DH         LINE#         375
  C:1366H         LINE#         376
  C:1366H         LINE#         377
  C:1370H         LINE#         378
  C:1370H         LINE#         379
  C:1373H         LINE#         380
  C:1375H         LINE#         381
  C:1377H         LINE#         382
  C:137AH         LINE#         383
  C:137DH         LINE#         384
  C:137DH         LINE#         385
  C:137DH         LINE#         386
  -------         ENDPROC       ENSENSOR_AFTER_SLAVE_AWAY
  -------         PROC          DETECT_SELFLEARN_ACTION
  C:0C6CH         LINE#         391
  C:0C6CH         LINE#         392
  C:0C6CH         LINE#         393
  C:0C72H         LINE#         395
  C:0C72H         LINE#         397
  C:0C75H         LINE#         398
  C:0C75H         LINE#         399
  C:0C80H         LINE#         400
  C:0C8BH         LINE#         401
  C:0C8BH         LINE#         402
  C:0C92H         LINE#         403
  C:0C96H         LINE#         404
  C:0C98H         LINE#         405
  C:0C98H         LINE#         406
  C:0C9AH         LINE#         408
  C:0C9AH         LINE#         409
  C:0CA6H         LINE#         410
BL51 BANKED LINKER/LOCATER V6.22                                                      11/15/2016  14:57:57  PAGE 23


  C:0CA6H         LINE#         411
  C:0CAAH         LINE#         412
  C:0CAFH         LINE#         413
  C:0CAFH         LINE#         414
  C:0CAFH         LINE#         416
  C:0CB7H         LINE#         417
  C:0CB7H         LINE#         418
  C:0CB9H         LINE#         419
  C:0CBBH         LINE#         420
  C:0CBEH         LINE#         421
  C:0CBEH         LINE#         422
  C:0CBEH         LINE#         424
  C:0CC1H         LINE#         425
  C:0CC1H         LINE#         426
  C:0CC3H         LINE#         427
  C:0CC5H         LINE#         428
  C:0CC7H         LINE#         430
  C:0CCAH         LINE#         432
  C:0CCDH         LINE#         437
  C:0CCDH         LINE#         438
  -------         ENDPROC       DETECT_SELFLEARN_ACTION
  -------         PROC          DETECT_OPEN_ACTION
  C:114DH         LINE#         443
  C:114DH         LINE#         444
  C:114DH         LINE#         445
  C:115EH         LINE#         446
  C:115EH         LINE#         447
  C:1161H         LINE#         448
  C:1166H         LINE#         449
  C:1168H         LINE#         451
  C:116CH         LINE#         452
  C:116EH         LINE#         453
  C:1171H         LINE#         454
  C:1173H         LINE#         456
  C:1176H         LINE#         457
  C:1179H         LINE#         459
  C:117BH         LINE#         461
  C:117DH         LINE#         462
  C:1183H         LINE#         463
  C:1183H         LINE#         464
  -------         ENDPROC       DETECT_OPEN_ACTION
  -------         PROC          DETECT_CLOSE_ACTION
  C:0D90H         LINE#         469
  C:0D90H         LINE#         470
  C:0D90H         LINE#         471
  C:0DA3H         LINE#         473
  C:0DA3H         LINE#         474
  C:0DA5H         LINE#         476
  C:0DABH         LINE#         477
  C:0DABH         LINE#         478
  C:0DB6H         LINE#         479
  C:0DC1H         LINE#         480
  C:0DC1H         LINE#         481
  C:0DCAH         LINE#         482
  C:0DCAH         LINE#         484
  C:0DCDH         LINE#         486
  C:0DD1H         LINE#         487
BL51 BANKED LINKER/LOCATER V6.22                                                      11/15/2016  14:57:57  PAGE 24


  C:0DD4H         LINE#         488
  C:0DD6H         LINE#         489
  C:0DD8H         LINE#         491
  C:0DDEH         LINE#         492
  C:0DE0H         LINE#         493
  C:0DE0H         LINE#         494
  C:0DE0H         LINE#         495
  C:0DE0H         LINE#         496
  C:0DE1H         LINE#         497
  C:0DE4H         LINE#         498
  C:0DEAH         LINE#         499
  -------         ENDPROC       DETECT_CLOSE_ACTION
  -------         PROC          DETECT_VIBRATION
  C:0B29H         LINE#         504
  C:0B29H         LINE#         505
  C:0B29H         LINE#         506
  C:0B32H         LINE#         507
  C:0B32H         LINE#         508
  C:0B3CH         LINE#         509
  C:0B3CH         LINE#         510
  C:0B3EH         LINE#         511
  C:0B40H         LINE#         512
  C:0B45H         LINE#         514
  C:0B47H         LINE#         515
  C:0B4CH         LINE#         517
  C:0B51H         LINE#         518
  C:0B51H         LINE#         519
  C:0B53H         LINE#         521
  C:0B57H         LINE#         523
  C:0B5AH         LINE#         524
  C:0B5AH         LINE#         525
  C:0B71H         LINE#         526
  C:0B71H         LINE#         527
  C:0B73H         LINE#         528
  C:0B77H         LINE#         529
  C:0B77H         LINE#         530
  C:0B77H         LINE#         532
  C:0B7AH         LINE#         533
  C:0B7AH         LINE#         534
  C:0B91H         LINE#         535
  C:0B91H         LINE#         536
  C:0B93H         LINE#         537
  C:0B97H         LINE#         538
  C:0B97H         LINE#         539
  C:0B97H         LINE#         540
  -------         ENDPROC       DETECT_VIBRATION
  -------         PROC          DETECT_WHEEL_MOVING
  C:11F0H         LINE#         545
  C:11F0H         LINE#         546
  C:11F0H         LINE#         547
  C:11F3H         LINE#         548
  C:11F3H         LINE#         549
  C:11F5H         LINE#         550
  C:11FBH         LINE#         552
  C:1200H         LINE#         553
  C:1200H         LINE#         554
  C:1203H         LINE#         555
BL51 BANKED LINKER/LOCATER V6.22                                                      11/15/2016  14:57:57  PAGE 25


  C:1203H         LINE#         556
  C:121AH         LINE#         557
  C:121AH         LINE#         558
  C:121CH         LINE#         559
  C:1220H         LINE#         560
  C:1220H         LINE#         561
  C:1220H         LINE#         562
  -------         ENDPROC       DETECT_WHEEL_MOVING
  -------         ENDMOD        OPERATION

  -------         MODULE        OTHER
  C:0000H         SYMBOL        _ICE_DUMMY_
  D:0080H         PUBLIC        P0
  D:0090H         PUBLIC        P1
  D:00A0H         PUBLIC        P2
  D:00B0H         PUBLIC        P3
  D:00A8H         PUBLIC        IE
  D:00B8H         PUBLIC        IP
  D:00D8H         PUBLIC        WDCON0
  D:0098H         PUBLIC        SCON
  D:0088H         PUBLIC        TCON
  C:1787H         PUBLIC        Enable_sensor
  D:00E8H         PUBLIC        EIE
  C:1000H         PUBLIC        disable_sensor
  D:00F8H         PUBLIC        ADCCON0
  D:00C0H         PUBLIC        I2CON
  D:00C8H         PUBLIC        T2CON
  D:00D0H         PUBLIC        PSW
  -------         PROC          DISABLE_SENSOR
  C:1000H         LINE#         106
  C:1000H         LINE#         107
  C:1000H         LINE#         109
  C:1002H         LINE#         110
  C:1004H         LINE#         112
  C:1006H         LINE#         113
  C:1008H         LINE#         114
  C:100CH         LINE#         115
  C:100FH         LINE#         116
  C:1012H         LINE#         117
  C:1017H         LINE#         118
  C:101CH         LINE#         119
  C:1021H         LINE#         120
  C:1024H         LINE#         121
  C:1027H         LINE#         122
  C:1029H         LINE#         123
  C:102BH         LINE#         124
  C:102DH         LINE#         125
  C:1030H         LINE#         126
  C:1032H         LINE#         127
  C:1035H         LINE#         129
  C:1037H         LINE#         132
  C:103AH         LINE#         133
  C:103CH         LINE#         135
  C:103EH         LINE#         136
  C:1041H         LINE#         138
  C:1043H         LINE#         139
  C:1046H         LINE#         140
BL51 BANKED LINKER/LOCATER V6.22                                                      11/15/2016  14:57:57  PAGE 26


  -------         ENDPROC       DISABLE_SENSOR
  -------         PROC          ENABLE_SENSOR
  C:1787H         LINE#         146
  C:1787H         LINE#         147
  C:1787H         LINE#         149
  C:1789H         LINE#         150
  C:178BH         LINE#         153
  C:178FH         LINE#         154
  C:1792H         LINE#         155
  -------         ENDPROC       ENABLE_SENSOR
  -------         ENDMOD        OTHER

  -------         MODULE        PWM
  C:0000H         SYMBOL        _ICE_DUMMY_
  D:0080H         PUBLIC        P0
  D:0090H         PUBLIC        P1
  D:00A0H         PUBLIC        P2
  D:00B0H         PUBLIC        P3
  D:00DCH         PUBLIC        PWMCON0
  D:00D1H         PUBLIC        PWMPH
  D:00A8H         PUBLIC        IE
  D:00D9H         PUBLIC        PWMPL
  C:0CCEH         PUBLIC        _PWM_Channel
  D:00B8H         PUBLIC        IP
  C:0003H         PUBLIC        myPwm
  D:00D8H         PUBLIC        WDCON0
  D:0098H         PUBLIC        SCON
  D:0088H         PUBLIC        TCON
  D:00E8H         PUBLIC        EIE
  D:00F8H         PUBLIC        ADCCON0
  D:00C0H         PUBLIC        I2CON
  X:0022H         PUBLIC        PWM_shadow
  D:00C8H         PUBLIC        T2CON
  C:1533H         PUBLIC        Init_PWM
  D:00D2H         PUBLIC        PWM0H
  D:00D3H         PUBLIC        PWM1H
  D:00D5H         PUBLIC        PWM2H
  D:00D6H         PUBLIC        PWM3H
  D:00DAH         PUBLIC        PWM0L
  D:00DBH         PUBLIC        PWM1L
  D:00DDH         PUBLIC        PWM2L
  D:00DEH         PUBLIC        PWM3L
  D:00D0H         PUBLIC        PSW
  -------         PROC          INIT_PWM
  C:1533H         LINE#         19
  C:1533H         LINE#         20
  C:1533H         LINE#         22
  C:1536H         LINE#         24
  C:153EH         LINE#         26
  C:1547H         LINE#         27
  C:154AH         LINE#         28
  -------         ENDPROC       INIT_PWM
  -------         PROC          _PWM_CHANNEL
  D:0007H         SYMBOL        Channel
  C:0CCEH         LINE#         34
  C:0CCEH         LINE#         35
  C:0CCEH         LINE#         36
BL51 BANKED LINKER/LOCATER V6.22                                                      11/15/2016  14:57:57  PAGE 27


  C:0CDCH         LINE#         37
  C:0CDCH         LINE#         39
  C:0CDCH         LINE#         40
  C:0CDCH         LINE#         41
  C:0CE4H         LINE#         42
  C:0CEDH         LINE#         43
  C:0CF0H         LINE#         44
  C:0CF0H         LINE#         45
  C:0CF1H         LINE#         47
  C:0CF1H         LINE#         48
  C:0CF1H         LINE#         49
  C:0CF9H         LINE#         50
  C:0D02H         LINE#         51
  C:0D05H         LINE#         52
  C:0D05H         LINE#         53
  C:0D06H         LINE#         55
  C:0D06H         LINE#         56
  C:0D06H         LINE#         57
  C:0D0EH         LINE#         58
  C:0D17H         LINE#         59
  C:0D1AH         LINE#         60
  C:0D1AH         LINE#         61
  C:0D1BH         LINE#         63
  C:0D1BH         LINE#         64
  C:0D1BH         LINE#         65
  C:0D23H         LINE#         66
  C:0D2CH         LINE#         67
  C:0D2FH         LINE#         68
  C:0D2FH         LINE#         69
  C:0D2FH         LINE#         70
  C:0D2FH         LINE#         71
  -------         ENDPROC       _PWM_CHANNEL
  -------         PROC          MYPWM
  C:0003H         LINE#         77
  C:0003H         LINE#         78
  C:0003H         LINE#         80
  C:0008H         LINE#         82
  -------         ENDPROC       MYPWM
  -------         ENDMOD        PWM

  -------         MODULE        TIMER
  C:0000H         SYMBOL        _ICE_DUMMY_
  D:0080H         PUBLIC        P0
  D:0090H         PUBLIC        P1
  D:00A0H         PUBLIC        P2
  D:00B0H         PUBLIC        P3
  B:00A8H.7       PUBLIC        EA
  D:00A8H         PUBLIC        IE
  D:00B8H         PUBLIC        IP
  C:0EEDH         PUBLIC        _InitT0
  C:0A43H         PUBLIC        _InitTimer
  D:00D8H         PUBLIC        WDCON0
  D:0087H         PUBLIC        PCON
  D:0098H         PUBLIC        SCON
  X:0026H         PUBLIC        timer0_8H
  D:0089H         PUBLIC        TMOD
  D:0088H         PUBLIC        TCON
BL51 BANKED LINKER/LOCATER V6.22                                                      11/15/2016  14:57:57  PAGE 28


  X:0027H         PUBLIC        timer1_8H
  X:0028H         PUBLIC        timer0_8L
  C:17BAH         PUBLIC        hSCH_Start
  X:0029H         PUBLIC        timer1_8L
  B:00A8H.1       PUBLIC        ET0
  B:00A8H.3       PUBLIC        ET1
  D:008CH         PUBLIC        TH0
  D:008DH         PUBLIC        TH1
  D:008AH         PUBLIC        TL0
  D:008BH         PUBLIC        TL1
  D:00E8H         PUBLIC        EIE
  B:00B8H.3       PUBLIC        PT1
  B:0088H.4       PUBLIC        TR0
  B:0088H.6       PUBLIC        TR1
  C:1651H         PUBLIC        hSCH_Manual_Timer0_Reload
  D:00F8H         PUBLIC        ADCCON0
  D:00C0H         PUBLIC        I2CON
  D:00C8H         PUBLIC        T2CON
  C:17B2H         PUBLIC        sEOS_Go_To_Sleep
  D:00D0H         PUBLIC        PSW
  -------         PROC          _INITTIMER
  D:0007H         SYMBOL        Tick_ms_T0
  X:0024H         SYMBOL        Tick_us_T1
  -------         DO            
  D:0004H         SYMBOL        Inc_T0
  D:0004H         SYMBOL        Inc_T1
  D:0004H         SYMBOL        timer0_16
  D:0004H         SYMBOL        timer1_16
  -------         ENDDO         
  C:0A43H         LINE#         36
  C:0A4AH         LINE#         37
  C:0A4AH         LINE#         42
  C:0A5CH         LINE#         43
  C:0A62H         LINE#         44
  C:0A65H         LINE#         45
  C:0A69H         LINE#         48
  C:0A88H         LINE#         49
  C:0A90H         LINE#         50
  C:0A94H         LINE#         51
  C:0A9AH         LINE#         53
  C:0A9DH         LINE#         55
  C:0AA2H         LINE#         56
  C:0AA7H         LINE#         57
  C:0AA9H         LINE#         58
  C:0AABH         LINE#         60
  C:0AADH         LINE#         61
  C:0AAFH         LINE#         62
  C:0AB1H         LINE#         63
  C:0AB3H         LINE#         64
  C:0AB5H         LINE#         65
  C:0AB7H         LINE#         66
  -------         ENDPROC       _INITTIMER
  -------         PROC          _INITT0
  X:007EH         SYMBOL        Tick_ms_T0
  -------         DO            
  D:0004H         SYMBOL        Inc_T0
  D:0004H         SYMBOL        timer0_16
BL51 BANKED LINKER/LOCATER V6.22                                                      11/15/2016  14:57:57  PAGE 29


  X:007FH         SYMBOL        i
  -------         ENDDO         
  C:0EEDH         LINE#         71
  C:0EF1H         LINE#         72
  C:0EF1H         LINE#         77
  C:0EFDH         LINE#         78
  C:0EFDH         LINE#         79
  C:0F00H         LINE#         80
  C:0F07H         LINE#         83
  C:0F1DH         LINE#         84
  C:0F26H         LINE#         85
  C:0F29H         LINE#         86
  C:0F2DH         LINE#         88
  C:0F30H         LINE#         89
  C:0F33H         LINE#         91
  C:0F36H         LINE#         93
  C:0F38H         LINE#         94
  -------         ENDPROC       _INITT0
  -------         PROC          HSCH_START
  C:17BAH         LINE#         108
  C:17BAH         LINE#         109
  C:17BAH         LINE#         110
  C:17BCH         LINE#         111
  -------         ENDPROC       HSCH_START
  -------         PROC          SEOS_GO_TO_SLEEP
  C:17B2H         LINE#         117
  C:17B2H         LINE#         118
  C:17B2H         LINE#         119
  C:17B5H         LINE#         120
  -------         ENDPROC       SEOS_GO_TO_SLEEP
  -------         PROC          HSCH_MANUAL_TIMER0_RELOAD
  C:1651H         LINE#         134
  C:1651H         LINE#         135
  C:1651H         LINE#         137
  C:1653H         LINE#         143
  C:1658H         LINE#         144
  C:165DH         LINE#         147
  C:165FH         LINE#         148
  -------         ENDPROC       HSCH_MANUAL_TIMER0_RELOAD
  -------         ENDMOD        TIMER

  -------         MODULE        VOICE
  C:0000H         SYMBOL        _ICE_DUMMY_
  D:0080H         PUBLIC        P0
  D:0090H         PUBLIC        P1
  C:169CH         PUBLIC        close_lock_speech
  D:00A0H         PUBLIC        P2
  D:00B0H         PUBLIC        P3
  C:1319H         PUBLIC        Accumulator_voice_promot
  B:0090H.4       PUBLIC        voice_EN
  D:00A8H         PUBLIC        IE
  C:151AH         PUBLIC        InitVoice
  B:00A0H.1       PUBLIC        SC_DATA
  C:168DH         PUBLIC        stolen_alarm_speech1
  C:1608H         PUBLIC        stolen_alarm_speech2
  D:00B8H         PUBLIC        IP
  C:161BH         PUBLIC        open_lock_speech
BL51 BANKED LINKER/LOCATER V6.22                                                      11/15/2016  14:57:57  PAGE 30


  C:1660H         PUBLIC        motorBAT_low_speech
  C:1750H         PUBLIC        lock_rotated_on_speech
  C:15F5H         PUBLIC        host_touch_speech
  C:1705H         PUBLIC        Alarm_raised_speech
  C:167EH         PUBLIC        host_2ndtouch_speech
  D:00D8H         PUBLIC        WDCON0
  C:1732H         PUBLIC        battery_stolen_speech_F3
  C:16E7H         PUBLIC        Battery_high_alarm_speech
  D:0098H         PUBLIC        SCON
  B:0090H.4       PUBLIC        P14
  D:0088H         PUBLIC        TCON
  C:16BAH         PUBLIC        Cutting_Wire_Voice
  C:16C9H         PUBLIC        Product_Test_Voice
  C:16F6H         PUBLIC        Alarm_stolen_speech
  X:002AH         PUBLIC        key_rotate_on_speech_number
  C:179CH         PUBLIC        Enter_noguard_voice
  C:1723H         PUBLIC        Host_battery_high_alarm_speech
  C:1714H         PUBLIC        Alarm_fell_speech
  C:1184H         PUBLIC        _SC_Speech
  D:00E8H         PUBLIC        EIE
  C:16ABH         PUBLIC        battery_stolen_speech
  C:0FFEH         PUBLIC        key_rotate_on_speech
  D:00F8H         PUBLIC        ADCCON0
  D:00C0H         PUBLIC        I2CON
  C:000EH         PUBLIC        Self_learn_speech
  C:16D8H         PUBLIC        Battery_low_alarm_speech
  C:17BDH         PUBLIC        IDcerted_speech
  D:00C8H         PUBLIC        T2CON
  C:15E2H         PUBLIC        ID_speech
  B:00A0H.0       PUBLIC        SC_RST
  C:166FH         PUBLIC        Battery_hint
  D:00D0H         PUBLIC        PSW
  C:1741H         PUBLIC        wire_broken_speech
  C:175FH         PUBLIC        lock_rotated_off_speech
  -------         PROC          _SC_SPEECH
  X:007EH         SYMBOL        cnt
  -------         DO            
  X:007FH         SYMBOL        ii
  -------         ENDDO         
  C:1184H         LINE#         40
  C:1188H         LINE#         41
  C:1188H         LINE#         43
  C:118AH         LINE#         44
  C:118DH         LINE#         45
  C:118FH         LINE#         46
  C:1192H         LINE#         47
  C:11A0H         LINE#         48
  C:11A0H         LINE#         49
  C:11A2H         LINE#         50
  C:11A9H         LINE#         51
  C:11ABH         LINE#         52
  C:11B2H         LINE#         53
  C:11B9H         LINE#         54
  -------         ENDPROC       _SC_SPEECH
  -------         PROC          INITVOICE
  C:151AH         LINE#         60
  C:151AH         LINE#         61
BL51 BANKED LINKER/LOCATER V6.22                                                      11/15/2016  14:57:57  PAGE 31


  C:151AH         LINE#         62
  C:151CH         LINE#         63
  C:151EH         LINE#         64
  C:1520H         LINE#         65
  C:1527H         LINE#         66
  C:1529H         LINE#         67
  C:1530H         LINE#         69
  C:1532H         LINE#         70
  -------         ENDPROC       INITVOICE
  -------         PROC          KEY_ROTATE_ON_SPEECH
  C:0FFEH         LINE#         76
  C:0FFEH         LINE#         77
  C:0FFEH         LINE#         95
  -------         ENDPROC       KEY_ROTATE_ON_SPEECH
  -------         PROC          MOTORBAT_LOW_SPEECH
  C:1660H         LINE#         113
  C:1660H         LINE#         114
  C:1660H         LINE#         115
  C:1662H         LINE#         116
  C:1667H         LINE#         117
  C:166CH         LINE#         118
  C:166EH         LINE#         119
  -------         ENDPROC       MOTORBAT_LOW_SPEECH
  -------         PROC          BATTERY_HINT
  C:166FH         LINE#         125
  C:166FH         LINE#         126
  C:166FH         LINE#         127
  C:1671H         LINE#         128
  C:1676H         LINE#         129
  C:167BH         LINE#         130
  C:167DH         LINE#         131
  -------         ENDPROC       BATTERY_HINT
  -------         PROC          ID_SPEECH
  C:15E2H         LINE#         137
  C:15E2H         LINE#         138
  C:15E2H         LINE#         139
  C:15E4H         LINE#         140
  C:15E9H         LINE#         141
  C:15EEH         LINE#         142
  C:15F0H         LINE#         143
  C:15F4H         LINE#         144
  -------         ENDPROC       ID_SPEECH
  -------         PROC          SELF_LEARN_SPEECH
  C:000EH         LINE#         150
  C:000EH         LINE#         151
  C:000EH         LINE#         152
  C:0010H         LINE#         153
  C:0014H         LINE#         154
  C:0019H         LINE#         155
  C:001EH         LINE#         156
  C:0020H         LINE#         157
  C:0022H         LINE#         158
  -------         ENDPROC       SELF_LEARN_SPEECH
  -------         PROC          HOST_TOUCH_SPEECH
  C:15F5H         LINE#         164
  C:15F5H         LINE#         165
  C:15F5H         LINE#         166
BL51 BANKED LINKER/LOCATER V6.22                                                      11/15/2016  14:57:57  PAGE 32


  C:15F7H         LINE#         167
  C:15FCH         LINE#         168
  C:1601H         LINE#         169
  C:1603H         LINE#         170
  -------         ENDPROC       HOST_TOUCH_SPEECH
  -------         PROC          HOST_2NDTOUCH_SPEECH
  C:167EH         LINE#         177
  C:167EH         LINE#         178
  C:167EH         LINE#         179
  C:1680H         LINE#         180
  C:1685H         LINE#         181
  C:168AH         LINE#         182
  C:168CH         LINE#         184
  -------         ENDPROC       HOST_2NDTOUCH_SPEECH
  -------         PROC          STOLEN_ALARM_SPEECH1
  C:168DH         LINE#         190
  C:168DH         LINE#         191
  C:168DH         LINE#         192
  C:168FH         LINE#         193
  C:1694H         LINE#         194
  C:1699H         LINE#         195
  C:169BH         LINE#         196
  -------         ENDPROC       STOLEN_ALARM_SPEECH1
  -------         PROC          STOLEN_ALARM_SPEECH2
  C:1608H         LINE#         202
  C:1608H         LINE#         203
  C:1608H         LINE#         204
  C:160AH         LINE#         205
  C:160FH         LINE#         206
  C:1614H         LINE#         207
  C:1616H         LINE#         208
  -------         ENDPROC       STOLEN_ALARM_SPEECH2
  -------         PROC          OPEN_LOCK_SPEECH
  C:161BH         LINE#         215
  C:161BH         LINE#         216
  C:161BH         LINE#         227
  C:161DH         LINE#         228
  C:1621H         LINE#         229
  C:1626H         LINE#         230
  C:162BH         LINE#         231
  C:162DH         LINE#         232
  -------         ENDPROC       OPEN_LOCK_SPEECH
  -------         PROC          CLOSE_LOCK_SPEECH
  C:169CH         LINE#         238
  C:169CH         LINE#         239
  C:169CH         LINE#         240
  C:169EH         LINE#         241
  C:16A3H         LINE#         242
  C:16A8H         LINE#         243
  C:16AAH         LINE#         244
  -------         ENDPROC       CLOSE_LOCK_SPEECH
  -------         PROC          BATTERY_STOLEN_SPEECH
  C:16ABH         LINE#         250
  C:16ABH         LINE#         251
  C:16ABH         LINE#         252
  C:16ADH         LINE#         253
  C:16B2H         LINE#         254
BL51 BANKED LINKER/LOCATER V6.22                                                      11/15/2016  14:57:57  PAGE 33


  C:16B7H         LINE#         255
  C:16B9H         LINE#         256
  -------         ENDPROC       BATTERY_STOLEN_SPEECH
  -------         PROC          CUTTING_WIRE_VOICE
  C:16BAH         LINE#         262
  C:16BAH         LINE#         263
  C:16BAH         LINE#         264
  C:16BCH         LINE#         265
  C:16C1H         LINE#         266
  C:16C6H         LINE#         267
  C:16C8H         LINE#         268
  -------         ENDPROC       CUTTING_WIRE_VOICE
  -------         PROC          PRODUCT_TEST_VOICE
  C:16C9H         LINE#         274
  C:16C9H         LINE#         275
  C:16C9H         LINE#         276
  C:16CBH         LINE#         277
  C:16D0H         LINE#         278
  C:16D5H         LINE#         279
  C:16D7H         LINE#         280
  -------         ENDPROC       PRODUCT_TEST_VOICE
  -------         PROC          BATTERY_LOW_ALARM_SPEECH
  C:16D8H         LINE#         286
  C:16D8H         LINE#         287
  C:16D8H         LINE#         288
  C:16DAH         LINE#         289
  C:16DFH         LINE#         290
  C:16E4H         LINE#         291
  C:16E6H         LINE#         292
  -------         ENDPROC       BATTERY_LOW_ALARM_SPEECH
  -------         PROC          BATTERY_HIGH_ALARM_SPEECH
  C:16E7H         LINE#         298
  C:16E7H         LINE#         299
  C:16E7H         LINE#         300
  C:16E9H         LINE#         301
  C:16EEH         LINE#         302
  C:16F3H         LINE#         303
  C:16F5H         LINE#         304
  -------         ENDPROC       BATTERY_HIGH_ALARM_SPEECH
  -------         PROC          ALARM_STOLEN_SPEECH
  C:16F6H         LINE#         310
[...]
  B:0020H.6       PUBLIC        never_alarm
  X:0043H         PUBLIC        horizontal_vibration_count
  B:0020H.7       PUBLIC        sensor_3rdalarm_flag
  D:00B8H         PUBLIC        IP
  B:0098H.0       PUBLIC        RI
  B:0021H.0       PUBLIC        wire_broken_flag
  B:0021H.1       PUBLIC        fell_flag
  X:0045H         PUBLIC        one_receive_byte
  X:0046H         PUBLIC        fell_alarm_count
  B:0021H.2       PUBLIC        Silence_Flag
  B:0021H.3       PUBLIC        wire_broken_reset
  C:133BH         PUBLIC        main
  B:0021H.4       PUBLIC        CheckADC_flag
  B:0021H.5       PUBLIC        IDkey_speech_flash
  X:0047H         PUBLIC        IDkey_selflearn_HVcount
  X:0049H         PUBLIC        received_data_buffer
  X:0050H         PUBLIC        data_count
  X:0051H         PUBLIC        sensor_2ndstage_count
  B:0021H.6       PUBLIC        IDkey_selflearn_flag1
  B:0021H.7       PUBLIC        IDkey_selflearn_flag2
  B:0022H.0       PUBLIC        IDkey_selflearn_flag3
  X:0052H         PUBLIC        IDkey_selflearn_LVcount
  X:0054H         PUBLIC        wire_broken_count
  B:0022H.1       PUBLIC        IDkey_selflearn_flag4
  D:00D8H         PUBLIC        WDCON0
  B:0022H.2       PUBLIC        slave_nearby_actioned_flag
  B:0022H.3       PUBLIC        IDkey_selflearn_flag5
  X:0055H         PUBLIC        ADC_check_result
  X:0057H         PUBLIC        sensor_2ndstage_time
  X:0059H         PUBLIC        sensor_3rdstage_count
  X:005AH         PUBLIC        ID_selflearning_timecount
  X:005BH         PUBLIC        one_receive_byte_count
  B:0022H.4       PUBLIC        ID_speeched_flag
  D:0099H         PUBLIC        SBUF
  X:005CH         PUBLIC        sensor_3rdstage_time
  D:0098H         PUBLIC        SCON
  D:0088H         PUBLIC        TCON
  B:0080H.0       PUBLIC        Generator_lock
  C:3004H         PUBLIC        IDkey10
  C:3005H         PUBLIC        IDkey11
  X:005EH         PUBLIC        sensor_1ststage_count
  B:00A0H.6       PUBLIC        the3rd_sendor
  B:0022H.5       PUBLIC        IDkey_flash_EN
  X:005FH         PUBLIC        ID_certificated_numbers
  X:0060H         PUBLIC        raise_wire_time
  B:0022H.6       PUBLIC        Host_stolen_alarming
  X:0061H         PUBLIC        Speech_closed_time
  D:008CH         PUBLIC        TH0
  B:0022H.7       PUBLIC        flashing_flag
  B:0080H.2       PUBLIC        horizontal_sensor
  D:008AH         PUBLIC        TL0
  B:0023H.0       PUBLIC        vibration_flag
BL51 BANKED LINKER/LOCATER V6.22                                                      11/15/2016  14:57:57  PAGE 46


  X:0062H         PUBLIC        fell_wire_time
  B:0023H.1       PUBLIC        host_stolen_alarm2_EN
  X:0063H         PUBLIC        After_IDcert_timecount
  D:00E8H         PUBLIC        EIE
  C:0258H         PUBLIC        timer0
  B:0023H.2       PUBLIC        ID_certificated_flag
  D:00F8H         PUBLIC        ADCCON0
  D:00C0H         PUBLIC        I2CON
  B:0023H.3       PUBLIC        wheeled_flag
  B:0023H.4       PUBLIC        EN_host_stolen_alarming
  B:0023H.5       PUBLIC        Check_Motobattery_flag
  B:0023H.6       PUBLIC        Speech_closed_G
  B:0023H.7       PUBLIC        Emergency_open_G
  X:0064H         PUBLIC        vibration_count
  X:0066H         PUBLIC        timer0_count
  X:0068H         PUBLIC        sensor_3rdstage_effcount
  D:00C8H         PUBLIC        T2CON
  X:0069H         PUBLIC        enable_sensor_delay_count
  X:006AH         PUBLIC        host_stolen_alarm1_count
  X:006BH         PUBLIC        host_stolen_alarm2_count
  X:006CH         PUBLIC        sensor_3rdstage_interval
  B:0024H.0       PUBLIC        ID_selflearning_flag
  B:0024H.1       PUBLIC        battery_stolen_EN
  B:0024H.2       PUBLIC        position_sensor_EN
  C:0585H         PUBLIC        uart_isr
  B:0024H.3       PUBLIC        Autolock_G
  X:006EH         PUBLIC        wheeled_count
  X:0070H         PUBLIC        raised_fell_number
  B:0024H.4       PUBLIC        never_alarm_speech
  X:0072H         PUBLIC        Check_Motobattery_count
  B:0024H.5       PUBLIC        Battery_hint_flag
  X:0073H         PUBLIC        Open_action_flag
  X:0074H         PUBLIC        receive_HV_count
  X:0075H         PUBLIC        receive_LV_count
  B:0024H.6       PUBLIC        raised_flag
  X:0076H         PUBLIC        raised_alarm_count
  D:00D0H         PUBLIC        PSW
  B:0080H.2       PUBLIC        sensor_detect
  X:0077H         PUBLIC        Stolen_alarm_reset_count
  B:0080H.5       PUBLIC        Externalmotor
  -------         PROC          MAIN
  C:133BH         LINE#         140
  C:133BH         LINE#         141
  C:133BH         LINE#         142
  C:133EH         LINE#         144
  C:1341H         LINE#         146
  C:1348H         LINE#         148
  C:134BH         LINE#         150
  C:134DH         LINE#         153
  C:1350H         LINE#         154
  C:1353H         LINE#         156
  C:1356H         LINE#         157
  C:1359H         LINE#         159
  C:135BH         LINE#         161
  C:135BH         LINE#         162
  C:135BH         LINE#         163
  -------         ENDPROC       MAIN
BL51 BANKED LINKER/LOCATER V6.22                                                      11/15/2016  14:57:57  PAGE 47


  -------         PROC          TIMER0
  C:0258H         LINE#         171
  C:0275H         LINE#         174
  C:027AH         LINE#         175
  C:027FH         LINE#         178
  C:0296H         LINE#         179
  C:0296H         LINE#         181
  C:029AH         LINE#         186
  C:02B4H         LINE#         187
  C:02B4H         LINE#         188
  C:02B6H         LINE#         189
  C:02B6H         LINE#         210
  C:02B9H         LINE#         211
  C:02B9H         LINE#         212
  C:02BEH         LINE#         213
  C:02C4H         LINE#         214
  C:02C4H         LINE#         215
  C:02C6H         LINE#         216
  C:02C8H         LINE#         217
  C:02C8H         LINE#         218
  C:02C8H         LINE#         221
  C:02CBH         LINE#         222
  C:02CEH         LINE#         226
  C:02D1H         LINE#         234
  C:02D4H         LINE#         242
  C:02D7H         LINE#         245
  C:02DAH         LINE#         247
  C:02DDH         LINE#         248
  C:02E0H         LINE#         249
  C:02E3H         LINE#         250
  C:02E3H         LINE#         253
  C:02E6H         LINE#         256
  C:02E9H         LINE#         257
  C:02ECH         LINE#         258
  C:02EFH         LINE#         260
  C:02F2H         LINE#         261
  C:02F5H         LINE#         263
  C:02F8H         LINE#         264
  C:02F8H         LINE#         265
  C:02FAH         LINE#         266
  C:02FDH         LINE#         267
  C:02FDH         LINE#         273
  C:0302H         LINE#         274
  C:0302H         LINE#         276
  C:0313H         LINE#         277
  C:0313H         LINE#         279
  C:0313H         LINE#         280
  C:0313H         LINE#         284
  C:0322H         LINE#         285
  C:0322H         LINE#         287
  C:032EH         LINE#         288
  C:032EH         LINE#         289
  C:0330H         LINE#         292
  C:0334H         LINE#         296
  C:0337H         LINE#         297
  C:033AH         LINE#         298
  C:033DH         LINE#         299
BL51 BANKED LINKER/LOCATER V6.22                                                      11/15/2016  14:57:57  PAGE 48


  C:0340H         LINE#         300
  C:0340H         LINE#         301
  C:0342H         LINE#         303
  C:0342H         LINE#         305
  C:0346H         LINE#         306
  C:0346H         LINE#         307
  C:0346H         LINE#         308
  C:0348H         LINE#         311
  C:0348H         LINE#         312
  C:0348H         LINE#         313
  C:0351H         LINE#         314
  C:0351H         LINE#         316
  C:035BH         LINE#         317
  C:035BH         LINE#         318
  C:035DH         LINE#         319
  C:0362H         LINE#         322
  C:0365H         LINE#         323
  C:0365H         LINE#         324
  C:0367H         LINE#         326
  C:0367H         LINE#         327
  C:036BH         LINE#         328
  C:036BH         LINE#         331
  C:0382H         LINE#         332
  C:0382H         LINE#         333
  C:0386H         LINE#         334
  C:0389H         LINE#         335
  C:038CH         LINE#         336
  C:0391H         LINE#         337
  C:0391H         LINE#         338
  C:0391H         LINE#         339
  C:0393H         LINE#         342
  C:0393H         LINE#         343
  C:0393H         LINE#         344
  C:039CH         LINE#         345
  C:039CH         LINE#         347
  C:03A6H         LINE#         348
  C:03A6H         LINE#         349
  C:03A8H         LINE#         351
  C:03AAH         LINE#         352
  C:03ACH         LINE#         353
  C:03AEH         LINE#         354
  C:03B1H         LINE#         355
  C:03B1H         LINE#         356
  C:03B3H         LINE#         358
  C:03B3H         LINE#         359
  C:03B7H         LINE#         360
  C:03B7H         LINE#         363
  C:03CEH         LINE#         364
  C:03CEH         LINE#         365
  C:03D2H         LINE#         366
  C:03D5H         LINE#         367
  C:03D8H         LINE#         368
  C:03DDH         LINE#         369
  C:03E2H         LINE#         370
  C:03E5H         LINE#         371
  C:03E5H         LINE#         372
  C:03E5H         LINE#         373
BL51 BANKED LINKER/LOCATER V6.22                                                      11/15/2016  14:57:57  PAGE 49


  C:03E5H         LINE#         374
  C:03E5H         LINE#         377
  C:03EDH         LINE#         378
  C:03EDH         LINE#         379
  C:03EFH         LINE#         380
  C:03F1H         LINE#         382
  C:03F3H         LINE#         383
  C:03F3H         LINE#         458
  -------         ENDPROC       TIMER0
  -------         PROC          UART_ISR
  C:0585H         LINE#         463
  C:05A2H         LINE#         465
  C:05A7H         LINE#         466
  C:05A7H         LINE#         467
  C:05A9H         LINE#         469
  C:05ABH         LINE#         471
  C:05B5H         LINE#         475
  C:05BAH         LINE#         476
  C:05BAH         LINE#         478
  C:05C8H         LINE#         479
  C:05C8H         LINE#         480
  C:05CDH         LINE#         481
  C:05CFH         LINE#         482
  C:05E1H         LINE#         483
  C:05E1H         LINE#         484
  C:05E6H         LINE#         485
  C:05E8H         LINE#         486
  C:05FBH         LINE#         487
  C:05FBH         LINE#         488
  C:0600H         LINE#         489
  C:0602H         LINE#         490
  C:0612H         LINE#         491
  C:0612H         LINE#         492
  C:0617H         LINE#         493
  C:0619H         LINE#         494
  C:062BH         LINE#         495
  C:062BH         LINE#         496
  C:0630H         LINE#         497
  C:0632H         LINE#         499
  C:0644H         LINE#         500
  C:0644H         LINE#         501
  C:0647H         LINE#         502
  C:0649H         LINE#         503
  C:064CH         LINE#         504
  C:064EH         LINE#         506
  C:0651H         LINE#         508
  C:065DH         LINE#         509
  C:065DH         LINE#         510
  C:065FH         LINE#         511
  C:065FH         LINE#         512
  C:0669H         LINE#         513
  C:0669H         LINE#         517
  C:066BH         LINE#         518
  C:066DH         LINE#         519
  C:066FH         LINE#         521
  C:0671H         LINE#         522
  C:0673H         LINE#         523
BL51 BANKED LINKER/LOCATER V6.22                                                      11/15/2016  14:57:57  PAGE 50


  C:0673H         LINE#         524
  C:0675H         LINE#         534
  C:0675H         LINE#         535
  C:0679H         LINE#         536
  C:0679H         LINE#         569
  C:067BH         LINE#         571
  C:067BH         LINE#         573
  C:0685H         LINE#         574
  C:0685H         LINE#         575
  C:0687H         LINE#         576
  C:0689H         LINE#         577
  C:0689H         LINE#         616
  C:0689H         LINE#         617
  C:0689H         LINE#         618
  -------         ENDPROC       UART_ISR
  -------         ENDMOD        MAIN

  -------         MODULE        ?C?CLDPTR
  C:040EH         PUBLIC        ?C?CLDPTR
  -------         ENDMOD        ?C?CLDPTR

  -------         MODULE        ?C?LMUL
  C:0427H         PUBLIC        ?C?LMUL
  -------         ENDMOD        ?C?LMUL

  -------         MODULE        ?C?ULDIV
  C:04B2H         PUBLIC        ?C?ULDIV
  -------         ENDMOD        ?C?ULDIV

  -------         MODULE        ?C?LNEG
  C:0544H         PUBLIC        ?C?LNEG
  -------         ENDMOD        ?C?LNEG

  -------         MODULE        ?C?ICALL
  C:0552H         PUBLIC        ?C?ICALL
  C:0556H         PUBLIC        ?C?ICALL2
  -------         ENDMOD        ?C?ICALL

  -------         MODULE        ?C?LIMUL
  C:0558H         PUBLIC        ?C?LIMUL
  -------         ENDMOD        ?C?LIMUL

*** WARNING L16: UNCALLED SEGMENT, IGNORED FOR OVERLAY PROCESS
    SEGMENT: ?PR?INITSIGNAL?COMMUNICATION

*** WARNING L16: UNCALLED SEGMENT, IGNORED FOR OVERLAY PROCESS
    SEGMENT: ?PR?INITSIGNAL_F?COMMUNICATION

*** WARNING L16: UNCALLED SEGMENT, IGNORED FOR OVERLAY PROCESS
    SEGMENT: ?PR?_SEND_DATA?COMMUNICATION

*** WARNING L16: UNCALLED SEGMENT, IGNORED FOR OVERLAY PROCESS
    SEGMENT: ?PR?RECEIVE_BYTE?COMMUNICATION

*** WARNING L16: UNCALLED SEGMENT, IGNORED FOR OVERLAY PROCESS
    SEGMENT: ?PR?RECEIVE_BYTE_LOCK?COMMUNICATION

BL51 BANKED LINKER/LOCATER V6.22                                                      11/15/2016  14:57:57  PAGE 51


*** WARNING L16: UNCALLED SEGMENT, IGNORED FOR OVERLAY PROCESS
    SEGMENT: ?PR?RECEIVE_WORD?COMMUNICATION

*** WARNING L16: UNCALLED SEGMENT, IGNORED FOR OVERLAY PROCESS
    SEGMENT: ?PR?DELAY_1MS?DELAY

*** WARNING L16: UNCALLED SEGMENT, IGNORED FOR OVERLAY PROCESS
    SEGMENT: ?PR?DELAY_10MS?DELAY

*** WARNING L16: UNCALLED SEGMENT, IGNORED FOR OVERLAY PROCESS
    SEGMENT: ?PR?DELAY_100MS?DELAY

*** WARNING L16: UNCALLED SEGMENT, IGNORED FOR OVERLAY PROCESS
    SEGMENT: ?PR?_DELAY_MS?DELAY

*** WARNING L16: UNCALLED SEGMENT, IGNORED FOR OVERLAY PROCESS
    SEGMENT: ?PR?FELL_ALARM_TO_SLAVE?OPERATION

*** WARNING L16: UNCALLED SEGMENT, IGNORED FOR OVERLAY PROCESS
    SEGMENT: ?PR?RAISE_ALARM_TO_SLAVE?OPERATION

*** WARNING L16: UNCALLED SEGMENT, IGNORED FOR OVERLAY PROCESS
    SEGMENT: ?PR?BATSTOLEN_ALARM_TO_SLAVE?OPERATION

*** WARNING L16: UNCALLED SEGMENT, IGNORED FOR OVERLAY PROCESS
    SEGMENT: ?PR?ENSENSOR_AFTER_SLAVE_AWAY?OPERATION

*** WARNING L16: UNCALLED SEGMENT, IGNORED FOR OVERLAY PROCESS
    SEGMENT: ?PR?MYPWM?PWM

*** WARNING L16: UNCALLED SEGMENT, IGNORED FOR OVERLAY PROCESS
    SEGMENT: ?PR?_INITTIMER?TIMER

*** WARNING L16: UNCALLED SEGMENT, IGNORED FOR OVERLAY PROCESS
    SEGMENT: ?PR?HSCH_START?TIMER

*** WARNING L16: UNCALLED SEGMENT, IGNORED FOR OVERLAY PROCESS
    SEGMENT: ?PR?SEOS_GO_TO_SLEEP?TIMER

*** WARNING L16: UNCALLED SEGMENT, IGNORED FOR OVERLAY PROCESS
    SEGMENT: ?PR?MOTORBAT_LOW_SPEECH?VOICE

*** WARNING L16: UNCALLED SEGMENT, IGNORED FOR OVERLAY PROCESS
    SEGMENT: ?PR?HOST_2NDTOUCH_SPEECH?VOICE

*** WARNING L16: UNCALLED SEGMENT, IGNORED FOR OVERLAY PROCESS
    SEGMENT: ?PR?BATTERY_STOLEN_SPEECH?VOICE

*** WARNING L16: UNCALLED SEGMENT, IGNORED FOR OVERLAY PROCESS
    SEGMENT: ?PR?CUTTING_WIRE_VOICE?VOICE

*** WARNING L16: UNCALLED SEGMENT, IGNORED FOR OVERLAY PROCESS
    SEGMENT: ?PR?PRODUCT_TEST_VOICE?VOICE

*** WARNING L16: UNCALLED SEGMENT, IGNORED FOR OVERLAY PROCESS
    SEGMENT: ?PR?BATTERY_LOW_ALARM_SPEECH?VOICE

BL51 BANKED LINKER/LOCATER V6.22                                                      11/15/2016  14:57:57  PAGE 52


*** WARNING L16: UNCALLED SEGMENT, IGNORED FOR OVERLAY PROCESS
    SEGMENT: ?PR?BATTERY_HIGH_ALARM_SPEECH?VOICE

*** WARNING L16: UNCALLED SEGMENT, IGNORED FOR OVERLAY PROCESS
    SEGMENT: ?PR?ALARM_STOLEN_SPEECH?VOICE

*** WARNING L16: UNCALLED SEGMENT, IGNORED FOR OVERLAY PROCESS
    SEGMENT: ?PR?ALARM_RAISED_SPEECH?VOICE

*** WARNING L16: UNCALLED SEGMENT, IGNORED FOR OVERLAY PROCESS
    SEGMENT: ?PR?ALARM_FELL_SPEECH?VOICE

*** WARNING L16: UNCALLED SEGMENT, IGNORED FOR OVERLAY PROCESS
    SEGMENT: ?PR?HOST_BATTERY_HIGH_ALARM_SPEECH?VOICE

*** WARNING L16: UNCALLED SEGMENT, IGNORED FOR OVERLAY PROCESS
    SEGMENT: ?PR?BATTERY_STOLEN_SPEECH_F3?VOICE

*** WARNING L16: UNCALLED SEGMENT, IGNORED FOR OVERLAY PROCESS
    SEGMENT: ?PR?WIRE_BROKEN_SPEECH?VOICE

*** WARNING L16: UNCALLED SEGMENT, IGNORED FOR OVERLAY PROCESS
    SEGMENT: ?PR?LOCK_ROTATED_ON_SPEECH?VOICE

*** WARNING L16: UNCALLED SEGMENT, IGNORED FOR OVERLAY PROCESS
    SEGMENT: ?PR?LOCK_ROTATED_OFF_SPEECH?VOICE

*** WARNING L16: UNCALLED SEGMENT, IGNORED FOR OVERLAY PROCESS
    SEGMENT: ?PR?_FLASH_READ_DATA?ISP_DATAFLASH

*** WARNING L16: UNCALLED SEGMENT, IGNORED FOR OVERLAY PROCESS
    SEGMENT: ?PR?SELF_LEARN_PROGRAMMING_F?ISP_DATAFLASH

*** WARNING L16: UNCALLED SEGMENT, IGNORED FOR OVERLAY PROCESS
    SEGMENT: ?PR?ELECMOTOR_STOPCODE?ELECMOTOR

*** WARNING L16: UNCALLED SEGMENT, IGNORED FOR OVERLAY PROCESS
    SEGMENT: ?PR?ELECMOTOR_DELAY_CW?ELECMOTOR

*** WARNING L16: UNCALLED SEGMENT, IGNORED FOR OVERLAY PROCESS
    SEGMENT: ?PR?ELECMOTOR_DELAY_ACW?ELECMOTOR

*** WARNING L16: UNCALLED SEGMENT, IGNORED FOR OVERLAY PROCESS
    SEGMENT: ?PR?ELECMOTOR_TEST?ELECMOTOR

*** WARNING L16: UNCALLED SEGMENT, IGNORED FOR OVERLAY PROCESS
    SEGMENT: ?PR?HSCH_DISPATCH_TASKS?SCHEDULAR

*** WARNING L16: UNCALLED SEGMENT, IGNORED FOR OVERLAY PROCESS
    SEGMENT: ?PR?_HSCH_ADD_TASK?SCHEDULAR

*** WARNING L16: UNCALLED SEGMENT, IGNORED FOR OVERLAY PROCESS
    SEGMENT: ?PR?HSCH_UPDATE?SCHEDULAR

*** WARNING L16: UNCALLED SEGMENT, IGNORED FOR OVERLAY PROCESS
    SEGMENT: ?PR?_SENDNBYTE?UART

BL51 BANKED LINKER/LOCATER V6.22                                                      11/15/2016  14:57:57  PAGE 53


*** WARNING L15: MULTIPLE CALL TO SEGMENT
    SEGMENT: ?PR?_SC_SPEECH?VOICE
    CALLER1: ?PR?TIMER0?MAIN
    CALLER2: ?PR?UART_ISR?MAIN

*** WARNING L15: MULTIPLE CALL TO SEGMENT
    SEGMENT: ?PR?_SC_SPEECH?VOICE
    CALLER1: ?PR?UART_ISR?MAIN
    CALLER2: ?C_C51STARTUP

*** WARNING L1: UNRESOLVED EXTERNAL SYMBOL
    SYMBOL:  _UART_SEND_DATA
    MODULE:  .\operation.obj (OPERATION)

*** WARNING L1: UNRESOLVED EXTERNAL SYMBOL
    SYMBOL:  CLOSE_TRANCEIVER
    MODULE:  .\operation.obj (OPERATION)

*** WARNING L2: REFERENCE MADE TO UNRESOLVED EXTERNAL
    SYMBOL:  _UART_SEND_DATA
    MODULE:  .\operation.obj (OPERATION)
    ADDRESS: 1570H

*** WARNING L2: REFERENCE MADE TO UNRESOLVED EXTERNAL
    SYMBOL:  _UART_SEND_DATA
    MODULE:  .\operation.obj (OPERATION)
    ADDRESS: 1586H

*** WARNING L2: REFERENCE MADE TO UNRESOLVED EXTERNAL
    SYMBOL:  _UART_SEND_DATA
    MODULE:  .\operation.obj (OPERATION)
    ADDRESS: 159CH

*** WARNING L2: REFERENCE MADE TO UNRESOLVED EXTERNAL
    SYMBOL:  CLOSE_TRANCEIVER
    MODULE:  .\operation.obj (OPERATION)
    ADDRESS: 13F5H

*** WARNING L1: UNRESOLVED EXTERNAL SYMBOL
    SYMBOL:  ELECMOTOR_CW
    MODULE:  .\ElecMotor.obj (ELECMOTOR)

*** WARNING L1: UNRESOLVED EXTERNAL SYMBOL
    SYMBOL:  ELECMOTOR_ACW
    MODULE:  .\ElecMotor.obj (ELECMOTOR)

*** WARNING L2: REFERENCE MADE TO UNRESOLVED EXTERNAL
    SYMBOL:  ELECMOTOR_CW
    MODULE:  .\ElecMotor.obj (ELECMOTOR)
    ADDRESS: 12B9H

*** WARNING L2: REFERENCE MADE TO UNRESOLVED EXTERNAL
    SYMBOL:  ELECMOTOR_ACW
    MODULE:  .\ElecMotor.obj (ELECMOTOR)
    ADDRESS: 12CCH

Program Size: data=54.5 xdata=128 code=6086
BL51 BANKED LINKER/LOCATER V6.22                                                      11/15/2016  14:57:57  PAGE 54


LINK/LOCATE RUN COMPLETE.  55 WARNING(S),  0 ERROR(S)
