BL51 BANKED LINKER/LOCATER V6.22                                                        06/10/2015  16:56:24  PAGE 1


BL51 BANKED LINKER/LOCATER V6.22, INVOKED BY:
D:\PROGRAM FILES (X86)\KEIL_V5\C51\BIN\BL51.EXE .\AD.obj, .\Battery.obj, .\communication.obj, .\Delay.obj, .\operation.o
>> bj, .\Other.obj, .\pwm.obj, .\Timer.obj, .\UART.obj, .\voice.obj, .\ISP_DataFlash.obj, .\ElecMotor.obj, .\Schedular.o
>> bj, Main.obj TO DDC-Z RAMSIZE (256)


MEMORY MODEL: COMPACT


INPUT MODULES INCLUDED:
  .\AD.obj (AD)
  .\Battery.obj (BATTERY)
  .\communication.obj (COMMUNICATION)
  .\Delay.obj (DELAY)
  .\operation.obj (OPERATION)
  .\Other.obj (OTHER)
  .\pwm.obj (PWM)
  .\Timer.obj (TIMER)
  .\UART.obj (UART)
  .\voice.obj (VOICE)
  .\ISP_DataFlash.obj (ISP_DATAFLASH)
  .\ElecMotor.obj (ELECMOTOR)
  .\Schedular.obj (SCHEDULAR)
  Main.obj (MAIN)
  D:\PROGRAM FILES (X86)\KEIL_V5\C51\LIB\C51C.LIB (?C_STARTUP)
  D:\PROGRAM FILES (X86)\KEIL_V5\C51\LIB\C51C.LIB (?C?CLDPTR)
  D:\PROGRAM FILES (X86)\KEIL_V5\C51\LIB\C51C.LIB (?C?LMUL)
  D:\PROGRAM FILES (X86)\KEIL_V5\C51\LIB\C51C.LIB (?C?ULDIV)
  D:\PROGRAM FILES (X86)\KEIL_V5\C51\LIB\C51C.LIB (?C?LNEG)
  D:\PROGRAM FILES (X86)\KEIL_V5\C51\LIB\C51C.LIB (?C?ICALL)
  D:\PROGRAM FILES (X86)\KEIL_V5\C51\LIB\C51C.LIB (?C?LIMUL)
  D:\PROGRAM FILES (X86)\KEIL_V5\C51\LIB\C51C.LIB (?C_INIT)


LINK MAP OF MODULE:  DDC-Z (AD)


            TYPE    BASE      LENGTH    RELOCATION   SEGMENT NAME
            -----------------------------------------------------

            * * * * * * *   D A T A   M E M O R Y   * * * * * * *
            REG     0000H     0008H     ABSOLUTE     "REG BANK 0"
                    0008H     0018H                  *** GAP ***
            BIT     0020H.0   0004H.3   UNIT         ?BI?MAIN
            BIT     0024H.3   0000H.2   UNIT         ?BI?OPERATION
            BIT     0024H.5   0000H.1   UNIT         ?BI?_HSCH_ADD_TASK?SCHEDULAR
            BIT     0024H.6   0000H.1   UNIT         ?BI?_HSCH_DELETE_TASK?SCHEDULAR
                    0024H.7   0000H.1                *** GAP ***
            DATA    0025H     0028H     UNIT         ?DT?SCHEDULAR
            IDATA   004DH     0001H     UNIT         ?STACK

            * * * * * * *  X D A T A   M E M O R Y  * * * * * * *
            XDATA   0000H     0001H     INPAGE       ?PD?BATTERY
            XDATA   0001H     0003H     INPAGE       ?PD?INITSIGNAL?COMMUNICATION
            XDATA   0004H     0003H     INPAGE       ?PD?INITSIGNAL_F?COMMUNICATION
            XDATA   0007H     0003H     INPAGE       ?PD?_SEND_DATA?COMMUNICATION
            XDATA   000AH     0003H     INPAGE       ?PD?_COMMODE_DATA?COMMUNICATION
            XDATA   000DH     0003H     INPAGE       ?PD?_COMMODE_DATA_WX?COMMUNICATION
BL51 BANKED LINKER/LOCATER V6.22                                                      06/10/2015  16:56:24  PAGE 2


            XDATA   0010H     0002H     INPAGE       ?PD?_UART_SEND_DATA?COMMUNICATION
            XDATA   0012H     0002H     INPAGE       ?PD?_UART_SEND_DATA_F?COMMUNICATION
            XDATA   0014H     0004H     INPAGE       ?PD?_SEND_CODE_TO_LOCK?COMMUNICATION
            XDATA   0018H     0004H     INPAGE       ?PD?_SEND_CODE_TO_LOCK_TAILI?COMMUNICATION
            XDATA   001CH     0007H     INPAGE       ?PD?COMMUNICATION
            XDATA   0023H     0004H     INPAGE       ?PD?_CUSTOM_DELAY?DELAY
            XDATA   0027H     0002H     INPAGE       ?PD?_MAGNET_DELAY?DELAY
            XDATA   0029H     0002H     INPAGE       ?PD?DELAY
            XDATA   002BH     0004H     INPAGE       ?PD?_MAGNET_CW?OTHER
            XDATA   002FH     0004H     INPAGE       ?PD?_MAGNET_CW_TAILI?OTHER
            XDATA   0033H     0002H     INPAGE       ?PD?PWM
            XDATA   0035H     0002H     INPAGE       ?PD?_INITTIMER?TIMER
            XDATA   0037H     0004H     INPAGE       ?PD?TIMER
            XDATA   003BH     0003H     INPAGE       ?PD?_SENDNBYTE?UART
            XDATA   003EH     0001H     INPAGE       ?PD?VOICE
            XDATA   003FH     0003H     INPAGE       ?PD?_FLASH_READ_DATA?ISP_DATAFLASH
            XDATA   0042H     0001H     INPAGE       ?PD?HSCH_DISPATCH_TASKS?SCHEDULAR
            XDATA   0043H     0002H     INPAGE       ?PD?_HSCH_ADD_TASK?SCHEDULAR
            XDATA   0045H     0001H     INPAGE       ?PD?HSCH_UPDATE?SCHEDULAR
            XDATA   0046H     0004H     INPAGE       ?PD?SCHEDULAR
            XDATA   004AH     0039H     INPAGE       ?PD?MAIN
            XDATA   0083H     0006H     INPAGE       _PDATA_GROUP_

            * * * * * * *   C O D E   M E M O R Y   * * * * * * *
            CODE    0000H     0003H     ABSOLUTE     
            CODE    0003H     0008H     UNIT         ?PR?MOTO_VIBRATION?OTHER
            CODE    000BH     0003H     ABSOLUTE     
            CODE    000EH     0015H     UNIT         ?PR?_FLASH_PAGE_ERASE?ISP_DATAFLASH
            CODE    0023H     0003H     ABSOLUTE     
            CODE    0026H     0226H     UNIT         ?PR?TIMER0?MAIN
            CODE    024CH     0177H     UNIT         ?C?LIB_CODE
            CODE    03C3H     0167H     UNIT         ?PR?UART_ISR?MAIN
            CODE    052AH     00E8H     UNIT         ?C_INITSEG
            CODE    0612H     00C5H     UNIT         ?PR?HSCH_UPDATE?SCHEDULAR
            CODE    06D7H     00BBH     UNIT         ?PR?_VERIFYBATTERY?BATTERY
            CODE    0792H     00A5H     UNIT         ?PR?DETECT_SELFLEARN_ACTION?OPERATION
            CODE    0837H     008CH     UNIT         ?C_C51STARTUP
            CODE    08C3H     007DH     UNIT         ?PR?_HSCH_ADD_TASK?SCHEDULAR
            CODE    0940H     0078H     UNIT         ?PR?_GETADCRESULT?AD
            CODE    09B8H     0075H     UNIT         ?PR?_INITTIMER?TIMER
            CODE    0A2DH     0073H     UNIT         ?PR?_SEND_CODE_TO_LOCK?COMMUNICATION
            CODE    0AA0H     0073H     UNIT         ?PR?_SEND_CODE_TO_LOCK_TAILI?COMMUNICATION
            CODE    0B13H     0071H     UNIT         ?PR?HSCH_DISPATCH_TASKS?SCHEDULAR
            CODE    0B84H     006AH     UNIT         ?PR?RECEIVE_BYTE?COMMUNICATION
            CODE    0BEEH     006AH     UNIT         ?PR?RECEIVE_BYTE_LOCK?COMMUNICATION
            CODE    0C58H     0062H     UNIT         ?PR?_PWM_CHANNEL?PWM
            CODE    0CBAH     0060H     UNIT         ?PR?_SEND_DATA?COMMUNICATION
            CODE    0D1AH     0057H     UNIT         ?PR?_UART_SEND_DATA?COMMUNICATION
            CODE    0D71H     0056H     UNIT         ?PR?ELECMOTOR_CODE?ELECMOTOR
            CODE    0DC7H     0053H     UNIT         ?PR?SELF_LEARN_PROGRAMMING?ISP_DATAFLASH
            CODE    0E1AH     004BH     UNIT         ?PR?_HSCH_DELETE_TASK?SCHEDULAR
            CODE    0E65H     0048H     UNIT         ?PR?INITSIGNAL?COMMUNICATION
            CODE    0EADH     0048H     UNIT         ?PR?INITSIGNAL_F?COMMUNICATION
            CODE    0EF5H     0047H     UNIT         ?PR?DISABLE_SENSOR?OTHER
            CODE    0F3CH     0045H     UNIT         ?PR?_UART_SEND_DATA_F?COMMUNICATION
            CODE    0F81H     0043H     UNIT         ?PR?UART_SEND_DATA_MATCH?COMMUNICATION
            CODE    0FC4H     0041H     UNIT         ?PR?RECEIVE_WORD?COMMUNICATION
BL51 BANKED LINKER/LOCATER V6.22                                                      06/10/2015  16:56:24  PAGE 3


            CODE    1005H     0041H     UNIT         ?PR?SELF_LEARN_PROGRAMMING_F?ISP_DATAFLASH
            CODE    1046H     003FH     UNIT         ?PR?_CUSTOM_DELAY?DELAY
            CODE    1085H     003EH     UNIT         ?PR?_MAGNET_DELAY?DELAY
            CODE    10C3H     0036H     UNIT         ?PR?_INITUART?UART
            CODE    10F9H     0036H     UNIT         ?PR?_SC_SPEECH?VOICE
            CODE    112FH     0034H     UNIT         ?PR?_COMMODE_DATA_WX?COMMUNICATION
            CODE    1163H     0032H     UNIT         ?PR?_COMMODE_DATA?COMMUNICATION
            CODE    1195H     0032H     UNIT         ?PR?ACCUMULATOR_VOICE_PROMOT?VOICE
            CODE    11C7H     0031H     UNIT         ?PR?_MAGNET_CW?OTHER
            CODE    11F8H     0031H     UNIT         ?PR?_MAGNET_CW_TAILI?OTHER
            CODE    1229H     0030H     UNIT         ?PR?_FLASH_WRITE_DATA?ISP_DATAFLASH
            CODE    1259H     002FH     UNIT         ?PR?DETECT_VIBRATION?OPERATION
            CODE    1288H     002CH     UNIT         ?PR?DETECT_WHEEL_MOVING?OPERATION
            CODE    12B4H     002BH     UNIT         ?PR?DETECT_CLOSE_ACTION?OPERATION
            CODE    12DFH     002BH     UNIT         ?PR?_SENDNBYTE?UART
            CODE    130AH     0029H     UNIT         ?PR?DETECT_OPEN_ACTION?OPERATION
            CODE    1333H     0026H     UNIT         ?PR?SELFLEARN_RESET?OPERATION
            CODE    1359H     0024H     UNIT         ?PR?SLAVE_NEARBY_OPERATION?OPERATION
            CODE    137DH     0023H     UNIT         ?PR?_INITT0?TIMER
            CODE    13A0H     0022H     UNIT         ?PR?ENSENSOR_AFTERIDCERT?OPERATION
            CODE    13C2H     0021H     UNIT         ?PR?SLAVE_AWAY_OPERATION?OPERATION
            CODE    13E3H     0021H     UNIT         ?PR?ENSENSOR_AFTER_SLAVE_AWAY?OPERATION
            CODE    1404H     0020H     UNIT         ?PR?_DELAY_MS?DELAY
            CODE    1424H     001EH     UNIT         ?PR?RESET_AFTER_STOLEN_ALARMING?OPERATION
            CODE    1442H     001EH     UNIT         ?PR?_FLASH_READ_DATA?ISP_DATAFLASH
            CODE    1460H     001BH     UNIT         ?PR?ENSENSOR_AFTER_CLOSE?OPERATION
            CODE    147BH     001BH     UNIT         ?PR?INITVOICE?VOICE
            CODE    1496H     001AH     UNIT         ?PR?DELAY_1MS?DELAY
            CODE    14B0H     001AH     UNIT         ?PR?DELAY_5MS?DELAY
            CODE    14CAH     001AH     UNIT         ?PR?DELAY_10MS?DELAY
            CODE    14E4H     001AH     UNIT         ?PR?DELAY_50MS?DELAY
            CODE    14FEH     001AH     UNIT         ?PR?DELAY_100MS?DELAY
            CODE    1518H     001AH     UNIT         ?PR?DELAY_500MS?DELAY
            CODE    1532H     001AH     UNIT         ?PR?TRIGGER_ISP?ISP_DATAFLASH
            CODE    154CH     0019H     UNIT         ?PR?_DELAY_US?DELAY
            CODE    1565H     0018H     UNIT         ?PR?INIT_PWM?PWM
            CODE    157DH     0017H     UNIT         ?PR?_DELAY?DELAY
            CODE    1594H     0017H     UNIT         ?PR?MAIN?MAIN
            CODE    15ABH     0016H     UNIT         ?PR?FELL_ALARM_TO_SLAVE?OPERATION
            CODE    15C1H     0016H     UNIT         ?PR?RAISE_ALARM_TO_SLAVE?OPERATION
            CODE    15D7H     0016H     UNIT         ?PR?BATSTOLEN_ALARM_TO_SLAVE?OPERATION
            CODE    15EDH     0016H     UNIT         ?PR?ELECMOTOR_DELAY_ACW?ELECMOTOR
            CODE    1603H     0014H     UNIT         ?PR?DISABLE_ISP?ISP_DATAFLASH
            CODE    1617H     0013H     UNIT         ?PR?HOST_TOUCH_SPEECH?VOICE
            CODE    162AH     0013H     UNIT         ?PR?STOLEN_ALARM_SPEECH2?VOICE
            CODE    163DH     0013H     UNIT         ?PR?ENABLE_ISP?ISP_DATAFLASH
            CODE    1650H     0011H     UNIT         ?PR?SELF_LEARN_SPEECH?VOICE
            CODE    1661H     0011H     UNIT         ?PR?IDCERTED_SPEECH?VOICE
            CODE    1672H     0011H     UNIT         ?PR?ELECMOTOR_CW?ELECMOTOR
            CODE    1683H     0010H     UNIT         ?PR?RESET_AFTER_WIREBROKEN?OPERATION
            CODE    1693H     0010H     UNIT         ?PR?ELECMOTOR_DELAY_CW?ELECMOTOR
            CODE    16A3H     000FH     UNIT         ?PR?MOTORBAT_LOW_SPEECH?VOICE
            CODE    16B2H     000FH     UNIT         ?PR?ID_SPEECH?VOICE
            CODE    16C1H     000FH     UNIT         ?PR?HOST_2NDTOUCH_SPEECH?VOICE
            CODE    16D0H     000FH     UNIT         ?PR?STOLEN_ALARM_SPEECH1?VOICE
            CODE    16DFH     000FH     UNIT         ?PR?OPEN_LOCK_SPEECH?VOICE
            CODE    16EEH     000FH     UNIT         ?PR?CLOSE_LOCK_SPEECH?VOICE
BL51 BANKED LINKER/LOCATER V6.22                                                      06/10/2015  16:56:24  PAGE 4


            CODE    16FDH     000FH     UNIT         ?PR?BATTERY_STOLEN_SPEECH?VOICE
            CODE    170CH     000FH     UNIT         ?PR?CUTTING_WIRE_VOICE?VOICE
            CODE    171BH     000FH     UNIT         ?PR?PRODUCT_TEST_VOICE?VOICE
            CODE    172AH     000FH     UNIT         ?PR?BATTERY_LOW_ALARM_SPEECH?VOICE
            CODE    1739H     000FH     UNIT         ?PR?BATTERY_HIGH_ALARM_SPEECH?VOICE
            CODE    1748H     000FH     UNIT         ?PR?ALARM_STOLEN_SPEECH?VOICE
            CODE    1757H     000FH     UNIT         ?PR?ALARM_RAISED_SPEECH?VOICE
            CODE    1766H     000FH     UNIT         ?PR?ALARM_FELL_SPEECH?VOICE
            CODE    1775H     000FH     UNIT         ?PR?HOST_BATTERY_HIGH_ALARM_SPEECH?VOICE
            CODE    1784H     000FH     UNIT         ?PR?BATTERY_STOLEN_SPEECH_F3?VOICE
            CODE    1793H     000FH     UNIT         ?PR?WIRE_BROKEN_SPEECH?VOICE
            CODE    17A2H     000FH     UNIT         ?PR?LOCK_ROTATED_ON_SPEECH?VOICE
            CODE    17B1H     000FH     UNIT         ?PR?LOCK_ROTATED_OFF_SPEECH?VOICE
            CODE    17C0H     000EH     UNIT         ?PR?_MAGNET_ACW?OTHER
            CODE    17CEH     000EH     UNIT         ?PR?_MAGNET_ACW_TAILI?OTHER
            CODE    17DCH     000EH     UNIT         ?PR?ELECMOTOR_ACW?ELECMOTOR
            CODE    17EAH     000DH     UNIT         ?PR?CHECK_MOTOR_ACCUMULATOR?BATTERY
            CODE    17F7H     000CH     UNIT         ?PR?HOST_STOLEN_ACTION?OPERATION
            CODE    1803H     000CH     UNIT         ?PR?ENABLE_SENSOR?OTHER
            CODE    180FH     000BH     UNIT         ?PR?INITSENSOR?OPERATION
            CODE    181AH     0009H     UNIT         ?PR?INITTRANSCEIVER?COMMUNICATION
            CODE    1823H     0009H     UNIT         ?PR?DISABLE_SENSOR_AFTER_IDCERT?OPERATION
            CODE    182CH     0009H     UNIT         ?PR?ENTER_NOGUARD_VOICE?VOICE
            CODE    1835H     0008H     UNIT         ?PR?MYPWM?PWM
            CODE    183DH     0008H     UNIT         ?PR?_SENDDATA?UART
            CODE    1845H     0005H     UNIT         ?PR?OPEN_TRANCEIVER?COMMUNICATION
            CODE    184AH     0004H     UNIT         ?PR?SEOS_GO_TO_SLEEP?TIMER
            CODE    184EH     0004H     UNIT         ?PR?HSCH_GO_TO_SLEEP?SCHEDULAR
            CODE    1852H     0003H     UNIT         ?PR?CLOSE_TRANCEIVER?COMMUNICATION
            CODE    1855H     0003H     UNIT         ?PR?INITELECMOTOR?ELECMOTOR
            CODE    1858H     0001H     UNIT         ?PR?KEY_ROTATE_ON_SPEECH?VOICE
            CODE    1859H     0001H     UNIT         ?PR?HSCH_REPORT_STATUS?SCHEDULAR
                    185AH     17A6H                  *** GAP ***
            CODE    3000H     0001H     ABSOLUTE     
            CODE    3001H     0001H     ABSOLUTE     
            CODE    3002H     0001H     ABSOLUTE     
            CODE    3003H     0001H     ABSOLUTE     
            CODE    3004H     0001H     ABSOLUTE     
            CODE    3005H     0001H     ABSOLUTE     



OVERLAY MAP OF MODULE:   DDC-Z (AD)


SEGMENT                                            PDATA_GROUP
  +--> CALLED SEGMENT                            START    LENGTH
----------------------------------------------------------------
?PR?TIMER0?MAIN                                  -----    -----
  +--> ?PR?CHECK_MOTOR_ACCUMULATOR?BATTERY
  +--> ?PR?ACCUMULATOR_VOICE_PROMOT?VOICE
  +--> ?PR?ENSENSOR_AFTER_SLAVE_AWAY?OPERATION
  +--> ?PR?ENSENSOR_AFTER_CLOSE?OPERATION
  +--> ?PR?HOST_STOLEN_ACTION?OPERATION
  +--> ?PR?DISABLE_SENSOR_AFTER_IDCERT?OPERA...
  +--> ?PR?RESET_AFTER_WIREBROKEN?OPERATION
  +--> ?PR?RESET_AFTER_STOLEN_ALARMING?OPERA...
BL51 BANKED LINKER/LOCATER V6.22                                                      06/10/2015  16:56:24  PAGE 5


  +--> ?PR?SELFLEARN_RESET?OPERATION
  +--> ?PR?ENTER_NOGUARD_VOICE?VOICE
  +--> ?PR?DETECT_SELFLEARN_ACTION?OPERATION
  +--> ?PR?DETECT_VIBRATION?OPERATION
  +--> ?PR?DETECT_WHEEL_MOVING?OPERATION
  +--> ?PR?DETECT_OPEN_ACTION?OPERATION
  +--> ?PR?DETECT_CLOSE_ACTION?OPERATION
  +--> ?PR?DELAY_500MS?DELAY
  +--> ?PR?HOST_TOUCH_SPEECH?VOICE
  +--> ?PR?ID_SPEECH?VOICE

?PR?CHECK_MOTOR_ACCUMULATOR?BATTERY              -----    -----
  +--> ?PR?_GETADCRESULT?AD

?PR?ACCUMULATOR_VOICE_PROMOT?VOICE               -----    -----
  +--> ?PR?_VERIFYBATTERY?BATTERY

?PR?_VERIFYBATTERY?BATTERY                       0083H    0002H
  +--> ?PR?_SC_SPEECH?VOICE
  +--> ?PR?_DELAY?DELAY
  +--> ?PR?MOTORBAT_LOW_SPEECH?VOICE

?PR?_SC_SPEECH?VOICE                             0087H    0002H
  +--> ?PR?DELAY_50MS?DELAY
  +--> ?PR?_DELAY_US?DELAY

?PR?MOTORBAT_LOW_SPEECH?VOICE                    -----    -----
  +--> ?PR?_SC_SPEECH?VOICE
  +--> ?PR?_DELAY?DELAY

?PR?ENSENSOR_AFTER_SLAVE_AWAY?OPERATION          -----    -----
  +--> ?PR?ENABLE_SENSOR?OTHER

?PR?ENSENSOR_AFTER_CLOSE?OPERATION               -----    -----
  +--> ?PR?ENABLE_SENSOR?OTHER

?PR?HOST_STOLEN_ACTION?OPERATION                 -----    -----
  +--> ?PR?STOLEN_ALARM_SPEECH1?VOICE
  +--> ?PR?STOLEN_ALARM_SPEECH2?VOICE

?PR?STOLEN_ALARM_SPEECH1?VOICE                   -----    -----
  +--> ?PR?_SC_SPEECH?VOICE
  +--> ?PR?_DELAY?DELAY

?PR?STOLEN_ALARM_SPEECH2?VOICE                   -----    -----
  +--> ?PR?_SC_SPEECH?VOICE
  +--> ?PR?_DELAY?DELAY

?PR?DISABLE_SENSOR_AFTER_IDCERT?OPERA...         -----    -----
  +--> ?PR?DISABLE_SENSOR?OTHER

?PR?RESET_AFTER_STOLEN_ALARMING?OPERA...         -----    -----
  +--> ?PR?CLOSE_TRANCEIVER?COMMUNICATION

?PR?ENTER_NOGUARD_VOICE?VOICE                    -----    -----
  +--> ?PR?SELF_LEARN_SPEECH?VOICE

BL51 BANKED LINKER/LOCATER V6.22                                                      06/10/2015  16:56:24  PAGE 6


?PR?SELF_LEARN_SPEECH?VOICE                      -----    -----
  +--> ?PR?_SC_SPEECH?VOICE
  +--> ?PR?_DELAY?DELAY

?PR?DETECT_SELFLEARN_ACTION?OPERATION            -----    -----
  +--> ?PR?SELF_LEARN_SPEECH?VOICE
  +--> ?PR?SELF_LEARN_PROGRAMMING?ISP_DATAFLASH

?PR?SELF_LEARN_PROGRAMMING?ISP_DATAFLASH         -----    -----
  +--> ?PR?_FLASH_PAGE_ERASE?ISP_DATAFLASH
  +--> ?PR?_FLASH_WRITE_DATA?ISP_DATAFLASH

?PR?_FLASH_PAGE_ERASE?ISP_DATAFLASH              0083H    0002H
  +--> ?PR?ENABLE_ISP?ISP_DATAFLASH
  +--> ?PR?TRIGGER_ISP?ISP_DATAFLASH
  +--> ?PR?DISABLE_ISP?ISP_DATAFLASH

?PR?ENABLE_ISP?ISP_DATAFLASH                     -----    -----
  +--> ?PR?TRIGGER_ISP?ISP_DATAFLASH

?PR?DISABLE_ISP?ISP_DATAFLASH                    -----    -----
  +--> ?PR?TRIGGER_ISP?ISP_DATAFLASH

?PR?_FLASH_WRITE_DATA?ISP_DATAFLASH              0083H    0003H
  +--> ?PR?ENABLE_ISP?ISP_DATAFLASH
  +--> ?PR?TRIGGER_ISP?ISP_DATAFLASH
  +--> ?PR?DISABLE_ISP?ISP_DATAFLASH

?PR?DETECT_OPEN_ACTION?OPERATION                 -----    -----
  +--> ?PR?DISABLE_SENSOR?OTHER
  +--> ?PR?ELECMOTOR_CW?ELECMOTOR
  +--> ?PR?SLAVE_NEARBY_OPERATION?OPERATION

?PR?ELECMOTOR_CW?ELECMOTOR                       -----    -----
  +--> ?PR?ELECMOTOR_CODE?ELECMOTOR
  +--> ?PR?ELECMOTOR_DELAY_CW?ELECMOTOR

?PR?ELECMOTOR_CODE?ELECMOTOR                     0083H    0002H
  +--> ?PR?DELAY_10MS?DELAY
  +--> ?PR?DELAY_5MS?DELAY

?PR?ELECMOTOR_DELAY_CW?ELECMOTOR                 -----    -----
  +--> ?PR?DELAY_500MS?DELAY

?PR?SLAVE_NEARBY_OPERATION?OPERATION             -----    -----
  +--> ?PR?OPEN_LOCK_SPEECH?VOICE
  +--> ?PR?_VERIFYBATTERY?BATTERY
  +--> ?PR?KEY_ROTATE_ON_SPEECH?VOICE

?PR?OPEN_LOCK_SPEECH?VOICE                       -----    -----
  +--> ?PR?_SC_SPEECH?VOICE
  +--> ?PR?_DELAY?DELAY

?PR?DETECT_CLOSE_ACTION?OPERATION                -----    -----
  +--> ?PR?DELAY_1MS?DELAY
  +--> ?PR?ELECMOTOR_ACW?ELECMOTOR
  +--> ?PR?SLAVE_AWAY_OPERATION?OPERATION
BL51 BANKED LINKER/LOCATER V6.22                                                      06/10/2015  16:56:24  PAGE 7



?PR?ELECMOTOR_ACW?ELECMOTOR                      -----    -----
  +--> ?PR?ELECMOTOR_DELAY_ACW?ELECMOTOR

?PR?ELECMOTOR_DELAY_ACW?ELECMOTOR                -----    -----
  +--> ?PR?DELAY_500MS?DELAY

?PR?SLAVE_AWAY_OPERATION?OPERATION               -----    -----
  +--> ?PR?CLOSE_LOCK_SPEECH?VOICE
  +--> ?PR?_DELAY?DELAY

?PR?CLOSE_LOCK_SPEECH?VOICE                      -----    -----
  +--> ?PR?_SC_SPEECH?VOICE
  +--> ?PR?_DELAY?DELAY

?PR?HOST_TOUCH_SPEECH?VOICE                      -----    -----
  +--> ?PR?_SC_SPEECH?VOICE
  +--> ?PR?_DELAY?DELAY

?PR?ID_SPEECH?VOICE                              -----    -----
  +--> ?PR?_SC_SPEECH?VOICE
  +--> ?PR?_DELAY?DELAY

*** NEW ROOT ***************************************************

?PR?UART_ISR?MAIN                                -----    -----
  +--> ?PR?IDCERTED_SPEECH?VOICE
  +--> ?PR?SELF_LEARN_SPEECH?VOICE
  +--> ?PR?ID_SPEECH?VOICE

?PR?IDCERTED_SPEECH?VOICE                        -----    -----
  +--> ?PR?ID_SPEECH?VOICE

*** NEW ROOT ***************************************************

?C_C51STARTUP                                    -----    -----
  +--> ?PR?MAIN?MAIN
  +--> ?C_INITSEG

?PR?MAIN?MAIN                                    -----    -----
  +--> ?PR?INITVOICE?VOICE
  +--> ?PR?_INITUART?UART
  +--> ?PR?INITSENSOR?OPERATION
  +--> ?PR?INITTRANSCEIVER?COMMUNICATION
  +--> ?PR?INITELECMOTOR?ELECMOTOR

?PR?INITVOICE?VOICE                              -----    -----
  +--> ?PR?_DELAY_US?DELAY

?PR?_INITUART?UART                               -----    -----
  +--> ?PR?_INITT0?TIMER

?PR?INITELECMOTOR?ELECMOTOR                      -----    -----
  +--> ?PR?ELECMOTOR_ACW?ELECMOTOR



BL51 BANKED LINKER/LOCATER V6.22                                                      06/10/2015  16:56:24  PAGE 8


SYMBOL TABLE OF MODULE:  DDC-Z (AD)

  VALUE           TYPE          NAME
  ----------------------------------

  -------         MODULE        AD
  C:0000H         SYMBOL        _ICE_DUMMY_
  D:0080H         PUBLIC        P0
  D:0090H         PUBLIC        P1
  D:00A0H         PUBLIC        P2
  D:00B0H         PUBLIC        P3
  D:00A8H         PUBLIC        IE
  D:00E2H         PUBLIC        ADCH
  B:00F8H.4       PUBLIC        ADCI
  D:00B8H         PUBLIC        IP
  B:00F8H.3       PUBLIC        ADCS
  D:00F6H         PUBLIC        P0DIDS
  D:00D8H         PUBLIC        WDCON0
  D:0098H         PUBLIC        SCON
  D:0088H         PUBLIC        TCON
  B:00F8H.0       PUBLIC        AADR0
  B:00F8H.1       PUBLIC        AADR1
  B:00F8H.2       PUBLIC        AADR2
  D:00E8H         PUBLIC        EIE
  D:00F8H         PUBLIC        ADCCON0
  D:00E1H         PUBLIC        ADCCON1
  D:00C0H         PUBLIC        I2CON
  D:00C8H         PUBLIC        T2CON
  C:0940H         PUBLIC        _GetADCResult
  D:00D0H         PUBLIC        PSW
  -------         PROC          _GETADCRESULT
  D:0007H         SYMBOL        ch
  -------         DO            
  D:0005H         SYMBOL        DataL
  D:0002H         SYMBOL        DataH
  -------         ENDDO         
  C:0940H         LINE#         17
  C:0940H         LINE#         18
  C:0940H         LINE#         19
  C:0941H         LINE#         20
  C:0942H         LINE#         22
  C:0947H         LINE#         23
  C:0947H         LINE#         25
  C:094AH         LINE#         27
  C:094CH         LINE#         28
  C:094EH         LINE#         29
  C:0950H         LINE#         31
  C:0953H         LINE#         33
  C:0955H         LINE#         34
  C:0957H         LINE#         36
  C:0959H         LINE#         37
  C:0960H         LINE#         39
  C:0964H         LINE#         40
  C:0976H         LINE#         42
  C:097AH         LINE#         43
  C:097AH         LINE#         45
  C:097FH         LINE#         46
BL51 BANKED LINKER/LOCATER V6.22                                                      06/10/2015  16:56:24  PAGE 9


  C:097FH         LINE#         48
  C:0982H         LINE#         51
  C:0984H         LINE#         52
  C:0986H         LINE#         53
  C:0988H         LINE#         55
  C:098BH         LINE#         57
  C:098DH         LINE#         58
  C:098FH         LINE#         60
  C:0991H         LINE#         61
  C:0998H         LINE#         63
  C:099EH         LINE#         64
  C:09B0H         LINE#         66
  C:09B4H         LINE#         67
  C:09B4H         LINE#         69
  C:09B7H         LINE#         70
  -------         ENDPROC       _GETADCRESULT
  -------         ENDMOD        AD

  -------         MODULE        BATTERY
  C:0000H         SYMBOL        _ICE_DUMMY_
  C:17EAH         PUBLIC        Check_motor_accumulator
  D:0080H         PUBLIC        P0
  D:0090H         PUBLIC        P1
  D:00A0H         PUBLIC        P2
  D:00B0H         PUBLIC        P3
  X:0000H         PUBLIC        Check2_stage
  B:0090H.4       PUBLIC        voice_EN
  D:00A8H         PUBLIC        IE
  D:00B8H         PUBLIC        IP
  C:06D7H         PUBLIC        _verifybattery
  D:00D8H         PUBLIC        WDCON0
  D:0098H         PUBLIC        SCON
  D:0088H         PUBLIC        TCON
  D:00E8H         PUBLIC        EIE
  D:00F8H         PUBLIC        ADCCON0
  D:00C0H         PUBLIC        I2CON
  D:00C8H         PUBLIC        T2CON
  D:00D0H         PUBLIC        PSW
  -------         PROC          CHECK_MOTOR_ACCUMULATOR
  C:17EAH         LINE#         22
  C:17EAH         LINE#         23
  C:17EAH         LINE#         25
  C:17F6H         LINE#         26
  -------         ENDPROC       CHECK_MOTOR_ACCUMULATOR
  -------         PROC          _VERIFYBATTERY
  X:0083H         SYMBOL        Check2
  C:06D7H         LINE#         33
  C:06DEH         LINE#         34
  C:06DEH         LINE#         145
  C:06E6H         LINE#         146
  C:06E6H         LINE#         147
  C:06E8H         LINE#         148
  C:06EDH         LINE#         149
  C:06EFH         LINE#         150
  C:06EFH         LINE#         151
  C:06F2H         LINE#         153
  C:070AH         LINE#         154
BL51 BANKED LINKER/LOCATER V6.22                                                      06/10/2015  16:56:24  PAGE 10


  C:070AH         LINE#         155
  C:070CH         LINE#         156
  C:0711H         LINE#         157
  C:0713H         LINE#         158
  C:0713H         LINE#         159
  C:0715H         LINE#         161
  C:072DH         LINE#         162
  C:072DH         LINE#         163
  C:072FH         LINE#         164
  C:0734H         LINE#         165
  C:0736H         LINE#         166
  C:0736H         LINE#         167
  C:0738H         LINE#         169
  C:0750H         LINE#         170
  C:0750H         LINE#         171
  C:0752H         LINE#         172
  C:0757H         LINE#         173
  C:0759H         LINE#         174
  C:0759H         LINE#         175
  C:075BH         LINE#         177
  C:0773H         LINE#         178
  C:0773H         LINE#         179
  C:0775H         LINE#         180
  C:077AH         LINE#         181
  C:077FH         LINE#         182
  C:0781H         LINE#         183
  C:0782H         LINE#         185
  C:078EH         LINE#         186
  C:078EH         LINE#         187
  C:0791H         LINE#         188
  C:0791H         LINE#         247
  -------         ENDPROC       _VERIFYBATTERY
  -------         ENDMOD        BATTERY

  -------         MODULE        COMMUNICATION
  C:0000H         SYMBOL        _ICE_DUMMY_
  C:0B84H         PUBLIC        receive_byte
  D:0080H         PUBLIC        P0
  D:0090H         PUBLIC        P1
  B:00B0H.0       PUBLIC        receive_wire
  D:00A0H         PUBLIC        P2
  D:00B0H         PUBLIC        P3
  C:1163H         PUBLIC        _ComMode_Data
  C:0D1AH         PUBLIC        _UART_Send_Data
  C:0FC4H         PUBLIC        receive_word
  D:00A8H         PUBLIC        IE
  C:112FH         PUBLIC        _ComMode_Data_WX
  D:00B8H         PUBLIC        IP
  C:181AH         PUBLIC        InitTransceiver
  B:0080H.1       PUBLIC        lock_code
  C:0F3CH         PUBLIC        _UART_Send_Data_F
  D:00D8H         PUBLIC        WDCON0
  B:0090H.0       PUBLIC        P10
  B:0090H.1       PUBLIC        P11
  C:1852H         PUBLIC        close_tranceiver
  D:0098H         PUBLIC        SCON
  D:0088H         PUBLIC        TCON
BL51 BANKED LINKER/LOCATER V6.22                                                      06/10/2015  16:56:24  PAGE 11


  C:0E65H         PUBLIC        initsignal
  B:00A0H.7       PUBLIC        transmiter_EN
  B:0090H.3       PUBLIC        receiver_EN
  C:1845H         PUBLIC        open_tranceiver
  C:0AA0H         PUBLIC        _send_code_to_lock_Taili
  D:00E8H         PUBLIC        EIE
  B:00A0H.3       PUBLIC        MagentControl_2
  D:00F8H         PUBLIC        ADCCON0
  D:00C0H         PUBLIC        I2CON
  C:0EADH         PUBLIC        initsignal_F
  B:00A0H.6       PUBLIC        transmiter_power
  D:00C8H         PUBLIC        T2CON
  C:0CBAH         PUBLIC        _Send_Data
  C:0BEEH         PUBLIC        receive_byte_Lock
  B:0090H.0       PUBLIC        TXD
  C:0F81H         PUBLIC        UART_Send_Data_match
  C:0A2DH         PUBLIC        _send_code_to_lock
  D:00D0H         PUBLIC        PSW
  X:001CH         PUBLIC        myTxRxData
  -------         PROC          INITTRANSCEIVER
  C:181AH         LINE#         38
  C:181AH         LINE#         39
  C:181AH         LINE#         40
  C:181CH         LINE#         41
  C:181EH         LINE#         42
  C:1820H         LINE#         43
  C:1822H         LINE#         44
  -------         ENDPROC       INITTRANSCEIVER
  -------         PROC          INITSIGNAL
  -------         DO            
  X:0001H         SYMBOL        k
  X:0002H         SYMBOL        k1
  X:0003H         SYMBOL        mystartbuffer
  -------         ENDDO         
  C:0E65H         LINE#         53
  C:0E65H         LINE#         54
  C:0E65H         LINE#         56
  C:0E6AH         LINE#         57
  C:0E6DH         LINE#         58
  C:0E6DH         LINE#         59
  C:0E71H         LINE#         60
  C:0E71H         LINE#         61
  C:0E74H         LINE#         62
  C:0E74H         LINE#         63
  C:0E74H         LINE#         64
  C:0E74H         LINE#         66
  C:0E74H         LINE#         68
  C:0E74H         LINE#         69
  C:0E76H         LINE#         70
  C:0E7FH         LINE#         72
  C:0E7FH         LINE#         73
  C:0E81H         LINE#         74
  C:0E87H         LINE#         75
  C:0E90H         LINE#         77
  C:0E9BH         LINE#         78
  C:0EA0H         LINE#         81
  C:0EAAH         LINE#         82
BL51 BANKED LINKER/LOCATER V6.22                                                      06/10/2015  16:56:24  PAGE 12


  C:0EACH         LINE#         83
  -------         ENDPROC       INITSIGNAL
  -------         PROC          INITSIGNAL_F
  -------         DO            
  X:0004H         SYMBOL        k
  X:0005H         SYMBOL        k1
  X:0006H         SYMBOL        mystartbuffer
  -------         ENDDO         
  C:0EADH         LINE#         85
  C:0EADH         LINE#         86
  C:0EADH         LINE#         88
  C:0EB2H         LINE#         89
  C:0EB5H         LINE#         90
  C:0EB5H         LINE#         91
  C:0EB9H         LINE#         92
  C:0EB9H         LINE#         93
  C:0EBCH         LINE#         94
  C:0EBCH         LINE#         95
  C:0EBCH         LINE#         96
  C:0EBCH         LINE#         98
  C:0EBCH         LINE#         100
  C:0EBCH         LINE#         101
  C:0EBEH         LINE#         102
  C:0EC7H         LINE#         104
  C:0EC7H         LINE#         105
  C:0EC9H         LINE#         106
  C:0ECFH         LINE#         107
  C:0ED8H         LINE#         109
  C:0EE3H         LINE#         110
  C:0EE8H         LINE#         113
  C:0EF2H         LINE#         114
  C:0EF4H         LINE#         115
  -------         ENDPROC       INITSIGNAL_F
  -------         PROC          _SEND_DATA
  X:0007H         SYMBOL        x
  -------         DO            
  X:0008H         SYMBOL        i
  X:0009H         SYMBOL        n
  -------         ENDDO         
  C:0CBAH         LINE#         121
  C:0CBEH         LINE#         122
  C:0CBEH         LINE#         124
  C:0CC1H         LINE#         125
  C:0CC1H         LINE#         126
  C:0CC5H         LINE#         127
  C:0CC5H         LINE#         128
  C:0CCFH         LINE#         129
  C:0CCFH         LINE#         130
  C:0CD1H         LINE#         131
  C:0CD9H         LINE#         132
  C:0CDBH         LINE#         134
  C:0CDBH         LINE#         135
  C:0CDDH         LINE#         136
  C:0CE8H         LINE#         137
  C:0CE8H         LINE#         138
  C:0CEAH         LINE#         139
  C:0CF8H         LINE#         140
BL51 BANKED LINKER/LOCATER V6.22                                                      06/10/2015  16:56:24  PAGE 13


  C:0D03H         LINE#         141
  C:0D0EH         LINE#         142
  C:0D19H         LINE#         143
  -------         ENDPROC       _SEND_DATA
  -------         PROC          _COMMODE_DATA
  X:000AH         SYMBOL        ComMode
  X:000BH         SYMBOL        x
  C:1163H         LINE#         151
  C:116DH         LINE#         152
  C:116DH         LINE#         153
  C:116FH         LINE#         154
  C:1174H         LINE#         155
  C:1176H         LINE#         156
  C:117BH         LINE#         157
  C:117FH         LINE#         158
  C:1185H         LINE#         160
  C:1188H         LINE#         161
  C:1190H         LINE#         163
  C:1192H         LINE#         164
  C:1194H         LINE#         165
  -------         ENDPROC       _COMMODE_DATA
  -------         PROC          _COMMODE_DATA_WX
  X:000DH         SYMBOL        ComMode
  X:000EH         SYMBOL        x
  C:112FH         LINE#         173
  C:1139H         LINE#         174
  C:1139H         LINE#         175
  C:113BH         LINE#         176
  C:1140H         LINE#         177
  C:1142H         LINE#         178
  C:1147H         LINE#         179
  C:114BH         LINE#         180
  C:1151H         LINE#         182
  C:1154H         LINE#         183
  C:115CH         LINE#         185
  C:115EH         LINE#         186
  C:1160H         LINE#         187
  C:1162H         LINE#         188
  -------         ENDPROC       _COMMODE_DATA_WX
  -------         PROC          _UART_SEND_DATA
  X:0010H         SYMBOL        command
  -------         DO            
  X:0011H         SYMBOL        ii
  -------         ENDDO         
  C:0D1AH         LINE#         193
  C:0D1EH         LINE#         194
  C:0D1EH         LINE#         195
  C:0D21H         LINE#         196
  C:0D24H         LINE#         197
  C:0D2CH         LINE#         198
  C:0D33H         LINE#         199
  C:0D3AH         LINE#         200
  C:0D41H         LINE#         201
  C:0D48H         LINE#         202
  C:0D4EH         LINE#         204
  C:0D51H         LINE#         206
  C:0D55H         LINE#         207
BL51 BANKED LINKER/LOCATER V6.22                                                      06/10/2015  16:56:24  PAGE 14


  C:0D55H         LINE#         208
  C:0D60H         LINE#         209
  C:0D63H         LINE#         210
  C:0D6EH         LINE#         212
  -------         ENDPROC       _UART_SEND_DATA
  -------         PROC          _UART_SEND_DATA_F
  X:0012H         SYMBOL        command
  -------         DO            
  X:0013H         SYMBOL        ii
  -------         ENDDO         
  C:0F3CH         LINE#         218
  C:0F40H         LINE#         219
  C:0F40H         LINE#         220
  C:0F43H         LINE#         221
  C:0F46H         LINE#         222
  C:0F4EH         LINE#         223
  C:0F55H         LINE#         224
  C:0F5CH         LINE#         225
  C:0F63H         LINE#         226
  C:0F6AH         LINE#         227
  C:0F70H         LINE#         229
  C:0F73H         LINE#         231
  C:0F7EH         LINE#         233
  -------         ENDPROC       _UART_SEND_DATA_F
  -------         PROC          OPEN_TRANCEIVER
  C:1845H         LINE#         240
  C:1845H         LINE#         241
  C:1845H         LINE#         246
  C:1847H         LINE#         247
  C:1849H         LINE#         248
  -------         ENDPROC       OPEN_TRANCEIVER
  -------         PROC          CLOSE_TRANCEIVER
  C:1852H         LINE#         254
  C:1852H         LINE#         255
  C:1852H         LINE#         260
  C:1854H         LINE#         265
  -------         ENDPROC       CLOSE_TRANCEIVER
  -------         PROC          UART_SEND_DATA_MATCH
  C:0F81H         LINE#         270
  C:0F81H         LINE#         271
  C:0F81H         LINE#         272
  C:0F84H         LINE#         274
  C:0F89H         LINE#         275
  C:0F8DH         LINE#         276
  C:0F94H         LINE#         277
  C:0F9BH         LINE#         278
  C:0FA2H         LINE#         279
  C:0FA9H         LINE#         280
  C:0FB0H         LINE#         282
  C:0FB3H         LINE#         284
  C:0FBEH         LINE#         285
  C:0FC1H         LINE#         287
  -------         ENDPROC       UART_SEND_DATA_MATCH
  -------         PROC          RECEIVE_BYTE
  C:0B84H         LINE#         294
  C:0B84H         LINE#         295
  C:0B84H         LINE#         297
BL51 BANKED LINKER/LOCATER V6.22                                                      06/10/2015  16:56:24  PAGE 15


  C:0B87H         LINE#         298
  C:0B87H         LINE#         300
  C:0B91H         LINE#         301
  C:0B91H         LINE#         302
  C:0B93H         LINE#         303
  C:0B93H         LINE#         304
  C:0B95H         LINE#         305
  C:0B96H         LINE#         308
  C:0B96H         LINE#         310
  C:0B99H         LINE#         311
  C:0B99H         LINE#         313
  C:0B9BH         LINE#         316
  C:0BAAH         LINE#         317
  C:0BAAH         LINE#         319
  C:0BB0H         LINE#         320
  C:0BB2H         LINE#         321
  C:0BB2H         LINE#         322
  C:0BB2H         LINE#         323
  C:0BB4H         LINE#         325
  C:0BBCH         LINE#         326
  C:0BBCH         LINE#         328
  C:0BC2H         LINE#         329
  C:0BC5H         LINE#         330
  C:0BCAH         LINE#         331
  C:0BCEH         LINE#         332
  C:0BD0H         LINE#         334
  C:0BD0H         LINE#         336
  C:0BD5H         LINE#         337
  C:0BD5H         LINE#         339
  C:0BD9H         LINE#         340
  C:0BDAH         LINE#         342
  C:0BDAH         LINE#         344
  C:0BE4H         LINE#         345
  C:0BE4H         LINE#         346
  C:0BE8H         LINE#         347
  C:0BEAH         LINE#         348
  C:0BEDH         LINE#         349
  C:0BEDH         LINE#         350
  C:0BEDH         LINE#         351
  C:0BEDH         LINE#         352
  -------         ENDPROC       RECEIVE_BYTE
  -------         PROC          RECEIVE_BYTE_LOCK
  C:0BEEH         LINE#         358
  C:0BEEH         LINE#         359
  C:0BEEH         LINE#         361
  C:0BF1H         LINE#         362
  C:0BF1H         LINE#         364
  C:0BFBH         LINE#         365
  C:0BFBH         LINE#         366
  C:0BFDH         LINE#         367
  C:0BFDH         LINE#         368
  C:0BFFH         LINE#         369
  C:0C00H         LINE#         372
  C:0C00H         LINE#         374
  C:0C03H         LINE#         375
  C:0C03H         LINE#         377
  C:0C05H         LINE#         380
BL51 BANKED LINKER/LOCATER V6.22                                                      06/10/2015  16:56:24  PAGE 16


  C:0C14H         LINE#         381
  C:0C14H         LINE#         383
  C:0C1AH         LINE#         384
  C:0C1CH         LINE#         385
  C:0C1CH         LINE#         386
  C:0C1CH         LINE#         387
  C:0C1EH         LINE#         389
  C:0C26H         LINE#         390
  C:0C26H         LINE#         392
  C:0C2CH         LINE#         393
  C:0C2FH         LINE#         394
  C:0C34H         LINE#         395
  C:0C38H         LINE#         396
  C:0C3AH         LINE#         398
  C:0C3AH         LINE#         400
  C:0C3FH         LINE#         401
  C:0C3FH         LINE#         403
  C:0C43H         LINE#         404
  C:0C44H         LINE#         406
  C:0C44H         LINE#         408
  C:0C4EH         LINE#         409
  C:0C4EH         LINE#         410
  C:0C52H         LINE#         411
  C:0C54H         LINE#         412
  C:0C57H         LINE#         413
  C:0C57H         LINE#         414
  C:0C57H         LINE#         415
  C:0C57H         LINE#         416
  -------         ENDPROC       RECEIVE_BYTE_LOCK
  -------         PROC          RECEIVE_WORD
  C:0FC4H         LINE#         422
  C:0FC4H         LINE#         423
  C:0FC4H         LINE#         425
  C:0FCBH         LINE#         426
  C:0FCBH         LINE#         427
  C:0FCCH         LINE#         429
  C:0FD9H         LINE#         432
  C:0FE2H         LINE#         433
  C:0FE2H         LINE#         434
  C:0FE7H         LINE#         435
  C:0FE8H         LINE#         437
  C:0FF2H         LINE#         438
  C:0FF2H         LINE#         439
  C:0FF7H         LINE#         440
  C:0FF8H         LINE#         441
  C:0FFCH         LINE#         442
  C:0FFCH         LINE#         443
  C:0FFEH         LINE#         444
  C:0FFEH         LINE#         445
  C:1000H         LINE#         447
  C:1000H         LINE#         448
  C:1004H         LINE#         449
  C:1004H         LINE#         450
  C:1004H         LINE#         451
  -------         ENDPROC       RECEIVE_WORD
  -------         PROC          _SEND_CODE_TO_LOCK
  D:0007H         SYMBOL        x
BL51 BANKED LINKER/LOCATER V6.22                                                      06/10/2015  16:56:24  PAGE 17


  X:0014H         SYMBOL        y
  -------         DO            
  X:0016H         SYMBOL        i
  X:0017H         SYMBOL        n
  -------         ENDDO         
  C:0A2DH         LINE#         458
  C:0A34H         LINE#         459
  C:0A34H         LINE#         461
  C:0A39H         LINE#         462
  C:0A3DH         LINE#         463
  C:0A40H         LINE#         469
  C:0A44H         LINE#         470
  C:0A44H         LINE#         471
  C:0A48H         LINE#         472
  C:0A48H         LINE#         473
  C:0A52H         LINE#         474
  C:0A52H         LINE#         475
  C:0A54H         LINE#         476
  C:0A5DH         LINE#         477
  C:0A5FH         LINE#         479
  C:0A5FH         LINE#         480
  C:0A61H         LINE#         481
  C:0A6DH         LINE#         482
  C:0A6DH         LINE#         483
  C:0A6FH         LINE#         484
  C:0A7DH         LINE#         485
  C:0A89H         LINE#         486
  C:0A94H         LINE#         487
  C:0A9FH         LINE#         488
  -------         ENDPROC       _SEND_CODE_TO_LOCK
  -------         PROC          _SEND_CODE_TO_LOCK_TAILI
  D:0007H         SYMBOL        x
  X:0018H         SYMBOL        y
  -------         DO            
  X:001AH         SYMBOL        i
  X:001BH         SYMBOL        n
  -------         ENDDO         
  C:0AA0H         LINE#         495
  C:0AA7H         LINE#         496
  C:0AA7H         LINE#         498
  C:0AACH         LINE#         499
  C:0AB0H         LINE#         500
  C:0AB3H         LINE#         506
  C:0AB7H         LINE#         507
  C:0AB7H         LINE#         508
  C:0ABBH         LINE#         509
  C:0ABBH         LINE#         510
  C:0AC5H         LINE#         511
  C:0AC5H         LINE#         512
  C:0AC7H         LINE#         513
  C:0AD0H         LINE#         514
  C:0AD2H         LINE#         516
  C:0AD2H         LINE#         517
  C:0AD4H         LINE#         518
  C:0AE0H         LINE#         519
  C:0AE0H         LINE#         520
  C:0AE2H         LINE#         521
BL51 BANKED LINKER/LOCATER V6.22                                                      06/10/2015  16:56:24  PAGE 18


  C:0AF0H         LINE#         522
  C:0AFCH         LINE#         523
  C:0B07H         LINE#         524
  C:0B12H         LINE#         525
  -------         ENDPROC       _SEND_CODE_TO_LOCK_TAILI
  -------         ENDMOD        COMMUNICATION

  -------         MODULE        DELAY
  C:0000H         SYMBOL        _ICE_DUMMY_
  D:0080H         PUBLIC        P0
  D:0090H         PUBLIC        P1
  D:00A0H         PUBLIC        P2
  D:00B0H         PUBLIC        P3
  X:0029H         PUBLIC        Timeout_loop
  D:00A8H         PUBLIC        IE
  C:14CAH         PUBLIC        Delay_10ms
  C:14E4H         PUBLIC        Delay_50ms
  D:00B8H         PUBLIC        IP
  B:0090H.2       PUBLIC        magnet_overcurrent
  D:00D8H         PUBLIC        WDCON0
  C:1085H         PUBLIC        _Magnet_Delay
  D:0098H         PUBLIC        SCON
  D:0088H         PUBLIC        TCON
  C:14FEH         PUBLIC        Delay_100ms
  C:1518H         PUBLIC        Delay_500ms
  C:1046H         PUBLIC        _Custom_Delay
  C:1404H         PUBLIC        _delay_ms
  D:00E8H         PUBLIC        EIE
  D:00F8H         PUBLIC        ADCCON0
  C:154CH         PUBLIC        _delay_us
  D:00C0H         PUBLIC        I2CON
  C:1496H         PUBLIC        Delay_1ms
  D:00C8H         PUBLIC        T2CON
  C:14B0H         PUBLIC        Delay_5ms
  C:157DH         PUBLIC        _Delay
  D:00D0H         PUBLIC        PSW
  -------         PROC          DELAY_1MS
  C:1496H         LINE#         15
  C:1496H         LINE#         16
  C:1496H         LINE#         17
  C:149FH         LINE#         20
  C:14AFH         LINE#         21
  -------         ENDPROC       DELAY_1MS
  -------         PROC          DELAY_5MS
  C:14B0H         LINE#         23
  C:14B0H         LINE#         24
  C:14B0H         LINE#         25
  C:14B9H         LINE#         28
  C:14C9H         LINE#         29
  -------         ENDPROC       DELAY_5MS
  -------         PROC          DELAY_10MS
  C:14CAH         LINE#         31
  C:14CAH         LINE#         32
  C:14CAH         LINE#         33
  C:14D3H         LINE#         36
  C:14E3H         LINE#         37
  -------         ENDPROC       DELAY_10MS
BL51 BANKED LINKER/LOCATER V6.22                                                      06/10/2015  16:56:24  PAGE 19


  -------         PROC          DELAY_50MS
  C:14E4H         LINE#         40
  C:14E4H         LINE#         41
  C:14E4H         LINE#         42
  C:14EDH         LINE#         45
  C:14FDH         LINE#         46
  -------         ENDPROC       DELAY_50MS
  -------         PROC          DELAY_100MS
  C:14FEH         LINE#         49
  C:14FEH         LINE#         50
  C:14FEH         LINE#         51
  C:1507H         LINE#         54
  C:1517H         LINE#         55
  -------         ENDPROC       DELAY_100MS
  -------         PROC          DELAY_500MS
  C:1518H         LINE#         58
  C:1518H         LINE#         59
  C:1518H         LINE#         60
  C:1521H         LINE#         63
  C:1531H         LINE#         64
  -------         ENDPROC       DELAY_500MS
  -------         PROC          _DELAY
  D:0007H         SYMBOL        n
  -------         DO            
  D:0004H         SYMBOL        x
  -------         ENDDO         
  C:157DH         LINE#         71
  C:157DH         LINE#         72
  C:157DH         LINE#         74
  C:1583H         LINE#         75
  C:1583H         LINE#         76
  C:1587H         LINE#         77
  C:1593H         LINE#         79
  -------         ENDPROC       _DELAY
  -------         PROC          _CUSTOM_DELAY
  D:0007H         SYMBOL        t
  X:0023H         SYMBOL        m
  -------         DO            
  X:0025H         SYMBOL        i
  D:0006H         SYMBOL        j
  -------         ENDDO         
  C:1046H         LINE#         85
  C:104DH         LINE#         86
  C:104DH         LINE#         89
  C:105FH         LINE#         90
  C:1084H         LINE#         91
  -------         ENDPROC       _CUSTOM_DELAY
  -------         PROC          _DELAY_MS
  D:0006H         SYMBOL        count
  -------         DO            
  D:0004H         SYMBOL        i
  D:0002H         SYMBOL        j
  -------         ENDDO         
  C:1404H         LINE#         98
  C:1404H         LINE#         99
  C:1404H         LINE#         101
  C:140EH         LINE#         102
BL51 BANKED LINKER/LOCATER V6.22                                                      06/10/2015  16:56:24  PAGE 20


  C:140EH         LINE#         103
  C:141CH         LINE#         104
  C:1423H         LINE#         105
  -------         ENDPROC       _DELAY_MS
  -------         PROC          _DELAY_US
  D:0006H         SYMBOL        count1
  -------         DO            
  D:0004H         SYMBOL        i
  D:0003H         SYMBOL        j
  -------         ENDDO         
  C:154CH         LINE#         113
  C:154CH         LINE#         114
  C:154CH         LINE#         117
  C:1556H         LINE#         118
  C:1556H         LINE#         119
  C:155DH         LINE#         120
  C:1564H         LINE#         121
  -------         ENDPROC       _DELAY_US
  -------         PROC          _MAGNET_DELAY
  X:0027H         SYMBOL        x
  D:0004H         SYMBOL        y
  -------         DO            
  D:0001H         SYMBOL        i
  D:0002H         SYMBOL        j
  -------         ENDDO         
  C:1085H         LINE#         127
  C:108CH         LINE#         128
  C:108CH         LINE#         131
  C:108EH         LINE#         132
  C:108EH         LINE#         133
  C:10A2H         LINE#         134
  C:10A7H         LINE#         135
  C:10A9H         LINE#         136
  C:10A9H         LINE#         138
  C:10ACH         LINE#         139
  C:10ACH         LINE#         140
  C:10BDH         LINE#         141
  C:10BDH         LINE#         143
  C:10BDH         LINE#         145
  C:10BDH         LINE#         146
  C:10C2H         LINE#         147
  -------         ENDPROC       _MAGNET_DELAY
  -------         ENDMOD        DELAY

  -------         MODULE        OPERATION
  C:0000H         SYMBOL        _ICE_DUMMY_
  D:0080H         PUBLIC        P0
  D:0090H         PUBLIC        P1
  B:0080H.3       PUBLIC        fell_sensor_detect
  D:00A0H         PUBLIC        P2
  D:00B0H         PUBLIC        P3
  D:00A8H         PUBLIC        IE
  B:0024H.3       PUBLIC        sensor_EN
  C:1259H         PUBLIC        Detect_vibration
  C:180FH         PUBLIC        InitSensor
  D:00B8H         PUBLIC        IP
  C:1683H         PUBLIC        Reset_after_wirebroken
BL51 BANKED LINKER/LOCATER V6.22                                                      06/10/2015  16:56:24  PAGE 21


  B:0080H.1       PUBLIC        wire_broken
  C:15D7H         PUBLIC        Batstolen_Alarm_to_Slave
  C:1424H         PUBLIC        Reset_after_stolen_alarming
  D:00D8H         PUBLIC        WDCON0
  D:0098H         PUBLIC        SCON
  D:0088H         PUBLIC        TCON
  C:12B4H         PUBLIC        Detect_close_action
  C:1359H         PUBLIC        slave_nearby_operation
  B:00A0H.4       PUBLIC        key_rotate
  C:1288H         PUBLIC        Detect_wheel_moving
  C:1823H         PUBLIC        Disable_sensor_after_IDcert
  B:0080H.7       PUBLIC        horizontal_sensor
  D:00E8H         PUBLIC        EIE
  C:130AH         PUBLIC        Detect_open_action
  B:0080H.2       PUBLIC        wheeled_rotate
  B:0080H.4       PUBLIC        raised_sensor_detect
  D:00F8H         PUBLIC        ADCCON0
  C:13E3H         PUBLIC        Ensensor_after_slave_away
  D:00C0H         PUBLIC        I2CON
  C:1460H         PUBLIC        ENsensor_After_Close
  C:0792H         PUBLIC        Detect_selflearn_action
  C:13A0H         PUBLIC        ENsensor_afterIDcert
  D:00C8H         PUBLIC        T2CON
  C:1333H         PUBLIC        SelfLearn_Reset
  C:15C1H         PUBLIC        Raise_Alarm_to_Slave
  C:13C2H         PUBLIC        slave_away_operation
  B:0024H.4       PUBLIC        enable_sensor_delayEN
  C:15ABH         PUBLIC        Fell_Alarm_to_Slave
  D:00D0H         PUBLIC        PSW
  B:0080H.0       PUBLIC        sensor_detect
  C:17F7H         PUBLIC        Host_stolen_action
  -------         PROC          SLAVE_AWAY_OPERATION
  C:13C2H         LINE#         89
  C:13C2H         LINE#         90
  C:13C2H         LINE#         91
  C:13C5H         LINE#         92
  C:13C5H         LINE#         93
  C:13C8H         LINE#         95
  C:13CAH         LINE#         96
  C:13CEH         LINE#         97
  C:13CEH         LINE#         99
  C:13D0H         LINE#         100
  C:13D4H         LINE#         102
  C:13D9H         LINE#         103
  C:13DDH         LINE#         105
  C:13E0H         LINE#         106
  C:13E2H         LINE#         107
  -------         ENDPROC       SLAVE_AWAY_OPERATION
  -------         PROC          SLAVE_NEARBY_OPERATION
  C:1359H         LINE#         113
  C:1359H         LINE#         114
  C:1359H         LINE#         115
  C:135BH         LINE#         117
  C:135DH         LINE#         118
  C:1361H         LINE#         119
  C:1363H         LINE#         120
  C:1366H         LINE#         122
BL51 BANKED LINKER/LOCATER V6.22                                                      06/10/2015  16:56:24  PAGE 22


  C:1369H         LINE#         123
  C:1369H         LINE#         124
  C:136CH         LINE#         125
  C:136FH         LINE#         126
  C:1379H         LINE#         127
  C:137CH         LINE#         128
  C:137CH         LINE#         129
  -------         ENDPROC       SLAVE_NEARBY_OPERATION
  -------         PROC          INITSENSOR
  C:180FH         LINE#         135
  C:180FH         LINE#         136
  C:180FH         LINE#         137
  C:1811H         LINE#         138
  C:1813H         LINE#         139
  C:1815H         LINE#         140
  C:1817H         LINE#         141
  C:1819H         LINE#         142
  -------         ENDPROC       INITSENSOR
  -------         PROC          HOST_STOLEN_ACTION
  C:17F7H         LINE#         148
  C:17F7H         LINE#         149
  C:17F7H         LINE#         151
  C:17FAH         LINE#         152
  C:17FAH         LINE#         153
  C:17FCH         LINE#         155
  C:17FFH         LINE#         166
  C:1802H         LINE#         167
  C:1802H         LINE#         168
  -------         ENDPROC       HOST_STOLEN_ACTION
  -------         PROC          ENSENSOR_AFTERIDCERT
  C:13A0H         LINE#         175
  C:13A0H         LINE#         176
  C:13A0H         LINE#         177
  C:13A3H         LINE#         178
  C:13A3H         LINE#         180
  C:13ADH         LINE#         181
  C:13ADH         LINE#         182
  C:13AFH         LINE#         183
  C:13B1H         LINE#         184
  C:13B4H         LINE#         187
  C:13BCH         LINE#         188
  C:13BCH         LINE#         189
  C:13BFH         LINE#         190
  C:13BFH         LINE#         191
  C:13C1H         LINE#         193
  C:13C1H         LINE#         194
  C:13C1H         LINE#         195
  -------         ENDPROC       ENSENSOR_AFTERIDCERT
  -------         PROC          ENSENSOR_AFTER_CLOSE
  C:1460H         LINE#         200
  C:1460H         LINE#         201
  C:1460H         LINE#         202
  C:1466H         LINE#         203
  C:1466H         LINE#         204
  C:1470H         LINE#         205
  C:1470H         LINE#         206
  C:1472H         LINE#         207
BL51 BANKED LINKER/LOCATER V6.22                                                      06/10/2015  16:56:24  PAGE 23


  C:1474H         LINE#         208
  C:1477H         LINE#         209
  C:147AH         LINE#         210
  C:147AH         LINE#         211
  C:147AH         LINE#         212
  -------         ENDPROC       ENSENSOR_AFTER_CLOSE
  -------         PROC          SELFLEARN_RESET
  C:1333H         LINE#         218
  C:1333H         LINE#         219
  C:1333H         LINE#         220
  C:1336H         LINE#         221
  C:1336H         LINE#         222
  C:1340H         LINE#         223
  C:1340H         LINE#         224
  C:1342H         LINE#         225
  C:1344H         LINE#         227
  C:1349H         LINE#         228
  C:134EH         LINE#         229
  C:1350H         LINE#         230
  C:1352H         LINE#         231
  C:1354H         LINE#         232
  C:1356H         LINE#         233
  C:1358H         LINE#         234
  C:1358H         LINE#         235
  C:1358H         LINE#         236
  -------         ENDPROC       SELFLEARN_RESET
  -------         PROC          FELL_ALARM_TO_SLAVE
  C:15ABH         LINE#         242
  C:15ABH         LINE#         243
  C:15ABH         LINE#         244
  C:15B6H         LINE#         245
  C:15B6H         LINE#         246
  C:15BBH         LINE#         247
  C:15C0H         LINE#         248
  C:15C0H         LINE#         249
  -------         ENDPROC       FELL_ALARM_TO_SLAVE
  -------         PROC          RAISE_ALARM_TO_SLAVE
  C:15C1H         LINE#         255
  C:15C1H         LINE#         256
  C:15C1H         LINE#         257
  C:15CCH         LINE#         258
  C:15CCH         LINE#         259
  C:15D1H         LINE#         260
  C:15D6H         LINE#         261
  C:15D6H         LINE#         262
  -------         ENDPROC       RAISE_ALARM_TO_SLAVE
  -------         PROC          BATSTOLEN_ALARM_TO_SLAVE
  C:15D7H         LINE#         268
  C:15D7H         LINE#         269
  C:15D7H         LINE#         270
  C:15E2H         LINE#         271
  C:15E2H         LINE#         272
  C:15E7H         LINE#         273
  C:15ECH         LINE#         274
  C:15ECH         LINE#         275
  -------         ENDPROC       BATSTOLEN_ALARM_TO_SLAVE
  -------         PROC          DISABLE_SENSOR_AFTER_IDCERT
BL51 BANKED LINKER/LOCATER V6.22                                                      06/10/2015  16:56:24  PAGE 24


  C:1823H         LINE#         280
  C:1823H         LINE#         281
  C:1823H         LINE#         282
  C:1826H         LINE#         283
  C:1826H         LINE#         284
  C:1828H         LINE#         286
  C:182BH         LINE#         287
  C:182BH         LINE#         288
  -------         ENDPROC       DISABLE_SENSOR_AFTER_IDCERT
  -------         PROC          RESET_AFTER_WIREBROKEN
  C:1683H         LINE#         293
  C:1683H         LINE#         294
  C:1683H         LINE#         295
  C:1686H         LINE#         296
  C:1686H         LINE#         297
  C:1688H         LINE#         298
  C:168CH         LINE#         299
  C:168EH         LINE#         300
  C:1690H         LINE#         301
  C:1692H         LINE#         302
  C:1692H         LINE#         303
  -------         ENDPROC       RESET_AFTER_WIREBROKEN
  -------         PROC          RESET_AFTER_STOLEN_ALARMING
  C:1424H         LINE#         309
  C:1424H         LINE#         310
  C:1424H         LINE#         311
  C:1427H         LINE#         312
  C:1427H         LINE#         313
  C:1431H         LINE#         314
  C:1431H         LINE#         315
  C:1435H         LINE#         316
  C:1437H         LINE#         317
  C:1439H         LINE#         318
  C:143BH         LINE#         319
  C:143EH         LINE#         320
  C:1441H         LINE#         321
  C:1441H         LINE#         322
  C:1441H         LINE#         323
  -------         ENDPROC       RESET_AFTER_STOLEN_ALARMING
  -------         PROC          ENSENSOR_AFTER_SLAVE_AWAY
  C:13E3H         LINE#         328
  C:13E3H         LINE#         329
  C:13E3H         LINE#         330
  C:13ECH         LINE#         331
  C:13ECH         LINE#         332
  C:13F6H         LINE#         333
  C:13F6H         LINE#         334
  C:13F9H         LINE#         335
  C:13FBH         LINE#         336
  C:13FDH         LINE#         337
  C:1400H         LINE#         338
  C:1403H         LINE#         339
  C:1403H         LINE#         340
  C:1403H         LINE#         341
  -------         ENDPROC       ENSENSOR_AFTER_SLAVE_AWAY
  -------         PROC          DETECT_SELFLEARN_ACTION
  C:0792H         LINE#         346
BL51 BANKED LINKER/LOCATER V6.22                                                      06/10/2015  16:56:24  PAGE 25


  C:0792H         LINE#         347
  C:0792H         LINE#         348
  C:0798H         LINE#         349
  C:0798H         LINE#         350
  C:079BH         LINE#         351
  C:079BH         LINE#         352
  C:07A1H         LINE#         354
  C:07B8H         LINE#         355
  C:07B8H         LINE#         356
  C:07BFH         LINE#         357
  C:07C1H         LINE#         358
  C:07C3H         LINE#         359
  C:07C5H         LINE#         360
  C:07C7H         LINE#         361
  C:07C9H         LINE#         362
  C:07CBH         LINE#         364
  C:07CBH         LINE#         365
  C:07CDH         LINE#         366
  C:07D0H         LINE#         367
  C:07D2H         LINE#         368
  C:07D5H         LINE#         369
  C:07D7H         LINE#         370
  C:07D7H         LINE#         371
  C:07D9H         LINE#         373
  C:07D9H         LINE#         374
  C:07DFH         LINE#         376
  C:07E2H         LINE#         377
  C:07E4H         LINE#         379
  C:07E7H         LINE#         380
  C:07E9H         LINE#         382
  C:07ECH         LINE#         383
  C:07ECH         LINE#         384
  C:07EEH         LINE#         385
  C:07F0H         LINE#         386
  C:07F3H         LINE#         387
  C:07F3H         LINE#         389
  C:080AH         LINE#         390
  C:080AH         LINE#         391
  C:0811H         LINE#         392
  C:0813H         LINE#         393
  C:0815H         LINE#         394
  C:0817H         LINE#         395
  C:0819H         LINE#         396
  C:081BH         LINE#         397
  C:081DH         LINE#         398
  C:081DH         LINE#         399
  C:081DH         LINE#         400
  C:081DH         LINE#         402
  C:0820H         LINE#         403
  C:0820H         LINE#         404
  C:0822H         LINE#         405
  C:0824H         LINE#         406
  C:0826H         LINE#         407
  C:0828H         LINE#         408
  C:082AH         LINE#         409
  C:082CH         LINE#         410
  C:082EH         LINE#         411
BL51 BANKED LINKER/LOCATER V6.22                                                      06/10/2015  16:56:24  PAGE 26


  C:0830H         LINE#         413
  C:0833H         LINE#         415
  C:0836H         LINE#         420
  C:0836H         LINE#         421
  -------         ENDPROC       DETECT_SELFLEARN_ACTION
  -------         PROC          DETECT_OPEN_ACTION
  C:130AH         LINE#         426
  C:130AH         LINE#         427
  C:130AH         LINE#         429
  C:1315H         LINE#         430
  C:1315H         LINE#         431
  C:1318H         LINE#         432
  C:131DH         LINE#         433
  C:131FH         LINE#         435
  C:1323H         LINE#         436
  C:1325H         LINE#         437
  C:1328H         LINE#         438
  C:132AH         LINE#         439
  C:132DH         LINE#         440
  C:1330H         LINE#         442
  C:1332H         LINE#         443
  C:1332H         LINE#         444
  -------         ENDPROC       DETECT_OPEN_ACTION
  -------         PROC          DETECT_CLOSE_ACTION
  C:12B4H         LINE#         449
  C:12B4H         LINE#         450
  C:12B4H         LINE#         451
  C:12C1H         LINE#         452
  C:12C1H         LINE#         453
  C:12C7H         LINE#         454
  C:12C7H         LINE#         455
  C:12CAH         LINE#         456
  C:12D0H         LINE#         457
  C:12D0H         LINE#         458
  C:12D3H         LINE#         460
  C:12D7H         LINE#         461
  C:12DAH         LINE#         462
  C:12DCH         LINE#         463
  C:12DEH         LINE#         464
  C:12DEH         LINE#         465
  C:12DEH         LINE#         466
  C:12DEH         LINE#         467
  -------         ENDPROC       DETECT_CLOSE_ACTION
  -------         PROC          DETECT_VIBRATION
  C:1259H         LINE#         472
  C:1259H         LINE#         473
  C:1259H         LINE#         474
  C:125FH         LINE#         475
  C:125FH         LINE#         476
  C:1261H         LINE#         477
  C:1267H         LINE#         478
  C:1267H         LINE#         479
  C:126AH         LINE#         480
  C:126AH         LINE#         481
  C:1281H         LINE#         482
  C:1281H         LINE#         483
  C:1283H         LINE#         484
BL51 BANKED LINKER/LOCATER V6.22                                                      06/10/2015  16:56:24  PAGE 27


  C:1287H         LINE#         485
  C:1287H         LINE#         486
  C:1287H         LINE#         487
  -------         ENDPROC       DETECT_VIBRATION
  -------         PROC          DETECT_WHEEL_MOVING
  C:1288H         LINE#         492
  C:1288H         LINE#         493
  C:1288H         LINE#         494
  C:128BH         LINE#         495
  C:128BH         LINE#         496
  C:128DH         LINE#         497
  C:1293H         LINE#         498
  C:1293H         LINE#         499
  C:1296H         LINE#         500
  C:1296H         LINE#         501
  C:12ADH         LINE#         502
  C:12ADH         LINE#         503
  C:12AFH         LINE#         504
  C:12B3H         LINE#         505
  C:12B3H         LINE#         506
  C:12B3H         LINE#         507
  -------         ENDPROC       DETECT_WHEEL_MOVING
  -------         ENDMOD        OPERATION

  -------         MODULE        OTHER
  C:0000H         SYMBOL        _ICE_DUMMY_
  D:0080H         PUBLIC        P0
  D:0090H         PUBLIC        P1
  D:00A0H         PUBLIC        P2
  D:00B0H         PUBLIC        P3
  D:00A8H         PUBLIC        IE
  C:17CEH         PUBLIC        _magnet_ACW_Taili
  B:00A0H.4       PUBLIC        Moto_EN
  D:00B8H         PUBLIC        IP
  D:00D8H         PUBLIC        WDCON0
  D:0098H         PUBLIC        SCON
  D:0088H         PUBLIC        TCON
  C:0003H         PUBLIC        Moto_Vibration
  C:17C0H         PUBLIC        _magnet_ACW
  C:1803H         PUBLIC        Enable_sensor
  C:11F8H         PUBLIC        _magnet_CW_Taili
  D:00E8H         PUBLIC        EIE
  C:0EF5H         PUBLIC        disable_sensor
  B:00A0H.2       PUBLIC        MagentControl_1
  B:00A0H.3       PUBLIC        MagentControl_2
  D:00F8H         PUBLIC        ADCCON0
  D:00C0H         PUBLIC        I2CON
  D:00C8H         PUBLIC        T2CON
  C:11C7H         PUBLIC        _magnet_CW
  D:00D0H         PUBLIC        PSW
  B:0080H.5       PUBLIC        Externalmotor
  -------         PROC          _MAGNET_CW
  X:002BH         SYMBOL        x
  X:002DH         SYMBOL        y
  D:0003H         SYMBOL        z
  C:11C7H         LINE#         44
  C:11D4H         LINE#         45
BL51 BANKED LINKER/LOCATER V6.22                                                      06/10/2015  16:56:24  PAGE 28


  C:11D4H         LINE#         47
  C:11DDH         LINE#         49
  C:11DFH         LINE#         50
  C:11E1H         LINE#         51
  C:11F1H         LINE#         52
  C:11F3H         LINE#         53
  C:11F5H         LINE#         54
  C:11F7H         LINE#         55
  -------         ENDPROC       _MAGNET_CW
  -------         PROC          _MAGNET_CW_TAILI
  X:002FH         SYMBOL        x
  X:0031H         SYMBOL        y
  D:0003H         SYMBOL        z
  C:11F8H         LINE#         61
  C:1205H         LINE#         62
  C:1205H         LINE#         64
  C:120EH         LINE#         66
  C:1210H         LINE#         67
  C:1212H         LINE#         68
  C:1222H         LINE#         69
  C:1224H         LINE#         70
  C:1226H         LINE#         71
  C:1228H         LINE#         72
  -------         ENDPROC       _MAGNET_CW_TAILI
  -------         PROC          _MAGNET_ACW
  D:0006H         SYMBOL        x
  D:0004H         SYMBOL        y
  C:17C0H         LINE#         78
  C:17C0H         LINE#         79
  C:17C0H         LINE#         80
  C:17C2H         LINE#         81
  C:17C4H         LINE#         82
  C:17C6H         LINE#         83
  C:17C9H         LINE#         84
  C:17CBH         LINE#         85
  C:17CDH         LINE#         86
  -------         ENDPROC       _MAGNET_ACW
  -------         PROC          _MAGNET_ACW_TAILI
  D:0006H         SYMBOL        x
  D:0004H         SYMBOL        y
  C:17CEH         LINE#         92
  C:17CEH         LINE#         93
  C:17CEH         LINE#         94
  C:17D0H         LINE#         95
  C:17D2H         LINE#         96
  C:17D4H         LINE#         97
  C:17D7H         LINE#         98
  C:17D9H         LINE#         99
  C:17DBH         LINE#         100
  -------         ENDPROC       _MAGNET_ACW_TAILI
  -------         PROC          DISABLE_SENSOR
  C:0EF5H         LINE#         106
  C:0EF5H         LINE#         107
  C:0EF5H         LINE#         109
  C:0EF7H         LINE#         110
  C:0EF9H         LINE#         112
  C:0EFBH         LINE#         113
BL51 BANKED LINKER/LOCATER V6.22                                                      06/10/2015  16:56:24  PAGE 29


  C:0EFDH         LINE#         114
  C:0F01H         LINE#         115
  C:0F04H         LINE#         116
  C:0F07H         LINE#         117
  C:0F0CH         LINE#         118
  C:0F11H         LINE#         119
  C:0F16H         LINE#         120
  C:0F19H         LINE#         121
  C:0F1CH         LINE#         122
  C:0F1EH         LINE#         123
  C:0F20H         LINE#         124
  C:0F22H         LINE#         125
  C:0F25H         LINE#         126
  C:0F27H         LINE#         127
  C:0F2AH         LINE#         129
  C:0F2CH         LINE#         132
  C:0F2FH         LINE#         133
  C:0F31H         LINE#         135
  C:0F33H         LINE#         136
  C:0F36H         LINE#         138
  C:0F38H         LINE#         139
  C:0F3BH         LINE#         140
  -------         ENDPROC       DISABLE_SENSOR
  -------         PROC          ENABLE_SENSOR
  C:1803H         LINE#         146
  C:1803H         LINE#         147
  C:1803H         LINE#         149
  C:1805H         LINE#         150
  C:1807H         LINE#         153
  C:180BH         LINE#         154
  C:180EH         LINE#         155
  -------         ENDPROC       ENABLE_SENSOR
  -------         PROC          MOTO_VIBRATION
  C:0003H         LINE#         161
  C:0003H         LINE#         162
  C:0003H         LINE#         163
  C:0005H         LINE#         164
  C:0008H         LINE#         165
  C:000AH         LINE#         166
  -------         ENDPROC       MOTO_VIBRATION
  -------         ENDMOD        OTHER

  -------         MODULE        PWM
  C:0000H         SYMBOL        _ICE_DUMMY_
  D:0080H         PUBLIC        P0
  D:0090H         PUBLIC        P1
  D:00A0H         PUBLIC        P2
  D:00B0H         PUBLIC        P3
  D:00DCH         PUBLIC        PWMCON0
  D:00D1H         PUBLIC        PWMPH
  D:00A8H         PUBLIC        IE
  D:00D9H         PUBLIC        PWMPL
  C:0C58H         PUBLIC        _PWM_Channel
  D:00B8H         PUBLIC        IP
  C:1835H         PUBLIC        myPwm
  D:00D8H         PUBLIC        WDCON0
  D:0098H         PUBLIC        SCON
BL51 BANKED LINKER/LOCATER V6.22                                                      06/10/2015  16:56:24  PAGE 30


  D:0088H         PUBLIC        TCON
  D:00E8H         PUBLIC        EIE
  D:00F8H         PUBLIC        ADCCON0
  D:00C0H         PUBLIC        I2CON
  X:0033H         PUBLIC        PWM_shadow
  D:00C8H         PUBLIC        T2CON
  C:1565H         PUBLIC        Init_PWM
  D:00D2H         PUBLIC        PWM0H
  D:00D3H         PUBLIC        PWM1H
  D:00D5H         PUBLIC        PWM2H
  D:00D6H         PUBLIC        PWM3H
  D:00DAH         PUBLIC        PWM0L
  D:00DBH         PUBLIC        PWM1L
  D:00DDH         PUBLIC        PWM2L
  D:00DEH         PUBLIC        PWM3L
  D:00D0H         PUBLIC        PSW
  -------         PROC          INIT_PWM
  C:1565H         LINE#         19
  C:1565H         LINE#         20
  C:1565H         LINE#         22
  C:1568H         LINE#         24
  C:1570H         LINE#         26
  C:1579H         LINE#         27
  C:157CH         LINE#         28
  -------         ENDPROC       INIT_PWM
  -------         PROC          _PWM_CHANNEL
  D:0007H         SYMBOL        Channel
  C:0C58H         LINE#         34
  C:0C58H         LINE#         35
  C:0C58H         LINE#         36
  C:0C66H         LINE#         37
  C:0C66H         LINE#         39
  C:0C66H         LINE#         40
  C:0C66H         LINE#         41
  C:0C6EH         LINE#         42
  C:0C77H         LINE#         43
  C:0C7AH         LINE#         44
  C:0C7AH         LINE#         45
  C:0C7BH         LINE#         47
  C:0C7BH         LINE#         48
  C:0C7BH         LINE#         49
  C:0C83H         LINE#         50
  C:0C8CH         LINE#         51
  C:0C8FH         LINE#         52
  C:0C8FH         LINE#         53
  C:0C90H         LINE#         55
  C:0C90H         LINE#         56
  C:0C90H         LINE#         57
  C:0C98H         LINE#         58
  C:0CA1H         LINE#         59
  C:0CA4H         LINE#         60
  C:0CA4H         LINE#         61
  C:0CA5H         LINE#         63
  C:0CA5H         LINE#         64
  C:0CA5H         LINE#         65
  C:0CADH         LINE#         66
  C:0CB6H         LINE#         67
BL51 BANKED LINKER/LOCATER V6.22                                                      06/10/2015  16:56:24  PAGE 31


  C:0CB9H         LINE#         68
  C:0CB9H         LINE#         69
  C:0CB9H         LINE#         70
  C:0CB9H         LINE#         71
  -------         ENDPROC       _PWM_CHANNEL
  -------         PROC          MYPWM
  C:1835H         LINE#         77
  C:1835H         LINE#         78
  C:1835H         LINE#         80
  C:183AH         LINE#         82
  -------         ENDPROC       MYPWM
  -------         ENDMOD        PWM

  -------         MODULE        TIMER
  C:0000H         SYMBOL        _ICE_DUMMY_
  D:0080H         PUBLIC        P0
  D:0090H         PUBLIC        P1
  D:00A0H         PUBLIC        P2
  D:00B0H         PUBLIC        P3
  B:00A8H.7       PUBLIC        EA
  D:00A8H         PUBLIC        IE
  D:00B8H         PUBLIC        IP
  C:137DH         PUBLIC        _InitT0
  C:09B8H         PUBLIC        _InitTimer
  D:00D8H         PUBLIC        WDCON0
  D:0087H         PUBLIC        PCON
  D:0098H         PUBLIC        SCON
  X:0037H         PUBLIC        timer0_8H
  D:0089H         PUBLIC        TMOD
  D:0088H         PUBLIC        TCON
  X:0038H         PUBLIC        timer1_8H
  X:0039H         PUBLIC        timer0_8L
  X:003AH         PUBLIC        timer1_8L
  B:00A8H.1       PUBLIC        ET0
  B:00A8H.3       PUBLIC        ET1
  D:008CH         PUBLIC        TH0
  D:008DH         PUBLIC        TH1
  D:008AH         PUBLIC        TL0
  D:008BH         PUBLIC        TL1
  D:00E8H         PUBLIC        EIE
  B:00B8H.3       PUBLIC        PT1
  B:0088H.4       PUBLIC        TR0
  B:0088H.6       PUBLIC        TR1
  D:00F8H         PUBLIC        ADCCON0
  D:00C0H         PUBLIC        I2CON
  D:00C8H         PUBLIC        T2CON
  C:184AH         PUBLIC        sEOS_Go_To_Sleep
  D:00D0H         PUBLIC        PSW
  -------         PROC          _INITTIMER
  D:0007H         SYMBOL        Tick_ms_T0
  X:0035H         SYMBOL        Tick_us_T1
  -------         DO            
  D:0004H         SYMBOL        Inc_T0
  D:0004H         SYMBOL        Inc_T1
  D:0004H         SYMBOL        timer0_16
  D:0004H         SYMBOL        timer1_16
  -------         ENDDO         
BL51 BANKED LINKER/LOCATER V6.22                                                      06/10/2015  16:56:24  PAGE 32


  C:09B8H         LINE#         29
  C:09BFH         LINE#         30
  C:09BFH         LINE#         35
  C:09D1H         LINE#         36
  C:09D7H         LINE#         37
  C:09DAH         LINE#         38
  C:09DEH         LINE#         41
  C:09FDH         LINE#         42
  C:0A05H         LINE#         43
  C:0A09H         LINE#         44
  C:0A0FH         LINE#         46
  C:0A12H         LINE#         48
  C:0A17H         LINE#         49
  C:0A1CH         LINE#         50
  C:0A1EH         LINE#         51
  C:0A20H         LINE#         53
  C:0A22H         LINE#         54
  C:0A24H         LINE#         55
  C:0A26H         LINE#         56
  C:0A28H         LINE#         57
  C:0A2AH         LINE#         58
  C:0A2CH         LINE#         59
  -------         ENDPROC       _INITTIMER
  -------         PROC          _INITT0
  D:0007H         SYMBOL        Tick_ms_T0
  -------         DO            
  D:0004H         SYMBOL        Inc_T0
  D:0004H         SYMBOL        timer0_16
  -------         ENDDO         
  C:137DH         LINE#         64
  C:137DH         LINE#         65
  C:137DH         LINE#         70
  C:138FH         LINE#         71
  C:1395H         LINE#         72
  C:1398H         LINE#         73
  C:139CH         LINE#         74
  C:139FH         LINE#         75
  -------         ENDPROC       _INITT0
  -------         PROC          SEOS_GO_TO_SLEEP
  C:184AH         LINE#         81
  C:184AH         LINE#         82
  C:184AH         LINE#         83
  C:184DH         LINE#         84
  -------         ENDPROC       SEOS_GO_TO_SLEEP
  -------         ENDMOD        TIMER

  -------         MODULE        UART
  C:0000H         SYMBOL        _ICE_DUMMY_
  D:0080H         PUBLIC        P0
  D:0090H         PUBLIC        P1
  D:00A0H         PUBLIC        P2
  D:00B0H         PUBLIC        P3
  B:00A8H.7       PUBLIC        EA
  C:183DH         PUBLIC        _SendData
  D:00A8H         PUBLIC        IE
  B:00A8H.4       PUBLIC        ES
  D:00B8H         PUBLIC        IP
BL51 BANKED LINKER/LOCATER V6.22                                                      06/10/2015  16:56:24  PAGE 33


  B:0098H.0       PUBLIC        RI
  B:0098H.1       PUBLIC        TI
  B:00B8H.4       PUBLIC        PS
  D:00D8H         PUBLIC        WDCON0
  D:0099H         PUBLIC        SBUF
  D:0098H         PUBLIC        SCON
  D:0089H         PUBLIC        TMOD
  D:0088H         PUBLIC        TCON
  B:00A8H.1       PUBLIC        ET0
  D:008DH         PUBLIC        TH1
  D:008BH         PUBLIC        TL1
  D:00E8H         PUBLIC        EIE
  C:10C3H         PUBLIC        _InitUART
  B:0088H.4       PUBLIC        TR0
  B:0088H.6       PUBLIC        TR1
  D:00F8H         PUBLIC        ADCCON0
  D:00C0H         PUBLIC        I2CON
  D:00C8H         PUBLIC        T2CON
  C:12DFH         PUBLIC        _SendNByte
  D:00A2H         PUBLIC        AUXR1
  D:00D0H         PUBLIC        PSW
  -------         PROC          _INITUART
  D:0006H         SYMBOL        Baudrate
  C:10C3H         LINE#         19
  C:10C3H         LINE#         20
  C:10C3H         LINE#         21
  C:10C6H         LINE#         22
  C:10C9H         LINE#         23
  C:10CCH         LINE#         24
  C:10E3H         LINE#         26
  C:10E8H         LINE#         27
  C:10EAH         LINE#         28
  C:10ECH         LINE#         29
  C:10EEH         LINE#         30
  C:10F0H         LINE#         31
  C:10F2H         LINE#         32
  C:10F4H         LINE#         33
  C:10F6H         LINE#         34
  C:10F8H         LINE#         35
  -------         ENDPROC       _INITUART
  -------         PROC          _SENDDATA
  D:0007H         SYMBOL        dat
  C:183DH         LINE#         40
  C:183DH         LINE#         41
  C:183DH         LINE#         42
  C:183FH         LINE#         43
  C:1842H         LINE#         44
  C:1844H         LINE#         45
  -------         ENDPROC       _SENDDATA
  -------         PROC          _SENDNBYTE
  X:003BH         SYMBOL        buf
  D:0005H         SYMBOL        len
[...]
  X:005EH         PUBLIC        IDkey_selflearn_LVcount
  X:0060H         PUBLIC        wire_broken_count
  B:0022H.1       PUBLIC        IDkey_selflearn_flag4
  D:00D8H         PUBLIC        WDCON0
  B:0022H.2       PUBLIC        slave_nearby_actioned_flag
  B:0022H.3       PUBLIC        IDkey_selflearn_flag5
  X:0061H         PUBLIC        ADC_check_result
  X:0063H         PUBLIC        sensor_2ndstage_time
  X:0065H         PUBLIC        sensor_3rdstage_count
  X:0066H         PUBLIC        ID_selflearning_timecount
  X:0067H         PUBLIC        one_receive_byte_count
  B:0022H.4       PUBLIC        ID_speeched_flag
  D:0099H         PUBLIC        SBUF
  X:0068H         PUBLIC        sensor_3rdstage_time
  D:0098H         PUBLIC        SCON
  D:0088H         PUBLIC        TCON
  C:3004H         PUBLIC        IDkey10
  C:3005H         PUBLIC        IDkey11
  X:006AH         PUBLIC        sensor_1ststage_count
  B:0022H.5       PUBLIC        IDkey_flash_EN
  X:006BH         PUBLIC        ID_certificated_numbers
  X:006CH         PUBLIC        raise_wire_time
  B:00A0H.7       PUBLIC        transmiter_EN
  B:0022H.6       PUBLIC        Host_stolen_alarming
  D:008CH         PUBLIC        TH0
  B:0022H.7       PUBLIC        flashing_flag
  B:0080H.7       PUBLIC        horizontal_sensor
  D:008AH         PUBLIC        TL0
  B:0023H.0       PUBLIC        vibration_flag
BL51 BANKED LINKER/LOCATER V6.22                                                      06/10/2015  16:56:24  PAGE 48


  X:006DH         PUBLIC        fell_wire_time
  B:0023H.1       PUBLIC        host_stolen_alarm2_EN
  X:006EH         PUBLIC        After_IDcert_timecount
  D:00E8H         PUBLIC        EIE
  C:0026H         PUBLIC        timer0
  B:0080H.4       PUBLIC        raised_sensor_detect
  B:0023H.2       PUBLIC        ID_certificated_flag
  D:00F8H         PUBLIC        ADCCON0
  D:00C0H         PUBLIC        I2CON
  B:0023H.3       PUBLIC        wheeled_flag
  B:0023H.4       PUBLIC        EN_host_stolen_alarming
  B:0023H.5       PUBLIC        Check_Motobattery_flag
  X:006FH         PUBLIC        vibration_count
  X:0071H         PUBLIC        timer0_count
  X:0073H         PUBLIC        sensor_3rdstage_effcount
  D:00C8H         PUBLIC        T2CON
  X:0074H         PUBLIC        enable_sensor_delay_count
  X:0075H         PUBLIC        host_stolen_alarm1_count
  X:0076H         PUBLIC        host_stolen_alarm2_count
  X:0077H         PUBLIC        sensor_3rdstage_interval
  B:0023H.6       PUBLIC        ID_selflearning_flag
  B:0023H.7       PUBLIC        battery_stolen_EN
  B:0024H.0       PUBLIC        position_sensor_EN
  C:03C3H         PUBLIC        uart_isr
  X:0079H         PUBLIC        wheeled_count
  X:007BH         PUBLIC        raised_fell_number
  B:0024H.1       PUBLIC        never_alarm_speech
  X:007DH         PUBLIC        Check_Motobattery_count
  X:007EH         PUBLIC        Open_action_flag
  X:007FH         PUBLIC        receive_HV_count
  X:0080H         PUBLIC        receive_LV_count
  B:0024H.2       PUBLIC        raised_flag
  X:0081H         PUBLIC        raised_alarm_count
  D:00D0H         PUBLIC        PSW
  B:0080H.0       PUBLIC        sensor_detect
  X:0082H         PUBLIC        Stolen_alarm_reset_count
  B:0080H.5       PUBLIC        Externalmotor
  -------         PROC          MAIN
  C:1594H         LINE#         129
  C:1594H         LINE#         130
  C:1594H         LINE#         131
  C:1597H         LINE#         137
  C:159EH         LINE#         140
  C:15A1H         LINE#         142
  C:15A4H         LINE#         145
  C:15A7H         LINE#         147
  C:15A9H         LINE#         148
  C:15A9H         LINE#         149
  C:15A9H         LINE#         150
  -------         ENDPROC       MAIN
  -------         PROC          TIMER0
  C:0026H         LINE#         158
  C:0043H         LINE#         161
  C:0048H         LINE#         162
  C:004DH         LINE#         165
  C:0064H         LINE#         166
  C:0064H         LINE#         168
BL51 BANKED LINKER/LOCATER V6.22                                                      06/10/2015  16:56:24  PAGE 49


  C:0068H         LINE#         171
  C:006BH         LINE#         172
  C:006EH         LINE#         181
  C:0071H         LINE#         184
  C:0074H         LINE#         192
  C:0077H         LINE#         195
  C:007AH         LINE#         197
  C:007DH         LINE#         198
  C:0080H         LINE#         199
  C:0083H         LINE#         200
  C:0083H         LINE#         203
  C:0086H         LINE#         206
  C:0089H         LINE#         207
  C:008CH         LINE#         208
  C:008FH         LINE#         210
  C:0092H         LINE#         211
  C:0095H         LINE#         217
  C:009BH         LINE#         218
  C:009BH         LINE#         220
  C:00AEH         LINE#         221
  C:00AEH         LINE#         223
  C:00AEH         LINE#         224
  C:00AEH         LINE#         227
  C:00BDH         LINE#         228
  C:00BDH         LINE#         230
  C:00CAH         LINE#         231
  C:00CAH         LINE#         232
  C:00CCH         LINE#         235
  C:00D0H         LINE#         239
  C:00D3H         LINE#         240
  C:00D6H         LINE#         241
  C:00D9H         LINE#         242
  C:00DCH         LINE#         243
  C:00DCH         LINE#         244
  C:00DFH         LINE#         246
  C:00DFH         LINE#         248
  C:00E3H         LINE#         249
  C:00E3H         LINE#         250
  C:00E3H         LINE#         251
  C:00E6H         LINE#         254
  C:00E6H         LINE#         255
  C:00E6H         LINE#         256
  C:00ECH         LINE#         257
  C:00ECH         LINE#         259
  C:00F6H         LINE#         260
  C:00F6H         LINE#         261
  C:00F8H         LINE#         262
  C:00FDH         LINE#         265
  C:0100H         LINE#         266
  C:0100H         LINE#         267
  C:0102H         LINE#         269
  C:0102H         LINE#         270
  C:0106H         LINE#         271
  C:0106H         LINE#         274
  C:011DH         LINE#         275
  C:011DH         LINE#         276
  C:0121H         LINE#         277
BL51 BANKED LINKER/LOCATER V6.22                                                      06/10/2015  16:56:24  PAGE 50


  C:0124H         LINE#         278
  C:0127H         LINE#         279
  C:012CH         LINE#         280
  C:012CH         LINE#         281
  C:012CH         LINE#         282
  C:012EH         LINE#         285
  C:012EH         LINE#         286
  C:012EH         LINE#         287
  C:0134H         LINE#         288
  C:0134H         LINE#         290
  C:013EH         LINE#         291
  C:013EH         LINE#         292
  C:0140H         LINE#         294
  C:0142H         LINE#         295
  C:0144H         LINE#         296
  C:0146H         LINE#         297
  C:0149H         LINE#         298
  C:0149H         LINE#         299
  C:014BH         LINE#         301
  C:014BH         LINE#         302
  C:014FH         LINE#         303
  C:014FH         LINE#         306
  C:0166H         LINE#         307
  C:0166H         LINE#         308
  C:016AH         LINE#         309
  C:016DH         LINE#         310
  C:0170H         LINE#         311
  C:0175H         LINE#         312
  C:017AH         LINE#         313
  C:017DH         LINE#         314
  C:017DH         LINE#         315
  C:017DH         LINE#         316
  C:017DH         LINE#         317
  C:017DH         LINE#         320
  C:0180H         LINE#         321
  C:0180H         LINE#         322
  C:0182H         LINE#         323
  C:0184H         LINE#         324
  C:0188H         LINE#         325
  C:018AH         LINE#         326
  C:018CH         LINE#         327
  C:0192H         LINE#         328
  C:0192H         LINE#         329
  C:0194H         LINE#         330
  C:0196H         LINE#         331
  C:0199H         LINE#         332
  C:0199H         LINE#         335
  C:01A1H         LINE#         336
  C:01A1H         LINE#         337
  C:01A3H         LINE#         338
  C:01A5H         LINE#         340
  C:01A7H         LINE#         341
  C:01A7H         LINE#         345
  C:01AAH         LINE#         346
  C:01AAH         LINE#         348
  C:01ADH         LINE#         349
  C:01ADH         LINE#         351
BL51 BANKED LINKER/LOCATER V6.22                                                      06/10/2015  16:56:24  PAGE 51


  C:01B5H         LINE#         352
  C:01B5H         LINE#         354
  C:01B7H         LINE#         355
  C:01B9H         LINE#         357
  C:01BCH         LINE#         358
  C:01BCH         LINE#         360
  C:01BEH         LINE#         361
  C:01BEH         LINE#         362
  C:01BEH         LINE#         363
  C:01C0H         LINE#         365
  C:01C0H         LINE#         366
  C:01C2H         LINE#         367
  C:01C6H         LINE#         368
  C:01C9H         LINE#         369
  C:01CBH         LINE#         370
  C:01CBH         LINE#         372
  C:01CEH         LINE#         373
  C:01CEH         LINE#         375
  C:01D6H         LINE#         376
  C:01D6H         LINE#         378
  C:01D8H         LINE#         379
  C:01DAH         LINE#         381
  C:01DDH         LINE#         382
  C:01DDH         LINE#         383
  C:01DFH         LINE#         384
  C:01DFH         LINE#         385
  C:01DFH         LINE#         386
  C:01E1H         LINE#         388
  C:01E1H         LINE#         389
  C:01E3H         LINE#         390
  C:01E7H         LINE#         391
  C:01EAH         LINE#         392
  C:01ECH         LINE#         393
  C:01ECH         LINE#         394
  C:01ECH         LINE#         397
  C:01EFH         LINE#         398
  C:01EFH         LINE#         399
  C:0206H         LINE#         400
  C:0206H         LINE#         401
  C:0208H         LINE#         402
  C:020CH         LINE#         403
  C:020EH         LINE#         405
  C:0211H         LINE#         406
  C:0214H         LINE#         407
  C:0217H         LINE#         408
  C:021CH         LINE#         409
  C:0221H         LINE#         410
  C:022AH         LINE#         411
  C:022EH         LINE#         412
  C:0231H         LINE#         413
  C:0231H         LINE#         414
  C:0231H         LINE#         415
  -------         ENDPROC       TIMER0
  -------         PROC          UART_ISR
  C:03C3H         LINE#         420
  C:03E0H         LINE#         422
  C:03E6H         LINE#         423
BL51 BANKED LINKER/LOCATER V6.22                                                      06/10/2015  16:56:24  PAGE 52


  C:03E6H         LINE#         424
  C:03E8H         LINE#         425
  C:03F2H         LINE#         429
  C:03F8H         LINE#         430
  C:03F8H         LINE#         432
  C:0406H         LINE#         433
  C:0406H         LINE#         434
  C:040BH         LINE#         435
  C:040DH         LINE#         436
  C:041FH         LINE#         437
  C:041FH         LINE#         438
  C:0424H         LINE#         439
  C:0426H         LINE#         440
  C:0439H         LINE#         441
  C:0439H         LINE#         442
  C:043EH         LINE#         443
  C:0440H         LINE#         444
  C:0450H         LINE#         445
  C:0450H         LINE#         446
  C:0455H         LINE#         447
  C:0457H         LINE#         448
  C:0469H         LINE#         449
  C:0469H         LINE#         450
  C:046EH         LINE#         451
  C:0470H         LINE#         476
  C:0476H         LINE#         477
  C:0476H         LINE#         478
  C:0478H         LINE#         479
  C:047AH         LINE#         480
  C:047CH         LINE#         483
  C:047CH         LINE#         484
  C:0480H         LINE#         485
  C:0480H         LINE#         488
  C:0486H         LINE#         489
  C:0486H         LINE#         490
  C:0488H         LINE#         491
  C:0493H         LINE#         492
  C:0493H         LINE#         493
  C:0493H         LINE#         494
  C:0493H         LINE#         495
  C:0495H         LINE#         496
  C:0499H         LINE#         497
  C:049BH         LINE#         498
  C:049EH         LINE#         499
  C:04A2H         LINE#         500
  C:04A2H         LINE#         501
  C:04A4H         LINE#         503
  C:04A4H         LINE#         504
  C:04A4H         LINE#         505
  C:04A6H         LINE#         506
  C:04A9H         LINE#         508
  C:04A9H         LINE#         509
  C:04ABH         LINE#         510
  C:04ABH         LINE#         511
  C:04ABH         LINE#         513
  C:04ABH         LINE#         515
  C:04ABH         LINE#         525
BL51 BANKED LINKER/LOCATER V6.22                                                      06/10/2015  16:56:24  PAGE 53


  C:04B6H         LINE#         526
  C:04B6H         LINE#         527
  C:04BBH         LINE#         528
  C:04BDH         LINE#         529
  C:04CAH         LINE#         530
  C:04CAH         LINE#         531
  C:04CFH         LINE#         532
  C:04D1H         LINE#         533
  C:04D5H         LINE#         534
  C:04D5H         LINE#         535
  C:04DAH         LINE#         536
  C:04DCH         LINE#         537
  C:04E3H         LINE#         538
  C:04E3H         LINE#         539
  C:04E6H         LINE#         540
  C:04E8H         LINE#         541
  C:04ECH         LINE#         542
  C:04ECH         LINE#         543
  C:04F1H         LINE#         544
  C:04F3H         LINE#         545
  C:04F7H         LINE#         546
  C:04F7H         LINE#         547
  C:04FCH         LINE#         548
  C:04FEH         LINE#         549
  C:0504H         LINE#         550
  C:0504H         LINE#         551
  C:0506H         LINE#         552
  C:0508H         LINE#         553
  C:050BH         LINE#         554
  C:050DH         LINE#         556
  C:050DH         LINE#         557
  C:050FH         LINE#         558
  C:050FH         LINE#         560
  C:050FH         LINE#         561
  C:050FH         LINE#         562
  -------         ENDPROC       UART_ISR
  -------         ENDMOD        MAIN

  -------         MODULE        ?C?CLDPTR
  C:024CH         PUBLIC        ?C?CLDPTR
  -------         ENDMOD        ?C?CLDPTR

  -------         MODULE        ?C?LMUL
  C:0265H         PUBLIC        ?C?LMUL
  -------         ENDMOD        ?C?LMUL

  -------         MODULE        ?C?ULDIV
  C:02F0H         PUBLIC        ?C?ULDIV
  -------         ENDMOD        ?C?ULDIV

  -------         MODULE        ?C?LNEG
  C:0382H         PUBLIC        ?C?LNEG
  -------         ENDMOD        ?C?LNEG

  -------         MODULE        ?C?ICALL
  C:0390H         PUBLIC        ?C?ICALL
  C:0394H         PUBLIC        ?C?ICALL2
BL51 BANKED LINKER/LOCATER V6.22                                                      06/10/2015  16:56:24  PAGE 54


  -------         ENDMOD        ?C?ICALL

  -------         MODULE        ?C?LIMUL
  C:0396H         PUBLIC        ?C?LIMUL
  -------         ENDMOD        ?C?LIMUL

*** WARNING L16: UNCALLED SEGMENT, IGNORED FOR OVERLAY PROCESS
    SEGMENT: ?PR?_COMMODE_DATA?COMMUNICATION

*** WARNING L16: UNCALLED SEGMENT, IGNORED FOR OVERLAY PROCESS
    SEGMENT: ?PR?_COMMODE_DATA_WX?COMMUNICATION

*** WARNING L16: UNCALLED SEGMENT, IGNORED FOR OVERLAY PROCESS
    SEGMENT: ?PR?_UART_SEND_DATA_F?COMMUNICATION

*** WARNING L16: UNCALLED SEGMENT, IGNORED FOR OVERLAY PROCESS
    SEGMENT: ?PR?UART_SEND_DATA_MATCH?COMMUNICATION

*** WARNING L16: UNCALLED SEGMENT, IGNORED FOR OVERLAY PROCESS
    SEGMENT: ?PR?RECEIVE_BYTE?COMMUNICATION

*** WARNING L16: UNCALLED SEGMENT, IGNORED FOR OVERLAY PROCESS
    SEGMENT: ?PR?RECEIVE_BYTE_LOCK?COMMUNICATION

*** WARNING L16: UNCALLED SEGMENT, IGNORED FOR OVERLAY PROCESS
    SEGMENT: ?PR?RECEIVE_WORD?COMMUNICATION

*** WARNING L16: UNCALLED SEGMENT, IGNORED FOR OVERLAY PROCESS
    SEGMENT: ?PR?DELAY_100MS?DELAY

*** WARNING L16: UNCALLED SEGMENT, IGNORED FOR OVERLAY PROCESS
    SEGMENT: ?PR?_DELAY_MS?DELAY

*** WARNING L16: UNCALLED SEGMENT, IGNORED FOR OVERLAY PROCESS
    SEGMENT: ?PR?ENSENSOR_AFTERIDCERT?OPERATION

*** WARNING L16: UNCALLED SEGMENT, IGNORED FOR OVERLAY PROCESS
    SEGMENT: ?PR?FELL_ALARM_TO_SLAVE?OPERATION

*** WARNING L16: UNCALLED SEGMENT, IGNORED FOR OVERLAY PROCESS
    SEGMENT: ?PR?RAISE_ALARM_TO_SLAVE?OPERATION

*** WARNING L16: UNCALLED SEGMENT, IGNORED FOR OVERLAY PROCESS
    SEGMENT: ?PR?BATSTOLEN_ALARM_TO_SLAVE?OPERATION

*** WARNING L16: UNCALLED SEGMENT, IGNORED FOR OVERLAY PROCESS
    SEGMENT: ?PR?_MAGNET_CW?OTHER

*** WARNING L16: UNCALLED SEGMENT, IGNORED FOR OVERLAY PROCESS
    SEGMENT: ?PR?_MAGNET_CW_TAILI?OTHER

*** WARNING L16: UNCALLED SEGMENT, IGNORED FOR OVERLAY PROCESS
    SEGMENT: ?PR?_MAGNET_ACW?OTHER

*** WARNING L16: UNCALLED SEGMENT, IGNORED FOR OVERLAY PROCESS
    SEGMENT: ?PR?_MAGNET_ACW_TAILI?OTHER

BL51 BANKED LINKER/LOCATER V6.22                                                      06/10/2015  16:56:24  PAGE 55


*** WARNING L16: UNCALLED SEGMENT, IGNORED FOR OVERLAY PROCESS
    SEGMENT: ?PR?MOTO_VIBRATION?OTHER

*** WARNING L16: UNCALLED SEGMENT, IGNORED FOR OVERLAY PROCESS
    SEGMENT: ?PR?MYPWM?PWM

*** WARNING L16: UNCALLED SEGMENT, IGNORED FOR OVERLAY PROCESS
    SEGMENT: ?PR?_INITTIMER?TIMER

*** WARNING L16: UNCALLED SEGMENT, IGNORED FOR OVERLAY PROCESS
    SEGMENT: ?PR?SEOS_GO_TO_SLEEP?TIMER

*** WARNING L16: UNCALLED SEGMENT, IGNORED FOR OVERLAY PROCESS
    SEGMENT: ?PR?HOST_2NDTOUCH_SPEECH?VOICE

*** WARNING L16: UNCALLED SEGMENT, IGNORED FOR OVERLAY PROCESS
    SEGMENT: ?PR?BATTERY_STOLEN_SPEECH?VOICE

*** WARNING L16: UNCALLED SEGMENT, IGNORED FOR OVERLAY PROCESS
    SEGMENT: ?PR?CUTTING_WIRE_VOICE?VOICE

*** WARNING L16: UNCALLED SEGMENT, IGNORED FOR OVERLAY PROCESS
    SEGMENT: ?PR?PRODUCT_TEST_VOICE?VOICE

*** WARNING L16: UNCALLED SEGMENT, IGNORED FOR OVERLAY PROCESS
    SEGMENT: ?PR?BATTERY_LOW_ALARM_SPEECH?VOICE

*** WARNING L16: UNCALLED SEGMENT, IGNORED FOR OVERLAY PROCESS
    SEGMENT: ?PR?BATTERY_HIGH_ALARM_SPEECH?VOICE

*** WARNING L16: UNCALLED SEGMENT, IGNORED FOR OVERLAY PROCESS
    SEGMENT: ?PR?ALARM_STOLEN_SPEECH?VOICE

*** WARNING L16: UNCALLED SEGMENT, IGNORED FOR OVERLAY PROCESS
    SEGMENT: ?PR?ALARM_RAISED_SPEECH?VOICE

*** WARNING L16: UNCALLED SEGMENT, IGNORED FOR OVERLAY PROCESS
    SEGMENT: ?PR?ALARM_FELL_SPEECH?VOICE

*** WARNING L16: UNCALLED SEGMENT, IGNORED FOR OVERLAY PROCESS
    SEGMENT: ?PR?HOST_BATTERY_HIGH_ALARM_SPEECH?VOICE

*** WARNING L16: UNCALLED SEGMENT, IGNORED FOR OVERLAY PROCESS
    SEGMENT: ?PR?BATTERY_STOLEN_SPEECH_F3?VOICE

*** WARNING L16: UNCALLED SEGMENT, IGNORED FOR OVERLAY PROCESS
    SEGMENT: ?PR?WIRE_BROKEN_SPEECH?VOICE

*** WARNING L16: UNCALLED SEGMENT, IGNORED FOR OVERLAY PROCESS
    SEGMENT: ?PR?LOCK_ROTATED_ON_SPEECH?VOICE

*** WARNING L16: UNCALLED SEGMENT, IGNORED FOR OVERLAY PROCESS
    SEGMENT: ?PR?LOCK_ROTATED_OFF_SPEECH?VOICE

*** WARNING L16: UNCALLED SEGMENT, IGNORED FOR OVERLAY PROCESS
    SEGMENT: ?PR?_FLASH_READ_DATA?ISP_DATAFLASH

BL51 BANKED LINKER/LOCATER V6.22                                                      06/10/2015  16:56:24  PAGE 56


*** WARNING L16: UNCALLED SEGMENT, IGNORED FOR OVERLAY PROCESS
    SEGMENT: ?PR?SELF_LEARN_PROGRAMMING_F?ISP_DATAFLASH

*** WARNING L16: UNCALLED SEGMENT, IGNORED FOR OVERLAY PROCESS
    SEGMENT: ?PR?HSCH_DISPATCH_TASKS?SCHEDULAR

*** WARNING L16: UNCALLED SEGMENT, IGNORED FOR OVERLAY PROCESS
    SEGMENT: ?PR?_HSCH_ADD_TASK?SCHEDULAR

*** WARNING L16: UNCALLED SEGMENT, IGNORED FOR OVERLAY PROCESS
    SEGMENT: ?PR?_HSCH_DELETE_TASK?SCHEDULAR

*** WARNING L16: UNCALLED SEGMENT, IGNORED FOR OVERLAY PROCESS
    SEGMENT: ?PR?HSCH_UPDATE?SCHEDULAR

*** WARNING L15: MULTIPLE CALL TO SEGMENT
    SEGMENT: ?PR?_SC_SPEECH?VOICE
    CALLER1: ?PR?TIMER0?MAIN
    CALLER2: ?PR?UART_ISR?MAIN

Program Size: data=53.7 xdata=137 code=6240
LINK/LOCATE RUN COMPLETE.  42 WARNING(S),  0 ERROR(S)
