BL51 BANKED LINKER/LOCATER V6.22                                                        02/03/2016  16:50:25  PAGE 1


BL51 BANKED LINKER/LOCATER V6.22, INVOKED BY:
D:\PROGRAM FILES (X86)\KEIL_V5\C51\BIN\BL51.EXE .\AD.obj, .\Battery.obj, .\communication.obj, .\Delay.obj, .\operation.o
>> bj, .\Other.obj, .\pwm.obj, .\Timer.obj, .\UART.obj, .\voice.obj, .\ISP_DataFlash.obj, .\ElecMotor.obj, .\Schedular.o
>> bj, Main.obj TO DDC-Z RAMSIZE (256)


MEMORY MODEL: COMPACT


INPUT MODULES INCLUDED:
  .\AD.obj (AD)
  .\Battery.obj (BATTERY)
  .\communication.obj (COMMUNICATION)
  .\Delay.obj (DELAY)
  .\operation.obj (OPERATION)
  .\Other.obj (OTHER)
  .\pwm.obj (PWM)
  .\Timer.obj (TIMER)
  .\UART.obj (UART)
  .\voice.obj (VOICE)
  .\ISP_DataFlash.obj (ISP_DATAFLASH)
  .\ElecMotor.obj (ELECMOTOR)
  .\Schedular.obj (SCHEDULAR)
  Main.obj (MAIN)
  D:\PROGRAM FILES (X86)\KEIL_V5\C51\LIB\C51C.LIB (?C_STARTUP)
  D:\PROGRAM FILES (X86)\KEIL_V5\C51\LIB\C51C.LIB (?C?CLDPTR)
  D:\PROGRAM FILES (X86)\KEIL_V5\C51\LIB\C51C.LIB (?C?LMUL)
  D:\PROGRAM FILES (X86)\KEIL_V5\C51\LIB\C51C.LIB (?C?ULDIV)
  D:\PROGRAM FILES (X86)\KEIL_V5\C51\LIB\C51C.LIB (?C?LNEG)
  D:\PROGRAM FILES (X86)\KEIL_V5\C51\LIB\C51C.LIB (?C?ICALL)
  D:\PROGRAM FILES (X86)\KEIL_V5\C51\LIB\C51C.LIB (?C?LIMUL)
  D:\PROGRAM FILES (X86)\KEIL_V5\C51\LIB\C51C.LIB (?C_INIT)


LINK MAP OF MODULE:  DDC-Z (AD)


            TYPE    BASE      LENGTH    RELOCATION   SEGMENT NAME
            -----------------------------------------------------

            * * * * * * *   D A T A   M E M O R Y   * * * * * * *
            REG     0000H     0008H     ABSOLUTE     "REG BANK 0"
                    0008H     0018H                  *** GAP ***
            BIT     0020H.0   0004H.5   UNIT         ?BI?MAIN
            BIT     0024H.5   0000H.3   UNIT         ?BI?OPERATION
            BIT     0025H.0   0000H.1   UNIT         ?BI?ELECMOTOR
            BIT     0025H.1   0000H.1   UNIT         ?BI?_HSCH_ADD_TASK?SCHEDULAR
            BIT     0025H.2   0000H.1   UNIT         _BIT_GROUP_
                    0025H.3   0000H.5                *** GAP ***
            DATA    0026H     0028H     UNIT         ?DT?SCHEDULAR
            IDATA   004EH     0001H     UNIT         ?STACK

            * * * * * * *  X D A T A   M E M O R Y  * * * * * * *
            XDATA   0000H     0002H     INPAGE       ?PD?BATTERY
            XDATA   0002H     0003H     INPAGE       ?PD?INITSIGNAL?COMMUNICATION
            XDATA   0005H     0003H     INPAGE       ?PD?INITSIGNAL_F?COMMUNICATION
            XDATA   0008H     0003H     INPAGE       ?PD?_SEND_DATA?COMMUNICATION
            XDATA   000BH     0003H     INPAGE       ?PD?_COMMODE_DATA?COMMUNICATION
BL51 BANKED LINKER/LOCATER V6.22                                                      02/03/2016  16:50:25  PAGE 2


            XDATA   000EH     0003H     INPAGE       ?PD?_COMMODE_DATA_WX?COMMUNICATION
            XDATA   0011H     0002H     INPAGE       ?PD?_UART_SEND_DATA?COMMUNICATION
            XDATA   0013H     0002H     INPAGE       ?PD?_UART_SEND_DATA_F?COMMUNICATION
            XDATA   0015H     0002H     INPAGE       ?PD?_UART_SEND_DATA_F2?COMMUNICATION
            XDATA   0017H     0001H     INPAGE       ?PD?_UART_SEND_DATA_F3?COMMUNICATION
            XDATA   0018H     0004H     INPAGE       ?PD?_SEND_CODE_TO_LOCK?COMMUNICATION
            XDATA   001CH     0004H     INPAGE       ?PD?_SEND_CODE_TO_LOCK_TAILI?COMMUNICATION
            XDATA   0020H     0001H     INPAGE       ?PD?_UART_SEND_DATA_BROADTEST?COMMUNICATION
            XDATA   0021H     0007H     INPAGE       ?PD?COMMUNICATION
            XDATA   0028H     0004H     INPAGE       ?PD?_CUSTOM_DELAY?DELAY
            XDATA   002CH     0002H     INPAGE       ?PD?_MAGNET_DELAY?DELAY
            XDATA   002EH     0002H     INPAGE       ?PD?DELAY
            XDATA   0030H     0008H     INPAGE       ?PD?OPERATION
            XDATA   0038H     0004H     INPAGE       ?PD?_MAGNET_CW?OTHER
            XDATA   003CH     0004H     INPAGE       ?PD?_MAGNET_CW_TAILI?OTHER
            XDATA   0040H     0002H     INPAGE       ?PD?PWM
            XDATA   0042H     0002H     INPAGE       ?PD?_INITTIMER?TIMER
            XDATA   0044H     0004H     INPAGE       ?PD?TIMER
            XDATA   0048H     0003H     INPAGE       ?PD?_SENDNBYTE?UART
            XDATA   004BH     0001H     INPAGE       ?PD?VOICE
            XDATA   004CH     0003H     INPAGE       ?PD?_FLASH_READ_DATA?ISP_DATAFLASH
            XDATA   004FH     0001H     INPAGE       ?PD?ELECMOTOR
            XDATA   0050H     0001H     INPAGE       ?PD?HSCH_DISPATCH_TASKS?SCHEDULAR
            XDATA   0051H     0002H     INPAGE       ?PD?_HSCH_ADD_TASK?SCHEDULAR
            XDATA   0053H     0001H     INPAGE       ?PD?HSCH_UPDATE?SCHEDULAR
            XDATA   0054H     0004H     INPAGE       ?PD?SCHEDULAR
            XDATA   0058H     003BH     INPAGE       ?PD?MAIN
            XDATA   0093H     0008H     INPAGE       _PDATA_GROUP_

            * * * * * * *   C O D E   M E M O R Y   * * * * * * *
            CODE    0000H     0003H     ABSOLUTE     
            CODE    0003H     0008H     INBLOCK      ?PR?MOTO_VIBRATION?OTHER
            CODE    000BH     0003H     ABSOLUTE     
            CODE    000EH     0015H     INBLOCK      ?PR?_FLASH_PAGE_ERASE?ISP_DATAFLASH
            CODE    0023H     0003H     ABSOLUTE     
            CODE    0026H     0247H     INBLOCK      ?PR?TIMER0?MAIN
            CODE    026DH     0196H     INBLOCK      ?PR?_VERIFYBATTERY?BATTERY
            CODE    0403H     0177H     UNIT         ?C?LIB_CODE
            CODE    057AH     011BH     INBLOCK      ?PR?UART_ISR?MAIN
            CODE    0695H     0109H     UNIT         ?C_INITSEG
            CODE    079EH     0062H     INBLOCK      ?PR?_PWM_CHANNEL?PWM
            CODE    0800H     00C2H     INBLOCK      ?PR?HSCH_UPDATE?SCHEDULAR
            CODE    08C2H     008CH     UNIT         ?C_C51STARTUP
            CODE    094EH     007DH     INBLOCK      ?PR?_HSCH_ADD_TASK?SCHEDULAR
            CODE    09CBH     0078H     INBLOCK      ?PR?_GETADCRESULT?AD
            CODE    0A43H     0075H     INBLOCK      ?PR?_INITTIMER?TIMER
            CODE    0AB8H     0074H     INBLOCK      ?PR?INITSIGNAL?COMMUNICATION
            CODE    0B2CH     0073H     INBLOCK      ?PR?_SEND_CODE_TO_LOCK?COMMUNICATION
            CODE    0B9FH     0073H     INBLOCK      ?PR?_SEND_CODE_TO_LOCK_TAILI?COMMUNICATION
            CODE    0C12H     0071H     INBLOCK      ?PR?HSCH_DISPATCH_TASKS?SCHEDULAR
            CODE    0C83H     006FH     INBLOCK      ?PR?DETECT_VIBRATION?OPERATION
            CODE    0CF2H     006AH     INBLOCK      ?PR?RECEIVE_BYTE?COMMUNICATION
            CODE    0D5CH     006AH     INBLOCK      ?PR?RECEIVE_BYTE_LOCK?COMMUNICATION
            CODE    0DC6H     0060H     INBLOCK      ?PR?_SEND_DATA?COMMUNICATION
            CODE    0E26H     005FH     INBLOCK      ?PR?DETECT_SELFLEARN_ACTION?OPERATION
            CODE    0E85H     005AH     INBLOCK      ?PR?_UART_SEND_DATA?COMMUNICATION
            CODE    0EDFH     0056H     INBLOCK      ?PR?ELECMOTOR_CODE?ELECMOTOR
BL51 BANKED LINKER/LOCATER V6.22                                                      02/03/2016  16:50:25  PAGE 3


            CODE    0F35H     0052H     INBLOCK      ?PR?DETECT_CLOSE_ACTION?OPERATION
            CODE    0F87H     004DH     INBLOCK      ?PR?_UART_SEND_DATA_F2?COMMUNICATION
            CODE    0FD4H     002BH     INBLOCK      ?PR?_SENDNBYTE?UART
            CODE    0FFFH     0001H     INBLOCK      ?PR?KEY_ROTATE_ON_SPEECH?VOICE
            CODE    1000H     004CH     INBLOCK      ?PR?_INITT0?TIMER
            CODE    104CH     004BH     INBLOCK      ?PR?_UART_SEND_DATA_BROADTEST?COMMUNICATION
            CODE    1097H     004BH     INBLOCK      ?PR?_HSCH_DELETE_TASK?SCHEDULAR
            CODE    10E2H     0048H     INBLOCK      ?PR?INITSIGNAL_F?COMMUNICATION
            CODE    112AH     0047H     INBLOCK      ?PR?_UART_SEND_DATA_F?COMMUNICATION
            CODE    1171H     0047H     INBLOCK      ?PR?DISABLE_SENSOR?OTHER
            CODE    11B8H     0043H     INBLOCK      ?PR?SELF_LEARN_PROGRAMMING?ISP_DATAFLASH
            CODE    11FBH     0043H     INBLOCK      ?PR?SELF_LEARN_PROGRAMMING_F?ISP_DATAFLASH
            CODE    123EH     0041H     INBLOCK      ?PR?RECEIVE_WORD?COMMUNICATION
            CODE    127FH     003FH     INBLOCK      ?PR?_CUSTOM_DELAY?DELAY
            CODE    12BEH     003EH     INBLOCK      ?PR?_UART_SEND_DATA_F3?COMMUNICATION
            CODE    12FCH     003EH     INBLOCK      ?PR?_MAGNET_DELAY?DELAY
            CODE    133AH     0038H     INBLOCK      ?PR?SLAVE_NEARBY_OPERATION?OPERATION
            CODE    1372H     0036H     INBLOCK      ?PR?_INITUART?UART
            CODE    13A8H     0036H     INBLOCK      ?PR?_SC_SPEECH?VOICE
            CODE    13DEH     0034H     INBLOCK      ?PR?_COMMODE_DATA_WX?COMMUNICATION
            CODE    1412H     0032H     INBLOCK      ?PR?_COMMODE_DATA?COMMUNICATION
            CODE    1444H     0032H     INBLOCK      ?PR?ACCUMULATOR_VOICE_PROMOT?VOICE
            CODE    1476H     0031H     INBLOCK      ?PR?DETECT_OPEN_ACTION?OPERATION
            CODE    14A7H     0031H     INBLOCK      ?PR?DETECT_WHEEL_MOVING?OPERATION
            CODE    14D8H     0031H     INBLOCK      ?PR?_MAGNET_CW?OTHER
            CODE    1509H     0031H     INBLOCK      ?PR?_MAGNET_CW_TAILI?OTHER
            CODE    153AH     002EH     INBLOCK      ?PR?SLAVE_AWAY_OPERATION?OPERATION
            CODE    1568H     002EH     INBLOCK      ?PR?_FLASH_WRITE_DATA?ISP_DATAFLASH
            CODE    1596H     0029H     INBLOCK      ?PR?ELECMOTOR_TEST?ELECMOTOR
            CODE    15BFH     0027H     INBLOCK      ?PR?MAIN?MAIN
            CODE    15E6H     0026H     INBLOCK      ?PR?SELFLEARN_RESET?OPERATION
            CODE    160CH     0025H     INBLOCK      ?PR?ELECMOTOR_DELAY_ACW?ELECMOTOR
            CODE    1631H     0022H     INBLOCK      ?PR?ENSENSOR_AFTERIDCERT?OPERATION
            CODE    1653H     0021H     INBLOCK      ?PR?ENSENSOR_AFTER_SLAVE_AWAY?OPERATION
            CODE    1674H     0020H     INBLOCK      ?PR?_DELAY_MS?DELAY
            CODE    1694H     001FH     INBLOCK      ?PR?UART_SEND_DATA_MATCH_F?COMMUNICATION
            CODE    16B3H     001FH     INBLOCK      ?PR?ELECMOTOR_DELAY_CW?ELECMOTOR
            CODE    16D2H     001EH     INBLOCK      ?PR?ENSENSOR_AFTER_CLOSE?OPERATION
            CODE    16F0H     001EH     INBLOCK      ?PR?RESET_AFTER_STOLEN_ALARMING?OPERATION
            CODE    170EH     001EH     INBLOCK      ?PR?_FLASH_READ_DATA?ISP_DATAFLASH
            CODE    172CH     001BH     INBLOCK      ?PR?INITVOICE?VOICE
            CODE    1747H     001AH     INBLOCK      ?PR?DELAY_1MS?DELAY
            CODE    1761H     001AH     INBLOCK      ?PR?DELAY_5MS?DELAY
            CODE    177BH     001AH     INBLOCK      ?PR?DELAY_10MS?DELAY
            CODE    1795H     001AH     INBLOCK      ?PR?DELAY_12MS?DELAY
            CODE    17AFH     001AH     INBLOCK      ?PR?DELAY_50MS?DELAY
            CODE    17C9H     001AH     INBLOCK      ?PR?DELAY_100MS?DELAY
            CODE    17E3H     001AH     INBLOCK      ?PR?DELAY_500MS?DELAY
            CODE    17FDH     0003H     INBLOCK      ?PR?CLOSE_TRANCEIVER?COMMUNICATION
            CODE    1800H     001AH     INBLOCK      ?PR?TRIGGER_ISP?ISP_DATAFLASH
            CODE    181AH     0019H     INBLOCK      ?PR?_DELAY_US?DELAY
            CODE    1833H     0018H     INBLOCK      ?PR?INIT_PWM?PWM
            CODE    184BH     0017H     INBLOCK      ?PR?UART_SEND_DATA_MATCH?COMMUNICATION
            CODE    1862H     0017H     INBLOCK      ?PR?_DELAY?DELAY
            CODE    1879H     0016H     INBLOCK      ?PR?FELL_ALARM_TO_SLAVE?OPERATION
            CODE    188FH     0016H     INBLOCK      ?PR?RAISE_ALARM_TO_SLAVE?OPERATION
            CODE    18A5H     0016H     INBLOCK      ?PR?BATSTOLEN_ALARM_TO_SLAVE?OPERATION
BL51 BANKED LINKER/LOCATER V6.22                                                      02/03/2016  16:50:25  PAGE 4


            CODE    18BBH     0016H     INBLOCK      ?PR?ELECMOTOR_CW?ELECMOTOR
            CODE    18D1H     0014H     INBLOCK      ?PR?DISABLE_ISP?ISP_DATAFLASH
            CODE    18E5H     0013H     INBLOCK      ?PR?HOST_TOUCH_SPEECH?VOICE
            CODE    18F8H     0013H     INBLOCK      ?PR?STOLEN_ALARM_SPEECH2?VOICE
            CODE    190BH     0013H     INBLOCK      ?PR?ENABLE_ISP?ISP_DATAFLASH
            CODE    191EH     0012H     INBLOCK      ?PR?ELECMOTOR_ACW?ELECMOTOR
            CODE    1930H     0011H     INBLOCK      ?PR?SELF_LEARN_SPEECH?VOICE
            CODE    1941H     0010H     INBLOCK      ?PR?RESET_AFTER_WIREBROKEN?OPERATION
            CODE    1951H     000FH     INBLOCK      ?PR?HSCH_MANUAL_TIMER0_RELOAD?TIMER
            CODE    1960H     000FH     INBLOCK      ?PR?MOTORBAT_LOW_SPEECH?VOICE
            CODE    196FH     000FH     INBLOCK      ?PR?BATTERY_HINT?VOICE
            CODE    197EH     000FH     INBLOCK      ?PR?ID_SPEECH?VOICE
            CODE    198DH     000FH     INBLOCK      ?PR?HOST_2NDTOUCH_SPEECH?VOICE
            CODE    199CH     000FH     INBLOCK      ?PR?STOLEN_ALARM_SPEECH1?VOICE
            CODE    19ABH     000FH     INBLOCK      ?PR?OPEN_LOCK_SPEECH?VOICE
            CODE    19BAH     000FH     INBLOCK      ?PR?CLOSE_LOCK_SPEECH?VOICE
            CODE    19C9H     000FH     INBLOCK      ?PR?BATTERY_STOLEN_SPEECH?VOICE
            CODE    19D8H     000FH     INBLOCK      ?PR?CUTTING_WIRE_VOICE?VOICE
            CODE    19E7H     000FH     INBLOCK      ?PR?PRODUCT_TEST_VOICE?VOICE
            CODE    19F6H     000FH     INBLOCK      ?PR?BATTERY_LOW_ALARM_SPEECH?VOICE
            CODE    1A05H     000FH     INBLOCK      ?PR?BATTERY_HIGH_ALARM_SPEECH?VOICE
            CODE    1A14H     000FH     INBLOCK      ?PR?ALARM_STOLEN_SPEECH?VOICE
            CODE    1A23H     000FH     INBLOCK      ?PR?ALARM_RAISED_SPEECH?VOICE
            CODE    1A32H     000FH     INBLOCK      ?PR?ALARM_FELL_SPEECH?VOICE
            CODE    1A41H     000FH     INBLOCK      ?PR?HOST_BATTERY_HIGH_ALARM_SPEECH?VOICE
            CODE    1A50H     000FH     INBLOCK      ?PR?BATTERY_STOLEN_SPEECH_F3?VOICE
            CODE    1A5FH     000FH     INBLOCK      ?PR?WIRE_BROKEN_SPEECH?VOICE
            CODE    1A6EH     000FH     INBLOCK      ?PR?LOCK_ROTATED_ON_SPEECH?VOICE
            CODE    1A7DH     000FH     INBLOCK      ?PR?LOCK_ROTATED_OFF_SPEECH?VOICE
            CODE    1A8CH     000EH     INBLOCK      ?PR?_MAGNET_ACW?OTHER
            CODE    1A9AH     000EH     INBLOCK      ?PR?_MAGNET_ACW_TAILI?OTHER
            CODE    1AA8H     000DH     INBLOCK      ?PR?CHECK_MOTOR_ACCUMULATOR?BATTERY
            CODE    1AB5H     000CH     INBLOCK      ?PR?OPEN_TRANCEIVER_F?COMMUNICATION
            CODE    1AC1H     000CH     INBLOCK      ?PR?HOST_STOLEN_ACTION?OPERATION
            CODE    1ACDH     000CH     INBLOCK      ?PR?ENABLE_SENSOR?OTHER
            CODE    1AD9H     000BH     INBLOCK      ?PR?INITSENSOR?OPERATION
            CODE    1AE4H     0009H     INBLOCK      ?PR?CLOSE_TRANCEIVER_F?COMMUNICATION
            CODE    1AEDH     0009H     INBLOCK      ?PR?DISABLE_SENSOR_AFTER_IDCERT?OPERATION
            CODE    1AF6H     0009H     INBLOCK      ?PR?ENTER_NOGUARD_VOICE?VOICE
            CODE    1AFFH     0008H     INBLOCK      ?PR?MYPWM?PWM
            CODE    1B07H     0008H     INBLOCK      ?PR?_SENDDATA?UART
            CODE    1B0FH     0007H     INBLOCK      ?PR?INITTRANSCEIVER?COMMUNICATION
            CODE    1B16H     0005H     INBLOCK      ?PR?OPEN_TRANCEIVER?COMMUNICATION
            CODE    1B1BH     0004H     INBLOCK      ?PR?SEOS_GO_TO_SLEEP?TIMER
            CODE    1B1FH     0004H     INBLOCK      ?PR?HSCH_GO_TO_SLEEP?SCHEDULAR
            CODE    1B23H     0003H     INBLOCK      ?PR?HSCH_START?TIMER
            CODE    1B26H     0003H     INBLOCK      ?PR?IDCERTED_SPEECH?VOICE
            CODE    1B29H     0003H     INBLOCK      ?PR?INITELECMOTOR?ELECMOTOR
            CODE    1B2CH     0001H     INBLOCK      ?PR?HSCH_REPORT_STATUS?SCHEDULAR
                    1B2DH     14D3H                  *** GAP ***
            CODE    3000H     0001H     ABSOLUTE     
            CODE    3001H     0001H     ABSOLUTE     
            CODE    3002H     0001H     ABSOLUTE     
            CODE    3003H     0001H     ABSOLUTE     
            CODE    3004H     0001H     ABSOLUTE     
            CODE    3005H     0001H     ABSOLUTE     

BL51 BANKED LINKER/LOCATER V6.22                                                      02/03/2016  16:50:25  PAGE 5




OVERLAY MAP OF MODULE:   DDC-Z (AD)


SEGMENT                                             BIT_GROUP          PDATA_GROUP
  +--> CALLED SEGMENT                            START    LENGTH     START    LENGTH
------------------------------------------------------------------------------------
?PR?TIMER0?MAIN                                  -----    -----      -----    -----
  +--> ?PR?ID_SPEECH?VOICE
  +--> ?PR?CHECK_MOTOR_ACCUMULATOR?BATTERY
  +--> ?PR?ACCUMULATOR_VOICE_PROMOT?VOICE
  +--> ?PR?ENSENSOR_AFTERIDCERT?OPERATION
  +--> ?PR?ENSENSOR_AFTER_CLOSE?OPERATION
  +--> ?PR?HOST_STOLEN_ACTION?OPERATION
  +--> ?PR?DISABLE_SENSOR_AFTER_IDCERT?OPERA...
  +--> ?PR?RESET_AFTER_WIREBROKEN?OPERATION
  +--> ?PR?RESET_AFTER_STOLEN_ALARMING?OPERA...
  +--> ?PR?SELFLEARN_RESET?OPERATION
  +--> ?PR?ENTER_NOGUARD_VOICE?VOICE
  +--> ?PR?DETECT_SELFLEARN_ACTION?OPERATION
  +--> ?PR?DETECT_VIBRATION?OPERATION
  +--> ?PR?DETECT_WHEEL_MOVING?OPERATION
  +--> ?PR?DETECT_OPEN_ACTION?OPERATION
  +--> ?PR?DETECT_CLOSE_ACTION?OPERATION
  +--> ?PR?BATTERY_HINT?VOICE
  +--> ?PR?HOST_TOUCH_SPEECH?VOICE
  +--> ?PR?HOST_2NDTOUCH_SPEECH?VOICE

?PR?ID_SPEECH?VOICE                              -----    -----      -----    -----
  +--> ?PR?_SC_SPEECH?VOICE
  +--> ?PR?_DELAY?DELAY

?PR?_SC_SPEECH?VOICE                             -----    -----      0097H    0002H
  +--> ?PR?DELAY_50MS?DELAY
  +--> ?PR?_DELAY_US?DELAY

?PR?CHECK_MOTOR_ACCUMULATOR?BATTERY              -----    -----      -----    -----
  +--> ?PR?_GETADCRESULT?AD

?PR?ACCUMULATOR_VOICE_PROMOT?VOICE               -----    -----      -----    -----
  +--> ?PR?_VERIFYBATTERY?BATTERY

?PR?_VERIFYBATTERY?BATTERY                       -----    -----      0093H    0002H
  +--> ?PR?_SC_SPEECH?VOICE
  +--> ?PR?_DELAY?DELAY
  +--> ?PR?MOTORBAT_LOW_SPEECH?VOICE

?PR?MOTORBAT_LOW_SPEECH?VOICE                    -----    -----      -----    -----
  +--> ?PR?_SC_SPEECH?VOICE
  +--> ?PR?_DELAY?DELAY

?PR?ENSENSOR_AFTERIDCERT?OPERATION               -----    -----      -----    -----
  +--> ?PR?ENABLE_SENSOR?OTHER

?PR?ENSENSOR_AFTER_CLOSE?OPERATION               -----    -----      -----    -----
  +--> ?PR?ENABLE_SENSOR?OTHER
BL51 BANKED LINKER/LOCATER V6.22                                                      02/03/2016  16:50:25  PAGE 6



?PR?HOST_STOLEN_ACTION?OPERATION                 -----    -----      -----    -----
  +--> ?PR?STOLEN_ALARM_SPEECH1?VOICE
  +--> ?PR?STOLEN_ALARM_SPEECH2?VOICE

?PR?STOLEN_ALARM_SPEECH1?VOICE                   -----    -----      -----    -----
  +--> ?PR?_SC_SPEECH?VOICE
  +--> ?PR?_DELAY?DELAY

?PR?STOLEN_ALARM_SPEECH2?VOICE                   -----    -----      -----    -----
  +--> ?PR?_SC_SPEECH?VOICE
  +--> ?PR?_DELAY?DELAY

?PR?DISABLE_SENSOR_AFTER_IDCERT?OPERA...         -----    -----      -----    -----
  +--> ?PR?DISABLE_SENSOR?OTHER

?PR?RESET_AFTER_STOLEN_ALARMING?OPERA...         -----    -----      -----    -----
  +--> ?PR?CLOSE_TRANCEIVER?COMMUNICATION

?PR?ENTER_NOGUARD_VOICE?VOICE                    -----    -----      -----    -----
  +--> ?PR?SELF_LEARN_SPEECH?VOICE

?PR?SELF_LEARN_SPEECH?VOICE                      -----    -----      -----    -----
  +--> ?PR?_SC_SPEECH?VOICE
  +--> ?PR?_DELAY?DELAY

?PR?DETECT_SELFLEARN_ACTION?OPERATION            -----    -----      -----    -----
  +--> ?PR?SELF_LEARN_SPEECH?VOICE
  +--> ?PR?SELF_LEARN_PROGRAMMING?ISP_DATAFLASH

?PR?SELF_LEARN_PROGRAMMING?ISP_DATAFLASH         -----    -----      -----    -----
  +--> ?PR?_FLASH_PAGE_ERASE?ISP_DATAFLASH
  +--> ?PR?_FLASH_WRITE_DATA?ISP_DATAFLASH

?PR?_FLASH_PAGE_ERASE?ISP_DATAFLASH              -----    -----      0093H    0002H
  +--> ?PR?ENABLE_ISP?ISP_DATAFLASH
  +--> ?PR?TRIGGER_ISP?ISP_DATAFLASH
  +--> ?PR?DISABLE_ISP?ISP_DATAFLASH

?PR?ENABLE_ISP?ISP_DATAFLASH                     -----    -----      -----    -----
  +--> ?PR?TRIGGER_ISP?ISP_DATAFLASH

?PR?DISABLE_ISP?ISP_DATAFLASH                    -----    -----      -----    -----
  +--> ?PR?TRIGGER_ISP?ISP_DATAFLASH

?PR?_FLASH_WRITE_DATA?ISP_DATAFLASH              -----    -----      0093H    0003H
  +--> ?PR?ENABLE_ISP?ISP_DATAFLASH
  +--> ?PR?TRIGGER_ISP?ISP_DATAFLASH
  +--> ?PR?DISABLE_ISP?ISP_DATAFLASH

?PR?DETECT_OPEN_ACTION?OPERATION                 -----    -----      -----    -----
  +--> ?PR?DISABLE_SENSOR?OTHER
  +--> ?PR?ELECMOTOR_CW?ELECMOTOR
  +--> ?PR?SLAVE_NEARBY_OPERATION?OPERATION

?PR?ELECMOTOR_CW?ELECMOTOR                       -----    -----      -----    -----
  +--> ?PR?DELAY_100MS?DELAY
BL51 BANKED LINKER/LOCATER V6.22                                                      02/03/2016  16:50:25  PAGE 7


  +--> ?PR?ELECMOTOR_CODE?ELECMOTOR
  +--> ?PR?ELECMOTOR_DELAY_CW?ELECMOTOR

?PR?ELECMOTOR_CODE?ELECMOTOR                     -----    -----      0093H    0002H
  +--> ?PR?DELAY_12MS?DELAY
  +--> ?PR?DELAY_5MS?DELAY

?PR?ELECMOTOR_DELAY_CW?ELECMOTOR                 -----    -----      -----    -----
  +--> ?PR?DELAY_500MS?DELAY

?PR?SLAVE_NEARBY_OPERATION?OPERATION             -----    -----      -----    -----
  +--> ?PR?DELAY_500MS?DELAY
  +--> ?PR?OPEN_LOCK_SPEECH?VOICE
  +--> ?PR?_VERIFYBATTERY?BATTERY
  +--> ?PR?KEY_ROTATE_ON_SPEECH?VOICE

?PR?OPEN_LOCK_SPEECH?VOICE                       -----    -----      -----    -----
  +--> ?PR?_SC_SPEECH?VOICE
  +--> ?PR?_DELAY?DELAY

?PR?DETECT_CLOSE_ACTION?OPERATION                -----    -----      -----    -----
  +--> ?PR?ELECMOTOR_ACW?ELECMOTOR
  +--> ?PR?SLAVE_AWAY_OPERATION?OPERATION

?PR?ELECMOTOR_ACW?ELECMOTOR                      -----    -----      -----    -----
  +--> ?PR?ELECMOTOR_DELAY_ACW?ELECMOTOR

?PR?ELECMOTOR_DELAY_ACW?ELECMOTOR                -----    -----      -----    -----
  +--> ?PR?DELAY_500MS?DELAY

?PR?SLAVE_AWAY_OPERATION?OPERATION               -----    -----      -----    -----
  +--> ?PR?CLOSE_LOCK_SPEECH?VOICE
  +--> ?PR?_VERIFYBATTERY?BATTERY
  +--> ?PR?_DELAY?DELAY

?PR?CLOSE_LOCK_SPEECH?VOICE                      -----    -----      -----    -----
  +--> ?PR?_SC_SPEECH?VOICE
  +--> ?PR?_DELAY?DELAY

?PR?BATTERY_HINT?VOICE                           -----    -----      -----    -----
  +--> ?PR?_SC_SPEECH?VOICE
  +--> ?PR?_DELAY?DELAY

?PR?HOST_TOUCH_SPEECH?VOICE                      -----    -----      -----    -----
  +--> ?PR?_SC_SPEECH?VOICE
  +--> ?PR?_DELAY?DELAY

?PR?HOST_2NDTOUCH_SPEECH?VOICE                   -----    -----      -----    -----
  +--> ?PR?_SC_SPEECH?VOICE
  +--> ?PR?_DELAY?DELAY

*** NEW ROOT ***************************************************

?PR?UART_ISR?MAIN                                -----    -----      -----    -----
  +--> ?PR?IDCERTED_SPEECH?VOICE

?PR?IDCERTED_SPEECH?VOICE                        -----    -----      -----    -----
BL51 BANKED LINKER/LOCATER V6.22                                                      02/03/2016  16:50:25  PAGE 8


  +--> ?PR?ID_SPEECH?VOICE

*** NEW ROOT ***************************************************

?C_C51STARTUP                                    -----    -----      -----    -----
  +--> ?PR?MAIN?MAIN
  +--> ?C_INITSEG

?PR?MAIN?MAIN                                    -----    -----      -----    -----
  +--> ?PR?INITVOICE?VOICE
  +--> ?PR?INITELECMOTOR?ELECMOTOR
  +--> ?PR?_INITUART?UART
  +--> ?PR?INITSENSOR?OPERATION
  +--> ?PR?INITTRANSCEIVER?COMMUNICATION

?PR?INITVOICE?VOICE                              -----    -----      -----    -----
  +--> ?PR?_DELAY_US?DELAY

?PR?INITELECMOTOR?ELECMOTOR                      -----    -----      -----    -----
  +--> ?PR?ELECMOTOR_ACW?ELECMOTOR

?PR?_INITUART?UART                               -----    -----      -----    -----
  +--> ?PR?_INITT0?TIMER

?PR?_INITT0?TIMER                                -----    -----      0099H    0002H
  +--> ?PR?_HSCH_DELETE_TASK?SCHEDULAR
  +--> ?PR?HSCH_MANUAL_TIMER0_RELOAD?TIMER

?PR?_HSCH_DELETE_TASK?SCHEDULAR                  0025H.2  0000H.1    -----    -----



SYMBOL TABLE OF MODULE:  DDC-Z (AD)

  VALUE           TYPE          NAME
  ----------------------------------

  -------         MODULE        AD
  C:0000H         SYMBOL        _ICE_DUMMY_
  D:0080H         PUBLIC        P0
  D:0090H         PUBLIC        P1
  D:00A0H         PUBLIC        P2
  D:00B0H         PUBLIC        P3
  D:00A8H         PUBLIC        IE
  D:00E2H         PUBLIC        ADCH
  B:00F8H.4       PUBLIC        ADCI
  D:00B8H         PUBLIC        IP
  B:00F8H.3       PUBLIC        ADCS
  D:00F6H         PUBLIC        P0DIDS
  D:00D8H         PUBLIC        WDCON0
  D:0098H         PUBLIC        SCON
  D:0088H         PUBLIC        TCON
  B:00F8H.0       PUBLIC        AADR0
  B:00F8H.1       PUBLIC        AADR1
  B:00F8H.2       PUBLIC        AADR2
  D:00E8H         PUBLIC        EIE
  D:00F8H         PUBLIC        ADCCON0
BL51 BANKED LINKER/LOCATER V6.22                                                      02/03/2016  16:50:25  PAGE 9


  D:00E1H         PUBLIC        ADCCON1
  D:00C0H         PUBLIC        I2CON
  D:00C8H         PUBLIC        T2CON
  C:09CBH         PUBLIC        _GetADCResult
  D:00D0H         PUBLIC        PSW
  -------         PROC          _GETADCRESULT
  D:0007H         SYMBOL        ch
  -------         DO            
  D:0005H         SYMBOL        DataL
  D:0002H         SYMBOL        DataH
  -------         ENDDO         
  C:09CBH         LINE#         17
  C:09CBH         LINE#         18
  C:09CBH         LINE#         19
  C:09CCH         LINE#         20
  C:09CDH         LINE#         22
  C:09D2H         LINE#         23
  C:09D2H         LINE#         25
  C:09D5H         LINE#         27
  C:09D7H         LINE#         28
  C:09D9H         LINE#         29
  C:09DBH         LINE#         31
  C:09DEH         LINE#         33
  C:09E0H         LINE#         34
  C:09E2H         LINE#         36
  C:09E4H         LINE#         37
  C:09EBH         LINE#         39
  C:09EFH         LINE#         40
  C:0A01H         LINE#         42
  C:0A05H         LINE#         43
  C:0A05H         LINE#         45
  C:0A0AH         LINE#         46
  C:0A0AH         LINE#         48
  C:0A0DH         LINE#         51
  C:0A0FH         LINE#         52
  C:0A11H         LINE#         53
  C:0A13H         LINE#         55
  C:0A16H         LINE#         57
  C:0A18H         LINE#         58
  C:0A1AH         LINE#         60
  C:0A1CH         LINE#         61
  C:0A23H         LINE#         63
  C:0A29H         LINE#         64
  C:0A3BH         LINE#         66
  C:0A3FH         LINE#         67
  C:0A3FH         LINE#         69
  C:0A42H         LINE#         70
  -------         ENDPROC       _GETADCRESULT
  -------         ENDMOD        AD

  -------         MODULE        BATTERY
  C:0000H         SYMBOL        _ICE_DUMMY_
  C:1AA8H         PUBLIC        Check_motor_accumulator
  D:0080H         PUBLIC        P0
  D:0090H         PUBLIC        P1
  D:00A0H         PUBLIC        P2
  D:00B0H         PUBLIC        P3
BL51 BANKED LINKER/LOCATER V6.22                                                      02/03/2016  16:50:25  PAGE 10


  X:0000H         PUBLIC        Check2_stage
  B:0090H.4       PUBLIC        voice_EN
  D:00A8H         PUBLIC        IE
  D:00B8H         PUBLIC        IP
  C:026DH         PUBLIC        _verifybattery
  D:00D8H         PUBLIC        WDCON0
  D:0098H         PUBLIC        SCON
  D:0088H         PUBLIC        TCON
  D:00E8H         PUBLIC        EIE
  D:00F8H         PUBLIC        ADCCON0
  X:0001H         PUBLIC        Battery_level
  D:00C0H         PUBLIC        I2CON
  D:00C8H         PUBLIC        T2CON
  D:00D0H         PUBLIC        PSW
  -------         PROC          CHECK_MOTOR_ACCUMULATOR
  C:1AA8H         LINE#         23
  C:1AA8H         LINE#         24
  C:1AA8H         LINE#         26
  C:1AB4H         LINE#         27
  -------         ENDPROC       CHECK_MOTOR_ACCUMULATOR
  -------         PROC          _VERIFYBATTERY
  X:0093H         SYMBOL        Check2
  C:026DH         LINE#         34
  C:0274H         LINE#         35
  C:0274H         LINE#         38
  C:027CH         LINE#         39
  C:0283H         LINE#         40
  C:028FH         LINE#         41
  C:0294H         LINE#         43
  C:02A3H         LINE#         44
  C:02A3H         LINE#         45
  C:02A3H         LINE#         46
  C:02A3H         LINE#         48
  C:02AFH         LINE#         49
  C:02AFH         LINE#         50
  C:02AFH         LINE#         51
  C:02AFH         LINE#         52
  C:02AFH         LINE#         53
  C:02AFH         LINE#         54
  C:02B1H         LINE#         56
  C:02C9H         LINE#         57
  C:02C9H         LINE#         58
  C:02C9H         LINE#         59
  C:02C9H         LINE#         60
  C:02C9H         LINE#         61
  C:02C9H         LINE#         62
  C:02CBH         LINE#         64
  C:02E3H         LINE#         65
  C:02E3H         LINE#         66
  C:02E3H         LINE#         67
  C:02E3H         LINE#         68
  C:02E3H         LINE#         69
  C:02E3H         LINE#         70
  C:02E5H         LINE#         72
  C:02FDH         LINE#         73
  C:02FDH         LINE#         74
  C:02FDH         LINE#         75
BL51 BANKED LINKER/LOCATER V6.22                                                      02/03/2016  16:50:25  PAGE 11


  C:02FDH         LINE#         76
  C:02FDH         LINE#         77
  C:02FDH         LINE#         78
  C:02FFH         LINE#         80
  C:0317H         LINE#         81
  C:0317H         LINE#         82
  C:0317H         LINE#         83
  C:0317H         LINE#         84
  C:0317H         LINE#         85
  C:0317H         LINE#         86
  C:0319H         LINE#         88
  C:0327H         LINE#         89
  C:0327H         LINE#         90
  C:0327H         LINE#         91
  C:0327H         LINE#         92
  C:0327H         LINE#         93
  C:0329H         LINE#         95
  C:0329H         LINE#         96
  C:0329H         LINE#         98
  C:0335H         LINE#         99
  C:0335H         LINE#         100
  C:0337H         LINE#         101
  C:033CH         LINE#         102
  C:033EH         LINE#         103
  C:033EH         LINE#         104
  C:0340H         LINE#         106
  C:0358H         LINE#         107
  C:0358H         LINE#         108
  C:035AH         LINE#         109
  C:035FH         LINE#         110
  C:0361H         LINE#         111
  C:0361H         LINE#         112
  C:0363H         LINE#         114
  C:037BH         LINE#         115
  C:037BH         LINE#         116
  C:037DH         LINE#         117
  C:0382H         LINE#         118
  C:0384H         LINE#         119
  C:0384H         LINE#         120
  C:0386H         LINE#         122
  C:039EH         LINE#         123
  C:039EH         LINE#         124
  C:03A0H         LINE#         125
  C:03A5H         LINE#         126
  C:03A7H         LINE#         127
  C:03A7H         LINE#         128
  C:03A9H         LINE#         130
  C:03C1H         LINE#         131
  C:03C1H         LINE#         132
  C:03C3H         LINE#         133
  C:03C8H         LINE#         134
  C:03CAH         LINE#         135
  C:03CAH         LINE#         136
  C:03CCH         LINE#         138
  C:03E4H         LINE#         139
  C:03E4H         LINE#         140
  C:03E6H         LINE#         141
BL51 BANKED LINKER/LOCATER V6.22                                                      02/03/2016  16:50:25  PAGE 12


  C:03EBH         LINE#         142
  C:03F0H         LINE#         143
  C:03F2H         LINE#         144
  C:03F3H         LINE#         146
  C:03FFH         LINE#         147
  C:03FFH         LINE#         148
  C:0402H         LINE#         149
  C:0402H         LINE#         150
  C:0402H         LINE#         151
  C:0402H         LINE#         390
  -------         ENDPROC       _VERIFYBATTERY
  -------         ENDMOD        BATTERY

  -------         MODULE        COMMUNICATION
  C:0000H         SYMBOL        _ICE_DUMMY_
  C:0CF2H         PUBLIC        receive_byte
  D:0080H         PUBLIC        P0
  D:0090H         PUBLIC        P1
  B:00B0H.0       PUBLIC        receive_wire
  D:00A0H         PUBLIC        P2
  D:00B0H         PUBLIC        P3
  C:1412H         PUBLIC        _ComMode_Data
  C:0E85H         PUBLIC        _UART_Send_Data
  C:123EH         PUBLIC        receive_word
  D:00A8H         PUBLIC        IE
  C:13DEH         PUBLIC        _ComMode_Data_WX
  C:104CH         PUBLIC        _UART_Send_Data_Broadtest
  D:00B8H         PUBLIC        IP
  C:1694H         PUBLIC        UART_Send_Data_match_F
  C:1B0FH         PUBLIC        InitTransceiver
  B:0080H.1       PUBLIC        lock_code
  C:112AH         PUBLIC        _UART_Send_Data_F
  D:00D8H         PUBLIC        WDCON0
  B:0090H.0       PUBLIC        P10
  B:0090H.1       PUBLIC        P11
  C:17FDH         PUBLIC        close_tranceiver
  D:0098H         PUBLIC        SCON
  D:0088H         PUBLIC        TCON
  C:0AE4H         PUBLIC        initsignal
  B:00A0H.7       PUBLIC        transmiter_EN
  B:0090H.3       PUBLIC        receiver_EN
  C:1B16H         PUBLIC        open_tranceiver
  C:0B9FH         PUBLIC        _send_code_to_lock_Taili
  D:00E8H         PUBLIC        EIE
  B:00A0H.3       PUBLIC        MagentControl_2
  C:1AE4H         PUBLIC        close_tranceiver_F
  D:00F8H         PUBLIC        ADCCON0
  D:00C0H         PUBLIC        I2CON
  C:0F87H         PUBLIC        _UART_Send_Data_F2
  C:10E2H         PUBLIC        initsignal_F
  C:12BEH         PUBLIC        _UART_Send_Data_F3
  D:00C8H         PUBLIC        T2CON
  C:0DC6H         PUBLIC        _Send_Data
  C:0D5CH         PUBLIC        receive_byte_Lock
  B:0090H.0       PUBLIC        TXD
  C:1AB5H         PUBLIC        open_tranceiver_F
  C:184BH         PUBLIC        UART_Send_Data_match
BL51 BANKED LINKER/LOCATER V6.22                                                      02/03/2016  16:50:25  PAGE 13


  C:0B2CH         PUBLIC        _send_code_to_lock
  D:00D0H         PUBLIC        PSW
  X:0021H         PUBLIC        myTxRxData
  -------         PROC          INITTRANSCEIVER
  C:1B0FH         LINE#         38
  C:1B0FH         LINE#         39
  C:1B0FH         LINE#         40
  C:1B11H         LINE#         41
  C:1B13H         LINE#         42
  C:1B15H         LINE#         44
  -------         ENDPROC       INITTRANSCEIVER
  -------         PROC          L?0102
  -------         ENDPROC       L?0102
  -------         PROC          INITSIGNAL
  -------         DO            
  X:0002H         SYMBOL        k
  X:0003H         SYMBOL        k1
  X:0004H         SYMBOL        mystartbuffer
  -------         ENDDO         
  C:0AE4H         LINE#         53
  C:0AE4H         LINE#         54
  C:0AE4H         LINE#         56
  C:0AE9H         LINE#         57
  C:0AECH         LINE#         58
  C:0AECH         LINE#         59
  C:0AF0H         LINE#         60
  C:0AF0H         LINE#         61
  C:0AF3H         LINE#         62
  C:0AF3H         LINE#         63
  C:0AF3H         LINE#         64
  C:0AF3H         LINE#         66
  C:0AF3H         LINE#         68
  C:0AF3H         LINE#         69
  C:0AF5H         LINE#         70
  C:0AFEH         LINE#         72
  C:0AFEH         LINE#         73
  C:0B00H         LINE#         74
  C:0B06H         LINE#         75
  C:0B0FH         LINE#         77
  C:0B1AH         LINE#         78
  C:0B1FH         LINE#         81
  C:0B29H         LINE#         82
  C:0B2BH         LINE#         83
  -------         ENDPROC       INITSIGNAL
  -------         PROC          INITSIGNAL_F
  -------         DO            
  X:0005H         SYMBOL        k
  X:0006H         SYMBOL        k1
  X:0007H         SYMBOL        mystartbuffer
  -------         ENDDO         
  C:10E2H         LINE#         85
  C:10E2H         LINE#         86
  C:10E2H         LINE#         88
  C:10E7H         LINE#         89
  C:10EAH         LINE#         90
  C:10EAH         LINE#         92
  C:10EEH         LINE#         97
BL51 BANKED LINKER/LOCATER V6.22                                                      02/03/2016  16:50:25  PAGE 14


  C:10EEH         LINE#         98
  C:10F1H         LINE#         99
  C:10F1H         LINE#         100
  C:10F1H         LINE#         101
  C:10F1H         LINE#         103
  C:10F1H         LINE#         105
  C:10F1H         LINE#         106
  C:10F3H         LINE#         107
  C:10FCH         LINE#         109
  C:10FCH         LINE#         110
  C:10FEH         LINE#         111
  C:1104H         LINE#         112
  C:110DH         LINE#         114
  C:1118H         LINE#         115
  C:111DH         LINE#         118
  C:1127H         LINE#         119
  C:1129H         LINE#         120
  -------         ENDPROC       INITSIGNAL_F
  -------         PROC          _SEND_DATA
  X:0008H         SYMBOL        x
  -------         DO            
  X:0009H         SYMBOL        i
  X:000AH         SYMBOL        n
  -------         ENDDO         
  C:0DC6H         LINE#         126
  C:0DCAH         LINE#         127
  C:0DCAH         LINE#         129
  C:0DCDH         LINE#         130
  C:0DCDH         LINE#         131
  C:0DD1H         LINE#         132
  C:0DD1H         LINE#         133
  C:0DDBH         LINE#         134
  C:0DDBH         LINE#         135
  C:0DDDH         LINE#         136
  C:0DE5H         LINE#         137
  C:0DE7H         LINE#         139
  C:0DE7H         LINE#         140
  C:0DE9H         LINE#         141
  C:0DF4H         LINE#         142
  C:0DF4H         LINE#         143
  C:0DF6H         LINE#         144
  C:0E04H         LINE#         145
  C:0E0FH         LINE#         146
  C:0E1AH         LINE#         147
  C:0E25H         LINE#         148
  -------         ENDPROC       _SEND_DATA
  -------         PROC          _COMMODE_DATA
  X:000BH         SYMBOL        ComMode
  X:000CH         SYMBOL        x
  C:1412H         LINE#         156
  C:141CH         LINE#         157
  C:141CH         LINE#         158
  C:141EH         LINE#         159
  C:1423H         LINE#         160
  C:1425H         LINE#         161
  C:142AH         LINE#         162
  C:142EH         LINE#         163
BL51 BANKED LINKER/LOCATER V6.22                                                      02/03/2016  16:50:25  PAGE 15


  C:1434H         LINE#         165
  C:1437H         LINE#         166
  C:143FH         LINE#         168
  C:1441H         LINE#         169
  C:1443H         LINE#         170
  -------         ENDPROC       _COMMODE_DATA
  -------         PROC          _COMMODE_DATA_WX
  X:000EH         SYMBOL        ComMode
  X:000FH         SYMBOL        x
  C:13DEH         LINE#         178
  C:13E8H         LINE#         179
  C:13E8H         LINE#         180
  C:13EAH         LINE#         181
  C:13EFH         LINE#         182
  C:13F1H         LINE#         183
  C:13F6H         LINE#         184
  C:13FAH         LINE#         185
  C:1400H         LINE#         187
  C:1403H         LINE#         188
  C:140BH         LINE#         190
  C:140DH         LINE#         191
  C:140FH         LINE#         192
  C:1411H         LINE#         193
  -------         ENDPROC       _COMMODE_DATA_WX
  -------         PROC          _UART_SEND_DATA
  X:0011H         SYMBOL        command
  -------         DO            
  X:0012H         SYMBOL        ii
  -------         ENDDO         
  C:0E85H         LINE#         198
  C:0E89H         LINE#         199
  C:0E89H         LINE#         200
  C:0E8CH         LINE#         201
  C:0E8FH         LINE#         202
  C:0E97H         LINE#         203
  C:0E9EH         LINE#         204
  C:0EA5H         LINE#         205
  C:0EACH         LINE#         206
  C:0EB3H         LINE#         207
  C:0EB9H         LINE#         209
  C:0EBCH         LINE#         211
  C:0EC0H         LINE#         212
  C:0EC0H         LINE#         213
  C:0ECBH         LINE#         214
  C:0ECEH         LINE#         215
  C:0ED9H         LINE#         217
  C:0EDCH         LINE#         218
  -------         ENDPROC       _UART_SEND_DATA
  -------         PROC          _UART_SEND_DATA_F
  X:0013H         SYMBOL        command
  -------         DO            
  X:0014H         SYMBOL        ii
  -------         ENDDO         
  C:112AH         LINE#         224
  C:112EH         LINE#         225
  C:112EH         LINE#         226
  C:1131H         LINE#         227
BL51 BANKED LINKER/LOCATER V6.22                                                      02/03/2016  16:50:25  PAGE 16


  C:1134H         LINE#         229
  C:113CH         LINE#         230
  C:1143H         LINE#         231
  C:114AH         LINE#         232
  C:1151H         LINE#         233
  C:1158H         LINE#         234
  C:115EH         LINE#         236
  C:1161H         LINE#         238
  C:116CH         LINE#         240
  C:116EH         LINE#         241
  -------         ENDPROC       _UART_SEND_DATA_F
  -------         PROC          _UART_SEND_DATA_F2
  X:0015H         SYMBOL        command
  -------         DO            
  X:0016H         SYMBOL        ii
  -------         ENDDO         
  C:0F87H         LINE#         248
  C:0F8BH         LINE#         249
  C:0F8BH         LINE#         250
  C:0F8EH         LINE#         251
  C:0F91H         LINE#         252
  C:0F99H         LINE#         253
  C:0FA0H         LINE#         254
  C:0FA7H         LINE#         255
  C:0FAEH         LINE#         256
  C:0FB5H         LINE#         257
  C:0FBBH         LINE#         259
  C:0FBEH         LINE#         260
  C:0FC1H         LINE#         261
  C:0FC4H         LINE#         262
  C:0FCFH         LINE#         264
  C:0FD1H         LINE#         266
  -------         ENDPROC       _UART_SEND_DATA_F2
  -------         PROC          _UART_SEND_DATA_F3
  D:0007H         SYMBOL        command
  -------         DO            
  X:0017H         SYMBOL        ii
  -------         ENDDO         
  C:12BEH         LINE#         272
  C:12BEH         LINE#         273
  C:12BEH         LINE#         274
  C:12C2H         LINE#         275
  C:12C9H         LINE#         276
  C:12D0H         LINE#         277
  C:12D7H         LINE#         278
  C:12DEH         LINE#         279
  C:12E5H         LINE#         280
  C:12E8H         LINE#         282
  C:12EBH         LINE#         283
  C:12EEH         LINE#         284
  C:12F1H         LINE#         285
  -------         ENDPROC       _UART_SEND_DATA_F3
  -------         PROC          OPEN_TRANCEIVER
  C:1B16H         LINE#         292
  C:1B16H         LINE#         293
  C:1B16H         LINE#         298
  C:1B18H         LINE#         299
BL51 BANKED LINKER/LOCATER V6.22                                                      02/03/2016  16:50:25  PAGE 17


  C:1B1AH         LINE#         300
  -------         ENDPROC       OPEN_TRANCEIVER
  -------         PROC          OPEN_TRANCEIVER_F
  C:1AB5H         LINE#         306
  C:1AB5H         LINE#         307
  C:1AB5H         LINE#         308
  C:1ABCH         LINE#         310
  C:1ABEH         LINE#         311
  C:1AC0H         LINE#         312
  -------         ENDPROC       OPEN_TRANCEIVER_F
  -------         PROC          CLOSE_TRANCEIVER
  C:17FDH         LINE#         318
  C:17FDH         LINE#         319
  C:17FDH         LINE#         324
  C:17FFH         LINE#         329
  -------         ENDPROC       CLOSE_TRANCEIVER
  -------         PROC          CLOSE_TRANCEIVER_F
  C:1AE4H         LINE#         334
  C:1AE4H         LINE#         335
  C:1AE4H         LINE#         340
  C:1AE6H         LINE#         342
  -------         ENDPROC       CLOSE_TRANCEIVER_F
  -------         PROC          UART_SEND_DATA_MATCH
  C:184BH         LINE#         349
  C:184BH         LINE#         350
  C:184BH         LINE#         351
  C:184EH         LINE#         353
  C:184EH         LINE#         354
  C:184EH         LINE#         355
  C:184EH         LINE#         356
  C:184EH         LINE#         357
  C:184EH         LINE#         358
  C:184EH         LINE#         359
  C:184EH         LINE#         361
  C:1851H         LINE#         363
  C:185CH         LINE#         364
  C:185FH         LINE#         366
  -------         ENDPROC       UART_SEND_DATA_MATCH
  -------         PROC          UART_SEND_DATA_MATCH_F
  C:1694H         LINE#         373
  C:1694H         LINE#         374
  C:1694H         LINE#         375
  C:1696H         LINE#         376
  C:1698H         LINE#         377
  C:169FH         LINE#         379
  C:169FH         LINE#         380
  C:169FH         LINE#         381
  C:169FH         LINE#         382
  C:169FH         LINE#         383
  C:169FH         LINE#         384
  C:169FH         LINE#         385
  C:169FH         LINE#         387
  C:16A2H         LINE#         389
  C:16ADH         LINE#         390
  C:16B0H         LINE#         392
  C:16B2H         LINE#         393
  -------         ENDPROC       UART_SEND_DATA_MATCH_F
BL51 BANKED LINKER/LOCATER V6.22                                                      02/03/2016  16:50:25  PAGE 18


  -------         PROC          RECEIVE_BYTE
  C:0CF2H         LINE#         399
  C:0CF2H         LINE#         400
  C:0CF2H         LINE#         402
  C:0CF5H         LINE#         403
  C:0CF5H         LINE#         405
  C:0CFFH         LINE#         406
  C:0CFFH         LINE#         407
  C:0D01H         LINE#         408
  C:0D01H         LINE#         409
  C:0D03H         LINE#         410
  C:0D04H         LINE#         413
  C:0D04H         LINE#         415
  C:0D07H         LINE#         416
  C:0D07H         LINE#         418
  C:0D09H         LINE#         421
  C:0D18H         LINE#         422
  C:0D18H         LINE#         424
  C:0D1EH         LINE#         425
  C:0D20H         LINE#         426
  C:0D20H         LINE#         427
  C:0D20H         LINE#         428
  C:0D22H         LINE#         430
  C:0D2AH         LINE#         431
  C:0D2AH         LINE#         433
  C:0D30H         LINE#         434
  C:0D33H         LINE#         435
  C:0D38H         LINE#         436
  C:0D3CH         LINE#         437
  C:0D3EH         LINE#         439
  C:0D3EH         LINE#         441
  C:0D43H         LINE#         442
  C:0D43H         LINE#         444
  C:0D47H         LINE#         445
  C:0D48H         LINE#         447
  C:0D48H         LINE#         449
  C:0D52H         LINE#         450
  C:0D52H         LINE#         451
  C:0D56H         LINE#         452
  C:0D58H         LINE#         453
  C:0D5BH         LINE#         454
  C:0D5BH         LINE#         455
  C:0D5BH         LINE#         456
  C:0D5BH         LINE#         457
  -------         ENDPROC       RECEIVE_BYTE
  -------         PROC          RECEIVE_BYTE_LOCK
  C:0D5CH         LINE#         463
  C:0D5CH         LINE#         464
  C:0D5CH         LINE#         466
  C:0D5FH         LINE#         467
  C:0D5FH         LINE#         469
  C:0D69H         LINE#         470
  C:0D69H         LINE#         471
  C:0D6BH         LINE#         472
  C:0D6BH         LINE#         473
  C:0D6DH         LINE#         474
  C:0D6EH         LINE#         477
BL51 BANKED LINKER/LOCATER V6.22                                                      02/03/2016  16:50:25  PAGE 19


  C:0D6EH         LINE#         479
  C:0D71H         LINE#         480
  C:0D71H         LINE#         482
  C:0D73H         LINE#         485
  C:0D82H         LINE#         486
  C:0D82H         LINE#         488
  C:0D88H         LINE#         489
  C:0D8AH         LINE#         490
  C:0D8AH         LINE#         491
  C:0D8AH         LINE#         492
  C:0D8CH         LINE#         494
  C:0D94H         LINE#         495
  C:0D94H         LINE#         497
  C:0D9AH         LINE#         498
  C:0D9DH         LINE#         499
  C:0DA2H         LINE#         500
  C:0DA6H         LINE#         501
  C:0DA8H         LINE#         503
  C:0DA8H         LINE#         505
  C:0DADH         LINE#         506
  C:0DADH         LINE#         508
  C:0DB1H         LINE#         509
  C:0DB2H         LINE#         511
  C:0DB2H         LINE#         513
  C:0DBCH         LINE#         514
  C:0DBCH         LINE#         515
  C:0DC0H         LINE#         516
  C:0DC2H         LINE#         517
  C:0DC5H         LINE#         518
  C:0DC5H         LINE#         519
  C:0DC5H         LINE#         520
  C:0DC5H         LINE#         521
  -------         ENDPROC       RECEIVE_BYTE_LOCK
  -------         PROC          RECEIVE_WORD
  C:123EH         LINE#         527
  C:123EH         LINE#         528
  C:123EH         LINE#         530
  C:1245H         LINE#         531
  C:1245H         LINE#         532
  C:1246H         LINE#         534
  C:1253H         LINE#         537
  C:125CH         LINE#         538
  C:125CH         LINE#         539
  C:1261H         LINE#         540
  C:1262H         LINE#         542
  C:126CH         LINE#         543
  C:126CH         LINE#         544
  C:1271H         LINE#         545
  C:1272H         LINE#         546
  C:1276H         LINE#         547
  C:1276H         LINE#         548
  C:1278H         LINE#         549
  C:1278H         LINE#         550
  C:127AH         LINE#         552
  C:127AH         LINE#         553
  C:127EH         LINE#         554
  C:127EH         LINE#         555
BL51 BANKED LINKER/LOCATER V6.22                                                      02/03/2016  16:50:25  PAGE 20


  C:127EH         LINE#         556
  -------         ENDPROC       RECEIVE_WORD
  -------         PROC          _SEND_CODE_TO_LOCK
  D:0007H         SYMBOL        x
  X:0018H         SYMBOL        y
  -------         DO            
  X:001AH         SYMBOL        i
  X:001BH         SYMBOL        n
  -------         ENDDO         
  C:0B2CH         LINE#         563
  C:0B33H         LINE#         564
  C:0B33H         LINE#         566
  C:0B38H         LINE#         567
  C:0B3CH         LINE#         568
  C:0B3FH         LINE#         574
  C:0B43H         LINE#         575
  C:0B43H         LINE#         576
  C:0B47H         LINE#         577
  C:0B47H         LINE#         578
  C:0B51H         LINE#         579
  C:0B51H         LINE#         580
  C:0B53H         LINE#         581
  C:0B5CH         LINE#         582
  C:0B5EH         LINE#         584
  C:0B5EH         LINE#         585
  C:0B60H         LINE#         586
  C:0B6CH         LINE#         587
  C:0B6CH         LINE#         588
  C:0B6EH         LINE#         589
  C:0B7CH         LINE#         590
  C:0B88H         LINE#         591
  C:0B93H         LINE#         592
  C:0B9EH         LINE#         593
  -------         ENDPROC       _SEND_CODE_TO_LOCK
  -------         PROC          _SEND_CODE_TO_LOCK_TAILI
  D:0007H         SYMBOL        x
  X:001CH         SYMBOL        y
  -------         DO            
  X:001EH         SYMBOL        i
  X:001FH         SYMBOL        n
  -------         ENDDO         
  C:0B9FH         LINE#         600
  C:0BA6H         LINE#         601
  C:0BA6H         LINE#         603
  C:0BABH         LINE#         604
  C:0BAFH         LINE#         605
  C:0BB2H         LINE#         611
  C:0BB6H         LINE#         612
  C:0BB6H         LINE#         613
  C:0BBAH         LINE#         614
  C:0BBAH         LINE#         615
  C:0BC4H         LINE#         616
  C:0BC4H         LINE#         617
  C:0BC6H         LINE#         618
  C:0BCFH         LINE#         619
  C:0BD1H         LINE#         621
  C:0BD1H         LINE#         622
BL51 BANKED LINKER/LOCATER V6.22                                                      02/03/2016  16:50:25  PAGE 21


  C:0BD3H         LINE#         623
  C:0BDFH         LINE#         624
  C:0BDFH         LINE#         625
  C:0BE1H         LINE#         626
  C:0BEFH         LINE#         627
  C:0BFBH         LINE#         628
  C:0C06H         LINE#         629
  C:0C11H         LINE#         630
  -------         ENDPROC       _SEND_CODE_TO_LOCK_TAILI
  -------         PROC          _UART_SEND_DATA_BROADTEST
  D:0007H         SYMBOL        command
  -------         DO            
  X:0020H         SYMBOL        ii
  -------         ENDDO         
  C:104CH         LINE#         635
  C:104CH         LINE#         636
  C:104CH         LINE#         637
  C:1050H         LINE#         640
  C:1057H         LINE#         641
  C:105EH         LINE#         642
  C:1065H         LINE#         643
  C:106CH         LINE#         644
  C:1073H         LINE#         645
  C:1076H         LINE#         647
  C:1079H         LINE#         649
  C:107DH         LINE#         650
  C:107DH         LINE#         651
  C:1088H         LINE#         652
  C:108BH         LINE#         653
  C:1096H         LINE#         657
  -------         ENDPROC       _UART_SEND_DATA_BROADTEST
  -------         ENDMOD        COMMUNICATION

  -------         MODULE        DELAY
  C:0000H         SYMBOL        _ICE_DUMMY_
  D:0080H         PUBLIC        P0
  D:0090H         PUBLIC        P1
  D:00A0H         PUBLIC        P2
  D:00B0H         PUBLIC        P3
  X:002EH         PUBLIC        Timeout_loop
  D:00A8H         PUBLIC        IE
  C:177BH         PUBLIC        Delay_10ms
  C:1795H         PUBLIC        Delay_12ms
  C:17AFH         PUBLIC        Delay_50ms
  D:00B8H         PUBLIC        IP
  B:0090H.2       PUBLIC        magnet_overcurrent
  D:00D8H         PUBLIC        WDCON0
  C:12FCH         PUBLIC        _Magnet_Delay
  D:0098H         PUBLIC        SCON
  D:0088H         PUBLIC        TCON
  C:17C9H         PUBLIC        Delay_100ms
  C:17E3H         PUBLIC        Delay_500ms
  C:127FH         PUBLIC        _Custom_Delay
  C:1674H         PUBLIC        _delay_ms
  D:00E8H         PUBLIC        EIE
  D:00F8H         PUBLIC        ADCCON0
  C:181AH         PUBLIC        _delay_us
BL51 BANKED LINKER/LOCATER V6.22                                                      02/03/2016  16:50:25  PAGE 22


  D:00C0H         PUBLIC        I2CON
  C:1747H         PUBLIC        Delay_1ms
  D:00C8H         PUBLIC        T2CON
  C:1761H         PUBLIC        Delay_5ms
  C:1862H         PUBLIC        _Delay
  D:00D0H         PUBLIC        PSW
  -------         PROC          DELAY_1MS
  C:1747H         LINE#         15
  C:1747H         LINE#         16
  C:1747H         LINE#         17
  C:1750H         LINE#         20
  C:1760H         LINE#         21
  -------         ENDPROC       DELAY_1MS
  -------         PROC          DELAY_5MS
  C:1761H         LINE#         23
  C:1761H         LINE#         24
  C:1761H         LINE#         25
  C:176AH         LINE#         28
  C:177AH         LINE#         29
  -------         ENDPROC       DELAY_5MS
  -------         PROC          DELAY_10MS
  C:177BH         LINE#         31
  C:177BH         LINE#         32
  C:177BH         LINE#         33
  C:1784H         LINE#         36
  C:1794H         LINE#         37
  -------         ENDPROC       DELAY_10MS
  -------         PROC          DELAY_12MS
  C:1795H         LINE#         39
  C:1795H         LINE#         40
  C:1795H         LINE#         41
  C:179EH         LINE#         44
  C:17AEH         LINE#         45
  -------         ENDPROC       DELAY_12MS
  -------         PROC          DELAY_50MS
  C:17AFH         LINE#         48
  C:17AFH         LINE#         49
  C:17AFH         LINE#         50
  C:17B8H         LINE#         53
  C:17C8H         LINE#         54
  -------         ENDPROC       DELAY_50MS
  -------         PROC          DELAY_100MS
  C:17C9H         LINE#         57
  C:17C9H         LINE#         58
  C:17C9H         LINE#         59
  C:17D2H         LINE#         62
  C:17E2H         LINE#         63
  -------         ENDPROC       DELAY_100MS
  -------         PROC          DELAY_500MS
  C:17E3H         LINE#         66
  C:17E3H         LINE#         67
  C:17E3H         LINE#         68
  C:17ECH         LINE#         71
  C:17FCH         LINE#         72
  -------         ENDPROC       DELAY_500MS
  -------         PROC          _DELAY
  D:0007H         SYMBOL        n
BL51 BANKED LINKER/LOCATER V6.22                                                      02/03/2016  16:50:25  PAGE 23


  -------         DO            
  D:0004H         SYMBOL        x
  -------         ENDDO         
  C:1862H         LINE#         79
  C:1862H         LINE#         80
  C:1862H         LINE#         82
  C:1868H         LINE#         83
  C:1868H         LINE#         84
  C:186CH         LINE#         85
  C:1878H         LINE#         87
  -------         ENDPROC       _DELAY
  -------         PROC          _CUSTOM_DELAY
  D:0007H         SYMBOL        t
  X:0028H         SYMBOL        m
  -------         DO            
  X:002AH         SYMBOL        i
  D:0006H         SYMBOL        j
  -------         ENDDO         
  C:127FH         LINE#         93
  C:1286H         LINE#         94
  C:1286H         LINE#         97
  C:1298H         LINE#         98
  C:12BDH         LINE#         99
  -------         ENDPROC       _CUSTOM_DELAY
  -------         PROC          _DELAY_MS
  D:0006H         SYMBOL        count
  -------         DO            
  D:0004H         SYMBOL        i
  D:0002H         SYMBOL        j
  -------         ENDDO         
  C:1674H         LINE#         106
  C:1674H         LINE#         107
  C:1674H         LINE#         109
  C:167EH         LINE#         110
  C:167EH         LINE#         111
  C:168CH         LINE#         112
  C:1693H         LINE#         113
  -------         ENDPROC       _DELAY_MS
  -------         PROC          _DELAY_US
  D:0006H         SYMBOL        count1
  -------         DO            
  D:0004H         SYMBOL        i
  D:0003H         SYMBOL        j
  -------         ENDDO         
  C:181AH         LINE#         121
  C:181AH         LINE#         122
  C:181AH         LINE#         125
  C:1824H         LINE#         126
  C:1824H         LINE#         127
  C:182BH         LINE#         128
  C:1832H         LINE#         129
  -------         ENDPROC       _DELAY_US
  -------         PROC          _MAGNET_DELAY
  X:002CH         SYMBOL        x
  D:0004H         SYMBOL        y
  -------         DO            
  D:0001H         SYMBOL        i
BL51 BANKED LINKER/LOCATER V6.22                                                      02/03/2016  16:50:25  PAGE 24


  D:0002H         SYMBOL        j
  -------         ENDDO         
  C:12FCH         LINE#         135
  C:1303H         LINE#         136
  C:1303H         LINE#         139
  C:1305H         LINE#         140
  C:1305H         LINE#         141
  C:1319H         LINE#         142
  C:131EH         LINE#         143
  C:1320H         LINE#         144
  C:1320H         LINE#         146
  C:1323H         LINE#         147
  C:1323H         LINE#         148
  C:1334H         LINE#         149
  C:1334H         LINE#         151
  C:1334H         LINE#         153
  C:1334H         LINE#         154
  C:1339H         LINE#         155
  -------         ENDPROC       _MAGNET_DELAY
  -------         ENDMOD        DELAY

  -------         MODULE        OPERATION
  C:0000H         SYMBOL        _ICE_DUMMY_
  B:00A0H.4       PUBLIC        Lock_EN
  D:0080H         PUBLIC        P0
  D:0090H         PUBLIC        P1
  B:0080H.3       PUBLIC        fell_sensor_detect
  D:00A0H         PUBLIC        P2
  B:0024H.5       PUBLIC        vibration_flag1
  D:00B0H         PUBLIC        P3
  D:00A8H         PUBLIC        IE
  B:0024H.6       PUBLIC        sensor_EN
  C:0C83H         PUBLIC        Detect_vibration
  X:0030H         PUBLIC        vibration_count1
  X:0032H         PUBLIC        vibration_count2
  C:1AD9H         PUBLIC        InitSensor
  D:00B8H         PUBLIC        IP
  X:0033H         PUBLIC        wire_broken_level
  C:1941H         PUBLIC        Reset_after_wirebroken
  B:0080H.1       PUBLIC        wire_broken
  C:18A5H         PUBLIC        Batstolen_Alarm_to_Slave
  C:16F0H         PUBLIC        Reset_after_stolen_alarming
  D:00D8H         PUBLIC        WDCON0
  X:0034H         PUBLIC        wire_broken_time
  D:0098H         PUBLIC        SCON
  D:0088H         PUBLIC        TCON
  C:0F35H         PUBLIC        Detect_close_action
  B:0090H.6       PUBLIC        Generator_lock
  C:133AH         PUBLIC        slave_nearby_operation
  B:00A0H.6       PUBLIC        the3rd_sendor
  B:00A0H.5       PUBLIC        key_rotate
  C:14A7H         PUBLIC        Detect_wheel_moving
  C:1AEDH         PUBLIC        Disable_sensor_after_IDcert
  B:0080H.7       PUBLIC        horizontal_sensor
  D:00E8H         PUBLIC        EIE
  C:1476H         PUBLIC        Detect_open_action
  B:0080H.2       PUBLIC        wheeled_rotate
BL51 BANKED LINKER/LOCATER V6.22                                                      02/03/2016  16:50:25  PAGE 25


  B:0080H.4       PUBLIC        raised_sensor_detect
  D:00F8H         PUBLIC        ADCCON0
  C:1653H         PUBLIC        Ensensor_after_slave_away
  D:00C0H         PUBLIC        I2CON
  C:16D2H         PUBLIC        ENsensor_After_Close
  C:0E26H         PUBLIC        Detect_selflearn_action
  C:1631H         PUBLIC        ENsensor_afterIDcert
  D:00C8H         PUBLIC        T2CON
  C:15E6H         PUBLIC        SelfLearn_Reset
  C:188FH         PUBLIC        Raise_Alarm_to_Slave
  C:153AH         PUBLIC        slave_away_operation
  X:0036H         PUBLIC        key_rotate_off_time
  B:0024H.7       PUBLIC        enable_sensor_delayEN
  C:1879H         PUBLIC        Fell_Alarm_to_Slave
  D:00D0H         PUBLIC        PSW
  B:0080H.0       PUBLIC        sensor_detect
  C:1AC1H         PUBLIC        Host_stolen_action
  B:0080H.5       PUBLIC        Externalmotor
  -------         PROC          SLAVE_AWAY_OPERATION
  C:153AH         LINE#         100
  C:153AH         LINE#         101
  C:153AH         LINE#         102
  C:153DH         LINE#         103
  C:153DH         LINE#         104
  C:1540H         LINE#         105
  C:1550H         LINE#         106
  C:1553H         LINE#         110
  C:1553H         LINE#         112
  C:1555H         LINE#         113
  C:1559H         LINE#         115
  C:155EH         LINE#         116
  C:1562H         LINE#         118
  C:1565H         LINE#         119
  C:1567H         LINE#         120
  -------         ENDPROC       SLAVE_AWAY_OPERATION
  -------         PROC          SLAVE_NEARBY_OPERATION
  C:133AH         LINE#         126
  C:133AH         LINE#         127
  C:133AH         LINE#         128
  C:133CH         LINE#         130
  C:133EH         LINE#         131
  C:1342H         LINE#         132
  C:1344H         LINE#         133
  C:1347H         LINE#         135
  C:134AH         LINE#         136
  C:134DH         LINE#         137
  C:1350H         LINE#         138
  C:1353H         LINE#         139
  C:1355H         LINE#         140
  C:1357H         LINE#         141
  C:1359H         LINE#         143
  C:135CH         LINE#         144
  C:135CH         LINE#         145
  C:135FH         LINE#         146
  C:1361H         LINE#         147
  C:1364H         LINE#         148
  C:136EH         LINE#         149
BL51 BANKED LINKER/LOCATER V6.22                                                      02/03/2016  16:50:25  PAGE 26


  C:1371H         LINE#         150
  C:1371H         LINE#         170
  -------         ENDPROC       SLAVE_NEARBY_OPERATION
  -------         PROC          INITSENSOR
  C:1AD9H         LINE#         176
  C:1AD9H         LINE#         177
  C:1AD9H         LINE#         178
  C:1ADBH         LINE#         179
  C:1ADDH         LINE#         180
  C:1ADFH         LINE#         181
  C:1AE1H         LINE#         182
  C:1AE3H         LINE#         183
  -------         ENDPROC       INITSENSOR
  -------         PROC          HOST_STOLEN_ACTION
  C:1AC1H         LINE#         189
  C:1AC1H         LINE#         190
  C:1AC1H         LINE#         192
  C:1AC4H         LINE#         193
  C:1AC4H         LINE#         194
  C:1AC6H         LINE#         196
  C:1AC9H         LINE#         197
  C:1ACCH         LINE#         208
  C:1ACCH         LINE#         209
  -------         ENDPROC       HOST_STOLEN_ACTION
  -------         PROC          ENSENSOR_AFTERIDCERT
  C:1631H         LINE#         216
  C:1631H         LINE#         217
  C:1631H         LINE#         218
  C:1634H         LINE#         219
  C:1634H         LINE#         221
  C:163EH         LINE#         222
  C:163EH         LINE#         223
  C:1640H         LINE#         224
  C:1642H         LINE#         225
  C:1645H         LINE#         228
  C:164DH         LINE#         229
  C:164DH         LINE#         230
  C:1650H         LINE#         231
  C:1650H         LINE#         232
  C:1652H         LINE#         234
  C:1652H         LINE#         235
  C:1652H         LINE#         236
  -------         ENDPROC       ENSENSOR_AFTERIDCERT
  -------         PROC          ENSENSOR_AFTER_CLOSE
  C:16D2H         LINE#         241
  C:16D2H         LINE#         242
  C:16D2H         LINE#         243
  C:16DBH         LINE#         244
  C:16DBH         LINE#         245
  C:16E5H         LINE#         246
  C:16E5H         LINE#         247
  C:16E7H         LINE#         248
  C:16E9H         LINE#         249
  C:16ECH         LINE#         250
  C:16EFH         LINE#         251
  C:16EFH         LINE#         252
  C:16EFH         LINE#         253
BL51 BANKED LINKER/LOCATER V6.22                                                      02/03/2016  16:50:25  PAGE 27


  -------         ENDPROC       ENSENSOR_AFTER_CLOSE
  -------         PROC          SELFLEARN_RESET
  C:15E6H         LINE#         259
  C:15E6H         LINE#         260
  C:15E6H         LINE#         261
  C:15E9H         LINE#         262
  C:15E9H         LINE#         263
  C:15F3H         LINE#         264
  C:15F3H         LINE#         265
  C:15F5H         LINE#         266
  C:15F7H         LINE#         268
  C:15FCH         LINE#         269
  C:1601H         LINE#         270
  C:1603H         LINE#         271
  C:1605H         LINE#         272
  C:1607H         LINE#         273
  C:1609H         LINE#         274
  C:160BH         LINE#         275
  C:160BH         LINE#         276
  C:160BH         LINE#         277
  -------         ENDPROC       SELFLEARN_RESET
  -------         PROC          FELL_ALARM_TO_SLAVE
  C:1879H         LINE#         283
  C:1879H         LINE#         284
  C:1879H         LINE#         285
  C:1884H         LINE#         286
  C:1884H         LINE#         287
  C:1889H         LINE#         288
  C:188EH         LINE#         289
  C:188EH         LINE#         290
  -------         ENDPROC       FELL_ALARM_TO_SLAVE
  -------         PROC          RAISE_ALARM_TO_SLAVE
  C:188FH         LINE#         296
  C:188FH         LINE#         297
  C:188FH         LINE#         298
  C:189AH         LINE#         299
  C:189AH         LINE#         300
  C:189FH         LINE#         301
  C:18A4H         LINE#         302
  C:18A4H         LINE#         303
  -------         ENDPROC       RAISE_ALARM_TO_SLAVE
  -------         PROC          BATSTOLEN_ALARM_TO_SLAVE
  C:18A5H         LINE#         309
  C:18A5H         LINE#         310
  C:18A5H         LINE#         311
  C:18B0H         LINE#         312
  C:18B0H         LINE#         313
  C:18B5H         LINE#         314
  C:18BAH         LINE#         315
  C:18BAH         LINE#         316
  -------         ENDPROC       BATSTOLEN_ALARM_TO_SLAVE
  -------         PROC          DISABLE_SENSOR_AFTER_IDCERT
  C:1AEDH         LINE#         321
  C:1AEDH         LINE#         322
  C:1AEDH         LINE#         323
  C:1AF0H         LINE#         324
  C:1AF0H         LINE#         325
BL51 BANKED LINKER/LOCATER V6.22                                                      02/03/2016  16:50:25  PAGE 28


  C:1AF2H         LINE#         327
  C:1AF5H         LINE#         328
  C:1AF5H         LINE#         329
  -------         ENDPROC       DISABLE_SENSOR_AFTER_IDCERT
  -------         PROC          RESET_AFTER_WIREBROKEN
  C:1941H         LINE#         334
  C:1941H         LINE#         335
  C:1941H         LINE#         336
  C:1944H         LINE#         337
  C:1944H         LINE#         338
  C:1946H         LINE#         339
  C:194AH         LINE#         340
  C:194CH         LINE#         341
  C:194EH         LINE#         342
  C:1950H         LINE#         343
  C:1950H         LINE#         344
  -------         ENDPROC       RESET_AFTER_WIREBROKEN
  -------         PROC          RESET_AFTER_STOLEN_ALARMING
  C:16F0H         LINE#         350
  C:16F0H         LINE#         351
  C:16F0H         LINE#         352
  C:16F3H         LINE#         353
  C:16F3H         LINE#         354
  C:16FDH         LINE#         355
  C:16FDH         LINE#         356
  C:1701H         LINE#         357
  C:1703H         LINE#         358
  C:1705H         LINE#         359
  C:1707H         LINE#         360
  C:170AH         LINE#         361
  C:170DH         LINE#         362
  C:170DH         LINE#         363
  C:170DH         LINE#         364
  -------         ENDPROC       RESET_AFTER_STOLEN_ALARMING
  -------         PROC          ENSENSOR_AFTER_SLAVE_AWAY
  C:1653H         LINE#         369
  C:1653H         LINE#         370
  C:1653H         LINE#         371
  C:165CH         LINE#         372
  C:165CH         LINE#         373
  C:1666H         LINE#         374
  C:1666H         LINE#         375
  C:1669H         LINE#         376
  C:166BH         LINE#         377
  C:166DH         LINE#         378
  C:1670H         LINE#         379
  C:1673H         LINE#         380
  C:1673H         LINE#         381
  C:1673H         LINE#         382
  -------         ENDPROC       ENSENSOR_AFTER_SLAVE_AWAY
  -------         PROC          DETECT_SELFLEARN_ACTION
  C:0E26H         LINE#         387
  C:0E26H         LINE#         388
  C:0E26H         LINE#         389
  C:0E29H         LINE#         390
  C:0E29H         LINE#         391
  C:0E2CH         LINE#         392
BL51 BANKED LINKER/LOCATER V6.22                                                      02/03/2016  16:50:25  PAGE 29


  C:0E2CH         LINE#         393
  C:0E37H         LINE#         394
  C:0E42H         LINE#         395
  C:0E42H         LINE#         396
  C:0E49H         LINE#         397
  C:0E4DH         LINE#         398
  C:0E4FH         LINE#         399
  C:0E4FH         LINE#         400
  C:0E51H         LINE#         402
  C:0E51H         LINE#         403
  C:0E5DH         LINE#         404
  C:0E5DH         LINE#         405
  C:0E61H         LINE#         406
  C:0E66H         LINE#         407
  C:0E66H         LINE#         408
  C:0E66H         LINE#         410
  C:0E6EH         LINE#         411
  C:0E6EH         LINE#         412
  C:0E70H         LINE#         413
  C:0E72H         LINE#         414
  C:0E75H         LINE#         415
  C:0E75H         LINE#         416
  C:0E75H         LINE#         418
  C:0E78H         LINE#         419
  C:0E78H         LINE#         420
  C:0E7AH         LINE#         421
  C:0E7CH         LINE#         422
  C:0E7EH         LINE#         424
  C:0E81H         LINE#         426
  C:0E84H         LINE#         431
  C:0E84H         LINE#         432
  -------         ENDPROC       DETECT_SELFLEARN_ACTION
  -------         PROC          DETECT_OPEN_ACTION
  C:1476H         LINE#         437
  C:1476H         LINE#         438
  C:1476H         LINE#         440
  C:1481H         LINE#         441
  C:1481H         LINE#         442
  C:1484H         LINE#         443
  C:1489H         LINE#         444
  C:148BH         LINE#         446
  C:148FH         LINE#         447
  C:1491H         LINE#         448
  C:1494H         LINE#         449
  C:1496H         LINE#         450
  C:1499H         LINE#         451
  C:149CH         LINE#         453
  C:149EH         LINE#         455
  C:14A0H         LINE#         456
  C:14A6H         LINE#         457
  C:14A6H         LINE#         458
  -------         ENDPROC       DETECT_OPEN_ACTION
  -------         PROC          DETECT_CLOSE_ACTION
  C:0F35H         LINE#         463
  C:0F35H         LINE#         464
  C:0F35H         LINE#         465
  C:0F45H         LINE#         466
BL51 BANKED LINKER/LOCATER V6.22                                                      02/03/2016  16:50:25  PAGE 30


  C:0F45H         LINE#         467
  C:0F4BH         LINE#         468
  C:0F4BH         LINE#         469
  C:0F56H         LINE#         470
  C:0F61H         LINE#         471
  C:0F61H         LINE#         472
  C:0F6AH         LINE#         473
  C:0F6AH         LINE#         474
  C:0F6DH         LINE#         476
  C:0F71H         LINE#         477
  C:0F74H         LINE#         478
  C:0F76H         LINE#         479
  C:0F78H         LINE#         481
  C:0F7BH         LINE#         482
  C:0F7BH         LINE#         483
  C:0F7BH         LINE#         484
  C:0F7BH         LINE#         485
  C:0F7DH         LINE#         486
  C:0F80H         LINE#         487
  C:0F86H         LINE#         488
  -------         ENDPROC       DETECT_CLOSE_ACTION
  -------         PROC          DETECT_VIBRATION
  C:0C83H         LINE#         493
  C:0C83H         LINE#         494
  C:0C83H         LINE#         495
  C:0C8CH         LINE#         496
  C:0C8CH         LINE#         497
  C:0C96H         LINE#         498
  C:0C96H         LINE#         499
  C:0C98H         LINE#         500
  C:0C9AH         LINE#         501
  C:0C9FH         LINE#         503
  C:0CA1H         LINE#         504
  C:0CA6H         LINE#         506
  C:0CABH         LINE#         507
  C:0CABH         LINE#         508
  C:0CADH         LINE#         510
  C:0CB1H         LINE#         512
  C:0CB4H         LINE#         513
  C:0CB4H         LINE#         514
  C:0CCBH         LINE#         515
  C:0CCBH         LINE#         516
  C:0CCDH         LINE#         517
  C:0CD1H         LINE#         518
  C:0CD1H         LINE#         519
  C:0CD1H         LINE#         521
  C:0CD4H         LINE#         522
  C:0CD4H         LINE#         523
  C:0CEBH         LINE#         524
  C:0CEBH         LINE#         525
  C:0CEDH         LINE#         526
  C:0CF1H         LINE#         527
  C:0CF1H         LINE#         528
  C:0CF1H         LINE#         529
  -------         ENDPROC       DETECT_VIBRATION
  -------         PROC          DETECT_WHEEL_MOVING
  C:14A7H         LINE#         534
BL51 BANKED LINKER/LOCATER V6.22                                                      02/03/2016  16:50:25  PAGE 31


  C:14A7H         LINE#         535
  C:14A7H         LINE#         536
  C:14AAH         LINE#         537
  C:14AAH         LINE#         538
  C:14ACH         LINE#         539
  C:14B2H         LINE#         541
  C:14B7H         LINE#         542
  C:14B7H         LINE#         543
  C:14BAH         LINE#         544
  C:14BAH         LINE#         545
  C:14D1H         LINE#         546
  C:14D1H         LINE#         547
  C:14D3H         LINE#         548
  C:14D7H         LINE#         549
  C:14D7H         LINE#         550
  C:14D7H         LINE#         551
  -------         ENDPROC       DETECT_WHEEL_MOVING
  -------         ENDMOD        OPERATION

  -------         MODULE        OTHER
  C:0000H         SYMBOL        _ICE_DUMMY_
  D:0080H         PUBLIC        P0
  D:0090H         PUBLIC        P1
  D:00A0H         PUBLIC        P2
  D:00B0H         PUBLIC        P3
  D:00A8H         PUBLIC        IE
  C:1A9AH         PUBLIC        _magnet_ACW_Taili
  B:00A0H.4       PUBLIC        Moto_EN
  D:00B8H         PUBLIC        IP
  D:00D8H         PUBLIC        WDCON0
  D:0098H         PUBLIC        SCON
  D:0088H         PUBLIC        TCON
  C:0003H         PUBLIC        Moto_Vibration
  C:1A8CH         PUBLIC        _magnet_ACW
  C:1ACDH         PUBLIC        Enable_sensor
  C:1509H         PUBLIC        _magnet_CW_Taili
  D:00E8H         PUBLIC        EIE
  C:1171H         PUBLIC        disable_sensor
  B:00A0H.2       PUBLIC        MagentControl_1
  B:00A0H.3       PUBLIC        MagentControl_2
  D:00F8H         PUBLIC        ADCCON0
  D:00C0H         PUBLIC        I2CON
  D:00C8H         PUBLIC        T2CON
  C:14D8H         PUBLIC        _magnet_CW
  D:00D0H         PUBLIC        PSW
  B:0080H.5       PUBLIC        Externalmotor
  -------         PROC          _MAGNET_CW
  X:0038H         SYMBOL        x
  X:003AH         SYMBOL        y
  D:0003H         SYMBOL        z
  C:14D8H         LINE#         44
  C:14E5H         LINE#         45
  C:14E5H         LINE#         47
  C:14EEH         LINE#         49
  C:14F0H         LINE#         50
  C:14F2H         LINE#         51
  C:1502H         LINE#         52
BL51 BANKED LINKER/LOCATER V6.22                                                      02/03/2016  16:50:25  PAGE 32


  C:1504H         LINE#         53
  C:1506H         LINE#         54
  C:1508H         LINE#         55
  -------         ENDPROC       _MAGNET_CW
  -------         PROC          _MAGNET_CW_TAILI
  X:003CH         SYMBOL        x
  X:003EH         SYMBOL        y
  D:0003H         SYMBOL        z
  C:1509H         LINE#         61
  C:1516H         LINE#         62
  C:1516H         LINE#         64
  C:151FH         LINE#         66
  C:1521H         LINE#         67
  C:1523H         LINE#         68
  C:1533H         LINE#         69
  C:1535H         LINE#         70
  C:1537H         LINE#         71
  C:1539H         LINE#         72
  -------         ENDPROC       _MAGNET_CW_TAILI
  -------         PROC          _MAGNET_ACW
  D:0006H         SYMBOL        x
  D:0004H         SYMBOL        y
  C:1A8CH         LINE#         78
  C:1A8CH         LINE#         79
  C:1A8CH         LINE#         80
  C:1A8EH         LINE#         81
  C:1A90H         LINE#         82
  C:1A92H         LINE#         83
  C:1A95H         LINE#         84
  C:1A97H         LINE#         85
  C:1A99H         LINE#         86
  -------         ENDPROC       _MAGNET_ACW
  -------         PROC          _MAGNET_ACW_TAILI
  D:0006H         SYMBOL        x
  D:0004H         SYMBOL        y
  C:1A9AH         LINE#         92
  C:1A9AH         LINE#         93
  C:1A9AH         LINE#         94
  C:1A9CH         LINE#         95
  C:1A9EH         LINE#         96
  C:1AA0H         LINE#         97
  C:1AA3H         LINE#         98
  C:1AA5H         LINE#         99
  C:1AA7H         LINE#         100
  -------         ENDPROC       _MAGNET_ACW_TAILI
  -------         PROC          DISABLE_SENSOR
  C:1171H         LINE#         106
  C:1171H         LINE#         107
  C:1171H         LINE#         109
  C:1173H         LINE#         110
  C:1175H         LINE#         112
  C:1177H         LINE#         113
  C:1179H         LINE#         114
  C:117DH         LINE#         115
  C:1180H         LINE#         116
  C:1183H         LINE#         117
  C:1188H         LINE#         118
[...]
  B:0021H.6       PUBLIC        IDkey_selflearn_flag1
  B:0021H.7       PUBLIC        IDkey_selflearn_flag2
  B:0022H.0       PUBLIC        IDkey_selflearn_flag3
  X:006EH         PUBLIC        IDkey_selflearn_LVcount
  X:0070H         PUBLIC        wire_broken_count
  B:0022H.1       PUBLIC        IDkey_selflearn_flag4
  D:00D8H         PUBLIC        WDCON0
  B:0022H.2       PUBLIC        slave_nearby_actioned_flag
  B:0022H.3       PUBLIC        IDkey_selflearn_flag5
  X:0071H         PUBLIC        ADC_check_result
  X:0073H         PUBLIC        sensor_2ndstage_time
  X:0075H         PUBLIC        sensor_3rdstage_count
  X:0076H         PUBLIC        ID_selflearning_timecount
  X:0077H         PUBLIC        one_receive_byte_count
  B:0022H.4       PUBLIC        ID_speeched_flag
  D:0099H         PUBLIC        SBUF
  X:0078H         PUBLIC        sensor_3rdstage_time
  D:0098H         PUBLIC        SCON
  D:0088H         PUBLIC        TCON
BL51 BANKED LINKER/LOCATER V6.22                                                      02/03/2016  16:50:25  PAGE 53


  B:0090H.6       PUBLIC        Generator_lock
  C:3004H         PUBLIC        IDkey10
  C:3005H         PUBLIC        IDkey11
  X:007AH         PUBLIC        sensor_1ststage_count
  B:00A0H.6       PUBLIC        the3rd_sendor
  B:0022H.5       PUBLIC        IDkey_flash_EN
  X:007BH         PUBLIC        ID_certificated_numbers
  X:007CH         PUBLIC        raise_wire_time
  B:00A0H.7       PUBLIC        transmiter_EN
  B:0022H.6       PUBLIC        Host_stolen_alarming
  D:008CH         PUBLIC        TH0
  B:0022H.7       PUBLIC        flashing_flag
  B:0080H.7       PUBLIC        horizontal_sensor
  D:008AH         PUBLIC        TL0
  B:0023H.0       PUBLIC        vibration_flag
  X:007DH         PUBLIC        fell_wire_time
  B:0023H.1       PUBLIC        host_stolen_alarm2_EN
  X:007EH         PUBLIC        After_IDcert_timecount
  D:00E8H         PUBLIC        EIE
  C:0026H         PUBLIC        timer0
  B:0080H.4       PUBLIC        raised_sensor_detect
  B:0023H.2       PUBLIC        ID_certificated_flag
  D:00F8H         PUBLIC        ADCCON0
  D:00C0H         PUBLIC        I2CON
  B:0023H.3       PUBLIC        wheeled_flag
  B:0023H.4       PUBLIC        EN_host_stolen_alarming
  B:0023H.5       PUBLIC        Check_Motobattery_flag
  X:007FH         PUBLIC        vibration_count
  X:0081H         PUBLIC        timer0_count
  X:0083H         PUBLIC        sensor_3rdstage_effcount
  D:00C8H         PUBLIC        T2CON
  X:0084H         PUBLIC        enable_sensor_delay_count
  X:0085H         PUBLIC        host_stolen_alarm1_count
  X:0086H         PUBLIC        host_stolen_alarm2_count
  X:0087H         PUBLIC        sensor_3rdstage_interval
  B:0023H.6       PUBLIC        ID_selflearning_flag
  B:0023H.7       PUBLIC        battery_stolen_EN
  B:0024H.0       PUBLIC        position_sensor_EN
  C:057AH         PUBLIC        uart_isr
  B:0024H.1       PUBLIC        Autolock_G
  X:0089H         PUBLIC        wheeled_count
  X:008BH         PUBLIC        raised_fell_number
  B:0024H.2       PUBLIC        never_alarm_speech
  X:008DH         PUBLIC        Check_Motobattery_count
  B:0024H.3       PUBLIC        Battery_hint_flag
  X:008EH         PUBLIC        Open_action_flag
  X:008FH         PUBLIC        receive_HV_count
  X:0090H         PUBLIC        receive_LV_count
  B:0024H.4       PUBLIC        raised_flag
  X:0091H         PUBLIC        raised_alarm_count
  D:00D0H         PUBLIC        PSW
  B:0080H.0       PUBLIC        sensor_detect
  X:0092H         PUBLIC        Stolen_alarm_reset_count
  B:0080H.5       PUBLIC        Externalmotor
  -------         PROC          MAIN
  C:15BFH         LINE#         134
  C:15BFH         LINE#         135
BL51 BANKED LINKER/LOCATER V6.22                                                      02/03/2016  16:50:25  PAGE 54


  C:15BFH         LINE#         136
  C:15C2H         LINE#         139
  C:15C5H         LINE#         141
  C:15CCH         LINE#         143
  C:15CFH         LINE#         145
  C:15D2H         LINE#         147
  C:15D4H         LINE#         150
  C:15D7H         LINE#         151
  C:15DAH         LINE#         153
  C:15DDH         LINE#         154
  C:15E0H         LINE#         156
  C:15E2H         LINE#         157
  C:15E4H         LINE#         159
  C:15E4H         LINE#         160
  C:15E4H         LINE#         161
  -------         ENDPROC       MAIN
  -------         PROC          TIMER0
  C:0026H         LINE#         169
  C:0043H         LINE#         172
  C:0048H         LINE#         173
  C:004DH         LINE#         176
  C:0064H         LINE#         177
  C:0064H         LINE#         179
  C:0068H         LINE#         196
  C:0082H         LINE#         197
  C:0082H         LINE#         198
  C:0084H         LINE#         199
  C:0084H         LINE#         202
  C:0087H         LINE#         203
  C:0087H         LINE#         205
  C:008AH         LINE#         206
  C:008AH         LINE#         207
  C:008CH         LINE#         208
  C:008EH         LINE#         209
  C:0092H         LINE#         210
  C:0094H         LINE#         211
  C:0096H         LINE#         212
  C:009CH         LINE#         213
  C:009CH         LINE#         214
  C:009EH         LINE#         215
  C:00A0H         LINE#         216
  C:00A3H         LINE#         217
  C:00A3H         LINE#         218
  C:00A3H         LINE#         222
  C:00A6H         LINE#         223
  C:00A9H         LINE#         227
  C:00ACH         LINE#         235
  C:00AFH         LINE#         243
  C:00B2H         LINE#         246
  C:00B5H         LINE#         248
  C:00B8H         LINE#         249
  C:00BBH         LINE#         250
  C:00BEH         LINE#         251
  C:00BEH         LINE#         254
  C:00C1H         LINE#         257
  C:00C4H         LINE#         258
  C:00C7H         LINE#         259
BL51 BANKED LINKER/LOCATER V6.22                                                      02/03/2016  16:50:25  PAGE 55


  C:00CAH         LINE#         261
  C:00CDH         LINE#         262
  C:00D0H         LINE#         264
  C:00D3H         LINE#         265
  C:00D3H         LINE#         266
  C:00D5H         LINE#         267
  C:00D8H         LINE#         268
  C:00D8H         LINE#         274
  C:00DDH         LINE#         275
  C:00DDH         LINE#         277
  C:00EEH         LINE#         278
  C:00EEH         LINE#         280
  C:00EEH         LINE#         281
  C:00EEH         LINE#         284
  C:0100H         LINE#         285
  C:0100H         LINE#         287
  C:010CH         LINE#         288
  C:010CH         LINE#         289
  C:010EH         LINE#         292
  C:0112H         LINE#         295
  C:0115H         LINE#         300
  C:0115H         LINE#         301
  C:0117H         LINE#         303
  C:0117H         LINE#         305
  C:011BH         LINE#         306
  C:011BH         LINE#         307
  C:011BH         LINE#         308
  C:011DH         LINE#         311
  C:011DH         LINE#         312
  C:011DH         LINE#         313
  C:0126H         LINE#         314
  C:0126H         LINE#         316
  C:0130H         LINE#         317
  C:0130H         LINE#         318
  C:0132H         LINE#         319
  C:0137H         LINE#         321
  C:013AH         LINE#         323
  C:013AH         LINE#         324
  C:013CH         LINE#         326
  C:013CH         LINE#         327
  C:0140H         LINE#         328
  C:0140H         LINE#         331
  C:0157H         LINE#         332
  C:0157H         LINE#         333
  C:015BH         LINE#         334
  C:015EH         LINE#         335
  C:0161H         LINE#         336
  C:0166H         LINE#         337
  C:0166H         LINE#         338
  C:0166H         LINE#         339
  C:0168H         LINE#         342
  C:0168H         LINE#         343
  C:0168H         LINE#         344
  C:0171H         LINE#         345
  C:0171H         LINE#         347
  C:017BH         LINE#         348
  C:017BH         LINE#         349
BL51 BANKED LINKER/LOCATER V6.22                                                      02/03/2016  16:50:25  PAGE 56


  C:017DH         LINE#         351
  C:017FH         LINE#         352
  C:0181H         LINE#         353
  C:0183H         LINE#         354
  C:0186H         LINE#         355
  C:0186H         LINE#         356
  C:0188H         LINE#         358
  C:0188H         LINE#         359
  C:018CH         LINE#         360
  C:018CH         LINE#         363
  C:01A3H         LINE#         364
  C:01A3H         LINE#         365
  C:01A7H         LINE#         366
  C:01AAH         LINE#         367
  C:01ADH         LINE#         368
  C:01B2H         LINE#         369
  C:01B7H         LINE#         370
  C:01BAH         LINE#         371
  C:01BAH         LINE#         372
  C:01BAH         LINE#         373
  C:01BAH         LINE#         374
  C:01BAH         LINE#         377
  C:01C2H         LINE#         378
  C:01C2H         LINE#         379
  C:01C4H         LINE#         380
  C:01C6H         LINE#         382
  C:01C8H         LINE#         383
  C:01C8H         LINE#         387
  C:01CBH         LINE#         388
  C:01CBH         LINE#         390
  C:01CEH         LINE#         391
  C:01CEH         LINE#         393
  C:01D6H         LINE#         394
  C:01D6H         LINE#         396
  C:01D8H         LINE#         397
  C:01DAH         LINE#         399
  C:01DDH         LINE#         400
  C:01DDH         LINE#         402
  C:01DFH         LINE#         403
  C:01DFH         LINE#         404
  C:01DFH         LINE#         405
  C:01E1H         LINE#         407
  C:01E1H         LINE#         408
  C:01E3H         LINE#         409
  C:01E7H         LINE#         410
  C:01EAH         LINE#         411
  C:01ECH         LINE#         412
  C:01ECH         LINE#         414
  C:01EFH         LINE#         415
  C:01EFH         LINE#         417
  C:01F7H         LINE#         418
  C:01F7H         LINE#         420
  C:01F9H         LINE#         421
  C:01FBH         LINE#         423
  C:01FEH         LINE#         424
  C:01FEH         LINE#         425
  C:0200H         LINE#         426
BL51 BANKED LINKER/LOCATER V6.22                                                      02/03/2016  16:50:25  PAGE 57


  C:0200H         LINE#         427
  C:0200H         LINE#         428
  C:0202H         LINE#         430
  C:0202H         LINE#         431
  C:0204H         LINE#         432
  C:0208H         LINE#         433
  C:020BH         LINE#         434
  C:020DH         LINE#         435
  C:020DH         LINE#         436
  C:020DH         LINE#         439
  C:0210H         LINE#         440
  C:0210H         LINE#         441
  C:0227H         LINE#         442
  C:0227H         LINE#         443
  C:0229H         LINE#         444
  C:022DH         LINE#         445
  C:022FH         LINE#         447
  C:0232H         LINE#         448
  C:0235H         LINE#         449
  C:0238H         LINE#         450
  C:023DH         LINE#         451
  C:0242H         LINE#         452
  C:024BH         LINE#         453
  C:024FH         LINE#         454
  C:0252H         LINE#         455
  C:0252H         LINE#         456
  C:0252H         LINE#         457
  -------         ENDPROC       TIMER0
  -------         PROC          UART_ISR
  C:057AH         LINE#         462
  C:0597H         LINE#         464
  C:059CH         LINE#         465
  C:059CH         LINE#         466
  C:059EH         LINE#         467
  C:05A8H         LINE#         471
  C:05ADH         LINE#         472
  C:05ADH         LINE#         474
  C:05BBH         LINE#         475
  C:05BBH         LINE#         476
  C:05C0H         LINE#         477
  C:05C2H         LINE#         478
  C:05D4H         LINE#         479
  C:05D4H         LINE#         480
  C:05D9H         LINE#         481
  C:05DBH         LINE#         482
  C:05EEH         LINE#         483
  C:05EEH         LINE#         484
  C:05F3H         LINE#         485
  C:05F5H         LINE#         486
  C:0605H         LINE#         487
  C:0605H         LINE#         488
  C:060AH         LINE#         489
  C:060CH         LINE#         490
  C:061EH         LINE#         491
  C:061EH         LINE#         492
  C:0623H         LINE#         493
  C:0625H         LINE#         495
BL51 BANKED LINKER/LOCATER V6.22                                                      02/03/2016  16:50:25  PAGE 58


  C:0637H         LINE#         496
  C:0637H         LINE#         497
  C:063AH         LINE#         498
  C:063CH         LINE#         499
  C:063FH         LINE#         500
  C:0641H         LINE#         502
  C:0644H         LINE#         504
  C:0650H         LINE#         505
  C:0650H         LINE#         506
  C:0652H         LINE#         507
  C:0652H         LINE#         508
  C:065CH         LINE#         509
  C:065CH         LINE#         510
  C:065EH         LINE#         511
  C:0660H         LINE#         512
  C:0662H         LINE#         513
  C:0664H         LINE#         514
  C:0664H         LINE#         515
  C:0666H         LINE#         525
  C:0666H         LINE#         526
  C:066AH         LINE#         527
  C:066AH         LINE#         560
  C:066CH         LINE#         562
  C:066CH         LINE#         564
  C:0676H         LINE#         565
  C:0676H         LINE#         566
  C:0678H         LINE#         567
  C:067AH         LINE#         568
  C:067AH         LINE#         607
  C:067AH         LINE#         608
  C:067AH         LINE#         609
  -------         ENDPROC       UART_ISR
  -------         ENDMOD        MAIN

  -------         MODULE        ?C?CLDPTR
  C:0403H         PUBLIC        ?C?CLDPTR
  -------         ENDMOD        ?C?CLDPTR

  -------         MODULE        ?C?LMUL
  C:041CH         PUBLIC        ?C?LMUL
  -------         ENDMOD        ?C?LMUL

  -------         MODULE        ?C?ULDIV
  C:04A7H         PUBLIC        ?C?ULDIV
  -------         ENDMOD        ?C?ULDIV

  -------         MODULE        ?C?LNEG
  C:0539H         PUBLIC        ?C?LNEG
  -------         ENDMOD        ?C?LNEG

  -------         MODULE        ?C?ICALL
  C:0547H         PUBLIC        ?C?ICALL
  C:054BH         PUBLIC        ?C?ICALL2
  -------         ENDMOD        ?C?ICALL

  -------         MODULE        ?C?LIMUL
  C:054DH         PUBLIC        ?C?LIMUL
BL51 BANKED LINKER/LOCATER V6.22                                                      02/03/2016  16:50:25  PAGE 59


  -------         ENDMOD        ?C?LIMUL

*** WARNING L16: UNCALLED SEGMENT, IGNORED FOR OVERLAY PROCESS
    SEGMENT: ?PR?_COMMODE_DATA?COMMUNICATION

*** WARNING L16: UNCALLED SEGMENT, IGNORED FOR OVERLAY PROCESS
    SEGMENT: ?PR?_COMMODE_DATA_WX?COMMUNICATION

*** WARNING L16: UNCALLED SEGMENT, IGNORED FOR OVERLAY PROCESS
    SEGMENT: ?PR?_UART_SEND_DATA_F?COMMUNICATION

*** WARNING L16: UNCALLED SEGMENT, IGNORED FOR OVERLAY PROCESS
    SEGMENT: ?PR?_UART_SEND_DATA_F2?COMMUNICATION

*** WARNING L16: UNCALLED SEGMENT, IGNORED FOR OVERLAY PROCESS
    SEGMENT: ?PR?_UART_SEND_DATA_F3?COMMUNICATION

*** WARNING L16: UNCALLED SEGMENT, IGNORED FOR OVERLAY PROCESS
    SEGMENT: ?PR?UART_SEND_DATA_MATCH?COMMUNICATION

*** WARNING L16: UNCALLED SEGMENT, IGNORED FOR OVERLAY PROCESS
    SEGMENT: ?PR?UART_SEND_DATA_MATCH_F?COMMUNICATION

*** WARNING L16: UNCALLED SEGMENT, IGNORED FOR OVERLAY PROCESS
    SEGMENT: ?PR?RECEIVE_BYTE?COMMUNICATION

*** WARNING L16: UNCALLED SEGMENT, IGNORED FOR OVERLAY PROCESS
    SEGMENT: ?PR?RECEIVE_BYTE_LOCK?COMMUNICATION

*** WARNING L16: UNCALLED SEGMENT, IGNORED FOR OVERLAY PROCESS
    SEGMENT: ?PR?RECEIVE_WORD?COMMUNICATION

*** WARNING L16: UNCALLED SEGMENT, IGNORED FOR OVERLAY PROCESS
    SEGMENT: ?PR?_UART_SEND_DATA_BROADTEST?COMMUNICATION

*** WARNING L16: UNCALLED SEGMENT, IGNORED FOR OVERLAY PROCESS
    SEGMENT: ?PR?_DELAY_MS?DELAY

*** WARNING L16: UNCALLED SEGMENT, IGNORED FOR OVERLAY PROCESS
    SEGMENT: ?PR?FELL_ALARM_TO_SLAVE?OPERATION

*** WARNING L16: UNCALLED SEGMENT, IGNORED FOR OVERLAY PROCESS
    SEGMENT: ?PR?RAISE_ALARM_TO_SLAVE?OPERATION

*** WARNING L16: UNCALLED SEGMENT, IGNORED FOR OVERLAY PROCESS
    SEGMENT: ?PR?BATSTOLEN_ALARM_TO_SLAVE?OPERATION

*** WARNING L16: UNCALLED SEGMENT, IGNORED FOR OVERLAY PROCESS
    SEGMENT: ?PR?ENSENSOR_AFTER_SLAVE_AWAY?OPERATION

*** WARNING L16: UNCALLED SEGMENT, IGNORED FOR OVERLAY PROCESS
    SEGMENT: ?PR?_MAGNET_CW?OTHER

*** WARNING L16: UNCALLED SEGMENT, IGNORED FOR OVERLAY PROCESS
    SEGMENT: ?PR?_MAGNET_CW_TAILI?OTHER

*** WARNING L16: UNCALLED SEGMENT, IGNORED FOR OVERLAY PROCESS
BL51 BANKED LINKER/LOCATER V6.22                                                      02/03/2016  16:50:25  PAGE 60


    SEGMENT: ?PR?_MAGNET_ACW?OTHER

*** WARNING L16: UNCALLED SEGMENT, IGNORED FOR OVERLAY PROCESS
    SEGMENT: ?PR?_MAGNET_ACW_TAILI?OTHER

*** WARNING L16: UNCALLED SEGMENT, IGNORED FOR OVERLAY PROCESS
    SEGMENT: ?PR?MOTO_VIBRATION?OTHER

*** WARNING L16: UNCALLED SEGMENT, IGNORED FOR OVERLAY PROCESS
    SEGMENT: ?PR?MYPWM?PWM

*** WARNING L16: UNCALLED SEGMENT, IGNORED FOR OVERLAY PROCESS
    SEGMENT: ?PR?_INITTIMER?TIMER

*** WARNING L16: UNCALLED SEGMENT, IGNORED FOR OVERLAY PROCESS
    SEGMENT: ?PR?HSCH_START?TIMER

*** WARNING L16: UNCALLED SEGMENT, IGNORED FOR OVERLAY PROCESS
    SEGMENT: ?PR?SEOS_GO_TO_SLEEP?TIMER

*** WARNING L16: UNCALLED SEGMENT, IGNORED FOR OVERLAY PROCESS
    SEGMENT: ?PR?BATTERY_STOLEN_SPEECH?VOICE

*** WARNING L16: UNCALLED SEGMENT, IGNORED FOR OVERLAY PROCESS
    SEGMENT: ?PR?CUTTING_WIRE_VOICE?VOICE

*** WARNING L16: UNCALLED SEGMENT, IGNORED FOR OVERLAY PROCESS
    SEGMENT: ?PR?PRODUCT_TEST_VOICE?VOICE

*** WARNING L16: UNCALLED SEGMENT, IGNORED FOR OVERLAY PROCESS
    SEGMENT: ?PR?BATTERY_LOW_ALARM_SPEECH?VOICE

*** WARNING L16: UNCALLED SEGMENT, IGNORED FOR OVERLAY PROCESS
    SEGMENT: ?PR?BATTERY_HIGH_ALARM_SPEECH?VOICE

*** WARNING L16: UNCALLED SEGMENT, IGNORED FOR OVERLAY PROCESS
    SEGMENT: ?PR?ALARM_STOLEN_SPEECH?VOICE

*** WARNING L16: UNCALLED SEGMENT, IGNORED FOR OVERLAY PROCESS
    SEGMENT: ?PR?ALARM_RAISED_SPEECH?VOICE

*** WARNING L16: UNCALLED SEGMENT, IGNORED FOR OVERLAY PROCESS
    SEGMENT: ?PR?ALARM_FELL_SPEECH?VOICE

*** WARNING L16: UNCALLED SEGMENT, IGNORED FOR OVERLAY PROCESS
    SEGMENT: ?PR?HOST_BATTERY_HIGH_ALARM_SPEECH?VOICE

*** WARNING L16: UNCALLED SEGMENT, IGNORED FOR OVERLAY PROCESS
    SEGMENT: ?PR?BATTERY_STOLEN_SPEECH_F3?VOICE

*** WARNING L16: UNCALLED SEGMENT, IGNORED FOR OVERLAY PROCESS
    SEGMENT: ?PR?WIRE_BROKEN_SPEECH?VOICE

*** WARNING L16: UNCALLED SEGMENT, IGNORED FOR OVERLAY PROCESS
    SEGMENT: ?PR?LOCK_ROTATED_ON_SPEECH?VOICE

*** WARNING L16: UNCALLED SEGMENT, IGNORED FOR OVERLAY PROCESS
BL51 BANKED LINKER/LOCATER V6.22                                                      02/03/2016  16:50:25  PAGE 61


    SEGMENT: ?PR?LOCK_ROTATED_OFF_SPEECH?VOICE

*** WARNING L16: UNCALLED SEGMENT, IGNORED FOR OVERLAY PROCESS
    SEGMENT: ?PR?_FLASH_READ_DATA?ISP_DATAFLASH

*** WARNING L16: UNCALLED SEGMENT, IGNORED FOR OVERLAY PROCESS
    SEGMENT: ?PR?SELF_LEARN_PROGRAMMING_F?ISP_DATAFLASH

*** WARNING L16: UNCALLED SEGMENT, IGNORED FOR OVERLAY PROCESS
    SEGMENT: ?PR?ELECMOTOR_TEST?ELECMOTOR

*** WARNING L16: UNCALLED SEGMENT, IGNORED FOR OVERLAY PROCESS
    SEGMENT: ?PR?HSCH_DISPATCH_TASKS?SCHEDULAR

*** WARNING L16: UNCALLED SEGMENT, IGNORED FOR OVERLAY PROCESS
    SEGMENT: ?PR?_HSCH_ADD_TASK?SCHEDULAR

*** WARNING L16: UNCALLED SEGMENT, IGNORED FOR OVERLAY PROCESS
    SEGMENT: ?PR?HSCH_UPDATE?SCHEDULAR

*** WARNING L15: MULTIPLE CALL TO SEGMENT
    SEGMENT: ?PR?_SC_SPEECH?VOICE
    CALLER1: ?PR?TIMER0?MAIN
    CALLER2: ?PR?UART_ISR?MAIN

Program Size: data=54.3 xdata=155 code=6963
LINK/LOCATE RUN COMPLETE.  45 WARNING(S),  0 ERROR(S)
