BL51 BANKED LINKER/LOCATER V6.22                                                        07/02/2015  15:44:19  PAGE 1


BL51 BANKED LINKER/LOCATER V6.22, INVOKED BY:
D:\PROGRAM FILES (X86)\KEIL_V5\C51\BIN\BL51.EXE .\AD.obj, .\Battery.obj, .\communication.obj, .\Delay.obj, .\operation.o
>> bj, .\Other.obj, .\pwm.obj, .\Timer.obj, .\UART.obj, .\voice.obj, .\ISP_DataFlash.obj, .\ElecMotor.obj, .\Schedular.o
>> bj, Main.obj TO DDC-Z RAMSIZE (256)


MEMORY MODEL: COMPACT


INPUT MODULES INCLUDED:
  .\AD.obj (AD)
  .\Battery.obj (BATTERY)
  .\communication.obj (COMMUNICATION)
  .\Delay.obj (DELAY)
  .\operation.obj (OPERATION)
  .\Other.obj (OTHER)
  .\pwm.obj (PWM)
  .\Timer.obj (TIMER)
  .\UART.obj (UART)
  .\voice.obj (VOICE)
  .\ISP_DataFlash.obj (ISP_DATAFLASH)
  .\ElecMotor.obj (ELECMOTOR)
  .\Schedular.obj (SCHEDULAR)
  Main.obj (MAIN)
  D:\PROGRAM FILES (X86)\KEIL_V5\C51\LIB\C51C.LIB (?C_STARTUP)
  D:\PROGRAM FILES (X86)\KEIL_V5\C51\LIB\C51C.LIB (?C?CLDPTR)
  D:\PROGRAM FILES (X86)\KEIL_V5\C51\LIB\C51C.LIB (?C?LMUL)
  D:\PROGRAM FILES (X86)\KEIL_V5\C51\LIB\C51C.LIB (?C?ULDIV)
  D:\PROGRAM FILES (X86)\KEIL_V5\C51\LIB\C51C.LIB (?C?LNEG)
  D:\PROGRAM FILES (X86)\KEIL_V5\C51\LIB\C51C.LIB (?C?ICALL)
  D:\PROGRAM FILES (X86)\KEIL_V5\C51\LIB\C51C.LIB (?C?LIMUL)
  D:\PROGRAM FILES (X86)\KEIL_V5\C51\LIB\C51C.LIB (?C_INIT)


LINK MAP OF MODULE:  DDC-Z (AD)


            TYPE    BASE      LENGTH    RELOCATION   SEGMENT NAME
            -----------------------------------------------------

            * * * * * * *   D A T A   M E M O R Y   * * * * * * *
            REG     0000H     0008H     ABSOLUTE     "REG BANK 0"
                    0008H     0018H                  *** GAP ***
            BIT     0020H.0   0004H.3   UNIT         ?BI?MAIN
            BIT     0024H.3   0000H.2   UNIT         ?BI?OPERATION
            BIT     0024H.5   0000H.1   UNIT         ?BI?ELECMOTOR
            BIT     0024H.6   0000H.1   UNIT         ?BI?_HSCH_ADD_TASK?SCHEDULAR
            BIT     0024H.7   0000H.1   UNIT         _BIT_GROUP_
            DATA    0025H     0028H     UNIT         ?DT?SCHEDULAR
            IDATA   004DH     0001H     UNIT         ?STACK

            * * * * * * *  X D A T A   M E M O R Y  * * * * * * *
            XDATA   0000H     0001H     INPAGE       ?PD?BATTERY
            XDATA   0001H     0003H     INPAGE       ?PD?INITSIGNAL?COMMUNICATION
            XDATA   0004H     0003H     INPAGE       ?PD?INITSIGNAL_F?COMMUNICATION
            XDATA   0007H     0003H     INPAGE       ?PD?_SEND_DATA?COMMUNICATION
            XDATA   000AH     0003H     INPAGE       ?PD?_COMMODE_DATA?COMMUNICATION
            XDATA   000DH     0003H     INPAGE       ?PD?_COMMODE_DATA_WX?COMMUNICATION
BL51 BANKED LINKER/LOCATER V6.22                                                      07/02/2015  15:44:19  PAGE 2


            XDATA   0010H     0002H     INPAGE       ?PD?_UART_SEND_DATA?COMMUNICATION
            XDATA   0012H     0002H     INPAGE       ?PD?_UART_SEND_DATA_F?COMMUNICATION
            XDATA   0014H     0004H     INPAGE       ?PD?_SEND_CODE_TO_LOCK?COMMUNICATION
            XDATA   0018H     0004H     INPAGE       ?PD?_SEND_CODE_TO_LOCK_TAILI?COMMUNICATION
            XDATA   001CH     0007H     INPAGE       ?PD?COMMUNICATION
            XDATA   0023H     0004H     INPAGE       ?PD?_CUSTOM_DELAY?DELAY
            XDATA   0027H     0002H     INPAGE       ?PD?_MAGNET_DELAY?DELAY
            XDATA   0029H     0002H     INPAGE       ?PD?DELAY
            XDATA   002BH     0004H     INPAGE       ?PD?_MAGNET_CW?OTHER
            XDATA   002FH     0004H     INPAGE       ?PD?_MAGNET_CW_TAILI?OTHER
            XDATA   0033H     0002H     INPAGE       ?PD?PWM
            XDATA   0035H     0002H     INPAGE       ?PD?_INITTIMER?TIMER
            XDATA   0037H     0004H     INPAGE       ?PD?TIMER
            XDATA   003BH     0003H     INPAGE       ?PD?_SENDNBYTE?UART
            XDATA   003EH     0001H     INPAGE       ?PD?VOICE
            XDATA   003FH     0003H     INPAGE       ?PD?_FLASH_READ_DATA?ISP_DATAFLASH
            XDATA   0042H     0001H     INPAGE       ?PD?ELECMOTOR
            XDATA   0043H     0001H     INPAGE       ?PD?HSCH_DISPATCH_TASKS?SCHEDULAR
            XDATA   0044H     0002H     INPAGE       ?PD?_HSCH_ADD_TASK?SCHEDULAR
            XDATA   0046H     0001H     INPAGE       ?PD?HSCH_UPDATE?SCHEDULAR
            XDATA   0047H     0004H     INPAGE       ?PD?SCHEDULAR
            XDATA   004BH     0039H     INPAGE       ?PD?MAIN
            XDATA   0084H     0008H     INPAGE       _PDATA_GROUP_

            * * * * * * *   C O D E   M E M O R Y   * * * * * * *
            CODE    0000H     0003H     ABSOLUTE     
            CODE    0003H     0008H     UNIT         ?PR?MOTO_VIBRATION?OTHER
            CODE    000BH     0003H     ABSOLUTE     
            CODE    000EH     0015H     UNIT         ?PR?_FLASH_PAGE_ERASE?ISP_DATAFLASH
            CODE    0023H     0003H     ABSOLUTE     
            CODE    0026H     0237H     UNIT         ?PR?TIMER0?MAIN
            CODE    025DH     0177H     UNIT         ?C?LIB_CODE
            CODE    03D4H     0167H     UNIT         ?PR?UART_ISR?MAIN
            CODE    053BH     00EAH     UNIT         ?C_INITSEG
            CODE    0625H     00DFH     UNIT         ?PR?_VERIFYBATTERY?BATTERY
            CODE    0704H     00C5H     UNIT         ?PR?HSCH_UPDATE?SCHEDULAR
            CODE    07C9H     00A5H     UNIT         ?PR?DETECT_SELFLEARN_ACTION?OPERATION
            CODE    086EH     008CH     UNIT         ?C_C51STARTUP
            CODE    08FAH     007DH     UNIT         ?PR?_HSCH_ADD_TASK?SCHEDULAR
            CODE    0977H     0078H     UNIT         ?PR?_GETADCRESULT?AD
            CODE    09EFH     0075H     UNIT         ?PR?_INITTIMER?TIMER
            CODE    0A64H     0073H     UNIT         ?PR?_SEND_CODE_TO_LOCK?COMMUNICATION
            CODE    0AD7H     0073H     UNIT         ?PR?_SEND_CODE_TO_LOCK_TAILI?COMMUNICATION
            CODE    0B4AH     0071H     UNIT         ?PR?HSCH_DISPATCH_TASKS?SCHEDULAR
            CODE    0BBBH     006AH     UNIT         ?PR?RECEIVE_BYTE?COMMUNICATION
            CODE    0C25H     006AH     UNIT         ?PR?RECEIVE_BYTE_LOCK?COMMUNICATION
            CODE    0C8FH     0062H     UNIT         ?PR?_PWM_CHANNEL?PWM
            CODE    0CF1H     0060H     UNIT         ?PR?_SEND_DATA?COMMUNICATION
            CODE    0D51H     0057H     UNIT         ?PR?_UART_SEND_DATA?COMMUNICATION
            CODE    0DA8H     0056H     UNIT         ?PR?ELECMOTOR_CODE?ELECMOTOR
            CODE    0DFEH     0053H     UNIT         ?PR?SELF_LEARN_PROGRAMMING?ISP_DATAFLASH
            CODE    0E51H     004CH     UNIT         ?PR?_INITT0?TIMER
            CODE    0E9DH     004BH     UNIT         ?PR?_HSCH_DELETE_TASK?SCHEDULAR
            CODE    0EE8H     0048H     UNIT         ?PR?INITSIGNAL?COMMUNICATION
            CODE    0F30H     0048H     UNIT         ?PR?INITSIGNAL_F?COMMUNICATION
            CODE    0F78H     0047H     UNIT         ?PR?DISABLE_SENSOR?OTHER
            CODE    0FBFH     0045H     UNIT         ?PR?_UART_SEND_DATA_F?COMMUNICATION
BL51 BANKED LINKER/LOCATER V6.22                                                      07/02/2015  15:44:19  PAGE 3


            CODE    1004H     0043H     UNIT         ?PR?UART_SEND_DATA_MATCH?COMMUNICATION
            CODE    1047H     0041H     UNIT         ?PR?RECEIVE_WORD?COMMUNICATION
            CODE    1088H     0041H     UNIT         ?PR?SELF_LEARN_PROGRAMMING_F?ISP_DATAFLASH
            CODE    10C9H     003FH     UNIT         ?PR?_CUSTOM_DELAY?DELAY
            CODE    1108H     003EH     UNIT         ?PR?_MAGNET_DELAY?DELAY
            CODE    1146H     0036H     UNIT         ?PR?_INITUART?UART
            CODE    117CH     0036H     UNIT         ?PR?_SC_SPEECH?VOICE
            CODE    11B2H     0034H     UNIT         ?PR?_COMMODE_DATA_WX?COMMUNICATION
            CODE    11E6H     0032H     UNIT         ?PR?_COMMODE_DATA?COMMUNICATION
            CODE    1218H     0032H     UNIT         ?PR?ACCUMULATOR_VOICE_PROMOT?VOICE
            CODE    124AH     0031H     UNIT         ?PR?_MAGNET_CW?OTHER
            CODE    127BH     0031H     UNIT         ?PR?_MAGNET_CW_TAILI?OTHER
            CODE    12ACH     0030H     UNIT         ?PR?_FLASH_WRITE_DATA?ISP_DATAFLASH
            CODE    12DCH     002FH     UNIT         ?PR?DETECT_VIBRATION?OPERATION
            CODE    130BH     002EH     UNIT         ?PR?SLAVE_AWAY_OPERATION?OPERATION
            CODE    1339H     002CH     UNIT         ?PR?DETECT_WHEEL_MOVING?OPERATION
            CODE    1365H     002BH     UNIT         ?PR?DETECT_CLOSE_ACTION?OPERATION
            CODE    1390H     002BH     UNIT         ?PR?_SENDNBYTE?UART
            CODE    13BBH     0029H     UNIT         ?PR?DETECT_OPEN_ACTION?OPERATION
            CODE    13E4H     0029H     UNIT         ?PR?ELECMOTOR_TEST?ELECMOTOR
            CODE    140DH     0026H     UNIT         ?PR?SELFLEARN_RESET?OPERATION
            CODE    1433H     0024H     UNIT         ?PR?SLAVE_NEARBY_OPERATION?OPERATION
            CODE    1457H     0022H     UNIT         ?PR?ENSENSOR_AFTERIDCERT?OPERATION
            CODE    1479H     0021H     UNIT         ?PR?ENSENSOR_AFTER_SLAVE_AWAY?OPERATION
            CODE    149AH     0020H     UNIT         ?PR?_DELAY_MS?DELAY
            CODE    14BAH     001EH     UNIT         ?PR?RESET_AFTER_STOLEN_ALARMING?OPERATION
            CODE    14D8H     001EH     UNIT         ?PR?_FLASH_READ_DATA?ISP_DATAFLASH
            CODE    14F6H     001BH     UNIT         ?PR?ENSENSOR_AFTER_CLOSE?OPERATION
            CODE    1511H     001BH     UNIT         ?PR?INITVOICE?VOICE
            CODE    152CH     001AH     UNIT         ?PR?DELAY_1MS?DELAY
            CODE    1546H     001AH     UNIT         ?PR?DELAY_5MS?DELAY
            CODE    1560H     001AH     UNIT         ?PR?DELAY_10MS?DELAY
            CODE    157AH     001AH     UNIT         ?PR?DELAY_12MS?DELAY
            CODE    1594H     001AH     UNIT         ?PR?DELAY_50MS?DELAY
            CODE    15AEH     001AH     UNIT         ?PR?DELAY_100MS?DELAY
            CODE    15C8H     001AH     UNIT         ?PR?DELAY_500MS?DELAY
            CODE    15E2H     001AH     UNIT         ?PR?TRIGGER_ISP?ISP_DATAFLASH
            CODE    15FCH     0019H     UNIT         ?PR?_DELAY_US?DELAY
            CODE    1615H     0019H     UNIT         ?PR?ELECMOTOR_DELAY_CW?ELECMOTOR
            CODE    162EH     0019H     UNIT         ?PR?ELECMOTOR_DELAY_ACW?ELECMOTOR
            CODE    1647H     0018H     UNIT         ?PR?INIT_PWM?PWM
            CODE    165FH     0017H     UNIT         ?PR?_DELAY?DELAY
            CODE    1676H     0017H     UNIT         ?PR?MAIN?MAIN
            CODE    168DH     0016H     UNIT         ?PR?FELL_ALARM_TO_SLAVE?OPERATION
            CODE    16A3H     0016H     UNIT         ?PR?RAISE_ALARM_TO_SLAVE?OPERATION
            CODE    16B9H     0016H     UNIT         ?PR?BATSTOLEN_ALARM_TO_SLAVE?OPERATION
            CODE    16CFH     0014H     UNIT         ?PR?DISABLE_ISP?ISP_DATAFLASH
            CODE    16E3H     0013H     UNIT         ?PR?HOST_TOUCH_SPEECH?VOICE
            CODE    16F6H     0013H     UNIT         ?PR?STOLEN_ALARM_SPEECH2?VOICE
            CODE    1709H     0013H     UNIT         ?PR?ENABLE_ISP?ISP_DATAFLASH
            CODE    171CH     0011H     UNIT         ?PR?SELF_LEARN_SPEECH?VOICE
            CODE    172DH     0011H     UNIT         ?PR?IDCERTED_SPEECH?VOICE
            CODE    173EH     0011H     UNIT         ?PR?ELECMOTOR_CW?ELECMOTOR
            CODE    174FH     0010H     UNIT         ?PR?RESET_AFTER_WIREBROKEN?OPERATION
            CODE    175FH     000FH     UNIT         ?PR?HSCH_MANUAL_TIMER0_RELOAD?TIMER
            CODE    176EH     000FH     UNIT         ?PR?MOTORBAT_LOW_SPEECH?VOICE
            CODE    177DH     000FH     UNIT         ?PR?ID_SPEECH?VOICE
BL51 BANKED LINKER/LOCATER V6.22                                                      07/02/2015  15:44:19  PAGE 4


            CODE    178CH     000FH     UNIT         ?PR?HOST_2NDTOUCH_SPEECH?VOICE
            CODE    179BH     000FH     UNIT         ?PR?STOLEN_ALARM_SPEECH1?VOICE
            CODE    17AAH     000FH     UNIT         ?PR?OPEN_LOCK_SPEECH?VOICE
            CODE    17B9H     000FH     UNIT         ?PR?CLOSE_LOCK_SPEECH?VOICE
            CODE    17C8H     000FH     UNIT         ?PR?BATTERY_STOLEN_SPEECH?VOICE
            CODE    17D7H     000FH     UNIT         ?PR?CUTTING_WIRE_VOICE?VOICE
            CODE    17E6H     000FH     UNIT         ?PR?PRODUCT_TEST_VOICE?VOICE
            CODE    17F5H     000FH     UNIT         ?PR?BATTERY_LOW_ALARM_SPEECH?VOICE
            CODE    1804H     000FH     UNIT         ?PR?BATTERY_HIGH_ALARM_SPEECH?VOICE
            CODE    1813H     000FH     UNIT         ?PR?ALARM_STOLEN_SPEECH?VOICE
            CODE    1822H     000FH     UNIT         ?PR?ALARM_RAISED_SPEECH?VOICE
            CODE    1831H     000FH     UNIT         ?PR?ALARM_FELL_SPEECH?VOICE
            CODE    1840H     000FH     UNIT         ?PR?HOST_BATTERY_HIGH_ALARM_SPEECH?VOICE
            CODE    184FH     000FH     UNIT         ?PR?BATTERY_STOLEN_SPEECH_F3?VOICE
            CODE    185EH     000FH     UNIT         ?PR?WIRE_BROKEN_SPEECH?VOICE
            CODE    186DH     000FH     UNIT         ?PR?LOCK_ROTATED_ON_SPEECH?VOICE
            CODE    187CH     000FH     UNIT         ?PR?LOCK_ROTATED_OFF_SPEECH?VOICE
            CODE    188BH     000EH     UNIT         ?PR?_MAGNET_ACW?OTHER
            CODE    1899H     000EH     UNIT         ?PR?_MAGNET_ACW_TAILI?OTHER
            CODE    18A7H     000EH     UNIT         ?PR?ELECMOTOR_ACW?ELECMOTOR
            CODE    18B5H     000DH     UNIT         ?PR?CHECK_MOTOR_ACCUMULATOR?BATTERY
            CODE    18C2H     000CH     UNIT         ?PR?HOST_STOLEN_ACTION?OPERATION
            CODE    18CEH     000CH     UNIT         ?PR?ENABLE_SENSOR?OTHER
            CODE    18DAH     000BH     UNIT         ?PR?INITSENSOR?OPERATION
            CODE    18E5H     0009H     UNIT         ?PR?INITTRANSCEIVER?COMMUNICATION
            CODE    18EEH     0009H     UNIT         ?PR?DISABLE_SENSOR_AFTER_IDCERT?OPERATION
            CODE    18F7H     0009H     UNIT         ?PR?ENTER_NOGUARD_VOICE?VOICE
            CODE    1900H     0008H     UNIT         ?PR?MYPWM?PWM
            CODE    1908H     0008H     UNIT         ?PR?_SENDDATA?UART
            CODE    1910H     0005H     UNIT         ?PR?OPEN_TRANCEIVER?COMMUNICATION
            CODE    1915H     0004H     UNIT         ?PR?SEOS_GO_TO_SLEEP?TIMER
            CODE    1919H     0004H     UNIT         ?PR?HSCH_GO_TO_SLEEP?SCHEDULAR
            CODE    191DH     0003H     UNIT         ?PR?CLOSE_TRANCEIVER?COMMUNICATION
            CODE    1920H     0003H     UNIT         ?PR?HSCH_START?TIMER
            CODE    1923H     0003H     UNIT         ?PR?INITELECMOTOR?ELECMOTOR
            CODE    1926H     0001H     UNIT         ?PR?KEY_ROTATE_ON_SPEECH?VOICE
            CODE    1927H     0001H     UNIT         ?PR?HSCH_REPORT_STATUS?SCHEDULAR
                    1928H     16D8H                  *** GAP ***
            CODE    3000H     0001H     ABSOLUTE     
            CODE    3001H     0001H     ABSOLUTE     
            CODE    3002H     0001H     ABSOLUTE     
            CODE    3003H     0001H     ABSOLUTE     
            CODE    3004H     0001H     ABSOLUTE     
            CODE    3005H     0001H     ABSOLUTE     



OVERLAY MAP OF MODULE:   DDC-Z (AD)


SEGMENT                                             BIT_GROUP          PDATA_GROUP
  +--> CALLED SEGMENT                            START    LENGTH     START    LENGTH
------------------------------------------------------------------------------------
?PR?TIMER0?MAIN                                  -----    -----      -----    -----
  +--> ?PR?IDCERTED_SPEECH?VOICE
  +--> ?PR?CHECK_MOTOR_ACCUMULATOR?BATTERY
  +--> ?PR?ACCUMULATOR_VOICE_PROMOT?VOICE
BL51 BANKED LINKER/LOCATER V6.22                                                      07/02/2015  15:44:19  PAGE 5


  +--> ?PR?ENSENSOR_AFTER_SLAVE_AWAY?OPERATION
  +--> ?PR?ENSENSOR_AFTER_CLOSE?OPERATION
  +--> ?PR?HOST_STOLEN_ACTION?OPERATION
  +--> ?PR?DISABLE_SENSOR_AFTER_IDCERT?OPERA...
  +--> ?PR?RESET_AFTER_WIREBROKEN?OPERATION
  +--> ?PR?RESET_AFTER_STOLEN_ALARMING?OPERA...
  +--> ?PR?SELFLEARN_RESET?OPERATION
  +--> ?PR?ENTER_NOGUARD_VOICE?VOICE
  +--> ?PR?DETECT_SELFLEARN_ACTION?OPERATION
  +--> ?PR?DETECT_VIBRATION?OPERATION
  +--> ?PR?DETECT_WHEEL_MOVING?OPERATION
  +--> ?PR?DETECT_OPEN_ACTION?OPERATION
  +--> ?PR?DETECT_CLOSE_ACTION?OPERATION
  +--> ?PR?DELAY_500MS?DELAY
  +--> ?PR?HOST_TOUCH_SPEECH?VOICE
  +--> ?PR?ID_SPEECH?VOICE

?PR?IDCERTED_SPEECH?VOICE                        -----    -----      -----    -----
  +--> ?PR?ID_SPEECH?VOICE

?PR?ID_SPEECH?VOICE                              -----    -----      -----    -----
  +--> ?PR?_SC_SPEECH?VOICE
  +--> ?PR?_DELAY?DELAY

?PR?_SC_SPEECH?VOICE                             -----    -----      0088H    0002H
  +--> ?PR?DELAY_50MS?DELAY
  +--> ?PR?_DELAY_US?DELAY

?PR?CHECK_MOTOR_ACCUMULATOR?BATTERY              -----    -----      -----    -----
  +--> ?PR?_GETADCRESULT?AD

?PR?ACCUMULATOR_VOICE_PROMOT?VOICE               -----    -----      -----    -----
  +--> ?PR?_VERIFYBATTERY?BATTERY

?PR?_VERIFYBATTERY?BATTERY                       -----    -----      0084H    0002H
  +--> ?PR?_SC_SPEECH?VOICE
  +--> ?PR?_DELAY?DELAY
  +--> ?PR?MOTORBAT_LOW_SPEECH?VOICE

?PR?MOTORBAT_LOW_SPEECH?VOICE                    -----    -----      -----    -----
  +--> ?PR?_SC_SPEECH?VOICE
  +--> ?PR?_DELAY?DELAY

?PR?ENSENSOR_AFTER_SLAVE_AWAY?OPERATION          -----    -----      -----    -----
  +--> ?PR?ENABLE_SENSOR?OTHER

?PR?ENSENSOR_AFTER_CLOSE?OPERATION               -----    -----      -----    -----
  +--> ?PR?ENABLE_SENSOR?OTHER

?PR?HOST_STOLEN_ACTION?OPERATION                 -----    -----      -----    -----
  +--> ?PR?STOLEN_ALARM_SPEECH1?VOICE
  +--> ?PR?STOLEN_ALARM_SPEECH2?VOICE

?PR?STOLEN_ALARM_SPEECH1?VOICE                   -----    -----      -----    -----
  +--> ?PR?_SC_SPEECH?VOICE
  +--> ?PR?_DELAY?DELAY

BL51 BANKED LINKER/LOCATER V6.22                                                      07/02/2015  15:44:19  PAGE 6


?PR?STOLEN_ALARM_SPEECH2?VOICE                   -----    -----      -----    -----
  +--> ?PR?_SC_SPEECH?VOICE
  +--> ?PR?_DELAY?DELAY

?PR?DISABLE_SENSOR_AFTER_IDCERT?OPERA...         -----    -----      -----    -----
  +--> ?PR?DISABLE_SENSOR?OTHER

?PR?RESET_AFTER_STOLEN_ALARMING?OPERA...         -----    -----      -----    -----
  +--> ?PR?CLOSE_TRANCEIVER?COMMUNICATION

?PR?ENTER_NOGUARD_VOICE?VOICE                    -----    -----      -----    -----
  +--> ?PR?SELF_LEARN_SPEECH?VOICE

?PR?SELF_LEARN_SPEECH?VOICE                      -----    -----      -----    -----
  +--> ?PR?_SC_SPEECH?VOICE
  +--> ?PR?_DELAY?DELAY

?PR?DETECT_SELFLEARN_ACTION?OPERATION            -----    -----      -----    -----
  +--> ?PR?SELF_LEARN_SPEECH?VOICE
  +--> ?PR?SELF_LEARN_PROGRAMMING?ISP_DATAFLASH

?PR?SELF_LEARN_PROGRAMMING?ISP_DATAFLASH         -----    -----      -----    -----
  +--> ?PR?_FLASH_PAGE_ERASE?ISP_DATAFLASH
  +--> ?PR?_FLASH_WRITE_DATA?ISP_DATAFLASH

?PR?_FLASH_PAGE_ERASE?ISP_DATAFLASH              -----    -----      0084H    0002H
  +--> ?PR?ENABLE_ISP?ISP_DATAFLASH
  +--> ?PR?TRIGGER_ISP?ISP_DATAFLASH
  +--> ?PR?DISABLE_ISP?ISP_DATAFLASH

?PR?ENABLE_ISP?ISP_DATAFLASH                     -----    -----      -----    -----
  +--> ?PR?TRIGGER_ISP?ISP_DATAFLASH

?PR?DISABLE_ISP?ISP_DATAFLASH                    -----    -----      -----    -----
  +--> ?PR?TRIGGER_ISP?ISP_DATAFLASH

?PR?_FLASH_WRITE_DATA?ISP_DATAFLASH              -----    -----      0084H    0003H
  +--> ?PR?ENABLE_ISP?ISP_DATAFLASH
  +--> ?PR?TRIGGER_ISP?ISP_DATAFLASH
  +--> ?PR?DISABLE_ISP?ISP_DATAFLASH

?PR?DETECT_OPEN_ACTION?OPERATION                 -----    -----      -----    -----
  +--> ?PR?DISABLE_SENSOR?OTHER
  +--> ?PR?ELECMOTOR_CW?ELECMOTOR
  +--> ?PR?SLAVE_NEARBY_OPERATION?OPERATION

?PR?ELECMOTOR_CW?ELECMOTOR                       -----    -----      -----    -----
  +--> ?PR?ELECMOTOR_CODE?ELECMOTOR
  +--> ?PR?ELECMOTOR_DELAY_CW?ELECMOTOR

?PR?ELECMOTOR_CODE?ELECMOTOR                     -----    -----      0084H    0002H
  +--> ?PR?DELAY_12MS?DELAY
  +--> ?PR?DELAY_5MS?DELAY

?PR?ELECMOTOR_DELAY_CW?ELECMOTOR                 -----    -----      -----    -----
  +--> ?PR?DELAY_100MS?DELAY
  +--> ?PR?DELAY_500MS?DELAY
BL51 BANKED LINKER/LOCATER V6.22                                                      07/02/2015  15:44:19  PAGE 7



?PR?SLAVE_NEARBY_OPERATION?OPERATION             -----    -----      -----    -----
  +--> ?PR?OPEN_LOCK_SPEECH?VOICE
  +--> ?PR?_VERIFYBATTERY?BATTERY
  +--> ?PR?KEY_ROTATE_ON_SPEECH?VOICE

?PR?OPEN_LOCK_SPEECH?VOICE                       -----    -----      -----    -----
  +--> ?PR?_SC_SPEECH?VOICE
  +--> ?PR?_DELAY?DELAY

?PR?DETECT_CLOSE_ACTION?OPERATION                -----    -----      -----    -----
  +--> ?PR?DELAY_1MS?DELAY
  +--> ?PR?ELECMOTOR_ACW?ELECMOTOR
  +--> ?PR?SLAVE_AWAY_OPERATION?OPERATION

?PR?ELECMOTOR_ACW?ELECMOTOR                      -----    -----      -----    -----
  +--> ?PR?ELECMOTOR_DELAY_ACW?ELECMOTOR

?PR?ELECMOTOR_DELAY_ACW?ELECMOTOR                -----    -----      -----    -----
  +--> ?PR?DELAY_100MS?DELAY
  +--> ?PR?DELAY_500MS?DELAY

?PR?SLAVE_AWAY_OPERATION?OPERATION               -----    -----      -----    -----
  +--> ?PR?CLOSE_LOCK_SPEECH?VOICE
  +--> ?PR?_VERIFYBATTERY?BATTERY
  +--> ?PR?_DELAY?DELAY

?PR?CLOSE_LOCK_SPEECH?VOICE                      -----    -----      -----    -----
  +--> ?PR?_SC_SPEECH?VOICE
  +--> ?PR?_DELAY?DELAY

?PR?HOST_TOUCH_SPEECH?VOICE                      -----    -----      -----    -----
  +--> ?PR?_SC_SPEECH?VOICE
  +--> ?PR?_DELAY?DELAY

*** NEW ROOT ***************************************************

?PR?UART_ISR?MAIN                                -----    -----      -----    -----
  +--> ?PR?IDCERTED_SPEECH?VOICE
  +--> ?PR?SELF_LEARN_SPEECH?VOICE
  +--> ?PR?ID_SPEECH?VOICE

*** NEW ROOT ***************************************************

?C_C51STARTUP                                    -----    -----      -----    -----
  +--> ?PR?MAIN?MAIN
  +--> ?C_INITSEG

?PR?MAIN?MAIN                                    -----    -----      -----    -----
  +--> ?PR?INITVOICE?VOICE
  +--> ?PR?_INITUART?UART
  +--> ?PR?INITSENSOR?OPERATION
  +--> ?PR?INITTRANSCEIVER?COMMUNICATION
  +--> ?PR?INITELECMOTOR?ELECMOTOR

?PR?INITVOICE?VOICE                              -----    -----      -----    -----
  +--> ?PR?_DELAY_US?DELAY
BL51 BANKED LINKER/LOCATER V6.22                                                      07/02/2015  15:44:19  PAGE 8



?PR?_INITUART?UART                               -----    -----      -----    -----
  +--> ?PR?_INITT0?TIMER

?PR?_INITT0?TIMER                                -----    -----      008AH    0002H
  +--> ?PR?_HSCH_DELETE_TASK?SCHEDULAR
  +--> ?PR?HSCH_MANUAL_TIMER0_RELOAD?TIMER

?PR?_HSCH_DELETE_TASK?SCHEDULAR                  0024H.7  0000H.1    -----    -----

?PR?INITELECMOTOR?ELECMOTOR                      -----    -----      -----    -----
  +--> ?PR?ELECMOTOR_ACW?ELECMOTOR



SYMBOL TABLE OF MODULE:  DDC-Z (AD)

  VALUE           TYPE          NAME
  ----------------------------------

  -------         MODULE        AD
  C:0000H         SYMBOL        _ICE_DUMMY_
  D:0080H         PUBLIC        P0
  D:0090H         PUBLIC        P1
  D:00A0H         PUBLIC        P2
  D:00B0H         PUBLIC        P3
  D:00A8H         PUBLIC        IE
  D:00E2H         PUBLIC        ADCH
  B:00F8H.4       PUBLIC        ADCI
  D:00B8H         PUBLIC        IP
  B:00F8H.3       PUBLIC        ADCS
  D:00F6H         PUBLIC        P0DIDS
  D:00D8H         PUBLIC        WDCON0
  D:0098H         PUBLIC        SCON
  D:0088H         PUBLIC        TCON
  B:00F8H.0       PUBLIC        AADR0
  B:00F8H.1       PUBLIC        AADR1
  B:00F8H.2       PUBLIC        AADR2
  D:00E8H         PUBLIC        EIE
  D:00F8H         PUBLIC        ADCCON0
  D:00E1H         PUBLIC        ADCCON1
  D:00C0H         PUBLIC        I2CON
  D:00C8H         PUBLIC        T2CON
  C:0977H         PUBLIC        _GetADCResult
  D:00D0H         PUBLIC        PSW
  -------         PROC          _GETADCRESULT
  D:0007H         SYMBOL        ch
  -------         DO            
  D:0005H         SYMBOL        DataL
  D:0002H         SYMBOL        DataH
  -------         ENDDO         
  C:0977H         LINE#         17
  C:0977H         LINE#         18
  C:0977H         LINE#         19
  C:0978H         LINE#         20
  C:0979H         LINE#         22
  C:097EH         LINE#         23
BL51 BANKED LINKER/LOCATER V6.22                                                      07/02/2015  15:44:19  PAGE 9


  C:097EH         LINE#         25
  C:0981H         LINE#         27
  C:0983H         LINE#         28
  C:0985H         LINE#         29
  C:0987H         LINE#         31
  C:098AH         LINE#         33
  C:098CH         LINE#         34
  C:098EH         LINE#         36
  C:0990H         LINE#         37
  C:0997H         LINE#         39
  C:099BH         LINE#         40
  C:09ADH         LINE#         42
  C:09B1H         LINE#         43
  C:09B1H         LINE#         45
  C:09B6H         LINE#         46
  C:09B6H         LINE#         48
  C:09B9H         LINE#         51
  C:09BBH         LINE#         52
  C:09BDH         LINE#         53
  C:09BFH         LINE#         55
  C:09C2H         LINE#         57
  C:09C4H         LINE#         58
  C:09C6H         LINE#         60
  C:09C8H         LINE#         61
  C:09CFH         LINE#         63
  C:09D5H         LINE#         64
  C:09E7H         LINE#         66
  C:09EBH         LINE#         67
  C:09EBH         LINE#         69
  C:09EEH         LINE#         70
  -------         ENDPROC       _GETADCRESULT
  -------         ENDMOD        AD

  -------         MODULE        BATTERY
  C:0000H         SYMBOL        _ICE_DUMMY_
  C:18B5H         PUBLIC        Check_motor_accumulator
  D:0080H         PUBLIC        P0
  D:0090H         PUBLIC        P1
  D:00A0H         PUBLIC        P2
  D:00B0H         PUBLIC        P3
  X:0000H         PUBLIC        Check2_stage
  B:0090H.4       PUBLIC        voice_EN
  D:00A8H         PUBLIC        IE
  D:00B8H         PUBLIC        IP
  C:0625H         PUBLIC        _verifybattery
  D:00D8H         PUBLIC        WDCON0
  D:0098H         PUBLIC        SCON
  D:0088H         PUBLIC        TCON
  D:00E8H         PUBLIC        EIE
  D:00F8H         PUBLIC        ADCCON0
  D:00C0H         PUBLIC        I2CON
  D:00C8H         PUBLIC        T2CON
  D:00D0H         PUBLIC        PSW
  -------         PROC          CHECK_MOTOR_ACCUMULATOR
  C:18B5H         LINE#         22
  C:18B5H         LINE#         23
  C:18B5H         LINE#         25
BL51 BANKED LINKER/LOCATER V6.22                                                      07/02/2015  15:44:19  PAGE 10


  C:18C1H         LINE#         26
  -------         ENDPROC       CHECK_MOTOR_ACCUMULATOR
  -------         PROC          _VERIFYBATTERY
  X:0084H         SYMBOL        Check2
  C:0625H         LINE#         33
  C:062CH         LINE#         34
  C:062CH         LINE#         194
  C:0634H         LINE#         195
  C:0634H         LINE#         196
  C:0636H         LINE#         197
  C:063BH         LINE#         198
  C:063DH         LINE#         199
  C:063DH         LINE#         200
  C:0640H         LINE#         202
  C:0658H         LINE#         203
  C:0658H         LINE#         204
  C:065AH         LINE#         205
  C:065FH         LINE#         206
  C:0661H         LINE#         207
  C:0661H         LINE#         208
  C:0664H         LINE#         210
  C:067CH         LINE#         211
  C:067CH         LINE#         212
  C:067EH         LINE#         213
  C:0683H         LINE#         214
  C:0685H         LINE#         215
  C:0685H         LINE#         216
  C:0687H         LINE#         218
  C:069FH         LINE#         219
  C:069FH         LINE#         220
  C:06A1H         LINE#         221
  C:06A6H         LINE#         222
  C:06A8H         LINE#         223
  C:06A8H         LINE#         224
  C:06AAH         LINE#         226
  C:06C2H         LINE#         227
  C:06C2H         LINE#         228
  C:06C4H         LINE#         229
  C:06C9H         LINE#         230
  C:06CBH         LINE#         231
  C:06CBH         LINE#         232
  C:06CDH         LINE#         234
  C:06E5H         LINE#         235
  C:06E5H         LINE#         236
  C:06E7H         LINE#         237
  C:06ECH         LINE#         238
  C:06F1H         LINE#         239
  C:06F3H         LINE#         240
  C:06F4H         LINE#         242
  C:0700H         LINE#         243
  C:0700H         LINE#         244
  C:0703H         LINE#         245
  C:0703H         LINE#         247
  -------         ENDPROC       _VERIFYBATTERY
  -------         ENDMOD        BATTERY

  -------         MODULE        COMMUNICATION
BL51 BANKED LINKER/LOCATER V6.22                                                      07/02/2015  15:44:19  PAGE 11


  C:0000H         SYMBOL        _ICE_DUMMY_
  C:0BBBH         PUBLIC        receive_byte
  D:0080H         PUBLIC        P0
  D:0090H         PUBLIC        P1
  B:00B0H.0       PUBLIC        receive_wire
  D:00A0H         PUBLIC        P2
  D:00B0H         PUBLIC        P3
  C:11E6H         PUBLIC        _ComMode_Data
  C:0D51H         PUBLIC        _UART_Send_Data
  C:1047H         PUBLIC        receive_word
  D:00A8H         PUBLIC        IE
  C:11B2H         PUBLIC        _ComMode_Data_WX
  D:00B8H         PUBLIC        IP
  C:18E5H         PUBLIC        InitTransceiver
  B:0080H.1       PUBLIC        lock_code
  C:0FBFH         PUBLIC        _UART_Send_Data_F
  D:00D8H         PUBLIC        WDCON0
  B:0090H.0       PUBLIC        P10
  B:0090H.1       PUBLIC        P11
  C:191DH         PUBLIC        close_tranceiver
  D:0098H         PUBLIC        SCON
  D:0088H         PUBLIC        TCON
  C:0EE8H         PUBLIC        initsignal
  B:00A0H.7       PUBLIC        transmiter_EN
  B:0090H.3       PUBLIC        receiver_EN
  C:1910H         PUBLIC        open_tranceiver
  C:0AD7H         PUBLIC        _send_code_to_lock_Taili
  D:00E8H         PUBLIC        EIE
  B:00A0H.3       PUBLIC        MagentControl_2
  D:00F8H         PUBLIC        ADCCON0
  D:00C0H         PUBLIC        I2CON
  C:0F30H         PUBLIC        initsignal_F
  B:00A0H.6       PUBLIC        transmiter_power
  D:00C8H         PUBLIC        T2CON
  C:0CF1H         PUBLIC        _Send_Data
  C:0C25H         PUBLIC        receive_byte_Lock
  B:0090H.0       PUBLIC        TXD
  C:1004H         PUBLIC        UART_Send_Data_match
  C:0A64H         PUBLIC        _send_code_to_lock
  D:00D0H         PUBLIC        PSW
  X:001CH         PUBLIC        myTxRxData
  -------         PROC          INITTRANSCEIVER
  C:18E5H         LINE#         38
  C:18E5H         LINE#         39
  C:18E5H         LINE#         40
  C:18E7H         LINE#         41
  C:18E9H         LINE#         42
  C:18EBH         LINE#         43
  C:18EDH         LINE#         44
  -------         ENDPROC       INITTRANSCEIVER
  -------         PROC          INITSIGNAL
  -------         DO            
  X:0001H         SYMBOL        k
  X:0002H         SYMBOL        k1
  X:0003H         SYMBOL        mystartbuffer
  -------         ENDDO         
  C:0EE8H         LINE#         53
BL51 BANKED LINKER/LOCATER V6.22                                                      07/02/2015  15:44:19  PAGE 12


  C:0EE8H         LINE#         54
  C:0EE8H         LINE#         56
  C:0EEDH         LINE#         57
  C:0EF0H         LINE#         58
  C:0EF0H         LINE#         59
  C:0EF4H         LINE#         60
  C:0EF4H         LINE#         61
  C:0EF7H         LINE#         62
  C:0EF7H         LINE#         63
  C:0EF7H         LINE#         64
  C:0EF7H         LINE#         66
  C:0EF7H         LINE#         68
  C:0EF7H         LINE#         69
  C:0EF9H         LINE#         70
  C:0F02H         LINE#         72
  C:0F02H         LINE#         73
  C:0F04H         LINE#         74
  C:0F0AH         LINE#         75
  C:0F13H         LINE#         77
  C:0F1EH         LINE#         78
  C:0F23H         LINE#         81
  C:0F2DH         LINE#         82
  C:0F2FH         LINE#         83
  -------         ENDPROC       INITSIGNAL
  -------         PROC          INITSIGNAL_F
  -------         DO            
  X:0004H         SYMBOL        k
  X:0005H         SYMBOL        k1
  X:0006H         SYMBOL        mystartbuffer
  -------         ENDDO         
  C:0F30H         LINE#         85
  C:0F30H         LINE#         86
  C:0F30H         LINE#         88
  C:0F35H         LINE#         89
  C:0F38H         LINE#         90
  C:0F38H         LINE#         91
  C:0F3CH         LINE#         92
  C:0F3CH         LINE#         93
  C:0F3FH         LINE#         94
  C:0F3FH         LINE#         95
  C:0F3FH         LINE#         96
  C:0F3FH         LINE#         98
  C:0F3FH         LINE#         100
  C:0F3FH         LINE#         101
  C:0F41H         LINE#         102
  C:0F4AH         LINE#         104
  C:0F4AH         LINE#         105
  C:0F4CH         LINE#         106
  C:0F52H         LINE#         107
  C:0F5BH         LINE#         109
  C:0F66H         LINE#         110
  C:0F6BH         LINE#         113
  C:0F75H         LINE#         114
  C:0F77H         LINE#         115
  -------         ENDPROC       INITSIGNAL_F
  -------         PROC          _SEND_DATA
  X:0007H         SYMBOL        x
BL51 BANKED LINKER/LOCATER V6.22                                                      07/02/2015  15:44:19  PAGE 13


  -------         DO            
  X:0008H         SYMBOL        i
  X:0009H         SYMBOL        n
  -------         ENDDO         
  C:0CF1H         LINE#         121
  C:0CF5H         LINE#         122
  C:0CF5H         LINE#         124
  C:0CF8H         LINE#         125
  C:0CF8H         LINE#         126
  C:0CFCH         LINE#         127
  C:0CFCH         LINE#         128
  C:0D06H         LINE#         129
  C:0D06H         LINE#         130
  C:0D08H         LINE#         131
  C:0D10H         LINE#         132
  C:0D12H         LINE#         134
  C:0D12H         LINE#         135
  C:0D14H         LINE#         136
  C:0D1FH         LINE#         137
  C:0D1FH         LINE#         138
  C:0D21H         LINE#         139
  C:0D2FH         LINE#         140
  C:0D3AH         LINE#         141
  C:0D45H         LINE#         142
  C:0D50H         LINE#         143
  -------         ENDPROC       _SEND_DATA
  -------         PROC          _COMMODE_DATA
  X:000AH         SYMBOL        ComMode
  X:000BH         SYMBOL        x
  C:11E6H         LINE#         151
  C:11F0H         LINE#         152
  C:11F0H         LINE#         153
  C:11F2H         LINE#         154
  C:11F7H         LINE#         155
  C:11F9H         LINE#         156
  C:11FEH         LINE#         157
  C:1202H         LINE#         158
  C:1208H         LINE#         160
  C:120BH         LINE#         161
  C:1213H         LINE#         163
  C:1215H         LINE#         164
  C:1217H         LINE#         165
  -------         ENDPROC       _COMMODE_DATA
  -------         PROC          _COMMODE_DATA_WX
  X:000DH         SYMBOL        ComMode
  X:000EH         SYMBOL        x
  C:11B2H         LINE#         173
  C:11BCH         LINE#         174
  C:11BCH         LINE#         175
  C:11BEH         LINE#         176
  C:11C3H         LINE#         177
  C:11C5H         LINE#         178
  C:11CAH         LINE#         179
  C:11CEH         LINE#         180
  C:11D4H         LINE#         182
  C:11D7H         LINE#         183
  C:11DFH         LINE#         185
BL51 BANKED LINKER/LOCATER V6.22                                                      07/02/2015  15:44:19  PAGE 14


  C:11E1H         LINE#         186
  C:11E3H         LINE#         187
  C:11E5H         LINE#         188
  -------         ENDPROC       _COMMODE_DATA_WX
  -------         PROC          _UART_SEND_DATA
  X:0010H         SYMBOL        command
  -------         DO            
  X:0011H         SYMBOL        ii
  -------         ENDDO         
  C:0D51H         LINE#         193
  C:0D55H         LINE#         194
  C:0D55H         LINE#         195
  C:0D58H         LINE#         196
  C:0D5BH         LINE#         197
  C:0D63H         LINE#         198
  C:0D6AH         LINE#         199
  C:0D71H         LINE#         200
  C:0D78H         LINE#         201
  C:0D7FH         LINE#         202
  C:0D85H         LINE#         204
  C:0D88H         LINE#         206
  C:0D8CH         LINE#         207
  C:0D8CH         LINE#         208
  C:0D97H         LINE#         209
  C:0D9AH         LINE#         210
  C:0DA5H         LINE#         212
  -------         ENDPROC       _UART_SEND_DATA
  -------         PROC          _UART_SEND_DATA_F
  X:0012H         SYMBOL        command
  -------         DO            
  X:0013H         SYMBOL        ii
  -------         ENDDO         
  C:0FBFH         LINE#         218
  C:0FC3H         LINE#         219
  C:0FC3H         LINE#         220
  C:0FC6H         LINE#         221
  C:0FC9H         LINE#         222
  C:0FD1H         LINE#         223
  C:0FD8H         LINE#         224
  C:0FDFH         LINE#         225
  C:0FE6H         LINE#         226
  C:0FEDH         LINE#         227
  C:0FF3H         LINE#         229
  C:0FF6H         LINE#         231
  C:1001H         LINE#         233
  -------         ENDPROC       _UART_SEND_DATA_F
  -------         PROC          OPEN_TRANCEIVER
  C:1910H         LINE#         240
  C:1910H         LINE#         241
  C:1910H         LINE#         246
  C:1912H         LINE#         247
  C:1914H         LINE#         248
  -------         ENDPROC       OPEN_TRANCEIVER
  -------         PROC          CLOSE_TRANCEIVER
  C:191DH         LINE#         254
  C:191DH         LINE#         255
  C:191DH         LINE#         260
BL51 BANKED LINKER/LOCATER V6.22                                                      07/02/2015  15:44:19  PAGE 15


  C:191FH         LINE#         265
  -------         ENDPROC       CLOSE_TRANCEIVER
  -------         PROC          UART_SEND_DATA_MATCH
  C:1004H         LINE#         270
  C:1004H         LINE#         271
  C:1004H         LINE#         272
  C:1007H         LINE#         274
  C:100CH         LINE#         275
  C:1010H         LINE#         276
  C:1017H         LINE#         277
  C:101EH         LINE#         278
  C:1025H         LINE#         279
  C:102CH         LINE#         280
  C:1033H         LINE#         282
  C:1036H         LINE#         284
  C:1041H         LINE#         285
  C:1044H         LINE#         287
  -------         ENDPROC       UART_SEND_DATA_MATCH
  -------         PROC          RECEIVE_BYTE
  C:0BBBH         LINE#         294
  C:0BBBH         LINE#         295
  C:0BBBH         LINE#         297
  C:0BBEH         LINE#         298
  C:0BBEH         LINE#         300
  C:0BC8H         LINE#         301
  C:0BC8H         LINE#         302
  C:0BCAH         LINE#         303
  C:0BCAH         LINE#         304
  C:0BCCH         LINE#         305
  C:0BCDH         LINE#         308
  C:0BCDH         LINE#         310
  C:0BD0H         LINE#         311
  C:0BD0H         LINE#         313
  C:0BD2H         LINE#         316
  C:0BE1H         LINE#         317
  C:0BE1H         LINE#         319
  C:0BE7H         LINE#         320
  C:0BE9H         LINE#         321
  C:0BE9H         LINE#         322
  C:0BE9H         LINE#         323
  C:0BEBH         LINE#         325
  C:0BF3H         LINE#         326
  C:0BF3H         LINE#         328
  C:0BF9H         LINE#         329
  C:0BFCH         LINE#         330
  C:0C01H         LINE#         331
  C:0C05H         LINE#         332
  C:0C07H         LINE#         334
  C:0C07H         LINE#         336
  C:0C0CH         LINE#         337
  C:0C0CH         LINE#         339
  C:0C10H         LINE#         340
  C:0C11H         LINE#         342
  C:0C11H         LINE#         344
  C:0C1BH         LINE#         345
  C:0C1BH         LINE#         346
  C:0C1FH         LINE#         347
BL51 BANKED LINKER/LOCATER V6.22                                                      07/02/2015  15:44:19  PAGE 16


  C:0C21H         LINE#         348
  C:0C24H         LINE#         349
  C:0C24H         LINE#         350
  C:0C24H         LINE#         351
  C:0C24H         LINE#         352
  -------         ENDPROC       RECEIVE_BYTE
  -------         PROC          RECEIVE_BYTE_LOCK
  C:0C25H         LINE#         358
  C:0C25H         LINE#         359
  C:0C25H         LINE#         361
  C:0C28H         LINE#         362
  C:0C28H         LINE#         364
  C:0C32H         LINE#         365
  C:0C32H         LINE#         366
  C:0C34H         LINE#         367
  C:0C34H         LINE#         368
  C:0C36H         LINE#         369
  C:0C37H         LINE#         372
  C:0C37H         LINE#         374
  C:0C3AH         LINE#         375
  C:0C3AH         LINE#         377
  C:0C3CH         LINE#         380
  C:0C4BH         LINE#         381
  C:0C4BH         LINE#         383
  C:0C51H         LINE#         384
  C:0C53H         LINE#         385
  C:0C53H         LINE#         386
  C:0C53H         LINE#         387
  C:0C55H         LINE#         389
  C:0C5DH         LINE#         390
  C:0C5DH         LINE#         392
  C:0C63H         LINE#         393
  C:0C66H         LINE#         394
  C:0C6BH         LINE#         395
  C:0C6FH         LINE#         396
  C:0C71H         LINE#         398
  C:0C71H         LINE#         400
  C:0C76H         LINE#         401
  C:0C76H         LINE#         403
  C:0C7AH         LINE#         404
  C:0C7BH         LINE#         406
  C:0C7BH         LINE#         408
  C:0C85H         LINE#         409
  C:0C85H         LINE#         410
  C:0C89H         LINE#         411
  C:0C8BH         LINE#         412
  C:0C8EH         LINE#         413
  C:0C8EH         LINE#         414
  C:0C8EH         LINE#         415
  C:0C8EH         LINE#         416
  -------         ENDPROC       RECEIVE_BYTE_LOCK
  -------         PROC          RECEIVE_WORD
  C:1047H         LINE#         422
  C:1047H         LINE#         423
  C:1047H         LINE#         425
  C:104EH         LINE#         426
  C:104EH         LINE#         427
BL51 BANKED LINKER/LOCATER V6.22                                                      07/02/2015  15:44:19  PAGE 17


  C:104FH         LINE#         429
  C:105CH         LINE#         432
  C:1065H         LINE#         433
  C:1065H         LINE#         434
  C:106AH         LINE#         435
  C:106BH         LINE#         437
  C:1075H         LINE#         438
  C:1075H         LINE#         439
  C:107AH         LINE#         440
  C:107BH         LINE#         441
  C:107FH         LINE#         442
  C:107FH         LINE#         443
  C:1081H         LINE#         444
  C:1081H         LINE#         445
  C:1083H         LINE#         447
  C:1083H         LINE#         448
  C:1087H         LINE#         449
  C:1087H         LINE#         450
  C:1087H         LINE#         451
  -------         ENDPROC       RECEIVE_WORD
  -------         PROC          _SEND_CODE_TO_LOCK
  D:0007H         SYMBOL        x
  X:0014H         SYMBOL        y
  -------         DO            
  X:0016H         SYMBOL        i
  X:0017H         SYMBOL        n
  -------         ENDDO         
  C:0A64H         LINE#         458
  C:0A6BH         LINE#         459
  C:0A6BH         LINE#         461
  C:0A70H         LINE#         462
  C:0A74H         LINE#         463
  C:0A77H         LINE#         469
  C:0A7BH         LINE#         470
  C:0A7BH         LINE#         471
  C:0A7FH         LINE#         472
  C:0A7FH         LINE#         473
  C:0A89H         LINE#         474
  C:0A89H         LINE#         475
  C:0A8BH         LINE#         476
  C:0A94H         LINE#         477
  C:0A96H         LINE#         479
  C:0A96H         LINE#         480
  C:0A98H         LINE#         481
  C:0AA4H         LINE#         482
  C:0AA4H         LINE#         483
  C:0AA6H         LINE#         484
  C:0AB4H         LINE#         485
  C:0AC0H         LINE#         486
  C:0ACBH         LINE#         487
  C:0AD6H         LINE#         488
  -------         ENDPROC       _SEND_CODE_TO_LOCK
  -------         PROC          _SEND_CODE_TO_LOCK_TAILI
  D:0007H         SYMBOL        x
  X:0018H         SYMBOL        y
  -------         DO            
  X:001AH         SYMBOL        i
BL51 BANKED LINKER/LOCATER V6.22                                                      07/02/2015  15:44:19  PAGE 18


  X:001BH         SYMBOL        n
  -------         ENDDO         
  C:0AD7H         LINE#         495
  C:0ADEH         LINE#         496
  C:0ADEH         LINE#         498
  C:0AE3H         LINE#         499
  C:0AE7H         LINE#         500
  C:0AEAH         LINE#         506
  C:0AEEH         LINE#         507
  C:0AEEH         LINE#         508
  C:0AF2H         LINE#         509
  C:0AF2H         LINE#         510
  C:0AFCH         LINE#         511
  C:0AFCH         LINE#         512
  C:0AFEH         LINE#         513
  C:0B07H         LINE#         514
  C:0B09H         LINE#         516
  C:0B09H         LINE#         517
  C:0B0BH         LINE#         518
  C:0B17H         LINE#         519
  C:0B17H         LINE#         520
  C:0B19H         LINE#         521
  C:0B27H         LINE#         522
  C:0B33H         LINE#         523
  C:0B3EH         LINE#         524
  C:0B49H         LINE#         525
  -------         ENDPROC       _SEND_CODE_TO_LOCK_TAILI
  -------         ENDMOD        COMMUNICATION

  -------         MODULE        DELAY
  C:0000H         SYMBOL        _ICE_DUMMY_
  D:0080H         PUBLIC        P0
  D:0090H         PUBLIC        P1
  D:00A0H         PUBLIC        P2
  D:00B0H         PUBLIC        P3
  X:0029H         PUBLIC        Timeout_loop
  D:00A8H         PUBLIC        IE
  C:1560H         PUBLIC        Delay_10ms
  C:157AH         PUBLIC        Delay_12ms
  C:1594H         PUBLIC        Delay_50ms
  D:00B8H         PUBLIC        IP
  B:0090H.2       PUBLIC        magnet_overcurrent
  D:00D8H         PUBLIC        WDCON0
  C:1108H         PUBLIC        _Magnet_Delay
  D:0098H         PUBLIC        SCON
  D:0088H         PUBLIC        TCON
  C:15AEH         PUBLIC        Delay_100ms
  C:15C8H         PUBLIC        Delay_500ms
  C:10C9H         PUBLIC        _Custom_Delay
  C:149AH         PUBLIC        _delay_ms
  D:00E8H         PUBLIC        EIE
  D:00F8H         PUBLIC        ADCCON0
  C:15FCH         PUBLIC        _delay_us
  D:00C0H         PUBLIC        I2CON
  C:152CH         PUBLIC        Delay_1ms
  D:00C8H         PUBLIC        T2CON
  C:1546H         PUBLIC        Delay_5ms
BL51 BANKED LINKER/LOCATER V6.22                                                      07/02/2015  15:44:19  PAGE 19


  C:165FH         PUBLIC        _Delay
  D:00D0H         PUBLIC        PSW
  -------         PROC          DELAY_1MS
  C:152CH         LINE#         15
  C:152CH         LINE#         16
  C:152CH         LINE#         17
  C:1535H         LINE#         20
  C:1545H         LINE#         21
  -------         ENDPROC       DELAY_1MS
  -------         PROC          DELAY_5MS
  C:1546H         LINE#         23
  C:1546H         LINE#         24
  C:1546H         LINE#         25
  C:154FH         LINE#         28
  C:155FH         LINE#         29
  -------         ENDPROC       DELAY_5MS
  -------         PROC          DELAY_10MS
  C:1560H         LINE#         31
  C:1560H         LINE#         32
  C:1560H         LINE#         33
  C:1569H         LINE#         36
  C:1579H         LINE#         37
  -------         ENDPROC       DELAY_10MS
  -------         PROC          DELAY_12MS
  C:157AH         LINE#         39
  C:157AH         LINE#         40
  C:157AH         LINE#         41
  C:1583H         LINE#         44
  C:1593H         LINE#         45
  -------         ENDPROC       DELAY_12MS
  -------         PROC          DELAY_50MS
  C:1594H         LINE#         48
  C:1594H         LINE#         49
  C:1594H         LINE#         50
  C:159DH         LINE#         53
  C:15ADH         LINE#         54
  -------         ENDPROC       DELAY_50MS
  -------         PROC          DELAY_100MS
  C:15AEH         LINE#         57
  C:15AEH         LINE#         58
  C:15AEH         LINE#         59
  C:15B7H         LINE#         62
  C:15C7H         LINE#         63
  -------         ENDPROC       DELAY_100MS
  -------         PROC          DELAY_500MS
  C:15C8H         LINE#         66
  C:15C8H         LINE#         67
  C:15C8H         LINE#         68
  C:15D1H         LINE#         71
  C:15E1H         LINE#         72
  -------         ENDPROC       DELAY_500MS
  -------         PROC          _DELAY
  D:0007H         SYMBOL        n
  -------         DO            
  D:0004H         SYMBOL        x
  -------         ENDDO         
  C:165FH         LINE#         79
BL51 BANKED LINKER/LOCATER V6.22                                                      07/02/2015  15:44:19  PAGE 20


  C:165FH         LINE#         80
  C:165FH         LINE#         82
  C:1665H         LINE#         83
  C:1665H         LINE#         84
  C:1669H         LINE#         85
  C:1675H         LINE#         87
  -------         ENDPROC       _DELAY
  -------         PROC          _CUSTOM_DELAY
  D:0007H         SYMBOL        t
  X:0023H         SYMBOL        m
  -------         DO            
  X:0025H         SYMBOL        i
  D:0006H         SYMBOL        j
  -------         ENDDO         
  C:10C9H         LINE#         93
  C:10D0H         LINE#         94
  C:10D0H         LINE#         97
  C:10E2H         LINE#         98
  C:1107H         LINE#         99
  -------         ENDPROC       _CUSTOM_DELAY
  -------         PROC          _DELAY_MS
  D:0006H         SYMBOL        count
  -------         DO            
  D:0004H         SYMBOL        i
  D:0002H         SYMBOL        j
  -------         ENDDO         
  C:149AH         LINE#         106
  C:149AH         LINE#         107
  C:149AH         LINE#         109
  C:14A4H         LINE#         110
  C:14A4H         LINE#         111
  C:14B2H         LINE#         112
  C:14B9H         LINE#         113
  -------         ENDPROC       _DELAY_MS
  -------         PROC          _DELAY_US
  D:0006H         SYMBOL        count1
  -------         DO            
  D:0004H         SYMBOL        i
  D:0003H         SYMBOL        j
  -------         ENDDO         
  C:15FCH         LINE#         121
  C:15FCH         LINE#         122
  C:15FCH         LINE#         125
  C:1606H         LINE#         126
  C:1606H         LINE#         127
  C:160DH         LINE#         128
  C:1614H         LINE#         129
  -------         ENDPROC       _DELAY_US
  -------         PROC          _MAGNET_DELAY
  X:0027H         SYMBOL        x
  D:0004H         SYMBOL        y
  -------         DO            
  D:0001H         SYMBOL        i
  D:0002H         SYMBOL        j
  -------         ENDDO         
  C:1108H         LINE#         135
  C:110FH         LINE#         136
BL51 BANKED LINKER/LOCATER V6.22                                                      07/02/2015  15:44:19  PAGE 21


  C:110FH         LINE#         139
  C:1111H         LINE#         140
  C:1111H         LINE#         141
  C:1125H         LINE#         142
  C:112AH         LINE#         143
  C:112CH         LINE#         144
  C:112CH         LINE#         146
  C:112FH         LINE#         147
  C:112FH         LINE#         148
  C:1140H         LINE#         149
  C:1140H         LINE#         151
  C:1140H         LINE#         153
  C:1140H         LINE#         154
  C:1145H         LINE#         155
  -------         ENDPROC       _MAGNET_DELAY
  -------         ENDMOD        DELAY

  -------         MODULE        OPERATION
  C:0000H         SYMBOL        _ICE_DUMMY_
  D:0080H         PUBLIC        P0
  D:0090H         PUBLIC        P1
  B:0080H.3       PUBLIC        fell_sensor_detect
  D:00A0H         PUBLIC        P2
  D:00B0H         PUBLIC        P3
  D:00A8H         PUBLIC        IE
  B:0024H.3       PUBLIC        sensor_EN
  C:12DCH         PUBLIC        Detect_vibration
  C:18DAH         PUBLIC        InitSensor
  D:00B8H         PUBLIC        IP
  C:174FH         PUBLIC        Reset_after_wirebroken
  B:0080H.1       PUBLIC        wire_broken
  C:16B9H         PUBLIC        Batstolen_Alarm_to_Slave
  C:14BAH         PUBLIC        Reset_after_stolen_alarming
  D:00D8H         PUBLIC        WDCON0
  D:0098H         PUBLIC        SCON
  D:0088H         PUBLIC        TCON
  C:1365H         PUBLIC        Detect_close_action
  C:1433H         PUBLIC        slave_nearby_operation
  B:00A0H.5       PUBLIC        key_rotate
  C:1339H         PUBLIC        Detect_wheel_moving
  C:18EEH         PUBLIC        Disable_sensor_after_IDcert
  B:0080H.7       PUBLIC        horizontal_sensor
  D:00E8H         PUBLIC        EIE
  C:13BBH         PUBLIC        Detect_open_action
  B:0080H.2       PUBLIC        wheeled_rotate
  B:0080H.4       PUBLIC        raised_sensor_detect
  D:00F8H         PUBLIC        ADCCON0
  C:1479H         PUBLIC        Ensensor_after_slave_away
  D:00C0H         PUBLIC        I2CON
  C:14F6H         PUBLIC        ENsensor_After_Close
  C:07C9H         PUBLIC        Detect_selflearn_action
  C:1457H         PUBLIC        ENsensor_afterIDcert
  D:00C8H         PUBLIC        T2CON
  C:140DH         PUBLIC        SelfLearn_Reset
  C:16A3H         PUBLIC        Raise_Alarm_to_Slave
  C:130BH         PUBLIC        slave_away_operation
  B:0024H.4       PUBLIC        enable_sensor_delayEN
BL51 BANKED LINKER/LOCATER V6.22                                                      07/02/2015  15:44:19  PAGE 22


  C:168DH         PUBLIC        Fell_Alarm_to_Slave
  D:00D0H         PUBLIC        PSW
  B:0080H.0       PUBLIC        sensor_detect
  C:18C2H         PUBLIC        Host_stolen_action
  -------         PROC          SLAVE_AWAY_OPERATION
  C:130BH         LINE#         89
  C:130BH         LINE#         90
  C:130BH         LINE#         91
  C:130EH         LINE#         92
  C:130EH         LINE#         93
  C:1311H         LINE#         94
  C:1321H         LINE#         95
  C:1324H         LINE#         99
  C:1324H         LINE#         101
  C:1326H         LINE#         102
  C:132AH         LINE#         104
  C:132FH         LINE#         105
  C:1333H         LINE#         107
  C:1336H         LINE#         108
  C:1338H         LINE#         109
  -------         ENDPROC       SLAVE_AWAY_OPERATION
  -------         PROC          SLAVE_NEARBY_OPERATION
  C:1433H         LINE#         115
  C:1433H         LINE#         116
  C:1433H         LINE#         117
  C:1435H         LINE#         119
  C:1437H         LINE#         120
  C:143BH         LINE#         121
  C:143DH         LINE#         122
  C:1440H         LINE#         124
  C:1443H         LINE#         125
  C:1443H         LINE#         126
  C:1446H         LINE#         127
  C:1449H         LINE#         128
  C:1453H         LINE#         129
  C:1456H         LINE#         130
  C:1456H         LINE#         131
  -------         ENDPROC       SLAVE_NEARBY_OPERATION
  -------         PROC          INITSENSOR
  C:18DAH         LINE#         137
  C:18DAH         LINE#         138
  C:18DAH         LINE#         139
  C:18DCH         LINE#         140
  C:18DEH         LINE#         141
  C:18E0H         LINE#         142
  C:18E2H         LINE#         143
  C:18E4H         LINE#         144
  -------         ENDPROC       INITSENSOR
  -------         PROC          HOST_STOLEN_ACTION
  C:18C2H         LINE#         150
  C:18C2H         LINE#         151
  C:18C2H         LINE#         153
  C:18C5H         LINE#         154
  C:18C5H         LINE#         155
  C:18C7H         LINE#         157
  C:18CAH         LINE#         168
  C:18CDH         LINE#         169
BL51 BANKED LINKER/LOCATER V6.22                                                      07/02/2015  15:44:19  PAGE 23


  C:18CDH         LINE#         170
  -------         ENDPROC       HOST_STOLEN_ACTION
  -------         PROC          ENSENSOR_AFTERIDCERT
  C:1457H         LINE#         177
  C:1457H         LINE#         178
  C:1457H         LINE#         179
  C:145AH         LINE#         180
  C:145AH         LINE#         182
  C:1464H         LINE#         183
  C:1464H         LINE#         184
  C:1466H         LINE#         185
  C:1468H         LINE#         186
  C:146BH         LINE#         189
  C:1473H         LINE#         190
  C:1473H         LINE#         191
  C:1476H         LINE#         192
  C:1476H         LINE#         193
  C:1478H         LINE#         195
  C:1478H         LINE#         196
  C:1478H         LINE#         197
  -------         ENDPROC       ENSENSOR_AFTERIDCERT
  -------         PROC          ENSENSOR_AFTER_CLOSE
  C:14F6H         LINE#         202
  C:14F6H         LINE#         203
  C:14F6H         LINE#         204
  C:14FCH         LINE#         205
  C:14FCH         LINE#         206
  C:1506H         LINE#         207
  C:1506H         LINE#         208
  C:1508H         LINE#         209
  C:150AH         LINE#         210
  C:150DH         LINE#         211
  C:1510H         LINE#         212
  C:1510H         LINE#         213
  C:1510H         LINE#         214
  -------         ENDPROC       ENSENSOR_AFTER_CLOSE
  -------         PROC          SELFLEARN_RESET
  C:140DH         LINE#         220
  C:140DH         LINE#         221
  C:140DH         LINE#         222
  C:1410H         LINE#         223
  C:1410H         LINE#         224
  C:141AH         LINE#         225
  C:141AH         LINE#         226
  C:141CH         LINE#         227
  C:141EH         LINE#         229
  C:1423H         LINE#         230
  C:1428H         LINE#         231
  C:142AH         LINE#         232
  C:142CH         LINE#         233
  C:142EH         LINE#         234
  C:1430H         LINE#         235
  C:1432H         LINE#         236
  C:1432H         LINE#         237
  C:1432H         LINE#         238
  -------         ENDPROC       SELFLEARN_RESET
  -------         PROC          FELL_ALARM_TO_SLAVE
BL51 BANKED LINKER/LOCATER V6.22                                                      07/02/2015  15:44:19  PAGE 24


  C:168DH         LINE#         244
  C:168DH         LINE#         245
  C:168DH         LINE#         246
  C:1698H         LINE#         247
  C:1698H         LINE#         248
  C:169DH         LINE#         249
  C:16A2H         LINE#         250
  C:16A2H         LINE#         251
  -------         ENDPROC       FELL_ALARM_TO_SLAVE
  -------         PROC          RAISE_ALARM_TO_SLAVE
  C:16A3H         LINE#         257
  C:16A3H         LINE#         258
  C:16A3H         LINE#         259
  C:16AEH         LINE#         260
  C:16AEH         LINE#         261
  C:16B3H         LINE#         262
  C:16B8H         LINE#         263
  C:16B8H         LINE#         264
  -------         ENDPROC       RAISE_ALARM_TO_SLAVE
  -------         PROC          BATSTOLEN_ALARM_TO_SLAVE
  C:16B9H         LINE#         270
  C:16B9H         LINE#         271
  C:16B9H         LINE#         272
  C:16C4H         LINE#         273
  C:16C4H         LINE#         274
  C:16C9H         LINE#         275
  C:16CEH         LINE#         276
  C:16CEH         LINE#         277
  -------         ENDPROC       BATSTOLEN_ALARM_TO_SLAVE
  -------         PROC          DISABLE_SENSOR_AFTER_IDCERT
  C:18EEH         LINE#         282
  C:18EEH         LINE#         283
  C:18EEH         LINE#         284
  C:18F1H         LINE#         285
  C:18F1H         LINE#         286
  C:18F3H         LINE#         288
  C:18F6H         LINE#         289
  C:18F6H         LINE#         290
  -------         ENDPROC       DISABLE_SENSOR_AFTER_IDCERT
  -------         PROC          RESET_AFTER_WIREBROKEN
  C:174FH         LINE#         295
  C:174FH         LINE#         296
  C:174FH         LINE#         297
  C:1752H         LINE#         298
  C:1752H         LINE#         299
  C:1754H         LINE#         300
  C:1758H         LINE#         301
  C:175AH         LINE#         302
  C:175CH         LINE#         303
  C:175EH         LINE#         304
  C:175EH         LINE#         305
  -------         ENDPROC       RESET_AFTER_WIREBROKEN
  -------         PROC          RESET_AFTER_STOLEN_ALARMING
  C:14BAH         LINE#         311
  C:14BAH         LINE#         312
  C:14BAH         LINE#         313
  C:14BDH         LINE#         314
BL51 BANKED LINKER/LOCATER V6.22                                                      07/02/2015  15:44:19  PAGE 25


  C:14BDH         LINE#         315
  C:14C7H         LINE#         316
  C:14C7H         LINE#         317
  C:14CBH         LINE#         318
  C:14CDH         LINE#         319
  C:14CFH         LINE#         320
  C:14D1H         LINE#         321
  C:14D4H         LINE#         322
  C:14D7H         LINE#         323
  C:14D7H         LINE#         324
  C:14D7H         LINE#         325
  -------         ENDPROC       RESET_AFTER_STOLEN_ALARMING
  -------         PROC          ENSENSOR_AFTER_SLAVE_AWAY
  C:1479H         LINE#         330
  C:1479H         LINE#         331
  C:1479H         LINE#         332
  C:1482H         LINE#         333
  C:1482H         LINE#         334
  C:148CH         LINE#         335
  C:148CH         LINE#         336
  C:148FH         LINE#         337
  C:1491H         LINE#         338
  C:1493H         LINE#         339
  C:1496H         LINE#         340
  C:1499H         LINE#         341
  C:1499H         LINE#         342
  C:1499H         LINE#         343
  -------         ENDPROC       ENSENSOR_AFTER_SLAVE_AWAY
  -------         PROC          DETECT_SELFLEARN_ACTION
  C:07C9H         LINE#         348
  C:07C9H         LINE#         349
  C:07C9H         LINE#         350
  C:07CFH         LINE#         351
  C:07CFH         LINE#         352
  C:07D2H         LINE#         353
  C:07D2H         LINE#         354
  C:07D8H         LINE#         356
  C:07EFH         LINE#         357
  C:07EFH         LINE#         358
  C:07F6H         LINE#         359
  C:07F8H         LINE#         360
  C:07FAH         LINE#         361
  C:07FCH         LINE#         362
  C:07FEH         LINE#         363
  C:0800H         LINE#         364
  C:0802H         LINE#         366
  C:0802H         LINE#         367
  C:0804H         LINE#         368
  C:0807H         LINE#         369
  C:0809H         LINE#         370
  C:080CH         LINE#         371
  C:080EH         LINE#         372
  C:080EH         LINE#         373
  C:0810H         LINE#         375
  C:0810H         LINE#         376
  C:0816H         LINE#         378
  C:0819H         LINE#         379
BL51 BANKED LINKER/LOCATER V6.22                                                      07/02/2015  15:44:19  PAGE 26


  C:081BH         LINE#         381
  C:081EH         LINE#         382
  C:0820H         LINE#         384
  C:0823H         LINE#         385
  C:0823H         LINE#         386
  C:0825H         LINE#         387
  C:0827H         LINE#         388
  C:082AH         LINE#         389
  C:082AH         LINE#         391
  C:0841H         LINE#         392
  C:0841H         LINE#         393
  C:0848H         LINE#         394
  C:084AH         LINE#         395
  C:084CH         LINE#         396
  C:084EH         LINE#         397
  C:0850H         LINE#         398
  C:0852H         LINE#         399
  C:0854H         LINE#         400
  C:0854H         LINE#         401
  C:0854H         LINE#         402
  C:0854H         LINE#         404
  C:0857H         LINE#         405
  C:0857H         LINE#         406
  C:0859H         LINE#         407
  C:085BH         LINE#         408
  C:085DH         LINE#         409
  C:085FH         LINE#         410
  C:0861H         LINE#         411
  C:0863H         LINE#         412
  C:0865H         LINE#         413
  C:0867H         LINE#         415
  C:086AH         LINE#         417
  C:086DH         LINE#         422
  C:086DH         LINE#         423
  -------         ENDPROC       DETECT_SELFLEARN_ACTION
  -------         PROC          DETECT_OPEN_ACTION
  C:13BBH         LINE#         428
  C:13BBH         LINE#         429
  C:13BBH         LINE#         431
  C:13C6H         LINE#         432
  C:13C6H         LINE#         433
  C:13C9H         LINE#         434
  C:13CEH         LINE#         435
  C:13D0H         LINE#         437
  C:13D4H         LINE#         438
  C:13D6H         LINE#         439
  C:13D9H         LINE#         440
  C:13DBH         LINE#         441
  C:13DEH         LINE#         442
  C:13E1H         LINE#         444
  C:13E3H         LINE#         445
  C:13E3H         LINE#         446
  -------         ENDPROC       DETECT_OPEN_ACTION
  -------         PROC          DETECT_CLOSE_ACTION
  C:1365H         LINE#         451
  C:1365H         LINE#         452
  C:1365H         LINE#         453
BL51 BANKED LINKER/LOCATER V6.22                                                      07/02/2015  15:44:19  PAGE 27


  C:1372H         LINE#         454
  C:1372H         LINE#         455
  C:1378H         LINE#         456
  C:1378H         LINE#         457
  C:137BH         LINE#         458
  C:1381H         LINE#         459
  C:1381H         LINE#         460
  C:1384H         LINE#         462
  C:1388H         LINE#         463
  C:138BH         LINE#         464
  C:138DH         LINE#         465
  C:138FH         LINE#         466
  C:138FH         LINE#         467
  C:138FH         LINE#         468
  C:138FH         LINE#         469
  -------         ENDPROC       DETECT_CLOSE_ACTION
  -------         PROC          DETECT_VIBRATION
  C:12DCH         LINE#         474
  C:12DCH         LINE#         475
  C:12DCH         LINE#         476
  C:12E2H         LINE#         477
  C:12E2H         LINE#         478
  C:12E4H         LINE#         479
  C:12EAH         LINE#         480
  C:12EAH         LINE#         481
  C:12EDH         LINE#         482
  C:12EDH         LINE#         483
  C:1304H         LINE#         484
  C:1304H         LINE#         485
  C:1306H         LINE#         486
  C:130AH         LINE#         487
  C:130AH         LINE#         488
  C:130AH         LINE#         489
  -------         ENDPROC       DETECT_VIBRATION
  -------         PROC          DETECT_WHEEL_MOVING
  C:1339H         LINE#         494
  C:1339H         LINE#         495
  C:1339H         LINE#         496
  C:133CH         LINE#         497
  C:133CH         LINE#         498
  C:133EH         LINE#         499
  C:1344H         LINE#         500
  C:1344H         LINE#         501
  C:1347H         LINE#         502
  C:1347H         LINE#         503
  C:135EH         LINE#         504
  C:135EH         LINE#         505
  C:1360H         LINE#         506
  C:1364H         LINE#         507
  C:1364H         LINE#         508
  C:1364H         LINE#         509
  -------         ENDPROC       DETECT_WHEEL_MOVING
  -------         ENDMOD        OPERATION

  -------         MODULE        OTHER
  C:0000H         SYMBOL        _ICE_DUMMY_
  D:0080H         PUBLIC        P0
BL51 BANKED LINKER/LOCATER V6.22                                                      07/02/2015  15:44:19  PAGE 28


  D:0090H         PUBLIC        P1
  D:00A0H         PUBLIC        P2
  D:00B0H         PUBLIC        P3
  D:00A8H         PUBLIC        IE
  C:1899H         PUBLIC        _magnet_ACW_Taili
  B:00A0H.4       PUBLIC        Moto_EN
  D:00B8H         PUBLIC        IP
  D:00D8H         PUBLIC        WDCON0
  D:0098H         PUBLIC        SCON
  D:0088H         PUBLIC        TCON
  C:0003H         PUBLIC        Moto_Vibration
  C:188BH         PUBLIC        _magnet_ACW
  C:18CEH         PUBLIC        Enable_sensor
  C:127BH         PUBLIC        _magnet_CW_Taili
  D:00E8H         PUBLIC        EIE
  C:0F78H         PUBLIC        disable_sensor
  B:00A0H.2       PUBLIC        MagentControl_1
  B:00A0H.3       PUBLIC        MagentControl_2
  D:00F8H         PUBLIC        ADCCON0
  D:00C0H         PUBLIC        I2CON
  D:00C8H         PUBLIC        T2CON
  C:124AH         PUBLIC        _magnet_CW
  D:00D0H         PUBLIC        PSW
  B:0080H.5       PUBLIC        Externalmotor
  -------         PROC          _MAGNET_CW
  X:002BH         SYMBOL        x
  X:002DH         SYMBOL        y
  D:0003H         SYMBOL        z
  C:124AH         LINE#         44
  C:1257H         LINE#         45
  C:1257H         LINE#         47
  C:1260H         LINE#         49
  C:1262H         LINE#         50
  C:1264H         LINE#         51
  C:1274H         LINE#         52
  C:1276H         LINE#         53
  C:1278H         LINE#         54
  C:127AH         LINE#         55
  -------         ENDPROC       _MAGNET_CW
  -------         PROC          _MAGNET_CW_TAILI
  X:002FH         SYMBOL        x
  X:0031H         SYMBOL        y
  D:0003H         SYMBOL        z
  C:127BH         LINE#         61
  C:1288H         LINE#         62
  C:1288H         LINE#         64
  C:1291H         LINE#         66
  C:1293H         LINE#         67
  C:1295H         LINE#         68
  C:12A5H         LINE#         69
  C:12A7H         LINE#         70
  C:12A9H         LINE#         71
  C:12ABH         LINE#         72
  -------         ENDPROC       _MAGNET_CW_TAILI
  -------         PROC          _MAGNET_ACW
  D:0006H         SYMBOL        x
  D:0004H         SYMBOL        y
BL51 BANKED LINKER/LOCATER V6.22                                                      07/02/2015  15:44:19  PAGE 29


  C:188BH         LINE#         78
  C:188BH         LINE#         79
  C:188BH         LINE#         80
  C:188DH         LINE#         81
  C:188FH         LINE#         82
  C:1891H         LINE#         83
  C:1894H         LINE#         84
  C:1896H         LINE#         85
  C:1898H         LINE#         86
  -------         ENDPROC       _MAGNET_ACW
  -------         PROC          _MAGNET_ACW_TAILI
  D:0006H         SYMBOL        x
  D:0004H         SYMBOL        y
  C:1899H         LINE#         92
  C:1899H         LINE#         93
  C:1899H         LINE#         94
  C:189BH         LINE#         95
  C:189DH         LINE#         96
  C:189FH         LINE#         97
  C:18A2H         LINE#         98
  C:18A4H         LINE#         99
  C:18A6H         LINE#         100
  -------         ENDPROC       _MAGNET_ACW_TAILI
  -------         PROC          DISABLE_SENSOR
  C:0F78H         LINE#         106
  C:0F78H         LINE#         107
  C:0F78H         LINE#         109
  C:0F7AH         LINE#         110
  C:0F7CH         LINE#         112
  C:0F7EH         LINE#         113
  C:0F80H         LINE#         114
  C:0F84H         LINE#         115
  C:0F87H         LINE#         116
  C:0F8AH         LINE#         117
  C:0F8FH         LINE#         118
  C:0F94H         LINE#         119
  C:0F99H         LINE#         120
  C:0F9CH         LINE#         121
  C:0F9FH         LINE#         122
  C:0FA1H         LINE#         123
  C:0FA3H         LINE#         124
  C:0FA5H         LINE#         125
  C:0FA8H         LINE#         126
  C:0FAAH         LINE#         127
  C:0FADH         LINE#         129
  C:0FAFH         LINE#         132
  C:0FB2H         LINE#         133
  C:0FB4H         LINE#         135
  C:0FB6H         LINE#         136
  C:0FB9H         LINE#         138
  C:0FBBH         LINE#         139
  C:0FBEH         LINE#         140
  -------         ENDPROC       DISABLE_SENSOR
  -------         PROC          ENABLE_SENSOR
  C:18CEH         LINE#         146
  C:18CEH         LINE#         147
  C:18CEH         LINE#         149
BL51 BANKED LINKER/LOCATER V6.22                                                      07/02/2015  15:44:19  PAGE 30


  C:18D0H         LINE#         150
  C:18D2H         LINE#         153
  C:18D6H         LINE#         154
  C:18D9H         LINE#         155
  -------         ENDPROC       ENABLE_SENSOR
  -------         PROC          MOTO_VIBRATION
  C:0003H         LINE#         161
  C:0003H         LINE#         162
  C:0003H         LINE#         163
  C:0005H         LINE#         164
  C:0008H         LINE#         165
  C:000AH         LINE#         166
  -------         ENDPROC       MOTO_VIBRATION
  -------         ENDMOD        OTHER

  -------         MODULE        PWM
  C:0000H         SYMBOL        _ICE_DUMMY_
  D:0080H         PUBLIC        P0
  D:0090H         PUBLIC        P1
  D:00A0H         PUBLIC        P2
  D:00B0H         PUBLIC        P3
  D:00DCH         PUBLIC        PWMCON0
  D:00D1H         PUBLIC        PWMPH
  D:00A8H         PUBLIC        IE
  D:00D9H         PUBLIC        PWMPL
  C:0C8FH         PUBLIC        _PWM_Channel
  D:00B8H         PUBLIC        IP
  C:1900H         PUBLIC        myPwm
  D:00D8H         PUBLIC        WDCON0
  D:0098H         PUBLIC        SCON
  D:0088H         PUBLIC        TCON
  D:00E8H         PUBLIC        EIE
  D:00F8H         PUBLIC        ADCCON0
  D:00C0H         PUBLIC        I2CON
  X:0033H         PUBLIC        PWM_shadow
  D:00C8H         PUBLIC        T2CON
  C:1647H         PUBLIC        Init_PWM
  D:00D2H         PUBLIC        PWM0H
  D:00D3H         PUBLIC        PWM1H
  D:00D5H         PUBLIC        PWM2H
  D:00D6H         PUBLIC        PWM3H
  D:00DAH         PUBLIC        PWM0L
  D:00DBH         PUBLIC        PWM1L
  D:00DDH         PUBLIC        PWM2L
  D:00DEH         PUBLIC        PWM3L
  D:00D0H         PUBLIC        PSW
  -------         PROC          INIT_PWM
  C:1647H         LINE#         19
  C:1647H         LINE#         20
  C:1647H         LINE#         22
  C:164AH         LINE#         24
  C:1652H         LINE#         26
  C:165BH         LINE#         27
  C:165EH         LINE#         28
  -------         ENDPROC       INIT_PWM
  -------         PROC          _PWM_CHANNEL
  D:0007H         SYMBOL        Channel
BL51 BANKED LINKER/LOCATER V6.22                                                      07/02/2015  15:44:19  PAGE 31


  C:0C8FH         LINE#         34
  C:0C8FH         LINE#         35
  C:0C8FH         LINE#         36
  C:0C9DH         LINE#         37
  C:0C9DH         LINE#         39
  C:0C9DH         LINE#         40
  C:0C9DH         LINE#         41
  C:0CA5H         LINE#         42
  C:0CAEH         LINE#         43
  C:0CB1H         LINE#         44
  C:0CB1H         LINE#         45
  C:0CB2H         LINE#         47
  C:0CB2H         LINE#         48
  C:0CB2H         LINE#         49
  C:0CBAH         LINE#         50
  C:0CC3H         LINE#         51
  C:0CC6H         LINE#         52
  C:0CC6H         LINE#         53
  C:0CC7H         LINE#         55
  C:0CC7H         LINE#         56
  C:0CC7H         LINE#         57
  C:0CCFH         LINE#         58
  C:0CD8H         LINE#         59
  C:0CDBH         LINE#         60
  C:0CDBH         LINE#         61
  C:0CDCH         LINE#         63
  C:0CDCH         LINE#         64
  C:0CDCH         LINE#         65
  C:0CE4H         LINE#         66
  C:0CEDH         LINE#         67
  C:0CF0H         LINE#         68
  C:0CF0H         LINE#         69
  C:0CF0H         LINE#         70
  C:0CF0H         LINE#         71
  -------         ENDPROC       _PWM_CHANNEL
  -------         PROC          MYPWM
  C:1900H         LINE#         77
  C:1900H         LINE#         78
  C:1900H         LINE#         80
  C:1905H         LINE#         82
  -------         ENDPROC       MYPWM
  -------         ENDMOD        PWM

  -------         MODULE        TIMER
  C:0000H         SYMBOL        _ICE_DUMMY_
  D:0080H         PUBLIC        P0
  D:0090H         PUBLIC        P1
  D:00A0H         PUBLIC        P2
  D:00B0H         PUBLIC        P3
  B:00A8H.7       PUBLIC        EA
  D:00A8H         PUBLIC        IE
  D:00B8H         PUBLIC        IP
  C:0E51H         PUBLIC        _InitT0
  C:09EFH         PUBLIC        _InitTimer
  D:00D8H         PUBLIC        WDCON0
  D:0087H         PUBLIC        PCON
  D:0098H         PUBLIC        SCON
BL51 BANKED LINKER/LOCATER V6.22                                                      07/02/2015  15:44:19  PAGE 32


  X:0037H         PUBLIC        timer0_8H
  D:0089H         PUBLIC        TMOD
  D:0088H         PUBLIC        TCON
  X:0038H         PUBLIC        timer1_8H
  X:0039H         PUBLIC        timer0_8L
  C:1920H         PUBLIC        hSCH_Start
  X:003AH         PUBLIC        timer1_8L
  B:00A8H.1       PUBLIC        ET0
  B:00A8H.3       PUBLIC        ET1
  D:008CH         PUBLIC        TH0
  D:008DH         PUBLIC        TH1
  D:008AH         PUBLIC        TL0
  D:008BH         PUBLIC        TL1
  D:00E8H         PUBLIC        EIE
  B:00B8H.3       PUBLIC        PT1
  B:0088H.4       PUBLIC        TR0
  B:0088H.6       PUBLIC        TR1
  C:175FH         PUBLIC        hSCH_Manual_Timer0_Reload
  D:00F8H         PUBLIC        ADCCON0
  D:00C0H         PUBLIC        I2CON
  D:00C8H         PUBLIC        T2CON
  C:1915H         PUBLIC        sEOS_Go_To_Sleep
  D:00D0H         PUBLIC        PSW
  -------         PROC          _INITTIMER
  D:0007H         SYMBOL        Tick_ms_T0
  X:0035H         SYMBOL        Tick_us_T1
  -------         DO            
  D:0004H         SYMBOL        Inc_T0
  D:0004H         SYMBOL        Inc_T1
  D:0004H         SYMBOL        timer0_16
  D:0004H         SYMBOL        timer1_16
  -------         ENDDO         
  C:09EFH         LINE#         36
  C:09F6H         LINE#         37
  C:09F6H         LINE#         42
  C:0A08H         LINE#         43
  C:0A0EH         LINE#         44
  C:0A11H         LINE#         45
  C:0A15H         LINE#         48
  C:0A34H         LINE#         49
  C:0A3CH         LINE#         50
  C:0A40H         LINE#         51
  C:0A46H         LINE#         53
  C:0A49H         LINE#         55
  C:0A4EH         LINE#         56
  C:0A53H         LINE#         57
  C:0A55H         LINE#         58
  C:0A57H         LINE#         60
  C:0A59H         LINE#         61
  C:0A5BH         LINE#         62
  C:0A5DH         LINE#         63
  C:0A5FH         LINE#         64
  C:0A61H         LINE#         65
  C:0A63H         LINE#         66
  -------         ENDPROC       _INITTIMER
  -------         PROC          _INITT0
  X:008AH         SYMBOL        Tick_ms_T0
BL51 BANKED LINKER/LOCATER V6.22                                                      07/02/2015  15:44:19  PAGE 33


  -------         DO            
  D:0004H         SYMBOL        Inc_T0
  D:0004H         SYMBOL        timer0_16
  X:008BH         SYMBOL        i
  -------         ENDDO         
  C:0E51H         LINE#         71
  C:0E55H         LINE#         72
  C:0E55H         LINE#         77
  C:0E61H         LINE#         78
  C:0E61H         LINE#         79
  C:0E64H         LINE#         80
  C:0E6BH         LINE#         83
  C:0E81H         LINE#         84
  C:0E8AH         LINE#         85
  C:0E8DH         LINE#         86
  C:0E91H         LINE#         88
  C:0E94H         LINE#         89
  C:0E97H         LINE#         91
  C:0E9AH         LINE#         93
  C:0E9CH         LINE#         94
  -------         ENDPROC       _INITT0
  -------         PROC          HSCH_START
[...]
  X:0062H         PUBLIC        ADC_check_result
  X:0064H         PUBLIC        sensor_2ndstage_time
  X:0066H         PUBLIC        sensor_3rdstage_count
  X:0067H         PUBLIC        ID_selflearning_timecount
  X:0068H         PUBLIC        one_receive_byte_count
  B:0022H.4       PUBLIC        ID_speeched_flag
  D:0099H         PUBLIC        SBUF
  X:0069H         PUBLIC        sensor_3rdstage_time
  D:0098H         PUBLIC        SCON
  D:0088H         PUBLIC        TCON
  C:3004H         PUBLIC        IDkey10
  C:3005H         PUBLIC        IDkey11
  X:006BH         PUBLIC        sensor_1ststage_count
  B:0022H.5       PUBLIC        IDkey_flash_EN
  X:006CH         PUBLIC        ID_certificated_numbers
  X:006DH         PUBLIC        raise_wire_time
  B:00A0H.7       PUBLIC        transmiter_EN
  B:0022H.6       PUBLIC        Host_stolen_alarming
  D:008CH         PUBLIC        TH0
  B:0022H.7       PUBLIC        flashing_flag
  B:0080H.7       PUBLIC        horizontal_sensor
  D:008AH         PUBLIC        TL0
  B:0023H.0       PUBLIC        vibration_flag
  X:006EH         PUBLIC        fell_wire_time
  B:0023H.1       PUBLIC        host_stolen_alarm2_EN
  X:006FH         PUBLIC        After_IDcert_timecount
  D:00E8H         PUBLIC        EIE
  C:0026H         PUBLIC        timer0
  B:0080H.4       PUBLIC        raised_sensor_detect
  B:0023H.2       PUBLIC        ID_certificated_flag
  D:00F8H         PUBLIC        ADCCON0
  D:00C0H         PUBLIC        I2CON
  B:0023H.3       PUBLIC        wheeled_flag
  B:0023H.4       PUBLIC        EN_host_stolen_alarming
  B:0023H.5       PUBLIC        Check_Motobattery_flag
  X:0070H         PUBLIC        vibration_count
  X:0072H         PUBLIC        timer0_count
  X:0074H         PUBLIC        sensor_3rdstage_effcount
  D:00C8H         PUBLIC        T2CON
  X:0075H         PUBLIC        enable_sensor_delay_count
  X:0076H         PUBLIC        host_stolen_alarm1_count
  X:0077H         PUBLIC        host_stolen_alarm2_count
  X:0078H         PUBLIC        sensor_3rdstage_interval
  B:0023H.6       PUBLIC        ID_selflearning_flag
  B:0023H.7       PUBLIC        battery_stolen_EN
  B:0024H.0       PUBLIC        position_sensor_EN
  C:03D4H         PUBLIC        uart_isr
  X:007AH         PUBLIC        wheeled_count
  X:007CH         PUBLIC        raised_fell_number
  B:0024H.1       PUBLIC        never_alarm_speech
BL51 BANKED LINKER/LOCATER V6.22                                                      07/02/2015  15:44:19  PAGE 50


  X:007EH         PUBLIC        Check_Motobattery_count
  X:007FH         PUBLIC        Open_action_flag
  X:0080H         PUBLIC        receive_HV_count
  X:0081H         PUBLIC        receive_LV_count
  B:0024H.2       PUBLIC        raised_flag
  X:0082H         PUBLIC        raised_alarm_count
  D:00D0H         PUBLIC        PSW
  B:0080H.0       PUBLIC        sensor_detect
  X:0083H         PUBLIC        Stolen_alarm_reset_count
  B:0080H.5       PUBLIC        Externalmotor
  -------         PROC          MAIN
  C:1676H         LINE#         129
  C:1676H         LINE#         130
  C:1676H         LINE#         131
  C:1679H         LINE#         137
  C:1680H         LINE#         140
  C:1683H         LINE#         142
  C:1686H         LINE#         145
  C:1689H         LINE#         147
  C:168BH         LINE#         148
  C:168BH         LINE#         149
  C:168BH         LINE#         150
  -------         ENDPROC       MAIN
  -------         PROC          TIMER0
  C:0026H         LINE#         158
  C:0043H         LINE#         161
  C:0048H         LINE#         162
  C:004DH         LINE#         165
  C:0064H         LINE#         166
  C:0064H         LINE#         168
  C:0068H         LINE#         170
  C:006BH         LINE#         171
  C:006BH         LINE#         172
  C:006DH         LINE#         173
  C:0070H         LINE#         174
  C:0072H         LINE#         175
  C:0075H         LINE#         176
  C:0079H         LINE#         177
  C:0079H         LINE#         180
  C:007CH         LINE#         181
  C:007FH         LINE#         190
  C:0082H         LINE#         193
  C:0085H         LINE#         201
  C:0088H         LINE#         204
  C:008BH         LINE#         206
  C:008EH         LINE#         207
  C:0091H         LINE#         208
  C:0094H         LINE#         209
  C:0094H         LINE#         212
  C:0097H         LINE#         215
  C:009AH         LINE#         216
  C:009DH         LINE#         217
  C:00A0H         LINE#         219
  C:00A3H         LINE#         220
  C:00A6H         LINE#         226
  C:00ACH         LINE#         227
  C:00ACH         LINE#         229
BL51 BANKED LINKER/LOCATER V6.22                                                      07/02/2015  15:44:19  PAGE 51


  C:00BFH         LINE#         230
  C:00BFH         LINE#         232
  C:00BFH         LINE#         233
  C:00BFH         LINE#         236
  C:00CEH         LINE#         237
  C:00CEH         LINE#         239
  C:00DBH         LINE#         240
  C:00DBH         LINE#         241
  C:00DDH         LINE#         244
  C:00E1H         LINE#         248
  C:00E4H         LINE#         249
  C:00E7H         LINE#         250
  C:00EAH         LINE#         251
  C:00EDH         LINE#         252
  C:00EDH         LINE#         253
  C:00F0H         LINE#         255
  C:00F0H         LINE#         257
  C:00F4H         LINE#         258
  C:00F4H         LINE#         259
  C:00F4H         LINE#         260
  C:00F7H         LINE#         263
  C:00F7H         LINE#         264
  C:00F7H         LINE#         265
  C:00FDH         LINE#         266
  C:00FDH         LINE#         268
  C:0107H         LINE#         269
  C:0107H         LINE#         270
  C:0109H         LINE#         271
  C:010EH         LINE#         274
  C:0111H         LINE#         275
  C:0111H         LINE#         276
  C:0113H         LINE#         278
  C:0113H         LINE#         279
  C:0117H         LINE#         280
  C:0117H         LINE#         283
  C:012EH         LINE#         284
  C:012EH         LINE#         285
  C:0132H         LINE#         286
  C:0135H         LINE#         287
  C:0138H         LINE#         288
  C:013DH         LINE#         289
  C:013DH         LINE#         290
  C:013DH         LINE#         291
  C:013FH         LINE#         294
  C:013FH         LINE#         295
  C:013FH         LINE#         296
  C:0145H         LINE#         297
  C:0145H         LINE#         299
  C:014FH         LINE#         300
  C:014FH         LINE#         301
  C:0151H         LINE#         303
  C:0153H         LINE#         304
  C:0155H         LINE#         305
  C:0157H         LINE#         306
  C:015AH         LINE#         307
  C:015AH         LINE#         308
  C:015CH         LINE#         310
BL51 BANKED LINKER/LOCATER V6.22                                                      07/02/2015  15:44:19  PAGE 52


  C:015CH         LINE#         311
  C:0160H         LINE#         312
  C:0160H         LINE#         315
  C:0177H         LINE#         316
  C:0177H         LINE#         317
  C:017BH         LINE#         318
  C:017EH         LINE#         319
  C:0181H         LINE#         320
  C:0186H         LINE#         321
  C:018BH         LINE#         322
  C:018EH         LINE#         323
  C:018EH         LINE#         324
  C:018EH         LINE#         325
  C:018EH         LINE#         326
  C:018EH         LINE#         329
  C:0191H         LINE#         330
  C:0191H         LINE#         331
  C:0193H         LINE#         332
  C:0195H         LINE#         333
  C:0199H         LINE#         334
  C:019BH         LINE#         335
  C:019DH         LINE#         336
  C:01A3H         LINE#         337
  C:01A3H         LINE#         338
  C:01A5H         LINE#         339
  C:01A7H         LINE#         340
  C:01AAH         LINE#         341
  C:01AAH         LINE#         344
  C:01B2H         LINE#         345
  C:01B2H         LINE#         346
  C:01B4H         LINE#         347
  C:01B6H         LINE#         349
  C:01B8H         LINE#         350
  C:01B8H         LINE#         354
  C:01BBH         LINE#         355
  C:01BBH         LINE#         357
  C:01BEH         LINE#         358
  C:01BEH         LINE#         360
  C:01C6H         LINE#         361
  C:01C6H         LINE#         363
  C:01C8H         LINE#         364
  C:01CAH         LINE#         366
  C:01CDH         LINE#         367
  C:01CDH         LINE#         369
  C:01CFH         LINE#         370
  C:01CFH         LINE#         371
  C:01CFH         LINE#         372
  C:01D1H         LINE#         374
  C:01D1H         LINE#         375
  C:01D3H         LINE#         376
  C:01D7H         LINE#         377
  C:01DAH         LINE#         378
  C:01DCH         LINE#         379
  C:01DCH         LINE#         381
  C:01DFH         LINE#         382
  C:01DFH         LINE#         384
  C:01E7H         LINE#         385
BL51 BANKED LINKER/LOCATER V6.22                                                      07/02/2015  15:44:19  PAGE 53


  C:01E7H         LINE#         387
  C:01E9H         LINE#         388
  C:01EBH         LINE#         390
  C:01EEH         LINE#         391
  C:01EEH         LINE#         392
  C:01F0H         LINE#         393
  C:01F0H         LINE#         394
  C:01F0H         LINE#         395
  C:01F2H         LINE#         397
  C:01F2H         LINE#         398
  C:01F4H         LINE#         399
  C:01F8H         LINE#         400
  C:01FBH         LINE#         401
  C:01FDH         LINE#         402
  C:01FDH         LINE#         403
  C:01FDH         LINE#         406
  C:0200H         LINE#         407
  C:0200H         LINE#         408
  C:0217H         LINE#         409
  C:0217H         LINE#         410
  C:0219H         LINE#         411
  C:021DH         LINE#         412
  C:021FH         LINE#         414
  C:0222H         LINE#         415
  C:0225H         LINE#         416
  C:0228H         LINE#         417
  C:022DH         LINE#         418
  C:0232H         LINE#         419
  C:023BH         LINE#         420
  C:023FH         LINE#         421
  C:0242H         LINE#         422
  C:0242H         LINE#         423
  C:0242H         LINE#         424
  -------         ENDPROC       TIMER0
  -------         PROC          UART_ISR
  C:03D4H         LINE#         429
  C:03F1H         LINE#         431
  C:03F7H         LINE#         432
  C:03F7H         LINE#         433
  C:03F9H         LINE#         434
  C:0403H         LINE#         438
  C:0409H         LINE#         439
  C:0409H         LINE#         441
  C:0417H         LINE#         442
  C:0417H         LINE#         443
  C:041CH         LINE#         444
  C:041EH         LINE#         445
  C:0430H         LINE#         446
  C:0430H         LINE#         447
  C:0435H         LINE#         448
  C:0437H         LINE#         449
  C:044AH         LINE#         450
  C:044AH         LINE#         451
  C:044FH         LINE#         452
  C:0451H         LINE#         453
  C:0461H         LINE#         454
  C:0461H         LINE#         455
BL51 BANKED LINKER/LOCATER V6.22                                                      07/02/2015  15:44:19  PAGE 54


  C:0466H         LINE#         456
  C:0468H         LINE#         457
  C:047AH         LINE#         458
  C:047AH         LINE#         459
  C:047FH         LINE#         460
  C:0481H         LINE#         485
  C:0487H         LINE#         486
  C:0487H         LINE#         487
  C:0489H         LINE#         488
  C:048BH         LINE#         489
  C:048DH         LINE#         492
  C:048DH         LINE#         493
  C:0491H         LINE#         494
  C:0491H         LINE#         497
  C:0497H         LINE#         498
  C:0497H         LINE#         499
  C:0499H         LINE#         500
  C:04A4H         LINE#         501
  C:04A4H         LINE#         502
  C:04A4H         LINE#         503
  C:04A4H         LINE#         504
  C:04A6H         LINE#         505
  C:04AAH         LINE#         506
  C:04ACH         LINE#         507
  C:04AFH         LINE#         508
  C:04B3H         LINE#         509
  C:04B3H         LINE#         510
  C:04B5H         LINE#         512
  C:04B5H         LINE#         513
  C:04B5H         LINE#         514
  C:04B7H         LINE#         515
  C:04BAH         LINE#         517
  C:04BAH         LINE#         518
  C:04BCH         LINE#         519
  C:04BCH         LINE#         520
  C:04BCH         LINE#         522
  C:04BCH         LINE#         524
  C:04BCH         LINE#         534
  C:04C7H         LINE#         535
  C:04C7H         LINE#         536
  C:04CCH         LINE#         537
  C:04CEH         LINE#         538
  C:04DBH         LINE#         539
  C:04DBH         LINE#         540
  C:04E0H         LINE#         541
  C:04E2H         LINE#         542
  C:04E6H         LINE#         543
  C:04E6H         LINE#         544
  C:04EBH         LINE#         545
  C:04EDH         LINE#         546
  C:04F4H         LINE#         547
  C:04F4H         LINE#         548
  C:04F7H         LINE#         549
  C:04F9H         LINE#         550
  C:04FDH         LINE#         551
  C:04FDH         LINE#         552
  C:0502H         LINE#         553
BL51 BANKED LINKER/LOCATER V6.22                                                      07/02/2015  15:44:19  PAGE 55


  C:0504H         LINE#         554
  C:0508H         LINE#         555
  C:0508H         LINE#         556
  C:050DH         LINE#         557
  C:050FH         LINE#         558
  C:0515H         LINE#         559
  C:0515H         LINE#         560
  C:0517H         LINE#         561
  C:0519H         LINE#         562
  C:051CH         LINE#         563
  C:051EH         LINE#         565
  C:051EH         LINE#         566
  C:0520H         LINE#         567
  C:0520H         LINE#         569
  C:0520H         LINE#         570
  C:0520H         LINE#         571
  -------         ENDPROC       UART_ISR
  -------         ENDMOD        MAIN

  -------         MODULE        ?C?CLDPTR
  C:025DH         PUBLIC        ?C?CLDPTR
  -------         ENDMOD        ?C?CLDPTR

  -------         MODULE        ?C?LMUL
  C:0276H         PUBLIC        ?C?LMUL
  -------         ENDMOD        ?C?LMUL

  -------         MODULE        ?C?ULDIV
  C:0301H         PUBLIC        ?C?ULDIV
  -------         ENDMOD        ?C?ULDIV

  -------         MODULE        ?C?LNEG
  C:0393H         PUBLIC        ?C?LNEG
  -------         ENDMOD        ?C?LNEG

  -------         MODULE        ?C?ICALL
  C:03A1H         PUBLIC        ?C?ICALL
  C:03A5H         PUBLIC        ?C?ICALL2
  -------         ENDMOD        ?C?ICALL

  -------         MODULE        ?C?LIMUL
  C:03A7H         PUBLIC        ?C?LIMUL
  -------         ENDMOD        ?C?LIMUL

*** WARNING L16: UNCALLED SEGMENT, IGNORED FOR OVERLAY PROCESS
    SEGMENT: ?PR?_COMMODE_DATA?COMMUNICATION

*** WARNING L16: UNCALLED SEGMENT, IGNORED FOR OVERLAY PROCESS
    SEGMENT: ?PR?_COMMODE_DATA_WX?COMMUNICATION

*** WARNING L16: UNCALLED SEGMENT, IGNORED FOR OVERLAY PROCESS
    SEGMENT: ?PR?_UART_SEND_DATA_F?COMMUNICATION

*** WARNING L16: UNCALLED SEGMENT, IGNORED FOR OVERLAY PROCESS
    SEGMENT: ?PR?UART_SEND_DATA_MATCH?COMMUNICATION

*** WARNING L16: UNCALLED SEGMENT, IGNORED FOR OVERLAY PROCESS
BL51 BANKED LINKER/LOCATER V6.22                                                      07/02/2015  15:44:19  PAGE 56


    SEGMENT: ?PR?RECEIVE_BYTE?COMMUNICATION

*** WARNING L16: UNCALLED SEGMENT, IGNORED FOR OVERLAY PROCESS
    SEGMENT: ?PR?RECEIVE_BYTE_LOCK?COMMUNICATION

*** WARNING L16: UNCALLED SEGMENT, IGNORED FOR OVERLAY PROCESS
    SEGMENT: ?PR?RECEIVE_WORD?COMMUNICATION

*** WARNING L16: UNCALLED SEGMENT, IGNORED FOR OVERLAY PROCESS
    SEGMENT: ?PR?_DELAY_MS?DELAY

*** WARNING L16: UNCALLED SEGMENT, IGNORED FOR OVERLAY PROCESS
    SEGMENT: ?PR?ENSENSOR_AFTERIDCERT?OPERATION

*** WARNING L16: UNCALLED SEGMENT, IGNORED FOR OVERLAY PROCESS
    SEGMENT: ?PR?FELL_ALARM_TO_SLAVE?OPERATION

*** WARNING L16: UNCALLED SEGMENT, IGNORED FOR OVERLAY PROCESS
    SEGMENT: ?PR?RAISE_ALARM_TO_SLAVE?OPERATION

*** WARNING L16: UNCALLED SEGMENT, IGNORED FOR OVERLAY PROCESS
    SEGMENT: ?PR?BATSTOLEN_ALARM_TO_SLAVE?OPERATION

*** WARNING L16: UNCALLED SEGMENT, IGNORED FOR OVERLAY PROCESS
    SEGMENT: ?PR?_MAGNET_CW?OTHER

*** WARNING L16: UNCALLED SEGMENT, IGNORED FOR OVERLAY PROCESS
    SEGMENT: ?PR?_MAGNET_CW_TAILI?OTHER

*** WARNING L16: UNCALLED SEGMENT, IGNORED FOR OVERLAY PROCESS
    SEGMENT: ?PR?_MAGNET_ACW?OTHER

*** WARNING L16: UNCALLED SEGMENT, IGNORED FOR OVERLAY PROCESS
    SEGMENT: ?PR?_MAGNET_ACW_TAILI?OTHER

*** WARNING L16: UNCALLED SEGMENT, IGNORED FOR OVERLAY PROCESS
    SEGMENT: ?PR?MOTO_VIBRATION?OTHER

*** WARNING L16: UNCALLED SEGMENT, IGNORED FOR OVERLAY PROCESS
    SEGMENT: ?PR?MYPWM?PWM

*** WARNING L16: UNCALLED SEGMENT, IGNORED FOR OVERLAY PROCESS
    SEGMENT: ?PR?_INITTIMER?TIMER

*** WARNING L16: UNCALLED SEGMENT, IGNORED FOR OVERLAY PROCESS
    SEGMENT: ?PR?HSCH_START?TIMER

*** WARNING L16: UNCALLED SEGMENT, IGNORED FOR OVERLAY PROCESS
    SEGMENT: ?PR?SEOS_GO_TO_SLEEP?TIMER

*** WARNING L16: UNCALLED SEGMENT, IGNORED FOR OVERLAY PROCESS
    SEGMENT: ?PR?HOST_2NDTOUCH_SPEECH?VOICE

*** WARNING L16: UNCALLED SEGMENT, IGNORED FOR OVERLAY PROCESS
    SEGMENT: ?PR?BATTERY_STOLEN_SPEECH?VOICE

*** WARNING L16: UNCALLED SEGMENT, IGNORED FOR OVERLAY PROCESS
BL51 BANKED LINKER/LOCATER V6.22                                                      07/02/2015  15:44:19  PAGE 57


    SEGMENT: ?PR?CUTTING_WIRE_VOICE?VOICE

*** WARNING L16: UNCALLED SEGMENT, IGNORED FOR OVERLAY PROCESS
    SEGMENT: ?PR?PRODUCT_TEST_VOICE?VOICE

*** WARNING L16: UNCALLED SEGMENT, IGNORED FOR OVERLAY PROCESS
    SEGMENT: ?PR?BATTERY_LOW_ALARM_SPEECH?VOICE

*** WARNING L16: UNCALLED SEGMENT, IGNORED FOR OVERLAY PROCESS
    SEGMENT: ?PR?BATTERY_HIGH_ALARM_SPEECH?VOICE

*** WARNING L16: UNCALLED SEGMENT, IGNORED FOR OVERLAY PROCESS
    SEGMENT: ?PR?ALARM_STOLEN_SPEECH?VOICE

*** WARNING L16: UNCALLED SEGMENT, IGNORED FOR OVERLAY PROCESS
    SEGMENT: ?PR?ALARM_RAISED_SPEECH?VOICE

*** WARNING L16: UNCALLED SEGMENT, IGNORED FOR OVERLAY PROCESS
    SEGMENT: ?PR?ALARM_FELL_SPEECH?VOICE

*** WARNING L16: UNCALLED SEGMENT, IGNORED FOR OVERLAY PROCESS
    SEGMENT: ?PR?HOST_BATTERY_HIGH_ALARM_SPEECH?VOICE

*** WARNING L16: UNCALLED SEGMENT, IGNORED FOR OVERLAY PROCESS
    SEGMENT: ?PR?BATTERY_STOLEN_SPEECH_F3?VOICE

*** WARNING L16: UNCALLED SEGMENT, IGNORED FOR OVERLAY PROCESS
    SEGMENT: ?PR?WIRE_BROKEN_SPEECH?VOICE

*** WARNING L16: UNCALLED SEGMENT, IGNORED FOR OVERLAY PROCESS
    SEGMENT: ?PR?LOCK_ROTATED_ON_SPEECH?VOICE

*** WARNING L16: UNCALLED SEGMENT, IGNORED FOR OVERLAY PROCESS
    SEGMENT: ?PR?LOCK_ROTATED_OFF_SPEECH?VOICE

*** WARNING L16: UNCALLED SEGMENT, IGNORED FOR OVERLAY PROCESS
    SEGMENT: ?PR?_FLASH_READ_DATA?ISP_DATAFLASH

*** WARNING L16: UNCALLED SEGMENT, IGNORED FOR OVERLAY PROCESS
    SEGMENT: ?PR?SELF_LEARN_PROGRAMMING_F?ISP_DATAFLASH

*** WARNING L16: UNCALLED SEGMENT, IGNORED FOR OVERLAY PROCESS
    SEGMENT: ?PR?ELECMOTOR_TEST?ELECMOTOR

*** WARNING L16: UNCALLED SEGMENT, IGNORED FOR OVERLAY PROCESS
    SEGMENT: ?PR?HSCH_DISPATCH_TASKS?SCHEDULAR

*** WARNING L16: UNCALLED SEGMENT, IGNORED FOR OVERLAY PROCESS
    SEGMENT: ?PR?_HSCH_ADD_TASK?SCHEDULAR

*** WARNING L16: UNCALLED SEGMENT, IGNORED FOR OVERLAY PROCESS
    SEGMENT: ?PR?HSCH_UPDATE?SCHEDULAR

*** WARNING L15: MULTIPLE CALL TO SEGMENT
    SEGMENT: ?PR?_SC_SPEECH?VOICE
    CALLER1: ?PR?TIMER0?MAIN
    CALLER2: ?PR?UART_ISR?MAIN
BL51 BANKED LINKER/LOCATER V6.22                                                      07/02/2015  15:44:19  PAGE 58



Program Size: data=54.0 xdata=140 code=6446
LINK/LOCATE RUN COMPLETE.  42 WARNING(S),  0 ERROR(S)
