BL51 BANKED LINKER/LOCATER V6.22                                                        06/12/2015  15:49:41  PAGE 1


BL51 BANKED LINKER/LOCATER V6.22, INVOKED BY:
D:\PROGRAM FILES (X86)\KEIL_V5\C51\BIN\BL51.EXE .\AD.obj, .\Battery.obj, .\communication.obj, .\Delay.obj, .\operation.o
>> bj, .\Other.obj, .\pwm.obj, .\Timer.obj, .\UART.obj, .\voice.obj, .\ISP_DataFlash.obj, .\ElecMotor.obj, .\Schedular.o
>> bj, Main.obj TO DDC-Z RAMSIZE (256)


MEMORY MODEL: COMPACT


INPUT MODULES INCLUDED:
  .\AD.obj (AD)
  .\Battery.obj (BATTERY)
  .\communication.obj (COMMUNICATION)
  .\Delay.obj (DELAY)
  .\operation.obj (OPERATION)
  .\Other.obj (OTHER)
  .\pwm.obj (PWM)
  .\Timer.obj (TIMER)
  .\UART.obj (UART)
  .\voice.obj (VOICE)
  .\ISP_DataFlash.obj (ISP_DATAFLASH)
  .\ElecMotor.obj (ELECMOTOR)
  .\Schedular.obj (SCHEDULAR)
  Main.obj (MAIN)
  D:\PROGRAM FILES (X86)\KEIL_V5\C51\LIB\C51C.LIB (?C_STARTUP)
  D:\PROGRAM FILES (X86)\KEIL_V5\C51\LIB\C51C.LIB (?C?CLDPTR)
  D:\PROGRAM FILES (X86)\KEIL_V5\C51\LIB\C51C.LIB (?C?LMUL)
  D:\PROGRAM FILES (X86)\KEIL_V5\C51\LIB\C51C.LIB (?C?ULDIV)
  D:\PROGRAM FILES (X86)\KEIL_V5\C51\LIB\C51C.LIB (?C?LNEG)
  D:\PROGRAM FILES (X86)\KEIL_V5\C51\LIB\C51C.LIB (?C?ICALL)
  D:\PROGRAM FILES (X86)\KEIL_V5\C51\LIB\C51C.LIB (?C?LIMUL)
  D:\PROGRAM FILES (X86)\KEIL_V5\C51\LIB\C51C.LIB (?C_INIT)


LINK MAP OF MODULE:  DDC-Z (AD)


            TYPE    BASE      LENGTH    RELOCATION   SEGMENT NAME
            -----------------------------------------------------

            * * * * * * *   D A T A   M E M O R Y   * * * * * * *
            REG     0000H     0008H     ABSOLUTE     "REG BANK 0"
                    0008H     0018H                  *** GAP ***
            BIT     0020H.0   0004H.3   UNIT         ?BI?MAIN
            BIT     0024H.3   0000H.2   UNIT         ?BI?OPERATION
            BIT     0024H.5   0000H.1   UNIT         ?BI?_HSCH_ADD_TASK?SCHEDULAR
            BIT     0024H.6   0000H.1   UNIT         ?BI?_HSCH_DELETE_TASK?SCHEDULAR
                    0024H.7   0000H.1                *** GAP ***
            DATA    0025H     0028H     UNIT         ?DT?SCHEDULAR
            IDATA   004DH     0001H     UNIT         ?STACK

            * * * * * * *  X D A T A   M E M O R Y  * * * * * * *
            XDATA   0000H     0001H     INPAGE       ?PD?BATTERY
            XDATA   0001H     0003H     INPAGE       ?PD?INITSIGNAL_F?COMMUNICATION
            XDATA   0004H     0003H     INPAGE       ?PD?_SEND_DATA?COMMUNICATION
            XDATA   0007H     0003H     INPAGE       ?PD?_COMMODE_DATA?COMMUNICATION
            XDATA   000AH     0003H     INPAGE       ?PD?_COMMODE_DATA_WX?COMMUNICATION
            XDATA   000DH     0002H     INPAGE       ?PD?_UART_SEND_DATA_F?COMMUNICATION
BL51 BANKED LINKER/LOCATER V6.22                                                      06/12/2015  15:49:41  PAGE 2


            XDATA   000FH     0004H     INPAGE       ?PD?_SEND_CODE_TO_LOCK?COMMUNICATION
            XDATA   0013H     0004H     INPAGE       ?PD?_SEND_CODE_TO_LOCK_TAILI?COMMUNICATION
            XDATA   0017H     0007H     INPAGE       ?PD?COMMUNICATION
            XDATA   001EH     0002H     INPAGE       ?PD?_MAGNET_DELAY?DELAY
            XDATA   0020H     0002H     INPAGE       ?PD?DELAY
            XDATA   0022H     0004H     INPAGE       ?PD?_MAGNET_CW?OTHER
            XDATA   0026H     0004H     INPAGE       ?PD?_MAGNET_CW_TAILI?OTHER
            XDATA   002AH     0002H     INPAGE       ?PD?PWM
            XDATA   002CH     0002H     INPAGE       ?PD?_INITTIMER?TIMER
            XDATA   002EH     0004H     INPAGE       ?PD?TIMER
            XDATA   0032H     0001H     INPAGE       ?PD?VOICE
            XDATA   0033H     0003H     INPAGE       ?PD?_FLASH_READ_DATA?ISP_DATAFLASH
            XDATA   0036H     0001H     INPAGE       ?PD?HSCH_DISPATCH_TASKS?SCHEDULAR
            XDATA   0037H     0002H     INPAGE       ?PD?_HSCH_ADD_TASK?SCHEDULAR
            XDATA   0039H     0001H     INPAGE       ?PD?HSCH_UPDATE?SCHEDULAR
            XDATA   003AH     0004H     INPAGE       ?PD?SCHEDULAR
            XDATA   003EH     0039H     INPAGE       ?PD?MAIN
            XDATA   0077H     000BH     INPAGE       _PDATA_GROUP_

            * * * * * * *   C O D E   M E M O R Y   * * * * * * *
            CODE    0000H     0003H     ABSOLUTE     
            CODE    0003H     0008H     UNIT         ?PR?MOTO_VIBRATION?OTHER
            CODE    000BH     0003H     ABSOLUTE     
            CODE    000EH     0015H     UNIT         ?PR?_FLASH_PAGE_ERASE?ISP_DATAFLASH
            CODE    0023H     0003H     ABSOLUTE     
            CODE    0026H     022FH     UNIT         ?PR?TIMER0?MAIN
            CODE    0255H     0177H     UNIT         ?C?LIB_CODE
            CODE    03CCH     0167H     UNIT         ?PR?UART_ISR?MAIN
            CODE    0533H     00E8H     UNIT         ?C_INITSEG
            CODE    061BH     00C5H     UNIT         ?PR?HSCH_UPDATE?SCHEDULAR
            CODE    06E0H     00B5H     UNIT         ?PR?_VERIFYBATTERY?BATTERY
            CODE    0795H     00A5H     UNIT         ?PR?DETECT_SELFLEARN_ACTION?OPERATION
            CODE    083AH     008CH     UNIT         ?C_C51STARTUP
            CODE    08C6H     007DH     UNIT         ?PR?_HSCH_ADD_TASK?SCHEDULAR
            CODE    0943H     0078H     UNIT         ?PR?_GETADCRESULT?AD
            CODE    09BBH     0075H     UNIT         ?PR?_INITTIMER?TIMER
            CODE    0A30H     0073H     UNIT         ?PR?_SEND_CODE_TO_LOCK?COMMUNICATION
            CODE    0AA3H     0073H     UNIT         ?PR?_SEND_CODE_TO_LOCK_TAILI?COMMUNICATION
            CODE    0B16H     0071H     UNIT         ?PR?HSCH_DISPATCH_TASKS?SCHEDULAR
            CODE    0B87H     006AH     UNIT         ?PR?RECEIVE_BYTE?COMMUNICATION
            CODE    0BF1H     006AH     UNIT         ?PR?RECEIVE_BYTE_LOCK?COMMUNICATION
            CODE    0C5BH     0062H     UNIT         ?PR?_PWM_CHANNEL?PWM
            CODE    0CBDH     0060H     UNIT         ?PR?_SEND_DATA?COMMUNICATION
            CODE    0D1DH     0057H     UNIT         ?PR?_UART_SEND_DATA?COMMUNICATION
            CODE    0D74H     0056H     UNIT         ?PR?ELECMOTOR_CODE?ELECMOTOR
            CODE    0DCAH     0053H     UNIT         ?PR?SELF_LEARN_PROGRAMMING?ISP_DATAFLASH
            CODE    0E1DH     004BH     UNIT         ?PR?_HSCH_DELETE_TASK?SCHEDULAR
            CODE    0E68H     0048H     UNIT         ?PR?INITSIGNAL?COMMUNICATION
            CODE    0EB0H     0048H     UNIT         ?PR?INITSIGNAL_F?COMMUNICATION
            CODE    0EF8H     0047H     UNIT         ?PR?DISABLE_SENSOR?OTHER
            CODE    0F3FH     0045H     UNIT         ?PR?_UART_SEND_DATA_F?COMMUNICATION
            CODE    0F84H     0043H     UNIT         ?PR?UART_SEND_DATA_MATCH?COMMUNICATION
            CODE    0FC7H     0041H     UNIT         ?PR?RECEIVE_WORD?COMMUNICATION
            CODE    1008H     0041H     UNIT         ?PR?SELF_LEARN_PROGRAMMING_F?ISP_DATAFLASH
            CODE    1049H     003FH     UNIT         ?PR?_CUSTOM_DELAY?DELAY
            CODE    1088H     003EH     UNIT         ?PR?_MAGNET_DELAY?DELAY
            CODE    10C6H     0036H     UNIT         ?PR?_INITUART?UART
BL51 BANKED LINKER/LOCATER V6.22                                                      06/12/2015  15:49:41  PAGE 3


            CODE    10FCH     0036H     UNIT         ?PR?_SC_SPEECH?VOICE
            CODE    1132H     0034H     UNIT         ?PR?_COMMODE_DATA_WX?COMMUNICATION
            CODE    1166H     0032H     UNIT         ?PR?_COMMODE_DATA?COMMUNICATION
            CODE    1198H     0032H     UNIT         ?PR?ACCUMULATOR_VOICE_PROMOT?VOICE
            CODE    11CAH     0031H     UNIT         ?PR?_MAGNET_CW?OTHER
            CODE    11FBH     0031H     UNIT         ?PR?_MAGNET_CW_TAILI?OTHER
            CODE    122CH     0030H     UNIT         ?PR?_FLASH_WRITE_DATA?ISP_DATAFLASH
            CODE    125CH     002FH     UNIT         ?PR?DETECT_VIBRATION?OPERATION
            CODE    128BH     002CH     UNIT         ?PR?DETECT_WHEEL_MOVING?OPERATION
            CODE    12B7H     002BH     UNIT         ?PR?DETECT_CLOSE_ACTION?OPERATION
            CODE    12E2H     002BH     UNIT         ?PR?_SENDNBYTE?UART
            CODE    130DH     0029H     UNIT         ?PR?DETECT_OPEN_ACTION?OPERATION
            CODE    1336H     0026H     UNIT         ?PR?SELFLEARN_RESET?OPERATION
            CODE    135CH     0024H     UNIT         ?PR?SLAVE_NEARBY_OPERATION?OPERATION
            CODE    1380H     0023H     UNIT         ?PR?_INITT0?TIMER
            CODE    13A3H     0022H     UNIT         ?PR?ENSENSOR_AFTERIDCERT?OPERATION
            CODE    13C5H     0021H     UNIT         ?PR?SLAVE_AWAY_OPERATION?OPERATION
            CODE    13E6H     0021H     UNIT         ?PR?ENSENSOR_AFTER_SLAVE_AWAY?OPERATION
            CODE    1407H     0020H     UNIT         ?PR?_DELAY_MS?DELAY
            CODE    1427H     001EH     UNIT         ?PR?RESET_AFTER_STOLEN_ALARMING?OPERATION
            CODE    1445H     001EH     UNIT         ?PR?_FLASH_READ_DATA?ISP_DATAFLASH
            CODE    1463H     001CH     UNIT         ?PR?ELECMOTOR_DELAY_ACW?ELECMOTOR
            CODE    147FH     001BH     UNIT         ?PR?ENSENSOR_AFTER_CLOSE?OPERATION
            CODE    149AH     001BH     UNIT         ?PR?INITVOICE?VOICE
            CODE    14B5H     001AH     UNIT         ?PR?DELAY_1MS?DELAY
            CODE    14CFH     001AH     UNIT         ?PR?DELAY_5MS?DELAY
            CODE    14E9H     001AH     UNIT         ?PR?DELAY_10MS?DELAY
            CODE    1503H     001AH     UNIT         ?PR?DELAY_50MS?DELAY
            CODE    151DH     001AH     UNIT         ?PR?DELAY_100MS?DELAY
            CODE    1537H     001AH     UNIT         ?PR?DELAY_500MS?DELAY
            CODE    1551H     001AH     UNIT         ?PR?TRIGGER_ISP?ISP_DATAFLASH
            CODE    156BH     0019H     UNIT         ?PR?_DELAY_US?DELAY
            CODE    1584H     0018H     UNIT         ?PR?HOST_STOLEN_ACTION?OPERATION
            CODE    159CH     0018H     UNIT         ?PR?INIT_PWM?PWM
            CODE    15B4H     0017H     UNIT         ?PR?_DELAY?DELAY
            CODE    15CBH     0017H     UNIT         ?PR?MAIN?MAIN
            CODE    15E2H     0016H     UNIT         ?PR?FELL_ALARM_TO_SLAVE?OPERATION
            CODE    15F8H     0016H     UNIT         ?PR?RAISE_ALARM_TO_SLAVE?OPERATION
            CODE    160EH     0016H     UNIT         ?PR?BATSTOLEN_ALARM_TO_SLAVE?OPERATION
            CODE    1624H     0014H     UNIT         ?PR?DISABLE_ISP?ISP_DATAFLASH
            CODE    1638H     0013H     UNIT         ?PR?HOST_TOUCH_SPEECH?VOICE
            CODE    164BH     0013H     UNIT         ?PR?STOLEN_ALARM_SPEECH2?VOICE
            CODE    165EH     0013H     UNIT         ?PR?ENABLE_ISP?ISP_DATAFLASH
            CODE    1671H     0013H     UNIT         ?PR?ELECMOTOR_DELAY_CW?ELECMOTOR
            CODE    1684H     0011H     UNIT         ?PR?SELF_LEARN_SPEECH?VOICE
            CODE    1695H     0011H     UNIT         ?PR?IDCERTED_SPEECH?VOICE
            CODE    16A6H     0011H     UNIT         ?PR?ELECMOTOR_CW?ELECMOTOR
            CODE    16B7H     0010H     UNIT         ?PR?RESET_AFTER_WIREBROKEN?OPERATION
            CODE    16C7H     000FH     UNIT         ?PR?MOTORBAT_LOW_SPEECH?VOICE
            CODE    16D6H     000FH     UNIT         ?PR?ID_SPEECH?VOICE
            CODE    16E5H     000FH     UNIT         ?PR?HOST_2NDTOUCH_SPEECH?VOICE
            CODE    16F4H     000FH     UNIT         ?PR?STOLEN_ALARM_SPEECH1?VOICE
            CODE    1703H     000FH     UNIT         ?PR?OPEN_LOCK_SPEECH?VOICE
            CODE    1712H     000FH     UNIT         ?PR?CLOSE_LOCK_SPEECH?VOICE
            CODE    1721H     000FH     UNIT         ?PR?BATTERY_STOLEN_SPEECH?VOICE
            CODE    1730H     000FH     UNIT         ?PR?CUTTING_WIRE_VOICE?VOICE
            CODE    173FH     000FH     UNIT         ?PR?PRODUCT_TEST_VOICE?VOICE
BL51 BANKED LINKER/LOCATER V6.22                                                      06/12/2015  15:49:41  PAGE 4


            CODE    174EH     000FH     UNIT         ?PR?BATTERY_LOW_ALARM_SPEECH?VOICE
            CODE    175DH     000FH     UNIT         ?PR?BATTERY_HIGH_ALARM_SPEECH?VOICE
            CODE    176CH     000FH     UNIT         ?PR?ALARM_STOLEN_SPEECH?VOICE
            CODE    177BH     000FH     UNIT         ?PR?ALARM_RAISED_SPEECH?VOICE
            CODE    178AH     000FH     UNIT         ?PR?ALARM_FELL_SPEECH?VOICE
            CODE    1799H     000FH     UNIT         ?PR?HOST_BATTERY_HIGH_ALARM_SPEECH?VOICE
            CODE    17A8H     000FH     UNIT         ?PR?BATTERY_STOLEN_SPEECH_F3?VOICE
            CODE    17B7H     000FH     UNIT         ?PR?WIRE_BROKEN_SPEECH?VOICE
            CODE    17C6H     000FH     UNIT         ?PR?LOCK_ROTATED_ON_SPEECH?VOICE
            CODE    17D5H     000FH     UNIT         ?PR?LOCK_ROTATED_OFF_SPEECH?VOICE
            CODE    17E4H     000EH     UNIT         ?PR?_MAGNET_ACW?OTHER
            CODE    17F2H     000EH     UNIT         ?PR?_MAGNET_ACW_TAILI?OTHER
            CODE    1800H     000EH     UNIT         ?PR?ELECMOTOR_ACW?ELECMOTOR
            CODE    180EH     000DH     UNIT         ?PR?CHECK_MOTOR_ACCUMULATOR?BATTERY
            CODE    181BH     000CH     UNIT         ?PR?ENABLE_SENSOR?OTHER
            CODE    1827H     000BH     UNIT         ?PR?INITSENSOR?OPERATION
            CODE    1832H     0009H     UNIT         ?PR?INITTRANSCEIVER?COMMUNICATION
            CODE    183BH     0009H     UNIT         ?PR?DISABLE_SENSOR_AFTER_IDCERT?OPERATION
            CODE    1844H     0009H     UNIT         ?PR?ENTER_NOGUARD_VOICE?VOICE
            CODE    184DH     0008H     UNIT         ?PR?MYPWM?PWM
            CODE    1855H     0008H     UNIT         ?PR?_SENDDATA?UART
            CODE    185DH     0005H     UNIT         ?PR?OPEN_TRANCEIVER?COMMUNICATION
            CODE    1862H     0005H     UNIT         ?PR?CLOSE_TRANCEIVER?COMMUNICATION
            CODE    1867H     0004H     UNIT         ?PR?SEOS_GO_TO_SLEEP?TIMER
            CODE    186BH     0004H     UNIT         ?PR?HSCH_GO_TO_SLEEP?SCHEDULAR
            CODE    186FH     0003H     UNIT         ?PR?INITELECMOTOR?ELECMOTOR
            CODE    1872H     0001H     UNIT         ?PR?KEY_ROTATE_ON_SPEECH?VOICE
            CODE    1873H     0001H     UNIT         ?PR?HSCH_REPORT_STATUS?SCHEDULAR
                    1874H     178CH                  *** GAP ***
            CODE    3000H     0001H     ABSOLUTE     
            CODE    3001H     0001H     ABSOLUTE     
            CODE    3002H     0001H     ABSOLUTE     
            CODE    3003H     0001H     ABSOLUTE     
            CODE    3004H     0001H     ABSOLUTE     
            CODE    3005H     0001H     ABSOLUTE     



OVERLAY MAP OF MODULE:   DDC-Z (AD)


SEGMENT                                            PDATA_GROUP
  +--> CALLED SEGMENT                            START    LENGTH
----------------------------------------------------------------
?PR?TIMER0?MAIN                                  -----    -----
  +--> ?PR?CHECK_MOTOR_ACCUMULATOR?BATTERY
  +--> ?PR?ACCUMULATOR_VOICE_PROMOT?VOICE
  +--> ?PR?ENSENSOR_AFTER_SLAVE_AWAY?OPERATION
  +--> ?PR?ENSENSOR_AFTER_CLOSE?OPERATION
  +--> ?PR?FELL_ALARM_TO_SLAVE?OPERATION
  +--> ?PR?RAISE_ALARM_TO_SLAVE?OPERATION
  +--> ?PR?BATSTOLEN_ALARM_TO_SLAVE?OPERATION
  +--> ?PR?HOST_STOLEN_ACTION?OPERATION
  +--> ?PR?DISABLE_SENSOR_AFTER_IDCERT?OPERA...
  +--> ?PR?RESET_AFTER_WIREBROKEN?OPERATION
  +--> ?PR?RESET_AFTER_STOLEN_ALARMING?OPERA...
  +--> ?PR?SELFLEARN_RESET?OPERATION
BL51 BANKED LINKER/LOCATER V6.22                                                      06/12/2015  15:49:41  PAGE 5


  +--> ?PR?ENTER_NOGUARD_VOICE?VOICE
  +--> ?PR?DETECT_SELFLEARN_ACTION?OPERATION
  +--> ?PR?DETECT_VIBRATION?OPERATION
  +--> ?PR?DETECT_WHEEL_MOVING?OPERATION
  +--> ?PR?DETECT_OPEN_ACTION?OPERATION
  +--> ?PR?DETECT_CLOSE_ACTION?OPERATION
  +--> ?PR?DELAY_500MS?DELAY
  +--> ?PR?HOST_TOUCH_SPEECH?VOICE
  +--> ?PR?ID_SPEECH?VOICE

?PR?CHECK_MOTOR_ACCUMULATOR?BATTERY              -----    -----
  +--> ?PR?_GETADCRESULT?AD

?PR?ACCUMULATOR_VOICE_PROMOT?VOICE               -----    -----
  +--> ?PR?_VERIFYBATTERY?BATTERY

?PR?_VERIFYBATTERY?BATTERY                       0077H    0002H
  +--> ?PR?_SC_SPEECH?VOICE
  +--> ?PR?_DELAY?DELAY
  +--> ?PR?MOTORBAT_LOW_SPEECH?VOICE

?PR?_SC_SPEECH?VOICE                             0080H    0002H
  +--> ?PR?DELAY_50MS?DELAY
  +--> ?PR?_DELAY_US?DELAY

?PR?MOTORBAT_LOW_SPEECH?VOICE                    -----    -----
  +--> ?PR?_SC_SPEECH?VOICE
  +--> ?PR?_DELAY?DELAY

?PR?ENSENSOR_AFTER_SLAVE_AWAY?OPERATION          -----    -----
  +--> ?PR?ENABLE_SENSOR?OTHER

?PR?ENSENSOR_AFTER_CLOSE?OPERATION               -----    -----
  +--> ?PR?ENABLE_SENSOR?OTHER

?PR?FELL_ALARM_TO_SLAVE?OPERATION                -----    -----
  +--> ?PR?_UART_SEND_DATA?COMMUNICATION

?PR?_UART_SEND_DATA?COMMUNICATION                0077H    0002H
  +--> ?PR?OPEN_TRANCEIVER?COMMUNICATION
  +--> ?PR?INITSIGNAL?COMMUNICATION
  +--> ?PR?_SENDNBYTE?UART
  +--> ?PR?DELAY_10MS?DELAY
  +--> ?PR?CLOSE_TRANCEIVER?COMMUNICATION

?PR?INITSIGNAL?COMMUNICATION                     0079H    0003H
  +--> ?PR?_CUSTOM_DELAY?DELAY

?PR?_CUSTOM_DELAY?DELAY                          007CH    0004H

?PR?_SENDNBYTE?UART                              0079H    0003H
  +--> ?PR?_SENDDATA?UART

?PR?RAISE_ALARM_TO_SLAVE?OPERATION               -----    -----
  +--> ?PR?_UART_SEND_DATA?COMMUNICATION

?PR?BATSTOLEN_ALARM_TO_SLAVE?OPERATION           -----    -----
BL51 BANKED LINKER/LOCATER V6.22                                                      06/12/2015  15:49:41  PAGE 6


  +--> ?PR?_UART_SEND_DATA?COMMUNICATION

?PR?HOST_STOLEN_ACTION?OPERATION                 -----    -----
  +--> ?PR?STOLEN_ALARM_SPEECH1?VOICE
  +--> ?PR?_UART_SEND_DATA?COMMUNICATION
  +--> ?PR?STOLEN_ALARM_SPEECH2?VOICE

?PR?STOLEN_ALARM_SPEECH1?VOICE                   -----    -----
  +--> ?PR?_SC_SPEECH?VOICE
  +--> ?PR?_DELAY?DELAY

?PR?STOLEN_ALARM_SPEECH2?VOICE                   -----    -----
  +--> ?PR?_SC_SPEECH?VOICE
  +--> ?PR?_DELAY?DELAY

?PR?DISABLE_SENSOR_AFTER_IDCERT?OPERA...         -----    -----
  +--> ?PR?DISABLE_SENSOR?OTHER

?PR?RESET_AFTER_STOLEN_ALARMING?OPERA...         -----    -----
  +--> ?PR?CLOSE_TRANCEIVER?COMMUNICATION

?PR?ENTER_NOGUARD_VOICE?VOICE                    -----    -----
  +--> ?PR?SELF_LEARN_SPEECH?VOICE

?PR?SELF_LEARN_SPEECH?VOICE                      -----    -----
  +--> ?PR?_SC_SPEECH?VOICE
  +--> ?PR?_DELAY?DELAY

?PR?DETECT_SELFLEARN_ACTION?OPERATION            -----    -----
  +--> ?PR?SELF_LEARN_SPEECH?VOICE
  +--> ?PR?SELF_LEARN_PROGRAMMING?ISP_DATAFLASH

?PR?SELF_LEARN_PROGRAMMING?ISP_DATAFLASH         -----    -----
  +--> ?PR?_FLASH_PAGE_ERASE?ISP_DATAFLASH
  +--> ?PR?_FLASH_WRITE_DATA?ISP_DATAFLASH

?PR?_FLASH_PAGE_ERASE?ISP_DATAFLASH              0077H    0002H
  +--> ?PR?ENABLE_ISP?ISP_DATAFLASH
  +--> ?PR?TRIGGER_ISP?ISP_DATAFLASH
  +--> ?PR?DISABLE_ISP?ISP_DATAFLASH

?PR?ENABLE_ISP?ISP_DATAFLASH                     -----    -----
  +--> ?PR?TRIGGER_ISP?ISP_DATAFLASH

?PR?DISABLE_ISP?ISP_DATAFLASH                    -----    -----
  +--> ?PR?TRIGGER_ISP?ISP_DATAFLASH

?PR?_FLASH_WRITE_DATA?ISP_DATAFLASH              0077H    0003H
  +--> ?PR?ENABLE_ISP?ISP_DATAFLASH
  +--> ?PR?TRIGGER_ISP?ISP_DATAFLASH
  +--> ?PR?DISABLE_ISP?ISP_DATAFLASH

?PR?DETECT_OPEN_ACTION?OPERATION                 -----    -----
  +--> ?PR?DISABLE_SENSOR?OTHER
  +--> ?PR?ELECMOTOR_CW?ELECMOTOR
  +--> ?PR?SLAVE_NEARBY_OPERATION?OPERATION

BL51 BANKED LINKER/LOCATER V6.22                                                      06/12/2015  15:49:41  PAGE 7


?PR?ELECMOTOR_CW?ELECMOTOR                       -----    -----
  +--> ?PR?ELECMOTOR_CODE?ELECMOTOR
  +--> ?PR?ELECMOTOR_DELAY_CW?ELECMOTOR

?PR?ELECMOTOR_CODE?ELECMOTOR                     0077H    0002H
  +--> ?PR?DELAY_10MS?DELAY
  +--> ?PR?DELAY_5MS?DELAY

?PR?ELECMOTOR_DELAY_CW?ELECMOTOR                 -----    -----
  +--> ?PR?DELAY_500MS?DELAY

?PR?SLAVE_NEARBY_OPERATION?OPERATION             -----    -----
  +--> ?PR?OPEN_LOCK_SPEECH?VOICE
  +--> ?PR?_VERIFYBATTERY?BATTERY
  +--> ?PR?KEY_ROTATE_ON_SPEECH?VOICE

?PR?OPEN_LOCK_SPEECH?VOICE                       -----    -----
  +--> ?PR?_SC_SPEECH?VOICE
  +--> ?PR?_DELAY?DELAY

?PR?DETECT_CLOSE_ACTION?OPERATION                -----    -----
  +--> ?PR?DELAY_1MS?DELAY
  +--> ?PR?ELECMOTOR_ACW?ELECMOTOR
  +--> ?PR?SLAVE_AWAY_OPERATION?OPERATION

?PR?ELECMOTOR_ACW?ELECMOTOR                      -----    -----
  +--> ?PR?ELECMOTOR_DELAY_ACW?ELECMOTOR

?PR?ELECMOTOR_DELAY_ACW?ELECMOTOR                -----    -----
  +--> ?PR?DELAY_500MS?DELAY

?PR?SLAVE_AWAY_OPERATION?OPERATION               -----    -----
  +--> ?PR?CLOSE_LOCK_SPEECH?VOICE
  +--> ?PR?_DELAY?DELAY

?PR?CLOSE_LOCK_SPEECH?VOICE                      -----    -----
  +--> ?PR?_SC_SPEECH?VOICE
  +--> ?PR?_DELAY?DELAY

?PR?HOST_TOUCH_SPEECH?VOICE                      -----    -----
  +--> ?PR?_SC_SPEECH?VOICE
  +--> ?PR?_DELAY?DELAY

?PR?ID_SPEECH?VOICE                              -----    -----
  +--> ?PR?_SC_SPEECH?VOICE
  +--> ?PR?_DELAY?DELAY

*** NEW ROOT ***************************************************

?PR?UART_ISR?MAIN                                -----    -----
  +--> ?PR?IDCERTED_SPEECH?VOICE
  +--> ?PR?SELF_LEARN_SPEECH?VOICE
  +--> ?PR?ID_SPEECH?VOICE

?PR?IDCERTED_SPEECH?VOICE                        -----    -----
  +--> ?PR?ID_SPEECH?VOICE

BL51 BANKED LINKER/LOCATER V6.22                                                      06/12/2015  15:49:41  PAGE 8


*** NEW ROOT ***************************************************

?C_C51STARTUP                                    -----    -----
  +--> ?PR?MAIN?MAIN
  +--> ?C_INITSEG

?PR?MAIN?MAIN                                    -----    -----
  +--> ?PR?INITVOICE?VOICE
  +--> ?PR?_INITUART?UART
  +--> ?PR?INITSENSOR?OPERATION
  +--> ?PR?INITTRANSCEIVER?COMMUNICATION
  +--> ?PR?INITELECMOTOR?ELECMOTOR

?PR?INITVOICE?VOICE                              -----    -----
  +--> ?PR?_DELAY_US?DELAY

?PR?_INITUART?UART                               -----    -----
  +--> ?PR?_INITT0?TIMER

?PR?INITELECMOTOR?ELECMOTOR                      -----    -----
  +--> ?PR?ELECMOTOR_ACW?ELECMOTOR



SYMBOL TABLE OF MODULE:  DDC-Z (AD)

  VALUE           TYPE          NAME
  ----------------------------------

  -------         MODULE        AD
  C:0000H         SYMBOL        _ICE_DUMMY_
  D:0080H         PUBLIC        P0
  D:0090H         PUBLIC        P1
  D:00A0H         PUBLIC        P2
  D:00B0H         PUBLIC        P3
  D:00A8H         PUBLIC        IE
  D:00E2H         PUBLIC        ADCH
  B:00F8H.4       PUBLIC        ADCI
  D:00B8H         PUBLIC        IP
  B:00F8H.3       PUBLIC        ADCS
  D:00F6H         PUBLIC        P0DIDS
  D:00D8H         PUBLIC        WDCON0
  D:0098H         PUBLIC        SCON
  D:0088H         PUBLIC        TCON
  B:00F8H.0       PUBLIC        AADR0
  B:00F8H.1       PUBLIC        AADR1
  B:00F8H.2       PUBLIC        AADR2
  D:00E8H         PUBLIC        EIE
  D:00F8H         PUBLIC        ADCCON0
  D:00E1H         PUBLIC        ADCCON1
  D:00C0H         PUBLIC        I2CON
  D:00C8H         PUBLIC        T2CON
  C:0943H         PUBLIC        _GetADCResult
  D:00D0H         PUBLIC        PSW
  -------         PROC          _GETADCRESULT
  D:0007H         SYMBOL        ch
  -------         DO            
BL51 BANKED LINKER/LOCATER V6.22                                                      06/12/2015  15:49:41  PAGE 9


  D:0005H         SYMBOL        DataL
  D:0002H         SYMBOL        DataH
  -------         ENDDO         
  C:0943H         LINE#         17
  C:0943H         LINE#         18
  C:0943H         LINE#         19
  C:0944H         LINE#         20
  C:0945H         LINE#         22
  C:094AH         LINE#         23
  C:094AH         LINE#         25
  C:094DH         LINE#         27
  C:094FH         LINE#         28
  C:0951H         LINE#         29
  C:0953H         LINE#         31
  C:0956H         LINE#         33
  C:0958H         LINE#         34
  C:095AH         LINE#         36
  C:095CH         LINE#         37
  C:0963H         LINE#         39
  C:0967H         LINE#         40
  C:0979H         LINE#         42
  C:097DH         LINE#         43
  C:097DH         LINE#         45
  C:0982H         LINE#         46
  C:0982H         LINE#         48
  C:0985H         LINE#         51
  C:0987H         LINE#         52
  C:0989H         LINE#         53
  C:098BH         LINE#         55
  C:098EH         LINE#         57
  C:0990H         LINE#         58
  C:0992H         LINE#         60
  C:0994H         LINE#         61
  C:099BH         LINE#         63
  C:09A1H         LINE#         64
  C:09B3H         LINE#         66
  C:09B7H         LINE#         67
  C:09B7H         LINE#         69
  C:09BAH         LINE#         70
  -------         ENDPROC       _GETADCRESULT
  -------         ENDMOD        AD

  -------         MODULE        BATTERY
  C:0000H         SYMBOL        _ICE_DUMMY_
  C:180EH         PUBLIC        Check_motor_accumulator
  D:0080H         PUBLIC        P0
  D:0090H         PUBLIC        P1
  D:00A0H         PUBLIC        P2
  D:00B0H         PUBLIC        P3
  X:0000H         PUBLIC        Check2_stage
  B:0090H.4       PUBLIC        voice_EN
  D:00A8H         PUBLIC        IE
  D:00B8H         PUBLIC        IP
  C:06E0H         PUBLIC        _verifybattery
  D:00D8H         PUBLIC        WDCON0
  D:0098H         PUBLIC        SCON
  D:0088H         PUBLIC        TCON
BL51 BANKED LINKER/LOCATER V6.22                                                      06/12/2015  15:49:41  PAGE 10


  D:00E8H         PUBLIC        EIE
  D:00F8H         PUBLIC        ADCCON0
  D:00C0H         PUBLIC        I2CON
  D:00C8H         PUBLIC        T2CON
  D:00D0H         PUBLIC        PSW
  -------         PROC          CHECK_MOTOR_ACCUMULATOR
  C:180EH         LINE#         22
  C:180EH         LINE#         23
  C:180EH         LINE#         25
  C:181AH         LINE#         26
  -------         ENDPROC       CHECK_MOTOR_ACCUMULATOR
  -------         PROC          _VERIFYBATTERY
  X:0077H         SYMBOL        Check2
  C:06E0H         LINE#         33
  C:06E7H         LINE#         34
  C:06E7H         LINE#         96
  C:06EFH         LINE#         97
  C:06EFH         LINE#         98
  C:06F1H         LINE#         99
  C:06F6H         LINE#         100
  C:06F8H         LINE#         101
  C:06F8H         LINE#         102
  C:06FBH         LINE#         104
  C:0713H         LINE#         105
  C:0713H         LINE#         106
  C:0715H         LINE#         107
  C:071AH         LINE#         108
  C:071CH         LINE#         109
  C:071CH         LINE#         110
  C:071EH         LINE#         112
  C:0732H         LINE#         113
  C:0732H         LINE#         114
  C:0734H         LINE#         115
  C:0739H         LINE#         116
  C:073BH         LINE#         117
  C:073BH         LINE#         118
  C:073DH         LINE#         120
  C:0753H         LINE#         121
  C:0753H         LINE#         122
  C:0755H         LINE#         123
  C:075AH         LINE#         124
  C:075CH         LINE#         125
  C:075CH         LINE#         126
  C:075EH         LINE#         128
  C:0776H         LINE#         129
  C:0776H         LINE#         130
  C:0778H         LINE#         131
  C:077DH         LINE#         132
  C:0782H         LINE#         133
  C:0784H         LINE#         134
  C:0785H         LINE#         136
  C:0791H         LINE#         137
  C:0791H         LINE#         138
  C:0794H         LINE#         139
  C:0794H         LINE#         247
  -------         ENDPROC       _VERIFYBATTERY
  -------         ENDMOD        BATTERY
BL51 BANKED LINKER/LOCATER V6.22                                                      06/12/2015  15:49:41  PAGE 11



  -------         MODULE        COMMUNICATION
  C:0000H         SYMBOL        _ICE_DUMMY_
  C:0B87H         PUBLIC        receive_byte
  D:0080H         PUBLIC        P0
  D:0090H         PUBLIC        P1
  B:00B0H.0       PUBLIC        receive_wire
  D:00A0H         PUBLIC        P2
  D:00B0H         PUBLIC        P3
  C:1166H         PUBLIC        _ComMode_Data
  C:0D1DH         PUBLIC        _UART_Send_Data
  C:0FC7H         PUBLIC        receive_word
  D:00A8H         PUBLIC        IE
  C:1132H         PUBLIC        _ComMode_Data_WX
  D:00B8H         PUBLIC        IP
  C:1832H         PUBLIC        InitTransceiver
  B:0080H.1       PUBLIC        lock_code
  C:0F3FH         PUBLIC        _UART_Send_Data_F
  D:00D8H         PUBLIC        WDCON0
  B:0090H.0       PUBLIC        P10
  B:0090H.1       PUBLIC        P11
  C:1862H         PUBLIC        close_tranceiver
  D:0098H         PUBLIC        SCON
  D:0088H         PUBLIC        TCON
  C:0E68H         PUBLIC        initsignal
  B:00A0H.7       PUBLIC        transmiter_EN
  B:0090H.3       PUBLIC        receiver_EN
  C:185DH         PUBLIC        open_tranceiver
  C:0AA3H         PUBLIC        _send_code_to_lock_Taili
  D:00E8H         PUBLIC        EIE
  B:00A0H.3       PUBLIC        MagentControl_2
  D:00F8H         PUBLIC        ADCCON0
  D:00C0H         PUBLIC        I2CON
  C:0EB0H         PUBLIC        initsignal_F
  B:00A0H.6       PUBLIC        transmiter_power
  D:00C8H         PUBLIC        T2CON
  C:0CBDH         PUBLIC        _Send_Data
  C:0BF1H         PUBLIC        receive_byte_Lock
  B:0090H.0       PUBLIC        TXD
  C:0F84H         PUBLIC        UART_Send_Data_match
  C:0A30H         PUBLIC        _send_code_to_lock
  D:00D0H         PUBLIC        PSW
  X:0017H         PUBLIC        myTxRxData
  -------         PROC          INITTRANSCEIVER
  C:1832H         LINE#         38
  C:1832H         LINE#         39
  C:1832H         LINE#         40
  C:1834H         LINE#         41
  C:1836H         LINE#         42
  C:1838H         LINE#         43
  C:183AH         LINE#         44
  -------         ENDPROC       INITTRANSCEIVER
  -------         PROC          INITSIGNAL
  -------         DO            
  X:0079H         SYMBOL        k
  X:007AH         SYMBOL        k1
  X:007BH         SYMBOL        mystartbuffer
BL51 BANKED LINKER/LOCATER V6.22                                                      06/12/2015  15:49:41  PAGE 12


  -------         ENDDO         
  C:0E68H         LINE#         53
  C:0E68H         LINE#         54
  C:0E68H         LINE#         56
  C:0E6DH         LINE#         57
  C:0E70H         LINE#         58
  C:0E70H         LINE#         59
  C:0E74H         LINE#         60
  C:0E74H         LINE#         61
  C:0E77H         LINE#         62
  C:0E77H         LINE#         63
  C:0E77H         LINE#         64
  C:0E77H         LINE#         66
  C:0E77H         LINE#         68
  C:0E77H         LINE#         69
  C:0E79H         LINE#         70
  C:0E82H         LINE#         72
  C:0E82H         LINE#         73
  C:0E84H         LINE#         74
  C:0E8AH         LINE#         75
  C:0E93H         LINE#         77
  C:0E9EH         LINE#         78
  C:0EA3H         LINE#         81
  C:0EADH         LINE#         82
  C:0EAFH         LINE#         83
  -------         ENDPROC       INITSIGNAL
  -------         PROC          INITSIGNAL_F
  -------         DO            
  X:0001H         SYMBOL        k
  X:0002H         SYMBOL        k1
  X:0003H         SYMBOL        mystartbuffer
  -------         ENDDO         
  C:0EB0H         LINE#         85
  C:0EB0H         LINE#         86
  C:0EB0H         LINE#         88
  C:0EB5H         LINE#         89
  C:0EB8H         LINE#         90
  C:0EB8H         LINE#         91
  C:0EBCH         LINE#         92
  C:0EBCH         LINE#         93
  C:0EBFH         LINE#         94
  C:0EBFH         LINE#         95
  C:0EBFH         LINE#         96
  C:0EBFH         LINE#         98
  C:0EBFH         LINE#         100
  C:0EBFH         LINE#         101
  C:0EC1H         LINE#         102
  C:0ECAH         LINE#         104
  C:0ECAH         LINE#         105
  C:0ECCH         LINE#         106
  C:0ED2H         LINE#         107
  C:0EDBH         LINE#         109
  C:0EE6H         LINE#         110
  C:0EEBH         LINE#         113
  C:0EF5H         LINE#         114
  C:0EF7H         LINE#         115
  -------         ENDPROC       INITSIGNAL_F
BL51 BANKED LINKER/LOCATER V6.22                                                      06/12/2015  15:49:41  PAGE 13


  -------         PROC          _SEND_DATA
  X:0004H         SYMBOL        x
  -------         DO            
  X:0005H         SYMBOL        i
  X:0006H         SYMBOL        n
  -------         ENDDO         
  C:0CBDH         LINE#         121
  C:0CC1H         LINE#         122
  C:0CC1H         LINE#         124
  C:0CC4H         LINE#         125
  C:0CC4H         LINE#         126
  C:0CC8H         LINE#         127
  C:0CC8H         LINE#         128
  C:0CD2H         LINE#         129
  C:0CD2H         LINE#         130
  C:0CD4H         LINE#         131
  C:0CDCH         LINE#         132
  C:0CDEH         LINE#         134
  C:0CDEH         LINE#         135
  C:0CE0H         LINE#         136
  C:0CEBH         LINE#         137
  C:0CEBH         LINE#         138
  C:0CEDH         LINE#         139
  C:0CFBH         LINE#         140
  C:0D06H         LINE#         141
  C:0D11H         LINE#         142
  C:0D1CH         LINE#         143
  -------         ENDPROC       _SEND_DATA
  -------         PROC          _COMMODE_DATA
  X:0007H         SYMBOL        ComMode
  X:0008H         SYMBOL        x
  C:1166H         LINE#         151
  C:1170H         LINE#         152
  C:1170H         LINE#         153
  C:1172H         LINE#         154
  C:1177H         LINE#         155
  C:1179H         LINE#         156
  C:117EH         LINE#         157
  C:1182H         LINE#         158
  C:1188H         LINE#         160
  C:118BH         LINE#         161
  C:1193H         LINE#         163
  C:1195H         LINE#         164
  C:1197H         LINE#         165
  -------         ENDPROC       _COMMODE_DATA
  -------         PROC          _COMMODE_DATA_WX
  X:000AH         SYMBOL        ComMode
  X:000BH         SYMBOL        x
  C:1132H         LINE#         173
  C:113CH         LINE#         174
  C:113CH         LINE#         175
  C:113EH         LINE#         176
  C:1143H         LINE#         177
  C:1145H         LINE#         178
  C:114AH         LINE#         179
  C:114EH         LINE#         180
  C:1154H         LINE#         182
BL51 BANKED LINKER/LOCATER V6.22                                                      06/12/2015  15:49:41  PAGE 14


  C:1157H         LINE#         183
  C:115FH         LINE#         185
  C:1161H         LINE#         186
  C:1163H         LINE#         187
  C:1165H         LINE#         188
  -------         ENDPROC       _COMMODE_DATA_WX
  -------         PROC          _UART_SEND_DATA
  X:0077H         SYMBOL        command
  -------         DO            
  X:0078H         SYMBOL        ii
  -------         ENDDO         
  C:0D1DH         LINE#         193
  C:0D21H         LINE#         194
  C:0D21H         LINE#         195
  C:0D24H         LINE#         196
  C:0D27H         LINE#         197
  C:0D2FH         LINE#         198
  C:0D36H         LINE#         199
  C:0D3DH         LINE#         200
  C:0D44H         LINE#         201
  C:0D4BH         LINE#         202
  C:0D51H         LINE#         204
  C:0D54H         LINE#         206
  C:0D58H         LINE#         207
  C:0D58H         LINE#         208
  C:0D63H         LINE#         209
  C:0D66H         LINE#         210
  C:0D71H         LINE#         212
  -------         ENDPROC       _UART_SEND_DATA
  -------         PROC          _UART_SEND_DATA_F
  X:000DH         SYMBOL        command
  -------         DO            
  X:000EH         SYMBOL        ii
  -------         ENDDO         
  C:0F3FH         LINE#         218
  C:0F43H         LINE#         219
  C:0F43H         LINE#         220
  C:0F46H         LINE#         221
  C:0F49H         LINE#         222
  C:0F51H         LINE#         223
  C:0F58H         LINE#         224
  C:0F5FH         LINE#         225
  C:0F66H         LINE#         226
  C:0F6DH         LINE#         227
  C:0F73H         LINE#         229
  C:0F76H         LINE#         231
  C:0F81H         LINE#         233
  -------         ENDPROC       _UART_SEND_DATA_F
  -------         PROC          OPEN_TRANCEIVER
  C:185DH         LINE#         240
  C:185DH         LINE#         241
  C:185DH         LINE#         246
  C:185FH         LINE#         247
  C:1861H         LINE#         248
  -------         ENDPROC       OPEN_TRANCEIVER
  -------         PROC          CLOSE_TRANCEIVER
  C:1862H         LINE#         254
BL51 BANKED LINKER/LOCATER V6.22                                                      06/12/2015  15:49:41  PAGE 15


  C:1862H         LINE#         255
  C:1862H         LINE#         257
  C:1864H         LINE#         260
  C:1866H         LINE#         265
  -------         ENDPROC       CLOSE_TRANCEIVER
  -------         PROC          UART_SEND_DATA_MATCH
  C:0F84H         LINE#         270
  C:0F84H         LINE#         271
  C:0F84H         LINE#         272
  C:0F87H         LINE#         274
  C:0F8CH         LINE#         275
  C:0F90H         LINE#         276
  C:0F97H         LINE#         277
  C:0F9EH         LINE#         278
  C:0FA5H         LINE#         279
  C:0FACH         LINE#         280
  C:0FB3H         LINE#         282
  C:0FB6H         LINE#         284
  C:0FC1H         LINE#         285
  C:0FC4H         LINE#         287
  -------         ENDPROC       UART_SEND_DATA_MATCH
  -------         PROC          RECEIVE_BYTE
  C:0B87H         LINE#         294
  C:0B87H         LINE#         295
  C:0B87H         LINE#         297
  C:0B8AH         LINE#         298
  C:0B8AH         LINE#         300
  C:0B94H         LINE#         301
  C:0B94H         LINE#         302
  C:0B96H         LINE#         303
  C:0B96H         LINE#         304
  C:0B98H         LINE#         305
  C:0B99H         LINE#         308
  C:0B99H         LINE#         310
  C:0B9CH         LINE#         311
  C:0B9CH         LINE#         313
  C:0B9EH         LINE#         316
  C:0BADH         LINE#         317
  C:0BADH         LINE#         319
  C:0BB3H         LINE#         320
  C:0BB5H         LINE#         321
  C:0BB5H         LINE#         322
  C:0BB5H         LINE#         323
  C:0BB7H         LINE#         325
  C:0BBFH         LINE#         326
  C:0BBFH         LINE#         328
  C:0BC5H         LINE#         329
  C:0BC8H         LINE#         330
  C:0BCDH         LINE#         331
  C:0BD1H         LINE#         332
  C:0BD3H         LINE#         334
  C:0BD3H         LINE#         336
  C:0BD8H         LINE#         337
  C:0BD8H         LINE#         339
  C:0BDCH         LINE#         340
  C:0BDDH         LINE#         342
  C:0BDDH         LINE#         344
BL51 BANKED LINKER/LOCATER V6.22                                                      06/12/2015  15:49:41  PAGE 16


  C:0BE7H         LINE#         345
  C:0BE7H         LINE#         346
  C:0BEBH         LINE#         347
  C:0BEDH         LINE#         348
  C:0BF0H         LINE#         349
  C:0BF0H         LINE#         350
  C:0BF0H         LINE#         351
  C:0BF0H         LINE#         352
  -------         ENDPROC       RECEIVE_BYTE
  -------         PROC          RECEIVE_BYTE_LOCK
  C:0BF1H         LINE#         358
  C:0BF1H         LINE#         359
  C:0BF1H         LINE#         361
  C:0BF4H         LINE#         362
  C:0BF4H         LINE#         364
  C:0BFEH         LINE#         365
  C:0BFEH         LINE#         366
  C:0C00H         LINE#         367
  C:0C00H         LINE#         368
  C:0C02H         LINE#         369
  C:0C03H         LINE#         372
  C:0C03H         LINE#         374
  C:0C06H         LINE#         375
  C:0C06H         LINE#         377
  C:0C08H         LINE#         380
  C:0C17H         LINE#         381
  C:0C17H         LINE#         383
  C:0C1DH         LINE#         384
  C:0C1FH         LINE#         385
  C:0C1FH         LINE#         386
  C:0C1FH         LINE#         387
  C:0C21H         LINE#         389
  C:0C29H         LINE#         390
  C:0C29H         LINE#         392
  C:0C2FH         LINE#         393
  C:0C32H         LINE#         394
  C:0C37H         LINE#         395
  C:0C3BH         LINE#         396
  C:0C3DH         LINE#         398
  C:0C3DH         LINE#         400
  C:0C42H         LINE#         401
  C:0C42H         LINE#         403
  C:0C46H         LINE#         404
  C:0C47H         LINE#         406
  C:0C47H         LINE#         408
  C:0C51H         LINE#         409
  C:0C51H         LINE#         410
  C:0C55H         LINE#         411
  C:0C57H         LINE#         412
  C:0C5AH         LINE#         413
  C:0C5AH         LINE#         414
  C:0C5AH         LINE#         415
  C:0C5AH         LINE#         416
  -------         ENDPROC       RECEIVE_BYTE_LOCK
  -------         PROC          RECEIVE_WORD
  C:0FC7H         LINE#         422
  C:0FC7H         LINE#         423
BL51 BANKED LINKER/LOCATER V6.22                                                      06/12/2015  15:49:41  PAGE 17


  C:0FC7H         LINE#         425
  C:0FCEH         LINE#         426
  C:0FCEH         LINE#         427
  C:0FCFH         LINE#         429
  C:0FDCH         LINE#         432
  C:0FE5H         LINE#         433
  C:0FE5H         LINE#         434
  C:0FEAH         LINE#         435
  C:0FEBH         LINE#         437
  C:0FF5H         LINE#         438
  C:0FF5H         LINE#         439
  C:0FFAH         LINE#         440
  C:0FFBH         LINE#         441
  C:0FFFH         LINE#         442
  C:0FFFH         LINE#         443
  C:1001H         LINE#         444
  C:1001H         LINE#         445
  C:1003H         LINE#         447
  C:1003H         LINE#         448
  C:1007H         LINE#         449
  C:1007H         LINE#         450
  C:1007H         LINE#         451
  -------         ENDPROC       RECEIVE_WORD
  -------         PROC          _SEND_CODE_TO_LOCK
  D:0007H         SYMBOL        x
  X:000FH         SYMBOL        y
  -------         DO            
  X:0011H         SYMBOL        i
  X:0012H         SYMBOL        n
  -------         ENDDO         
  C:0A30H         LINE#         458
  C:0A37H         LINE#         459
  C:0A37H         LINE#         461
  C:0A3CH         LINE#         462
  C:0A40H         LINE#         463
  C:0A43H         LINE#         469
  C:0A47H         LINE#         470
  C:0A47H         LINE#         471
  C:0A4BH         LINE#         472
  C:0A4BH         LINE#         473
  C:0A55H         LINE#         474
  C:0A55H         LINE#         475
  C:0A57H         LINE#         476
  C:0A60H         LINE#         477
  C:0A62H         LINE#         479
  C:0A62H         LINE#         480
  C:0A64H         LINE#         481
  C:0A70H         LINE#         482
  C:0A70H         LINE#         483
  C:0A72H         LINE#         484
  C:0A80H         LINE#         485
  C:0A8CH         LINE#         486
  C:0A97H         LINE#         487
  C:0AA2H         LINE#         488
  -------         ENDPROC       _SEND_CODE_TO_LOCK
  -------         PROC          _SEND_CODE_TO_LOCK_TAILI
  D:0007H         SYMBOL        x
BL51 BANKED LINKER/LOCATER V6.22                                                      06/12/2015  15:49:41  PAGE 18


  X:0013H         SYMBOL        y
  -------         DO            
  X:0015H         SYMBOL        i
  X:0016H         SYMBOL        n
  -------         ENDDO         
  C:0AA3H         LINE#         495
  C:0AAAH         LINE#         496
  C:0AAAH         LINE#         498
  C:0AAFH         LINE#         499
  C:0AB3H         LINE#         500
  C:0AB6H         LINE#         506
  C:0ABAH         LINE#         507
  C:0ABAH         LINE#         508
  C:0ABEH         LINE#         509
  C:0ABEH         LINE#         510
  C:0AC8H         LINE#         511
  C:0AC8H         LINE#         512
  C:0ACAH         LINE#         513
  C:0AD3H         LINE#         514
  C:0AD5H         LINE#         516
  C:0AD5H         LINE#         517
  C:0AD7H         LINE#         518
  C:0AE3H         LINE#         519
  C:0AE3H         LINE#         520
  C:0AE5H         LINE#         521
  C:0AF3H         LINE#         522
  C:0AFFH         LINE#         523
  C:0B0AH         LINE#         524
  C:0B15H         LINE#         525
  -------         ENDPROC       _SEND_CODE_TO_LOCK_TAILI
  -------         ENDMOD        COMMUNICATION

  -------         MODULE        DELAY
  C:0000H         SYMBOL        _ICE_DUMMY_
  D:0080H         PUBLIC        P0
  D:0090H         PUBLIC        P1
  D:00A0H         PUBLIC        P2
  D:00B0H         PUBLIC        P3
  X:0020H         PUBLIC        Timeout_loop
  D:00A8H         PUBLIC        IE
  C:14E9H         PUBLIC        Delay_10ms
  C:1503H         PUBLIC        Delay_50ms
  D:00B8H         PUBLIC        IP
  B:0090H.2       PUBLIC        magnet_overcurrent
  D:00D8H         PUBLIC        WDCON0
  C:1088H         PUBLIC        _Magnet_Delay
  D:0098H         PUBLIC        SCON
  D:0088H         PUBLIC        TCON
  C:151DH         PUBLIC        Delay_100ms
  C:1537H         PUBLIC        Delay_500ms
  C:1049H         PUBLIC        _Custom_Delay
  C:1407H         PUBLIC        _delay_ms
  D:00E8H         PUBLIC        EIE
  D:00F8H         PUBLIC        ADCCON0
  C:156BH         PUBLIC        _delay_us
  D:00C0H         PUBLIC        I2CON
  C:14B5H         PUBLIC        Delay_1ms
BL51 BANKED LINKER/LOCATER V6.22                                                      06/12/2015  15:49:41  PAGE 19


  D:00C8H         PUBLIC        T2CON
  C:14CFH         PUBLIC        Delay_5ms
  C:15B4H         PUBLIC        _Delay
  D:00D0H         PUBLIC        PSW
  -------         PROC          DELAY_1MS
  C:14B5H         LINE#         15
  C:14B5H         LINE#         16
  C:14B5H         LINE#         17
  C:14BEH         LINE#         20
  C:14CEH         LINE#         21
  -------         ENDPROC       DELAY_1MS
  -------         PROC          DELAY_5MS
  C:14CFH         LINE#         23
  C:14CFH         LINE#         24
  C:14CFH         LINE#         25
  C:14D8H         LINE#         28
  C:14E8H         LINE#         29
  -------         ENDPROC       DELAY_5MS
  -------         PROC          DELAY_10MS
  C:14E9H         LINE#         31
  C:14E9H         LINE#         32
  C:14E9H         LINE#         33
  C:14F2H         LINE#         36
  C:1502H         LINE#         37
  -------         ENDPROC       DELAY_10MS
  -------         PROC          DELAY_50MS
  C:1503H         LINE#         40
  C:1503H         LINE#         41
  C:1503H         LINE#         42
  C:150CH         LINE#         45
  C:151CH         LINE#         46
  -------         ENDPROC       DELAY_50MS
  -------         PROC          DELAY_100MS
  C:151DH         LINE#         49
  C:151DH         LINE#         50
  C:151DH         LINE#         51
  C:1526H         LINE#         54
  C:1536H         LINE#         55
  -------         ENDPROC       DELAY_100MS
  -------         PROC          DELAY_500MS
  C:1537H         LINE#         58
  C:1537H         LINE#         59
  C:1537H         LINE#         60
  C:1540H         LINE#         63
  C:1550H         LINE#         64
  -------         ENDPROC       DELAY_500MS
  -------         PROC          _DELAY
  D:0007H         SYMBOL        n
  -------         DO            
  D:0004H         SYMBOL        x
  -------         ENDDO         
  C:15B4H         LINE#         71
  C:15B4H         LINE#         72
  C:15B4H         LINE#         74
  C:15BAH         LINE#         75
  C:15BAH         LINE#         76
  C:15BEH         LINE#         77
BL51 BANKED LINKER/LOCATER V6.22                                                      06/12/2015  15:49:41  PAGE 20


  C:15CAH         LINE#         79
  -------         ENDPROC       _DELAY
  -------         PROC          _CUSTOM_DELAY
  D:0007H         SYMBOL        t
  X:007CH         SYMBOL        m
  -------         DO            
  X:007EH         SYMBOL        i
  D:0006H         SYMBOL        j
  -------         ENDDO         
  C:1049H         LINE#         85
  C:1050H         LINE#         86
  C:1050H         LINE#         89
  C:1062H         LINE#         90
  C:1087H         LINE#         91
  -------         ENDPROC       _CUSTOM_DELAY
  -------         PROC          _DELAY_MS
  D:0006H         SYMBOL        count
  -------         DO            
  D:0004H         SYMBOL        i
  D:0002H         SYMBOL        j
  -------         ENDDO         
  C:1407H         LINE#         98
  C:1407H         LINE#         99
  C:1407H         LINE#         101
  C:1411H         LINE#         102
  C:1411H         LINE#         103
  C:141FH         LINE#         104
  C:1426H         LINE#         105
  -------         ENDPROC       _DELAY_MS
  -------         PROC          _DELAY_US
  D:0006H         SYMBOL        count1
  -------         DO            
  D:0004H         SYMBOL        i
  D:0003H         SYMBOL        j
  -------         ENDDO         
  C:156BH         LINE#         113
  C:156BH         LINE#         114
  C:156BH         LINE#         117
  C:1575H         LINE#         118
  C:1575H         LINE#         119
  C:157CH         LINE#         120
  C:1583H         LINE#         121
  -------         ENDPROC       _DELAY_US
  -------         PROC          _MAGNET_DELAY
  X:001EH         SYMBOL        x
  D:0004H         SYMBOL        y
  -------         DO            
  D:0001H         SYMBOL        i
  D:0002H         SYMBOL        j
  -------         ENDDO         
  C:1088H         LINE#         127
  C:108FH         LINE#         128
  C:108FH         LINE#         131
  C:1091H         LINE#         132
  C:1091H         LINE#         133
  C:10A5H         LINE#         134
  C:10AAH         LINE#         135
BL51 BANKED LINKER/LOCATER V6.22                                                      06/12/2015  15:49:41  PAGE 21


  C:10ACH         LINE#         136
  C:10ACH         LINE#         138
  C:10AFH         LINE#         139
  C:10AFH         LINE#         140
  C:10C0H         LINE#         141
  C:10C0H         LINE#         143
  C:10C0H         LINE#         145
  C:10C0H         LINE#         146
  C:10C5H         LINE#         147
  -------         ENDPROC       _MAGNET_DELAY
  -------         ENDMOD        DELAY

  -------         MODULE        OPERATION
  C:0000H         SYMBOL        _ICE_DUMMY_
  D:0080H         PUBLIC        P0
  D:0090H         PUBLIC        P1
  B:0080H.3       PUBLIC        fell_sensor_detect
  D:00A0H         PUBLIC        P2
  D:00B0H         PUBLIC        P3
  D:00A8H         PUBLIC        IE
  B:0024H.3       PUBLIC        sensor_EN
  C:125CH         PUBLIC        Detect_vibration
  C:1827H         PUBLIC        InitSensor
  D:00B8H         PUBLIC        IP
  C:16B7H         PUBLIC        Reset_after_wirebroken
  B:0080H.1       PUBLIC        wire_broken
  C:160EH         PUBLIC        Batstolen_Alarm_to_Slave
  C:1427H         PUBLIC        Reset_after_stolen_alarming
  D:00D8H         PUBLIC        WDCON0
  D:0098H         PUBLIC        SCON
  D:0088H         PUBLIC        TCON
  C:12B7H         PUBLIC        Detect_close_action
  C:135CH         PUBLIC        slave_nearby_operation
  B:00A0H.4       PUBLIC        key_rotate
  C:128BH         PUBLIC        Detect_wheel_moving
  C:183BH         PUBLIC        Disable_sensor_after_IDcert
  B:0080H.7       PUBLIC        horizontal_sensor
  D:00E8H         PUBLIC        EIE
  C:130DH         PUBLIC        Detect_open_action
  B:0080H.2       PUBLIC        wheeled_rotate
  B:0080H.4       PUBLIC        raised_sensor_detect
  D:00F8H         PUBLIC        ADCCON0
  C:13E6H         PUBLIC        Ensensor_after_slave_away
  D:00C0H         PUBLIC        I2CON
  C:147FH         PUBLIC        ENsensor_After_Close
  C:0795H         PUBLIC        Detect_selflearn_action
  C:13A3H         PUBLIC        ENsensor_afterIDcert
  D:00C8H         PUBLIC        T2CON
  C:1336H         PUBLIC        SelfLearn_Reset
  C:15F8H         PUBLIC        Raise_Alarm_to_Slave
  C:13C5H         PUBLIC        slave_away_operation
  B:0024H.4       PUBLIC        enable_sensor_delayEN
  C:15E2H         PUBLIC        Fell_Alarm_to_Slave
  D:00D0H         PUBLIC        PSW
  B:0080H.0       PUBLIC        sensor_detect
  C:1584H         PUBLIC        Host_stolen_action
  -------         PROC          SLAVE_AWAY_OPERATION
BL51 BANKED LINKER/LOCATER V6.22                                                      06/12/2015  15:49:41  PAGE 22


  C:13C5H         LINE#         89
  C:13C5H         LINE#         90
  C:13C5H         LINE#         91
  C:13C8H         LINE#         92
  C:13C8H         LINE#         93
  C:13CBH         LINE#         95
  C:13CDH         LINE#         96
  C:13D1H         LINE#         97
  C:13D1H         LINE#         99
  C:13D3H         LINE#         100
  C:13D7H         LINE#         102
  C:13DCH         LINE#         103
  C:13E0H         LINE#         105
  C:13E3H         LINE#         106
  C:13E5H         LINE#         107
  -------         ENDPROC       SLAVE_AWAY_OPERATION
  -------         PROC          SLAVE_NEARBY_OPERATION
  C:135CH         LINE#         113
  C:135CH         LINE#         114
  C:135CH         LINE#         115
  C:135EH         LINE#         117
  C:1360H         LINE#         118
  C:1364H         LINE#         119
  C:1366H         LINE#         120
  C:1369H         LINE#         122
  C:136CH         LINE#         123
  C:136CH         LINE#         124
  C:136FH         LINE#         125
  C:1372H         LINE#         126
  C:137CH         LINE#         127
  C:137FH         LINE#         128
  C:137FH         LINE#         129
  -------         ENDPROC       SLAVE_NEARBY_OPERATION
  -------         PROC          INITSENSOR
  C:1827H         LINE#         135
  C:1827H         LINE#         136
  C:1827H         LINE#         137
  C:1829H         LINE#         138
  C:182BH         LINE#         139
  C:182DH         LINE#         140
  C:182FH         LINE#         141
  C:1831H         LINE#         142
  -------         ENDPROC       INITSENSOR
  -------         PROC          HOST_STOLEN_ACTION
  C:1584H         LINE#         148
  C:1584H         LINE#         149
  C:1584H         LINE#         151
  C:1587H         LINE#         152
  C:1587H         LINE#         153
  C:1589H         LINE#         155
  C:158CH         LINE#         157
  C:158FH         LINE#         158
  C:158FH         LINE#         159
  C:1591H         LINE#         160
  C:1593H         LINE#         162
  C:1593H         LINE#         163
  C:1598H         LINE#         164
BL51 BANKED LINKER/LOCATER V6.22                                                      06/12/2015  15:49:41  PAGE 23


  C:1598H         LINE#         166
  C:159BH         LINE#         167
  C:159BH         LINE#         168
  -------         ENDPROC       HOST_STOLEN_ACTION
  -------         PROC          ENSENSOR_AFTERIDCERT
  C:13A3H         LINE#         175
  C:13A3H         LINE#         176
  C:13A3H         LINE#         177
  C:13A6H         LINE#         178
  C:13A6H         LINE#         180
  C:13B0H         LINE#         181
  C:13B0H         LINE#         182
  C:13B2H         LINE#         183
  C:13B4H         LINE#         184
  C:13B7H         LINE#         187
  C:13BFH         LINE#         188
  C:13BFH         LINE#         189
  C:13C2H         LINE#         190
  C:13C2H         LINE#         191
  C:13C4H         LINE#         193
  C:13C4H         LINE#         194
  C:13C4H         LINE#         195
  -------         ENDPROC       ENSENSOR_AFTERIDCERT
  -------         PROC          ENSENSOR_AFTER_CLOSE
  C:147FH         LINE#         200
  C:147FH         LINE#         201
  C:147FH         LINE#         202
  C:1485H         LINE#         203
  C:1485H         LINE#         204
  C:148FH         LINE#         205
  C:148FH         LINE#         206
  C:1491H         LINE#         207
  C:1493H         LINE#         208
  C:1496H         LINE#         209
  C:1499H         LINE#         210
  C:1499H         LINE#         211
  C:1499H         LINE#         212
  -------         ENDPROC       ENSENSOR_AFTER_CLOSE
  -------         PROC          SELFLEARN_RESET
  C:1336H         LINE#         218
  C:1336H         LINE#         219
  C:1336H         LINE#         220
  C:1339H         LINE#         221
  C:1339H         LINE#         222
  C:1343H         LINE#         223
  C:1343H         LINE#         224
  C:1345H         LINE#         225
  C:1347H         LINE#         227
  C:134CH         LINE#         228
  C:1351H         LINE#         229
  C:1353H         LINE#         230
  C:1355H         LINE#         231
  C:1357H         LINE#         232
  C:1359H         LINE#         233
  C:135BH         LINE#         234
  C:135BH         LINE#         235
  C:135BH         LINE#         236
BL51 BANKED LINKER/LOCATER V6.22                                                      06/12/2015  15:49:41  PAGE 24


  -------         ENDPROC       SELFLEARN_RESET
  -------         PROC          FELL_ALARM_TO_SLAVE
  C:15E2H         LINE#         242
  C:15E2H         LINE#         243
  C:15E2H         LINE#         244
  C:15EDH         LINE#         245
  C:15EDH         LINE#         246
  C:15F2H         LINE#         247
  C:15F7H         LINE#         248
  C:15F7H         LINE#         249
  -------         ENDPROC       FELL_ALARM_TO_SLAVE
  -------         PROC          RAISE_ALARM_TO_SLAVE
  C:15F8H         LINE#         255
  C:15F8H         LINE#         256
  C:15F8H         LINE#         257
  C:1603H         LINE#         258
  C:1603H         LINE#         259
  C:1608H         LINE#         260
  C:160DH         LINE#         261
  C:160DH         LINE#         262
  -------         ENDPROC       RAISE_ALARM_TO_SLAVE
  -------         PROC          BATSTOLEN_ALARM_TO_SLAVE
  C:160EH         LINE#         268
  C:160EH         LINE#         269
  C:160EH         LINE#         270
  C:1619H         LINE#         271
  C:1619H         LINE#         272
  C:161EH         LINE#         273
  C:1623H         LINE#         274
  C:1623H         LINE#         275
  -------         ENDPROC       BATSTOLEN_ALARM_TO_SLAVE
  -------         PROC          DISABLE_SENSOR_AFTER_IDCERT
  C:183BH         LINE#         280
  C:183BH         LINE#         281
  C:183BH         LINE#         282
  C:183EH         LINE#         283
  C:183EH         LINE#         284
  C:1840H         LINE#         286
  C:1843H         LINE#         287
  C:1843H         LINE#         288
  -------         ENDPROC       DISABLE_SENSOR_AFTER_IDCERT
  -------         PROC          RESET_AFTER_WIREBROKEN
  C:16B7H         LINE#         293
  C:16B7H         LINE#         294
  C:16B7H         LINE#         295
  C:16BAH         LINE#         296
  C:16BAH         LINE#         297
  C:16BCH         LINE#         298
  C:16C0H         LINE#         299
  C:16C2H         LINE#         300
  C:16C4H         LINE#         301
  C:16C6H         LINE#         302
  C:16C6H         LINE#         303
  -------         ENDPROC       RESET_AFTER_WIREBROKEN
  -------         PROC          RESET_AFTER_STOLEN_ALARMING
  C:1427H         LINE#         309
  C:1427H         LINE#         310
BL51 BANKED LINKER/LOCATER V6.22                                                      06/12/2015  15:49:41  PAGE 25


  C:1427H         LINE#         311
  C:142AH         LINE#         312
  C:142AH         LINE#         313
  C:1434H         LINE#         314
  C:1434H         LINE#         315
  C:1438H         LINE#         316
  C:143AH         LINE#         317
  C:143CH         LINE#         318
  C:143EH         LINE#         319
  C:1441H         LINE#         320
  C:1444H         LINE#         321
  C:1444H         LINE#         322
  C:1444H         LINE#         323
  -------         ENDPROC       RESET_AFTER_STOLEN_ALARMING
  -------         PROC          ENSENSOR_AFTER_SLAVE_AWAY
  C:13E6H         LINE#         328
  C:13E6H         LINE#         329
  C:13E6H         LINE#         330
  C:13EFH         LINE#         331
  C:13EFH         LINE#         332
  C:13F9H         LINE#         333
  C:13F9H         LINE#         334
  C:13FCH         LINE#         335
  C:13FEH         LINE#         336
  C:1400H         LINE#         337
  C:1403H         LINE#         338
  C:1406H         LINE#         339
  C:1406H         LINE#         340
  C:1406H         LINE#         341
  -------         ENDPROC       ENSENSOR_AFTER_SLAVE_AWAY
  -------         PROC          DETECT_SELFLEARN_ACTION
  C:0795H         LINE#         346
  C:0795H         LINE#         347
  C:0795H         LINE#         348
  C:079BH         LINE#         349
  C:079BH         LINE#         350
  C:079EH         LINE#         351
  C:079EH         LINE#         352
  C:07A4H         LINE#         354
  C:07BBH         LINE#         355
  C:07BBH         LINE#         356
  C:07C2H         LINE#         357
  C:07C4H         LINE#         358
  C:07C6H         LINE#         359
  C:07C8H         LINE#         360
  C:07CAH         LINE#         361
  C:07CCH         LINE#         362
  C:07CEH         LINE#         364
  C:07CEH         LINE#         365
  C:07D0H         LINE#         366
  C:07D3H         LINE#         367
  C:07D5H         LINE#         368
  C:07D8H         LINE#         369
  C:07DAH         LINE#         370
  C:07DAH         LINE#         371
  C:07DCH         LINE#         373
  C:07DCH         LINE#         374
BL51 BANKED LINKER/LOCATER V6.22                                                      06/12/2015  15:49:41  PAGE 26


  C:07E2H         LINE#         376
  C:07E5H         LINE#         377
  C:07E7H         LINE#         379
  C:07EAH         LINE#         380
  C:07ECH         LINE#         382
  C:07EFH         LINE#         383
  C:07EFH         LINE#         384
  C:07F1H         LINE#         385
  C:07F3H         LINE#         386
  C:07F6H         LINE#         387
  C:07F6H         LINE#         389
  C:080DH         LINE#         390
  C:080DH         LINE#         391
  C:0814H         LINE#         392
  C:0816H         LINE#         393
  C:0818H         LINE#         394
  C:081AH         LINE#         395
  C:081CH         LINE#         396
  C:081EH         LINE#         397
  C:0820H         LINE#         398
  C:0820H         LINE#         399
  C:0820H         LINE#         400
  C:0820H         LINE#         402
  C:0823H         LINE#         403
  C:0823H         LINE#         404
  C:0825H         LINE#         405
  C:0827H         LINE#         406
  C:0829H         LINE#         407
  C:082BH         LINE#         408
  C:082DH         LINE#         409
  C:082FH         LINE#         410
  C:0831H         LINE#         411
  C:0833H         LINE#         413
  C:0836H         LINE#         415
  C:0839H         LINE#         420
  C:0839H         LINE#         421
  -------         ENDPROC       DETECT_SELFLEARN_ACTION
  -------         PROC          DETECT_OPEN_ACTION
  C:130DH         LINE#         426
  C:130DH         LINE#         427
  C:130DH         LINE#         429
  C:1318H         LINE#         430
  C:1318H         LINE#         431
  C:131BH         LINE#         432
  C:1320H         LINE#         433
  C:1322H         LINE#         435
  C:1326H         LINE#         436
  C:1328H         LINE#         437
  C:132BH         LINE#         438
  C:132DH         LINE#         439
  C:1330H         LINE#         440
  C:1333H         LINE#         442
  C:1335H         LINE#         443
  C:1335H         LINE#         444
  -------         ENDPROC       DETECT_OPEN_ACTION
  -------         PROC          DETECT_CLOSE_ACTION
  C:12B7H         LINE#         449
BL51 BANKED LINKER/LOCATER V6.22                                                      06/12/2015  15:49:41  PAGE 27


  C:12B7H         LINE#         450
  C:12B7H         LINE#         451
  C:12C4H         LINE#         452
  C:12C4H         LINE#         453
  C:12CAH         LINE#         454
  C:12CAH         LINE#         455
  C:12CDH         LINE#         456
  C:12D3H         LINE#         457
  C:12D3H         LINE#         458
  C:12D6H         LINE#         460
  C:12DAH         LINE#         461
  C:12DDH         LINE#         462
  C:12DFH         LINE#         463
  C:12E1H         LINE#         464
  C:12E1H         LINE#         465
  C:12E1H         LINE#         466
  C:12E1H         LINE#         467
  -------         ENDPROC       DETECT_CLOSE_ACTION
  -------         PROC          DETECT_VIBRATION
  C:125CH         LINE#         472
  C:125CH         LINE#         473
  C:125CH         LINE#         474
  C:1262H         LINE#         475
  C:1262H         LINE#         476
  C:1264H         LINE#         477
  C:126AH         LINE#         478
  C:126AH         LINE#         479
  C:126DH         LINE#         480
  C:126DH         LINE#         481
  C:1284H         LINE#         482
  C:1284H         LINE#         483
  C:1286H         LINE#         484
  C:128AH         LINE#         485
  C:128AH         LINE#         486
  C:128AH         LINE#         487
  -------         ENDPROC       DETECT_VIBRATION
  -------         PROC          DETECT_WHEEL_MOVING
  C:128BH         LINE#         492
  C:128BH         LINE#         493
  C:128BH         LINE#         494
  C:128EH         LINE#         495
  C:128EH         LINE#         496
  C:1290H         LINE#         497
  C:1296H         LINE#         498
  C:1296H         LINE#         499
  C:1299H         LINE#         500
  C:1299H         LINE#         501
  C:12B0H         LINE#         502
  C:12B0H         LINE#         503
  C:12B2H         LINE#         504
  C:12B6H         LINE#         505
  C:12B6H         LINE#         506
  C:12B6H         LINE#         507
  -------         ENDPROC       DETECT_WHEEL_MOVING
  -------         ENDMOD        OPERATION

  -------         MODULE        OTHER
BL51 BANKED LINKER/LOCATER V6.22                                                      06/12/2015  15:49:41  PAGE 28


  C:0000H         SYMBOL        _ICE_DUMMY_
  D:0080H         PUBLIC        P0
  D:0090H         PUBLIC        P1
  D:00A0H         PUBLIC        P2
  D:00B0H         PUBLIC        P3
  D:00A8H         PUBLIC        IE
  C:17F2H         PUBLIC        _magnet_ACW_Taili
  B:00A0H.4       PUBLIC        Moto_EN
  D:00B8H         PUBLIC        IP
  D:00D8H         PUBLIC        WDCON0
  D:0098H         PUBLIC        SCON
  D:0088H         PUBLIC        TCON
  C:0003H         PUBLIC        Moto_Vibration
  C:17E4H         PUBLIC        _magnet_ACW
  C:181BH         PUBLIC        Enable_sensor
  C:11FBH         PUBLIC        _magnet_CW_Taili
  D:00E8H         PUBLIC        EIE
  C:0EF8H         PUBLIC        disable_sensor
  B:00A0H.2       PUBLIC        MagentControl_1
  B:00A0H.3       PUBLIC        MagentControl_2
  D:00F8H         PUBLIC        ADCCON0
  D:00C0H         PUBLIC        I2CON
  D:00C8H         PUBLIC        T2CON
  C:11CAH         PUBLIC        _magnet_CW
  D:00D0H         PUBLIC        PSW
  B:0080H.5       PUBLIC        Externalmotor
  -------         PROC          _MAGNET_CW
  X:0022H         SYMBOL        x
  X:0024H         SYMBOL        y
  D:0003H         SYMBOL        z
  C:11CAH         LINE#         44
  C:11D7H         LINE#         45
  C:11D7H         LINE#         47
  C:11E0H         LINE#         49
  C:11E2H         LINE#         50
  C:11E4H         LINE#         51
  C:11F4H         LINE#         52
  C:11F6H         LINE#         53
  C:11F8H         LINE#         54
  C:11FAH         LINE#         55
  -------         ENDPROC       _MAGNET_CW
  -------         PROC          _MAGNET_CW_TAILI
  X:0026H         SYMBOL        x
  X:0028H         SYMBOL        y
  D:0003H         SYMBOL        z
  C:11FBH         LINE#         61
  C:1208H         LINE#         62
  C:1208H         LINE#         64
  C:1211H         LINE#         66
  C:1213H         LINE#         67
  C:1215H         LINE#         68
  C:1225H         LINE#         69
  C:1227H         LINE#         70
  C:1229H         LINE#         71
  C:122BH         LINE#         72
  -------         ENDPROC       _MAGNET_CW_TAILI
  -------         PROC          _MAGNET_ACW
BL51 BANKED LINKER/LOCATER V6.22                                                      06/12/2015  15:49:41  PAGE 29


  D:0006H         SYMBOL        x
  D:0004H         SYMBOL        y
  C:17E4H         LINE#         78
  C:17E4H         LINE#         79
  C:17E4H         LINE#         80
  C:17E6H         LINE#         81
  C:17E8H         LINE#         82
  C:17EAH         LINE#         83
  C:17EDH         LINE#         84
  C:17EFH         LINE#         85
  C:17F1H         LINE#         86
  -------         ENDPROC       _MAGNET_ACW
  -------         PROC          _MAGNET_ACW_TAILI
  D:0006H         SYMBOL        x
  D:0004H         SYMBOL        y
  C:17F2H         LINE#         92
  C:17F2H         LINE#         93
  C:17F2H         LINE#         94
  C:17F4H         LINE#         95
  C:17F6H         LINE#         96
  C:17F8H         LINE#         97
  C:17FBH         LINE#         98
  C:17FDH         LINE#         99
  C:17FFH         LINE#         100
  -------         ENDPROC       _MAGNET_ACW_TAILI
  -------         PROC          DISABLE_SENSOR
  C:0EF8H         LINE#         106
  C:0EF8H         LINE#         107
  C:0EF8H         LINE#         109
  C:0EFAH         LINE#         110
  C:0EFCH         LINE#         112
  C:0EFEH         LINE#         113
  C:0F00H         LINE#         114
  C:0F04H         LINE#         115
  C:0F07H         LINE#         116
  C:0F0AH         LINE#         117
  C:0F0FH         LINE#         118
  C:0F14H         LINE#         119
  C:0F19H         LINE#         120
  C:0F1CH         LINE#         121
  C:0F1FH         LINE#         122
  C:0F21H         LINE#         123
  C:0F23H         LINE#         124
  C:0F25H         LINE#         125
  C:0F28H         LINE#         126
  C:0F2AH         LINE#         127
  C:0F2DH         LINE#         129
  C:0F2FH         LINE#         132
  C:0F32H         LINE#         133
  C:0F34H         LINE#         135
  C:0F36H         LINE#         136
  C:0F39H         LINE#         138
  C:0F3BH         LINE#         139
  C:0F3EH         LINE#         140
  -------         ENDPROC       DISABLE_SENSOR
  -------         PROC          ENABLE_SENSOR
  C:181BH         LINE#         146
BL51 BANKED LINKER/LOCATER V6.22                                                      06/12/2015  15:49:41  PAGE 30


  C:181BH         LINE#         147
  C:181BH         LINE#         149
  C:181DH         LINE#         150
  C:181FH         LINE#         153
  C:1823H         LINE#         154
  C:1826H         LINE#         155
  -------         ENDPROC       ENABLE_SENSOR
  -------         PROC          MOTO_VIBRATION
  C:0003H         LINE#         161
  C:0003H         LINE#         162
  C:0003H         LINE#         163
  C:0005H         LINE#         164
  C:0008H         LINE#         165
  C:000AH         LINE#         166
  -------         ENDPROC       MOTO_VIBRATION
  -------         ENDMOD        OTHER

  -------         MODULE        PWM
  C:0000H         SYMBOL        _ICE_DUMMY_
  D:0080H         PUBLIC        P0
  D:0090H         PUBLIC        P1
  D:00A0H         PUBLIC        P2
  D:00B0H         PUBLIC        P3
  D:00DCH         PUBLIC        PWMCON0
  D:00D1H         PUBLIC        PWMPH
  D:00A8H         PUBLIC        IE
  D:00D9H         PUBLIC        PWMPL
  C:0C5BH         PUBLIC        _PWM_Channel
  D:00B8H         PUBLIC        IP
  C:184DH         PUBLIC        myPwm
  D:00D8H         PUBLIC        WDCON0
  D:0098H         PUBLIC        SCON
  D:0088H         PUBLIC        TCON
  D:00E8H         PUBLIC        EIE
  D:00F8H         PUBLIC        ADCCON0
  D:00C0H         PUBLIC        I2CON
  X:002AH         PUBLIC        PWM_shadow
  D:00C8H         PUBLIC        T2CON
  C:159CH         PUBLIC        Init_PWM
  D:00D2H         PUBLIC        PWM0H
  D:00D3H         PUBLIC        PWM1H
  D:00D5H         PUBLIC        PWM2H
  D:00D6H         PUBLIC        PWM3H
  D:00DAH         PUBLIC        PWM0L
  D:00DBH         PUBLIC        PWM1L
  D:00DDH         PUBLIC        PWM2L
  D:00DEH         PUBLIC        PWM3L
  D:00D0H         PUBLIC        PSW
  -------         PROC          INIT_PWM
  C:159CH         LINE#         19
  C:159CH         LINE#         20
  C:159CH         LINE#         22
  C:159FH         LINE#         24
  C:15A7H         LINE#         26
  C:15B0H         LINE#         27
  C:15B3H         LINE#         28
  -------         ENDPROC       INIT_PWM
BL51 BANKED LINKER/LOCATER V6.22                                                      06/12/2015  15:49:41  PAGE 31


  -------         PROC          _PWM_CHANNEL
  D:0007H         SYMBOL        Channel
  C:0C5BH         LINE#         34
  C:0C5BH         LINE#         35
  C:0C5BH         LINE#         36
  C:0C69H         LINE#         37
  C:0C69H         LINE#         39
  C:0C69H         LINE#         40
  C:0C69H         LINE#         41
  C:0C71H         LINE#         42
  C:0C7AH         LINE#         43
  C:0C7DH         LINE#         44
  C:0C7DH         LINE#         45
  C:0C7EH         LINE#         47
  C:0C7EH         LINE#         48
  C:0C7EH         LINE#         49
  C:0C86H         LINE#         50
  C:0C8FH         LINE#         51
  C:0C92H         LINE#         52
  C:0C92H         LINE#         53
  C:0C93H         LINE#         55
  C:0C93H         LINE#         56
  C:0C93H         LINE#         57
  C:0C9BH         LINE#         58
  C:0CA4H         LINE#         59
  C:0CA7H         LINE#         60
  C:0CA7H         LINE#         61
  C:0CA8H         LINE#         63
  C:0CA8H         LINE#         64
  C:0CA8H         LINE#         65
  C:0CB0H         LINE#         66
  C:0CB9H         LINE#         67
  C:0CBCH         LINE#         68
  C:0CBCH         LINE#         69
  C:0CBCH         LINE#         70
  C:0CBCH         LINE#         71
  -------         ENDPROC       _PWM_CHANNEL
  -------         PROC          MYPWM
  C:184DH         LINE#         77
  C:184DH         LINE#         78
  C:184DH         LINE#         80
  C:1852H         LINE#         82
  -------         ENDPROC       MYPWM
  -------         ENDMOD        PWM

  -------         MODULE        TIMER
  C:0000H         SYMBOL        _ICE_DUMMY_
  D:0080H         PUBLIC        P0
  D:0090H         PUBLIC        P1
  D:00A0H         PUBLIC        P2
  D:00B0H         PUBLIC        P3
  B:00A8H.7       PUBLIC        EA
  D:00A8H         PUBLIC        IE
  D:00B8H         PUBLIC        IP
  C:1380H         PUBLIC        _InitT0
  C:09BBH         PUBLIC        _InitTimer
  D:00D8H         PUBLIC        WDCON0
BL51 BANKED LINKER/LOCATER V6.22                                                      06/12/2015  15:49:41  PAGE 32


  D:0087H         PUBLIC        PCON
  D:0098H         PUBLIC        SCON
  X:002EH         PUBLIC        timer0_8H
  D:0089H         PUBLIC        TMOD
  D:0088H         PUBLIC        TCON
  X:002FH         PUBLIC        timer1_8H
  X:0030H         PUBLIC        timer0_8L
  X:0031H         PUBLIC        timer1_8L
  B:00A8H.1       PUBLIC        ET0
  B:00A8H.3       PUBLIC        ET1
  D:008CH         PUBLIC        TH0
  D:008DH         PUBLIC        TH1
  D:008AH         PUBLIC        TL0
  D:008BH         PUBLIC        TL1
  D:00E8H         PUBLIC        EIE
  B:00B8H.3       PUBLIC        PT1
  B:0088H.4       PUBLIC        TR0
  B:0088H.6       PUBLIC        TR1
  D:00F8H         PUBLIC        ADCCON0
  D:00C0H         PUBLIC        I2CON
  D:00C8H         PUBLIC        T2CON
  C:1867H         PUBLIC        sEOS_Go_To_Sleep
  D:00D0H         PUBLIC        PSW
  -------         PROC          _INITTIMER
  D:0007H         SYMBOL        Tick_ms_T0
  X:002CH         SYMBOL        Tick_us_T1
  -------         DO            
  D:0004H         SYMBOL        Inc_T0
  D:0004H         SYMBOL        Inc_T1
  D:0004H         SYMBOL        timer0_16
  D:0004H         SYMBOL        timer1_16
  -------         ENDDO         
  C:09BBH         LINE#         29
  C:09C2H         LINE#         30
  C:09C2H         LINE#         35
  C:09D4H         LINE#         36
  C:09DAH         LINE#         37
  C:09DDH         LINE#         38
  C:09E1H         LINE#         41
  C:0A00H         LINE#         42
  C:0A08H         LINE#         43
  C:0A0CH         LINE#         44
  C:0A12H         LINE#         46
  C:0A15H         LINE#         48
  C:0A1AH         LINE#         49
  C:0A1FH         LINE#         50
  C:0A21H         LINE#         51
  C:0A23H         LINE#         53
  C:0A25H         LINE#         54
  C:0A27H         LINE#         55
  C:0A29H         LINE#         56
  C:0A2BH         LINE#         57
  C:0A2DH         LINE#         58
  C:0A2FH         LINE#         59
  -------         ENDPROC       _INITTIMER
  -------         PROC          _INITT0
  D:0007H         SYMBOL        Tick_ms_T0
BL51 BANKED LINKER/LOCATER V6.22                                                      06/12/2015  15:49:41  PAGE 33


  -------         DO            
  D:0004H         SYMBOL        Inc_T0
  D:0004H         SYMBOL        timer0_16
  -------         ENDDO         
  C:1380H         LINE#         64
  C:1380H         LINE#         65
  C:1380H         LINE#         70
  C:1392H         LINE#         71
  C:1398H         LINE#         72
  C:139BH         LINE#         73
  C:139FH         LINE#         74
  C:13A2H         LINE#         75
  -------         ENDPROC       _INITT0
  -------         PROC          SEOS_GO_TO_SLEEP
  C:1867H         LINE#         81
  C:1867H         LINE#         82
  C:1867H         LINE#         83
  C:186AH         LINE#         84
  -------         ENDPROC       SEOS_GO_TO_SLEEP
  -------         ENDMOD        TIMER

  -------         MODULE        UART
  C:0000H         SYMBOL        _ICE_DUMMY_
  D:0080H         PUBLIC        P0
  D:0090H         PUBLIC        P1
  D:00A0H         PUBLIC        P2
  D:00B0H         PUBLIC        P3
  B:00A8H.7       PUBLIC        EA
  C:1855H         PUBLIC        _SendData
  D:00A8H         PUBLIC        IE
  B:00A8H.4       PUBLIC        ES
  D:00B8H         PUBLIC        IP
  B:0098H.0       PUBLIC        RI
  B:0098H.1       PUBLIC        TI
  B:00B8H.4       PUBLIC        PS
  D:00D8H         PUBLIC        WDCON0
  D:0099H         PUBLIC        SBUF
  D:0098H         PUBLIC        SCON
  D:0089H         PUBLIC        TMOD
  D:0088H         PUBLIC        TCON
  B:00A8H.1       PUBLIC        ET0
  D:008DH         PUBLIC        TH1
  D:008BH         PUBLIC        TL1
  D:00E8H         PUBLIC        EIE
  C:10C6H         PUBLIC        _InitUART
  B:0088H.4       PUBLIC        TR0
  B:0088H.6       PUBLIC        TR1
  D:00F8H         PUBLIC        ADCCON0
  D:00C0H         PUBLIC        I2CON
  D:00C8H         PUBLIC        T2CON
  C:12E2H         PUBLIC        _SendNByte
  D:00A2H         PUBLIC        AUXR1
  D:00D0H         PUBLIC        PSW
  -------         PROC          _INITUART
  D:0006H         SYMBOL        Baudrate
  C:10C6H         LINE#         19
  C:10C6H         LINE#         20
[...]


  X:0049H         PUBLIC        received_data_buffer
  X:0050H         PUBLIC        data_count
  X:0051H         PUBLIC        sensor_2ndstage_count
  B:0021H.6       PUBLIC        IDkey_selflearn_flag1
  B:0021H.7       PUBLIC        IDkey_selflearn_flag2
  B:0022H.0       PUBLIC        IDkey_selflearn_flag3
  X:0052H         PUBLIC        IDkey_selflearn_LVcount
  X:0054H         PUBLIC        wire_broken_count
  B:0022H.1       PUBLIC        IDkey_selflearn_flag4
  D:00D8H         PUBLIC        WDCON0
  B:0022H.2       PUBLIC        slave_nearby_actioned_flag
  B:0022H.3       PUBLIC        IDkey_selflearn_flag5
  X:0055H         PUBLIC        ADC_check_result
  X:0057H         PUBLIC        sensor_2ndstage_time
  X:0059H         PUBLIC        sensor_3rdstage_count
  X:005AH         PUBLIC        ID_selflearning_timecount
  X:005BH         PUBLIC        one_receive_byte_count
  B:0022H.4       PUBLIC        ID_speeched_flag
  D:0099H         PUBLIC        SBUF
  X:005CH         PUBLIC        sensor_3rdstage_time
  D:0098H         PUBLIC        SCON
  D:0088H         PUBLIC        TCON
  C:3004H         PUBLIC        IDkey10
  C:3005H         PUBLIC        IDkey11
  X:005EH         PUBLIC        sensor_1ststage_count
  B:0022H.5       PUBLIC        IDkey_flash_EN
  X:005FH         PUBLIC        ID_certificated_numbers
  X:0060H         PUBLIC        raise_wire_time
  B:00A0H.7       PUBLIC        transmiter_EN
  B:0022H.6       PUBLIC        Host_stolen_alarming
  D:008CH         PUBLIC        TH0
  B:0022H.7       PUBLIC        flashing_flag
  B:0080H.7       PUBLIC        horizontal_sensor
  D:008AH         PUBLIC        TL0
  B:0023H.0       PUBLIC        vibration_flag
  X:0061H         PUBLIC        fell_wire_time
  B:0023H.1       PUBLIC        host_stolen_alarm2_EN
  X:0062H         PUBLIC        After_IDcert_timecount
  D:00E8H         PUBLIC        EIE
  C:0026H         PUBLIC        timer0
  B:0080H.4       PUBLIC        raised_sensor_detect
  B:0023H.2       PUBLIC        ID_certificated_flag
  D:00F8H         PUBLIC        ADCCON0
  D:00C0H         PUBLIC        I2CON
  B:0023H.3       PUBLIC        wheeled_flag
  B:0023H.4       PUBLIC        EN_host_stolen_alarming
  B:0023H.5       PUBLIC        Check_Motobattery_flag
  X:0063H         PUBLIC        vibration_count
  X:0065H         PUBLIC        timer0_count
  X:0067H         PUBLIC        sensor_3rdstage_effcount
  D:00C8H         PUBLIC        T2CON
  X:0068H         PUBLIC        enable_sensor_delay_count
  X:0069H         PUBLIC        host_stolen_alarm1_count
  X:006AH         PUBLIC        host_stolen_alarm2_count
  X:006BH         PUBLIC        sensor_3rdstage_interval
  B:0023H.6       PUBLIC        ID_selflearning_flag
  B:0023H.7       PUBLIC        battery_stolen_EN
BL51 BANKED LINKER/LOCATER V6.22                                                      06/12/2015  15:49:41  PAGE 49


  B:0024H.0       PUBLIC        position_sensor_EN
  C:03CCH         PUBLIC        uart_isr
  X:006DH         PUBLIC        wheeled_count
  X:006FH         PUBLIC        raised_fell_number
  B:0024H.1       PUBLIC        never_alarm_speech
  X:0071H         PUBLIC        Check_Motobattery_count
  X:0072H         PUBLIC        Open_action_flag
  X:0073H         PUBLIC        receive_HV_count
  X:0074H         PUBLIC        receive_LV_count
  B:0024H.2       PUBLIC        raised_flag
  X:0075H         PUBLIC        raised_alarm_count
  D:00D0H         PUBLIC        PSW
  B:0080H.0       PUBLIC        sensor_detect
  X:0076H         PUBLIC        Stolen_alarm_reset_count
  B:0080H.5       PUBLIC        Externalmotor
  -------         PROC          MAIN
  C:15CBH         LINE#         129
  C:15CBH         LINE#         130
  C:15CBH         LINE#         131
  C:15CEH         LINE#         137
  C:15D5H         LINE#         140
  C:15D8H         LINE#         142
  C:15DBH         LINE#         145
  C:15DEH         LINE#         147
  C:15E0H         LINE#         148
  C:15E0H         LINE#         149
  C:15E0H         LINE#         150
  -------         ENDPROC       MAIN
  -------         PROC          TIMER0
  C:0026H         LINE#         158
  C:0043H         LINE#         161
  C:0048H         LINE#         162
  C:004DH         LINE#         165
  C:0064H         LINE#         166
  C:0064H         LINE#         168
  C:0068H         LINE#         171
  C:006BH         LINE#         172
  C:006EH         LINE#         181
  C:0071H         LINE#         184
  C:0074H         LINE#         188
  C:0077H         LINE#         189
  C:007AH         LINE#         190
  C:007DH         LINE#         192
  C:0080H         LINE#         195
  C:0083H         LINE#         197
  C:0086H         LINE#         198
  C:0089H         LINE#         199
  C:008CH         LINE#         200
  C:008CH         LINE#         203
  C:008FH         LINE#         206
  C:0092H         LINE#         207
  C:0095H         LINE#         208
  C:0098H         LINE#         210
  C:009BH         LINE#         211
  C:009EH         LINE#         217
  C:00A4H         LINE#         218
  C:00A4H         LINE#         220
BL51 BANKED LINKER/LOCATER V6.22                                                      06/12/2015  15:49:41  PAGE 50


  C:00B7H         LINE#         221
  C:00B7H         LINE#         223
  C:00B7H         LINE#         224
  C:00B7H         LINE#         227
  C:00C6H         LINE#         228
  C:00C6H         LINE#         230
  C:00D3H         LINE#         231
  C:00D3H         LINE#         232
  C:00D5H         LINE#         235
  C:00D9H         LINE#         239
  C:00DCH         LINE#         240
  C:00DFH         LINE#         241
  C:00E2H         LINE#         242
  C:00E5H         LINE#         243
  C:00E5H         LINE#         244
  C:00E8H         LINE#         246
  C:00E8H         LINE#         248
  C:00ECH         LINE#         249
  C:00ECH         LINE#         250
  C:00ECH         LINE#         251
  C:00EFH         LINE#         254
  C:00EFH         LINE#         255
  C:00EFH         LINE#         256
  C:00F5H         LINE#         257
  C:00F5H         LINE#         259
  C:00FFH         LINE#         260
  C:00FFH         LINE#         261
  C:0101H         LINE#         262
  C:0106H         LINE#         265
  C:0109H         LINE#         266
  C:0109H         LINE#         267
  C:010BH         LINE#         269
  C:010BH         LINE#         270
  C:010FH         LINE#         271
  C:010FH         LINE#         274
  C:0126H         LINE#         275
  C:0126H         LINE#         276
  C:012AH         LINE#         277
  C:012DH         LINE#         278
  C:0130H         LINE#         279
  C:0135H         LINE#         280
  C:0135H         LINE#         281
  C:0135H         LINE#         282
  C:0137H         LINE#         285
  C:0137H         LINE#         286
  C:0137H         LINE#         287
  C:013DH         LINE#         288
  C:013DH         LINE#         290
  C:0147H         LINE#         291
  C:0147H         LINE#         292
  C:0149H         LINE#         294
  C:014BH         LINE#         295
  C:014DH         LINE#         296
  C:014FH         LINE#         297
  C:0152H         LINE#         298
  C:0152H         LINE#         299
  C:0154H         LINE#         301
BL51 BANKED LINKER/LOCATER V6.22                                                      06/12/2015  15:49:41  PAGE 51


  C:0154H         LINE#         302
  C:0158H         LINE#         303
  C:0158H         LINE#         306
  C:016FH         LINE#         307
  C:016FH         LINE#         308
  C:0173H         LINE#         309
  C:0176H         LINE#         310
  C:0179H         LINE#         311
  C:017EH         LINE#         312
  C:0183H         LINE#         313
  C:0186H         LINE#         314
  C:0186H         LINE#         315
  C:0186H         LINE#         316
  C:0186H         LINE#         317
  C:0186H         LINE#         320
  C:0189H         LINE#         321
  C:0189H         LINE#         322
  C:018BH         LINE#         323
  C:018DH         LINE#         324
  C:0191H         LINE#         325
  C:0193H         LINE#         326
  C:0195H         LINE#         327
  C:019BH         LINE#         328
  C:019BH         LINE#         329
  C:019DH         LINE#         330
  C:019FH         LINE#         331
  C:01A2H         LINE#         332
  C:01A2H         LINE#         335
  C:01AAH         LINE#         336
  C:01AAH         LINE#         337
  C:01ACH         LINE#         338
  C:01AEH         LINE#         340
  C:01B0H         LINE#         341
  C:01B0H         LINE#         345
  C:01B3H         LINE#         346
  C:01B3H         LINE#         348
  C:01B6H         LINE#         349
  C:01B6H         LINE#         351
  C:01BEH         LINE#         352
  C:01BEH         LINE#         354
  C:01C0H         LINE#         355
  C:01C2H         LINE#         357
  C:01C5H         LINE#         358
  C:01C5H         LINE#         360
  C:01C7H         LINE#         361
  C:01C7H         LINE#         362
  C:01C7H         LINE#         363
  C:01C9H         LINE#         365
  C:01C9H         LINE#         366
  C:01CBH         LINE#         367
  C:01CFH         LINE#         368
  C:01D2H         LINE#         369
  C:01D4H         LINE#         370
  C:01D4H         LINE#         372
  C:01D7H         LINE#         373
  C:01D7H         LINE#         375
  C:01DFH         LINE#         376
BL51 BANKED LINKER/LOCATER V6.22                                                      06/12/2015  15:49:41  PAGE 52


  C:01DFH         LINE#         378
  C:01E1H         LINE#         379
  C:01E3H         LINE#         381
  C:01E6H         LINE#         382
  C:01E6H         LINE#         383
  C:01E8H         LINE#         384
  C:01E8H         LINE#         385
  C:01E8H         LINE#         386
  C:01EAH         LINE#         388
  C:01EAH         LINE#         389
  C:01ECH         LINE#         390
  C:01F0H         LINE#         391
  C:01F3H         LINE#         392
  C:01F5H         LINE#         393
  C:01F5H         LINE#         394
  C:01F5H         LINE#         397
  C:01F8H         LINE#         398
  C:01F8H         LINE#         399
  C:020FH         LINE#         400
  C:020FH         LINE#         401
  C:0211H         LINE#         402
  C:0215H         LINE#         403
  C:0217H         LINE#         405
  C:021AH         LINE#         406
  C:021DH         LINE#         407
  C:0220H         LINE#         408
  C:0225H         LINE#         409
  C:022AH         LINE#         410
  C:0233H         LINE#         411
  C:0237H         LINE#         412
  C:023AH         LINE#         413
  C:023AH         LINE#         414
  C:023AH         LINE#         415
  -------         ENDPROC       TIMER0
  -------         PROC          UART_ISR
  C:03CCH         LINE#         420
  C:03E9H         LINE#         422
  C:03EFH         LINE#         423
  C:03EFH         LINE#         424
  C:03F1H         LINE#         425
  C:03FBH         LINE#         429
  C:0401H         LINE#         430
  C:0401H         LINE#         432
  C:040FH         LINE#         433
  C:040FH         LINE#         434
  C:0414H         LINE#         435
  C:0416H         LINE#         436
  C:0428H         LINE#         437
  C:0428H         LINE#         438
  C:042DH         LINE#         439
  C:042FH         LINE#         440
  C:0442H         LINE#         441
  C:0442H         LINE#         442
  C:0447H         LINE#         443
  C:0449H         LINE#         444
  C:0459H         LINE#         445
  C:0459H         LINE#         446
BL51 BANKED LINKER/LOCATER V6.22                                                      06/12/2015  15:49:41  PAGE 53


  C:045EH         LINE#         447
  C:0460H         LINE#         448
  C:0472H         LINE#         449
  C:0472H         LINE#         450
  C:0477H         LINE#         451
  C:0479H         LINE#         476
  C:047FH         LINE#         477
  C:047FH         LINE#         478
  C:0481H         LINE#         479
  C:0483H         LINE#         480
  C:0485H         LINE#         483
  C:0485H         LINE#         484
  C:0489H         LINE#         485
  C:0489H         LINE#         488
  C:048FH         LINE#         489
  C:048FH         LINE#         490
  C:0491H         LINE#         491
  C:049CH         LINE#         492
  C:049CH         LINE#         493
  C:049CH         LINE#         494
  C:049CH         LINE#         495
  C:049EH         LINE#         496
  C:04A2H         LINE#         497
  C:04A4H         LINE#         498
  C:04A7H         LINE#         499
  C:04ABH         LINE#         500
  C:04ABH         LINE#         501
  C:04ADH         LINE#         503
  C:04ADH         LINE#         504
  C:04ADH         LINE#         505
  C:04AFH         LINE#         506
  C:04B2H         LINE#         508
  C:04B2H         LINE#         509
  C:04B4H         LINE#         510
  C:04B4H         LINE#         511
  C:04B4H         LINE#         513
  C:04B4H         LINE#         515
  C:04B4H         LINE#         525
  C:04BFH         LINE#         526
  C:04BFH         LINE#         527
  C:04C4H         LINE#         528
  C:04C6H         LINE#         529
  C:04D3H         LINE#         530
  C:04D3H         LINE#         531
  C:04D8H         LINE#         532
  C:04DAH         LINE#         533
  C:04DEH         LINE#         534
  C:04DEH         LINE#         535
  C:04E3H         LINE#         536
  C:04E5H         LINE#         537
  C:04ECH         LINE#         538
  C:04ECH         LINE#         539
  C:04EFH         LINE#         540
  C:04F1H         LINE#         541
  C:04F5H         LINE#         542
  C:04F5H         LINE#         543
  C:04FAH         LINE#         544
BL51 BANKED LINKER/LOCATER V6.22                                                      06/12/2015  15:49:41  PAGE 54


  C:04FCH         LINE#         545
  C:0500H         LINE#         546
  C:0500H         LINE#         547
  C:0505H         LINE#         548
  C:0507H         LINE#         549
  C:050DH         LINE#         550
  C:050DH         LINE#         551
  C:050FH         LINE#         552
  C:0511H         LINE#         553
  C:0514H         LINE#         554
  C:0516H         LINE#         556
  C:0516H         LINE#         557
  C:0518H         LINE#         558
  C:0518H         LINE#         560
  C:0518H         LINE#         561
  C:0518H         LINE#         562
  -------         ENDPROC       UART_ISR
  -------         ENDMOD        MAIN

  -------         MODULE        ?C?CLDPTR
  C:0255H         PUBLIC        ?C?CLDPTR
  -------         ENDMOD        ?C?CLDPTR

  -------         MODULE        ?C?LMUL
  C:026EH         PUBLIC        ?C?LMUL
  -------         ENDMOD        ?C?LMUL

  -------         MODULE        ?C?ULDIV
  C:02F9H         PUBLIC        ?C?ULDIV
  -------         ENDMOD        ?C?ULDIV

  -------         MODULE        ?C?LNEG
  C:038BH         PUBLIC        ?C?LNEG
  -------         ENDMOD        ?C?LNEG

  -------         MODULE        ?C?ICALL
  C:0399H         PUBLIC        ?C?ICALL
  C:039DH         PUBLIC        ?C?ICALL2
  -------         ENDMOD        ?C?ICALL

  -------         MODULE        ?C?LIMUL
  C:039FH         PUBLIC        ?C?LIMUL
  -------         ENDMOD        ?C?LIMUL

*** WARNING L16: UNCALLED SEGMENT, IGNORED FOR OVERLAY PROCESS
    SEGMENT: ?PR?_COMMODE_DATA?COMMUNICATION

*** WARNING L16: UNCALLED SEGMENT, IGNORED FOR OVERLAY PROCESS
    SEGMENT: ?PR?_COMMODE_DATA_WX?COMMUNICATION

*** WARNING L16: UNCALLED SEGMENT, IGNORED FOR OVERLAY PROCESS
    SEGMENT: ?PR?_UART_SEND_DATA_F?COMMUNICATION

*** WARNING L16: UNCALLED SEGMENT, IGNORED FOR OVERLAY PROCESS
    SEGMENT: ?PR?UART_SEND_DATA_MATCH?COMMUNICATION

*** WARNING L16: UNCALLED SEGMENT, IGNORED FOR OVERLAY PROCESS
BL51 BANKED LINKER/LOCATER V6.22                                                      06/12/2015  15:49:41  PAGE 55


    SEGMENT: ?PR?RECEIVE_BYTE?COMMUNICATION

*** WARNING L16: UNCALLED SEGMENT, IGNORED FOR OVERLAY PROCESS
    SEGMENT: ?PR?RECEIVE_BYTE_LOCK?COMMUNICATION

*** WARNING L16: UNCALLED SEGMENT, IGNORED FOR OVERLAY PROCESS
    SEGMENT: ?PR?RECEIVE_WORD?COMMUNICATION

*** WARNING L16: UNCALLED SEGMENT, IGNORED FOR OVERLAY PROCESS
    SEGMENT: ?PR?DELAY_100MS?DELAY

*** WARNING L16: UNCALLED SEGMENT, IGNORED FOR OVERLAY PROCESS
    SEGMENT: ?PR?_DELAY_MS?DELAY

*** WARNING L16: UNCALLED SEGMENT, IGNORED FOR OVERLAY PROCESS
    SEGMENT: ?PR?ENSENSOR_AFTERIDCERT?OPERATION

*** WARNING L16: UNCALLED SEGMENT, IGNORED FOR OVERLAY PROCESS
    SEGMENT: ?PR?_MAGNET_CW?OTHER

*** WARNING L16: UNCALLED SEGMENT, IGNORED FOR OVERLAY PROCESS
    SEGMENT: ?PR?_MAGNET_CW_TAILI?OTHER

*** WARNING L16: UNCALLED SEGMENT, IGNORED FOR OVERLAY PROCESS
    SEGMENT: ?PR?_MAGNET_ACW?OTHER

*** WARNING L16: UNCALLED SEGMENT, IGNORED FOR OVERLAY PROCESS
    SEGMENT: ?PR?_MAGNET_ACW_TAILI?OTHER

*** WARNING L16: UNCALLED SEGMENT, IGNORED FOR OVERLAY PROCESS
    SEGMENT: ?PR?MOTO_VIBRATION?OTHER

*** WARNING L16: UNCALLED SEGMENT, IGNORED FOR OVERLAY PROCESS
    SEGMENT: ?PR?MYPWM?PWM

*** WARNING L16: UNCALLED SEGMENT, IGNORED FOR OVERLAY PROCESS
    SEGMENT: ?PR?_INITTIMER?TIMER

*** WARNING L16: UNCALLED SEGMENT, IGNORED FOR OVERLAY PROCESS
    SEGMENT: ?PR?SEOS_GO_TO_SLEEP?TIMER

*** WARNING L16: UNCALLED SEGMENT, IGNORED FOR OVERLAY PROCESS
    SEGMENT: ?PR?HOST_2NDTOUCH_SPEECH?VOICE

*** WARNING L16: UNCALLED SEGMENT, IGNORED FOR OVERLAY PROCESS
    SEGMENT: ?PR?BATTERY_STOLEN_SPEECH?VOICE

*** WARNING L16: UNCALLED SEGMENT, IGNORED FOR OVERLAY PROCESS
    SEGMENT: ?PR?CUTTING_WIRE_VOICE?VOICE

*** WARNING L16: UNCALLED SEGMENT, IGNORED FOR OVERLAY PROCESS
    SEGMENT: ?PR?PRODUCT_TEST_VOICE?VOICE

*** WARNING L16: UNCALLED SEGMENT, IGNORED FOR OVERLAY PROCESS
    SEGMENT: ?PR?BATTERY_LOW_ALARM_SPEECH?VOICE

*** WARNING L16: UNCALLED SEGMENT, IGNORED FOR OVERLAY PROCESS
BL51 BANKED LINKER/LOCATER V6.22                                                      06/12/2015  15:49:41  PAGE 56


    SEGMENT: ?PR?BATTERY_HIGH_ALARM_SPEECH?VOICE

*** WARNING L16: UNCALLED SEGMENT, IGNORED FOR OVERLAY PROCESS
    SEGMENT: ?PR?ALARM_STOLEN_SPEECH?VOICE

*** WARNING L16: UNCALLED SEGMENT, IGNORED FOR OVERLAY PROCESS
    SEGMENT: ?PR?ALARM_RAISED_SPEECH?VOICE

*** WARNING L16: UNCALLED SEGMENT, IGNORED FOR OVERLAY PROCESS
    SEGMENT: ?PR?ALARM_FELL_SPEECH?VOICE

*** WARNING L16: UNCALLED SEGMENT, IGNORED FOR OVERLAY PROCESS
    SEGMENT: ?PR?HOST_BATTERY_HIGH_ALARM_SPEECH?VOICE

*** WARNING L16: UNCALLED SEGMENT, IGNORED FOR OVERLAY PROCESS
    SEGMENT: ?PR?BATTERY_STOLEN_SPEECH_F3?VOICE

*** WARNING L16: UNCALLED SEGMENT, IGNORED FOR OVERLAY PROCESS
    SEGMENT: ?PR?WIRE_BROKEN_SPEECH?VOICE

*** WARNING L16: UNCALLED SEGMENT, IGNORED FOR OVERLAY PROCESS
    SEGMENT: ?PR?LOCK_ROTATED_ON_SPEECH?VOICE

*** WARNING L16: UNCALLED SEGMENT, IGNORED FOR OVERLAY PROCESS
    SEGMENT: ?PR?LOCK_ROTATED_OFF_SPEECH?VOICE

*** WARNING L16: UNCALLED SEGMENT, IGNORED FOR OVERLAY PROCESS
    SEGMENT: ?PR?_FLASH_READ_DATA?ISP_DATAFLASH

*** WARNING L16: UNCALLED SEGMENT, IGNORED FOR OVERLAY PROCESS
    SEGMENT: ?PR?SELF_LEARN_PROGRAMMING_F?ISP_DATAFLASH

*** WARNING L16: UNCALLED SEGMENT, IGNORED FOR OVERLAY PROCESS
    SEGMENT: ?PR?HSCH_DISPATCH_TASKS?SCHEDULAR

*** WARNING L16: UNCALLED SEGMENT, IGNORED FOR OVERLAY PROCESS
    SEGMENT: ?PR?_HSCH_ADD_TASK?SCHEDULAR

*** WARNING L16: UNCALLED SEGMENT, IGNORED FOR OVERLAY PROCESS
    SEGMENT: ?PR?_HSCH_DELETE_TASK?SCHEDULAR

*** WARNING L16: UNCALLED SEGMENT, IGNORED FOR OVERLAY PROCESS
    SEGMENT: ?PR?HSCH_UPDATE?SCHEDULAR

*** WARNING L15: MULTIPLE CALL TO SEGMENT
    SEGMENT: ?PR?_SC_SPEECH?VOICE
    CALLER1: ?PR?TIMER0?MAIN
    CALLER2: ?PR?UART_ISR?MAIN

Program Size: data=53.7 xdata=130 code=6266
LINK/LOCATE RUN COMPLETE.  39 WARNING(S),  0 ERROR(S)
