BL51 BANKED LINKER/LOCATER V6.22                                                        07/07/2017  14:05:20  PAGE 1


BL51 BANKED LINKER/LOCATER V6.22, INVOKED BY:
D:\PROGRAM FILES\KEIL_V5\C51\BIN\BL51.EXE .\AD.obj, .\Battery.obj, .\communication.obj, .\Delay.obj, .\operation.obj, .\
>> Other.obj, .\Timer.obj, .\UART.obj, .\voice.obj, .\ISP_DataFlash.obj, .\ElecMotor.obj, .\Schedular.obj, Main.obj TO D
>> DC-Z RAMSIZE (256)


MEMORY MODEL: COMPACT


INPUT MODULES INCLUDED:
  .\AD.obj (AD)
  .\Battery.obj (BATTERY)
  .\communication.obj (COMMUNICATION)
  .\Delay.obj (DELAY)
  .\operation.obj (OPERATION)
  .\Other.obj (OTHER)
  .\Timer.obj (TIMER)
  .\UART.obj (UART)
  .\voice.obj (VOICE)
  .\ISP_DataFlash.obj (ISP_DATAFLASH)
  .\ElecMotor.obj (ELECMOTOR)
  .\Schedular.obj (SCHEDULAR)
  Main.obj (MAIN)
  D:\PROGRAM FILES\KEIL_V5\C51\LIB\C51C.LIB (?C_STARTUP)
  D:\PROGRAM FILES\KEIL_V5\C51\LIB\C51C.LIB (?C?CLDPTR)
  D:\PROGRAM FILES\KEIL_V5\C51\LIB\C51C.LIB (?C?LMUL)
  D:\PROGRAM FILES\KEIL_V5\C51\LIB\C51C.LIB (?C?ULDIV)
  D:\PROGRAM FILES\KEIL_V5\C51\LIB\C51C.LIB (?C?LNEG)
  D:\PROGRAM FILES\KEIL_V5\C51\LIB\C51C.LIB (?C?ICALL)
  D:\PROGRAM FILES\KEIL_V5\C51\LIB\C51C.LIB (?C?LIMUL)
  D:\PROGRAM FILES\KEIL_V5\C51\LIB\C51C.LIB (?C_INIT)


LINK MAP OF MODULE:  DDC-Z (AD)


            TYPE    BASE      LENGTH    RELOCATION   SEGMENT NAME
            -----------------------------------------------------

            * * * * * * *   D A T A   M E M O R Y   * * * * * * *
            REG     0000H     0008H     ABSOLUTE     "REG BANK 0"
                    0008H     0018H                  *** GAP ***
            BIT     0020H.0   0005H.0   UNIT         ?BI?MAIN
            BIT     0025H.0   0000H.3   UNIT         ?BI?OPERATION
            BIT     0025H.3   0000H.3   UNIT         ?BI?ELECMOTOR
            BIT     0025H.6   0000H.1   UNIT         ?BI?_HSCH_ADD_TASK?SCHEDULAR
            BIT     0025H.7   0000H.1   UNIT         _BIT_GROUP_
            DATA    0026H     0028H     UNIT         ?DT?SCHEDULAR
            IDATA   004EH     0001H     UNIT         ?STACK

            * * * * * * *  X D A T A   M E M O R Y  * * * * * * *
            XDATA   0000H     0002H     INPAGE       ?PD?BATTERY
            XDATA   0002H     0003H     INPAGE       ?PD?INITSIGNAL?COMMUNICATION
            XDATA   0005H     0003H     INPAGE       ?PD?INITSIGNAL_F?COMMUNICATION
            XDATA   0008H     0003H     INPAGE       ?PD?_SEND_DATA?COMMUNICATION
            XDATA   000BH     0003H     INPAGE       ?PD?_COMMODE_DATA?COMMUNICATION
            XDATA   000EH     0003H     INPAGE       ?PD?_COMMODE_DATA_WX?COMMUNICATION
            XDATA   0011H     0002H     INPAGE       ?PD?_UART_SEND_DATA?COMMUNICATION
BL51 BANKED LINKER/LOCATER V6.22                                                      07/07/2017  14:05:20  PAGE 2


            XDATA   0013H     0002H     INPAGE       ?PD?_UART_SEND_DATA_F?COMMUNICATION
            XDATA   0015H     0002H     INPAGE       ?PD?_UART_SEND_DATA_F2?COMMUNICATION
            XDATA   0017H     0001H     INPAGE       ?PD?_UART_SEND_DATA_F3?COMMUNICATION
            XDATA   0018H     0004H     INPAGE       ?PD?_SEND_CODE_TO_LOCK?COMMUNICATION
            XDATA   001CH     0007H     INPAGE       ?PD?COMMUNICATION
            XDATA   0023H     0004H     INPAGE       ?PD?_CUSTOM_DELAY?DELAY
            XDATA   0027H     0002H     INPAGE       ?PD?_MAGNET_DELAY?DELAY
            XDATA   0029H     0002H     INPAGE       ?PD?DELAY
            XDATA   002BH     000AH     INPAGE       ?PD?OPERATION
            XDATA   0035H     0004H     INPAGE       ?PD?_MAGNET_CW?OTHER
            XDATA   0039H     0002H     INPAGE       ?PD?_INITTIMER?TIMER
            XDATA   003BH     0004H     INPAGE       ?PD?TIMER
            XDATA   003FH     0003H     INPAGE       ?PD?_SENDNBYTE?UART
            XDATA   0042H     0001H     INPAGE       ?PD?VOICE
            XDATA   0043H     0003H     INPAGE       ?PD?_FLASH_READ_DATA?ISP_DATAFLASH
            XDATA   0046H     0002H     INPAGE       ?PD?ELECMOTOR_CLOSECODE?ELECMOTOR
            XDATA   0048H     0002H     INPAGE       ?PD?ELECMOTOR_STOPCODE?ELECMOTOR
            XDATA   004AH     0002H     INPAGE       ?PD?ELECMOTOR
            XDATA   004CH     0001H     INPAGE       ?PD?HSCH_DISPATCH_TASKS?SCHEDULAR
            XDATA   004DH     0002H     INPAGE       ?PD?_HSCH_ADD_TASK?SCHEDULAR
            XDATA   004FH     0001H     INPAGE       ?PD?HSCH_UPDATE?SCHEDULAR
            XDATA   0050H     0004H     INPAGE       ?PD?SCHEDULAR
            XDATA   0054H     003CH     INPAGE       ?PD?MAIN
            XDATA   0090H     0008H     INPAGE       _PDATA_GROUP_

            * * * * * * *   C O D E   M E M O R Y   * * * * * * *
            CODE    0000H     0003H     ABSOLUTE     
            CODE    0003H     0008H     INBLOCK      ?PR?MOTO_VIBRATION?OTHER
            CODE    000BH     0003H     ABSOLUTE     
            CODE    000EH     0015H     INBLOCK      ?PR?SELF_LEARN_SPEECH?VOICE
            CODE    0023H     0003H     ABSOLUTE     
            CODE    0026H     0389H     INBLOCK      ?PR?_VERIFYBATTERY?BATTERY
            CODE    03AFH     02D9H     INBLOCK      ?PR?TIMER0?MAIN
            CODE    0688H     0177H     UNIT         ?C?LIB_CODE
            CODE    07FFH     011DH     UNIT         ?C_INITSEG
            CODE    091CH     011DH     INBLOCK      ?PR?UART_ISR?MAIN
            CODE    0A39H     00C2H     INBLOCK      ?PR?HSCH_UPDATE?SCHEDULAR
            CODE    0AFBH     008CH     UNIT         ?C_C51STARTUP
            CODE    0B87H     007DH     INBLOCK      ?PR?_HSCH_ADD_TASK?SCHEDULAR
            CODE    0C04H     0078H     INBLOCK      ?PR?_GETADCRESULT?AD
            CODE    0C7CH     0075H     INBLOCK      ?PR?_INITTIMER?TIMER
            CODE    0CF1H     0074H     INBLOCK      ?PR?INITSIGNAL?COMMUNICATION
            CODE    0D65H     0073H     INBLOCK      ?PR?_SEND_CODE_TO_LOCK?COMMUNICATION
            CODE    0DD8H     0073H     INBLOCK      ?PR?DETECT_SELFLEARN_ACTION?OPERATION
            CODE    0E4BH     0071H     INBLOCK      ?PR?HSCH_DISPATCH_TASKS?SCHEDULAR
            CODE    0EBCH     006FH     INBLOCK      ?PR?DETECT_VIBRATION?OPERATION
            CODE    0F2BH     006AH     INBLOCK      ?PR?RECEIVE_BYTE?COMMUNICATION
            CODE    0F95H     006AH     INBLOCK      ?PR?RECEIVE_BYTE_LOCK?COMMUNICATION
            CODE    0FFFH     0001H     INBLOCK      ?PR?HSCH_REPORT_STATUS?SCHEDULAR
            CODE    1000H     0066H     INBLOCK      ?PR?ELECMOTOR_CW?ELECMOTOR
            CODE    1066H     0060H     INBLOCK      ?PR?_SEND_DATA?COMMUNICATION
            CODE    10C6H     0060H     INBLOCK      ?PR?ELECMOTOR_ACW?ELECMOTOR
            CODE    1126H     005BH     INBLOCK      ?PR?DETECT_CLOSE_ACTION?OPERATION
            CODE    1181H     005AH     INBLOCK      ?PR?_UART_SEND_DATA?COMMUNICATION
            CODE    11DBH     0056H     INBLOCK      ?PR?ELECMOTOR_CODE?ELECMOTOR
            CODE    1231H     0056H     INBLOCK      ?PR?ELECMOTOR_CLOSECODE?ELECMOTOR
            CODE    1287H     0056H     INBLOCK      ?PR?ELECMOTOR_STOPCODE?ELECMOTOR
BL51 BANKED LINKER/LOCATER V6.22                                                      07/07/2017  14:05:20  PAGE 3


            CODE    12DDH     0054H     INBLOCK      ?PR?ELECMOTOR_DELAY_CW?ELECMOTOR
            CODE    1331H     0051H     INBLOCK      ?PR?ELECMOTOR_DELAY_ACW?ELECMOTOR
            CODE    1382H     0050H     INBLOCK      ?PR?BROADCAST_BATTERY?BATTERY
            CODE    13D2H     0050H     INBLOCK      ?PR?DISABLE_SENSOR?OTHER
            CODE    1422H     004DH     INBLOCK      ?PR?_UART_SEND_DATA_F2?COMMUNICATION
            CODE    146FH     004CH     INBLOCK      ?PR?DETECT_OPEN_ACTION?OPERATION
            CODE    14BBH     004CH     INBLOCK      ?PR?_INITT0?TIMER
            CODE    1507H     004BH     INBLOCK      ?PR?_HSCH_DELETE_TASK?SCHEDULAR
            CODE    1552H     0048H     INBLOCK      ?PR?INITSIGNAL_F?COMMUNICATION
            CODE    159AH     0047H     INBLOCK      ?PR?_UART_SEND_DATA_F?COMMUNICATION
            CODE    15E1H     0043H     INBLOCK      ?PR?SELF_LEARN_PROGRAMMING?ISP_DATAFLASH
            CODE    1624H     0043H     INBLOCK      ?PR?SELF_LEARN_PROGRAMMING_F?ISP_DATAFLASH
            CODE    1667H     0041H     INBLOCK      ?PR?RECEIVE_WORD?COMMUNICATION
            CODE    16A8H     003FH     INBLOCK      ?PR?_CUSTOM_DELAY?DELAY
            CODE    16E7H     003EH     INBLOCK      ?PR?_UART_SEND_DATA_F3?COMMUNICATION
            CODE    1725H     003EH     INBLOCK      ?PR?_MAGNET_DELAY?DELAY
            CODE    1763H     0036H     INBLOCK      ?PR?_INITUART?UART
            CODE    1799H     0036H     INBLOCK      ?PR?_SC_SPEECH?VOICE
            CODE    17CFH     0031H     INBLOCK      ?PR?SLAVE_NEARBY_OPERATION?OPERATION
            CODE    1800H     0035H     INBLOCK      ?PR?MAIN?MAIN
            CODE    1835H     0034H     INBLOCK      ?PR?_COMMODE_DATA_WX?COMMUNICATION
            CODE    1869H     0032H     INBLOCK      ?PR?_COMMODE_DATA?COMMUNICATION
            CODE    189BH     0031H     INBLOCK      ?PR?DETECT_WHEEL_MOVING?OPERATION
            CODE    18CCH     002FH     INBLOCK      ?PR?_MAGNET_CW?OTHER
            CODE    18FBH     002EH     INBLOCK      ?PR?_FLASH_WRITE_DATA?ISP_DATAFLASH
            CODE    1929H     002CH     INBLOCK      ?PR?SLAVE_AWAY_OPERATION?OPERATION
            CODE    1955H     002BH     INBLOCK      ?PR?_SENDNBYTE?UART
            CODE    1980H     0026H     INBLOCK      ?PR?SELFLEARN_RESET?OPERATION
            CODE    19A6H     0022H     INBLOCK      ?PR?ENSENSOR_AFTERIDCERT?OPERATION
            CODE    19C8H     0022H     INBLOCK      ?PR?RESET_AFTER_STOLEN_ALARMING?OPERATION
            CODE    19EAH     0022H     INBLOCK      ?PR?ACCUMULATOR_VOICE_PROMOT?VOICE
            CODE    1A0CH     0021H     INBLOCK      ?PR?ENSENSOR_AFTER_SLAVE_AWAY?OPERATION
            CODE    1A2DH     0020H     INBLOCK      ?PR?_DELAY_MS?DELAY
            CODE    1A4DH     001FH     INBLOCK      ?PR?UART_SEND_DATA_MATCH_F?COMMUNICATION
            CODE    1A6CH     001EH     INBLOCK      ?PR?ENSENSOR_AFTER_CLOSE?OPERATION
            CODE    1A8AH     001EH     INBLOCK      ?PR?_FLASH_READ_DATA?ISP_DATAFLASH
            CODE    1AA8H     001AH     INBLOCK      ?PR?DELAY_1MS?DELAY
            CODE    1AC2H     001AH     INBLOCK      ?PR?DELAY_5MS?DELAY
            CODE    1ADCH     001AH     INBLOCK      ?PR?DELAY_10MS?DELAY
            CODE    1AF6H     001AH     INBLOCK      ?PR?DELAY_12MS?DELAY
            CODE    1B10H     001AH     INBLOCK      ?PR?DELAY_50MS?DELAY
            CODE    1B2AH     001AH     INBLOCK      ?PR?DELAY_100MS?DELAY
            CODE    1B44H     001AH     INBLOCK      ?PR?DELAY_500MS?DELAY
            CODE    1B5EH     001AH     INBLOCK      ?PR?TRIGGER_ISP?ISP_DATAFLASH
            CODE    1B78H     0019H     INBLOCK      ?PR?_DELAY_US?DELAY
            CODE    1B91H     0019H     INBLOCK      ?PR?INITVOICE?VOICE
            CODE    1BAAH     0017H     INBLOCK      ?PR?UART_SEND_DATA_MATCH?COMMUNICATION
            CODE    1BC1H     0017H     INBLOCK      ?PR?_DELAY?DELAY
            CODE    1BD8H     0016H     INBLOCK      ?PR?FELL_ALARM_TO_SLAVE?OPERATION
            CODE    1BEEH     0016H     INBLOCK      ?PR?RAISE_ALARM_TO_SLAVE?OPERATION
            CODE    1C04H     0016H     INBLOCK      ?PR?BATSTOLEN_ALARM_TO_SLAVE?OPERATION
            CODE    1C1AH     0016H     INBLOCK      ?PR?KEY_ROTATE_ON_SPEECH?VOICE
            CODE    1C30H     0015H     INBLOCK      ?PR?_FLASH_PAGE_ERASE?ISP_DATAFLASH
            CODE    1C45H     0014H     INBLOCK      ?PR?DISABLE_ISP?ISP_DATAFLASH
            CODE    1C59H     0013H     INBLOCK      ?PR?HOST_TOUCH_SPEECH?VOICE
            CODE    1C6CH     0013H     INBLOCK      ?PR?STOLEN_ALARM_SPEECH2?VOICE
            CODE    1C7FH     0013H     INBLOCK      ?PR?OPEN_LOCK_SPEECH?VOICE
BL51 BANKED LINKER/LOCATER V6.22                                                      07/07/2017  14:05:20  PAGE 4


            CODE    1C92H     0013H     INBLOCK      ?PR?ENABLE_ISP?ISP_DATAFLASH
            CODE    1CA5H     0010H     INBLOCK      ?PR?RESET_AFTER_WIREBROKEN?OPERATION
            CODE    1CB5H     000FH     INBLOCK      ?PR?HSCH_MANUAL_TIMER0_RELOAD?TIMER
            CODE    1CC4H     000FH     INBLOCK      ?PR?MOTORBAT_LOW_SPEECH?VOICE
            CODE    1CD3H     000FH     INBLOCK      ?PR?BATTERY_HINT?VOICE
            CODE    1CE2H     000FH     INBLOCK      ?PR?ID_SPEECH?VOICE
            CODE    1CF1H     000FH     INBLOCK      ?PR?HOST_2NDTOUCH_SPEECH?VOICE
            CODE    1D00H     000FH     INBLOCK      ?PR?STOLEN_ALARM_SPEECH1?VOICE
            CODE    1D0FH     000FH     INBLOCK      ?PR?CLOSE_LOCK_SPEECH?VOICE
            CODE    1D1EH     000FH     INBLOCK      ?PR?BATTERY_STOLEN_SPEECH?VOICE
            CODE    1D2DH     000FH     INBLOCK      ?PR?CUTTING_WIRE_VOICE?VOICE
            CODE    1D3CH     000FH     INBLOCK      ?PR?PRODUCT_TEST_VOICE?VOICE
            CODE    1D4BH     000FH     INBLOCK      ?PR?BATTERY_LOW_ALARM_SPEECH?VOICE
            CODE    1D5AH     000FH     INBLOCK      ?PR?BATTERY_HIGH_ALARM_SPEECH?VOICE
            CODE    1D69H     000FH     INBLOCK      ?PR?ALARM_STOLEN_SPEECH?VOICE
            CODE    1D78H     000FH     INBLOCK      ?PR?ALARM_RAISED_SPEECH?VOICE
            CODE    1D87H     000FH     INBLOCK      ?PR?ALARM_FELL_SPEECH?VOICE
            CODE    1D96H     000FH     INBLOCK      ?PR?HOST_BATTERY_HIGH_ALARM_SPEECH?VOICE
            CODE    1DA5H     000FH     INBLOCK      ?PR?BATTERY_STOLEN_SPEECH_F3?VOICE
            CODE    1DB4H     000FH     INBLOCK      ?PR?WIRE_BROKEN_SPEECH?VOICE
            CODE    1DC3H     000FH     INBLOCK      ?PR?LOCK_ROTATED_ON_SPEECH?VOICE
            CODE    1DD2H     000FH     INBLOCK      ?PR?LOCK_ROTATED_OFF_SPEECH?VOICE
            CODE    1DE1H     000DH     INBLOCK      ?PR?CHECK_MOTOR_ACCUMULATOR?BATTERY
            CODE    1DEEH     000CH     INBLOCK      ?PR?OPEN_TRANCEIVER_F?COMMUNICATION
            CODE    1DFAH     000CH     INBLOCK      ?PR?HOST_STOLEN_ACTION?OPERATION
            CODE    1E06H     000CH     INBLOCK      ?PR?_MAGNET_ACW?OTHER
            CODE    1E12H     000CH     INBLOCK      ?PR?_MAGNET_ACW_TAILI?OTHER
            CODE    1E1EH     000CH     INBLOCK      ?PR?ENABLE_SENSOR?OTHER
            CODE    1E2AH     000BH     INBLOCK      ?PR?INITSENSOR?OPERATION
            CODE    1E35H     0009H     INBLOCK      ?PR?CLOSE_TRANCEIVER_F?COMMUNICATION
            CODE    1E3EH     0009H     INBLOCK      ?PR?DISABLE_SENSOR_AFTER_IDCERT?OPERATION
            CODE    1E47H     0009H     INBLOCK      ?PR?ENTER_NOGUARD_VOICE?VOICE
            CODE    1E50H     0008H     INBLOCK      ?PR?_SENDDATA?UART
            CODE    1E58H     0007H     INBLOCK      ?PR?INITTRANSCEIVER?COMMUNICATION
            CODE    1E5FH     0005H     INBLOCK      ?PR?OPEN_TRANCEIVER?COMMUNICATION
            CODE    1E64H     0004H     INBLOCK      ?PR?SEOS_GO_TO_SLEEP?TIMER
            CODE    1E68H     0004H     INBLOCK      ?PR?HSCH_GO_TO_SLEEP?SCHEDULAR
            CODE    1E6CH     0003H     INBLOCK      ?PR?CLOSE_TRANCEIVER?COMMUNICATION
            CODE    1E6FH     0003H     INBLOCK      ?PR?HSCH_START?TIMER
            CODE    1E72H     0003H     INBLOCK      ?PR?IDCERTED_SPEECH?VOICE
            CODE    1E75H     0003H     INBLOCK      ?PR?INITELECMOTOR?ELECMOTOR
                    1E78H     1188H                  *** GAP ***
            CODE    3000H     0001H     ABSOLUTE     
            CODE    3001H     0001H     ABSOLUTE     
            CODE    3002H     0001H     ABSOLUTE     
            CODE    3003H     0001H     ABSOLUTE     
            CODE    3004H     0001H     ABSOLUTE     
            CODE    3005H     0001H     ABSOLUTE     



OVERLAY MAP OF MODULE:   DDC-Z (AD)


SEGMENT                                             BIT_GROUP          PDATA_GROUP
  +--> CALLED SEGMENT                            START    LENGTH     START    LENGTH
------------------------------------------------------------------------------------
BL51 BANKED LINKER/LOCATER V6.22                                                      07/07/2017  14:05:20  PAGE 5


?PR?TIMER0?MAIN                                  -----    -----      -----    -----
  +--> ?PR?ID_SPEECH?VOICE
  +--> ?PR?CHECK_MOTOR_ACCUMULATOR?BATTERY
  +--> ?PR?ACCUMULATOR_VOICE_PROMOT?VOICE
  +--> ?PR?ENSENSOR_AFTERIDCERT?OPERATION
  +--> ?PR?ENSENSOR_AFTER_CLOSE?OPERATION
  +--> ?PR?HOST_STOLEN_ACTION?OPERATION
  +--> ?PR?RESET_AFTER_WIREBROKEN?OPERATION
  +--> ?PR?RESET_AFTER_STOLEN_ALARMING?OPERA...
  +--> ?PR?SELFLEARN_RESET?OPERATION
  +--> ?PR?ENTER_NOGUARD_VOICE?VOICE
  +--> ?PR?DETECT_SELFLEARN_ACTION?OPERATION
  +--> ?PR?DETECT_VIBRATION?OPERATION
  +--> ?PR?DETECT_WHEEL_MOVING?OPERATION
  +--> ?PR?DISABLE_SENSOR_AFTER_IDCERT?OPERA...
  +--> ?PR?DETECT_OPEN_ACTION?OPERATION
  +--> ?PR?DETECT_CLOSE_ACTION?OPERATION
  +--> ?PR?BATTERY_HINT?VOICE
  +--> ?PR?DELAY_500MS?DELAY
  +--> ?PR?HOST_TOUCH_SPEECH?VOICE
  +--> ?PR?HOST_2NDTOUCH_SPEECH?VOICE

?PR?ID_SPEECH?VOICE                              -----    -----      -----    -----
  +--> ?PR?_SC_SPEECH?VOICE
  +--> ?PR?_DELAY?DELAY

?PR?_SC_SPEECH?VOICE                             -----    -----      0096H    0002H
  +--> ?PR?DELAY_50MS?DELAY
  +--> ?PR?_DELAY_US?DELAY

?PR?CHECK_MOTOR_ACCUMULATOR?BATTERY              -----    -----      -----    -----
  +--> ?PR?_GETADCRESULT?AD

?PR?ACCUMULATOR_VOICE_PROMOT?VOICE               -----    -----      -----    -----
  +--> ?PR?BROADCAST_BATTERY?BATTERY

?PR?BROADCAST_BATTERY?BATTERY                    -----    -----      -----    -----
  +--> ?PR?_VERIFYBATTERY?BATTERY

?PR?_VERIFYBATTERY?BATTERY                       -----    -----      0090H    0002H
  +--> ?PR?_SC_SPEECH?VOICE
  +--> ?PR?_DELAY?DELAY
  +--> ?PR?DELAY_50MS?DELAY

?PR?ENSENSOR_AFTERIDCERT?OPERATION               -----    -----      -----    -----
  +--> ?PR?ENABLE_SENSOR?OTHER

?PR?ENSENSOR_AFTER_CLOSE?OPERATION               -----    -----      -----    -----
  +--> ?PR?ENABLE_SENSOR?OTHER

?PR?HOST_STOLEN_ACTION?OPERATION                 -----    -----      -----    -----
  +--> ?PR?STOLEN_ALARM_SPEECH1?VOICE
  +--> ?PR?STOLEN_ALARM_SPEECH2?VOICE

?PR?STOLEN_ALARM_SPEECH1?VOICE                   -----    -----      -----    -----
  +--> ?PR?_SC_SPEECH?VOICE
  +--> ?PR?_DELAY?DELAY
BL51 BANKED LINKER/LOCATER V6.22                                                      07/07/2017  14:05:20  PAGE 6



?PR?STOLEN_ALARM_SPEECH2?VOICE                   -----    -----      -----    -----
  +--> ?PR?_SC_SPEECH?VOICE
  +--> ?PR?_DELAY?DELAY

?PR?RESET_AFTER_STOLEN_ALARMING?OPERA...         -----    -----      -----    -----
  +--> ?PR?CLOSE_TRANCEIVER?COMMUNICATION

?PR?ENTER_NOGUARD_VOICE?VOICE                    -----    -----      -----    -----
  +--> ?PR?SELF_LEARN_SPEECH?VOICE

?PR?SELF_LEARN_SPEECH?VOICE                      -----    -----      -----    -----
  +--> ?PR?_SC_SPEECH?VOICE
  +--> ?PR?_DELAY?DELAY

?PR?DETECT_SELFLEARN_ACTION?OPERATION            -----    -----      -----    -----
  +--> ?PR?SELF_LEARN_SPEECH?VOICE
  +--> ?PR?SELF_LEARN_PROGRAMMING?ISP_DATAFLASH

?PR?SELF_LEARN_PROGRAMMING?ISP_DATAFLASH         -----    -----      -----    -----
  +--> ?PR?_FLASH_PAGE_ERASE?ISP_DATAFLASH
  +--> ?PR?_FLASH_WRITE_DATA?ISP_DATAFLASH

?PR?_FLASH_PAGE_ERASE?ISP_DATAFLASH              -----    -----      0090H    0002H
  +--> ?PR?ENABLE_ISP?ISP_DATAFLASH
  +--> ?PR?TRIGGER_ISP?ISP_DATAFLASH
  +--> ?PR?DISABLE_ISP?ISP_DATAFLASH

?PR?ENABLE_ISP?ISP_DATAFLASH                     -----    -----      -----    -----
  +--> ?PR?TRIGGER_ISP?ISP_DATAFLASH

?PR?DISABLE_ISP?ISP_DATAFLASH                    -----    -----      -----    -----
  +--> ?PR?TRIGGER_ISP?ISP_DATAFLASH

?PR?_FLASH_WRITE_DATA?ISP_DATAFLASH              -----    -----      0090H    0003H
  +--> ?PR?ENABLE_ISP?ISP_DATAFLASH
  +--> ?PR?TRIGGER_ISP?ISP_DATAFLASH
  +--> ?PR?DISABLE_ISP?ISP_DATAFLASH

?PR?DISABLE_SENSOR_AFTER_IDCERT?OPERA...         -----    -----      -----    -----
  +--> ?PR?DISABLE_SENSOR?OTHER

?PR?DETECT_OPEN_ACTION?OPERATION                 -----    -----      -----    -----
  +--> ?PR?DISABLE_SENSOR?OTHER
  +--> ?PR?ELECMOTOR_CW?ELECMOTOR
  +--> ?PR?SLAVE_NEARBY_OPERATION?OPERATION

?PR?ELECMOTOR_CW?ELECMOTOR                       -----    -----      0090H    0001H
  +--> ?PR?ELECMOTOR_CODE?ELECMOTOR
  +--> ?PR?ELECMOTOR_DELAY_CW?ELECMOTOR
  +--> ?PR?DELAY_100MS?DELAY
  +--> ?PR?DELAY_500MS?DELAY

?PR?ELECMOTOR_CODE?ELECMOTOR                     -----    -----      0091H    0002H
  +--> ?PR?DELAY_12MS?DELAY
  +--> ?PR?DELAY_5MS?DELAY

BL51 BANKED LINKER/LOCATER V6.22                                                      07/07/2017  14:05:20  PAGE 7


?PR?ELECMOTOR_DELAY_CW?ELECMOTOR                 -----    -----      0091H    0002H
  +--> ?PR?DELAY_100MS?DELAY
  +--> ?PR?DELAY_10MS?DELAY
  +--> ?PR?DELAY_500MS?DELAY

?PR?SLAVE_NEARBY_OPERATION?OPERATION             -----    -----      -----    -----
  +--> ?PR?DELAY_500MS?DELAY
  +--> ?PR?ID_SPEECH?VOICE
  +--> ?PR?KEY_ROTATE_ON_SPEECH?VOICE
  +--> ?PR?OPEN_LOCK_SPEECH?VOICE
  +--> ?PR?BROADCAST_BATTERY?BATTERY

?PR?KEY_ROTATE_ON_SPEECH?VOICE                   -----    -----      -----    -----
  +--> ?PR?_SC_SPEECH?VOICE
  +--> ?PR?_DELAY?DELAY

?PR?OPEN_LOCK_SPEECH?VOICE                       -----    -----      -----    -----
  +--> ?PR?_SC_SPEECH?VOICE
  +--> ?PR?_DELAY?DELAY

?PR?DETECT_CLOSE_ACTION?OPERATION                -----    -----      -----    -----
  +--> ?PR?ELECMOTOR_ACW?ELECMOTOR
  +--> ?PR?SLAVE_AWAY_OPERATION?OPERATION

?PR?ELECMOTOR_ACW?ELECMOTOR                      -----    -----      0090H    0001H
  +--> ?PR?ELECMOTOR_CODE?ELECMOTOR
  +--> ?PR?DELAY_100MS?DELAY
  +--> ?PR?ELECMOTOR_DELAY_ACW?ELECMOTOR
  +--> ?PR?DELAY_500MS?DELAY

?PR?ELECMOTOR_DELAY_ACW?ELECMOTOR                -----    -----      0091H    0002H
  +--> ?PR?DELAY_100MS?DELAY
  +--> ?PR?DELAY_10MS?DELAY
  +--> ?PR?DELAY_500MS?DELAY

?PR?SLAVE_AWAY_OPERATION?OPERATION               -----    -----      -----    -----
  +--> ?PR?ID_SPEECH?VOICE
  +--> ?PR?CLOSE_LOCK_SPEECH?VOICE
  +--> ?PR?BROADCAST_BATTERY?BATTERY
  +--> ?PR?_DELAY?DELAY

?PR?CLOSE_LOCK_SPEECH?VOICE                      -----    -----      -----    -----
  +--> ?PR?_SC_SPEECH?VOICE
  +--> ?PR?_DELAY?DELAY

?PR?BATTERY_HINT?VOICE                           -----    -----      -----    -----
  +--> ?PR?_SC_SPEECH?VOICE
  +--> ?PR?_DELAY?DELAY

?PR?HOST_TOUCH_SPEECH?VOICE                      -----    -----      -----    -----
  +--> ?PR?_SC_SPEECH?VOICE
  +--> ?PR?_DELAY?DELAY

?PR?HOST_2NDTOUCH_SPEECH?VOICE                   -----    -----      -----    -----
  +--> ?PR?_SC_SPEECH?VOICE
  +--> ?PR?_DELAY?DELAY

BL51 BANKED LINKER/LOCATER V6.22                                                      07/07/2017  14:05:20  PAGE 8


*** NEW ROOT ***************************************************

?PR?UART_ISR?MAIN                                -----    -----      -----    -----
  +--> ?PR?IDCERTED_SPEECH?VOICE

?PR?IDCERTED_SPEECH?VOICE                        -----    -----      -----    -----
  +--> ?PR?ID_SPEECH?VOICE

*** NEW ROOT ***************************************************

?C_C51STARTUP                                    -----    -----      -----    -----
  +--> ?PR?MAIN?MAIN
  +--> ?C_INITSEG

?PR?MAIN?MAIN                                    -----    -----      -----    -----
  +--> ?PR?INITVOICE?VOICE
  +--> ?PR?ID_SPEECH?VOICE
  +--> ?PR?_INITUART?UART
  +--> ?PR?INITSENSOR?OPERATION
  +--> ?PR?INITTRANSCEIVER?COMMUNICATION
  +--> ?PR?_GETADCRESULT?AD

?PR?INITVOICE?VOICE                              -----    -----      -----    -----
  +--> ?PR?_DELAY_US?DELAY

?PR?_INITUART?UART                               -----    -----      -----    -----
  +--> ?PR?_INITT0?TIMER

?PR?_INITT0?TIMER                                -----    -----      0096H    0002H
  +--> ?PR?_HSCH_DELETE_TASK?SCHEDULAR
  +--> ?PR?HSCH_MANUAL_TIMER0_RELOAD?TIMER

?PR?_HSCH_DELETE_TASK?SCHEDULAR                  0025H.7  0000H.1    -----    -----



UNRESOLVED EXTERNAL SYMBOLS:
   CLOSE_LOCK_DINGDONG_SPEECH



SYMBOL TABLE OF MODULE:  DDC-Z (AD)

  VALUE           TYPE          NAME
  ----------------------------------

  -------         MODULE        AD
  C:0000H         SYMBOL        _ICE_DUMMY_
  D:0080H         PUBLIC        P0
  D:0090H         PUBLIC        P1
  D:00A0H         PUBLIC        P2
  D:00B0H         PUBLIC        P3
  D:00A8H         PUBLIC        IE
  D:00E2H         PUBLIC        ADCH
  B:00F8H.4       PUBLIC        ADCI
  D:00B8H         PUBLIC        IP
  B:00F8H.3       PUBLIC        ADCS
BL51 BANKED LINKER/LOCATER V6.22                                                      07/07/2017  14:05:20  PAGE 9


  D:00F6H         PUBLIC        P0DIDS
  D:00D8H         PUBLIC        WDCON0
  D:0098H         PUBLIC        SCON
  D:0088H         PUBLIC        TCON
  B:00F8H.0       PUBLIC        AADR0
  B:00F8H.1       PUBLIC        AADR1
  B:00F8H.2       PUBLIC        AADR2
  D:00E8H         PUBLIC        EIE
  D:00F8H         PUBLIC        ADCCON0
  D:00E1H         PUBLIC        ADCCON1
  D:00C0H         PUBLIC        I2CON
  D:00C8H         PUBLIC        T2CON
  C:0C04H         PUBLIC        _GetADCResult
  D:00D0H         PUBLIC        PSW
  -------         PROC          _GETADCRESULT
  D:0007H         SYMBOL        ch
  -------         DO            
  D:0005H         SYMBOL        DataL
  D:0002H         SYMBOL        DataH
  -------         ENDDO         
  C:0C04H         LINE#         17
  C:0C04H         LINE#         18
  C:0C04H         LINE#         19
  C:0C05H         LINE#         20
  C:0C06H         LINE#         22
  C:0C0BH         LINE#         23
  C:0C0BH         LINE#         25
  C:0C0EH         LINE#         27
  C:0C10H         LINE#         28
  C:0C12H         LINE#         29
  C:0C14H         LINE#         31
  C:0C17H         LINE#         33
  C:0C19H         LINE#         34
  C:0C1BH         LINE#         36
  C:0C1DH         LINE#         37
  C:0C24H         LINE#         39
  C:0C28H         LINE#         40
  C:0C3AH         LINE#         42
  C:0C3EH         LINE#         43
  C:0C3EH         LINE#         45
  C:0C43H         LINE#         46
  C:0C43H         LINE#         48
  C:0C46H         LINE#         51
  C:0C48H         LINE#         52
  C:0C4AH         LINE#         53
  C:0C4CH         LINE#         55
  C:0C4FH         LINE#         57
  C:0C51H         LINE#         58
  C:0C53H         LINE#         60
  C:0C55H         LINE#         61
  C:0C5CH         LINE#         63
  C:0C62H         LINE#         64
  C:0C74H         LINE#         66
  C:0C78H         LINE#         67
  C:0C78H         LINE#         69
  C:0C7BH         LINE#         70
  -------         ENDPROC       _GETADCRESULT
BL51 BANKED LINKER/LOCATER V6.22                                                      07/07/2017  14:05:20  PAGE 10


  -------         ENDMOD        AD

  -------         MODULE        BATTERY
  C:0000H         SYMBOL        _ICE_DUMMY_
  C:1DE1H         PUBLIC        Check_motor_accumulator
  D:0080H         PUBLIC        P0
  D:0090H         PUBLIC        P1
  D:00A0H         PUBLIC        P2
  D:00B0H         PUBLIC        P3
  X:0000H         PUBLIC        Check2_stage
  B:0090H.4       PUBLIC        voice_EN
  D:00A8H         PUBLIC        IE
  D:00B8H         PUBLIC        IP
  C:0026H         PUBLIC        _verifybattery
  D:00D8H         PUBLIC        WDCON0
  D:0098H         PUBLIC        SCON
  D:0088H         PUBLIC        TCON
  D:00E8H         PUBLIC        EIE
  D:00F8H         PUBLIC        ADCCON0
  X:0001H         PUBLIC        Battery_level
  D:00C0H         PUBLIC        I2CON
  D:00C8H         PUBLIC        T2CON
  B:00A0H.0       PUBLIC        SC_RST
  C:1382H         PUBLIC        Broadcast_battery
  D:00D0H         PUBLIC        PSW
  -------         PROC          CHECK_MOTOR_ACCUMULATOR
  C:1DE1H         LINE#         26
  C:1DE1H         LINE#         27
  C:1DE1H         LINE#         29
  C:1DEDH         LINE#         30
  -------         ENDPROC       CHECK_MOTOR_ACCUMULATOR
  -------         PROC          BROADCAST_BATTERY
  C:1382H         LINE#         37
  C:1382H         LINE#         38
  C:1382H         LINE#         40
  C:1385H         LINE#         41
  C:1385H         LINE#         42
  C:13A2H         LINE#         43
  C:13A2H         LINE#         44
  C:13A2H         LINE#         45
  C:13A2H         LINE#         46
  C:13A4H         LINE#         48
  C:13A4H         LINE#         49
  C:13C1H         LINE#         50
  C:13C1H         LINE#         51
  C:13C8H         LINE#         52
  C:13C8H         LINE#         53
  C:13C8H         LINE#         55
  -------         ENDPROC       BROADCAST_BATTERY
  -------         PROC          _VERIFYBATTERY
  X:0090H         SYMBOL        Check2
  C:0026H         LINE#         62
  C:002DH         LINE#         63
  C:002DH         LINE#         69
  C:0032H         LINE#         70
  C:0032H         LINE#         72
  C:003CH         LINE#         73
BL51 BANKED LINKER/LOCATER V6.22                                                      07/07/2017  14:05:20  PAGE 11


  C:003CH         LINE#         74
  C:003CH         LINE#         75
  C:003CH         LINE#         76
  C:003CH         LINE#         77
  C:003EH         LINE#         79
  C:003EH         LINE#         80
  C:0040H         LINE#         81
  C:0045H         LINE#         82
  C:004AH         LINE#         84
  C:0061H         LINE#         85
  C:0061H         LINE#         86
  C:0061H         LINE#         87
  C:0061H         LINE#         90
  C:0063H         LINE#         91
  C:007AH         LINE#         92
  C:007AH         LINE#         93
  C:007CH         LINE#         94
  C:007CH         LINE#         95
  C:007CH         LINE#         96
  C:007CH         LINE#         97
  C:007CH         LINE#         98
  C:007CH         LINE#         99
  C:007EH         LINE#         100
  C:0095H         LINE#         101
  C:0095H         LINE#         102
  C:009AH         LINE#         103
  C:009FH         LINE#         104
  C:00A4H         LINE#         105
  C:00A9H         LINE#         106
  C:00ABH         LINE#         107
  C:00ABH         LINE#         108
  C:00ADH         LINE#         109
  C:00C4H         LINE#         110
  C:00C4H         LINE#         111
  C:00C9H         LINE#         112
  C:00CEH         LINE#         113
  C:00D3H         LINE#         114
  C:00D8H         LINE#         115
  C:00DAH         LINE#         116
  C:00DAH         LINE#         117
  C:00DCH         LINE#         118
  C:00F3H         LINE#         119
  C:00F3H         LINE#         120
  C:00F8H         LINE#         121
  C:00FDH         LINE#         122
  C:0102H         LINE#         123
  C:0107H         LINE#         124
  C:0109H         LINE#         125
  C:0109H         LINE#         126
  C:010BH         LINE#         127
  C:0122H         LINE#         128
  C:0122H         LINE#         129
  C:0127H         LINE#         130
  C:012CH         LINE#         131
  C:0131H         LINE#         132
  C:0136H         LINE#         133
  C:0138H         LINE#         134
BL51 BANKED LINKER/LOCATER V6.22                                                      07/07/2017  14:05:20  PAGE 12


  C:0138H         LINE#         135
  C:013AH         LINE#         136
  C:0151H         LINE#         137
  C:0151H         LINE#         138
  C:0156H         LINE#         139
  C:015BH         LINE#         140
  C:0160H         LINE#         141
  C:0165H         LINE#         142
  C:0167H         LINE#         143
  C:0167H         LINE#         144
  C:0169H         LINE#         145
  C:0175H         LINE#         146
  C:0175H         LINE#         147
  C:017AH         LINE#         148
  C:017FH         LINE#         149
  C:0184H         LINE#         150
  C:0189H         LINE#         151
  C:0189H         LINE#         153
  C:0189H         LINE#         154
  C:0189H         LINE#         155
  C:0189H         LINE#         156
  C:0189H         LINE#         157
  C:0189H         LINE#         158
  C:0189H         LINE#         159
  C:0189H         LINE#         160
  C:0189H         LINE#         161
  C:018BH         LINE#         163
  C:018BH         LINE#         165
  C:0197H         LINE#         166
  C:0197H         LINE#         167
  C:0199H         LINE#         168
  C:019EH         LINE#         169
  C:01A3H         LINE#         170
  C:01A3H         LINE#         172
  C:01A3H         LINE#         174
  C:01A5H         LINE#         175
  C:01AAH         LINE#         176
  C:01AFH         LINE#         178
  C:01C6H         LINE#         179
  C:01C6H         LINE#         180
  C:01C6H         LINE#         181
  C:01C6H         LINE#         182
  C:01C8H         LINE#         183
  C:01DFH         LINE#         184
  C:01DFH         LINE#         185
  C:01DFH         LINE#         186
  C:01DFH         LINE#         187
  C:01DFH         LINE#         188
  C:01DFH         LINE#         189
  C:01E1H         LINE#         190
  C:01F8H         LINE#         191
  C:01F8H         LINE#         192
  C:01F8H         LINE#         193
  C:01F8H         LINE#         194
  C:01F8H         LINE#         195
  C:01F8H         LINE#         196
  C:01FAH         LINE#         197
BL51 BANKED LINKER/LOCATER V6.22                                                      07/07/2017  14:05:20  PAGE 13


  C:0211H         LINE#         198
  C:0211H         LINE#         199
  C:0216H         LINE#         200
  C:021BH         LINE#         201
  C:021BH         LINE#         202
  C:021BH         LINE#         203
  C:021DH         LINE#         204
  C:0234H         LINE#         205
  C:0234H         LINE#         206
  C:0236H         LINE#         207
  C:0236H         LINE#         208
  C:0236H         LINE#         209
  C:0236H         LINE#         210
  C:0236H         LINE#         211
  C:0236H         LINE#         212
  C:0238H         LINE#         213
  C:024FH         LINE#         214
  C:024FH         LINE#         215
  C:0254H         LINE#         216
  C:0259H         LINE#         217
  C:0259H         LINE#         218
  C:0259H         LINE#         219
  C:0259H         LINE#         220
  C:0259H         LINE#         221
  C:025BH         LINE#         222
  C:0272H         LINE#         223
  C:0272H         LINE#         224
  C:0274H         LINE#         225
  C:0274H         LINE#         226
  C:0274H         LINE#         227
  C:0274H         LINE#         228
  C:0274H         LINE#         229
  C:0274H         LINE#         230
  C:0276H         LINE#         231
  C:028DH         LINE#         232
  C:028DH         LINE#         233
  C:0292H         LINE#         234
  C:0297H         LINE#         235
  C:0297H         LINE#         236
  C:0297H         LINE#         237
  C:0297H         LINE#         238
  C:0297H         LINE#         239
  C:0299H         LINE#         240
  C:02B0H         LINE#         241
  C:02B0H         LINE#         242
  C:02B5H         LINE#         243
  C:02BAH         LINE#         244
  C:02BAH         LINE#         245
  C:02BAH         LINE#         246
  C:02BCH         LINE#         247
  C:02D3H         LINE#         248
  C:02D3H         LINE#         249
  C:02D8H         LINE#         250
  C:02DDH         LINE#         251
  C:02E2H         LINE#         252
  C:02E7H         LINE#         253
  C:02E9H         LINE#         254
BL51 BANKED LINKER/LOCATER V6.22                                                      07/07/2017  14:05:20  PAGE 14


  C:02E9H         LINE#         255
  C:02EBH         LINE#         256
  C:0302H         LINE#         257
  C:0302H         LINE#         258
  C:0307H         LINE#         259
  C:030CH         LINE#         260
  C:0311H         LINE#         261
  C:0316H         LINE#         262
  C:0318H         LINE#         263
  C:0318H         LINE#         264
  C:031AH         LINE#         265
  C:0331H         LINE#         266
  C:0331H         LINE#         267
  C:0336H         LINE#         268
  C:033BH         LINE#         269
  C:0340H         LINE#         270
  C:0345H         LINE#         271
  C:0347H         LINE#         272
  C:0347H         LINE#         273
  C:0349H         LINE#         274
  C:0360H         LINE#         275
  C:0360H         LINE#         276
  C:0365H         LINE#         277
  C:036AH         LINE#         278
  C:036FH         LINE#         279
  C:0374H         LINE#         280
  C:0376H         LINE#         281
  C:0376H         LINE#         282
  C:0378H         LINE#         283
  C:0384H         LINE#         284
  C:0384H         LINE#         285
  C:0389H         LINE#         286
  C:038EH         LINE#         287
  C:0393H         LINE#         288
  C:0398H         LINE#         289
  C:0398H         LINE#         290
  C:039DH         LINE#         291
  C:03A2H         LINE#         292
  C:03A4H         LINE#         293
  C:03A6H         LINE#         294
  C:03A9H         LINE#         295
  C:03ABH         LINE#         296
  C:03AEH         LINE#         297
  C:03AEH         LINE#         298
  C:03AEH         LINE#         299
  -------         ENDPROC       _VERIFYBATTERY
  -------         ENDMOD        BATTERY

  -------         MODULE        COMMUNICATION
  C:0000H         SYMBOL        _ICE_DUMMY_
  C:0F2BH         PUBLIC        receive_byte
  D:0080H         PUBLIC        P0
  D:0090H         PUBLIC        P1
  B:00B0H.0       PUBLIC        receive_wire
  D:00A0H         PUBLIC        P2
  D:00B0H         PUBLIC        P3
  C:1869H         PUBLIC        _ComMode_Data
BL51 BANKED LINKER/LOCATER V6.22                                                      07/07/2017  14:05:20  PAGE 15


  C:1181H         PUBLIC        _UART_Send_Data
  C:1667H         PUBLIC        receive_word
  D:00A8H         PUBLIC        IE
  C:1835H         PUBLIC        _ComMode_Data_WX
  D:00B8H         PUBLIC        IP
  C:1A4DH         PUBLIC        UART_Send_Data_match_F
  C:1E58H         PUBLIC        InitTransceiver
  C:159AH         PUBLIC        _UART_Send_Data_F
  D:00D8H         PUBLIC        WDCON0
  B:0090H.0       PUBLIC        P10
  B:0090H.1       PUBLIC        P11
  C:1E6CH         PUBLIC        close_tranceiver
  D:0098H         PUBLIC        SCON
  D:0088H         PUBLIC        TCON
  C:0D1DH         PUBLIC        initsignal
  B:00A0H.7       PUBLIC        transmiter_EN
  B:0090H.3       PUBLIC        receiver_EN
  C:1E5FH         PUBLIC        open_tranceiver
  D:00E8H         PUBLIC        EIE
  B:00A0H.3       PUBLIC        MagentControl_2
  C:1E35H         PUBLIC        close_tranceiver_F
  D:00F8H         PUBLIC        ADCCON0
  D:00C0H         PUBLIC        I2CON
  C:1422H         PUBLIC        _UART_Send_Data_F2
  C:1552H         PUBLIC        initsignal_F
  C:16E7H         PUBLIC        _UART_Send_Data_F3
  D:00C8H         PUBLIC        T2CON
  C:1066H         PUBLIC        _Send_Data
  C:0F95H         PUBLIC        receive_byte_Lock
  B:0090H.0       PUBLIC        TXD
  C:1DEEH         PUBLIC        open_tranceiver_F
  C:1BAAH         PUBLIC        UART_Send_Data_match
  C:0D65H         PUBLIC        _send_code_to_lock
  D:00D0H         PUBLIC        PSW
  X:001CH         PUBLIC        myTxRxData
  -------         PROC          INITTRANSCEIVER
  C:1E58H         LINE#         46
  C:1E58H         LINE#         47
  C:1E58H         LINE#         48
  C:1E5AH         LINE#         49
  C:1E5CH         LINE#         50
  C:1E5EH         LINE#         52
  -------         ENDPROC       INITTRANSCEIVER
  -------         PROC          L?0088
  -------         ENDPROC       L?0088
  -------         PROC          INITSIGNAL
  -------         DO            
  X:0002H         SYMBOL        k
  X:0003H         SYMBOL        k1
  X:0004H         SYMBOL        mystartbuffer
  -------         ENDDO         
  C:0D1DH         LINE#         60
  C:0D1DH         LINE#         61
  C:0D1DH         LINE#         63
  C:0D22H         LINE#         64
  C:0D25H         LINE#         65
  C:0D25H         LINE#         66
BL51 BANKED LINKER/LOCATER V6.22                                                      07/07/2017  14:05:20  PAGE 16


  C:0D29H         LINE#         67
  C:0D29H         LINE#         68
  C:0D2CH         LINE#         69
  C:0D2CH         LINE#         70
  C:0D2CH         LINE#         71
  C:0D2CH         LINE#         73
  C:0D2CH         LINE#         75
  C:0D2CH         LINE#         76
  C:0D2EH         LINE#         77
  C:0D37H         LINE#         79
  C:0D37H         LINE#         80
  C:0D39H         LINE#         81
  C:0D3FH         LINE#         82
  C:0D48H         LINE#         84
  C:0D53H         LINE#         85
  C:0D58H         LINE#         88
  C:0D62H         LINE#         89
  C:0D64H         LINE#         90
  -------         ENDPROC       INITSIGNAL
  -------         PROC          INITSIGNAL_F
  -------         DO            
  X:0005H         SYMBOL        k
  X:0006H         SYMBOL        k1
  X:0007H         SYMBOL        mystartbuffer
  -------         ENDDO         
  C:1552H         LINE#         92
  C:1552H         LINE#         93
  C:1552H         LINE#         95
  C:1557H         LINE#         96
  C:155AH         LINE#         97
  C:155AH         LINE#         99
  C:155EH         LINE#         104
  C:155EH         LINE#         105
  C:1561H         LINE#         106
  C:1561H         LINE#         107
  C:1561H         LINE#         108
  C:1561H         LINE#         110
  C:1561H         LINE#         112
  C:1561H         LINE#         113
  C:1563H         LINE#         114
  C:156CH         LINE#         116
  C:156CH         LINE#         117
  C:156EH         LINE#         118
  C:1574H         LINE#         119
  C:157DH         LINE#         121
  C:1588H         LINE#         122
  C:158DH         LINE#         125
  C:1597H         LINE#         126
  C:1599H         LINE#         127
  -------         ENDPROC       INITSIGNAL_F
  -------         PROC          _SEND_DATA
  X:0008H         SYMBOL        x
  -------         DO            
  X:0009H         SYMBOL        i
  X:000AH         SYMBOL        n
  -------         ENDDO         
  C:1066H         LINE#         133
BL51 BANKED LINKER/LOCATER V6.22                                                      07/07/2017  14:05:20  PAGE 17


  C:106AH         LINE#         134
  C:106AH         LINE#         136
  C:106DH         LINE#         137
  C:106DH         LINE#         138
  C:1071H         LINE#         139
  C:1071H         LINE#         140
  C:107BH         LINE#         141
  C:107BH         LINE#         142
  C:107DH         LINE#         143
  C:1085H         LINE#         144
  C:1087H         LINE#         146
  C:1087H         LINE#         147
  C:1089H         LINE#         148
  C:1094H         LINE#         149
  C:1094H         LINE#         150
  C:1096H         LINE#         151
  C:10A4H         LINE#         152
  C:10AFH         LINE#         153
  C:10BAH         LINE#         154
  C:10C5H         LINE#         155
  -------         ENDPROC       _SEND_DATA
  -------         PROC          _COMMODE_DATA
  X:000BH         SYMBOL        ComMode
  X:000CH         SYMBOL        x
  C:1869H         LINE#         163
  C:1873H         LINE#         164
  C:1873H         LINE#         165
  C:1875H         LINE#         166
  C:187AH         LINE#         167
  C:187CH         LINE#         168
  C:1881H         LINE#         169
  C:1885H         LINE#         170
  C:188BH         LINE#         172
  C:188EH         LINE#         173
  C:1896H         LINE#         175
  C:1898H         LINE#         176
  C:189AH         LINE#         177
  -------         ENDPROC       _COMMODE_DATA
  -------         PROC          _COMMODE_DATA_WX
  X:000EH         SYMBOL        ComMode
  X:000FH         SYMBOL        x
  C:1835H         LINE#         185
  C:183FH         LINE#         186
  C:183FH         LINE#         187
  C:1841H         LINE#         188
  C:1846H         LINE#         189
  C:1848H         LINE#         190
  C:184DH         LINE#         191
  C:1851H         LINE#         192
  C:1857H         LINE#         194
  C:185AH         LINE#         195
  C:1862H         LINE#         197
  C:1864H         LINE#         198
  C:1866H         LINE#         199
  C:1868H         LINE#         200
  -------         ENDPROC       _COMMODE_DATA_WX
  -------         PROC          _UART_SEND_DATA
BL51 BANKED LINKER/LOCATER V6.22                                                      07/07/2017  14:05:20  PAGE 18


  X:0011H         SYMBOL        command
  -------         DO            
  X:0012H         SYMBOL        ii
  -------         ENDDO         
  C:1181H         LINE#         205
  C:1185H         LINE#         206
  C:1185H         LINE#         207
  C:1188H         LINE#         208
  C:118BH         LINE#         209
  C:1193H         LINE#         210
  C:119AH         LINE#         211
  C:11A1H         LINE#         212
  C:11A8H         LINE#         213
  C:11AFH         LINE#         214
  C:11B5H         LINE#         216
  C:11B8H         LINE#         218
  C:11BCH         LINE#         219
  C:11BCH         LINE#         220
  C:11C7H         LINE#         221
  C:11CAH         LINE#         222
  C:11D5H         LINE#         224
  C:11D8H         LINE#         225
  -------         ENDPROC       _UART_SEND_DATA
  -------         PROC          _UART_SEND_DATA_F
  X:0013H         SYMBOL        command
  -------         DO            
  X:0014H         SYMBOL        ii
  -------         ENDDO         
  C:159AH         LINE#         231
  C:159EH         LINE#         232
  C:159EH         LINE#         233
  C:15A1H         LINE#         234
  C:15A4H         LINE#         236
  C:15ACH         LINE#         237
  C:15B3H         LINE#         238
  C:15BAH         LINE#         239
  C:15C1H         LINE#         240
  C:15C8H         LINE#         241
  C:15CEH         LINE#         243
  C:15D1H         LINE#         245
  C:15DCH         LINE#         247
  C:15DEH         LINE#         248
  -------         ENDPROC       _UART_SEND_DATA_F
  -------         PROC          _UART_SEND_DATA_F2
  X:0015H         SYMBOL        command
  -------         DO            
  X:0016H         SYMBOL        ii
  -------         ENDDO         
  C:1422H         LINE#         255
  C:1426H         LINE#         256
  C:1426H         LINE#         257
  C:1429H         LINE#         258
  C:142CH         LINE#         259
  C:1434H         LINE#         260
  C:143BH         LINE#         261
  C:1442H         LINE#         262
  C:1449H         LINE#         263
BL51 BANKED LINKER/LOCATER V6.22                                                      07/07/2017  14:05:20  PAGE 19


  C:1450H         LINE#         264
  C:1456H         LINE#         266
  C:1459H         LINE#         267
  C:145CH         LINE#         268
  C:145FH         LINE#         269
  C:146AH         LINE#         271
  C:146CH         LINE#         273
  -------         ENDPROC       _UART_SEND_DATA_F2
  -------         PROC          _UART_SEND_DATA_F3
  D:0007H         SYMBOL        command
  -------         DO            
  X:0017H         SYMBOL        ii
  -------         ENDDO         
  C:16E7H         LINE#         279
  C:16E7H         LINE#         280
  C:16E7H         LINE#         281
  C:16EBH         LINE#         282
  C:16F2H         LINE#         283
  C:16F9H         LINE#         284
  C:1700H         LINE#         285
  C:1707H         LINE#         286
  C:170EH         LINE#         287
  C:1711H         LINE#         289
  C:1714H         LINE#         290
  C:1717H         LINE#         291
  C:171AH         LINE#         292
  -------         ENDPROC       _UART_SEND_DATA_F3
  -------         PROC          OPEN_TRANCEIVER
  C:1E5FH         LINE#         299
  C:1E5FH         LINE#         300
  C:1E5FH         LINE#         305
  C:1E61H         LINE#         306
  C:1E63H         LINE#         307
  -------         ENDPROC       OPEN_TRANCEIVER
  -------         PROC          OPEN_TRANCEIVER_F
  C:1DEEH         LINE#         313
  C:1DEEH         LINE#         314
  C:1DEEH         LINE#         315
  C:1DF5H         LINE#         317
  C:1DF7H         LINE#         318
  C:1DF9H         LINE#         319
  -------         ENDPROC       OPEN_TRANCEIVER_F
  -------         PROC          CLOSE_TRANCEIVER
  C:1E6CH         LINE#         325
  C:1E6CH         LINE#         326
  C:1E6CH         LINE#         331
  C:1E6EH         LINE#         336
  -------         ENDPROC       CLOSE_TRANCEIVER
  -------         PROC          CLOSE_TRANCEIVER_F
  C:1E35H         LINE#         341
  C:1E35H         LINE#         342
  C:1E35H         LINE#         347
  C:1E37H         LINE#         349
  -------         ENDPROC       CLOSE_TRANCEIVER_F
  -------         PROC          UART_SEND_DATA_MATCH
  C:1BAAH         LINE#         356
  C:1BAAH         LINE#         357
BL51 BANKED LINKER/LOCATER V6.22                                                      07/07/2017  14:05:20  PAGE 20


  C:1BAAH         LINE#         358
  C:1BADH         LINE#         360
  C:1BADH         LINE#         361
  C:1BADH         LINE#         362
  C:1BADH         LINE#         363
  C:1BADH         LINE#         364
  C:1BADH         LINE#         365
  C:1BADH         LINE#         366
  C:1BADH         LINE#         368
  C:1BB0H         LINE#         370
  C:1BBBH         LINE#         371
  C:1BBEH         LINE#         373
  -------         ENDPROC       UART_SEND_DATA_MATCH
  -------         PROC          UART_SEND_DATA_MATCH_F
  C:1A4DH         LINE#         380
  C:1A4DH         LINE#         381
  C:1A4DH         LINE#         382
  C:1A4FH         LINE#         383
  C:1A51H         LINE#         384
  C:1A58H         LINE#         386
  C:1A58H         LINE#         387
  C:1A58H         LINE#         388
  C:1A58H         LINE#         389
  C:1A58H         LINE#         390
  C:1A58H         LINE#         391
  C:1A58H         LINE#         392
  C:1A58H         LINE#         394
  C:1A5BH         LINE#         396
  C:1A66H         LINE#         397
  C:1A69H         LINE#         399
  C:1A6BH         LINE#         400
  -------         ENDPROC       UART_SEND_DATA_MATCH_F
  -------         PROC          RECEIVE_BYTE
  C:0F2BH         LINE#         406
  C:0F2BH         LINE#         407
  C:0F2BH         LINE#         409
  C:0F2EH         LINE#         410
  C:0F2EH         LINE#         412
  C:0F38H         LINE#         413
  C:0F38H         LINE#         414
  C:0F3AH         LINE#         415
  C:0F3AH         LINE#         416
  C:0F3CH         LINE#         417
  C:0F3DH         LINE#         420
  C:0F3DH         LINE#         422
  C:0F40H         LINE#         423
  C:0F40H         LINE#         425
  C:0F42H         LINE#         428
  C:0F51H         LINE#         429
  C:0F51H         LINE#         431
  C:0F57H         LINE#         432
  C:0F59H         LINE#         433
  C:0F59H         LINE#         434
  C:0F59H         LINE#         435
  C:0F5BH         LINE#         437
  C:0F63H         LINE#         438
  C:0F63H         LINE#         440
BL51 BANKED LINKER/LOCATER V6.22                                                      07/07/2017  14:05:20  PAGE 21


  C:0F69H         LINE#         441
  C:0F6CH         LINE#         442
  C:0F71H         LINE#         443
  C:0F75H         LINE#         444
  C:0F77H         LINE#         446
  C:0F77H         LINE#         448
  C:0F7CH         LINE#         449
  C:0F7CH         LINE#         451
  C:0F80H         LINE#         452
  C:0F81H         LINE#         454
  C:0F81H         LINE#         456
  C:0F8BH         LINE#         457
  C:0F8BH         LINE#         458
  C:0F8FH         LINE#         459
  C:0F91H         LINE#         460
  C:0F94H         LINE#         461
  C:0F94H         LINE#         462
  C:0F94H         LINE#         463
  C:0F94H         LINE#         464
  -------         ENDPROC       RECEIVE_BYTE
  -------         PROC          RECEIVE_BYTE_LOCK
  C:0F95H         LINE#         470
  C:0F95H         LINE#         471
  C:0F95H         LINE#         473
  C:0F98H         LINE#         474
  C:0F98H         LINE#         476
  C:0FA2H         LINE#         477
  C:0FA2H         LINE#         478
  C:0FA4H         LINE#         479
  C:0FA4H         LINE#         480
  C:0FA6H         LINE#         481
  C:0FA7H         LINE#         484
  C:0FA7H         LINE#         486
  C:0FAAH         LINE#         487
  C:0FAAH         LINE#         489
  C:0FACH         LINE#         492
  C:0FBBH         LINE#         493
  C:0FBBH         LINE#         495
  C:0FC1H         LINE#         496
  C:0FC3H         LINE#         497
  C:0FC3H         LINE#         498
  C:0FC3H         LINE#         499
  C:0FC5H         LINE#         501
  C:0FCDH         LINE#         502
  C:0FCDH         LINE#         504
  C:0FD3H         LINE#         505
  C:0FD6H         LINE#         506
  C:0FDBH         LINE#         507
  C:0FDFH         LINE#         508
  C:0FE1H         LINE#         510
  C:0FE1H         LINE#         512
  C:0FE6H         LINE#         513
  C:0FE6H         LINE#         515
  C:0FEAH         LINE#         516
  C:0FEBH         LINE#         518
  C:0FEBH         LINE#         520
  C:0FF5H         LINE#         521
BL51 BANKED LINKER/LOCATER V6.22                                                      07/07/2017  14:05:20  PAGE 22


  C:0FF5H         LINE#         522
  C:0FF9H         LINE#         523
  C:0FFBH         LINE#         524
  C:0FFEH         LINE#         525
  C:0FFEH         LINE#         526
  C:0FFEH         LINE#         527
  C:0FFEH         LINE#         528
  -------         ENDPROC       RECEIVE_BYTE_LOCK
  -------         PROC          RECEIVE_WORD
  C:1667H         LINE#         534
  C:1667H         LINE#         535
  C:1667H         LINE#         537
  C:166EH         LINE#         538
  C:166EH         LINE#         539
  C:166FH         LINE#         541
  C:167CH         LINE#         544
  C:1685H         LINE#         545
  C:1685H         LINE#         546
  C:168AH         LINE#         547
  C:168BH         LINE#         549
  C:1695H         LINE#         550
  C:1695H         LINE#         551
  C:169AH         LINE#         552
  C:169BH         LINE#         553
  C:169FH         LINE#         554
  C:169FH         LINE#         555
  C:16A1H         LINE#         556
  C:16A1H         LINE#         557
  C:16A3H         LINE#         559
  C:16A3H         LINE#         560
  C:16A7H         LINE#         561
  C:16A7H         LINE#         562
  C:16A7H         LINE#         563
  -------         ENDPROC       RECEIVE_WORD
  -------         PROC          _SEND_CODE_TO_LOCK
  D:0007H         SYMBOL        x
  X:0018H         SYMBOL        y
  -------         DO            
  X:001AH         SYMBOL        i
  X:001BH         SYMBOL        n
  -------         ENDDO         
  C:0D65H         LINE#         570
  C:0D6CH         LINE#         571
  C:0D6CH         LINE#         573
  C:0D71H         LINE#         574
  C:0D75H         LINE#         575
  C:0D78H         LINE#         581
  C:0D7CH         LINE#         582
  C:0D7CH         LINE#         583
  C:0D80H         LINE#         584
  C:0D80H         LINE#         585
  C:0D8AH         LINE#         586
  C:0D8AH         LINE#         587
  C:0D8CH         LINE#         588
  C:0D95H         LINE#         589
  C:0D97H         LINE#         591
  C:0D97H         LINE#         592
BL51 BANKED LINKER/LOCATER V6.22                                                      07/07/2017  14:05:20  PAGE 23


  C:0D99H         LINE#         593
  C:0DA5H         LINE#         594
  C:0DA5H         LINE#         595
  C:0DA7H         LINE#         596
  C:0DB5H         LINE#         597
  C:0DC1H         LINE#         598
  C:0DCCH         LINE#         599
  C:0DD7H         LINE#         600
  -------         ENDPROC       _SEND_CODE_TO_LOCK
  -------         ENDMOD        COMMUNICATION

  -------         MODULE        DELAY
  C:0000H         SYMBOL        _ICE_DUMMY_
  D:0080H         PUBLIC        P0
  D:0090H         PUBLIC        P1
  D:00A0H         PUBLIC        P2
  D:00B0H         PUBLIC        P3
  X:0029H         PUBLIC        Timeout_loop
  D:00A8H         PUBLIC        IE
  C:1ADCH         PUBLIC        Delay_10ms
  C:1AF6H         PUBLIC        Delay_12ms
  C:1B10H         PUBLIC        Delay_50ms
  D:00B8H         PUBLIC        IP
  B:0090H.2       PUBLIC        magnet_overcurrent
  D:00D8H         PUBLIC        WDCON0
  C:1725H         PUBLIC        _Magnet_Delay
  D:0098H         PUBLIC        SCON
  D:0088H         PUBLIC        TCON
  C:1B2AH         PUBLIC        Delay_100ms
  C:1B44H         PUBLIC        Delay_500ms
  C:16A8H         PUBLIC        _Custom_Delay
  C:1A2DH         PUBLIC        _delay_ms
  D:00E8H         PUBLIC        EIE
  D:00F8H         PUBLIC        ADCCON0
  C:1B78H         PUBLIC        _delay_us
  D:00C0H         PUBLIC        I2CON
  C:1AA8H         PUBLIC        Delay_1ms
  D:00C8H         PUBLIC        T2CON
  C:1AC2H         PUBLIC        Delay_5ms
  C:1BC1H         PUBLIC        _Delay
  D:00D0H         PUBLIC        PSW
  -------         PROC          DELAY_1MS
  C:1AA8H         LINE#         15
  C:1AA8H         LINE#         16
  C:1AA8H         LINE#         17
  C:1AB1H         LINE#         20
  C:1AC1H         LINE#         21
  -------         ENDPROC       DELAY_1MS
  -------         PROC          DELAY_5MS
  C:1AC2H         LINE#         23
  C:1AC2H         LINE#         24
  C:1AC2H         LINE#         25
  C:1ACBH         LINE#         28
  C:1ADBH         LINE#         29
  -------         ENDPROC       DELAY_5MS
  -------         PROC          DELAY_10MS
  C:1ADCH         LINE#         31
BL51 BANKED LINKER/LOCATER V6.22                                                      07/07/2017  14:05:20  PAGE 24


  C:1ADCH         LINE#         32
  C:1ADCH         LINE#         33
  C:1AE5H         LINE#         36
  C:1AF5H         LINE#         37
  -------         ENDPROC       DELAY_10MS
  -------         PROC          DELAY_12MS
  C:1AF6H         LINE#         39
  C:1AF6H         LINE#         40
  C:1AF6H         LINE#         41
  C:1AFFH         LINE#         44
  C:1B0FH         LINE#         45
  -------         ENDPROC       DELAY_12MS
  -------         PROC          DELAY_50MS
  C:1B10H         LINE#         48
  C:1B10H         LINE#         49
  C:1B10H         LINE#         50
  C:1B19H         LINE#         53
  C:1B29H         LINE#         54
  -------         ENDPROC       DELAY_50MS
  -------         PROC          DELAY_100MS
  C:1B2AH         LINE#         57
  C:1B2AH         LINE#         58
  C:1B2AH         LINE#         59
  C:1B33H         LINE#         62
  C:1B43H         LINE#         63
  -------         ENDPROC       DELAY_100MS
  -------         PROC          DELAY_500MS
  C:1B44H         LINE#         66
  C:1B44H         LINE#         67
  C:1B44H         LINE#         68
  C:1B4DH         LINE#         71
  C:1B5DH         LINE#         72
  -------         ENDPROC       DELAY_500MS
  -------         PROC          _DELAY
  D:0007H         SYMBOL        n
  -------         DO            
  D:0004H         SYMBOL        x
  -------         ENDDO         
  C:1BC1H         LINE#         79
  C:1BC1H         LINE#         80
  C:1BC1H         LINE#         82
  C:1BC7H         LINE#         83
  C:1BC7H         LINE#         84
  C:1BCBH         LINE#         85
  C:1BD7H         LINE#         87
  -------         ENDPROC       _DELAY
  -------         PROC          _CUSTOM_DELAY
  D:0007H         SYMBOL        t
  X:0023H         SYMBOL        m
  -------         DO            
  X:0025H         SYMBOL        i
  D:0006H         SYMBOL        j
  -------         ENDDO         
  C:16A8H         LINE#         93
  C:16AFH         LINE#         94
  C:16AFH         LINE#         97
  C:16C1H         LINE#         98
BL51 BANKED LINKER/LOCATER V6.22                                                      07/07/2017  14:05:20  PAGE 25


  C:16E6H         LINE#         99
  -------         ENDPROC       _CUSTOM_DELAY
  -------         PROC          _DELAY_MS
  D:0006H         SYMBOL        count
  -------         DO            
  D:0004H         SYMBOL        i
  D:0002H         SYMBOL        j
  -------         ENDDO         
  C:1A2DH         LINE#         106
  C:1A2DH         LINE#         107
  C:1A2DH         LINE#         109
  C:1A37H         LINE#         110
  C:1A37H         LINE#         111
  C:1A45H         LINE#         112
  C:1A4CH         LINE#         113
  -------         ENDPROC       _DELAY_MS
  -------         PROC          _DELAY_US
  D:0006H         SYMBOL        count1
  -------         DO            
  D:0004H         SYMBOL        i
  D:0003H         SYMBOL        j
  -------         ENDDO         
  C:1B78H         LINE#         121
  C:1B78H         LINE#         122
  C:1B78H         LINE#         125
  C:1B82H         LINE#         126
  C:1B82H         LINE#         127
  C:1B89H         LINE#         128
  C:1B90H         LINE#         129
  -------         ENDPROC       _DELAY_US
  -------         PROC          _MAGNET_DELAY
  X:0027H         SYMBOL        x
  D:0004H         SYMBOL        y
  -------         DO            
  D:0001H         SYMBOL        i
  D:0002H         SYMBOL        j
  -------         ENDDO         
  C:1725H         LINE#         135
  C:172CH         LINE#         136
  C:172CH         LINE#         139
  C:172EH         LINE#         140
  C:172EH         LINE#         141
  C:1742H         LINE#         142
  C:1747H         LINE#         143
  C:1749H         LINE#         144
  C:1749H         LINE#         146
  C:174CH         LINE#         147
  C:174CH         LINE#         148
  C:175DH         LINE#         149
  C:175DH         LINE#         151
  C:175DH         LINE#         153
  C:175DH         LINE#         154
  C:1762H         LINE#         155
  -------         ENDPROC       _MAGNET_DELAY
  -------         ENDMOD        DELAY

  -------         MODULE        OPERATION
BL51 BANKED LINKER/LOCATER V6.22                                                      07/07/2017  14:05:20  PAGE 26


  C:0000H         SYMBOL        _ICE_DUMMY_
  B:00A0H.4       PUBLIC        Lock_EN
  D:0080H         PUBLIC        P0
  D:0090H         PUBLIC        P1
  B:0080H.3       PUBLIC        fell_sensor_detect
  D:00A0H         PUBLIC        P2
  B:0025H.0       PUBLIC        vibration_flag1
  D:00B0H         PUBLIC        P3
  D:00A8H         PUBLIC        IE
  B:0025H.1       PUBLIC        sensor_EN
  C:0EBCH         PUBLIC        Detect_vibration
  X:002BH         PUBLIC        vibration_count1
  X:002DH         PUBLIC        vibration_count2
  C:1E2AH         PUBLIC        InitSensor
  D:00B8H         PUBLIC        IP
  X:002EH         PUBLIC        wire_broken_level
  C:1CA5H         PUBLIC        Reset_after_wirebroken
  B:0080H.1       PUBLIC        wire_broken
  X:002FH         PUBLIC        ADC_check_saved_result
  C:1C04H         PUBLIC        Batstolen_Alarm_to_Slave
  C:19C8H         PUBLIC        Reset_after_stolen_alarming
  D:00D8H         PUBLIC        WDCON0
  X:0031H         PUBLIC        wire_broken_time
  D:0098H         PUBLIC        SCON
  D:0088H         PUBLIC        TCON
  C:1126H         PUBLIC        Detect_close_action
  B:0090H.6       PUBLIC        Generator_lock
  C:17CFH         PUBLIC        slave_nearby_operation
  B:00A0H.6       PUBLIC        the3rd_sendor
  B:00A0H.5       PUBLIC        key_rotate
  C:189BH         PUBLIC        Detect_wheel_moving
  C:1E3EH         PUBLIC        Disable_sensor_after_IDcert
  B:0080H.0       PUBLIC        horizontal_sensor
  D:00E8H         PUBLIC        EIE
  C:146FH         PUBLIC        Detect_open_action
  B:0080H.2       PUBLIC        wheeled_rotate
  B:0080H.4       PUBLIC        raised_sensor_detect
  D:00F8H         PUBLIC        ADCCON0
  C:1A0CH         PUBLIC        Ensensor_after_slave_away
  D:00C0H         PUBLIC        I2CON
  C:1A6CH         PUBLIC        ENsensor_After_Close
  C:0DD8H         PUBLIC        Detect_selflearn_action
  C:19A6H         PUBLIC        ENsensor_afterIDcert
  D:00C8H         PUBLIC        T2CON
  C:1980H         PUBLIC        SelfLearn_Reset
  C:1BEEH         PUBLIC        Raise_Alarm_to_Slave
  C:1929H         PUBLIC        slave_away_operation
  X:0033H         PUBLIC        key_rotate_off_time
  B:0025H.2       PUBLIC        enable_sensor_delayEN
  C:1BD8H         PUBLIC        Fell_Alarm_to_Slave
  D:00D0H         PUBLIC        PSW
  B:0080H.0       PUBLIC        sensor_detect
  C:1DFAH         PUBLIC        Host_stolen_action
  B:0080H.5       PUBLIC        Externalmotor
  -------         PROC          SLAVE_AWAY_OPERATION
  C:1929H         LINE#         103
  C:1929H         LINE#         104
BL51 BANKED LINKER/LOCATER V6.22                                                      07/07/2017  14:05:20  PAGE 27


  C:1929H         LINE#         107
  C:192CH         LINE#         108
  C:192CH         LINE#         109
  C:192FH         LINE#         110
  C:1931H         LINE#         112
  C:1931H         LINE#         113
  C:1934H         LINE#         114
  C:1937H         LINE#         115
  C:1937H         LINE#         118
  C:193AH         LINE#         119
  C:193AH         LINE#         121
  C:193DH         LINE#         126
  C:1940H         LINE#         131
  C:1940H         LINE#         133
  C:1942H         LINE#         134
  C:1946H         LINE#         136
  C:194BH         LINE#         137
  C:194FH         LINE#         139
  C:1952H         LINE#         140
  C:1954H         LINE#         141
  -------         ENDPROC       SLAVE_AWAY_OPERATION
  -------         PROC          SLAVE_NEARBY_OPERATION
  C:17CFH         LINE#         147
  C:17CFH         LINE#         148
  C:17CFH         LINE#         149
  C:17D1H         LINE#         151
  C:17D3H         LINE#         152
  C:17D7H         LINE#         153
  C:17D9H         LINE#         154
  C:17DCH         LINE#         156
  C:17DFH         LINE#         157
  C:17E2H         LINE#         158
  C:17E5H         LINE#         159
  C:17E8H         LINE#         162
  C:17EBH         LINE#         163
  C:17EBH         LINE#         164
  C:17EDH         LINE#         165
  C:17EDH         LINE#         168
  C:17F0H         LINE#         171
  C:17F3H         LINE#         172
  C:17F3H         LINE#         174
  C:17F6H         LINE#         175
  C:17F9H         LINE#         179
  C:17FCH         LINE#         180
  C:17FCH         LINE#         182
  C:17FFH         LINE#         184
  C:17FFH         LINE#         185
  C:17FFH         LINE#         204
  -------         ENDPROC       SLAVE_NEARBY_OPERATION
  -------         PROC          INITSENSOR
  C:1E2AH         LINE#         210
  C:1E2AH         LINE#         211
  C:1E2AH         LINE#         212
  C:1E2CH         LINE#         213
  C:1E2EH         LINE#         214
  C:1E30H         LINE#         215
  C:1E32H         LINE#         216
BL51 BANKED LINKER/LOCATER V6.22                                                      07/07/2017  14:05:20  PAGE 28


  C:1E34H         LINE#         217
  -------         ENDPROC       INITSENSOR
  -------         PROC          HOST_STOLEN_ACTION
  C:1DFAH         LINE#         223
  C:1DFAH         LINE#         224
  C:1DFAH         LINE#         226
  C:1DFDH         LINE#         227
  C:1DFDH         LINE#         228
  C:1DFFH         LINE#         230
  C:1E02H         LINE#         231
  C:1E05H         LINE#         245
  C:1E05H         LINE#         246
  -------         ENDPROC       HOST_STOLEN_ACTION
  -------         PROC          ENSENSOR_AFTERIDCERT
  C:19A6H         LINE#         253
  C:19A6H         LINE#         254
  C:19A6H         LINE#         255
  C:19A9H         LINE#         256
  C:19A9H         LINE#         258
  C:19B3H         LINE#         259
  C:19B3H         LINE#         260
  C:19B5H         LINE#         261
  C:19B7H         LINE#         262
  C:19BAH         LINE#         265
  C:19C2H         LINE#         266
  C:19C2H         LINE#         267
  C:19C5H         LINE#         268
  C:19C5H         LINE#         269
  C:19C7H         LINE#         271
  C:19C7H         LINE#         272
  C:19C7H         LINE#         273
  -------         ENDPROC       ENSENSOR_AFTERIDCERT
  -------         PROC          ENSENSOR_AFTER_CLOSE
  C:1A6CH         LINE#         278
  C:1A6CH         LINE#         279
  C:1A6CH         LINE#         280
  C:1A75H         LINE#         281
  C:1A75H         LINE#         282
  C:1A7FH         LINE#         283
  C:1A7FH         LINE#         284
  C:1A81H         LINE#         285
  C:1A83H         LINE#         286
  C:1A86H         LINE#         287
  C:1A89H         LINE#         288
  C:1A89H         LINE#         289
  C:1A89H         LINE#         290
  -------         ENDPROC       ENSENSOR_AFTER_CLOSE
  -------         PROC          SELFLEARN_RESET
  C:1980H         LINE#         296
  C:1980H         LINE#         297
  C:1980H         LINE#         298
  C:1983H         LINE#         299
  C:1983H         LINE#         300
  C:198DH         LINE#         301
  C:198DH         LINE#         302
  C:198FH         LINE#         303
  C:1991H         LINE#         305
BL51 BANKED LINKER/LOCATER V6.22                                                      07/07/2017  14:05:20  PAGE 29


  C:1996H         LINE#         306
  C:199BH         LINE#         307
  C:199DH         LINE#         308
  C:199FH         LINE#         309
  C:19A1H         LINE#         310
  C:19A3H         LINE#         311
  C:19A5H         LINE#         312
  C:19A5H         LINE#         313
  C:19A5H         LINE#         314
  -------         ENDPROC       SELFLEARN_RESET
  -------         PROC          FELL_ALARM_TO_SLAVE
  C:1BD8H         LINE#         320
  C:1BD8H         LINE#         321
  C:1BD8H         LINE#         322
  C:1BE3H         LINE#         323
  C:1BE3H         LINE#         324
  C:1BE8H         LINE#         325
  C:1BEDH         LINE#         326
  C:1BEDH         LINE#         327
  -------         ENDPROC       FELL_ALARM_TO_SLAVE
  -------         PROC          RAISE_ALARM_TO_SLAVE
  C:1BEEH         LINE#         333
  C:1BEEH         LINE#         334
  C:1BEEH         LINE#         335
  C:1BF9H         LINE#         336
  C:1BF9H         LINE#         337
  C:1BFEH         LINE#         338
  C:1C03H         LINE#         339
  C:1C03H         LINE#         340
  -------         ENDPROC       RAISE_ALARM_TO_SLAVE
  -------         PROC          BATSTOLEN_ALARM_TO_SLAVE
  C:1C04H         LINE#         346
  C:1C04H         LINE#         347
  C:1C04H         LINE#         348
  C:1C0FH         LINE#         349
  C:1C0FH         LINE#         350
  C:1C14H         LINE#         351
  C:1C19H         LINE#         352
  C:1C19H         LINE#         353
  -------         ENDPROC       BATSTOLEN_ALARM_TO_SLAVE
  -------         PROC          DISABLE_SENSOR_AFTER_IDCERT
  C:1E3EH         LINE#         358
  C:1E3EH         LINE#         359
  C:1E3EH         LINE#         360
  C:1E41H         LINE#         361
  C:1E41H         LINE#         362
  C:1E43H         LINE#         364
  C:1E46H         LINE#         365
  C:1E46H         LINE#         366
  -------         ENDPROC       DISABLE_SENSOR_AFTER_IDCERT
  -------         PROC          RESET_AFTER_WIREBROKEN
  C:1CA5H         LINE#         371
  C:1CA5H         LINE#         372
  C:1CA5H         LINE#         373
  C:1CA8H         LINE#         374
  C:1CA8H         LINE#         375
  C:1CAAH         LINE#         376
BL51 BANKED LINKER/LOCATER V6.22                                                      07/07/2017  14:05:20  PAGE 30


  C:1CAEH         LINE#         377
  C:1CB0H         LINE#         378
  C:1CB2H         LINE#         379
  C:1CB4H         LINE#         380
  C:1CB4H         LINE#         381
  -------         ENDPROC       RESET_AFTER_WIREBROKEN
  -------         PROC          RESET_AFTER_STOLEN_ALARMING
  C:19C8H         LINE#         387
  C:19C8H         LINE#         388
  C:19C8H         LINE#         389
  C:19CBH         LINE#         390
  C:19CBH         LINE#         391
  C:19D5H         LINE#         392
  C:19D5H         LINE#         393
  C:19D9H         LINE#         394
  C:19DBH         LINE#         395
  C:19DDH         LINE#         396
  C:19DFH         LINE#         397
  C:19E2H         LINE#         398
  C:19E5H         LINE#         401
  C:19E7H         LINE#         402
  C:19E9H         LINE#         403
  C:19E9H         LINE#         404
  C:19E9H         LINE#         405
  -------         ENDPROC       RESET_AFTER_STOLEN_ALARMING
  -------         PROC          ENSENSOR_AFTER_SLAVE_AWAY
  C:1A0CH         LINE#         410
  C:1A0CH         LINE#         411
  C:1A0CH         LINE#         412
  C:1A15H         LINE#         413
  C:1A15H         LINE#         414
  C:1A1FH         LINE#         415
  C:1A1FH         LINE#         416
  C:1A22H         LINE#         417
  C:1A24H         LINE#         418
  C:1A26H         LINE#         419
  C:1A29H         LINE#         420
  C:1A2CH         LINE#         421
  C:1A2CH         LINE#         422
  C:1A2CH         LINE#         423
  -------         ENDPROC       ENSENSOR_AFTER_SLAVE_AWAY
  -------         PROC          DETECT_SELFLEARN_ACTION
  C:0DD8H         LINE#         428
  C:0DD8H         LINE#         429
  C:0DD8H         LINE#         430
  C:0DDEH         LINE#         432
  C:0DDEH         LINE#         434
  C:0DE0H         LINE#         436
  C:0DE3H         LINE#         437
  C:0DE3H         LINE#         438
  C:0DEEH         LINE#         439
  C:0DF9H         LINE#         440
  C:0DF9H         LINE#         441
  C:0E00H         LINE#         442
  C:0E04H         LINE#         443
  C:0E06H         LINE#         444
  C:0E06H         LINE#         445
BL51 BANKED LINKER/LOCATER V6.22                                                      07/07/2017  14:05:20  PAGE 31


  C:0E08H         LINE#         447
  C:0E08H         LINE#         448
  C:0E14H         LINE#         449
  C:0E14H         LINE#         450
  C:0E18H         LINE#         451
  C:0E1DH         LINE#         452
  C:0E1DH         LINE#         453
  C:0E1DH         LINE#         455
  C:0E25H         LINE#         456
  C:0E25H         LINE#         457
  C:0E27H         LINE#         458
  C:0E29H         LINE#         459
  C:0E2CH         LINE#         460
  C:0E2CH         LINE#         461
  C:0E2EH         LINE#         462
  C:0E39H         LINE#         464
  C:0E3BH         LINE#         467
  C:0E3EH         LINE#         468
  C:0E3EH         LINE#         469
  C:0E40H         LINE#         470
  C:0E42H         LINE#         471
  C:0E44H         LINE#         473
  C:0E47H         LINE#         474
  C:0E4AH         LINE#         479
  C:0E4AH         LINE#         480
  -------         ENDPROC       DETECT_SELFLEARN_ACTION
  -------         PROC          DETECT_OPEN_ACTION
  C:146FH         LINE#         485
  C:146FH         LINE#         486
  C:146FH         LINE#         487
  C:1480H         LINE#         488
  C:1480H         LINE#         489
  C:1483H         LINE#         490
  C:1488H         LINE#         491
  C:148AH         LINE#         493
  C:148EH         LINE#         494
  C:1490H         LINE#         495
  C:1493H         LINE#         496
  C:1495H         LINE#         497
  C:1498H         LINE#         498
  C:149BH         LINE#         500
  C:149EH         LINE#         501
  C:149EH         LINE#         502
  C:14AAH         LINE#         503
  C:14AAH         LINE#         504
  C:14ACH         LINE#         505
  C:14AEH         LINE#         507
  C:14AEH         LINE#         508
  C:14B0H         LINE#         509
  C:14B0H         LINE#         510
  C:14B0H         LINE#         511
  C:14B2H         LINE#         513
  C:14B4H         LINE#         514
  C:14BAH         LINE#         515
  C:14BAH         LINE#         516
  -------         ENDPROC       DETECT_OPEN_ACTION
  -------         PROC          DETECT_CLOSE_ACTION
BL51 BANKED LINKER/LOCATER V6.22                                                      07/07/2017  14:05:20  PAGE 32


  C:1126H         LINE#         521
  C:1126H         LINE#         522
  C:1126H         LINE#         523
  C:1139H         LINE#         525
  C:1139H         LINE#         527
  C:113FH         LINE#         528
  C:113FH         LINE#         529
  C:114AH         LINE#         530
  C:1155H         LINE#         531
  C:1155H         LINE#         532
  C:115EH         LINE#         533
  C:115EH         LINE#         534
  C:1160H         LINE#         535
  C:1163H         LINE#         537
  C:1167H         LINE#         538
  C:116AH         LINE#         539
  C:116CH         LINE#         540
  C:116EH         LINE#         542
  C:1174H         LINE#         543
  C:1176H         LINE#         544
  C:1176H         LINE#         545
  C:1176H         LINE#         546
  C:1176H         LINE#         547
  C:1177H         LINE#         548
  C:117AH         LINE#         549
  C:117AH         LINE#         550
  C:1180H         LINE#         551
  C:1180H         LINE#         552
  -------         ENDPROC       DETECT_CLOSE_ACTION
  -------         PROC          DETECT_VIBRATION
  C:0EBCH         LINE#         557
  C:0EBCH         LINE#         558
  C:0EBCH         LINE#         559
  C:0EC5H         LINE#         560
  C:0EC5H         LINE#         561
  C:0ECFH         LINE#         562
  C:0ECFH         LINE#         563
  C:0ED1H         LINE#         564
  C:0ED3H         LINE#         565
  C:0ED8H         LINE#         567
  C:0EDAH         LINE#         568
  C:0EDFH         LINE#         570
  C:0EE4H         LINE#         571
  C:0EE4H         LINE#         572
  C:0EE6H         LINE#         574
  C:0EEAH         LINE#         576
  C:0EEDH         LINE#         577
  C:0EEDH         LINE#         578
  C:0F04H         LINE#         579
  C:0F04H         LINE#         580
  C:0F06H         LINE#         581
  C:0F0AH         LINE#         582
  C:0F0AH         LINE#         583
  C:0F0AH         LINE#         585
  C:0F0DH         LINE#         586
  C:0F0DH         LINE#         587
  C:0F24H         LINE#         588
BL51 BANKED LINKER/LOCATER V6.22                                                      07/07/2017  14:05:20  PAGE 33


  C:0F24H         LINE#         589
  C:0F26H         LINE#         590
  C:0F2AH         LINE#         591
  C:0F2AH         LINE#         592
  C:0F2AH         LINE#         593
  -------         ENDPROC       DETECT_VIBRATION
  -------         PROC          DETECT_WHEEL_MOVING
  C:189BH         LINE#         598
  C:189BH         LINE#         599
  C:189BH         LINE#         600
  C:189EH         LINE#         601
  C:189EH         LINE#         602
  C:18A0H         LINE#         603
  C:18A6H         LINE#         605
  C:18ABH         LINE#         606
  C:18ABH         LINE#         607
  C:18AEH         LINE#         608
  C:18AEH         LINE#         609
  C:18C5H         LINE#         610
[...]
  X:0081H         PUBLIC        enable_sensor_delay_count
  X:0082H         PUBLIC        host_stolen_alarm1_count
  X:0083H         PUBLIC        host_stolen_alarm2_count
  X:0084H         PUBLIC        sensor_3rdstage_interval
  B:0024H.1       PUBLIC        ID_selflearning_flag
  B:0024H.2       PUBLIC        battery_stolen_EN
  B:0024H.3       PUBLIC        position_sensor_EN
  C:091CH         PUBLIC        uart_isr
  B:0024H.4       PUBLIC        Autolock_G
  X:0086H         PUBLIC        wheeled_count
  X:0088H         PUBLIC        raised_fell_number
  B:0024H.5       PUBLIC        never_alarm_speech
  X:008AH         PUBLIC        Check_Motobattery_count
  B:0024H.6       PUBLIC        Battery_hint_flag
  X:008BH         PUBLIC        Open_action_flag
  X:008CH         PUBLIC        receive_HV_count
  X:008DH         PUBLIC        receive_LV_count
  B:0024H.7       PUBLIC        raised_flag
  X:008EH         PUBLIC        raised_alarm_count
  D:00D0H         PUBLIC        PSW
  B:0080H.0       PUBLIC        sensor_detect
  X:008FH         PUBLIC        Stolen_alarm_reset_count
  B:0080H.5       PUBLIC        Externalmotor
  -------         PROC          MAIN
  C:1800H         LINE#         153
  C:1800H         LINE#         154
  C:1800H         LINE#         155
  C:1803H         LINE#         160
  C:1806H         LINE#         162
  C:180DH         LINE#         164
  C:1810H         LINE#         166
  C:1813H         LINE#         170
  C:1816H         LINE#         171
  C:1819H         LINE#         173
  C:181CH         LINE#         174
  C:181FH         LINE#         176
  C:1821H         LINE#         179
  C:1823H         LINE#         180
  C:1825H         LINE#         182
  C:1827H         LINE#         184
  C:1833H         LINE#         186
  C:1833H         LINE#         187
  C:1833H         LINE#         188
  -------         ENDPROC       MAIN
  -------         PROC          TIMER0
BL51 BANKED LINKER/LOCATER V6.22                                                      07/07/2017  14:05:20  PAGE 57


  C:03AFH         LINE#         195
  C:03CCH         LINE#         198
  C:03D1H         LINE#         199
  C:03D6H         LINE#         202
  C:03EDH         LINE#         203
  C:03EDH         LINE#         205
  C:03F1H         LINE#         211
  C:040BH         LINE#         212
  C:040BH         LINE#         213
  C:040DH         LINE#         214
  C:040DH         LINE#         217
  C:0410H         LINE#         218
  C:0410H         LINE#         220
  C:0413H         LINE#         221
  C:0413H         LINE#         222
  C:0415H         LINE#         223
  C:0417H         LINE#         224
  C:041BH         LINE#         225
  C:041DH         LINE#         226
  C:041FH         LINE#         227
  C:0425H         LINE#         228
  C:0425H         LINE#         229
  C:0427H         LINE#         230
  C:0429H         LINE#         231
  C:042CH         LINE#         232
  C:042CH         LINE#         233
  C:042CH         LINE#         235
  C:042FH         LINE#         236
  C:042FH         LINE#         237
  C:0434H         LINE#         238
  C:043AH         LINE#         239
  C:043AH         LINE#         240
  C:043CH         LINE#         241
  C:043EH         LINE#         242
  C:043EH         LINE#         243
  C:043EH         LINE#         246
  C:0441H         LINE#         247
  C:0444H         LINE#         251
  C:0447H         LINE#         259
  C:044AH         LINE#         268
  C:044DH         LINE#         272
  C:0450H         LINE#         273
  C:0453H         LINE#         274
  C:0456H         LINE#         275
  C:0456H         LINE#         278
  C:0459H         LINE#         281
  C:045CH         LINE#         282
  C:045FH         LINE#         283
  C:0462H         LINE#         285
  C:0465H         LINE#         287
  C:0468H         LINE#         288
  C:046BH         LINE#         290
  C:046EH         LINE#         291
  C:046EH         LINE#         292
  C:0470H         LINE#         293
  C:0473H         LINE#         294
  C:0473H         LINE#         300
BL51 BANKED LINKER/LOCATER V6.22                                                      07/07/2017  14:05:20  PAGE 58


  C:0478H         LINE#         301
  C:0478H         LINE#         303
  C:048EH         LINE#         304
  C:048EH         LINE#         306
  C:048EH         LINE#         307
  C:048EH         LINE#         311
  C:049DH         LINE#         312
  C:049DH         LINE#         314
  C:04A9H         LINE#         315
  C:04A9H         LINE#         316
  C:04ABH         LINE#         319
  C:04B0H         LINE#         321
  C:04B4H         LINE#         326
  C:04B6H         LINE#         328
  C:04B8H         LINE#         334
  C:04C4H         LINE#         335
  C:04C4H         LINE#         336
  C:04C6H         LINE#         338
  C:04C6H         LINE#         340
  C:04CAH         LINE#         341
  C:04CAH         LINE#         342
  C:04CAH         LINE#         343
  C:04CCH         LINE#         346
  C:04CCH         LINE#         347
  C:04CCH         LINE#         348
  C:04D5H         LINE#         349
  C:04D5H         LINE#         351
  C:04DFH         LINE#         352
  C:04DFH         LINE#         353
  C:04E1H         LINE#         354
  C:04E6H         LINE#         356
  C:04ECH         LINE#         360
  C:04EEH         LINE#         362
  C:04F0H         LINE#         365
  C:04F3H         LINE#         368
  C:04F3H         LINE#         369
  C:04F5H         LINE#         371
  C:04F5H         LINE#         372
  C:04F9H         LINE#         373
  C:04F9H         LINE#         376
  C:0512H         LINE#         377
  C:0512H         LINE#         378
  C:0516H         LINE#         379
  C:0519H         LINE#         380
  C:051CH         LINE#         381
  C:051EH         LINE#         384
  C:051EH         LINE#         386
  C:051EH         LINE#         387
  C:051EH         LINE#         388
  C:051EH         LINE#         389
  C:0520H         LINE#         391
  C:0520H         LINE#         392
  C:0520H         LINE#         393
  C:0529H         LINE#         394
  C:0529H         LINE#         396
  C:0533H         LINE#         397
  C:0533H         LINE#         398
BL51 BANKED LINKER/LOCATER V6.22                                                      07/07/2017  14:05:20  PAGE 59


  C:0535H         LINE#         399
  C:053AH         LINE#         400
  C:0540H         LINE#         406
  C:0542H         LINE#         408
  C:0544H         LINE#         410
  C:0547H         LINE#         413
  C:0547H         LINE#         414
  C:0549H         LINE#         416
  C:0549H         LINE#         417
  C:054DH         LINE#         418
  C:054DH         LINE#         421
  C:0564H         LINE#         422
  C:0564H         LINE#         423
  C:0568H         LINE#         424
  C:056BH         LINE#         425
  C:056EH         LINE#         426
  C:0571H         LINE#         427
  C:0576H         LINE#         430
  C:0576H         LINE#         432
  C:0576H         LINE#         433
  C:0576H         LINE#         434
  C:0576H         LINE#         435
  C:0578H         LINE#         438
  C:0578H         LINE#         439
  C:0578H         LINE#         440
  C:0581H         LINE#         441
  C:0581H         LINE#         443
  C:058BH         LINE#         444
  C:058BH         LINE#         445
  C:058DH         LINE#         447
  C:058FH         LINE#         448
  C:0591H         LINE#         449
  C:0593H         LINE#         450
  C:0596H         LINE#         453
  C:0598H         LINE#         455
  C:059AH         LINE#         456
  C:059AH         LINE#         457
  C:059CH         LINE#         459
  C:059CH         LINE#         460
  C:05A0H         LINE#         461
  C:05A0H         LINE#         464
  C:05B7H         LINE#         465
  C:05B7H         LINE#         466
  C:05BBH         LINE#         467
  C:05BEH         LINE#         468
  C:05C1H         LINE#         469
  C:05C6H         LINE#         470
  C:05CBH         LINE#         471
  C:05CEH         LINE#         473
  C:05D1H         LINE#         474
  C:05D1H         LINE#         476
  C:05D3H         LINE#         478
  C:05D5H         LINE#         479
  C:05D5H         LINE#         480
  C:05D5H         LINE#         481
  C:05D5H         LINE#         482
  C:05D5H         LINE#         483
BL51 BANKED LINKER/LOCATER V6.22                                                      07/07/2017  14:05:20  PAGE 60


  C:05D5H         LINE#         486
  C:05DDH         LINE#         487
  C:05DDH         LINE#         488
  C:05DFH         LINE#         489
  C:05E1H         LINE#         491
  C:05E3H         LINE#         492
  C:05E3H         LINE#         496
  C:05E6H         LINE#         497
  C:05E6H         LINE#         499
  C:05E9H         LINE#         500
  C:05E9H         LINE#         502
  C:05F1H         LINE#         503
  C:05F1H         LINE#         505
  C:05F3H         LINE#         506
  C:05F5H         LINE#         508
  C:05F8H         LINE#         509
  C:05F8H         LINE#         511
  C:05FAH         LINE#         512
  C:05FAH         LINE#         513
  C:05FAH         LINE#         514
  C:05FCH         LINE#         516
  C:05FCH         LINE#         517
  C:05FEH         LINE#         518
  C:0602H         LINE#         519
  C:0605H         LINE#         520
  C:0607H         LINE#         521
  C:0607H         LINE#         523
  C:060AH         LINE#         524
  C:060AH         LINE#         526
  C:0612H         LINE#         527
  C:0612H         LINE#         529
  C:0614H         LINE#         530
  C:0616H         LINE#         532
  C:0619H         LINE#         533
  C:0619H         LINE#         534
  C:061BH         LINE#         535
  C:061BH         LINE#         536
  C:061BH         LINE#         537
  C:061DH         LINE#         539
  C:061DH         LINE#         540
  C:061FH         LINE#         541
  C:0623H         LINE#         542
  C:0626H         LINE#         543
  C:0628H         LINE#         544
  C:0628H         LINE#         545
  C:0628H         LINE#         548
  C:062BH         LINE#         549
  C:062BH         LINE#         550
  C:0642H         LINE#         551
  C:0642H         LINE#         552
  C:0644H         LINE#         553
  C:0648H         LINE#         554
  C:064AH         LINE#         556
  C:064DH         LINE#         557
  C:0650H         LINE#         558
  C:0653H         LINE#         559
  C:0658H         LINE#         560
BL51 BANKED LINKER/LOCATER V6.22                                                      07/07/2017  14:05:20  PAGE 61


  C:065DH         LINE#         561
  C:0666H         LINE#         562
  C:066AH         LINE#         563
  C:066DH         LINE#         564
  C:066DH         LINE#         565
  C:066DH         LINE#         566
  -------         ENDPROC       TIMER0
  -------         PROC          UART_ISR
  C:091CH         LINE#         571
  C:0939H         LINE#         573
  C:093EH         LINE#         574
  C:093EH         LINE#         575
  C:0940H         LINE#         576
  C:094AH         LINE#         580
  C:094FH         LINE#         581
  C:094FH         LINE#         583
  C:095DH         LINE#         584
  C:095DH         LINE#         585
  C:0962H         LINE#         586
  C:0964H         LINE#         587
  C:0976H         LINE#         588
  C:0976H         LINE#         589
  C:097BH         LINE#         590
  C:097DH         LINE#         591
  C:0990H         LINE#         592
  C:0990H         LINE#         593
  C:0995H         LINE#         594
  C:0997H         LINE#         595
  C:09A7H         LINE#         596
  C:09A7H         LINE#         597
  C:09ACH         LINE#         598
  C:09AEH         LINE#         599
  C:09C0H         LINE#         600
  C:09C0H         LINE#         601
  C:09C5H         LINE#         602
  C:09C7H         LINE#         604
  C:09D9H         LINE#         605
  C:09D9H         LINE#         606
  C:09DCH         LINE#         607
  C:09DEH         LINE#         608
  C:09E1H         LINE#         609
  C:09E3H         LINE#         611
  C:09E6H         LINE#         613
  C:09F2H         LINE#         614
  C:09F2H         LINE#         616
  C:09F4H         LINE#         617
  C:09F4H         LINE#         618
  C:09FEH         LINE#         619
  C:09FEH         LINE#         623
  C:0A00H         LINE#         624
  C:0A02H         LINE#         625
  C:0A04H         LINE#         627
  C:0A06H         LINE#         628
  C:0A08H         LINE#         629
  C:0A08H         LINE#         630
  C:0A0AH         LINE#         640
  C:0A0AH         LINE#         641
BL51 BANKED LINKER/LOCATER V6.22                                                      07/07/2017  14:05:20  PAGE 62


  C:0A0EH         LINE#         642
  C:0A0EH         LINE#         675
  C:0A10H         LINE#         677
  C:0A10H         LINE#         679
  C:0A1AH         LINE#         680
  C:0A1AH         LINE#         681
  C:0A1CH         LINE#         682
  C:0A1EH         LINE#         683
  C:0A1EH         LINE#         722
  C:0A1EH         LINE#         723
  C:0A1EH         LINE#         724
  -------         ENDPROC       UART_ISR
  -------         ENDMOD        MAIN

  -------         MODULE        ?C?CLDPTR
  C:0688H         PUBLIC        ?C?CLDPTR
  -------         ENDMOD        ?C?CLDPTR

  -------         MODULE        ?C?LMUL
  C:06A1H         PUBLIC        ?C?LMUL
  -------         ENDMOD        ?C?LMUL

  -------         MODULE        ?C?ULDIV
  C:072CH         PUBLIC        ?C?ULDIV
  -------         ENDMOD        ?C?ULDIV

  -------         MODULE        ?C?LNEG
  C:07BEH         PUBLIC        ?C?LNEG
  -------         ENDMOD        ?C?LNEG

  -------         MODULE        ?C?ICALL
  C:07CCH         PUBLIC        ?C?ICALL
  C:07D0H         PUBLIC        ?C?ICALL2
  -------         ENDMOD        ?C?ICALL

  -------         MODULE        ?C?LIMUL
  C:07D2H         PUBLIC        ?C?LIMUL
  -------         ENDMOD        ?C?LIMUL

*** WARNING L16: UNCALLED SEGMENT, IGNORED FOR OVERLAY PROCESS
    SEGMENT: ?PR?_COMMODE_DATA?COMMUNICATION

*** WARNING L16: UNCALLED SEGMENT, IGNORED FOR OVERLAY PROCESS
    SEGMENT: ?PR?_COMMODE_DATA_WX?COMMUNICATION

*** WARNING L16: UNCALLED SEGMENT, IGNORED FOR OVERLAY PROCESS
    SEGMENT: ?PR?_UART_SEND_DATA_F?COMMUNICATION

*** WARNING L16: UNCALLED SEGMENT, IGNORED FOR OVERLAY PROCESS
    SEGMENT: ?PR?_UART_SEND_DATA_F2?COMMUNICATION

*** WARNING L16: UNCALLED SEGMENT, IGNORED FOR OVERLAY PROCESS
    SEGMENT: ?PR?_UART_SEND_DATA_F3?COMMUNICATION

*** WARNING L16: UNCALLED SEGMENT, IGNORED FOR OVERLAY PROCESS
    SEGMENT: ?PR?UART_SEND_DATA_MATCH?COMMUNICATION

BL51 BANKED LINKER/LOCATER V6.22                                                      07/07/2017  14:05:20  PAGE 63


*** WARNING L16: UNCALLED SEGMENT, IGNORED FOR OVERLAY PROCESS
    SEGMENT: ?PR?UART_SEND_DATA_MATCH_F?COMMUNICATION

*** WARNING L16: UNCALLED SEGMENT, IGNORED FOR OVERLAY PROCESS
    SEGMENT: ?PR?RECEIVE_BYTE?COMMUNICATION

*** WARNING L16: UNCALLED SEGMENT, IGNORED FOR OVERLAY PROCESS
    SEGMENT: ?PR?RECEIVE_BYTE_LOCK?COMMUNICATION

*** WARNING L16: UNCALLED SEGMENT, IGNORED FOR OVERLAY PROCESS
    SEGMENT: ?PR?RECEIVE_WORD?COMMUNICATION

*** WARNING L16: UNCALLED SEGMENT, IGNORED FOR OVERLAY PROCESS
    SEGMENT: ?PR?_DELAY_MS?DELAY

*** WARNING L16: UNCALLED SEGMENT, IGNORED FOR OVERLAY PROCESS
    SEGMENT: ?PR?FELL_ALARM_TO_SLAVE?OPERATION

*** WARNING L16: UNCALLED SEGMENT, IGNORED FOR OVERLAY PROCESS
    SEGMENT: ?PR?RAISE_ALARM_TO_SLAVE?OPERATION

*** WARNING L16: UNCALLED SEGMENT, IGNORED FOR OVERLAY PROCESS
    SEGMENT: ?PR?BATSTOLEN_ALARM_TO_SLAVE?OPERATION

*** WARNING L16: UNCALLED SEGMENT, IGNORED FOR OVERLAY PROCESS
    SEGMENT: ?PR?ENSENSOR_AFTER_SLAVE_AWAY?OPERATION

*** WARNING L16: UNCALLED SEGMENT, IGNORED FOR OVERLAY PROCESS
    SEGMENT: ?PR?_MAGNET_CW?OTHER

*** WARNING L16: UNCALLED SEGMENT, IGNORED FOR OVERLAY PROCESS
    SEGMENT: ?PR?_MAGNET_ACW?OTHER

*** WARNING L16: UNCALLED SEGMENT, IGNORED FOR OVERLAY PROCESS
    SEGMENT: ?PR?_MAGNET_ACW_TAILI?OTHER

*** WARNING L16: UNCALLED SEGMENT, IGNORED FOR OVERLAY PROCESS
    SEGMENT: ?PR?MOTO_VIBRATION?OTHER

*** WARNING L16: UNCALLED SEGMENT, IGNORED FOR OVERLAY PROCESS
    SEGMENT: ?PR?_INITTIMER?TIMER

*** WARNING L16: UNCALLED SEGMENT, IGNORED FOR OVERLAY PROCESS
    SEGMENT: ?PR?HSCH_START?TIMER

*** WARNING L16: UNCALLED SEGMENT, IGNORED FOR OVERLAY PROCESS
    SEGMENT: ?PR?SEOS_GO_TO_SLEEP?TIMER

*** WARNING L16: UNCALLED SEGMENT, IGNORED FOR OVERLAY PROCESS
    SEGMENT: ?PR?MOTORBAT_LOW_SPEECH?VOICE

*** WARNING L16: UNCALLED SEGMENT, IGNORED FOR OVERLAY PROCESS
    SEGMENT: ?PR?BATTERY_STOLEN_SPEECH?VOICE

*** WARNING L16: UNCALLED SEGMENT, IGNORED FOR OVERLAY PROCESS
    SEGMENT: ?PR?CUTTING_WIRE_VOICE?VOICE

BL51 BANKED LINKER/LOCATER V6.22                                                      07/07/2017  14:05:20  PAGE 64


*** WARNING L16: UNCALLED SEGMENT, IGNORED FOR OVERLAY PROCESS
    SEGMENT: ?PR?PRODUCT_TEST_VOICE?VOICE

*** WARNING L16: UNCALLED SEGMENT, IGNORED FOR OVERLAY PROCESS
    SEGMENT: ?PR?BATTERY_LOW_ALARM_SPEECH?VOICE

*** WARNING L16: UNCALLED SEGMENT, IGNORED FOR OVERLAY PROCESS
    SEGMENT: ?PR?BATTERY_HIGH_ALARM_SPEECH?VOICE

*** WARNING L16: UNCALLED SEGMENT, IGNORED FOR OVERLAY PROCESS
    SEGMENT: ?PR?ALARM_STOLEN_SPEECH?VOICE

*** WARNING L16: UNCALLED SEGMENT, IGNORED FOR OVERLAY PROCESS
    SEGMENT: ?PR?ALARM_RAISED_SPEECH?VOICE

*** WARNING L16: UNCALLED SEGMENT, IGNORED FOR OVERLAY PROCESS
    SEGMENT: ?PR?ALARM_FELL_SPEECH?VOICE

*** WARNING L16: UNCALLED SEGMENT, IGNORED FOR OVERLAY PROCESS
    SEGMENT: ?PR?HOST_BATTERY_HIGH_ALARM_SPEECH?VOICE

*** WARNING L16: UNCALLED SEGMENT, IGNORED FOR OVERLAY PROCESS
    SEGMENT: ?PR?BATTERY_STOLEN_SPEECH_F3?VOICE

*** WARNING L16: UNCALLED SEGMENT, IGNORED FOR OVERLAY PROCESS
    SEGMENT: ?PR?WIRE_BROKEN_SPEECH?VOICE

*** WARNING L16: UNCALLED SEGMENT, IGNORED FOR OVERLAY PROCESS
    SEGMENT: ?PR?LOCK_ROTATED_ON_SPEECH?VOICE

*** WARNING L16: UNCALLED SEGMENT, IGNORED FOR OVERLAY PROCESS
    SEGMENT: ?PR?LOCK_ROTATED_OFF_SPEECH?VOICE

*** WARNING L16: UNCALLED SEGMENT, IGNORED FOR OVERLAY PROCESS
    SEGMENT: ?PR?_FLASH_READ_DATA?ISP_DATAFLASH

*** WARNING L16: UNCALLED SEGMENT, IGNORED FOR OVERLAY PROCESS
    SEGMENT: ?PR?SELF_LEARN_PROGRAMMING_F?ISP_DATAFLASH

*** WARNING L16: UNCALLED SEGMENT, IGNORED FOR OVERLAY PROCESS
    SEGMENT: ?PR?INITELECMOTOR?ELECMOTOR

*** WARNING L16: UNCALLED SEGMENT, IGNORED FOR OVERLAY PROCESS
    SEGMENT: ?PR?ELECMOTOR_CLOSECODE?ELECMOTOR

*** WARNING L16: UNCALLED SEGMENT, IGNORED FOR OVERLAY PROCESS
    SEGMENT: ?PR?ELECMOTOR_STOPCODE?ELECMOTOR

*** WARNING L16: UNCALLED SEGMENT, IGNORED FOR OVERLAY PROCESS
    SEGMENT: ?PR?HSCH_DISPATCH_TASKS?SCHEDULAR

*** WARNING L16: UNCALLED SEGMENT, IGNORED FOR OVERLAY PROCESS
    SEGMENT: ?PR?_HSCH_ADD_TASK?SCHEDULAR

*** WARNING L16: UNCALLED SEGMENT, IGNORED FOR OVERLAY PROCESS
    SEGMENT: ?PR?HSCH_UPDATE?SCHEDULAR

BL51 BANKED LINKER/LOCATER V6.22                                                      07/07/2017  14:05:20  PAGE 65


*** WARNING L15: MULTIPLE CALL TO SEGMENT
    SEGMENT: ?PR?_SC_SPEECH?VOICE
    CALLER1: ?PR?TIMER0?MAIN
    CALLER2: ?PR?UART_ISR?MAIN

*** WARNING L15: MULTIPLE CALL TO SEGMENT
    SEGMENT: ?PR?_SC_SPEECH?VOICE
    CALLER1: ?PR?UART_ISR?MAIN
    CALLER2: ?C_C51STARTUP

*** WARNING L1: UNRESOLVED EXTERNAL SYMBOL
    SYMBOL:  CLOSE_LOCK_DINGDONG_SPEECH
    MODULE:  .\operation.obj (OPERATION)

*** WARNING L2: REFERENCE MADE TO UNRESOLVED EXTERNAL
    SYMBOL:  CLOSE_LOCK_DINGDONG_SPEECH
    MODULE:  .\operation.obj (OPERATION)
    ADDRESS: 192DH

Program Size: data=55.0 xdata=152 code=7806
LINK/LOCATE RUN COMPLETE.  48 WARNING(S),  0 ERROR(S)
