BL51 BANKED LINKER/LOCATER V6.22                                                        07/29/2015  20:04:30  PAGE 1


BL51 BANKED LINKER/LOCATER V6.22, INVOKED BY:
D:\PROGRAM FILES (X86)\KEIL_V5\C51\BIN\BL51.EXE .\AD.obj, .\Battery.obj, .\communication.obj, .\Delay.obj, .\operation.o
>> bj, .\Other.obj, .\pwm.obj, .\Timer.obj, .\UART.obj, .\voice.obj, .\ISP_DataFlash.obj, .\ElecMotor.obj, .\Schedular.o
>> bj, Main.obj TO DDC-Z RAMSIZE (256)


MEMORY MODEL: COMPACT


INPUT MODULES INCLUDED:
  .\AD.obj (AD)
  .\Battery.obj (BATTERY)
  .\communication.obj (COMMUNICATION)
  .\Delay.obj (DELAY)
  .\operation.obj (OPERATION)
  .\Other.obj (OTHER)
  .\pwm.obj (PWM)
  .\Timer.obj (TIMER)
  .\UART.obj (UART)
  .\voice.obj (VOICE)
  .\ISP_DataFlash.obj (ISP_DATAFLASH)
  .\ElecMotor.obj (ELECMOTOR)
  .\Schedular.obj (SCHEDULAR)
  Main.obj (MAIN)
  D:\PROGRAM FILES (X86)\KEIL_V5\C51\LIB\C51C.LIB (?C_STARTUP)
  D:\PROGRAM FILES (X86)\KEIL_V5\C51\LIB\C51C.LIB (?C?CLDPTR)
  D:\PROGRAM FILES (X86)\KEIL_V5\C51\LIB\C51C.LIB (?C?LMUL)
  D:\PROGRAM FILES (X86)\KEIL_V5\C51\LIB\C51C.LIB (?C?ULDIV)
  D:\PROGRAM FILES (X86)\KEIL_V5\C51\LIB\C51C.LIB (?C?LNEG)
  D:\PROGRAM FILES (X86)\KEIL_V5\C51\LIB\C51C.LIB (?C?ICALL)
  D:\PROGRAM FILES (X86)\KEIL_V5\C51\LIB\C51C.LIB (?C?LIMUL)
  D:\PROGRAM FILES (X86)\KEIL_V5\C51\LIB\C51C.LIB (?C_INIT)


LINK MAP OF MODULE:  DDC-Z (AD)


            TYPE    BASE      LENGTH    RELOCATION   SEGMENT NAME
            -----------------------------------------------------

            * * * * * * *   D A T A   M E M O R Y   * * * * * * *
            REG     0000H     0008H     ABSOLUTE     "REG BANK 0"
                    0008H     0018H                  *** GAP ***
            BIT     0020H.0   0004H.4   UNIT         ?BI?MAIN
            BIT     0024H.4   0000H.2   UNIT         ?BI?OPERATION
            BIT     0024H.6   0000H.1   UNIT         ?BI?ELECMOTOR
            BIT     0024H.7   0000H.1   UNIT         ?BI?_HSCH_ADD_TASK?SCHEDULAR
            BIT     0025H.0   0000H.1   UNIT         _BIT_GROUP_
                    0025H.1   0000H.7                *** GAP ***
            DATA    0026H     0028H     UNIT         ?DT?SCHEDULAR
            IDATA   004EH     0001H     UNIT         ?STACK

            * * * * * * *  X D A T A   M E M O R Y  * * * * * * *
            XDATA   0000H     0002H     INPAGE       ?PD?BATTERY
            XDATA   0002H     0003H     INPAGE       ?PD?INITSIGNAL_F?COMMUNICATION
            XDATA   0005H     0003H     INPAGE       ?PD?_SEND_DATA?COMMUNICATION
            XDATA   0008H     0003H     INPAGE       ?PD?_COMMODE_DATA?COMMUNICATION
            XDATA   000BH     0003H     INPAGE       ?PD?_COMMODE_DATA_WX?COMMUNICATION
BL51 BANKED LINKER/LOCATER V6.22                                                      07/29/2015  20:04:30  PAGE 2


            XDATA   000EH     0002H     INPAGE       ?PD?_UART_SEND_DATA_F?COMMUNICATION
            XDATA   0010H     0004H     INPAGE       ?PD?_SEND_CODE_TO_LOCK?COMMUNICATION
            XDATA   0014H     0004H     INPAGE       ?PD?_SEND_CODE_TO_LOCK_TAILI?COMMUNICATION
            XDATA   0018H     0007H     INPAGE       ?PD?COMMUNICATION
            XDATA   001FH     0002H     INPAGE       ?PD?_MAGNET_DELAY?DELAY
            XDATA   0021H     0002H     INPAGE       ?PD?DELAY
            XDATA   0023H     0004H     INPAGE       ?PD?_MAGNET_CW?OTHER
            XDATA   0027H     0004H     INPAGE       ?PD?_MAGNET_CW_TAILI?OTHER
            XDATA   002BH     0002H     INPAGE       ?PD?PWM
            XDATA   002DH     0002H     INPAGE       ?PD?_INITTIMER?TIMER
            XDATA   002FH     0004H     INPAGE       ?PD?TIMER
            XDATA   0033H     0001H     INPAGE       ?PD?VOICE
            XDATA   0034H     0003H     INPAGE       ?PD?_FLASH_READ_DATA?ISP_DATAFLASH
            XDATA   0037H     0001H     INPAGE       ?PD?ELECMOTOR
            XDATA   0038H     0001H     INPAGE       ?PD?HSCH_DISPATCH_TASKS?SCHEDULAR
            XDATA   0039H     0002H     INPAGE       ?PD?_HSCH_ADD_TASK?SCHEDULAR
            XDATA   003BH     0001H     INPAGE       ?PD?HSCH_UPDATE?SCHEDULAR
            XDATA   003CH     0004H     INPAGE       ?PD?SCHEDULAR
            XDATA   0040H     0039H     INPAGE       ?PD?MAIN
            XDATA   0079H     000DH     INPAGE       _PDATA_GROUP_

            * * * * * * *   C O D E   M E M O R Y   * * * * * * *
            CODE    0000H     0003H     ABSOLUTE     
            CODE    0003H     0008H     UNIT         ?PR?MOTO_VIBRATION?OTHER
            CODE    000BH     0003H     ABSOLUTE     
            CODE    000EH     0015H     UNIT         ?PR?_FLASH_PAGE_ERASE?ISP_DATAFLASH
            CODE    0023H     0003H     ABSOLUTE     
            CODE    0026H     0237H     UNIT         ?PR?TIMER0?MAIN
            CODE    025DH     01B5H     UNIT         ?PR?_VERIFYBATTERY?BATTERY
            CODE    0412H     0177H     UNIT         ?C?LIB_CODE
            CODE    0589H     0171H     UNIT         ?PR?UART_ISR?MAIN
            CODE    06FAH     00EFH     UNIT         ?C_INITSEG
            CODE    07E9H     00C5H     UNIT         ?PR?HSCH_UPDATE?SCHEDULAR
            CODE    08AEH     00A5H     UNIT         ?PR?DETECT_SELFLEARN_ACTION?OPERATION
            CODE    0953H     008CH     UNIT         ?C_C51STARTUP
            CODE    09DFH     007DH     UNIT         ?PR?_HSCH_ADD_TASK?SCHEDULAR
            CODE    0A5CH     0078H     UNIT         ?PR?_GETADCRESULT?AD
            CODE    0AD4H     0075H     UNIT         ?PR?_INITTIMER?TIMER
            CODE    0B49H     0073H     UNIT         ?PR?_SEND_CODE_TO_LOCK?COMMUNICATION
            CODE    0BBCH     0073H     UNIT         ?PR?_SEND_CODE_TO_LOCK_TAILI?COMMUNICATION
            CODE    0C2FH     0071H     UNIT         ?PR?HSCH_DISPATCH_TASKS?SCHEDULAR
            CODE    0CA0H     006AH     UNIT         ?PR?RECEIVE_BYTE?COMMUNICATION
            CODE    0D0AH     006AH     UNIT         ?PR?RECEIVE_BYTE_LOCK?COMMUNICATION
            CODE    0D74H     0062H     UNIT         ?PR?_PWM_CHANNEL?PWM
            CODE    0DD6H     0060H     UNIT         ?PR?_SEND_DATA?COMMUNICATION
            CODE    0E36H     0057H     UNIT         ?PR?_UART_SEND_DATA?COMMUNICATION
            CODE    0E8DH     0056H     UNIT         ?PR?ELECMOTOR_CODE?ELECMOTOR
            CODE    0EE3H     004CH     UNIT         ?PR?_INITT0?TIMER
            CODE    0F2FH     004BH     UNIT         ?PR?_HSCH_DELETE_TASK?SCHEDULAR
            CODE    0F7AH     0048H     UNIT         ?PR?INITSIGNAL?COMMUNICATION
            CODE    0FC2H     0048H     UNIT         ?PR?INITSIGNAL_F?COMMUNICATION
            CODE    100AH     0047H     UNIT         ?PR?DISABLE_SENSOR?OTHER
            CODE    1051H     0045H     UNIT         ?PR?_UART_SEND_DATA_F?COMMUNICATION
            CODE    1096H     0043H     UNIT         ?PR?UART_SEND_DATA_MATCH?COMMUNICATION
            CODE    10D9H     0041H     UNIT         ?PR?RECEIVE_WORD?COMMUNICATION
            CODE    111AH     0041H     UNIT         ?PR?SELF_LEARN_PROGRAMMING_F?ISP_DATAFLASH
            CODE    115BH     003FH     UNIT         ?PR?_CUSTOM_DELAY?DELAY
BL51 BANKED LINKER/LOCATER V6.22                                                      07/29/2015  20:04:30  PAGE 3


            CODE    119AH     003EH     UNIT         ?PR?_MAGNET_DELAY?DELAY
            CODE    11D8H     0036H     UNIT         ?PR?_INITUART?UART
            CODE    120EH     0036H     UNIT         ?PR?_SC_SPEECH?VOICE
            CODE    1244H     0034H     UNIT         ?PR?_COMMODE_DATA_WX?COMMUNICATION
            CODE    1278H     0032H     UNIT         ?PR?_COMMODE_DATA?COMMUNICATION
            CODE    12AAH     0032H     UNIT         ?PR?ACCUMULATOR_VOICE_PROMOT?VOICE
            CODE    12DCH     0032H     UNIT         ?PR?SELF_LEARN_PROGRAMMING?ISP_DATAFLASH
            CODE    130EH     0031H     UNIT         ?PR?_MAGNET_CW?OTHER
            CODE    133FH     0031H     UNIT         ?PR?_MAGNET_CW_TAILI?OTHER
            CODE    1370H     0030H     UNIT         ?PR?_FLASH_WRITE_DATA?ISP_DATAFLASH
            CODE    13A0H     002FH     UNIT         ?PR?DETECT_VIBRATION?OPERATION
            CODE    13CFH     002EH     UNIT         ?PR?SLAVE_AWAY_OPERATION?OPERATION
            CODE    13FDH     002CH     UNIT         ?PR?DETECT_WHEEL_MOVING?OPERATION
            CODE    1429H     002BH     UNIT         ?PR?DETECT_CLOSE_ACTION?OPERATION
            CODE    1454H     002BH     UNIT         ?PR?_SENDNBYTE?UART
            CODE    147FH     0029H     UNIT         ?PR?DETECT_OPEN_ACTION?OPERATION
            CODE    14A8H     0029H     UNIT         ?PR?ELECMOTOR_TEST?ELECMOTOR
            CODE    14D1H     0026H     UNIT         ?PR?SELFLEARN_RESET?OPERATION
            CODE    14F7H     0024H     UNIT         ?PR?SLAVE_NEARBY_OPERATION?OPERATION
            CODE    151BH     0022H     UNIT         ?PR?ENSENSOR_AFTERIDCERT?OPERATION
            CODE    153DH     0022H     UNIT         ?PR?ELECMOTOR_DELAY_CW?ELECMOTOR
            CODE    155FH     0022H     UNIT         ?PR?ELECMOTOR_DELAY_ACW?ELECMOTOR
            CODE    1581H     0021H     UNIT         ?PR?ENSENSOR_AFTER_SLAVE_AWAY?OPERATION
            CODE    15A2H     0020H     UNIT         ?PR?_DELAY_MS?DELAY
            CODE    15C2H     001EH     UNIT         ?PR?RESET_AFTER_STOLEN_ALARMING?OPERATION
            CODE    15E0H     001EH     UNIT         ?PR?_FLASH_READ_DATA?ISP_DATAFLASH
            CODE    15FEH     001BH     UNIT         ?PR?ENSENSOR_AFTER_CLOSE?OPERATION
            CODE    1619H     001BH     UNIT         ?PR?INITVOICE?VOICE
            CODE    1634H     001AH     UNIT         ?PR?DELAY_1MS?DELAY
            CODE    164EH     001AH     UNIT         ?PR?DELAY_5MS?DELAY
            CODE    1668H     001AH     UNIT         ?PR?DELAY_10MS?DELAY
            CODE    1682H     001AH     UNIT         ?PR?DELAY_12MS?DELAY
            CODE    169CH     001AH     UNIT         ?PR?DELAY_50MS?DELAY
            CODE    16B6H     001AH     UNIT         ?PR?DELAY_100MS?DELAY
            CODE    16D0H     001AH     UNIT         ?PR?DELAY_500MS?DELAY
            CODE    16EAH     001AH     UNIT         ?PR?TRIGGER_ISP?ISP_DATAFLASH
            CODE    1704H     0019H     UNIT         ?PR?_DELAY_US?DELAY
            CODE    171DH     0018H     UNIT         ?PR?HOST_STOLEN_ACTION?OPERATION
            CODE    1735H     0018H     UNIT         ?PR?INIT_PWM?PWM
            CODE    174DH     0017H     UNIT         ?PR?_DELAY?DELAY
            CODE    1764H     0017H     UNIT         ?PR?MAIN?MAIN
            CODE    177BH     0016H     UNIT         ?PR?FELL_ALARM_TO_SLAVE?OPERATION
            CODE    1791H     0016H     UNIT         ?PR?RAISE_ALARM_TO_SLAVE?OPERATION
            CODE    17A7H     0016H     UNIT         ?PR?BATSTOLEN_ALARM_TO_SLAVE?OPERATION
            CODE    17BDH     0014H     UNIT         ?PR?DISABLE_ISP?ISP_DATAFLASH
            CODE    17D1H     0013H     UNIT         ?PR?HOST_TOUCH_SPEECH?VOICE
            CODE    17E4H     0013H     UNIT         ?PR?STOLEN_ALARM_SPEECH2?VOICE
            CODE    17F7H     0013H     UNIT         ?PR?ENABLE_ISP?ISP_DATAFLASH
            CODE    180AH     0011H     UNIT         ?PR?SELF_LEARN_SPEECH?VOICE
            CODE    181BH     0011H     UNIT         ?PR?IDCERTED_SPEECH?VOICE
            CODE    182CH     0011H     UNIT         ?PR?ELECMOTOR_CW?ELECMOTOR
            CODE    183DH     0010H     UNIT         ?PR?RESET_AFTER_WIREBROKEN?OPERATION
            CODE    184DH     000FH     UNIT         ?PR?HSCH_MANUAL_TIMER0_RELOAD?TIMER
            CODE    185CH     000FH     UNIT         ?PR?MOTORBAT_LOW_SPEECH?VOICE
            CODE    186BH     000FH     UNIT         ?PR?BATTERY_HINT?VOICE
            CODE    187AH     000FH     UNIT         ?PR?ID_SPEECH?VOICE
            CODE    1889H     000FH     UNIT         ?PR?HOST_2NDTOUCH_SPEECH?VOICE
BL51 BANKED LINKER/LOCATER V6.22                                                      07/29/2015  20:04:30  PAGE 4


            CODE    1898H     000FH     UNIT         ?PR?STOLEN_ALARM_SPEECH1?VOICE
            CODE    18A7H     000FH     UNIT         ?PR?OPEN_LOCK_SPEECH?VOICE
            CODE    18B6H     000FH     UNIT         ?PR?CLOSE_LOCK_SPEECH?VOICE
            CODE    18C5H     000FH     UNIT         ?PR?BATTERY_STOLEN_SPEECH?VOICE
            CODE    18D4H     000FH     UNIT         ?PR?CUTTING_WIRE_VOICE?VOICE
            CODE    18E3H     000FH     UNIT         ?PR?PRODUCT_TEST_VOICE?VOICE
            CODE    18F2H     000FH     UNIT         ?PR?BATTERY_LOW_ALARM_SPEECH?VOICE
            CODE    1901H     000FH     UNIT         ?PR?BATTERY_HIGH_ALARM_SPEECH?VOICE
            CODE    1910H     000FH     UNIT         ?PR?ALARM_STOLEN_SPEECH?VOICE
            CODE    191FH     000FH     UNIT         ?PR?ALARM_RAISED_SPEECH?VOICE
            CODE    192EH     000FH     UNIT         ?PR?ALARM_FELL_SPEECH?VOICE
            CODE    193DH     000FH     UNIT         ?PR?HOST_BATTERY_HIGH_ALARM_SPEECH?VOICE
            CODE    194CH     000FH     UNIT         ?PR?BATTERY_STOLEN_SPEECH_F3?VOICE
            CODE    195BH     000FH     UNIT         ?PR?WIRE_BROKEN_SPEECH?VOICE
            CODE    196AH     000FH     UNIT         ?PR?LOCK_ROTATED_ON_SPEECH?VOICE
            CODE    1979H     000FH     UNIT         ?PR?LOCK_ROTATED_OFF_SPEECH?VOICE
            CODE    1988H     000EH     UNIT         ?PR?_MAGNET_ACW?OTHER
            CODE    1996H     000EH     UNIT         ?PR?_MAGNET_ACW_TAILI?OTHER
            CODE    19A4H     000EH     UNIT         ?PR?ELECMOTOR_ACW?ELECMOTOR
            CODE    19B2H     000DH     UNIT         ?PR?CHECK_MOTOR_ACCUMULATOR?BATTERY
            CODE    19BFH     000CH     UNIT         ?PR?ENABLE_SENSOR?OTHER
            CODE    19CBH     000BH     UNIT         ?PR?INITSENSOR?OPERATION
            CODE    19D6H     0009H     UNIT         ?PR?INITTRANSCEIVER?COMMUNICATION
            CODE    19DFH     0009H     UNIT         ?PR?DISABLE_SENSOR_AFTER_IDCERT?OPERATION
            CODE    19E8H     0009H     UNIT         ?PR?ENTER_NOGUARD_VOICE?VOICE
            CODE    19F1H     0008H     UNIT         ?PR?MYPWM?PWM
            CODE    19F9H     0008H     UNIT         ?PR?_SENDDATA?UART
            CODE    1A01H     0005H     UNIT         ?PR?OPEN_TRANCEIVER?COMMUNICATION
            CODE    1A06H     0005H     UNIT         ?PR?CLOSE_TRANCEIVER?COMMUNICATION
            CODE    1A0BH     0004H     UNIT         ?PR?SEOS_GO_TO_SLEEP?TIMER
            CODE    1A0FH     0004H     UNIT         ?PR?HSCH_GO_TO_SLEEP?SCHEDULAR
            CODE    1A13H     0003H     UNIT         ?PR?HSCH_START?TIMER
            CODE    1A16H     0003H     UNIT         ?PR?INITELECMOTOR?ELECMOTOR
            CODE    1A19H     0001H     UNIT         ?PR?KEY_ROTATE_ON_SPEECH?VOICE
            CODE    1A1AH     0001H     UNIT         ?PR?HSCH_REPORT_STATUS?SCHEDULAR
                    1A1BH     15E5H                  *** GAP ***
            CODE    3000H     0001H     ABSOLUTE     
            CODE    3001H     0001H     ABSOLUTE     
            CODE    3002H     0001H     ABSOLUTE     
            CODE    3003H     0001H     ABSOLUTE     
            CODE    3004H     0001H     ABSOLUTE     
            CODE    3005H     0001H     ABSOLUTE     



OVERLAY MAP OF MODULE:   DDC-Z (AD)


SEGMENT                                             BIT_GROUP          PDATA_GROUP
  +--> CALLED SEGMENT                            START    LENGTH     START    LENGTH
------------------------------------------------------------------------------------
?PR?TIMER0?MAIN                                  -----    -----      -----    -----
  +--> ?PR?CHECK_MOTOR_ACCUMULATOR?BATTERY
  +--> ?PR?ACCUMULATOR_VOICE_PROMOT?VOICE
  +--> ?PR?ENSENSOR_AFTER_SLAVE_AWAY?OPERATION
  +--> ?PR?ENSENSOR_AFTER_CLOSE?OPERATION
  +--> ?PR?FELL_ALARM_TO_SLAVE?OPERATION
BL51 BANKED LINKER/LOCATER V6.22                                                      07/29/2015  20:04:30  PAGE 5


  +--> ?PR?RAISE_ALARM_TO_SLAVE?OPERATION
  +--> ?PR?BATSTOLEN_ALARM_TO_SLAVE?OPERATION
  +--> ?PR?HOST_STOLEN_ACTION?OPERATION
  +--> ?PR?DISABLE_SENSOR_AFTER_IDCERT?OPERA...
  +--> ?PR?RESET_AFTER_WIREBROKEN?OPERATION
  +--> ?PR?RESET_AFTER_STOLEN_ALARMING?OPERA...
  +--> ?PR?SELFLEARN_RESET?OPERATION
  +--> ?PR?ENTER_NOGUARD_VOICE?VOICE
  +--> ?PR?DETECT_SELFLEARN_ACTION?OPERATION
  +--> ?PR?DETECT_VIBRATION?OPERATION
  +--> ?PR?DETECT_WHEEL_MOVING?OPERATION
  +--> ?PR?DETECT_OPEN_ACTION?OPERATION
  +--> ?PR?DETECT_CLOSE_ACTION?OPERATION
  +--> ?PR?BATTERY_HINT?VOICE
  +--> ?PR?DELAY_500MS?DELAY
  +--> ?PR?HOST_TOUCH_SPEECH?VOICE
  +--> ?PR?ID_SPEECH?VOICE

?PR?CHECK_MOTOR_ACCUMULATOR?BATTERY              -----    -----      -----    -----
  +--> ?PR?_GETADCRESULT?AD

?PR?ACCUMULATOR_VOICE_PROMOT?VOICE               -----    -----      -----    -----
  +--> ?PR?_VERIFYBATTERY?BATTERY

?PR?_VERIFYBATTERY?BATTERY                       -----    -----      0079H    0002H
  +--> ?PR?_SC_SPEECH?VOICE
  +--> ?PR?_DELAY?DELAY
  +--> ?PR?MOTORBAT_LOW_SPEECH?VOICE

?PR?_SC_SPEECH?VOICE                             -----    -----      0082H    0002H
  +--> ?PR?DELAY_50MS?DELAY
  +--> ?PR?_DELAY_US?DELAY

?PR?MOTORBAT_LOW_SPEECH?VOICE                    -----    -----      -----    -----
  +--> ?PR?_SC_SPEECH?VOICE
  +--> ?PR?_DELAY?DELAY

?PR?ENSENSOR_AFTER_SLAVE_AWAY?OPERATION          -----    -----      -----    -----
  +--> ?PR?ENABLE_SENSOR?OTHER

?PR?ENSENSOR_AFTER_CLOSE?OPERATION               -----    -----      -----    -----
  +--> ?PR?ENABLE_SENSOR?OTHER

?PR?FELL_ALARM_TO_SLAVE?OPERATION                -----    -----      -----    -----
  +--> ?PR?_UART_SEND_DATA?COMMUNICATION

?PR?_UART_SEND_DATA?COMMUNICATION                -----    -----      0079H    0002H
  +--> ?PR?OPEN_TRANCEIVER?COMMUNICATION
  +--> ?PR?INITSIGNAL?COMMUNICATION
  +--> ?PR?_SENDNBYTE?UART
  +--> ?PR?DELAY_10MS?DELAY
  +--> ?PR?CLOSE_TRANCEIVER?COMMUNICATION

?PR?INITSIGNAL?COMMUNICATION                     -----    -----      007BH    0003H
  +--> ?PR?_CUSTOM_DELAY?DELAY

?PR?_CUSTOM_DELAY?DELAY                          -----    -----      007EH    0004H
BL51 BANKED LINKER/LOCATER V6.22                                                      07/29/2015  20:04:30  PAGE 6



?PR?_SENDNBYTE?UART                              -----    -----      007BH    0003H
  +--> ?PR?_SENDDATA?UART

?PR?RAISE_ALARM_TO_SLAVE?OPERATION               -----    -----      -----    -----
  +--> ?PR?_UART_SEND_DATA?COMMUNICATION

?PR?BATSTOLEN_ALARM_TO_SLAVE?OPERATION           -----    -----      -----    -----
  +--> ?PR?_UART_SEND_DATA?COMMUNICATION

?PR?HOST_STOLEN_ACTION?OPERATION                 -----    -----      -----    -----
  +--> ?PR?STOLEN_ALARM_SPEECH1?VOICE
  +--> ?PR?_UART_SEND_DATA?COMMUNICATION
  +--> ?PR?STOLEN_ALARM_SPEECH2?VOICE

?PR?STOLEN_ALARM_SPEECH1?VOICE                   -----    -----      -----    -----
  +--> ?PR?_SC_SPEECH?VOICE
  +--> ?PR?_DELAY?DELAY

?PR?STOLEN_ALARM_SPEECH2?VOICE                   -----    -----      -----    -----
  +--> ?PR?_SC_SPEECH?VOICE
  +--> ?PR?_DELAY?DELAY

?PR?DISABLE_SENSOR_AFTER_IDCERT?OPERA...         -----    -----      -----    -----
  +--> ?PR?DISABLE_SENSOR?OTHER

?PR?RESET_AFTER_STOLEN_ALARMING?OPERA...         -----    -----      -----    -----
  +--> ?PR?CLOSE_TRANCEIVER?COMMUNICATION

?PR?ENTER_NOGUARD_VOICE?VOICE                    -----    -----      -----    -----
  +--> ?PR?SELF_LEARN_SPEECH?VOICE

?PR?SELF_LEARN_SPEECH?VOICE                      -----    -----      -----    -----
  +--> ?PR?_SC_SPEECH?VOICE
  +--> ?PR?_DELAY?DELAY

?PR?DETECT_SELFLEARN_ACTION?OPERATION            -----    -----      -----    -----
  +--> ?PR?SELF_LEARN_SPEECH?VOICE
  +--> ?PR?SELF_LEARN_PROGRAMMING?ISP_DATAFLASH

?PR?SELF_LEARN_PROGRAMMING?ISP_DATAFLASH         -----    -----      -----    -----
  +--> ?PR?_FLASH_PAGE_ERASE?ISP_DATAFLASH
  +--> ?PR?_FLASH_WRITE_DATA?ISP_DATAFLASH

?PR?_FLASH_PAGE_ERASE?ISP_DATAFLASH              -----    -----      0079H    0002H
  +--> ?PR?ENABLE_ISP?ISP_DATAFLASH
  +--> ?PR?TRIGGER_ISP?ISP_DATAFLASH
  +--> ?PR?DISABLE_ISP?ISP_DATAFLASH

?PR?ENABLE_ISP?ISP_DATAFLASH                     -----    -----      -----    -----
  +--> ?PR?TRIGGER_ISP?ISP_DATAFLASH

?PR?DISABLE_ISP?ISP_DATAFLASH                    -----    -----      -----    -----
  +--> ?PR?TRIGGER_ISP?ISP_DATAFLASH

?PR?_FLASH_WRITE_DATA?ISP_DATAFLASH              -----    -----      0079H    0003H
  +--> ?PR?ENABLE_ISP?ISP_DATAFLASH
BL51 BANKED LINKER/LOCATER V6.22                                                      07/29/2015  20:04:30  PAGE 7


  +--> ?PR?TRIGGER_ISP?ISP_DATAFLASH
  +--> ?PR?DISABLE_ISP?ISP_DATAFLASH

?PR?DETECT_OPEN_ACTION?OPERATION                 -----    -----      -----    -----
  +--> ?PR?DISABLE_SENSOR?OTHER
  +--> ?PR?ELECMOTOR_CW?ELECMOTOR
  +--> ?PR?SLAVE_NEARBY_OPERATION?OPERATION

?PR?ELECMOTOR_CW?ELECMOTOR                       -----    -----      -----    -----
  +--> ?PR?ELECMOTOR_CODE?ELECMOTOR
  +--> ?PR?ELECMOTOR_DELAY_CW?ELECMOTOR

?PR?ELECMOTOR_CODE?ELECMOTOR                     -----    -----      0079H    0002H
  +--> ?PR?DELAY_12MS?DELAY
  +--> ?PR?DELAY_5MS?DELAY

?PR?ELECMOTOR_DELAY_CW?ELECMOTOR                 -----    -----      -----    -----
  +--> ?PR?DELAY_500MS?DELAY

?PR?SLAVE_NEARBY_OPERATION?OPERATION             -----    -----      -----    -----
  +--> ?PR?OPEN_LOCK_SPEECH?VOICE
  +--> ?PR?_VERIFYBATTERY?BATTERY
  +--> ?PR?KEY_ROTATE_ON_SPEECH?VOICE

?PR?OPEN_LOCK_SPEECH?VOICE                       -----    -----      -----    -----
  +--> ?PR?_SC_SPEECH?VOICE
  +--> ?PR?_DELAY?DELAY

?PR?DETECT_CLOSE_ACTION?OPERATION                -----    -----      -----    -----
  +--> ?PR?DELAY_1MS?DELAY
  +--> ?PR?ELECMOTOR_ACW?ELECMOTOR
  +--> ?PR?SLAVE_AWAY_OPERATION?OPERATION

?PR?ELECMOTOR_ACW?ELECMOTOR                      -----    -----      -----    -----
  +--> ?PR?ELECMOTOR_DELAY_ACW?ELECMOTOR

?PR?ELECMOTOR_DELAY_ACW?ELECMOTOR                -----    -----      -----    -----
  +--> ?PR?DELAY_500MS?DELAY

?PR?SLAVE_AWAY_OPERATION?OPERATION               -----    -----      -----    -----
  +--> ?PR?CLOSE_LOCK_SPEECH?VOICE
  +--> ?PR?_VERIFYBATTERY?BATTERY
  +--> ?PR?_DELAY?DELAY

?PR?CLOSE_LOCK_SPEECH?VOICE                      -----    -----      -----    -----
  +--> ?PR?_SC_SPEECH?VOICE
  +--> ?PR?_DELAY?DELAY

?PR?BATTERY_HINT?VOICE                           -----    -----      -----    -----
  +--> ?PR?_SC_SPEECH?VOICE
  +--> ?PR?_DELAY?DELAY

?PR?HOST_TOUCH_SPEECH?VOICE                      -----    -----      -----    -----
  +--> ?PR?_SC_SPEECH?VOICE
  +--> ?PR?_DELAY?DELAY

?PR?ID_SPEECH?VOICE                              -----    -----      -----    -----
BL51 BANKED LINKER/LOCATER V6.22                                                      07/29/2015  20:04:30  PAGE 8


  +--> ?PR?_SC_SPEECH?VOICE
  +--> ?PR?_DELAY?DELAY

*** NEW ROOT ***************************************************

?PR?UART_ISR?MAIN                                -----    -----      -----    -----
  +--> ?PR?IDCERTED_SPEECH?VOICE
  +--> ?PR?SELF_LEARN_SPEECH?VOICE
  +--> ?PR?ID_SPEECH?VOICE

?PR?IDCERTED_SPEECH?VOICE                        -----    -----      -----    -----
  +--> ?PR?ID_SPEECH?VOICE

*** NEW ROOT ***************************************************

?C_C51STARTUP                                    -----    -----      -----    -----
  +--> ?PR?MAIN?MAIN
  +--> ?C_INITSEG

?PR?MAIN?MAIN                                    -----    -----      -----    -----
  +--> ?PR?INITVOICE?VOICE
  +--> ?PR?_INITUART?UART
  +--> ?PR?INITSENSOR?OPERATION
  +--> ?PR?INITTRANSCEIVER?COMMUNICATION
  +--> ?PR?INITELECMOTOR?ELECMOTOR

?PR?INITVOICE?VOICE                              -----    -----      -----    -----
  +--> ?PR?_DELAY_US?DELAY

?PR?_INITUART?UART                               -----    -----      -----    -----
  +--> ?PR?_INITT0?TIMER

?PR?_INITT0?TIMER                                -----    -----      0084H    0002H
  +--> ?PR?_HSCH_DELETE_TASK?SCHEDULAR
  +--> ?PR?HSCH_MANUAL_TIMER0_RELOAD?TIMER

?PR?_HSCH_DELETE_TASK?SCHEDULAR                  0025H.0  0000H.1    -----    -----

?PR?INITELECMOTOR?ELECMOTOR                      -----    -----      -----    -----
  +--> ?PR?ELECMOTOR_ACW?ELECMOTOR



SYMBOL TABLE OF MODULE:  DDC-Z (AD)

  VALUE           TYPE          NAME
  ----------------------------------

  -------         MODULE        AD
  C:0000H         SYMBOL        _ICE_DUMMY_
  D:0080H         PUBLIC        P0
  D:0090H         PUBLIC        P1
  D:00A0H         PUBLIC        P2
  D:00B0H         PUBLIC        P3
  D:00A8H         PUBLIC        IE
  D:00E2H         PUBLIC        ADCH
  B:00F8H.4       PUBLIC        ADCI
BL51 BANKED LINKER/LOCATER V6.22                                                      07/29/2015  20:04:30  PAGE 9


  D:00B8H         PUBLIC        IP
  B:00F8H.3       PUBLIC        ADCS
  D:00F6H         PUBLIC        P0DIDS
  D:00D8H         PUBLIC        WDCON0
  D:0098H         PUBLIC        SCON
  D:0088H         PUBLIC        TCON
  B:00F8H.0       PUBLIC        AADR0
  B:00F8H.1       PUBLIC        AADR1
  B:00F8H.2       PUBLIC        AADR2
  D:00E8H         PUBLIC        EIE
  D:00F8H         PUBLIC        ADCCON0
  D:00E1H         PUBLIC        ADCCON1
  D:00C0H         PUBLIC        I2CON
  D:00C8H         PUBLIC        T2CON
  C:0A5CH         PUBLIC        _GetADCResult
  D:00D0H         PUBLIC        PSW
  -------         PROC          _GETADCRESULT
  D:0007H         SYMBOL        ch
  -------         DO            
  D:0005H         SYMBOL        DataL
  D:0002H         SYMBOL        DataH
  -------         ENDDO         
  C:0A5CH         LINE#         17
  C:0A5CH         LINE#         18
  C:0A5CH         LINE#         19
  C:0A5DH         LINE#         20
  C:0A5EH         LINE#         22
  C:0A63H         LINE#         23
  C:0A63H         LINE#         25
  C:0A66H         LINE#         27
  C:0A68H         LINE#         28
  C:0A6AH         LINE#         29
  C:0A6CH         LINE#         31
  C:0A6FH         LINE#         33
  C:0A71H         LINE#         34
  C:0A73H         LINE#         36
  C:0A75H         LINE#         37
  C:0A7CH         LINE#         39
  C:0A80H         LINE#         40
  C:0A92H         LINE#         42
  C:0A96H         LINE#         43
  C:0A96H         LINE#         45
  C:0A9BH         LINE#         46
  C:0A9BH         LINE#         48
  C:0A9EH         LINE#         51
  C:0AA0H         LINE#         52
  C:0AA2H         LINE#         53
  C:0AA4H         LINE#         55
  C:0AA7H         LINE#         57
  C:0AA9H         LINE#         58
  C:0AABH         LINE#         60
  C:0AADH         LINE#         61
  C:0AB4H         LINE#         63
  C:0ABAH         LINE#         64
  C:0ACCH         LINE#         66
  C:0AD0H         LINE#         67
  C:0AD0H         LINE#         69
BL51 BANKED LINKER/LOCATER V6.22                                                      07/29/2015  20:04:30  PAGE 10


  C:0AD3H         LINE#         70
  -------         ENDPROC       _GETADCRESULT
  -------         ENDMOD        AD

  -------         MODULE        BATTERY
  C:0000H         SYMBOL        _ICE_DUMMY_
  C:19B2H         PUBLIC        Check_motor_accumulator
  D:0080H         PUBLIC        P0
  D:0090H         PUBLIC        P1
  D:00A0H         PUBLIC        P2
  D:00B0H         PUBLIC        P3
  X:0000H         PUBLIC        Check2_stage
  B:0090H.4       PUBLIC        voice_EN
  D:00A8H         PUBLIC        IE
  D:00B8H         PUBLIC        IP
  C:025DH         PUBLIC        _verifybattery
  D:00D8H         PUBLIC        WDCON0
  D:0098H         PUBLIC        SCON
  D:0088H         PUBLIC        TCON
  D:00E8H         PUBLIC        EIE
  D:00F8H         PUBLIC        ADCCON0
  X:0001H         PUBLIC        Battery_level
  D:00C0H         PUBLIC        I2CON
  D:00C8H         PUBLIC        T2CON
  D:00D0H         PUBLIC        PSW
  -------         PROC          CHECK_MOTOR_ACCUMULATOR
  C:19B2H         LINE#         23
  C:19B2H         LINE#         24
  C:19B2H         LINE#         26
  C:19BEH         LINE#         27
  -------         ENDPROC       CHECK_MOTOR_ACCUMULATOR
  -------         PROC          _VERIFYBATTERY
  X:0079H         SYMBOL        Check2
  C:025DH         LINE#         34
  C:0264H         LINE#         35
  C:0264H         LINE#         38
  C:0275H         LINE#         39
  C:027CH         LINE#         40
  C:0293H         LINE#         41
  C:0298H         LINE#         43
  C:02A9H         LINE#         44
  C:02A9H         LINE#         45
  C:02A9H         LINE#         46
  C:02A9H         LINE#         48
  C:02B5H         LINE#         49
  C:02B5H         LINE#         50
  C:02B5H         LINE#         51
  C:02B5H         LINE#         52
  C:02B5H         LINE#         53
  C:02B5H         LINE#         54
  C:02B8H         LINE#         56
  C:02D0H         LINE#         57
  C:02D0H         LINE#         58
  C:02D0H         LINE#         59
  C:02D0H         LINE#         60
  C:02D0H         LINE#         61
  C:02D0H         LINE#         62
BL51 BANKED LINKER/LOCATER V6.22                                                      07/29/2015  20:04:30  PAGE 11


  C:02D3H         LINE#         64
  C:02EBH         LINE#         65
  C:02EBH         LINE#         66
  C:02EBH         LINE#         67
  C:02EBH         LINE#         68
  C:02EBH         LINE#         69
  C:02EBH         LINE#         70
  C:02EEH         LINE#         72
  C:0306H         LINE#         73
  C:0306H         LINE#         74
  C:0306H         LINE#         75
  C:0306H         LINE#         76
  C:0306H         LINE#         77
  C:0306H         LINE#         78
  C:0309H         LINE#         80
  C:0321H         LINE#         81
  C:0321H         LINE#         82
  C:0321H         LINE#         83
  C:0321H         LINE#         84
  C:0321H         LINE#         85
  C:0321H         LINE#         86
  C:0324H         LINE#         88
  C:0333H         LINE#         89
  C:0333H         LINE#         90
  C:0333H         LINE#         91
  C:0333H         LINE#         92
  C:0333H         LINE#         93
  C:0336H         LINE#         95
  C:0336H         LINE#         96
  C:0336H         LINE#         98
  C:0342H         LINE#         99
  C:0342H         LINE#         100
  C:0344H         LINE#         101
  C:0349H         LINE#         102
  C:034BH         LINE#         103
  C:034BH         LINE#         104
  C:034EH         LINE#         106
  C:0366H         LINE#         107
  C:0366H         LINE#         108
  C:0368H         LINE#         109
  C:036DH         LINE#         110
  C:036FH         LINE#         111
  C:036FH         LINE#         112
  C:0372H         LINE#         114
  C:038AH         LINE#         115
  C:038AH         LINE#         116
  C:038CH         LINE#         117
  C:0391H         LINE#         118
  C:0393H         LINE#         119
  C:0393H         LINE#         120
  C:0395H         LINE#         122
  C:03ADH         LINE#         123
  C:03ADH         LINE#         124
  C:03AFH         LINE#         125
  C:03B4H         LINE#         126
  C:03B6H         LINE#         127
  C:03B6H         LINE#         128
BL51 BANKED LINKER/LOCATER V6.22                                                      07/29/2015  20:04:30  PAGE 12


  C:03B8H         LINE#         130
  C:03D0H         LINE#         131
  C:03D0H         LINE#         132
  C:03D2H         LINE#         133
  C:03D7H         LINE#         134
  C:03D9H         LINE#         135
  C:03D9H         LINE#         136
  C:03DBH         LINE#         138
  C:03F3H         LINE#         139
  C:03F3H         LINE#         140
  C:03F5H         LINE#         141
  C:03FAH         LINE#         142
  C:03FFH         LINE#         143
  C:0401H         LINE#         144
  C:0402H         LINE#         146
  C:040EH         LINE#         147
  C:040EH         LINE#         148
  C:0411H         LINE#         149
  C:0411H         LINE#         150
  C:0411H         LINE#         151
  C:0411H         LINE#         271
  -------         ENDPROC       _VERIFYBATTERY
  -------         ENDMOD        BATTERY

  -------         MODULE        COMMUNICATION
  C:0000H         SYMBOL        _ICE_DUMMY_
  C:0CA0H         PUBLIC        receive_byte
  D:0080H         PUBLIC        P0
  D:0090H         PUBLIC        P1
  B:00B0H.0       PUBLIC        receive_wire
  D:00A0H         PUBLIC        P2
  D:00B0H         PUBLIC        P3
  C:1278H         PUBLIC        _ComMode_Data
  C:0E36H         PUBLIC        _UART_Send_Data
  C:10D9H         PUBLIC        receive_word
  D:00A8H         PUBLIC        IE
  C:1244H         PUBLIC        _ComMode_Data_WX
  D:00B8H         PUBLIC        IP
  C:19D6H         PUBLIC        InitTransceiver
  B:0080H.1       PUBLIC        lock_code
  C:1051H         PUBLIC        _UART_Send_Data_F
  D:00D8H         PUBLIC        WDCON0
  B:0090H.0       PUBLIC        P10
  B:0090H.1       PUBLIC        P11
  C:1A06H         PUBLIC        close_tranceiver
  D:0098H         PUBLIC        SCON
  D:0088H         PUBLIC        TCON
  C:0F7AH         PUBLIC        initsignal
  B:00A0H.7       PUBLIC        transmiter_EN
  B:0090H.3       PUBLIC        receiver_EN
  C:1A01H         PUBLIC        open_tranceiver
  C:0BBCH         PUBLIC        _send_code_to_lock_Taili
  D:00E8H         PUBLIC        EIE
  B:00A0H.3       PUBLIC        MagentControl_2
  D:00F8H         PUBLIC        ADCCON0
  D:00C0H         PUBLIC        I2CON
  C:0FC2H         PUBLIC        initsignal_F
BL51 BANKED LINKER/LOCATER V6.22                                                      07/29/2015  20:04:30  PAGE 13


  B:00A0H.6       PUBLIC        transmiter_power
  D:00C8H         PUBLIC        T2CON
  C:0DD6H         PUBLIC        _Send_Data
  C:0D0AH         PUBLIC        receive_byte_Lock
  B:0090H.0       PUBLIC        TXD
  C:1096H         PUBLIC        UART_Send_Data_match
  C:0B49H         PUBLIC        _send_code_to_lock
  D:00D0H         PUBLIC        PSW
  X:0018H         PUBLIC        myTxRxData
  -------         PROC          INITTRANSCEIVER
  C:19D6H         LINE#         38
  C:19D6H         LINE#         39
  C:19D6H         LINE#         40
  C:19D8H         LINE#         41
  C:19DAH         LINE#         42
  C:19DCH         LINE#         43
  C:19DEH         LINE#         44
  -------         ENDPROC       INITTRANSCEIVER
  -------         PROC          INITSIGNAL
  -------         DO            
  X:007BH         SYMBOL        k
  X:007CH         SYMBOL        k1
  X:007DH         SYMBOL        mystartbuffer
  -------         ENDDO         
  C:0F7AH         LINE#         53
  C:0F7AH         LINE#         54
  C:0F7AH         LINE#         56
  C:0F7FH         LINE#         57
  C:0F82H         LINE#         58
  C:0F82H         LINE#         59
  C:0F86H         LINE#         60
  C:0F86H         LINE#         61
  C:0F89H         LINE#         62
  C:0F89H         LINE#         63
  C:0F89H         LINE#         64
  C:0F89H         LINE#         66
  C:0F89H         LINE#         68
  C:0F89H         LINE#         69
  C:0F8BH         LINE#         70
  C:0F94H         LINE#         72
  C:0F94H         LINE#         73
  C:0F96H         LINE#         74
  C:0F9CH         LINE#         75
  C:0FA5H         LINE#         77
  C:0FB0H         LINE#         78
  C:0FB5H         LINE#         81
  C:0FBFH         LINE#         82
  C:0FC1H         LINE#         83
  -------         ENDPROC       INITSIGNAL
  -------         PROC          INITSIGNAL_F
  -------         DO            
  X:0002H         SYMBOL        k
  X:0003H         SYMBOL        k1
  X:0004H         SYMBOL        mystartbuffer
  -------         ENDDO         
  C:0FC2H         LINE#         85
  C:0FC2H         LINE#         86
BL51 BANKED LINKER/LOCATER V6.22                                                      07/29/2015  20:04:30  PAGE 14


  C:0FC2H         LINE#         88
  C:0FC7H         LINE#         89
  C:0FCAH         LINE#         90
  C:0FCAH         LINE#         95
  C:0FCEH         LINE#         97
  C:0FCEH         LINE#         98
  C:0FD1H         LINE#         99
  C:0FD1H         LINE#         100
  C:0FD1H         LINE#         101
  C:0FD1H         LINE#         103
  C:0FD1H         LINE#         105
  C:0FD1H         LINE#         106
  C:0FD3H         LINE#         107
  C:0FDCH         LINE#         109
  C:0FDCH         LINE#         110
  C:0FDEH         LINE#         111
  C:0FE4H         LINE#         112
  C:0FEDH         LINE#         114
  C:0FF8H         LINE#         115
  C:0FFDH         LINE#         118
  C:1007H         LINE#         119
  C:1009H         LINE#         120
  -------         ENDPROC       INITSIGNAL_F
  -------         PROC          _SEND_DATA
  X:0005H         SYMBOL        x
  -------         DO            
  X:0006H         SYMBOL        i
  X:0007H         SYMBOL        n
  -------         ENDDO         
  C:0DD6H         LINE#         126
  C:0DDAH         LINE#         127
  C:0DDAH         LINE#         129
  C:0DDDH         LINE#         130
  C:0DDDH         LINE#         131
  C:0DE1H         LINE#         132
  C:0DE1H         LINE#         133
  C:0DEBH         LINE#         134
  C:0DEBH         LINE#         135
  C:0DEDH         LINE#         136
  C:0DF5H         LINE#         137
  C:0DF7H         LINE#         139
  C:0DF7H         LINE#         140
  C:0DF9H         LINE#         141
  C:0E04H         LINE#         142
  C:0E04H         LINE#         143
  C:0E06H         LINE#         144
  C:0E14H         LINE#         145
  C:0E1FH         LINE#         146
  C:0E2AH         LINE#         147
  C:0E35H         LINE#         148
  -------         ENDPROC       _SEND_DATA
  -------         PROC          _COMMODE_DATA
  X:0008H         SYMBOL        ComMode
  X:0009H         SYMBOL        x
  C:1278H         LINE#         156
  C:1282H         LINE#         157
  C:1282H         LINE#         158
BL51 BANKED LINKER/LOCATER V6.22                                                      07/29/2015  20:04:30  PAGE 15


  C:1284H         LINE#         159
  C:1289H         LINE#         160
  C:128BH         LINE#         161
  C:1290H         LINE#         162
  C:1294H         LINE#         163
  C:129AH         LINE#         165
  C:129DH         LINE#         166
  C:12A5H         LINE#         168
  C:12A7H         LINE#         169
  C:12A9H         LINE#         170
  -------         ENDPROC       _COMMODE_DATA
  -------         PROC          _COMMODE_DATA_WX
  X:000BH         SYMBOL        ComMode
  X:000CH         SYMBOL        x
  C:1244H         LINE#         178
  C:124EH         LINE#         179
  C:124EH         LINE#         180
  C:1250H         LINE#         181
  C:1255H         LINE#         182
  C:1257H         LINE#         183
  C:125CH         LINE#         184
  C:1260H         LINE#         185
  C:1266H         LINE#         187
  C:1269H         LINE#         188
  C:1271H         LINE#         190
  C:1273H         LINE#         191
  C:1275H         LINE#         192
  C:1277H         LINE#         193
  -------         ENDPROC       _COMMODE_DATA_WX
  -------         PROC          _UART_SEND_DATA
  X:0079H         SYMBOL        command
  -------         DO            
  X:007AH         SYMBOL        ii
  -------         ENDDO         
  C:0E36H         LINE#         198
  C:0E3AH         LINE#         199
  C:0E3AH         LINE#         200
  C:0E3DH         LINE#         201
  C:0E40H         LINE#         202
  C:0E48H         LINE#         203
  C:0E4FH         LINE#         204
  C:0E56H         LINE#         205
  C:0E5DH         LINE#         206
  C:0E64H         LINE#         207
  C:0E6AH         LINE#         209
  C:0E6DH         LINE#         211
  C:0E71H         LINE#         212
  C:0E71H         LINE#         213
  C:0E7CH         LINE#         214
  C:0E7FH         LINE#         215
  C:0E8AH         LINE#         217
  -------         ENDPROC       _UART_SEND_DATA
  -------         PROC          _UART_SEND_DATA_F
  X:000EH         SYMBOL        command
  -------         DO            
  X:000FH         SYMBOL        ii
  -------         ENDDO         
BL51 BANKED LINKER/LOCATER V6.22                                                      07/29/2015  20:04:30  PAGE 16


  C:1051H         LINE#         223
  C:1055H         LINE#         224
  C:1055H         LINE#         225
  C:1058H         LINE#         226
  C:105BH         LINE#         227
  C:1063H         LINE#         228
  C:106AH         LINE#         229
  C:1071H         LINE#         230
  C:1078H         LINE#         231
  C:107FH         LINE#         232
  C:1085H         LINE#         234
  C:1088H         LINE#         235
  C:1093H         LINE#         237
  -------         ENDPROC       _UART_SEND_DATA_F
  -------         PROC          OPEN_TRANCEIVER
  C:1A01H         LINE#         244
  C:1A01H         LINE#         245
  C:1A01H         LINE#         250
  C:1A03H         LINE#         251
  C:1A05H         LINE#         252
  -------         ENDPROC       OPEN_TRANCEIVER
  -------         PROC          CLOSE_TRANCEIVER
  C:1A06H         LINE#         258
  C:1A06H         LINE#         259
  C:1A06H         LINE#         261
  C:1A08H         LINE#         264
  C:1A0AH         LINE#         269
  -------         ENDPROC       CLOSE_TRANCEIVER
  -------         PROC          UART_SEND_DATA_MATCH
  C:1096H         LINE#         274
  C:1096H         LINE#         275
  C:1096H         LINE#         276
  C:1099H         LINE#         278
  C:109EH         LINE#         279
  C:10A2H         LINE#         280
  C:10A9H         LINE#         281
  C:10B0H         LINE#         282
  C:10B7H         LINE#         283
  C:10BEH         LINE#         284
  C:10C5H         LINE#         286
  C:10C8H         LINE#         288
  C:10D3H         LINE#         289
  C:10D6H         LINE#         291
  -------         ENDPROC       UART_SEND_DATA_MATCH
  -------         PROC          RECEIVE_BYTE
  C:0CA0H         LINE#         298
  C:0CA0H         LINE#         299
  C:0CA0H         LINE#         301
  C:0CA3H         LINE#         302
  C:0CA3H         LINE#         304
  C:0CADH         LINE#         305
  C:0CADH         LINE#         306
  C:0CAFH         LINE#         307
  C:0CAFH         LINE#         308
  C:0CB1H         LINE#         309
  C:0CB2H         LINE#         312
  C:0CB2H         LINE#         314
BL51 BANKED LINKER/LOCATER V6.22                                                      07/29/2015  20:04:30  PAGE 17


  C:0CB5H         LINE#         315
  C:0CB5H         LINE#         317
  C:0CB7H         LINE#         320
  C:0CC6H         LINE#         321
  C:0CC6H         LINE#         323
  C:0CCCH         LINE#         324
  C:0CCEH         LINE#         325
  C:0CCEH         LINE#         326
  C:0CCEH         LINE#         327
  C:0CD0H         LINE#         329
  C:0CD8H         LINE#         330
  C:0CD8H         LINE#         332
  C:0CDEH         LINE#         333
  C:0CE1H         LINE#         334
  C:0CE6H         LINE#         335
  C:0CEAH         LINE#         336
  C:0CECH         LINE#         338
  C:0CECH         LINE#         340
  C:0CF1H         LINE#         341
  C:0CF1H         LINE#         343
  C:0CF5H         LINE#         344
  C:0CF6H         LINE#         346
  C:0CF6H         LINE#         348
  C:0D00H         LINE#         349
  C:0D00H         LINE#         350
  C:0D04H         LINE#         351
  C:0D06H         LINE#         352
  C:0D09H         LINE#         353
  C:0D09H         LINE#         354
  C:0D09H         LINE#         355
  C:0D09H         LINE#         356
  -------         ENDPROC       RECEIVE_BYTE
  -------         PROC          RECEIVE_BYTE_LOCK
  C:0D0AH         LINE#         362
  C:0D0AH         LINE#         363
  C:0D0AH         LINE#         365
  C:0D0DH         LINE#         366
  C:0D0DH         LINE#         368
  C:0D17H         LINE#         369
  C:0D17H         LINE#         370
  C:0D19H         LINE#         371
  C:0D19H         LINE#         372
  C:0D1BH         LINE#         373
  C:0D1CH         LINE#         376
  C:0D1CH         LINE#         378
  C:0D1FH         LINE#         379
  C:0D1FH         LINE#         381
  C:0D21H         LINE#         384
  C:0D30H         LINE#         385
  C:0D30H         LINE#         387
  C:0D36H         LINE#         388
  C:0D38H         LINE#         389
  C:0D38H         LINE#         390
  C:0D38H         LINE#         391
  C:0D3AH         LINE#         393
  C:0D42H         LINE#         394
  C:0D42H         LINE#         396
BL51 BANKED LINKER/LOCATER V6.22                                                      07/29/2015  20:04:30  PAGE 18


  C:0D48H         LINE#         397
  C:0D4BH         LINE#         398
  C:0D50H         LINE#         399
  C:0D54H         LINE#         400
  C:0D56H         LINE#         402
  C:0D56H         LINE#         404
  C:0D5BH         LINE#         405
  C:0D5BH         LINE#         407
  C:0D5FH         LINE#         408
  C:0D60H         LINE#         410
  C:0D60H         LINE#         412
  C:0D6AH         LINE#         413
  C:0D6AH         LINE#         414
  C:0D6EH         LINE#         415
  C:0D70H         LINE#         416
  C:0D73H         LINE#         417
  C:0D73H         LINE#         418
  C:0D73H         LINE#         419
  C:0D73H         LINE#         420
  -------         ENDPROC       RECEIVE_BYTE_LOCK
  -------         PROC          RECEIVE_WORD
  C:10D9H         LINE#         426
  C:10D9H         LINE#         427
  C:10D9H         LINE#         429
  C:10E0H         LINE#         430
  C:10E0H         LINE#         431
  C:10E1H         LINE#         433
  C:10EEH         LINE#         436
  C:10F7H         LINE#         437
  C:10F7H         LINE#         438
  C:10FCH         LINE#         439
  C:10FDH         LINE#         441
  C:1107H         LINE#         442
  C:1107H         LINE#         443
  C:110CH         LINE#         444
  C:110DH         LINE#         445
  C:1111H         LINE#         446
  C:1111H         LINE#         447
  C:1113H         LINE#         448
  C:1113H         LINE#         449
  C:1115H         LINE#         451
  C:1115H         LINE#         452
  C:1119H         LINE#         453
  C:1119H         LINE#         454
  C:1119H         LINE#         455
  -------         ENDPROC       RECEIVE_WORD
  -------         PROC          _SEND_CODE_TO_LOCK
  D:0007H         SYMBOL        x
  X:0010H         SYMBOL        y
  -------         DO            
  X:0012H         SYMBOL        i
  X:0013H         SYMBOL        n
  -------         ENDDO         
  C:0B49H         LINE#         462
  C:0B50H         LINE#         463
  C:0B50H         LINE#         465
  C:0B55H         LINE#         466
BL51 BANKED LINKER/LOCATER V6.22                                                      07/29/2015  20:04:30  PAGE 19


  C:0B59H         LINE#         467
  C:0B5CH         LINE#         473
  C:0B60H         LINE#         474
  C:0B60H         LINE#         475
  C:0B64H         LINE#         476
  C:0B64H         LINE#         477
  C:0B6EH         LINE#         478
  C:0B6EH         LINE#         479
  C:0B70H         LINE#         480
  C:0B79H         LINE#         481
  C:0B7BH         LINE#         483
  C:0B7BH         LINE#         484
  C:0B7DH         LINE#         485
  C:0B89H         LINE#         486
  C:0B89H         LINE#         487
  C:0B8BH         LINE#         488
  C:0B99H         LINE#         489
  C:0BA5H         LINE#         490
  C:0BB0H         LINE#         491
  C:0BBBH         LINE#         492
  -------         ENDPROC       _SEND_CODE_TO_LOCK
  -------         PROC          _SEND_CODE_TO_LOCK_TAILI
  D:0007H         SYMBOL        x
  X:0014H         SYMBOL        y
  -------         DO            
  X:0016H         SYMBOL        i
  X:0017H         SYMBOL        n
  -------         ENDDO         
  C:0BBCH         LINE#         499
  C:0BC3H         LINE#         500
  C:0BC3H         LINE#         502
  C:0BC8H         LINE#         503
  C:0BCCH         LINE#         504
  C:0BCFH         LINE#         510
  C:0BD3H         LINE#         511
  C:0BD3H         LINE#         512
  C:0BD7H         LINE#         513
  C:0BD7H         LINE#         514
  C:0BE1H         LINE#         515
  C:0BE1H         LINE#         516
  C:0BE3H         LINE#         517
  C:0BECH         LINE#         518
  C:0BEEH         LINE#         520
  C:0BEEH         LINE#         521
  C:0BF0H         LINE#         522
  C:0BFCH         LINE#         523
  C:0BFCH         LINE#         524
  C:0BFEH         LINE#         525
  C:0C0CH         LINE#         526
  C:0C18H         LINE#         527
  C:0C23H         LINE#         528
  C:0C2EH         LINE#         529
  -------         ENDPROC       _SEND_CODE_TO_LOCK_TAILI
  -------         ENDMOD        COMMUNICATION

  -------         MODULE        DELAY
  C:0000H         SYMBOL        _ICE_DUMMY_
BL51 BANKED LINKER/LOCATER V6.22                                                      07/29/2015  20:04:30  PAGE 20


  D:0080H         PUBLIC        P0
  D:0090H         PUBLIC        P1
  D:00A0H         PUBLIC        P2
  D:00B0H         PUBLIC        P3
  X:0021H         PUBLIC        Timeout_loop
  D:00A8H         PUBLIC        IE
  C:1668H         PUBLIC        Delay_10ms
  C:1682H         PUBLIC        Delay_12ms
  C:169CH         PUBLIC        Delay_50ms
  D:00B8H         PUBLIC        IP
  B:0090H.2       PUBLIC        magnet_overcurrent
  D:00D8H         PUBLIC        WDCON0
  C:119AH         PUBLIC        _Magnet_Delay
  D:0098H         PUBLIC        SCON
  D:0088H         PUBLIC        TCON
  C:16B6H         PUBLIC        Delay_100ms
  C:16D0H         PUBLIC        Delay_500ms
  C:115BH         PUBLIC        _Custom_Delay
  C:15A2H         PUBLIC        _delay_ms
  D:00E8H         PUBLIC        EIE
  D:00F8H         PUBLIC        ADCCON0
  C:1704H         PUBLIC        _delay_us
  D:00C0H         PUBLIC        I2CON
  C:1634H         PUBLIC        Delay_1ms
  D:00C8H         PUBLIC        T2CON
  C:164EH         PUBLIC        Delay_5ms
  C:174DH         PUBLIC        _Delay
  D:00D0H         PUBLIC        PSW
  -------         PROC          DELAY_1MS
  C:1634H         LINE#         15
  C:1634H         LINE#         16
  C:1634H         LINE#         17
  C:163DH         LINE#         20
  C:164DH         LINE#         21
  -------         ENDPROC       DELAY_1MS
  -------         PROC          DELAY_5MS
  C:164EH         LINE#         23
  C:164EH         LINE#         24
  C:164EH         LINE#         25
  C:1657H         LINE#         28
  C:1667H         LINE#         29
  -------         ENDPROC       DELAY_5MS
  -------         PROC          DELAY_10MS
  C:1668H         LINE#         31
  C:1668H         LINE#         32
  C:1668H         LINE#         33
  C:1671H         LINE#         36
  C:1681H         LINE#         37
  -------         ENDPROC       DELAY_10MS
  -------         PROC          DELAY_12MS
  C:1682H         LINE#         39
  C:1682H         LINE#         40
  C:1682H         LINE#         41
  C:168BH         LINE#         44
  C:169BH         LINE#         45
  -------         ENDPROC       DELAY_12MS
  -------         PROC          DELAY_50MS
BL51 BANKED LINKER/LOCATER V6.22                                                      07/29/2015  20:04:30  PAGE 21


  C:169CH         LINE#         48
  C:169CH         LINE#         49
  C:169CH         LINE#         50
  C:16A5H         LINE#         53
  C:16B5H         LINE#         54
  -------         ENDPROC       DELAY_50MS
  -------         PROC          DELAY_100MS
  C:16B6H         LINE#         57
  C:16B6H         LINE#         58
  C:16B6H         LINE#         59
  C:16BFH         LINE#         62
  C:16CFH         LINE#         63
  -------         ENDPROC       DELAY_100MS
  -------         PROC          DELAY_500MS
  C:16D0H         LINE#         66
  C:16D0H         LINE#         67
  C:16D0H         LINE#         68
  C:16D9H         LINE#         71
  C:16E9H         LINE#         72
  -------         ENDPROC       DELAY_500MS
  -------         PROC          _DELAY
  D:0007H         SYMBOL        n
  -------         DO            
  D:0004H         SYMBOL        x
  -------         ENDDO         
  C:174DH         LINE#         79
  C:174DH         LINE#         80
  C:174DH         LINE#         82
  C:1753H         LINE#         83
  C:1753H         LINE#         84
  C:1757H         LINE#         85
  C:1763H         LINE#         87
  -------         ENDPROC       _DELAY
  -------         PROC          _CUSTOM_DELAY
  D:0007H         SYMBOL        t
  X:007EH         SYMBOL        m
  -------         DO            
  X:0080H         SYMBOL        i
  D:0006H         SYMBOL        j
  -------         ENDDO         
  C:115BH         LINE#         93
  C:1162H         LINE#         94
  C:1162H         LINE#         97
  C:1174H         LINE#         98
  C:1199H         LINE#         99
  -------         ENDPROC       _CUSTOM_DELAY
  -------         PROC          _DELAY_MS
  D:0006H         SYMBOL        count
  -------         DO            
  D:0004H         SYMBOL        i
  D:0002H         SYMBOL        j
  -------         ENDDO         
  C:15A2H         LINE#         106
  C:15A2H         LINE#         107
  C:15A2H         LINE#         109
  C:15ACH         LINE#         110
  C:15ACH         LINE#         111
BL51 BANKED LINKER/LOCATER V6.22                                                      07/29/2015  20:04:30  PAGE 22


  C:15BAH         LINE#         112
  C:15C1H         LINE#         113
  -------         ENDPROC       _DELAY_MS
  -------         PROC          _DELAY_US
  D:0006H         SYMBOL        count1
  -------         DO            
  D:0004H         SYMBOL        i
  D:0003H         SYMBOL        j
  -------         ENDDO         
  C:1704H         LINE#         121
  C:1704H         LINE#         122
  C:1704H         LINE#         125
  C:170EH         LINE#         126
  C:170EH         LINE#         127
  C:1715H         LINE#         128
  C:171CH         LINE#         129
  -------         ENDPROC       _DELAY_US
  -------         PROC          _MAGNET_DELAY
  X:001FH         SYMBOL        x
  D:0004H         SYMBOL        y
  -------         DO            
  D:0001H         SYMBOL        i
  D:0002H         SYMBOL        j
  -------         ENDDO         
  C:119AH         LINE#         135
  C:11A1H         LINE#         136
  C:11A1H         LINE#         139
  C:11A3H         LINE#         140
  C:11A3H         LINE#         141
  C:11B7H         LINE#         142
  C:11BCH         LINE#         143
  C:11BEH         LINE#         144
  C:11BEH         LINE#         146
  C:11C1H         LINE#         147
  C:11C1H         LINE#         148
  C:11D2H         LINE#         149
  C:11D2H         LINE#         151
  C:11D2H         LINE#         153
  C:11D2H         LINE#         154
  C:11D7H         LINE#         155
  -------         ENDPROC       _MAGNET_DELAY
  -------         ENDMOD        DELAY

  -------         MODULE        OPERATION
  C:0000H         SYMBOL        _ICE_DUMMY_
  D:0080H         PUBLIC        P0
  D:0090H         PUBLIC        P1
  B:0080H.3       PUBLIC        fell_sensor_detect
  D:00A0H         PUBLIC        P2
  D:00B0H         PUBLIC        P3
  D:00A8H         PUBLIC        IE
  B:0024H.4       PUBLIC        sensor_EN
  C:13A0H         PUBLIC        Detect_vibration
  C:19CBH         PUBLIC        InitSensor
  D:00B8H         PUBLIC        IP
  C:183DH         PUBLIC        Reset_after_wirebroken
  B:0080H.1       PUBLIC        wire_broken
BL51 BANKED LINKER/LOCATER V6.22                                                      07/29/2015  20:04:30  PAGE 23


  C:17A7H         PUBLIC        Batstolen_Alarm_to_Slave
  C:15C2H         PUBLIC        Reset_after_stolen_alarming
  D:00D8H         PUBLIC        WDCON0
  D:0098H         PUBLIC        SCON
  D:0088H         PUBLIC        TCON
  C:1429H         PUBLIC        Detect_close_action
  C:14F7H         PUBLIC        slave_nearby_operation
  B:00A0H.5       PUBLIC        key_rotate
  C:13FDH         PUBLIC        Detect_wheel_moving
  C:19DFH         PUBLIC        Disable_sensor_after_IDcert
  B:0080H.7       PUBLIC        horizontal_sensor
  D:00E8H         PUBLIC        EIE
  C:147FH         PUBLIC        Detect_open_action
  B:0080H.2       PUBLIC        wheeled_rotate
  B:0080H.4       PUBLIC        raised_sensor_detect
  D:00F8H         PUBLIC        ADCCON0
  C:1581H         PUBLIC        Ensensor_after_slave_away
  D:00C0H         PUBLIC        I2CON
  C:15FEH         PUBLIC        ENsensor_After_Close
  C:08AEH         PUBLIC        Detect_selflearn_action
  C:151BH         PUBLIC        ENsensor_afterIDcert
  D:00C8H         PUBLIC        T2CON
  C:14D1H         PUBLIC        SelfLearn_Reset
  C:1791H         PUBLIC        Raise_Alarm_to_Slave
  C:13CFH         PUBLIC        slave_away_operation
  B:0024H.5       PUBLIC        enable_sensor_delayEN
  C:177BH         PUBLIC        Fell_Alarm_to_Slave
  D:00D0H         PUBLIC        PSW
  B:0080H.0       PUBLIC        sensor_detect
  C:171DH         PUBLIC        Host_stolen_action
  -------         PROC          SLAVE_AWAY_OPERATION
  C:13CFH         LINE#         89
  C:13CFH         LINE#         90
  C:13CFH         LINE#         91
  C:13D2H         LINE#         92
  C:13D2H         LINE#         93
  C:13D5H         LINE#         94
  C:13E5H         LINE#         95
  C:13E8H         LINE#         99
  C:13E8H         LINE#         101
  C:13EAH         LINE#         102
  C:13EEH         LINE#         104
  C:13F3H         LINE#         105
  C:13F7H         LINE#         107
  C:13FAH         LINE#         108
  C:13FCH         LINE#         109
  -------         ENDPROC       SLAVE_AWAY_OPERATION
  -------         PROC          SLAVE_NEARBY_OPERATION
  C:14F7H         LINE#         115
  C:14F7H         LINE#         116
  C:14F7H         LINE#         117
  C:14F9H         LINE#         119
  C:14FBH         LINE#         120
  C:14FFH         LINE#         121
  C:1501H         LINE#         122
  C:1504H         LINE#         124
  C:1507H         LINE#         125
BL51 BANKED LINKER/LOCATER V6.22                                                      07/29/2015  20:04:30  PAGE 24


  C:1507H         LINE#         126
  C:150AH         LINE#         127
  C:150DH         LINE#         128
  C:1517H         LINE#         129
  C:151AH         LINE#         130
  C:151AH         LINE#         131
  -------         ENDPROC       SLAVE_NEARBY_OPERATION
  -------         PROC          INITSENSOR
  C:19CBH         LINE#         137
  C:19CBH         LINE#         138
  C:19CBH         LINE#         139
  C:19CDH         LINE#         140
  C:19CFH         LINE#         141
  C:19D1H         LINE#         142
  C:19D3H         LINE#         143
  C:19D5H         LINE#         144
  -------         ENDPROC       INITSENSOR
  -------         PROC          HOST_STOLEN_ACTION
  C:171DH         LINE#         150
  C:171DH         LINE#         151
  C:171DH         LINE#         153
  C:1720H         LINE#         154
  C:1720H         LINE#         155
  C:1722H         LINE#         157
  C:1725H         LINE#         159
  C:1728H         LINE#         160
  C:1728H         LINE#         161
  C:172AH         LINE#         162
  C:172CH         LINE#         164
  C:172CH         LINE#         165
  C:1731H         LINE#         166
  C:1731H         LINE#         168
  C:1734H         LINE#         169
  C:1734H         LINE#         170
  -------         ENDPROC       HOST_STOLEN_ACTION
  -------         PROC          ENSENSOR_AFTERIDCERT
  C:151BH         LINE#         177
  C:151BH         LINE#         178
  C:151BH         LINE#         179
  C:151EH         LINE#         180
  C:151EH         LINE#         182
  C:1528H         LINE#         183
  C:1528H         LINE#         184
  C:152AH         LINE#         185
  C:152CH         LINE#         186
  C:152FH         LINE#         189
  C:1537H         LINE#         190
  C:1537H         LINE#         191
  C:153AH         LINE#         192
  C:153AH         LINE#         193
  C:153CH         LINE#         195
  C:153CH         LINE#         196
  C:153CH         LINE#         197
  -------         ENDPROC       ENSENSOR_AFTERIDCERT
  -------         PROC          ENSENSOR_AFTER_CLOSE
  C:15FEH         LINE#         202
  C:15FEH         LINE#         203
BL51 BANKED LINKER/LOCATER V6.22                                                      07/29/2015  20:04:30  PAGE 25


  C:15FEH         LINE#         204
  C:1604H         LINE#         205
  C:1604H         LINE#         206
  C:160EH         LINE#         207
  C:160EH         LINE#         208
  C:1610H         LINE#         209
  C:1612H         LINE#         210
  C:1615H         LINE#         211
  C:1618H         LINE#         212
  C:1618H         LINE#         213
  C:1618H         LINE#         214
  -------         ENDPROC       ENSENSOR_AFTER_CLOSE
  -------         PROC          SELFLEARN_RESET
  C:14D1H         LINE#         220
  C:14D1H         LINE#         221
  C:14D1H         LINE#         222
  C:14D4H         LINE#         223
  C:14D4H         LINE#         224
  C:14DEH         LINE#         225
  C:14DEH         LINE#         226
  C:14E0H         LINE#         227
  C:14E2H         LINE#         229
  C:14E7H         LINE#         230
  C:14ECH         LINE#         231
  C:14EEH         LINE#         232
  C:14F0H         LINE#         233
  C:14F2H         LINE#         234
  C:14F4H         LINE#         235
  C:14F6H         LINE#         236
  C:14F6H         LINE#         237
  C:14F6H         LINE#         238
  -------         ENDPROC       SELFLEARN_RESET
  -------         PROC          FELL_ALARM_TO_SLAVE
  C:177BH         LINE#         244
  C:177BH         LINE#         245
  C:177BH         LINE#         246
  C:1786H         LINE#         247
  C:1786H         LINE#         248
  C:178BH         LINE#         249
  C:1790H         LINE#         250
  C:1790H         LINE#         251
  -------         ENDPROC       FELL_ALARM_TO_SLAVE
  -------         PROC          RAISE_ALARM_TO_SLAVE
  C:1791H         LINE#         257
  C:1791H         LINE#         258
  C:1791H         LINE#         259
  C:179CH         LINE#         260
  C:179CH         LINE#         261
  C:17A1H         LINE#         262
  C:17A6H         LINE#         263
  C:17A6H         LINE#         264
  -------         ENDPROC       RAISE_ALARM_TO_SLAVE
  -------         PROC          BATSTOLEN_ALARM_TO_SLAVE
  C:17A7H         LINE#         270
  C:17A7H         LINE#         271
  C:17A7H         LINE#         272
  C:17B2H         LINE#         273
BL51 BANKED LINKER/LOCATER V6.22                                                      07/29/2015  20:04:30  PAGE 26


  C:17B2H         LINE#         274
  C:17B7H         LINE#         275
  C:17BCH         LINE#         276
  C:17BCH         LINE#         277
  -------         ENDPROC       BATSTOLEN_ALARM_TO_SLAVE
  -------         PROC          DISABLE_SENSOR_AFTER_IDCERT
  C:19DFH         LINE#         282
  C:19DFH         LINE#         283
  C:19DFH         LINE#         284
  C:19E2H         LINE#         285
  C:19E2H         LINE#         286
  C:19E4H         LINE#         288
  C:19E7H         LINE#         289
  C:19E7H         LINE#         290
  -------         ENDPROC       DISABLE_SENSOR_AFTER_IDCERT
  -------         PROC          RESET_AFTER_WIREBROKEN
  C:183DH         LINE#         295
  C:183DH         LINE#         296
  C:183DH         LINE#         297
  C:1840H         LINE#         298
  C:1840H         LINE#         299
  C:1842H         LINE#         300
  C:1846H         LINE#         301
  C:1848H         LINE#         302
  C:184AH         LINE#         303
  C:184CH         LINE#         304
  C:184CH         LINE#         305
  -------         ENDPROC       RESET_AFTER_WIREBROKEN
  -------         PROC          RESET_AFTER_STOLEN_ALARMING
  C:15C2H         LINE#         311
  C:15C2H         LINE#         312
  C:15C2H         LINE#         313
  C:15C5H         LINE#         314
  C:15C5H         LINE#         315
  C:15CFH         LINE#         316
  C:15CFH         LINE#         317
  C:15D3H         LINE#         318
  C:15D5H         LINE#         319
  C:15D7H         LINE#         320
  C:15D9H         LINE#         321
  C:15DCH         LINE#         322
  C:15DFH         LINE#         323
  C:15DFH         LINE#         324
  C:15DFH         LINE#         325
  -------         ENDPROC       RESET_AFTER_STOLEN_ALARMING
  -------         PROC          ENSENSOR_AFTER_SLAVE_AWAY
  C:1581H         LINE#         330
  C:1581H         LINE#         331
  C:1581H         LINE#         332
  C:158AH         LINE#         333
  C:158AH         LINE#         334
  C:1594H         LINE#         335
  C:1594H         LINE#         336
  C:1597H         LINE#         337
  C:1599H         LINE#         338
  C:159BH         LINE#         339
  C:159EH         LINE#         340
BL51 BANKED LINKER/LOCATER V6.22                                                      07/29/2015  20:04:30  PAGE 27


  C:15A1H         LINE#         341
  C:15A1H         LINE#         342
  C:15A1H         LINE#         343
  -------         ENDPROC       ENSENSOR_AFTER_SLAVE_AWAY
  -------         PROC          DETECT_SELFLEARN_ACTION
  C:08AEH         LINE#         348
  C:08AEH         LINE#         349
  C:08AEH         LINE#         350
  C:08B4H         LINE#         351
  C:08B4H         LINE#         352
  C:08B7H         LINE#         353
  C:08B7H         LINE#         354
  C:08BDH         LINE#         356
  C:08D4H         LINE#         357
  C:08D4H         LINE#         358
  C:08DBH         LINE#         359
  C:08DDH         LINE#         360
  C:08DFH         LINE#         361
  C:08E1H         LINE#         362
  C:08E3H         LINE#         363
  C:08E5H         LINE#         364
  C:08E7H         LINE#         366
  C:08E7H         LINE#         367
  C:08E9H         LINE#         368
  C:08ECH         LINE#         369
  C:08EEH         LINE#         370
  C:08F1H         LINE#         371
  C:08F3H         LINE#         372
  C:08F3H         LINE#         373
  C:08F5H         LINE#         375
  C:08F5H         LINE#         376
  C:08FBH         LINE#         378
  C:08FEH         LINE#         379
  C:0900H         LINE#         381
  C:0903H         LINE#         382
  C:0905H         LINE#         384
  C:0908H         LINE#         385
  C:0908H         LINE#         386
  C:090AH         LINE#         387
  C:090CH         LINE#         388
  C:090FH         LINE#         389
  C:090FH         LINE#         391
  C:0926H         LINE#         392
  C:0926H         LINE#         393
  C:092DH         LINE#         394
  C:092FH         LINE#         395
  C:0931H         LINE#         396
  C:0933H         LINE#         397
  C:0935H         LINE#         398
  C:0937H         LINE#         399
  C:0939H         LINE#         400
  C:0939H         LINE#         401
  C:0939H         LINE#         402
  C:0939H         LINE#         404
  C:093CH         LINE#         405
  C:093CH         LINE#         406
  C:093EH         LINE#         407
BL51 BANKED LINKER/LOCATER V6.22                                                      07/29/2015  20:04:30  PAGE 28


  C:0940H         LINE#         408
  C:0942H         LINE#         409
  C:0944H         LINE#         410
  C:0946H         LINE#         411
  C:0948H         LINE#         412
  C:094AH         LINE#         413
  C:094CH         LINE#         415
  C:094FH         LINE#         417
  C:0952H         LINE#         422
  C:0952H         LINE#         423
  -------         ENDPROC       DETECT_SELFLEARN_ACTION
  -------         PROC          DETECT_OPEN_ACTION
  C:147FH         LINE#         428
  C:147FH         LINE#         429
  C:147FH         LINE#         431
  C:148AH         LINE#         432
  C:148AH         LINE#         433
  C:148DH         LINE#         434
  C:1492H         LINE#         435
  C:1494H         LINE#         437
  C:1498H         LINE#         438
  C:149AH         LINE#         439
  C:149DH         LINE#         440
  C:149FH         LINE#         441
  C:14A2H         LINE#         442
  C:14A5H         LINE#         444
  C:14A7H         LINE#         445
  C:14A7H         LINE#         446
  -------         ENDPROC       DETECT_OPEN_ACTION
  -------         PROC          DETECT_CLOSE_ACTION
  C:1429H         LINE#         451
  C:1429H         LINE#         452
  C:1429H         LINE#         453
  C:1436H         LINE#         454
  C:1436H         LINE#         455
  C:143CH         LINE#         456
  C:143CH         LINE#         457
  C:143FH         LINE#         458
  C:1445H         LINE#         459
  C:1445H         LINE#         460
  C:1448H         LINE#         462
  C:144CH         LINE#         463
  C:144FH         LINE#         464
  C:1451H         LINE#         465
  C:1453H         LINE#         466
  C:1453H         LINE#         467
  C:1453H         LINE#         468
  C:1453H         LINE#         469
  -------         ENDPROC       DETECT_CLOSE_ACTION
  -------         PROC          DETECT_VIBRATION
  C:13A0H         LINE#         474
  C:13A0H         LINE#         475
  C:13A0H         LINE#         476
  C:13A6H         LINE#         477
  C:13A6H         LINE#         478
  C:13A8H         LINE#         479
  C:13AEH         LINE#         480
BL51 BANKED LINKER/LOCATER V6.22                                                      07/29/2015  20:04:30  PAGE 29


  C:13AEH         LINE#         481
  C:13B1H         LINE#         482
  C:13B1H         LINE#         483
  C:13C8H         LINE#         484
  C:13C8H         LINE#         485
  C:13CAH         LINE#         486
  C:13CEH         LINE#         487
  C:13CEH         LINE#         488
  C:13CEH         LINE#         489
  -------         ENDPROC       DETECT_VIBRATION
  -------         PROC          DETECT_WHEEL_MOVING
  C:13FDH         LINE#         494
  C:13FDH         LINE#         495
  C:13FDH         LINE#         496
  C:1400H         LINE#         497
  C:1400H         LINE#         498
  C:1402H         LINE#         499
  C:1408H         LINE#         500
  C:1408H         LINE#         501
  C:140BH         LINE#         502
  C:140BH         LINE#         503
  C:1422H         LINE#         504
  C:1422H         LINE#         505
  C:1424H         LINE#         506
  C:1428H         LINE#         507
  C:1428H         LINE#         508
  C:1428H         LINE#         509
  -------         ENDPROC       DETECT_WHEEL_MOVING
  -------         ENDMOD        OPERATION

  -------         MODULE        OTHER
  C:0000H         SYMBOL        _ICE_DUMMY_
  D:0080H         PUBLIC        P0
  D:0090H         PUBLIC        P1
  D:00A0H         PUBLIC        P2
  D:00B0H         PUBLIC        P3
  D:00A8H         PUBLIC        IE
  C:1996H         PUBLIC        _magnet_ACW_Taili
  B:00A0H.4       PUBLIC        Moto_EN
  D:00B8H         PUBLIC        IP
  D:00D8H         PUBLIC        WDCON0
  D:0098H         PUBLIC        SCON
  D:0088H         PUBLIC        TCON
  C:0003H         PUBLIC        Moto_Vibration
  C:1988H         PUBLIC        _magnet_ACW
  C:19BFH         PUBLIC        Enable_sensor
  C:133FH         PUBLIC        _magnet_CW_Taili
  D:00E8H         PUBLIC        EIE
  C:100AH         PUBLIC        disable_sensor
  B:00A0H.2       PUBLIC        MagentControl_1
  B:00A0H.3       PUBLIC        MagentControl_2
  D:00F8H         PUBLIC        ADCCON0
  D:00C0H         PUBLIC        I2CON
  D:00C8H         PUBLIC        T2CON
  C:130EH         PUBLIC        _magnet_CW
  D:00D0H         PUBLIC        PSW
  B:0080H.5       PUBLIC        Externalmotor
BL51 BANKED LINKER/LOCATER V6.22                                                      07/29/2015  20:04:30  PAGE 30


  -------         PROC          _MAGNET_CW
  X:0023H         SYMBOL        x
  X:0025H         SYMBOL        y
  D:0003H         SYMBOL        z
  C:130EH         LINE#         44
  C:131BH         LINE#         45
  C:131BH         LINE#         47
  C:1324H         LINE#         49
  C:1326H         LINE#         50
  C:1328H         LINE#         51
  C:1338H         LINE#         52
  C:133AH         LINE#         53
  C:133CH         LINE#         54
  C:133EH         LINE#         55
  -------         ENDPROC       _MAGNET_CW
  -------         PROC          _MAGNET_CW_TAILI
  X:0027H         SYMBOL        x
  X:0029H         SYMBOL        y
  D:0003H         SYMBOL        z
  C:133FH         LINE#         61
  C:134CH         LINE#         62
  C:134CH         LINE#         64
  C:1355H         LINE#         66
  C:1357H         LINE#         67
  C:1359H         LINE#         68
  C:1369H         LINE#         69
  C:136BH         LINE#         70
  C:136DH         LINE#         71
  C:136FH         LINE#         72
  -------         ENDPROC       _MAGNET_CW_TAILI
  -------         PROC          _MAGNET_ACW
  D:0006H         SYMBOL        x
  D:0004H         SYMBOL        y
  C:1988H         LINE#         78
  C:1988H         LINE#         79
  C:1988H         LINE#         80
  C:198AH         LINE#         81
  C:198CH         LINE#         82
  C:198EH         LINE#         83
  C:1991H         LINE#         84
  C:1993H         LINE#         85
  C:1995H         LINE#         86
  -------         ENDPROC       _MAGNET_ACW
  -------         PROC          _MAGNET_ACW_TAILI
  D:0006H         SYMBOL        x
  D:0004H         SYMBOL        y
  C:1996H         LINE#         92
  C:1996H         LINE#         93
  C:1996H         LINE#         94
  C:1998H         LINE#         95
  C:199AH         LINE#         96
  C:199CH         LINE#         97
  C:199FH         LINE#         98
  C:19A1H         LINE#         99
  C:19A3H         LINE#         100
  -------         ENDPROC       _MAGNET_ACW_TAILI
  -------         PROC          DISABLE_SENSOR
BL51 BANKED LINKER/LOCATER V6.22                                                      07/29/2015  20:04:30  PAGE 31


  C:100AH         LINE#         106
  C:100AH         LINE#         107
  C:100AH         LINE#         109
  C:100CH         LINE#         110
  C:100EH         LINE#         112
  C:1010H         LINE#         113
  C:1012H         LINE#         114
  C:1016H         LINE#         115
  C:1019H         LINE#         116
  C:101CH         LINE#         117
  C:1021H         LINE#         118
  C:1026H         LINE#         119
  C:102BH         LINE#         120
  C:102EH         LINE#         121
  C:1031H         LINE#         122
  C:1033H         LINE#         123
  C:1035H         LINE#         124
  C:1037H         LINE#         125
  C:103AH         LINE#         126
  C:103CH         LINE#         127
  C:103FH         LINE#         129
  C:1041H         LINE#         132
  C:1044H         LINE#         133
  C:1046H         LINE#         135
  C:1048H         LINE#         136
  C:104BH         LINE#         138
  C:104DH         LINE#         139
  C:1050H         LINE#         140
  -------         ENDPROC       DISABLE_SENSOR
  -------         PROC          ENABLE_SENSOR
  C:19BFH         LINE#         146
  C:19BFH         LINE#         147
  C:19BFH         LINE#         149
  C:19C1H         LINE#         150
  C:19C3H         LINE#         153
  C:19C7H         LINE#         154
  C:19CAH         LINE#         155
  -------         ENDPROC       ENABLE_SENSOR
  -------         PROC          MOTO_VIBRATION
  C:0003H         LINE#         161
  C:0003H         LINE#         162
  C:0003H         LINE#         163
  C:0005H         LINE#         164
  C:0008H         LINE#         165
  C:000AH         LINE#         166
  -------         ENDPROC       MOTO_VIBRATION
  -------         ENDMOD        OTHER

  -------         MODULE        PWM
  C:0000H         SYMBOL        _ICE_DUMMY_
  D:0080H         PUBLIC        P0
  D:0090H         PUBLIC        P1
  D:00A0H         PUBLIC        P2
  D:00B0H         PUBLIC        P3
  D:00DCH         PUBLIC        PWMCON0
  D:00D1H         PUBLIC        PWMPH
  D:00A8H         PUBLIC        IE
BL51 BANKED LINKER/LOCATER V6.22                                                      07/29/2015  20:04:30  PAGE 32


  D:00D9H         PUBLIC        PWMPL
  C:0D74H         PUBLIC        _PWM_Channel
  D:00B8H         PUBLIC        IP
  C:19F1H         PUBLIC        myPwm
  D:00D8H         PUBLIC        WDCON0
  D:0098H         PUBLIC        SCON
  D:0088H         PUBLIC        TCON
  D:00E8H         PUBLIC        EIE
  D:00F8H         PUBLIC        ADCCON0
  D:00C0H         PUBLIC        I2CON
  X:002BH         PUBLIC        PWM_shadow
  D:00C8H         PUBLIC        T2CON
  C:1735H         PUBLIC        Init_PWM
  D:00D2H         PUBLIC        PWM0H
  D:00D3H         PUBLIC        PWM1H
  D:00D5H         PUBLIC        PWM2H
  D:00D6H         PUBLIC        PWM3H
  D:00DAH         PUBLIC        PWM0L
  D:00DBH         PUBLIC        PWM1L
  D:00DDH         PUBLIC        PWM2L
  D:00DEH         PUBLIC        PWM3L
  D:00D0H         PUBLIC        PSW
  -------         PROC          INIT_PWM
  C:1735H         LINE#         19
  C:1735H         LINE#         20
  C:1735H         LINE#         22
  C:1738H         LINE#         24
  C:1740H         LINE#         26
  C:1749H         LINE#         27
  C:174CH         LINE#         28
  -------         ENDPROC       INIT_PWM
  -------         PROC          _PWM_CHANNEL
  D:0007H         SYMBOL        Channel
  C:0D74H         LINE#         34
  C:0D74H         LINE#         35
  C:0D74H         LINE#         36
  C:0D82H         LINE#         37
  C:0D82H         LINE#         39
  C:0D82H         LINE#         40
  C:0D82H         LINE#         41
  C:0D8AH         LINE#         42
  C:0D93H         LINE#         43
  C:0D96H         LINE#         44
  C:0D96H         LINE#         45
  C:0D97H         LINE#         47
  C:0D97H         LINE#         48
  C:0D97H         LINE#         49
  C:0D9FH         LINE#         50
  C:0DA8H         LINE#         51
  C:0DABH         LINE#         52
  C:0DABH         LINE#         53
  C:0DACH         LINE#         55
  C:0DACH         LINE#         56
  C:0DACH         LINE#         57
  C:0DB4H         LINE#         58
  C:0DBDH         LINE#         59
  C:0DC0H         LINE#         60
BL51 BANKED LINKER/LOCATER V6.22                                                      07/29/2015  20:04:30  PAGE 33


  C:0DC0H         LINE#         61
  C:0DC1H         LINE#         63
  C:0DC1H         LINE#         64
  C:0DC1H         LINE#         65
  C:0DC9H         LINE#         66
  C:0DD2H         LINE#         67
  C:0DD5H         LINE#         68
  C:0DD5H         LINE#         69
  C:0DD5H         LINE#         70
  C:0DD5H         LINE#         71
  -------         ENDPROC       _PWM_CHANNEL
  -------         PROC          MYPWM
  C:19F1H         LINE#         77
  C:19F1H         LINE#         78
  C:19F1H         LINE#         80
  C:19F6H         LINE#         82
  -------         ENDPROC       MYPWM
  -------         ENDMOD        PWM

  -------         MODULE        TIMER
  C:0000H         SYMBOL        _ICE_DUMMY_
  D:0080H         PUBLIC        P0
  D:0090H         PUBLIC        P1
  D:00A0H         PUBLIC        P2
  D:00B0H         PUBLIC        P3
  B:00A8H.7       PUBLIC        EA
[...]
  X:0057H         PUBLIC        ADC_check_result
  X:0059H         PUBLIC        sensor_2ndstage_time
  X:005BH         PUBLIC        sensor_3rdstage_count
  X:005CH         PUBLIC        ID_selflearning_timecount
  X:005DH         PUBLIC        one_receive_byte_count
BL51 BANKED LINKER/LOCATER V6.22                                                      07/29/2015  20:04:30  PAGE 51


  B:0022H.4       PUBLIC        ID_speeched_flag
  D:0099H         PUBLIC        SBUF
  X:005EH         PUBLIC        sensor_3rdstage_time
  D:0098H         PUBLIC        SCON
  D:0088H         PUBLIC        TCON
  C:3004H         PUBLIC        IDkey10
  C:3005H         PUBLIC        IDkey11
  X:0060H         PUBLIC        sensor_1ststage_count
  B:0022H.5       PUBLIC        IDkey_flash_EN
  X:0061H         PUBLIC        ID_certificated_numbers
  X:0062H         PUBLIC        raise_wire_time
  B:00A0H.7       PUBLIC        transmiter_EN
  B:0022H.6       PUBLIC        Host_stolen_alarming
  D:008CH         PUBLIC        TH0
  B:0022H.7       PUBLIC        flashing_flag
  B:0080H.7       PUBLIC        horizontal_sensor
  D:008AH         PUBLIC        TL0
  B:0023H.0       PUBLIC        vibration_flag
  X:0063H         PUBLIC        fell_wire_time
  B:0023H.1       PUBLIC        host_stolen_alarm2_EN
  X:0064H         PUBLIC        After_IDcert_timecount
  D:00E8H         PUBLIC        EIE
  C:0026H         PUBLIC        timer0
  B:0080H.4       PUBLIC        raised_sensor_detect
  B:0023H.2       PUBLIC        ID_certificated_flag
  D:00F8H         PUBLIC        ADCCON0
  D:00C0H         PUBLIC        I2CON
  B:0023H.3       PUBLIC        wheeled_flag
  B:0023H.4       PUBLIC        EN_host_stolen_alarming
  B:0023H.5       PUBLIC        Check_Motobattery_flag
  X:0065H         PUBLIC        vibration_count
  X:0067H         PUBLIC        timer0_count
  X:0069H         PUBLIC        sensor_3rdstage_effcount
  D:00C8H         PUBLIC        T2CON
  X:006AH         PUBLIC        enable_sensor_delay_count
  X:006BH         PUBLIC        host_stolen_alarm1_count
  X:006CH         PUBLIC        host_stolen_alarm2_count
  X:006DH         PUBLIC        sensor_3rdstage_interval
  B:0023H.6       PUBLIC        ID_selflearning_flag
  B:0023H.7       PUBLIC        battery_stolen_EN
  B:0024H.0       PUBLIC        position_sensor_EN
  C:0589H         PUBLIC        uart_isr
  X:006FH         PUBLIC        wheeled_count
  X:0071H         PUBLIC        raised_fell_number
  B:0024H.1       PUBLIC        never_alarm_speech
  X:0073H         PUBLIC        Check_Motobattery_count
  B:0024H.2       PUBLIC        Battery_hint_flag
  X:0074H         PUBLIC        Open_action_flag
  X:0075H         PUBLIC        receive_HV_count
  X:0076H         PUBLIC        receive_LV_count
  B:0024H.3       PUBLIC        raised_flag
  X:0077H         PUBLIC        raised_alarm_count
  D:00D0H         PUBLIC        PSW
  B:0080H.0       PUBLIC        sensor_detect
  X:0078H         PUBLIC        Stolen_alarm_reset_count
  B:0080H.5       PUBLIC        Externalmotor
  -------         PROC          MAIN
BL51 BANKED LINKER/LOCATER V6.22                                                      07/29/2015  20:04:30  PAGE 52


  C:1764H         LINE#         131
  C:1764H         LINE#         132
  C:1764H         LINE#         133
  C:1767H         LINE#         139
  C:176EH         LINE#         142
  C:1771H         LINE#         144
  C:1774H         LINE#         147
  C:1777H         LINE#         149
  C:1779H         LINE#         151
  C:1779H         LINE#         152
  C:1779H         LINE#         153
  -------         ENDPROC       MAIN
  -------         PROC          TIMER0
  C:0026H         LINE#         161
  C:0043H         LINE#         164
  C:0048H         LINE#         165
  C:004DH         LINE#         168
  C:0064H         LINE#         169
  C:0064H         LINE#         171
  C:0068H         LINE#         185
  C:006BH         LINE#         186
  C:006EH         LINE#         195
  C:0071H         LINE#         198
  C:0074H         LINE#         202
  C:0077H         LINE#         203
  C:007AH         LINE#         204
  C:007DH         LINE#         206
  C:0080H         LINE#         209
  C:0083H         LINE#         211
  C:0086H         LINE#         212
  C:0089H         LINE#         213
  C:008CH         LINE#         214
  C:008CH         LINE#         217
  C:008FH         LINE#         220
  C:0092H         LINE#         221
  C:0095H         LINE#         222
  C:0098H         LINE#         224
  C:009BH         LINE#         225
  C:009EH         LINE#         227
  C:00A1H         LINE#         228
  C:00A1H         LINE#         229
  C:00A3H         LINE#         230
  C:00A6H         LINE#         231
  C:00A6H         LINE#         237
  C:00ACH         LINE#         238
  C:00ACH         LINE#         240
  C:00BFH         LINE#         241
  C:00BFH         LINE#         243
  C:00BFH         LINE#         244
  C:00BFH         LINE#         247
  C:00CEH         LINE#         248
  C:00CEH         LINE#         250
  C:00DBH         LINE#         251
  C:00DBH         LINE#         252
  C:00DDH         LINE#         255
  C:00E1H         LINE#         259
  C:00E4H         LINE#         260
BL51 BANKED LINKER/LOCATER V6.22                                                      07/29/2015  20:04:30  PAGE 53


  C:00E7H         LINE#         261
  C:00EAH         LINE#         262
  C:00EDH         LINE#         263
  C:00EDH         LINE#         264
  C:00F0H         LINE#         266
  C:00F0H         LINE#         268
  C:00F4H         LINE#         269
  C:00F4H         LINE#         270
  C:00F4H         LINE#         271
  C:00F7H         LINE#         274
  C:00F7H         LINE#         275
  C:00F7H         LINE#         276
  C:00FDH         LINE#         277
  C:00FDH         LINE#         279
  C:0107H         LINE#         280
  C:0107H         LINE#         281
  C:0109H         LINE#         282
  C:010EH         LINE#         285
  C:0111H         LINE#         286
  C:0111H         LINE#         287
  C:0113H         LINE#         289
  C:0113H         LINE#         290
  C:0117H         LINE#         291
  C:0117H         LINE#         294
  C:012EH         LINE#         295
  C:012EH         LINE#         296
  C:0132H         LINE#         297
  C:0135H         LINE#         298
  C:0138H         LINE#         299
  C:013DH         LINE#         300
  C:013DH         LINE#         301
  C:013DH         LINE#         302
  C:013FH         LINE#         305
  C:013FH         LINE#         306
  C:013FH         LINE#         307
  C:0145H         LINE#         308
  C:0145H         LINE#         310
  C:014FH         LINE#         311
  C:014FH         LINE#         312
  C:0151H         LINE#         314
  C:0153H         LINE#         315
  C:0155H         LINE#         316
  C:0157H         LINE#         317
  C:015AH         LINE#         318
  C:015AH         LINE#         319
  C:015CH         LINE#         321
  C:015CH         LINE#         322
  C:0160H         LINE#         323
  C:0160H         LINE#         326
  C:0177H         LINE#         327
  C:0177H         LINE#         328
  C:017BH         LINE#         329
  C:017EH         LINE#         330
  C:0181H         LINE#         331
  C:0186H         LINE#         332
  C:018BH         LINE#         333
  C:018EH         LINE#         334
BL51 BANKED LINKER/LOCATER V6.22                                                      07/29/2015  20:04:30  PAGE 54


  C:018EH         LINE#         335
  C:018EH         LINE#         336
  C:018EH         LINE#         337
  C:018EH         LINE#         340
  C:0191H         LINE#         341
  C:0191H         LINE#         342
  C:0193H         LINE#         343
  C:0195H         LINE#         344
  C:0199H         LINE#         345
  C:019BH         LINE#         346
  C:019DH         LINE#         347
  C:01A3H         LINE#         348
  C:01A3H         LINE#         349
  C:01A5H         LINE#         350
  C:01A7H         LINE#         351
  C:01AAH         LINE#         352
  C:01AAH         LINE#         355
  C:01B2H         LINE#         356
  C:01B2H         LINE#         357
  C:01B4H         LINE#         358
  C:01B6H         LINE#         360
  C:01B8H         LINE#         361
  C:01B8H         LINE#         365
  C:01BBH         LINE#         366
  C:01BBH         LINE#         368
  C:01BEH         LINE#         369
  C:01BEH         LINE#         371
  C:01C6H         LINE#         372
  C:01C6H         LINE#         374
  C:01C8H         LINE#         375
  C:01CAH         LINE#         377
  C:01CDH         LINE#         378
  C:01CDH         LINE#         380
  C:01CFH         LINE#         381
  C:01CFH         LINE#         382
  C:01CFH         LINE#         383
  C:01D1H         LINE#         385
  C:01D1H         LINE#         386
  C:01D3H         LINE#         387
  C:01D7H         LINE#         388
  C:01DAH         LINE#         389
  C:01DCH         LINE#         390
  C:01DCH         LINE#         392
  C:01DFH         LINE#         393
  C:01DFH         LINE#         395
  C:01E7H         LINE#         396
  C:01E7H         LINE#         398
  C:01E9H         LINE#         399
  C:01EBH         LINE#         401
  C:01EEH         LINE#         402
  C:01EEH         LINE#         403
  C:01F0H         LINE#         404
  C:01F0H         LINE#         405
  C:01F0H         LINE#         406
  C:01F2H         LINE#         408
  C:01F2H         LINE#         409
  C:01F4H         LINE#         410
BL51 BANKED LINKER/LOCATER V6.22                                                      07/29/2015  20:04:30  PAGE 55


  C:01F8H         LINE#         411
  C:01FBH         LINE#         412
  C:01FDH         LINE#         413
  C:01FDH         LINE#         414
  C:01FDH         LINE#         417
  C:0200H         LINE#         418
  C:0200H         LINE#         419
  C:0217H         LINE#         420
  C:0217H         LINE#         421
  C:0219H         LINE#         422
  C:021DH         LINE#         423
  C:021FH         LINE#         425
  C:0222H         LINE#         426
  C:0225H         LINE#         427
  C:0228H         LINE#         428
  C:022DH         LINE#         429
  C:0232H         LINE#         430
  C:023BH         LINE#         431
  C:023FH         LINE#         432
  C:0242H         LINE#         433
  C:0242H         LINE#         434
  C:0242H         LINE#         435
  -------         ENDPROC       TIMER0
  -------         PROC          UART_ISR
  C:0589H         LINE#         440
  C:05A6H         LINE#         442
  C:05ACH         LINE#         443
  C:05ACH         LINE#         444
  C:05AEH         LINE#         445
  C:05B8H         LINE#         449
  C:05BEH         LINE#         450
  C:05BEH         LINE#         452
  C:05CCH         LINE#         453
  C:05CCH         LINE#         454
  C:05D1H         LINE#         455
  C:05D3H         LINE#         456
  C:05E5H         LINE#         457
  C:05E5H         LINE#         458
  C:05EAH         LINE#         459
  C:05ECH         LINE#         460
  C:05FFH         LINE#         461
  C:05FFH         LINE#         462
  C:0604H         LINE#         463
  C:0606H         LINE#         464
  C:0616H         LINE#         465
  C:0616H         LINE#         466
  C:061BH         LINE#         467
  C:061DH         LINE#         468
  C:062FH         LINE#         469
  C:062FH         LINE#         470
  C:0634H         LINE#         471
  C:0636H         LINE#         496
  C:063CH         LINE#         497
  C:063CH         LINE#         498
  C:063EH         LINE#         499
  C:0640H         LINE#         500
  C:0642H         LINE#         503
BL51 BANKED LINKER/LOCATER V6.22                                                      07/29/2015  20:04:30  PAGE 56


  C:0642H         LINE#         504
  C:0646H         LINE#         505
  C:0646H         LINE#         508
  C:064CH         LINE#         509
  C:064CH         LINE#         510
  C:064EH         LINE#         511
  C:065FH         LINE#         512
  C:065FH         LINE#         513
  C:065FH         LINE#         514
  C:065FH         LINE#         515
  C:0661H         LINE#         516
  C:0665H         LINE#         517
  C:0667H         LINE#         518
  C:066AH         LINE#         519
  C:066EH         LINE#         520
  C:066EH         LINE#         521
  C:0670H         LINE#         523
  C:0670H         LINE#         524
  C:0670H         LINE#         525
  C:0672H         LINE#         526
  C:0675H         LINE#         527
  C:0675H         LINE#         528
  C:0677H         LINE#         530
  C:0677H         LINE#         531
  C:0677H         LINE#         532
  C:0679H         LINE#         533
  C:0679H         LINE#         534
  C:067BH         LINE#         535
  C:067BH         LINE#         536
  C:067BH         LINE#         538
  C:067BH         LINE#         540
  C:067BH         LINE#         550
  C:0686H         LINE#         551
  C:0686H         LINE#         552
  C:068BH         LINE#         553
  C:068DH         LINE#         554
  C:069AH         LINE#         555
  C:069AH         LINE#         556
  C:069FH         LINE#         557
  C:06A1H         LINE#         558
  C:06A5H         LINE#         559
  C:06A5H         LINE#         560
  C:06AAH         LINE#         561
  C:06ACH         LINE#         562
  C:06B3H         LINE#         563
  C:06B3H         LINE#         564
  C:06B6H         LINE#         565
  C:06B8H         LINE#         566
  C:06BCH         LINE#         567
  C:06BCH         LINE#         568
  C:06C1H         LINE#         569
  C:06C3H         LINE#         570
  C:06C7H         LINE#         571
  C:06C7H         LINE#         572
  C:06CCH         LINE#         573
  C:06CEH         LINE#         574
  C:06D4H         LINE#         575
BL51 BANKED LINKER/LOCATER V6.22                                                      07/29/2015  20:04:30  PAGE 57


  C:06D4H         LINE#         576
  C:06D6H         LINE#         577
  C:06D8H         LINE#         578
  C:06DBH         LINE#         579
  C:06DDH         LINE#         581
  C:06DDH         LINE#         582
  C:06DFH         LINE#         583
  C:06DFH         LINE#         585
  C:06DFH         LINE#         586
  C:06DFH         LINE#         587
  -------         ENDPROC       UART_ISR
  -------         ENDMOD        MAIN

  -------         MODULE        ?C?CLDPTR
  C:0412H         PUBLIC        ?C?CLDPTR
  -------         ENDMOD        ?C?CLDPTR

  -------         MODULE        ?C?LMUL
  C:042BH         PUBLIC        ?C?LMUL
  -------         ENDMOD        ?C?LMUL

  -------         MODULE        ?C?ULDIV
  C:04B6H         PUBLIC        ?C?ULDIV
  -------         ENDMOD        ?C?ULDIV

  -------         MODULE        ?C?LNEG
  C:0548H         PUBLIC        ?C?LNEG
  -------         ENDMOD        ?C?LNEG

  -------         MODULE        ?C?ICALL
  C:0556H         PUBLIC        ?C?ICALL
  C:055AH         PUBLIC        ?C?ICALL2
  -------         ENDMOD        ?C?ICALL

  -------         MODULE        ?C?LIMUL
  C:055CH         PUBLIC        ?C?LIMUL
  -------         ENDMOD        ?C?LIMUL

*** WARNING L16: UNCALLED SEGMENT, IGNORED FOR OVERLAY PROCESS
    SEGMENT: ?PR?_COMMODE_DATA?COMMUNICATION

*** WARNING L16: UNCALLED SEGMENT, IGNORED FOR OVERLAY PROCESS
    SEGMENT: ?PR?_COMMODE_DATA_WX?COMMUNICATION

*** WARNING L16: UNCALLED SEGMENT, IGNORED FOR OVERLAY PROCESS
    SEGMENT: ?PR?_UART_SEND_DATA_F?COMMUNICATION

*** WARNING L16: UNCALLED SEGMENT, IGNORED FOR OVERLAY PROCESS
    SEGMENT: ?PR?UART_SEND_DATA_MATCH?COMMUNICATION

*** WARNING L16: UNCALLED SEGMENT, IGNORED FOR OVERLAY PROCESS
    SEGMENT: ?PR?RECEIVE_BYTE?COMMUNICATION

*** WARNING L16: UNCALLED SEGMENT, IGNORED FOR OVERLAY PROCESS
    SEGMENT: ?PR?RECEIVE_BYTE_LOCK?COMMUNICATION

*** WARNING L16: UNCALLED SEGMENT, IGNORED FOR OVERLAY PROCESS
BL51 BANKED LINKER/LOCATER V6.22                                                      07/29/2015  20:04:30  PAGE 58


    SEGMENT: ?PR?RECEIVE_WORD?COMMUNICATION

*** WARNING L16: UNCALLED SEGMENT, IGNORED FOR OVERLAY PROCESS
    SEGMENT: ?PR?DELAY_100MS?DELAY

*** WARNING L16: UNCALLED SEGMENT, IGNORED FOR OVERLAY PROCESS
    SEGMENT: ?PR?_DELAY_MS?DELAY

*** WARNING L16: UNCALLED SEGMENT, IGNORED FOR OVERLAY PROCESS
    SEGMENT: ?PR?ENSENSOR_AFTERIDCERT?OPERATION

*** WARNING L16: UNCALLED SEGMENT, IGNORED FOR OVERLAY PROCESS
    SEGMENT: ?PR?_MAGNET_CW?OTHER

*** WARNING L16: UNCALLED SEGMENT, IGNORED FOR OVERLAY PROCESS
    SEGMENT: ?PR?_MAGNET_CW_TAILI?OTHER

*** WARNING L16: UNCALLED SEGMENT, IGNORED FOR OVERLAY PROCESS
    SEGMENT: ?PR?_MAGNET_ACW?OTHER

*** WARNING L16: UNCALLED SEGMENT, IGNORED FOR OVERLAY PROCESS
    SEGMENT: ?PR?_MAGNET_ACW_TAILI?OTHER

*** WARNING L16: UNCALLED SEGMENT, IGNORED FOR OVERLAY PROCESS
    SEGMENT: ?PR?MOTO_VIBRATION?OTHER

*** WARNING L16: UNCALLED SEGMENT, IGNORED FOR OVERLAY PROCESS
    SEGMENT: ?PR?MYPWM?PWM

*** WARNING L16: UNCALLED SEGMENT, IGNORED FOR OVERLAY PROCESS
    SEGMENT: ?PR?_INITTIMER?TIMER

*** WARNING L16: UNCALLED SEGMENT, IGNORED FOR OVERLAY PROCESS
    SEGMENT: ?PR?HSCH_START?TIMER

*** WARNING L16: UNCALLED SEGMENT, IGNORED FOR OVERLAY PROCESS
    SEGMENT: ?PR?SEOS_GO_TO_SLEEP?TIMER

*** WARNING L16: UNCALLED SEGMENT, IGNORED FOR OVERLAY PROCESS
    SEGMENT: ?PR?HOST_2NDTOUCH_SPEECH?VOICE

*** WARNING L16: UNCALLED SEGMENT, IGNORED FOR OVERLAY PROCESS
    SEGMENT: ?PR?BATTERY_STOLEN_SPEECH?VOICE

*** WARNING L16: UNCALLED SEGMENT, IGNORED FOR OVERLAY PROCESS
    SEGMENT: ?PR?CUTTING_WIRE_VOICE?VOICE

*** WARNING L16: UNCALLED SEGMENT, IGNORED FOR OVERLAY PROCESS
    SEGMENT: ?PR?PRODUCT_TEST_VOICE?VOICE

*** WARNING L16: UNCALLED SEGMENT, IGNORED FOR OVERLAY PROCESS
    SEGMENT: ?PR?BATTERY_LOW_ALARM_SPEECH?VOICE

*** WARNING L16: UNCALLED SEGMENT, IGNORED FOR OVERLAY PROCESS
    SEGMENT: ?PR?BATTERY_HIGH_ALARM_SPEECH?VOICE

*** WARNING L16: UNCALLED SEGMENT, IGNORED FOR OVERLAY PROCESS
BL51 BANKED LINKER/LOCATER V6.22                                                      07/29/2015  20:04:30  PAGE 59


    SEGMENT: ?PR?ALARM_STOLEN_SPEECH?VOICE

*** WARNING L16: UNCALLED SEGMENT, IGNORED FOR OVERLAY PROCESS
    SEGMENT: ?PR?ALARM_RAISED_SPEECH?VOICE

*** WARNING L16: UNCALLED SEGMENT, IGNORED FOR OVERLAY PROCESS
    SEGMENT: ?PR?ALARM_FELL_SPEECH?VOICE

*** WARNING L16: UNCALLED SEGMENT, IGNORED FOR OVERLAY PROCESS
    SEGMENT: ?PR?HOST_BATTERY_HIGH_ALARM_SPEECH?VOICE

*** WARNING L16: UNCALLED SEGMENT, IGNORED FOR OVERLAY PROCESS
    SEGMENT: ?PR?BATTERY_STOLEN_SPEECH_F3?VOICE

*** WARNING L16: UNCALLED SEGMENT, IGNORED FOR OVERLAY PROCESS
    SEGMENT: ?PR?WIRE_BROKEN_SPEECH?VOICE

*** WARNING L16: UNCALLED SEGMENT, IGNORED FOR OVERLAY PROCESS
    SEGMENT: ?PR?LOCK_ROTATED_ON_SPEECH?VOICE

*** WARNING L16: UNCALLED SEGMENT, IGNORED FOR OVERLAY PROCESS
    SEGMENT: ?PR?LOCK_ROTATED_OFF_SPEECH?VOICE

*** WARNING L16: UNCALLED SEGMENT, IGNORED FOR OVERLAY PROCESS
    SEGMENT: ?PR?_FLASH_READ_DATA?ISP_DATAFLASH

*** WARNING L16: UNCALLED SEGMENT, IGNORED FOR OVERLAY PROCESS
    SEGMENT: ?PR?SELF_LEARN_PROGRAMMING_F?ISP_DATAFLASH

*** WARNING L16: UNCALLED SEGMENT, IGNORED FOR OVERLAY PROCESS
    SEGMENT: ?PR?ELECMOTOR_TEST?ELECMOTOR

*** WARNING L16: UNCALLED SEGMENT, IGNORED FOR OVERLAY PROCESS
    SEGMENT: ?PR?HSCH_DISPATCH_TASKS?SCHEDULAR

*** WARNING L16: UNCALLED SEGMENT, IGNORED FOR OVERLAY PROCESS
    SEGMENT: ?PR?_HSCH_ADD_TASK?SCHEDULAR

*** WARNING L16: UNCALLED SEGMENT, IGNORED FOR OVERLAY PROCESS
    SEGMENT: ?PR?HSCH_UPDATE?SCHEDULAR

*** WARNING L15: MULTIPLE CALL TO SEGMENT
    SEGMENT: ?PR?_SC_SPEECH?VOICE
    CALLER1: ?PR?TIMER0?MAIN
    CALLER2: ?PR?UART_ISR?MAIN

Program Size: data=54.1 xdata=134 code=6689
LINK/LOCATE RUN COMPLETE.  40 WARNING(S),  0 ERROR(S)
