BL51 BANKED LINKER/LOCATER V6.22                                                        07/07/2017  21:16:16  PAGE 1


BL51 BANKED LINKER/LOCATER V6.22, INVOKED BY:
D:\PROGRAM FILES (X86)\EDA\KEIL_V5\C51\BIN\BL51.EXE .\AD.obj, .\Battery.obj, .\communication.obj, .\Delay.obj, .\operati
>> on.obj, .\Other.obj, .\Timer.obj, .\UART.obj, .\voice.obj, .\ISP_DataFlash.obj, .\ElecMotor.obj, .\Schedular.obj, Mai
>> n.obj TO DDC-Z RAMSIZE (256)


MEMORY MODEL: COMPACT


INPUT MODULES INCLUDED:
  .\AD.obj (AD)
  .\Battery.obj (BATTERY)
  .\communication.obj (COMMUNICATION)
  .\Delay.obj (DELAY)
  .\operation.obj (OPERATION)
  .\Other.obj (OTHER)
  .\Timer.obj (TIMER)
  .\UART.obj (UART)
  .\voice.obj (VOICE)
  .\ISP_DataFlash.obj (ISP_DATAFLASH)
  .\ElecMotor.obj (ELECMOTOR)
  .\Schedular.obj (SCHEDULAR)
  Main.obj (MAIN)
  D:\PROGRAM FILES (X86)\EDA\KEIL_V5\C51\LIB\C51C.LIB (?C_STARTUP)
  D:\PROGRAM FILES (X86)\EDA\KEIL_V5\C51\LIB\C51C.LIB (?C?CLDPTR)
  D:\PROGRAM FILES (X86)\EDA\KEIL_V5\C51\LIB\C51C.LIB (?C?LMUL)
  D:\PROGRAM FILES (X86)\EDA\KEIL_V5\C51\LIB\C51C.LIB (?C?ULDIV)
  D:\PROGRAM FILES (X86)\EDA\KEIL_V5\C51\LIB\C51C.LIB (?C?LNEG)
  D:\PROGRAM FILES (X86)\EDA\KEIL_V5\C51\LIB\C51C.LIB (?C?ICALL)
  D:\PROGRAM FILES (X86)\EDA\KEIL_V5\C51\LIB\C51C.LIB (?C?LIMUL)
  D:\PROGRAM FILES (X86)\EDA\KEIL_V5\C51\LIB\C51C.LIB (?C_INIT)


LINK MAP OF MODULE:  DDC-Z (AD)


            TYPE    BASE      LENGTH    RELOCATION   SEGMENT NAME
            -----------------------------------------------------

            * * * * * * *   D A T A   M E M O R Y   * * * * * * *
            REG     0000H     0008H     ABSOLUTE     "REG BANK 0"
                    0008H     0018H                  *** GAP ***
            BIT     0020H.0   0005H.0   UNIT         ?BI?MAIN
            BIT     0025H.0   0000H.3   UNIT         ?BI?OPERATION
            BIT     0025H.3   0000H.3   UNIT         ?BI?ELECMOTOR
            BIT     0025H.6   0000H.1   UNIT         ?BI?_HSCH_ADD_TASK?SCHEDULAR
            BIT     0025H.7   0000H.1   UNIT         _BIT_GROUP_
            DATA    0026H     0028H     UNIT         ?DT?SCHEDULAR
            IDATA   004EH     0001H     UNIT         ?STACK

            * * * * * * *  X D A T A   M E M O R Y  * * * * * * *
            XDATA   0000H     0002H     INPAGE       ?PD?BATTERY
            XDATA   0002H     0003H     INPAGE       ?PD?INITSIGNAL?COMMUNICATION
            XDATA   0005H     0003H     INPAGE       ?PD?INITSIGNAL_F?COMMUNICATION
            XDATA   0008H     0003H     INPAGE       ?PD?_SEND_DATA?COMMUNICATION
            XDATA   000BH     0003H     INPAGE       ?PD?_COMMODE_DATA?COMMUNICATION
            XDATA   000EH     0003H     INPAGE       ?PD?_COMMODE_DATA_WX?COMMUNICATION
            XDATA   0011H     0002H     INPAGE       ?PD?_UART_SEND_DATA?COMMUNICATION
BL51 BANKED LINKER/LOCATER V6.22                                                      07/07/2017  21:16:16  PAGE 2


            XDATA   0013H     0002H     INPAGE       ?PD?_UART_SEND_DATA_F?COMMUNICATION
            XDATA   0015H     0002H     INPAGE       ?PD?_UART_SEND_DATA_F2?COMMUNICATION
            XDATA   0017H     0001H     INPAGE       ?PD?_UART_SEND_DATA_F3?COMMUNICATION
            XDATA   0018H     0004H     INPAGE       ?PD?_SEND_CODE_TO_LOCK?COMMUNICATION
            XDATA   001CH     0007H     INPAGE       ?PD?COMMUNICATION
            XDATA   0023H     0004H     INPAGE       ?PD?_CUSTOM_DELAY?DELAY
            XDATA   0027H     0002H     INPAGE       ?PD?_MAGNET_DELAY?DELAY
            XDATA   0029H     0002H     INPAGE       ?PD?DELAY
            XDATA   002BH     000AH     INPAGE       ?PD?OPERATION
            XDATA   0035H     0004H     INPAGE       ?PD?_MAGNET_CW?OTHER
            XDATA   0039H     0002H     INPAGE       ?PD?_INITTIMER?TIMER
            XDATA   003BH     0004H     INPAGE       ?PD?TIMER
            XDATA   003FH     0003H     INPAGE       ?PD?_SENDNBYTE?UART
            XDATA   0042H     0001H     INPAGE       ?PD?VOICE
            XDATA   0043H     0003H     INPAGE       ?PD?_FLASH_READ_DATA?ISP_DATAFLASH
            XDATA   0046H     0002H     INPAGE       ?PD?ELECMOTOR_CLOSECODE?ELECMOTOR
            XDATA   0048H     0002H     INPAGE       ?PD?ELECMOTOR_STOPCODE?ELECMOTOR
            XDATA   004AH     0002H     INPAGE       ?PD?ELECMOTOR
            XDATA   004CH     0001H     INPAGE       ?PD?HSCH_DISPATCH_TASKS?SCHEDULAR
            XDATA   004DH     0002H     INPAGE       ?PD?_HSCH_ADD_TASK?SCHEDULAR
            XDATA   004FH     0001H     INPAGE       ?PD?HSCH_UPDATE?SCHEDULAR
            XDATA   0050H     0004H     INPAGE       ?PD?SCHEDULAR
            XDATA   0054H     003CH     INPAGE       ?PD?MAIN
            XDATA   0090H     0008H     INPAGE       _PDATA_GROUP_

            * * * * * * *   C O D E   M E M O R Y   * * * * * * *
            CODE    0000H     0003H     ABSOLUTE     
            CODE    0003H     0008H     INBLOCK      ?PR?MOTO_VIBRATION?OTHER
            CODE    000BH     0003H     ABSOLUTE     
            CODE    000EH     0015H     INBLOCK      ?PR?SELF_LEARN_SPEECH?VOICE
            CODE    0023H     0003H     ABSOLUTE     
            CODE    0026H     02F7H     INBLOCK      ?PR?_VERIFYBATTERY?BATTERY
            CODE    031DH     02D9H     INBLOCK      ?PR?TIMER0?MAIN
            CODE    05F6H     0177H     UNIT         ?C?LIB_CODE
            CODE    076DH     011DH     UNIT         ?C_INITSEG
            CODE    088AH     011DH     INBLOCK      ?PR?UART_ISR?MAIN
            CODE    09A7H     00C2H     INBLOCK      ?PR?HSCH_UPDATE?SCHEDULAR
            CODE    0A69H     008CH     UNIT         ?C_C51STARTUP
            CODE    0AF5H     007DH     INBLOCK      ?PR?_HSCH_ADD_TASK?SCHEDULAR
            CODE    0B72H     0078H     INBLOCK      ?PR?_GETADCRESULT?AD
            CODE    0BEAH     0075H     INBLOCK      ?PR?_INITTIMER?TIMER
            CODE    0C5FH     0074H     INBLOCK      ?PR?INITSIGNAL?COMMUNICATION
            CODE    0CD3H     0073H     INBLOCK      ?PR?_SEND_CODE_TO_LOCK?COMMUNICATION
            CODE    0D46H     0073H     INBLOCK      ?PR?DETECT_SELFLEARN_ACTION?OPERATION
            CODE    0DB9H     0071H     INBLOCK      ?PR?HSCH_DISPATCH_TASKS?SCHEDULAR
            CODE    0E2AH     006FH     INBLOCK      ?PR?DETECT_VIBRATION?OPERATION
            CODE    0E99H     006AH     INBLOCK      ?PR?RECEIVE_BYTE?COMMUNICATION
            CODE    0F03H     006AH     INBLOCK      ?PR?RECEIVE_BYTE_LOCK?COMMUNICATION
            CODE    0F6DH     0066H     INBLOCK      ?PR?ELECMOTOR_CW?ELECMOTOR
            CODE    0FD3H     002CH     INBLOCK      ?PR?SLAVE_AWAY_OPERATION?OPERATION
            CODE    0FFFH     0001H     INBLOCK      ?PR?HSCH_REPORT_STATUS?SCHEDULAR
            CODE    1000H     0060H     INBLOCK      ?PR?_SEND_DATA?COMMUNICATION
            CODE    1060H     0060H     INBLOCK      ?PR?ELECMOTOR_ACW?ELECMOTOR
            CODE    10C0H     005BH     INBLOCK      ?PR?DETECT_CLOSE_ACTION?OPERATION
            CODE    111BH     005AH     INBLOCK      ?PR?_UART_SEND_DATA?COMMUNICATION
            CODE    1175H     0056H     INBLOCK      ?PR?ELECMOTOR_CODE?ELECMOTOR
            CODE    11CBH     0056H     INBLOCK      ?PR?ELECMOTOR_CLOSECODE?ELECMOTOR
BL51 BANKED LINKER/LOCATER V6.22                                                      07/07/2017  21:16:16  PAGE 3


            CODE    1221H     0056H     INBLOCK      ?PR?ELECMOTOR_STOPCODE?ELECMOTOR
            CODE    1277H     0054H     INBLOCK      ?PR?ELECMOTOR_DELAY_CW?ELECMOTOR
            CODE    12CBH     0051H     INBLOCK      ?PR?ELECMOTOR_DELAY_ACW?ELECMOTOR
            CODE    131CH     0050H     INBLOCK      ?PR?BROADCAST_BATTERY?BATTERY
            CODE    136CH     0050H     INBLOCK      ?PR?DISABLE_SENSOR?OTHER
            CODE    13BCH     004DH     INBLOCK      ?PR?_UART_SEND_DATA_F2?COMMUNICATION
            CODE    1409H     004CH     INBLOCK      ?PR?DETECT_OPEN_ACTION?OPERATION
            CODE    1455H     004CH     INBLOCK      ?PR?_INITT0?TIMER
            CODE    14A1H     004BH     INBLOCK      ?PR?_HSCH_DELETE_TASK?SCHEDULAR
            CODE    14ECH     0048H     INBLOCK      ?PR?INITSIGNAL_F?COMMUNICATION
            CODE    1534H     0047H     INBLOCK      ?PR?_UART_SEND_DATA_F?COMMUNICATION
            CODE    157BH     0043H     INBLOCK      ?PR?SELF_LEARN_PROGRAMMING?ISP_DATAFLASH
            CODE    15BEH     0043H     INBLOCK      ?PR?SELF_LEARN_PROGRAMMING_F?ISP_DATAFLASH
            CODE    1601H     0041H     INBLOCK      ?PR?RECEIVE_WORD?COMMUNICATION
            CODE    1642H     003FH     INBLOCK      ?PR?_CUSTOM_DELAY?DELAY
            CODE    1681H     003EH     INBLOCK      ?PR?_UART_SEND_DATA_F3?COMMUNICATION
            CODE    16BFH     003EH     INBLOCK      ?PR?_MAGNET_DELAY?DELAY
            CODE    16FDH     003AH     INBLOCK      ?PR?_SC_SPEECH?VOICE
            CODE    1737H     0036H     INBLOCK      ?PR?_INITUART?UART
            CODE    176DH     0035H     INBLOCK      ?PR?MAIN?MAIN
            CODE    17A2H     0034H     INBLOCK      ?PR?_COMMODE_DATA_WX?COMMUNICATION
            CODE    17D6H     0026H     INBLOCK      ?PR?SELFLEARN_RESET?OPERATION
            CODE    17FCH     0004H     INBLOCK      ?PR?SEOS_GO_TO_SLEEP?TIMER
            CODE    1800H     0032H     INBLOCK      ?PR?_COMMODE_DATA?COMMUNICATION
            CODE    1832H     0031H     INBLOCK      ?PR?SLAVE_NEARBY_OPERATION?OPERATION
            CODE    1863H     0031H     INBLOCK      ?PR?DETECT_WHEEL_MOVING?OPERATION
            CODE    1894H     002FH     INBLOCK      ?PR?_MAGNET_CW?OTHER
            CODE    18C3H     002EH     INBLOCK      ?PR?_FLASH_WRITE_DATA?ISP_DATAFLASH
            CODE    18F1H     002BH     INBLOCK      ?PR?_SENDNBYTE?UART
            CODE    191CH     0023H     INBLOCK      ?PR?KEY_ROTATE_ON_SPEECH?VOICE
            CODE    193FH     0022H     INBLOCK      ?PR?ENSENSOR_AFTERIDCERT?OPERATION
            CODE    1961H     0022H     INBLOCK      ?PR?RESET_AFTER_STOLEN_ALARMING?OPERATION
            CODE    1983H     0022H     INBLOCK      ?PR?ACCUMULATOR_VOICE_PROMOT?VOICE
            CODE    19A5H     0021H     INBLOCK      ?PR?ENSENSOR_AFTER_SLAVE_AWAY?OPERATION
            CODE    19C6H     0020H     INBLOCK      ?PR?_DELAY_MS?DELAY
            CODE    19E6H     001FH     INBLOCK      ?PR?UART_SEND_DATA_MATCH_F?COMMUNICATION
            CODE    1A05H     001EH     INBLOCK      ?PR?ENSENSOR_AFTER_CLOSE?OPERATION
            CODE    1A23H     001EH     INBLOCK      ?PR?_FLASH_READ_DATA?ISP_DATAFLASH
            CODE    1A41H     001AH     INBLOCK      ?PR?DELAY_1MS?DELAY
            CODE    1A5BH     001AH     INBLOCK      ?PR?DELAY_5MS?DELAY
            CODE    1A75H     001AH     INBLOCK      ?PR?DELAY_10MS?DELAY
            CODE    1A8FH     001AH     INBLOCK      ?PR?DELAY_12MS?DELAY
            CODE    1AA9H     001AH     INBLOCK      ?PR?DELAY_50MS?DELAY
            CODE    1AC3H     001AH     INBLOCK      ?PR?DELAY_100MS?DELAY
            CODE    1ADDH     001AH     INBLOCK      ?PR?DELAY_500MS?DELAY
            CODE    1AF7H     001AH     INBLOCK      ?PR?TRIGGER_ISP?ISP_DATAFLASH
            CODE    1B11H     0019H     INBLOCK      ?PR?_DELAY_US?DELAY
            CODE    1B2AH     0019H     INBLOCK      ?PR?INITVOICE?VOICE
            CODE    1B43H     0017H     INBLOCK      ?PR?UART_SEND_DATA_MATCH?COMMUNICATION
            CODE    1B5AH     0017H     INBLOCK      ?PR?_DELAY?DELAY
            CODE    1B71H     0016H     INBLOCK      ?PR?FELL_ALARM_TO_SLAVE?OPERATION
            CODE    1B87H     0016H     INBLOCK      ?PR?RAISE_ALARM_TO_SLAVE?OPERATION
            CODE    1B9DH     0016H     INBLOCK      ?PR?BATSTOLEN_ALARM_TO_SLAVE?OPERATION
            CODE    1BB3H     0015H     INBLOCK      ?PR?_FLASH_PAGE_ERASE?ISP_DATAFLASH
            CODE    1BC8H     0014H     INBLOCK      ?PR?DISABLE_ISP?ISP_DATAFLASH
            CODE    1BDCH     0013H     INBLOCK      ?PR?STOLEN_ALARM_SPEECH2?VOICE
            CODE    1BEFH     0013H     INBLOCK      ?PR?OPEN_LOCK_SPEECH?VOICE
BL51 BANKED LINKER/LOCATER V6.22                                                      07/07/2017  21:16:16  PAGE 4


            CODE    1C02H     0013H     INBLOCK      ?PR?ENABLE_ISP?ISP_DATAFLASH
            CODE    1C15H     0010H     INBLOCK      ?PR?RESET_AFTER_WIREBROKEN?OPERATION
            CODE    1C25H     000FH     INBLOCK      ?PR?HSCH_MANUAL_TIMER0_RELOAD?TIMER
            CODE    1C34H     000FH     INBLOCK      ?PR?MOTORBAT_LOW_SPEECH?VOICE
            CODE    1C43H     000FH     INBLOCK      ?PR?ID_SPEECH?VOICE
            CODE    1C52H     000FH     INBLOCK      ?PR?HOST_TOUCH_SPEECH?VOICE
            CODE    1C61H     000FH     INBLOCK      ?PR?CLOSE_LOCK_SPEECH?VOICE
            CODE    1C70H     000FH     INBLOCK      ?PR?CLOSE_LOCK_DINGDONG_SPEECH?VOICE
            CODE    1C7FH     000FH     INBLOCK      ?PR?BATTERY_STOLEN_SPEECH?VOICE
            CODE    1C8EH     000FH     INBLOCK      ?PR?CUTTING_WIRE_VOICE?VOICE
            CODE    1C9DH     000FH     INBLOCK      ?PR?PRODUCT_TEST_VOICE?VOICE
            CODE    1CACH     000FH     INBLOCK      ?PR?BATTERY_LOW_ALARM_SPEECH?VOICE
            CODE    1CBBH     000FH     INBLOCK      ?PR?BATTERY_HIGH_ALARM_SPEECH?VOICE
            CODE    1CCAH     000FH     INBLOCK      ?PR?ALARM_STOLEN_SPEECH?VOICE
            CODE    1CD9H     000FH     INBLOCK      ?PR?ALARM_RAISED_SPEECH?VOICE
            CODE    1CE8H     000FH     INBLOCK      ?PR?ALARM_FELL_SPEECH?VOICE
            CODE    1CF7H     000FH     INBLOCK      ?PR?HOST_BATTERY_HIGH_ALARM_SPEECH?VOICE
            CODE    1D06H     000FH     INBLOCK      ?PR?BATTERY_STOLEN_SPEECH_F3?VOICE
            CODE    1D15H     000FH     INBLOCK      ?PR?WIRE_BROKEN_SPEECH?VOICE
            CODE    1D24H     000FH     INBLOCK      ?PR?LOCK_ROTATED_ON_SPEECH?VOICE
            CODE    1D33H     000FH     INBLOCK      ?PR?LOCK_ROTATED_OFF_SPEECH?VOICE
            CODE    1D42H     000DH     INBLOCK      ?PR?CHECK_MOTOR_ACCUMULATOR?BATTERY
            CODE    1D4FH     000CH     INBLOCK      ?PR?OPEN_TRANCEIVER_F?COMMUNICATION
            CODE    1D5BH     000CH     INBLOCK      ?PR?HOST_STOLEN_ACTION?OPERATION
            CODE    1D67H     000CH     INBLOCK      ?PR?_MAGNET_ACW?OTHER
            CODE    1D73H     000CH     INBLOCK      ?PR?_MAGNET_ACW_TAILI?OTHER
            CODE    1D7FH     000CH     INBLOCK      ?PR?ENABLE_SENSOR?OTHER
            CODE    1D8BH     000BH     INBLOCK      ?PR?INITSENSOR?OPERATION
            CODE    1D96H     000BH     INBLOCK      ?PR?BATTERY_HINT?VOICE
            CODE    1DA1H     000BH     INBLOCK      ?PR?HOST_2NDTOUCH_SPEECH?VOICE
            CODE    1DACH     000BH     INBLOCK      ?PR?STOLEN_ALARM_SPEECH1?VOICE
            CODE    1DB7H     0009H     INBLOCK      ?PR?CLOSE_TRANCEIVER_F?COMMUNICATION
            CODE    1DC0H     0009H     INBLOCK      ?PR?DISABLE_SENSOR_AFTER_IDCERT?OPERATION
            CODE    1DC9H     0009H     INBLOCK      ?PR?ENTER_NOGUARD_VOICE?VOICE
            CODE    1DD2H     0008H     INBLOCK      ?PR?_SENDDATA?UART
            CODE    1DDAH     0007H     INBLOCK      ?PR?INITTRANSCEIVER?COMMUNICATION
            CODE    1DE1H     0005H     INBLOCK      ?PR?OPEN_TRANCEIVER?COMMUNICATION
            CODE    1DE6H     0004H     INBLOCK      ?PR?HSCH_GO_TO_SLEEP?SCHEDULAR
            CODE    1DEAH     0003H     INBLOCK      ?PR?CLOSE_TRANCEIVER?COMMUNICATION
            CODE    1DEDH     0003H     INBLOCK      ?PR?HSCH_START?TIMER
            CODE    1DF0H     0003H     INBLOCK      ?PR?IDCERTED_SPEECH?VOICE
            CODE    1DF3H     0003H     INBLOCK      ?PR?INITELECMOTOR?ELECMOTOR
                    1DF6H     120AH                  *** GAP ***
            CODE    3000H     0001H     ABSOLUTE     
            CODE    3001H     0001H     ABSOLUTE     
            CODE    3002H     0001H     ABSOLUTE     
            CODE    3003H     0001H     ABSOLUTE     
            CODE    3004H     0001H     ABSOLUTE     
            CODE    3005H     0001H     ABSOLUTE     



OVERLAY MAP OF MODULE:   DDC-Z (AD)


SEGMENT                                             BIT_GROUP          PDATA_GROUP
  +--> CALLED SEGMENT                            START    LENGTH     START    LENGTH
BL51 BANKED LINKER/LOCATER V6.22                                                      07/07/2017  21:16:16  PAGE 5


------------------------------------------------------------------------------------
?PR?TIMER0?MAIN                                  -----    -----      -----    -----
  +--> ?PR?ID_SPEECH?VOICE
  +--> ?PR?CHECK_MOTOR_ACCUMULATOR?BATTERY
  +--> ?PR?ACCUMULATOR_VOICE_PROMOT?VOICE
  +--> ?PR?ENSENSOR_AFTERIDCERT?OPERATION
  +--> ?PR?ENSENSOR_AFTER_CLOSE?OPERATION
  +--> ?PR?HOST_STOLEN_ACTION?OPERATION
  +--> ?PR?RESET_AFTER_WIREBROKEN?OPERATION
  +--> ?PR?RESET_AFTER_STOLEN_ALARMING?OPERA...
  +--> ?PR?SELFLEARN_RESET?OPERATION
  +--> ?PR?ENTER_NOGUARD_VOICE?VOICE
  +--> ?PR?DETECT_SELFLEARN_ACTION?OPERATION
  +--> ?PR?DETECT_VIBRATION?OPERATION
  +--> ?PR?DETECT_WHEEL_MOVING?OPERATION
  +--> ?PR?DISABLE_SENSOR_AFTER_IDCERT?OPERA...
  +--> ?PR?DETECT_OPEN_ACTION?OPERATION
  +--> ?PR?DETECT_CLOSE_ACTION?OPERATION
  +--> ?PR?BATTERY_HINT?VOICE
  +--> ?PR?DELAY_500MS?DELAY
  +--> ?PR?HOST_TOUCH_SPEECH?VOICE
  +--> ?PR?HOST_2NDTOUCH_SPEECH?VOICE

?PR?ID_SPEECH?VOICE                              -----    -----      -----    -----
  +--> ?PR?_SC_SPEECH?VOICE
  +--> ?PR?_DELAY?DELAY

?PR?_SC_SPEECH?VOICE                             -----    -----      0096H    0002H
  +--> ?PR?DELAY_50MS?DELAY
  +--> ?PR?_DELAY_US?DELAY

?PR?CHECK_MOTOR_ACCUMULATOR?BATTERY              -----    -----      -----    -----
  +--> ?PR?_GETADCRESULT?AD

?PR?ACCUMULATOR_VOICE_PROMOT?VOICE               -----    -----      -----    -----
  +--> ?PR?BROADCAST_BATTERY?BATTERY

?PR?BROADCAST_BATTERY?BATTERY                    -----    -----      -----    -----
  +--> ?PR?_VERIFYBATTERY?BATTERY

?PR?_VERIFYBATTERY?BATTERY                       -----    -----      0090H    0002H
  +--> ?PR?_SC_SPEECH?VOICE
  +--> ?PR?_DELAY?DELAY
  +--> ?PR?DELAY_50MS?DELAY

?PR?ENSENSOR_AFTERIDCERT?OPERATION               -----    -----      -----    -----
  +--> ?PR?ENABLE_SENSOR?OTHER

?PR?ENSENSOR_AFTER_CLOSE?OPERATION               -----    -----      -----    -----
  +--> ?PR?ENABLE_SENSOR?OTHER

?PR?HOST_STOLEN_ACTION?OPERATION                 -----    -----      -----    -----
  +--> ?PR?STOLEN_ALARM_SPEECH1?VOICE
  +--> ?PR?STOLEN_ALARM_SPEECH2?VOICE

?PR?STOLEN_ALARM_SPEECH1?VOICE                   -----    -----      -----    -----
  +--> ?PR?_SC_SPEECH?VOICE
BL51 BANKED LINKER/LOCATER V6.22                                                      07/07/2017  21:16:16  PAGE 6


  +--> ?PR?_DELAY?DELAY

?PR?STOLEN_ALARM_SPEECH2?VOICE                   -----    -----      -----    -----
  +--> ?PR?_SC_SPEECH?VOICE
  +--> ?PR?_DELAY?DELAY

?PR?RESET_AFTER_STOLEN_ALARMING?OPERA...         -----    -----      -----    -----
  +--> ?PR?CLOSE_TRANCEIVER?COMMUNICATION

?PR?ENTER_NOGUARD_VOICE?VOICE                    -----    -----      -----    -----
  +--> ?PR?SELF_LEARN_SPEECH?VOICE

?PR?SELF_LEARN_SPEECH?VOICE                      -----    -----      -----    -----
  +--> ?PR?_SC_SPEECH?VOICE
  +--> ?PR?_DELAY?DELAY

?PR?DETECT_SELFLEARN_ACTION?OPERATION            -----    -----      -----    -----
  +--> ?PR?SELF_LEARN_SPEECH?VOICE
  +--> ?PR?SELF_LEARN_PROGRAMMING?ISP_DATAFLASH

?PR?SELF_LEARN_PROGRAMMING?ISP_DATAFLASH         -----    -----      -----    -----
  +--> ?PR?_FLASH_PAGE_ERASE?ISP_DATAFLASH
  +--> ?PR?_FLASH_WRITE_DATA?ISP_DATAFLASH

?PR?_FLASH_PAGE_ERASE?ISP_DATAFLASH              -----    -----      0090H    0002H
  +--> ?PR?ENABLE_ISP?ISP_DATAFLASH
  +--> ?PR?TRIGGER_ISP?ISP_DATAFLASH
  +--> ?PR?DISABLE_ISP?ISP_DATAFLASH

?PR?ENABLE_ISP?ISP_DATAFLASH                     -----    -----      -----    -----
  +--> ?PR?TRIGGER_ISP?ISP_DATAFLASH

?PR?DISABLE_ISP?ISP_DATAFLASH                    -----    -----      -----    -----
  +--> ?PR?TRIGGER_ISP?ISP_DATAFLASH

?PR?_FLASH_WRITE_DATA?ISP_DATAFLASH              -----    -----      0090H    0003H
  +--> ?PR?ENABLE_ISP?ISP_DATAFLASH
  +--> ?PR?TRIGGER_ISP?ISP_DATAFLASH
  +--> ?PR?DISABLE_ISP?ISP_DATAFLASH

?PR?DISABLE_SENSOR_AFTER_IDCERT?OPERA...         -----    -----      -----    -----
  +--> ?PR?DISABLE_SENSOR?OTHER

?PR?DETECT_OPEN_ACTION?OPERATION                 -----    -----      -----    -----
  +--> ?PR?DISABLE_SENSOR?OTHER
  +--> ?PR?ELECMOTOR_CW?ELECMOTOR
  +--> ?PR?SLAVE_NEARBY_OPERATION?OPERATION

?PR?ELECMOTOR_CW?ELECMOTOR                       -----    -----      0090H    0001H
  +--> ?PR?ELECMOTOR_CODE?ELECMOTOR
  +--> ?PR?ELECMOTOR_DELAY_CW?ELECMOTOR
  +--> ?PR?DELAY_100MS?DELAY
  +--> ?PR?DELAY_500MS?DELAY

?PR?ELECMOTOR_CODE?ELECMOTOR                     -----    -----      0091H    0002H
  +--> ?PR?DELAY_12MS?DELAY
  +--> ?PR?DELAY_5MS?DELAY
BL51 BANKED LINKER/LOCATER V6.22                                                      07/07/2017  21:16:16  PAGE 7



?PR?ELECMOTOR_DELAY_CW?ELECMOTOR                 -----    -----      0091H    0002H
  +--> ?PR?DELAY_100MS?DELAY
  +--> ?PR?DELAY_10MS?DELAY
  +--> ?PR?DELAY_500MS?DELAY

?PR?SLAVE_NEARBY_OPERATION?OPERATION             -----    -----      -----    -----
  +--> ?PR?DELAY_500MS?DELAY
  +--> ?PR?ID_SPEECH?VOICE
  +--> ?PR?KEY_ROTATE_ON_SPEECH?VOICE
  +--> ?PR?OPEN_LOCK_SPEECH?VOICE
  +--> ?PR?BROADCAST_BATTERY?BATTERY

?PR?KEY_ROTATE_ON_SPEECH?VOICE                   -----    -----      -----    -----
  +--> ?PR?_SC_SPEECH?VOICE
  +--> ?PR?_DELAY?DELAY

?PR?OPEN_LOCK_SPEECH?VOICE                       -----    -----      -----    -----
  +--> ?PR?_SC_SPEECH?VOICE
  +--> ?PR?_DELAY?DELAY

?PR?DETECT_CLOSE_ACTION?OPERATION                -----    -----      -----    -----
  +--> ?PR?ELECMOTOR_ACW?ELECMOTOR
  +--> ?PR?SLAVE_AWAY_OPERATION?OPERATION

?PR?ELECMOTOR_ACW?ELECMOTOR                      -----    -----      0090H    0001H
  +--> ?PR?ELECMOTOR_CODE?ELECMOTOR
  +--> ?PR?DELAY_100MS?DELAY
  +--> ?PR?ELECMOTOR_DELAY_ACW?ELECMOTOR
  +--> ?PR?DELAY_500MS?DELAY

?PR?ELECMOTOR_DELAY_ACW?ELECMOTOR                -----    -----      0091H    0002H
  +--> ?PR?DELAY_100MS?DELAY
  +--> ?PR?DELAY_10MS?DELAY
  +--> ?PR?DELAY_500MS?DELAY

?PR?SLAVE_AWAY_OPERATION?OPERATION               -----    -----      -----    -----
  +--> ?PR?CLOSE_LOCK_DINGDONG_SPEECH?VOICE
  +--> ?PR?ID_SPEECH?VOICE
  +--> ?PR?CLOSE_LOCK_SPEECH?VOICE
  +--> ?PR?BROADCAST_BATTERY?BATTERY
  +--> ?PR?_DELAY?DELAY

?PR?CLOSE_LOCK_DINGDONG_SPEECH?VOICE             -----    -----      -----    -----
  +--> ?PR?_SC_SPEECH?VOICE
  +--> ?PR?_DELAY?DELAY

?PR?CLOSE_LOCK_SPEECH?VOICE                      -----    -----      -----    -----
  +--> ?PR?_SC_SPEECH?VOICE
  +--> ?PR?_DELAY?DELAY

?PR?BATTERY_HINT?VOICE                           -----    -----      -----    -----
  +--> ?PR?_SC_SPEECH?VOICE
  +--> ?PR?_DELAY?DELAY

?PR?HOST_TOUCH_SPEECH?VOICE                      -----    -----      -----    -----
  +--> ?PR?_SC_SPEECH?VOICE
BL51 BANKED LINKER/LOCATER V6.22                                                      07/07/2017  21:16:16  PAGE 8


  +--> ?PR?_DELAY?DELAY

?PR?HOST_2NDTOUCH_SPEECH?VOICE                   -----    -----      -----    -----
  +--> ?PR?_SC_SPEECH?VOICE
  +--> ?PR?_DELAY?DELAY

*** NEW ROOT ***************************************************

?PR?UART_ISR?MAIN                                -----    -----      -----    -----
  +--> ?PR?IDCERTED_SPEECH?VOICE

?PR?IDCERTED_SPEECH?VOICE                        -----    -----      -----    -----
  +--> ?PR?ID_SPEECH?VOICE

*** NEW ROOT ***************************************************

?C_C51STARTUP                                    -----    -----      -----    -----
  +--> ?PR?MAIN?MAIN
  +--> ?C_INITSEG

?PR?MAIN?MAIN                                    -----    -----      -----    -----
  +--> ?PR?INITVOICE?VOICE
  +--> ?PR?ID_SPEECH?VOICE
  +--> ?PR?_INITUART?UART
  +--> ?PR?INITSENSOR?OPERATION
  +--> ?PR?INITTRANSCEIVER?COMMUNICATION
  +--> ?PR?_GETADCRESULT?AD

?PR?INITVOICE?VOICE                              -----    -----      -----    -----
  +--> ?PR?_DELAY_US?DELAY

?PR?_INITUART?UART                               -----    -----      -----    -----
  +--> ?PR?_INITT0?TIMER

?PR?_INITT0?TIMER                                -----    -----      0096H    0002H
  +--> ?PR?_HSCH_DELETE_TASK?SCHEDULAR
  +--> ?PR?HSCH_MANUAL_TIMER0_RELOAD?TIMER

?PR?_HSCH_DELETE_TASK?SCHEDULAR                  0025H.7  0000H.1    -----    -----



SYMBOL TABLE OF MODULE:  DDC-Z (AD)

  VALUE           TYPE          NAME
  ----------------------------------

  -------         MODULE        AD
  C:0000H         SYMBOL        _ICE_DUMMY_
  D:0080H         PUBLIC        P0
  D:0090H         PUBLIC        P1
  D:00A0H         PUBLIC        P2
  D:00B0H         PUBLIC        P3
  D:00A8H         PUBLIC        IE
  D:00E2H         PUBLIC        ADCH
  B:00F8H.4       PUBLIC        ADCI
  D:00B8H         PUBLIC        IP
BL51 BANKED LINKER/LOCATER V6.22                                                      07/07/2017  21:16:16  PAGE 9


  B:00F8H.3       PUBLIC        ADCS
  D:00F6H         PUBLIC        P0DIDS
  D:00D8H         PUBLIC        WDCON0
  D:0098H         PUBLIC        SCON
  D:0088H         PUBLIC        TCON
  B:00F8H.0       PUBLIC        AADR0
  B:00F8H.1       PUBLIC        AADR1
  B:00F8H.2       PUBLIC        AADR2
  D:00E8H         PUBLIC        EIE
  D:00F8H         PUBLIC        ADCCON0
  D:00E1H         PUBLIC        ADCCON1
  D:00C0H         PUBLIC        I2CON
  D:00C8H         PUBLIC        T2CON
  C:0B72H         PUBLIC        _GetADCResult
  D:00D0H         PUBLIC        PSW
  -------         PROC          _GETADCRESULT
  D:0007H         SYMBOL        ch
  -------         DO            
  D:0005H         SYMBOL        DataL
  D:0002H         SYMBOL        DataH
  -------         ENDDO         
  C:0B72H         LINE#         17
  C:0B72H         LINE#         18
  C:0B72H         LINE#         19
  C:0B73H         LINE#         20
  C:0B74H         LINE#         22
  C:0B79H         LINE#         23
  C:0B79H         LINE#         25
  C:0B7CH         LINE#         27
  C:0B7EH         LINE#         28
  C:0B80H         LINE#         29
  C:0B82H         LINE#         31
  C:0B85H         LINE#         33
  C:0B87H         LINE#         34
  C:0B89H         LINE#         36
  C:0B8BH         LINE#         37
  C:0B92H         LINE#         39
  C:0B96H         LINE#         40
  C:0BA8H         LINE#         42
  C:0BACH         LINE#         43
  C:0BACH         LINE#         45
  C:0BB1H         LINE#         46
  C:0BB1H         LINE#         48
  C:0BB4H         LINE#         51
  C:0BB6H         LINE#         52
  C:0BB8H         LINE#         53
  C:0BBAH         LINE#         55
  C:0BBDH         LINE#         57
  C:0BBFH         LINE#         58
  C:0BC1H         LINE#         60
  C:0BC3H         LINE#         61
  C:0BCAH         LINE#         63
  C:0BD0H         LINE#         64
  C:0BE2H         LINE#         66
  C:0BE6H         LINE#         67
  C:0BE6H         LINE#         69
  C:0BE9H         LINE#         70
BL51 BANKED LINKER/LOCATER V6.22                                                      07/07/2017  21:16:16  PAGE 10


  -------         ENDPROC       _GETADCRESULT
  -------         ENDMOD        AD

  -------         MODULE        BATTERY
  C:0000H         SYMBOL        _ICE_DUMMY_
  C:1D42H         PUBLIC        Check_motor_accumulator
  D:0080H         PUBLIC        P0
  D:0090H         PUBLIC        P1
  D:00A0H         PUBLIC        P2
  D:00B0H         PUBLIC        P3
  X:0000H         PUBLIC        Check2_stage
  B:0090H.4       PUBLIC        voice_EN
  D:00A8H         PUBLIC        IE
  D:00B8H         PUBLIC        IP
  C:0026H         PUBLIC        _verifybattery
  D:00D8H         PUBLIC        WDCON0
  D:0098H         PUBLIC        SCON
  D:0088H         PUBLIC        TCON
  D:00E8H         PUBLIC        EIE
  D:00F8H         PUBLIC        ADCCON0
  X:0001H         PUBLIC        Battery_level
  D:00C0H         PUBLIC        I2CON
  D:00C8H         PUBLIC        T2CON
  B:00A0H.0       PUBLIC        SC_RST
  C:131CH         PUBLIC        Broadcast_battery
  D:00D0H         PUBLIC        PSW
  -------         PROC          CHECK_MOTOR_ACCUMULATOR
  C:1D42H         LINE#         26
  C:1D42H         LINE#         27
  C:1D42H         LINE#         29
  C:1D4EH         LINE#         30
  -------         ENDPROC       CHECK_MOTOR_ACCUMULATOR
  -------         PROC          BROADCAST_BATTERY
  C:131CH         LINE#         37
  C:131CH         LINE#         38
  C:131CH         LINE#         40
  C:131FH         LINE#         41
  C:131FH         LINE#         42
  C:133CH         LINE#         43
  C:133CH         LINE#         44
  C:133CH         LINE#         45
  C:133CH         LINE#         46
  C:133EH         LINE#         48
  C:133EH         LINE#         49
  C:135BH         LINE#         50
  C:135BH         LINE#         51
  C:1362H         LINE#         52
  C:1362H         LINE#         53
  C:1362H         LINE#         55
  -------         ENDPROC       BROADCAST_BATTERY
  -------         PROC          _VERIFYBATTERY
  X:0090H         SYMBOL        Check2
  C:0026H         LINE#         62
  C:002DH         LINE#         63
  C:002DH         LINE#         69
  C:0032H         LINE#         70
  C:0032H         LINE#         72
BL51 BANKED LINKER/LOCATER V6.22                                                      07/07/2017  21:16:16  PAGE 11


  C:003CH         LINE#         73
  C:003CH         LINE#         74
  C:003CH         LINE#         75
  C:003CH         LINE#         76
  C:003CH         LINE#         77
  C:003EH         LINE#         79
  C:003EH         LINE#         80
  C:0040H         LINE#         81
  C:0045H         LINE#         82
  C:004AH         LINE#         84
  C:0061H         LINE#         85
  C:0061H         LINE#         86
  C:0061H         LINE#         87
  C:0061H         LINE#         88
  C:0061H         LINE#         89
  C:0061H         LINE#         90
  C:0063H         LINE#         91
  C:007AH         LINE#         92
  C:007AH         LINE#         93
  C:007CH         LINE#         94
  C:007CH         LINE#         95
  C:007CH         LINE#         96
  C:007CH         LINE#         97
  C:007EH         LINE#         98
  C:0095H         LINE#         99
  C:0095H         LINE#         100
  C:009AH         LINE#         101
  C:009FH         LINE#         102
  C:00A4H         LINE#         103
  C:00A9H         LINE#         104
  C:00ABH         LINE#         105
  C:00ABH         LINE#         106
  C:00ADH         LINE#         107
  C:00C4H         LINE#         108
  C:00C4H         LINE#         109
  C:00C9H         LINE#         110
  C:00CEH         LINE#         111
  C:00D3H         LINE#         112
  C:00D8H         LINE#         113
  C:00DAH         LINE#         114
  C:00DAH         LINE#         115
  C:00DCH         LINE#         116
  C:00F3H         LINE#         117
  C:00F3H         LINE#         118
  C:00F8H         LINE#         119
  C:00FDH         LINE#         120
  C:0102H         LINE#         121
  C:0107H         LINE#         122
  C:0109H         LINE#         123
  C:0109H         LINE#         124
  C:010BH         LINE#         125
  C:0122H         LINE#         126
  C:0122H         LINE#         127
  C:0127H         LINE#         128
  C:012CH         LINE#         129
  C:0131H         LINE#         130
  C:0136H         LINE#         131
BL51 BANKED LINKER/LOCATER V6.22                                                      07/07/2017  21:16:16  PAGE 12


  C:0138H         LINE#         132
  C:0138H         LINE#         133
  C:013AH         LINE#         134
  C:0151H         LINE#         135
  C:0151H         LINE#         136
  C:0156H         LINE#         137
  C:015BH         LINE#         138
  C:0160H         LINE#         139
  C:0165H         LINE#         140
  C:0165H         LINE#         142
  C:0165H         LINE#         143
  C:0165H         LINE#         144
  C:0165H         LINE#         145
  C:0165H         LINE#         146
  C:0165H         LINE#         147
  C:0165H         LINE#         148
  C:0165H         LINE#         149
  C:0165H         LINE#         150
  C:0167H         LINE#         152
  C:0167H         LINE#         154
  C:0173H         LINE#         155
  C:0173H         LINE#         156
  C:0175H         LINE#         157
  C:017AH         LINE#         158
  C:017FH         LINE#         159
  C:017FH         LINE#         161
  C:017FH         LINE#         163
  C:0181H         LINE#         164
  C:0186H         LINE#         165
  C:018BH         LINE#         167
  C:01A2H         LINE#         168
  C:01A2H         LINE#         169
  C:01A2H         LINE#         170
  C:01A2H         LINE#         171
  C:01A4H         LINE#         172
  C:01BBH         LINE#         173
  C:01BBH         LINE#         174
  C:01BBH         LINE#         175
  C:01BBH         LINE#         176
  C:01BBH         LINE#         177
  C:01BBH         LINE#         178
  C:01BDH         LINE#         179
  C:01D4H         LINE#         180
  C:01D4H         LINE#         181
  C:01D9H         LINE#         182
  C:01DEH         LINE#         183
  C:01DEH         LINE#         184
  C:01DEH         LINE#         185
  C:01E0H         LINE#         186
  C:01F7H         LINE#         187
  C:01F7H         LINE#         188
  C:01F9H         LINE#         189
  C:01F9H         LINE#         190
  C:01F9H         LINE#         191
  C:01F9H         LINE#         192
  C:01F9H         LINE#         193
  C:01F9H         LINE#         194
BL51 BANKED LINKER/LOCATER V6.22                                                      07/07/2017  21:16:16  PAGE 13


  C:01FBH         LINE#         195
  C:0212H         LINE#         196
  C:0212H         LINE#         197
  C:0217H         LINE#         198
  C:021CH         LINE#         199
  C:0221H         LINE#         200
  C:0226H         LINE#         201
  C:0228H         LINE#         202
  C:0228H         LINE#         203
  C:022AH         LINE#         204
  C:0241H         LINE#         205
  C:0241H         LINE#         206
  C:0246H         LINE#         207
  C:024BH         LINE#         208
  C:0250H         LINE#         209
  C:0255H         LINE#         210
  C:0257H         LINE#         211
  C:0257H         LINE#         212
  C:0259H         LINE#         213
  C:0270H         LINE#         214
  C:0270H         LINE#         215
  C:0275H         LINE#         216
  C:027AH         LINE#         217
  C:027FH         LINE#         218
  C:0284H         LINE#         219
  C:0286H         LINE#         220
  C:0286H         LINE#         221
  C:0288H         LINE#         222
  C:029FH         LINE#         223
  C:029FH         LINE#         224
  C:02A4H         LINE#         225
  C:02A9H         LINE#         226
  C:02AEH         LINE#         227
  C:02B3H         LINE#         228
  C:02B5H         LINE#         229
  C:02B5H         LINE#         230
  C:02B7H         LINE#         231
  C:02CEH         LINE#         232
  C:02CEH         LINE#         233
  C:02D3H         LINE#         234
  C:02D8H         LINE#         235
  C:02DDH         LINE#         236
  C:02E2H         LINE#         237
  C:02E4H         LINE#         238
  C:02E4H         LINE#         239
  C:02E6H         LINE#         240
  C:02F2H         LINE#         241
  C:02F2H         LINE#         242
  C:02F7H         LINE#         243
  C:02FCH         LINE#         244
  C:0301H         LINE#         245
  C:0306H         LINE#         246
  C:0306H         LINE#         247
  C:030BH         LINE#         248
  C:0310H         LINE#         249
  C:0312H         LINE#         250
  C:0314H         LINE#         251
BL51 BANKED LINKER/LOCATER V6.22                                                      07/07/2017  21:16:16  PAGE 14


  C:0317H         LINE#         252
  C:0319H         LINE#         253
  C:031CH         LINE#         254
  C:031CH         LINE#         255
  C:031CH         LINE#         256
  -------         ENDPROC       _VERIFYBATTERY
  -------         ENDMOD        BATTERY

  -------         MODULE        COMMUNICATION
  C:0000H         SYMBOL        _ICE_DUMMY_
  C:0E99H         PUBLIC        receive_byte
  D:0080H         PUBLIC        P0
  D:0090H         PUBLIC        P1
  B:00B0H.0       PUBLIC        receive_wire
  D:00A0H         PUBLIC        P2
  D:00B0H         PUBLIC        P3
  C:1800H         PUBLIC        _ComMode_Data
  C:111BH         PUBLIC        _UART_Send_Data
  C:1601H         PUBLIC        receive_word
  D:00A8H         PUBLIC        IE
  C:17A2H         PUBLIC        _ComMode_Data_WX
  D:00B8H         PUBLIC        IP
  C:19E6H         PUBLIC        UART_Send_Data_match_F
  C:1DDAH         PUBLIC        InitTransceiver
  C:1534H         PUBLIC        _UART_Send_Data_F
  D:00D8H         PUBLIC        WDCON0
  B:0090H.0       PUBLIC        P10
  B:0090H.1       PUBLIC        P11
  C:1DEAH         PUBLIC        close_tranceiver
  D:0098H         PUBLIC        SCON
  D:0088H         PUBLIC        TCON
  C:0C8BH         PUBLIC        initsignal
  B:00A0H.7       PUBLIC        transmiter_EN
  B:0090H.3       PUBLIC        receiver_EN
  C:1DE1H         PUBLIC        open_tranceiver
  D:00E8H         PUBLIC        EIE
  B:00A0H.3       PUBLIC        MagentControl_2
  C:1DB7H         PUBLIC        close_tranceiver_F
  D:00F8H         PUBLIC        ADCCON0
  D:00C0H         PUBLIC        I2CON
  C:13BCH         PUBLIC        _UART_Send_Data_F2
  C:14ECH         PUBLIC        initsignal_F
  C:1681H         PUBLIC        _UART_Send_Data_F3
  D:00C8H         PUBLIC        T2CON
  C:1000H         PUBLIC        _Send_Data
  C:0F03H         PUBLIC        receive_byte_Lock
  B:0090H.0       PUBLIC        TXD
  C:1D4FH         PUBLIC        open_tranceiver_F
  C:1B43H         PUBLIC        UART_Send_Data_match
  C:0CD3H         PUBLIC        _send_code_to_lock
  D:00D0H         PUBLIC        PSW
  X:001CH         PUBLIC        myTxRxData
  -------         PROC          INITTRANSCEIVER
  C:1DDAH         LINE#         46
  C:1DDAH         LINE#         47
  C:1DDAH         LINE#         48
  C:1DDCH         LINE#         49
BL51 BANKED LINKER/LOCATER V6.22                                                      07/07/2017  21:16:16  PAGE 15


  C:1DDEH         LINE#         50
  C:1DE0H         LINE#         52
  -------         ENDPROC       INITTRANSCEIVER
  -------         PROC          L?0088
  -------         ENDPROC       L?0088
  -------         PROC          INITSIGNAL
  -------         DO            
  X:0002H         SYMBOL        k
  X:0003H         SYMBOL        k1
  X:0004H         SYMBOL        mystartbuffer
  -------         ENDDO         
  C:0C8BH         LINE#         60
  C:0C8BH         LINE#         61
  C:0C8BH         LINE#         63
  C:0C90H         LINE#         64
  C:0C93H         LINE#         65
  C:0C93H         LINE#         66
  C:0C97H         LINE#         67
  C:0C97H         LINE#         68
  C:0C9AH         LINE#         69
  C:0C9AH         LINE#         70
  C:0C9AH         LINE#         71
  C:0C9AH         LINE#         73
  C:0C9AH         LINE#         75
  C:0C9AH         LINE#         76
  C:0C9CH         LINE#         77
  C:0CA5H         LINE#         79
  C:0CA5H         LINE#         80
  C:0CA7H         LINE#         81
  C:0CADH         LINE#         82
  C:0CB6H         LINE#         84
  C:0CC1H         LINE#         85
  C:0CC6H         LINE#         88
  C:0CD0H         LINE#         89
  C:0CD2H         LINE#         90
  -------         ENDPROC       INITSIGNAL
  -------         PROC          INITSIGNAL_F
  -------         DO            
  X:0005H         SYMBOL        k
  X:0006H         SYMBOL        k1
  X:0007H         SYMBOL        mystartbuffer
  -------         ENDDO         
  C:14ECH         LINE#         92
  C:14ECH         LINE#         93
  C:14ECH         LINE#         95
  C:14F1H         LINE#         96
  C:14F4H         LINE#         97
  C:14F4H         LINE#         99
  C:14F8H         LINE#         104
  C:14F8H         LINE#         105
  C:14FBH         LINE#         106
  C:14FBH         LINE#         107
  C:14FBH         LINE#         108
  C:14FBH         LINE#         110
  C:14FBH         LINE#         112
  C:14FBH         LINE#         113
  C:14FDH         LINE#         114
BL51 BANKED LINKER/LOCATER V6.22                                                      07/07/2017  21:16:16  PAGE 16


  C:1506H         LINE#         116
  C:1506H         LINE#         117
  C:1508H         LINE#         118
  C:150EH         LINE#         119
  C:1517H         LINE#         121
  C:1522H         LINE#         122
  C:1527H         LINE#         125
  C:1531H         LINE#         126
  C:1533H         LINE#         127
  -------         ENDPROC       INITSIGNAL_F
  -------         PROC          _SEND_DATA
  X:0008H         SYMBOL        x
  -------         DO            
  X:0009H         SYMBOL        i
  X:000AH         SYMBOL        n
  -------         ENDDO         
  C:1000H         LINE#         133
  C:1004H         LINE#         134
  C:1004H         LINE#         136
  C:1007H         LINE#         137
  C:1007H         LINE#         138
  C:100BH         LINE#         139
  C:100BH         LINE#         140
  C:1015H         LINE#         141
  C:1015H         LINE#         142
  C:1017H         LINE#         143
  C:101FH         LINE#         144
  C:1021H         LINE#         146
  C:1021H         LINE#         147
  C:1023H         LINE#         148
  C:102EH         LINE#         149
  C:102EH         LINE#         150
  C:1030H         LINE#         151
  C:103EH         LINE#         152
  C:1049H         LINE#         153
  C:1054H         LINE#         154
  C:105FH         LINE#         155
  -------         ENDPROC       _SEND_DATA
  -------         PROC          _COMMODE_DATA
  X:000BH         SYMBOL        ComMode
  X:000CH         SYMBOL        x
  C:1800H         LINE#         163
  C:180AH         LINE#         164
  C:180AH         LINE#         165
  C:180CH         LINE#         166
  C:1811H         LINE#         167
  C:1813H         LINE#         168
  C:1818H         LINE#         169
  C:181CH         LINE#         170
  C:1822H         LINE#         172
  C:1825H         LINE#         173
  C:182DH         LINE#         175
  C:182FH         LINE#         176
  C:1831H         LINE#         177
  -------         ENDPROC       _COMMODE_DATA
  -------         PROC          _COMMODE_DATA_WX
  X:000EH         SYMBOL        ComMode
BL51 BANKED LINKER/LOCATER V6.22                                                      07/07/2017  21:16:16  PAGE 17


  X:000FH         SYMBOL        x
  C:17A2H         LINE#         185
  C:17ACH         LINE#         186
  C:17ACH         LINE#         187
  C:17AEH         LINE#         188
  C:17B3H         LINE#         189
  C:17B5H         LINE#         190
  C:17BAH         LINE#         191
  C:17BEH         LINE#         192
  C:17C4H         LINE#         194
  C:17C7H         LINE#         195
  C:17CFH         LINE#         197
  C:17D1H         LINE#         198
  C:17D3H         LINE#         199
  C:17D5H         LINE#         200
  -------         ENDPROC       _COMMODE_DATA_WX
  -------         PROC          _UART_SEND_DATA
  X:0011H         SYMBOL        command
  -------         DO            
  X:0012H         SYMBOL        ii
  -------         ENDDO         
  C:111BH         LINE#         205
  C:111FH         LINE#         206
  C:111FH         LINE#         207
  C:1122H         LINE#         208
  C:1125H         LINE#         209
  C:112DH         LINE#         210
  C:1134H         LINE#         211
  C:113BH         LINE#         212
  C:1142H         LINE#         213
  C:1149H         LINE#         214
  C:114FH         LINE#         216
  C:1152H         LINE#         218
  C:1156H         LINE#         219
  C:1156H         LINE#         220
  C:1161H         LINE#         221
  C:1164H         LINE#         222
  C:116FH         LINE#         224
  C:1172H         LINE#         225
  -------         ENDPROC       _UART_SEND_DATA
  -------         PROC          _UART_SEND_DATA_F
  X:0013H         SYMBOL        command
  -------         DO            
  X:0014H         SYMBOL        ii
  -------         ENDDO         
  C:1534H         LINE#         231
  C:1538H         LINE#         232
  C:1538H         LINE#         233
  C:153BH         LINE#         234
  C:153EH         LINE#         236
  C:1546H         LINE#         237
  C:154DH         LINE#         238
  C:1554H         LINE#         239
  C:155BH         LINE#         240
  C:1562H         LINE#         241
  C:1568H         LINE#         243
  C:156BH         LINE#         245
BL51 BANKED LINKER/LOCATER V6.22                                                      07/07/2017  21:16:16  PAGE 18


  C:1576H         LINE#         247
  C:1578H         LINE#         248
  -------         ENDPROC       _UART_SEND_DATA_F
  -------         PROC          _UART_SEND_DATA_F2
  X:0015H         SYMBOL        command
  -------         DO            
  X:0016H         SYMBOL        ii
  -------         ENDDO         
  C:13BCH         LINE#         255
  C:13C0H         LINE#         256
  C:13C0H         LINE#         257
  C:13C3H         LINE#         258
  C:13C6H         LINE#         259
  C:13CEH         LINE#         260
  C:13D5H         LINE#         261
  C:13DCH         LINE#         262
  C:13E3H         LINE#         263
  C:13EAH         LINE#         264
  C:13F0H         LINE#         266
  C:13F3H         LINE#         267
  C:13F6H         LINE#         268
  C:13F9H         LINE#         269
  C:1404H         LINE#         271
  C:1406H         LINE#         273
  -------         ENDPROC       _UART_SEND_DATA_F2
  -------         PROC          _UART_SEND_DATA_F3
  D:0007H         SYMBOL        command
  -------         DO            
  X:0017H         SYMBOL        ii
  -------         ENDDO         
  C:1681H         LINE#         279
  C:1681H         LINE#         280
  C:1681H         LINE#         281
  C:1685H         LINE#         282
  C:168CH         LINE#         283
  C:1693H         LINE#         284
  C:169AH         LINE#         285
  C:16A1H         LINE#         286
  C:16A8H         LINE#         287
  C:16ABH         LINE#         289
  C:16AEH         LINE#         290
  C:16B1H         LINE#         291
  C:16B4H         LINE#         292
  -------         ENDPROC       _UART_SEND_DATA_F3
  -------         PROC          OPEN_TRANCEIVER
  C:1DE1H         LINE#         299
  C:1DE1H         LINE#         300
  C:1DE1H         LINE#         305
  C:1DE3H         LINE#         306
  C:1DE5H         LINE#         307
  -------         ENDPROC       OPEN_TRANCEIVER
  -------         PROC          OPEN_TRANCEIVER_F
  C:1D4FH         LINE#         313
  C:1D4FH         LINE#         314
  C:1D4FH         LINE#         315
  C:1D56H         LINE#         317
  C:1D58H         LINE#         318
BL51 BANKED LINKER/LOCATER V6.22                                                      07/07/2017  21:16:16  PAGE 19


  C:1D5AH         LINE#         319
  -------         ENDPROC       OPEN_TRANCEIVER_F
  -------         PROC          CLOSE_TRANCEIVER
  C:1DEAH         LINE#         325
  C:1DEAH         LINE#         326
  C:1DEAH         LINE#         331
  C:1DECH         LINE#         336
  -------         ENDPROC       CLOSE_TRANCEIVER
  -------         PROC          CLOSE_TRANCEIVER_F
  C:1DB7H         LINE#         341
  C:1DB7H         LINE#         342
  C:1DB7H         LINE#         347
  C:1DB9H         LINE#         349
  -------         ENDPROC       CLOSE_TRANCEIVER_F
  -------         PROC          UART_SEND_DATA_MATCH
  C:1B43H         LINE#         356
  C:1B43H         LINE#         357
  C:1B43H         LINE#         358
  C:1B46H         LINE#         360
  C:1B46H         LINE#         361
  C:1B46H         LINE#         362
  C:1B46H         LINE#         363
  C:1B46H         LINE#         364
  C:1B46H         LINE#         365
  C:1B46H         LINE#         366
  C:1B46H         LINE#         368
  C:1B49H         LINE#         370
  C:1B54H         LINE#         371
  C:1B57H         LINE#         373
  -------         ENDPROC       UART_SEND_DATA_MATCH
  -------         PROC          UART_SEND_DATA_MATCH_F
  C:19E6H         LINE#         380
  C:19E6H         LINE#         381
  C:19E6H         LINE#         382
  C:19E8H         LINE#         383
  C:19EAH         LINE#         384
  C:19F1H         LINE#         386
  C:19F1H         LINE#         387
  C:19F1H         LINE#         388
  C:19F1H         LINE#         389
  C:19F1H         LINE#         390
  C:19F1H         LINE#         391
  C:19F1H         LINE#         392
  C:19F1H         LINE#         394
  C:19F4H         LINE#         396
  C:19FFH         LINE#         397
  C:1A02H         LINE#         399
  C:1A04H         LINE#         400
  -------         ENDPROC       UART_SEND_DATA_MATCH_F
  -------         PROC          RECEIVE_BYTE
  C:0E99H         LINE#         406
  C:0E99H         LINE#         407
  C:0E99H         LINE#         409
  C:0E9CH         LINE#         410
  C:0E9CH         LINE#         412
  C:0EA6H         LINE#         413
  C:0EA6H         LINE#         414
BL51 BANKED LINKER/LOCATER V6.22                                                      07/07/2017  21:16:16  PAGE 20


  C:0EA8H         LINE#         415
  C:0EA8H         LINE#         416
  C:0EAAH         LINE#         417
  C:0EABH         LINE#         420
  C:0EABH         LINE#         422
  C:0EAEH         LINE#         423
  C:0EAEH         LINE#         425
  C:0EB0H         LINE#         428
  C:0EBFH         LINE#         429
  C:0EBFH         LINE#         431
  C:0EC5H         LINE#         432
  C:0EC7H         LINE#         433
  C:0EC7H         LINE#         434
  C:0EC7H         LINE#         435
  C:0EC9H         LINE#         437
  C:0ED1H         LINE#         438
  C:0ED1H         LINE#         440
  C:0ED7H         LINE#         441
  C:0EDAH         LINE#         442
  C:0EDFH         LINE#         443
  C:0EE3H         LINE#         444
  C:0EE5H         LINE#         446
  C:0EE5H         LINE#         448
  C:0EEAH         LINE#         449
  C:0EEAH         LINE#         451
  C:0EEEH         LINE#         452
  C:0EEFH         LINE#         454
  C:0EEFH         LINE#         456
  C:0EF9H         LINE#         457
  C:0EF9H         LINE#         458
  C:0EFDH         LINE#         459
  C:0EFFH         LINE#         460
  C:0F02H         LINE#         461
  C:0F02H         LINE#         462
  C:0F02H         LINE#         463
  C:0F02H         LINE#         464
  -------         ENDPROC       RECEIVE_BYTE
  -------         PROC          RECEIVE_BYTE_LOCK
  C:0F03H         LINE#         470
  C:0F03H         LINE#         471
  C:0F03H         LINE#         473
  C:0F06H         LINE#         474
  C:0F06H         LINE#         476
  C:0F10H         LINE#         477
  C:0F10H         LINE#         478
  C:0F12H         LINE#         479
  C:0F12H         LINE#         480
  C:0F14H         LINE#         481
  C:0F15H         LINE#         484
  C:0F15H         LINE#         486
  C:0F18H         LINE#         487
  C:0F18H         LINE#         489
  C:0F1AH         LINE#         492
  C:0F29H         LINE#         493
  C:0F29H         LINE#         495
  C:0F2FH         LINE#         496
  C:0F31H         LINE#         497
BL51 BANKED LINKER/LOCATER V6.22                                                      07/07/2017  21:16:16  PAGE 21


  C:0F31H         LINE#         498
  C:0F31H         LINE#         499
  C:0F33H         LINE#         501
  C:0F3BH         LINE#         502
  C:0F3BH         LINE#         504
  C:0F41H         LINE#         505
  C:0F44H         LINE#         506
  C:0F49H         LINE#         507
  C:0F4DH         LINE#         508
  C:0F4FH         LINE#         510
  C:0F4FH         LINE#         512
  C:0F54H         LINE#         513
  C:0F54H         LINE#         515
  C:0F58H         LINE#         516
  C:0F59H         LINE#         518
  C:0F59H         LINE#         520
  C:0F63H         LINE#         521
  C:0F63H         LINE#         522
  C:0F67H         LINE#         523
  C:0F69H         LINE#         524
  C:0F6CH         LINE#         525
  C:0F6CH         LINE#         526
  C:0F6CH         LINE#         527
  C:0F6CH         LINE#         528
  -------         ENDPROC       RECEIVE_BYTE_LOCK
  -------         PROC          RECEIVE_WORD
  C:1601H         LINE#         534
  C:1601H         LINE#         535
  C:1601H         LINE#         537
  C:1608H         LINE#         538
  C:1608H         LINE#         539
  C:1609H         LINE#         541
  C:1616H         LINE#         544
  C:161FH         LINE#         545
  C:161FH         LINE#         546
  C:1624H         LINE#         547
  C:1625H         LINE#         549
  C:162FH         LINE#         550
  C:162FH         LINE#         551
  C:1634H         LINE#         552
  C:1635H         LINE#         553
  C:1639H         LINE#         554
  C:1639H         LINE#         555
  C:163BH         LINE#         556
  C:163BH         LINE#         557
  C:163DH         LINE#         559
  C:163DH         LINE#         560
  C:1641H         LINE#         561
  C:1641H         LINE#         562
  C:1641H         LINE#         563
  -------         ENDPROC       RECEIVE_WORD
  -------         PROC          _SEND_CODE_TO_LOCK
  D:0007H         SYMBOL        x
  X:0018H         SYMBOL        y
  -------         DO            
  X:001AH         SYMBOL        i
  X:001BH         SYMBOL        n
BL51 BANKED LINKER/LOCATER V6.22                                                      07/07/2017  21:16:16  PAGE 22


  -------         ENDDO         
  C:0CD3H         LINE#         570
  C:0CDAH         LINE#         571
  C:0CDAH         LINE#         573
  C:0CDFH         LINE#         574
  C:0CE3H         LINE#         575
  C:0CE6H         LINE#         581
  C:0CEAH         LINE#         582
  C:0CEAH         LINE#         583
  C:0CEEH         LINE#         584
  C:0CEEH         LINE#         585
  C:0CF8H         LINE#         586
  C:0CF8H         LINE#         587
  C:0CFAH         LINE#         588
  C:0D03H         LINE#         589
  C:0D05H         LINE#         591
  C:0D05H         LINE#         592
  C:0D07H         LINE#         593
  C:0D13H         LINE#         594
  C:0D13H         LINE#         595
  C:0D15H         LINE#         596
  C:0D23H         LINE#         597
  C:0D2FH         LINE#         598
  C:0D3AH         LINE#         599
  C:0D45H         LINE#         600
  -------         ENDPROC       _SEND_CODE_TO_LOCK
  -------         ENDMOD        COMMUNICATION

  -------         MODULE        DELAY
  C:0000H         SYMBOL        _ICE_DUMMY_
  D:0080H         PUBLIC        P0
  D:0090H         PUBLIC        P1
  D:00A0H         PUBLIC        P2
  D:00B0H         PUBLIC        P3
  X:0029H         PUBLIC        Timeout_loop
  D:00A8H         PUBLIC        IE
  C:1A75H         PUBLIC        Delay_10ms
  C:1A8FH         PUBLIC        Delay_12ms
  C:1AA9H         PUBLIC        Delay_50ms
  D:00B8H         PUBLIC        IP
  B:0090H.2       PUBLIC        magnet_overcurrent
  D:00D8H         PUBLIC        WDCON0
  C:16BFH         PUBLIC        _Magnet_Delay
  D:0098H         PUBLIC        SCON
  D:0088H         PUBLIC        TCON
  C:1AC3H         PUBLIC        Delay_100ms
  C:1ADDH         PUBLIC        Delay_500ms
  C:1642H         PUBLIC        _Custom_Delay
  C:19C6H         PUBLIC        _delay_ms
  D:00E8H         PUBLIC        EIE
  D:00F8H         PUBLIC        ADCCON0
  C:1B11H         PUBLIC        _delay_us
  D:00C0H         PUBLIC        I2CON
  C:1A41H         PUBLIC        Delay_1ms
  D:00C8H         PUBLIC        T2CON
  C:1A5BH         PUBLIC        Delay_5ms
  C:1B5AH         PUBLIC        _Delay
BL51 BANKED LINKER/LOCATER V6.22                                                      07/07/2017  21:16:16  PAGE 23


  D:00D0H         PUBLIC        PSW
  -------         PROC          DELAY_1MS
  C:1A41H         LINE#         15
  C:1A41H         LINE#         16
  C:1A41H         LINE#         17
  C:1A4AH         LINE#         20
  C:1A5AH         LINE#         21
  -------         ENDPROC       DELAY_1MS
  -------         PROC          DELAY_5MS
  C:1A5BH         LINE#         23
  C:1A5BH         LINE#         24
  C:1A5BH         LINE#         25
  C:1A64H         LINE#         28
  C:1A74H         LINE#         29
  -------         ENDPROC       DELAY_5MS
  -------         PROC          DELAY_10MS
  C:1A75H         LINE#         31
  C:1A75H         LINE#         32
  C:1A75H         LINE#         33
  C:1A7EH         LINE#         36
  C:1A8EH         LINE#         37
  -------         ENDPROC       DELAY_10MS
  -------         PROC          DELAY_12MS
  C:1A8FH         LINE#         39
  C:1A8FH         LINE#         40
  C:1A8FH         LINE#         41
  C:1A98H         LINE#         44
  C:1AA8H         LINE#         45
  -------         ENDPROC       DELAY_12MS
  -------         PROC          DELAY_50MS
  C:1AA9H         LINE#         48
  C:1AA9H         LINE#         49
  C:1AA9H         LINE#         50
  C:1AB2H         LINE#         53
  C:1AC2H         LINE#         54
  -------         ENDPROC       DELAY_50MS
  -------         PROC          DELAY_100MS
  C:1AC3H         LINE#         57
  C:1AC3H         LINE#         58
  C:1AC3H         LINE#         59
  C:1ACCH         LINE#         62
  C:1ADCH         LINE#         63
  -------         ENDPROC       DELAY_100MS
  -------         PROC          DELAY_500MS
  C:1ADDH         LINE#         66
  C:1ADDH         LINE#         67
  C:1ADDH         LINE#         68
  C:1AE6H         LINE#         71
  C:1AF6H         LINE#         72
  -------         ENDPROC       DELAY_500MS
  -------         PROC          _DELAY
  D:0007H         SYMBOL        n
  -------         DO            
  D:0004H         SYMBOL        x
  -------         ENDDO         
  C:1B5AH         LINE#         79
  C:1B5AH         LINE#         80
BL51 BANKED LINKER/LOCATER V6.22                                                      07/07/2017  21:16:16  PAGE 24


  C:1B5AH         LINE#         82
  C:1B60H         LINE#         83
  C:1B60H         LINE#         84
  C:1B64H         LINE#         85
  C:1B70H         LINE#         87
  -------         ENDPROC       _DELAY
  -------         PROC          _CUSTOM_DELAY
  D:0007H         SYMBOL        t
  X:0023H         SYMBOL        m
  -------         DO            
  X:0025H         SYMBOL        i
  D:0006H         SYMBOL        j
  -------         ENDDO         
  C:1642H         LINE#         93
  C:1649H         LINE#         94
  C:1649H         LINE#         97
  C:165BH         LINE#         98
  C:1680H         LINE#         99
  -------         ENDPROC       _CUSTOM_DELAY
  -------         PROC          _DELAY_MS
  D:0006H         SYMBOL        count
  -------         DO            
  D:0004H         SYMBOL        i
  D:0002H         SYMBOL        j
  -------         ENDDO         
  C:19C6H         LINE#         106
  C:19C6H         LINE#         107
  C:19C6H         LINE#         109
  C:19D0H         LINE#         110
  C:19D0H         LINE#         111
  C:19DEH         LINE#         112
  C:19E5H         LINE#         113
  -------         ENDPROC       _DELAY_MS
  -------         PROC          _DELAY_US
  D:0006H         SYMBOL        count1
  -------         DO            
  D:0004H         SYMBOL        i
  D:0003H         SYMBOL        j
  -------         ENDDO         
  C:1B11H         LINE#         121
  C:1B11H         LINE#         122
  C:1B11H         LINE#         125
  C:1B1BH         LINE#         126
  C:1B1BH         LINE#         127
  C:1B22H         LINE#         128
  C:1B29H         LINE#         129
  -------         ENDPROC       _DELAY_US
  -------         PROC          _MAGNET_DELAY
  X:0027H         SYMBOL        x
  D:0004H         SYMBOL        y
  -------         DO            
  D:0001H         SYMBOL        i
  D:0002H         SYMBOL        j
  -------         ENDDO         
  C:16BFH         LINE#         135
  C:16C6H         LINE#         136
  C:16C6H         LINE#         139
BL51 BANKED LINKER/LOCATER V6.22                                                      07/07/2017  21:16:16  PAGE 25


  C:16C8H         LINE#         140
  C:16C8H         LINE#         141
  C:16DCH         LINE#         142
  C:16E1H         LINE#         143
  C:16E3H         LINE#         144
  C:16E3H         LINE#         146
  C:16E6H         LINE#         147
  C:16E6H         LINE#         148
  C:16F7H         LINE#         149
  C:16F7H         LINE#         151
  C:16F7H         LINE#         153
  C:16F7H         LINE#         154
  C:16FCH         LINE#         155
  -------         ENDPROC       _MAGNET_DELAY
  -------         ENDMOD        DELAY

  -------         MODULE        OPERATION
  C:0000H         SYMBOL        _ICE_DUMMY_
  B:00A0H.4       PUBLIC        Lock_EN
  D:0080H         PUBLIC        P0
  D:0090H         PUBLIC        P1
  B:0080H.3       PUBLIC        fell_sensor_detect
  D:00A0H         PUBLIC        P2
  B:0025H.0       PUBLIC        vibration_flag1
  D:00B0H         PUBLIC        P3
  D:00A8H         PUBLIC        IE
  B:0025H.1       PUBLIC        sensor_EN
  C:0E2AH         PUBLIC        Detect_vibration
  X:002BH         PUBLIC        vibration_count1
  X:002DH         PUBLIC        vibration_count2
  C:1D8BH         PUBLIC        InitSensor
  D:00B8H         PUBLIC        IP
  X:002EH         PUBLIC        wire_broken_level
  C:1C15H         PUBLIC        Reset_after_wirebroken
  B:0080H.1       PUBLIC        wire_broken
  X:002FH         PUBLIC        ADC_check_saved_result
  C:1B9DH         PUBLIC        Batstolen_Alarm_to_Slave
  C:1961H         PUBLIC        Reset_after_stolen_alarming
  D:00D8H         PUBLIC        WDCON0
  X:0031H         PUBLIC        wire_broken_time
  D:0098H         PUBLIC        SCON
  D:0088H         PUBLIC        TCON
  C:10C0H         PUBLIC        Detect_close_action
  B:0090H.6       PUBLIC        Generator_lock
  C:1832H         PUBLIC        slave_nearby_operation
  B:00A0H.6       PUBLIC        the3rd_sendor
  B:00A0H.5       PUBLIC        key_rotate
  C:1863H         PUBLIC        Detect_wheel_moving
  C:1DC0H         PUBLIC        Disable_sensor_after_IDcert
  B:0080H.0       PUBLIC        horizontal_sensor
  D:00E8H         PUBLIC        EIE
  C:1409H         PUBLIC        Detect_open_action
  B:0080H.2       PUBLIC        wheeled_rotate
  B:0080H.4       PUBLIC        raised_sensor_detect
  D:00F8H         PUBLIC        ADCCON0
  C:19A5H         PUBLIC        Ensensor_after_slave_away
  D:00C0H         PUBLIC        I2CON
BL51 BANKED LINKER/LOCATER V6.22                                                      07/07/2017  21:16:16  PAGE 26


  C:1A05H         PUBLIC        ENsensor_After_Close
  C:0D46H         PUBLIC        Detect_selflearn_action
  C:193FH         PUBLIC        ENsensor_afterIDcert
  D:00C8H         PUBLIC        T2CON
  C:17D6H         PUBLIC        SelfLearn_Reset
  C:1B87H         PUBLIC        Raise_Alarm_to_Slave
  C:0FD3H         PUBLIC        slave_away_operation
  X:0033H         PUBLIC        key_rotate_off_time
  B:0025H.2       PUBLIC        enable_sensor_delayEN
  C:1B71H         PUBLIC        Fell_Alarm_to_Slave
  D:00D0H         PUBLIC        PSW
  B:0080H.0       PUBLIC        sensor_detect
  C:1D5BH         PUBLIC        Host_stolen_action
  B:0080H.5       PUBLIC        Externalmotor
  -------         PROC          SLAVE_AWAY_OPERATION
  C:0FD3H         LINE#         103
  C:0FD3H         LINE#         104
  C:0FD3H         LINE#         106
  C:0FD6H         LINE#         107
  C:0FD6H         LINE#         108
  C:0FD9H         LINE#         109
  C:0FDBH         LINE#         111
  C:0FDBH         LINE#         112
  C:0FDEH         LINE#         113
  C:0FE1H         LINE#         114
  C:0FE1H         LINE#         116
  C:0FE4H         LINE#         117
  C:0FE4H         LINE#         119
  C:0FE7H         LINE#         124
  C:0FEAH         LINE#         129
  C:0FEAH         LINE#         131
  C:0FECH         LINE#         132
  C:0FF0H         LINE#         134
  C:0FF5H         LINE#         135
  C:0FF9H         LINE#         137
  C:0FFCH         LINE#         138
  C:0FFEH         LINE#         139
  -------         ENDPROC       SLAVE_AWAY_OPERATION
  -------         PROC          SLAVE_NEARBY_OPERATION
  C:1832H         LINE#         145
  C:1832H         LINE#         146
  C:1832H         LINE#         147
  C:1834H         LINE#         149
  C:1836H         LINE#         150
  C:183AH         LINE#         151
  C:183CH         LINE#         152
  C:183FH         LINE#         154
  C:1842H         LINE#         155
  C:1845H         LINE#         156
  C:1848H         LINE#         157
  C:184BH         LINE#         160
  C:184EH         LINE#         161
  C:184EH         LINE#         162
  C:1850H         LINE#         163
  C:1850H         LINE#         166
  C:1853H         LINE#         169
  C:1856H         LINE#         170
BL51 BANKED LINKER/LOCATER V6.22                                                      07/07/2017  21:16:16  PAGE 27


  C:1856H         LINE#         172
  C:1859H         LINE#         173
  C:185CH         LINE#         177
  C:185FH         LINE#         178
  C:185FH         LINE#         180
  C:1862H         LINE#         182
  C:1862H         LINE#         183
  C:1862H         LINE#         202
  -------         ENDPROC       SLAVE_NEARBY_OPERATION
  -------         PROC          INITSENSOR
  C:1D8BH         LINE#         208
  C:1D8BH         LINE#         209
  C:1D8BH         LINE#         210
  C:1D8DH         LINE#         211
  C:1D8FH         LINE#         212
  C:1D91H         LINE#         213
  C:1D93H         LINE#         214
  C:1D95H         LINE#         215
  -------         ENDPROC       INITSENSOR
  -------         PROC          HOST_STOLEN_ACTION
  C:1D5BH         LINE#         221
  C:1D5BH         LINE#         222
  C:1D5BH         LINE#         224
  C:1D5EH         LINE#         225
  C:1D5EH         LINE#         226
  C:1D60H         LINE#         228
  C:1D63H         LINE#         229
  C:1D66H         LINE#         243
  C:1D66H         LINE#         244
  -------         ENDPROC       HOST_STOLEN_ACTION
  -------         PROC          ENSENSOR_AFTERIDCERT
  C:193FH         LINE#         251
  C:193FH         LINE#         252
  C:193FH         LINE#         253
  C:1942H         LINE#         254
  C:1942H         LINE#         256
  C:194CH         LINE#         257
  C:194CH         LINE#         258
  C:194EH         LINE#         259
  C:1950H         LINE#         260
  C:1953H         LINE#         263
  C:195BH         LINE#         264
  C:195BH         LINE#         265
  C:195EH         LINE#         266
  C:195EH         LINE#         267
  C:1960H         LINE#         269
  C:1960H         LINE#         270
  C:1960H         LINE#         271
  -------         ENDPROC       ENSENSOR_AFTERIDCERT
  -------         PROC          ENSENSOR_AFTER_CLOSE
  C:1A05H         LINE#         276
  C:1A05H         LINE#         277
  C:1A05H         LINE#         278
  C:1A0EH         LINE#         279
  C:1A0EH         LINE#         280
  C:1A18H         LINE#         281
  C:1A18H         LINE#         282
BL51 BANKED LINKER/LOCATER V6.22                                                      07/07/2017  21:16:16  PAGE 28


  C:1A1AH         LINE#         283
  C:1A1CH         LINE#         284
  C:1A1FH         LINE#         285
  C:1A22H         LINE#         286
  C:1A22H         LINE#         287
  C:1A22H         LINE#         288
  -------         ENDPROC       ENSENSOR_AFTER_CLOSE
  -------         PROC          SELFLEARN_RESET
  C:17D6H         LINE#         294
  C:17D6H         LINE#         295
  C:17D6H         LINE#         296
  C:17D9H         LINE#         297
  C:17D9H         LINE#         298
  C:17E3H         LINE#         299
  C:17E3H         LINE#         300
  C:17E5H         LINE#         301
  C:17E7H         LINE#         303
  C:17ECH         LINE#         304
  C:17F1H         LINE#         305
  C:17F3H         LINE#         306
  C:17F5H         LINE#         307
  C:17F7H         LINE#         308
  C:17F9H         LINE#         309
  C:17FBH         LINE#         310
  C:17FBH         LINE#         311
  C:17FBH         LINE#         312
  -------         ENDPROC       SELFLEARN_RESET
  -------         PROC          FELL_ALARM_TO_SLAVE
  C:1B71H         LINE#         318
  C:1B71H         LINE#         319
  C:1B71H         LINE#         320
  C:1B7CH         LINE#         321
  C:1B7CH         LINE#         322
  C:1B81H         LINE#         323
  C:1B86H         LINE#         324
  C:1B86H         LINE#         325
  -------         ENDPROC       FELL_ALARM_TO_SLAVE
  -------         PROC          RAISE_ALARM_TO_SLAVE
  C:1B87H         LINE#         331
  C:1B87H         LINE#         332
  C:1B87H         LINE#         333
  C:1B92H         LINE#         334
  C:1B92H         LINE#         335
  C:1B97H         LINE#         336
  C:1B9CH         LINE#         337
  C:1B9CH         LINE#         338
  -------         ENDPROC       RAISE_ALARM_TO_SLAVE
  -------         PROC          BATSTOLEN_ALARM_TO_SLAVE
  C:1B9DH         LINE#         344
  C:1B9DH         LINE#         345
  C:1B9DH         LINE#         346
  C:1BA8H         LINE#         347
  C:1BA8H         LINE#         348
  C:1BADH         LINE#         349
  C:1BB2H         LINE#         350
  C:1BB2H         LINE#         351
  -------         ENDPROC       BATSTOLEN_ALARM_TO_SLAVE
BL51 BANKED LINKER/LOCATER V6.22                                                      07/07/2017  21:16:16  PAGE 29


  -------         PROC          DISABLE_SENSOR_AFTER_IDCERT
  C:1DC0H         LINE#         356
  C:1DC0H         LINE#         357
  C:1DC0H         LINE#         358
  C:1DC3H         LINE#         359
  C:1DC3H         LINE#         360
  C:1DC5H         LINE#         362
  C:1DC8H         LINE#         363
  C:1DC8H         LINE#         364
  -------         ENDPROC       DISABLE_SENSOR_AFTER_IDCERT
  -------         PROC          RESET_AFTER_WIREBROKEN
  C:1C15H         LINE#         369
  C:1C15H         LINE#         370
  C:1C15H         LINE#         371
  C:1C18H         LINE#         372
  C:1C18H         LINE#         373
  C:1C1AH         LINE#         374
  C:1C1EH         LINE#         375
  C:1C20H         LINE#         376
  C:1C22H         LINE#         377
  C:1C24H         LINE#         378
  C:1C24H         LINE#         379
  -------         ENDPROC       RESET_AFTER_WIREBROKEN
  -------         PROC          RESET_AFTER_STOLEN_ALARMING
  C:1961H         LINE#         385
  C:1961H         LINE#         386
  C:1961H         LINE#         387
  C:1964H         LINE#         388
  C:1964H         LINE#         389
  C:196EH         LINE#         390
  C:196EH         LINE#         391
  C:1972H         LINE#         392
  C:1974H         LINE#         393
  C:1976H         LINE#         394
  C:1978H         LINE#         395
  C:197BH         LINE#         396
  C:197EH         LINE#         399
  C:1980H         LINE#         400
  C:1982H         LINE#         401
  C:1982H         LINE#         402
  C:1982H         LINE#         403
  -------         ENDPROC       RESET_AFTER_STOLEN_ALARMING
  -------         PROC          ENSENSOR_AFTER_SLAVE_AWAY
  C:19A5H         LINE#         408
  C:19A5H         LINE#         409
  C:19A5H         LINE#         410
  C:19AEH         LINE#         411
  C:19AEH         LINE#         412
  C:19B8H         LINE#         413
  C:19B8H         LINE#         414
  C:19BBH         LINE#         415
  C:19BDH         LINE#         416
  C:19BFH         LINE#         417
  C:19C2H         LINE#         418
  C:19C5H         LINE#         419
  C:19C5H         LINE#         420
  C:19C5H         LINE#         421
BL51 BANKED LINKER/LOCATER V6.22                                                      07/07/2017  21:16:16  PAGE 30


  -------         ENDPROC       ENSENSOR_AFTER_SLAVE_AWAY
  -------         PROC          DETECT_SELFLEARN_ACTION
  C:0D46H         LINE#         426
  C:0D46H         LINE#         427
  C:0D46H         LINE#         428
  C:0D4CH         LINE#         430
  C:0D4CH         LINE#         432
  C:0D4EH         LINE#         434
  C:0D51H         LINE#         435
  C:0D51H         LINE#         436
  C:0D5CH         LINE#         437
  C:0D67H         LINE#         438
  C:0D67H         LINE#         439
  C:0D6EH         LINE#         440
  C:0D72H         LINE#         441
  C:0D74H         LINE#         442
  C:0D74H         LINE#         443
  C:0D76H         LINE#         445
  C:0D76H         LINE#         446
  C:0D82H         LINE#         447
  C:0D82H         LINE#         448
  C:0D86H         LINE#         449
  C:0D8BH         LINE#         450
  C:0D8BH         LINE#         451
  C:0D8BH         LINE#         453
  C:0D93H         LINE#         454
  C:0D93H         LINE#         455
  C:0D95H         LINE#         456
  C:0D97H         LINE#         457
  C:0D9AH         LINE#         458
  C:0D9AH         LINE#         459
  C:0D9CH         LINE#         460
  C:0DA7H         LINE#         462
  C:0DA9H         LINE#         465
  C:0DACH         LINE#         466
  C:0DACH         LINE#         467
  C:0DAEH         LINE#         468
  C:0DB0H         LINE#         469
  C:0DB2H         LINE#         471
  C:0DB5H         LINE#         472
  C:0DB8H         LINE#         477
  C:0DB8H         LINE#         478
  -------         ENDPROC       DETECT_SELFLEARN_ACTION
  -------         PROC          DETECT_OPEN_ACTION
  C:1409H         LINE#         483
  C:1409H         LINE#         484
  C:1409H         LINE#         485
  C:141AH         LINE#         486
  C:141AH         LINE#         487
  C:141DH         LINE#         488
  C:1422H         LINE#         489
  C:1424H         LINE#         491
  C:1428H         LINE#         492
  C:142AH         LINE#         493
  C:142DH         LINE#         494
  C:142FH         LINE#         495
  C:1432H         LINE#         496
BL51 BANKED LINKER/LOCATER V6.22                                                      07/07/2017  21:16:16  PAGE 31


  C:1435H         LINE#         498
  C:1438H         LINE#         499
  C:1438H         LINE#         500
  C:1444H         LINE#         501
  C:1444H         LINE#         502
  C:1446H         LINE#         503
  C:1448H         LINE#         505
  C:1448H         LINE#         506
  C:144AH         LINE#         507
  C:144AH         LINE#         508
  C:144AH         LINE#         509
  C:144CH         LINE#         511
  C:144EH         LINE#         512
  C:1454H         LINE#         513
  C:1454H         LINE#         514
  -------         ENDPROC       DETECT_OPEN_ACTION
  -------         PROC          DETECT_CLOSE_ACTION
  C:10C0H         LINE#         519
  C:10C0H         LINE#         520
  C:10C0H         LINE#         521
  C:10D3H         LINE#         523
  C:10D3H         LINE#         525
  C:10D9H         LINE#         526
  C:10D9H         LINE#         527
  C:10E4H         LINE#         528
  C:10EFH         LINE#         529
  C:10EFH         LINE#         530
  C:10F8H         LINE#         531
  C:10F8H         LINE#         532
  C:10FAH         LINE#         533
  C:10FDH         LINE#         535
  C:1101H         LINE#         536
  C:1104H         LINE#         537
  C:1106H         LINE#         538
  C:1108H         LINE#         540
  C:110EH         LINE#         541
  C:1110H         LINE#         542
  C:1110H         LINE#         543
  C:1110H         LINE#         544
  C:1110H         LINE#         545
  C:1111H         LINE#         546
  C:1114H         LINE#         547
  C:1114H         LINE#         548
  C:111AH         LINE#         549
  C:111AH         LINE#         550
  -------         ENDPROC       DETECT_CLOSE_ACTION
  -------         PROC          DETECT_VIBRATION
  C:0E2AH         LINE#         555
  C:0E2AH         LINE#         556
  C:0E2AH         LINE#         557
  C:0E33H         LINE#         558
  C:0E33H         LINE#         559
  C:0E3DH         LINE#         560
  C:0E3DH         LINE#         561
  C:0E3FH         LINE#         562
  C:0E41H         LINE#         563
  C:0E46H         LINE#         565
BL51 BANKED LINKER/LOCATER V6.22                                                      07/07/2017  21:16:16  PAGE 32


  C:0E48H         LINE#         566
  C:0E4DH         LINE#         568
  C:0E52H         LINE#         569
  C:0E52H         LINE#         570
  C:0E54H         LINE#         572
  C:0E58H         LINE#         574
  C:0E5BH         LINE#         575
  C:0E5BH         LINE#         576
  C:0E72H         LINE#         577
  C:0E72H         LINE#         578
  C:0E74H         LINE#         579
  C:0E78H         LINE#         580
  C:0E78H         LINE#         581
  C:0E78H         LINE#         583
  C:0E7BH         LINE#         584
  C:0E7BH         LINE#         585
  C:0E92H         LINE#         586
  C:0E92H         LINE#         587
  C:0E94H         LINE#         588
  C:0E98H         LINE#         589
  C:0E98H         LINE#         590
  C:0E98H         LINE#         591
  -------         ENDPROC       DETECT_VIBRATION
  -------         PROC          DETECT_WHEEL_MOVING
  C:1863H         LINE#         596
  C:1863H         LINE#         597
  C:1863H         LINE#         598
  C:1866H         LINE#         599
  C:1866H         LINE#         600
  C:1868H         LINE#         601
  C:186EH         LINE#         603
  C:1873H         LINE#         604
  C:1873H         LINE#         605
  C:1876H         LINE#         606
  C:1876H         LINE#         607
  C:188DH         LINE#         608
  C:188DH         LINE#         609
  C:188FH         LINE#         610
  C:1893H         LINE#         611
  C:1893H         LINE#         612
  C:1893H         LINE#         613
  -------         ENDPROC       DETECT_WHEEL_MOVING
  -------         ENDMOD        OPERATION

  -------         MODULE        OTHER
  C:0000H         SYMBOL        _ICE_DUMMY_
  D:0080H         PUBLIC        P0
  D:0090H         PUBLIC        P1
  D:00A0H         PUBLIC        P2
  D:00B0H         PUBLIC        P3
  D:00A8H         PUBLIC        IE
  C:1D73H         PUBLIC        _magnet_ACW_Taili
  B:00A0H.4       PUBLIC        Moto_EN
  D:00B8H         PUBLIC        IP
  D:00D8H         PUBLIC        WDCON0
  D:0098H         PUBLIC        SCON
  D:0088H         PUBLIC        TCON
BL51 BANKED LINKER/LOCATER V6.22                                                      07/07/2017  21:16:16  PAGE 33


  C:0003H         PUBLIC        Moto_Vibration
  B:0090H.6       PUBLIC        Generator_lock
  C:1D67H         PUBLIC        _magnet_ACW
  C:1D7FH         PUBLIC        Enable_sensor
  D:00E8H         PUBLIC        EIE
  C:136CH         PUBLIC        disable_sensor
  B:00A0H.2       PUBLIC        MagentControl_1
  B:00A0H.3       PUBLIC        MagentControl_2
  D:00F8H         PUBLIC        ADCCON0
[...]
  B:0023H.7       PUBLIC        Speech_closed_G
  B:0024H.0       PUBLIC        Emergency_open_G
  X:007CH         PUBLIC        vibration_count
  X:007EH         PUBLIC        timer0_count
  X:0080H         PUBLIC        sensor_3rdstage_effcount
  D:00C8H         PUBLIC        T2CON
  X:0081H         PUBLIC        enable_sensor_delay_count
  X:0082H         PUBLIC        host_stolen_alarm1_count
  X:0083H         PUBLIC        host_stolen_alarm2_count
  X:0084H         PUBLIC        sensor_3rdstage_interval
  B:0024H.1       PUBLIC        ID_selflearning_flag
  B:0024H.2       PUBLIC        battery_stolen_EN
  B:0024H.3       PUBLIC        position_sensor_EN
  C:088AH         PUBLIC        uart_isr
  B:0024H.4       PUBLIC        Autolock_G
  X:0086H         PUBLIC        wheeled_count
BL51 BANKED LINKER/LOCATER V6.22                                                      07/07/2017  21:16:16  PAGE 56


  X:0088H         PUBLIC        raised_fell_number
  B:0024H.5       PUBLIC        never_alarm_speech
  X:008AH         PUBLIC        Check_Motobattery_count
  B:0024H.6       PUBLIC        Battery_hint_flag
  X:008BH         PUBLIC        Open_action_flag
  X:008CH         PUBLIC        receive_HV_count
  X:008DH         PUBLIC        receive_LV_count
  B:0024H.7       PUBLIC        raised_flag
  X:008EH         PUBLIC        raised_alarm_count
  D:00D0H         PUBLIC        PSW
  B:0080H.0       PUBLIC        sensor_detect
  X:008FH         PUBLIC        Stolen_alarm_reset_count
  B:0080H.5       PUBLIC        Externalmotor
  -------         PROC          MAIN
  C:176DH         LINE#         153
  C:176DH         LINE#         154
  C:176DH         LINE#         155
  C:1770H         LINE#         160
  C:1773H         LINE#         162
  C:177AH         LINE#         164
  C:177DH         LINE#         166
  C:1780H         LINE#         170
  C:1783H         LINE#         171
  C:1786H         LINE#         173
  C:1789H         LINE#         174
  C:178CH         LINE#         176
  C:178EH         LINE#         179
  C:1790H         LINE#         180
  C:1792H         LINE#         182
  C:1794H         LINE#         184
  C:17A0H         LINE#         186
  C:17A0H         LINE#         187
  C:17A0H         LINE#         188
  -------         ENDPROC       MAIN
  -------         PROC          TIMER0
  C:031DH         LINE#         195
  C:033AH         LINE#         198
  C:033FH         LINE#         199
  C:0344H         LINE#         202
  C:035BH         LINE#         203
  C:035BH         LINE#         205
  C:035FH         LINE#         211
  C:0379H         LINE#         212
  C:0379H         LINE#         213
  C:037BH         LINE#         214
  C:037BH         LINE#         217
  C:037EH         LINE#         218
  C:037EH         LINE#         220
  C:0381H         LINE#         221
  C:0381H         LINE#         222
  C:0383H         LINE#         223
  C:0385H         LINE#         224
  C:0389H         LINE#         225
  C:038BH         LINE#         226
  C:038DH         LINE#         227
  C:0393H         LINE#         228
  C:0393H         LINE#         229
BL51 BANKED LINKER/LOCATER V6.22                                                      07/07/2017  21:16:16  PAGE 57


  C:0395H         LINE#         230
  C:0397H         LINE#         231
  C:039AH         LINE#         232
  C:039AH         LINE#         233
  C:039AH         LINE#         235
  C:039DH         LINE#         236
  C:039DH         LINE#         237
  C:03A2H         LINE#         238
  C:03A8H         LINE#         239
  C:03A8H         LINE#         240
  C:03AAH         LINE#         241
  C:03ACH         LINE#         242
  C:03ACH         LINE#         243
  C:03ACH         LINE#         246
  C:03AFH         LINE#         247
  C:03B2H         LINE#         251
  C:03B5H         LINE#         259
  C:03B8H         LINE#         268
  C:03BBH         LINE#         272
  C:03BEH         LINE#         273
  C:03C1H         LINE#         274
  C:03C4H         LINE#         275
  C:03C4H         LINE#         278
  C:03C7H         LINE#         281
  C:03CAH         LINE#         282
  C:03CDH         LINE#         283
  C:03D0H         LINE#         285
  C:03D3H         LINE#         287
  C:03D6H         LINE#         288
  C:03D9H         LINE#         290
  C:03DCH         LINE#         291
  C:03DCH         LINE#         292
  C:03DEH         LINE#         293
  C:03E1H         LINE#         294
  C:03E1H         LINE#         300
  C:03E6H         LINE#         301
  C:03E6H         LINE#         303
  C:03FCH         LINE#         304
  C:03FCH         LINE#         306
  C:03FCH         LINE#         307
  C:03FCH         LINE#         311
  C:040BH         LINE#         312
  C:040BH         LINE#         314
  C:0417H         LINE#         315
  C:0417H         LINE#         316
  C:0419H         LINE#         319
  C:041EH         LINE#         321
  C:0422H         LINE#         326
  C:0424H         LINE#         328
  C:0426H         LINE#         334
  C:0432H         LINE#         335
  C:0432H         LINE#         336
  C:0434H         LINE#         338
  C:0434H         LINE#         340
  C:0438H         LINE#         341
  C:0438H         LINE#         342
  C:0438H         LINE#         343
BL51 BANKED LINKER/LOCATER V6.22                                                      07/07/2017  21:16:16  PAGE 58


  C:043AH         LINE#         346
  C:043AH         LINE#         347
  C:043AH         LINE#         348
  C:0443H         LINE#         349
  C:0443H         LINE#         351
  C:044DH         LINE#         352
  C:044DH         LINE#         353
  C:044FH         LINE#         354
  C:0454H         LINE#         356
  C:045AH         LINE#         360
  C:045CH         LINE#         362
  C:045EH         LINE#         365
  C:0461H         LINE#         368
  C:0461H         LINE#         369
  C:0463H         LINE#         371
  C:0463H         LINE#         372
  C:0467H         LINE#         373
  C:0467H         LINE#         376
  C:0480H         LINE#         377
  C:0480H         LINE#         378
  C:0484H         LINE#         379
  C:0487H         LINE#         380
  C:048AH         LINE#         381
  C:048CH         LINE#         384
  C:048CH         LINE#         386
  C:048CH         LINE#         387
  C:048CH         LINE#         388
  C:048CH         LINE#         389
  C:048EH         LINE#         391
  C:048EH         LINE#         392
  C:048EH         LINE#         393
  C:0497H         LINE#         394
  C:0497H         LINE#         396
  C:04A1H         LINE#         397
  C:04A1H         LINE#         398
  C:04A3H         LINE#         399
  C:04A8H         LINE#         400
  C:04AEH         LINE#         406
  C:04B0H         LINE#         408
  C:04B2H         LINE#         410
  C:04B5H         LINE#         413
  C:04B5H         LINE#         414
  C:04B7H         LINE#         416
  C:04B7H         LINE#         417
  C:04BBH         LINE#         418
  C:04BBH         LINE#         421
  C:04D2H         LINE#         422
  C:04D2H         LINE#         423
  C:04D6H         LINE#         424
  C:04D9H         LINE#         425
  C:04DCH         LINE#         426
  C:04DFH         LINE#         427
  C:04E4H         LINE#         430
  C:04E4H         LINE#         432
  C:04E4H         LINE#         433
  C:04E4H         LINE#         434
  C:04E4H         LINE#         435
BL51 BANKED LINKER/LOCATER V6.22                                                      07/07/2017  21:16:16  PAGE 59


  C:04E6H         LINE#         438
  C:04E6H         LINE#         439
  C:04E6H         LINE#         440
  C:04EFH         LINE#         441
  C:04EFH         LINE#         443
  C:04F9H         LINE#         444
  C:04F9H         LINE#         445
  C:04FBH         LINE#         447
  C:04FDH         LINE#         448
  C:04FFH         LINE#         449
  C:0501H         LINE#         450
  C:0504H         LINE#         453
  C:0506H         LINE#         455
  C:0508H         LINE#         456
  C:0508H         LINE#         457
  C:050AH         LINE#         459
  C:050AH         LINE#         460
  C:050EH         LINE#         461
  C:050EH         LINE#         464
  C:0525H         LINE#         465
  C:0525H         LINE#         466
  C:0529H         LINE#         467
  C:052CH         LINE#         468
  C:052FH         LINE#         469
  C:0534H         LINE#         470
  C:0539H         LINE#         471
  C:053CH         LINE#         473
  C:053FH         LINE#         474
  C:053FH         LINE#         476
  C:0541H         LINE#         478
  C:0543H         LINE#         479
  C:0543H         LINE#         480
  C:0543H         LINE#         481
  C:0543H         LINE#         482
  C:0543H         LINE#         483
  C:0543H         LINE#         486
  C:054BH         LINE#         487
  C:054BH         LINE#         488
  C:054DH         LINE#         489
  C:054FH         LINE#         491
  C:0551H         LINE#         492
  C:0551H         LINE#         496
  C:0554H         LINE#         497
  C:0554H         LINE#         499
  C:0557H         LINE#         500
  C:0557H         LINE#         502
  C:055FH         LINE#         503
  C:055FH         LINE#         505
  C:0561H         LINE#         506
  C:0563H         LINE#         508
  C:0566H         LINE#         509
  C:0566H         LINE#         511
  C:0568H         LINE#         512
  C:0568H         LINE#         513
  C:0568H         LINE#         514
  C:056AH         LINE#         516
  C:056AH         LINE#         517
BL51 BANKED LINKER/LOCATER V6.22                                                      07/07/2017  21:16:16  PAGE 60


  C:056CH         LINE#         518
  C:0570H         LINE#         519
  C:0573H         LINE#         520
  C:0575H         LINE#         521
  C:0575H         LINE#         523
  C:0578H         LINE#         524
  C:0578H         LINE#         526
  C:0580H         LINE#         527
  C:0580H         LINE#         529
  C:0582H         LINE#         530
  C:0584H         LINE#         532
  C:0587H         LINE#         533
  C:0587H         LINE#         534
  C:0589H         LINE#         535
  C:0589H         LINE#         536
  C:0589H         LINE#         537
  C:058BH         LINE#         539
  C:058BH         LINE#         540
  C:058DH         LINE#         541
  C:0591H         LINE#         542
  C:0594H         LINE#         543
  C:0596H         LINE#         544
  C:0596H         LINE#         545
  C:0596H         LINE#         548
  C:0599H         LINE#         549
  C:0599H         LINE#         550
  C:05B0H         LINE#         551
  C:05B0H         LINE#         552
  C:05B2H         LINE#         553
  C:05B6H         LINE#         554
  C:05B8H         LINE#         556
  C:05BBH         LINE#         557
  C:05BEH         LINE#         558
  C:05C1H         LINE#         559
  C:05C6H         LINE#         560
  C:05CBH         LINE#         561
  C:05D4H         LINE#         562
  C:05D8H         LINE#         563
  C:05DBH         LINE#         564
  C:05DBH         LINE#         565
  C:05DBH         LINE#         566
  -------         ENDPROC       TIMER0
  -------         PROC          UART_ISR
  C:088AH         LINE#         571
  C:08A7H         LINE#         573
  C:08ACH         LINE#         574
  C:08ACH         LINE#         575
  C:08AEH         LINE#         576
  C:08B8H         LINE#         580
  C:08BDH         LINE#         581
  C:08BDH         LINE#         583
  C:08CBH         LINE#         584
  C:08CBH         LINE#         585
  C:08D0H         LINE#         586
  C:08D2H         LINE#         587
  C:08E4H         LINE#         588
  C:08E4H         LINE#         589
BL51 BANKED LINKER/LOCATER V6.22                                                      07/07/2017  21:16:16  PAGE 61


  C:08E9H         LINE#         590
  C:08EBH         LINE#         591
  C:08FEH         LINE#         592
  C:08FEH         LINE#         593
  C:0903H         LINE#         594
  C:0905H         LINE#         595
  C:0915H         LINE#         596
  C:0915H         LINE#         597
  C:091AH         LINE#         598
  C:091CH         LINE#         599
  C:092EH         LINE#         600
  C:092EH         LINE#         601
  C:0933H         LINE#         602
  C:0935H         LINE#         604
  C:0947H         LINE#         605
  C:0947H         LINE#         606
  C:094AH         LINE#         607
  C:094CH         LINE#         608
  C:094FH         LINE#         609
  C:0951H         LINE#         611
  C:0954H         LINE#         613
  C:0960H         LINE#         614
  C:0960H         LINE#         616
  C:0962H         LINE#         617
  C:0962H         LINE#         618
  C:096CH         LINE#         619
  C:096CH         LINE#         623
  C:096EH         LINE#         624
  C:0970H         LINE#         625
  C:0972H         LINE#         627
  C:0974H         LINE#         628
  C:0976H         LINE#         629
  C:0976H         LINE#         630
  C:0978H         LINE#         640
  C:0978H         LINE#         641
  C:097CH         LINE#         642
  C:097CH         LINE#         675
  C:097EH         LINE#         677
  C:097EH         LINE#         679
  C:0988H         LINE#         680
  C:0988H         LINE#         681
  C:098AH         LINE#         682
  C:098CH         LINE#         683
  C:098CH         LINE#         722
  C:098CH         LINE#         723
  C:098CH         LINE#         724
  -------         ENDPROC       UART_ISR
  -------         ENDMOD        MAIN

  -------         MODULE        ?C?CLDPTR
  C:05F6H         PUBLIC        ?C?CLDPTR
  -------         ENDMOD        ?C?CLDPTR

  -------         MODULE        ?C?LMUL
  C:060FH         PUBLIC        ?C?LMUL
  -------         ENDMOD        ?C?LMUL

BL51 BANKED LINKER/LOCATER V6.22                                                      07/07/2017  21:16:16  PAGE 62


  -------         MODULE        ?C?ULDIV
  C:069AH         PUBLIC        ?C?ULDIV
  -------         ENDMOD        ?C?ULDIV

  -------         MODULE        ?C?LNEG
  C:072CH         PUBLIC        ?C?LNEG
  -------         ENDMOD        ?C?LNEG

  -------         MODULE        ?C?ICALL
  C:073AH         PUBLIC        ?C?ICALL
  C:073EH         PUBLIC        ?C?ICALL2
  -------         ENDMOD        ?C?ICALL

  -------         MODULE        ?C?LIMUL
  C:0740H         PUBLIC        ?C?LIMUL
  -------         ENDMOD        ?C?LIMUL

*** WARNING L16: UNCALLED SEGMENT, IGNORED FOR OVERLAY PROCESS
    SEGMENT: ?PR?_COMMODE_DATA?COMMUNICATION

*** WARNING L16: UNCALLED SEGMENT, IGNORED FOR OVERLAY PROCESS
    SEGMENT: ?PR?_COMMODE_DATA_WX?COMMUNICATION

*** WARNING L16: UNCALLED SEGMENT, IGNORED FOR OVERLAY PROCESS
    SEGMENT: ?PR?_UART_SEND_DATA_F?COMMUNICATION

*** WARNING L16: UNCALLED SEGMENT, IGNORED FOR OVERLAY PROCESS
    SEGMENT: ?PR?_UART_SEND_DATA_F2?COMMUNICATION

*** WARNING L16: UNCALLED SEGMENT, IGNORED FOR OVERLAY PROCESS
    SEGMENT: ?PR?_UART_SEND_DATA_F3?COMMUNICATION

*** WARNING L16: UNCALLED SEGMENT, IGNORED FOR OVERLAY PROCESS
    SEGMENT: ?PR?UART_SEND_DATA_MATCH?COMMUNICATION

*** WARNING L16: UNCALLED SEGMENT, IGNORED FOR OVERLAY PROCESS
    SEGMENT: ?PR?UART_SEND_DATA_MATCH_F?COMMUNICATION

*** WARNING L16: UNCALLED SEGMENT, IGNORED FOR OVERLAY PROCESS
    SEGMENT: ?PR?RECEIVE_BYTE?COMMUNICATION

*** WARNING L16: UNCALLED SEGMENT, IGNORED FOR OVERLAY PROCESS
    SEGMENT: ?PR?RECEIVE_BYTE_LOCK?COMMUNICATION

*** WARNING L16: UNCALLED SEGMENT, IGNORED FOR OVERLAY PROCESS
    SEGMENT: ?PR?RECEIVE_WORD?COMMUNICATION

*** WARNING L16: UNCALLED SEGMENT, IGNORED FOR OVERLAY PROCESS
    SEGMENT: ?PR?_DELAY_MS?DELAY

*** WARNING L16: UNCALLED SEGMENT, IGNORED FOR OVERLAY PROCESS
    SEGMENT: ?PR?FELL_ALARM_TO_SLAVE?OPERATION

*** WARNING L16: UNCALLED SEGMENT, IGNORED FOR OVERLAY PROCESS
    SEGMENT: ?PR?RAISE_ALARM_TO_SLAVE?OPERATION

*** WARNING L16: UNCALLED SEGMENT, IGNORED FOR OVERLAY PROCESS
BL51 BANKED LINKER/LOCATER V6.22                                                      07/07/2017  21:16:16  PAGE 63


    SEGMENT: ?PR?BATSTOLEN_ALARM_TO_SLAVE?OPERATION

*** WARNING L16: UNCALLED SEGMENT, IGNORED FOR OVERLAY PROCESS
    SEGMENT: ?PR?ENSENSOR_AFTER_SLAVE_AWAY?OPERATION

*** WARNING L16: UNCALLED SEGMENT, IGNORED FOR OVERLAY PROCESS
    SEGMENT: ?PR?_MAGNET_CW?OTHER

*** WARNING L16: UNCALLED SEGMENT, IGNORED FOR OVERLAY PROCESS
    SEGMENT: ?PR?_MAGNET_ACW?OTHER

*** WARNING L16: UNCALLED SEGMENT, IGNORED FOR OVERLAY PROCESS
    SEGMENT: ?PR?_MAGNET_ACW_TAILI?OTHER

*** WARNING L16: UNCALLED SEGMENT, IGNORED FOR OVERLAY PROCESS
    SEGMENT: ?PR?MOTO_VIBRATION?OTHER

*** WARNING L16: UNCALLED SEGMENT, IGNORED FOR OVERLAY PROCESS
    SEGMENT: ?PR?_INITTIMER?TIMER

*** WARNING L16: UNCALLED SEGMENT, IGNORED FOR OVERLAY PROCESS
    SEGMENT: ?PR?HSCH_START?TIMER

*** WARNING L16: UNCALLED SEGMENT, IGNORED FOR OVERLAY PROCESS
    SEGMENT: ?PR?SEOS_GO_TO_SLEEP?TIMER

*** WARNING L16: UNCALLED SEGMENT, IGNORED FOR OVERLAY PROCESS
    SEGMENT: ?PR?MOTORBAT_LOW_SPEECH?VOICE

*** WARNING L16: UNCALLED SEGMENT, IGNORED FOR OVERLAY PROCESS
    SEGMENT: ?PR?BATTERY_STOLEN_SPEECH?VOICE

*** WARNING L16: UNCALLED SEGMENT, IGNORED FOR OVERLAY PROCESS
    SEGMENT: ?PR?CUTTING_WIRE_VOICE?VOICE

*** WARNING L16: UNCALLED SEGMENT, IGNORED FOR OVERLAY PROCESS
    SEGMENT: ?PR?PRODUCT_TEST_VOICE?VOICE

*** WARNING L16: UNCALLED SEGMENT, IGNORED FOR OVERLAY PROCESS
    SEGMENT: ?PR?BATTERY_LOW_ALARM_SPEECH?VOICE

*** WARNING L16: UNCALLED SEGMENT, IGNORED FOR OVERLAY PROCESS
    SEGMENT: ?PR?BATTERY_HIGH_ALARM_SPEECH?VOICE

*** WARNING L16: UNCALLED SEGMENT, IGNORED FOR OVERLAY PROCESS
    SEGMENT: ?PR?ALARM_STOLEN_SPEECH?VOICE

*** WARNING L16: UNCALLED SEGMENT, IGNORED FOR OVERLAY PROCESS
    SEGMENT: ?PR?ALARM_RAISED_SPEECH?VOICE

*** WARNING L16: UNCALLED SEGMENT, IGNORED FOR OVERLAY PROCESS
    SEGMENT: ?PR?ALARM_FELL_SPEECH?VOICE

*** WARNING L16: UNCALLED SEGMENT, IGNORED FOR OVERLAY PROCESS
    SEGMENT: ?PR?HOST_BATTERY_HIGH_ALARM_SPEECH?VOICE

*** WARNING L16: UNCALLED SEGMENT, IGNORED FOR OVERLAY PROCESS
BL51 BANKED LINKER/LOCATER V6.22                                                      07/07/2017  21:16:16  PAGE 64


    SEGMENT: ?PR?BATTERY_STOLEN_SPEECH_F3?VOICE

*** WARNING L16: UNCALLED SEGMENT, IGNORED FOR OVERLAY PROCESS
    SEGMENT: ?PR?WIRE_BROKEN_SPEECH?VOICE

*** WARNING L16: UNCALLED SEGMENT, IGNORED FOR OVERLAY PROCESS
    SEGMENT: ?PR?LOCK_ROTATED_ON_SPEECH?VOICE

*** WARNING L16: UNCALLED SEGMENT, IGNORED FOR OVERLAY PROCESS
    SEGMENT: ?PR?LOCK_ROTATED_OFF_SPEECH?VOICE

*** WARNING L16: UNCALLED SEGMENT, IGNORED FOR OVERLAY PROCESS
    SEGMENT: ?PR?_FLASH_READ_DATA?ISP_DATAFLASH

*** WARNING L16: UNCALLED SEGMENT, IGNORED FOR OVERLAY PROCESS
    SEGMENT: ?PR?SELF_LEARN_PROGRAMMING_F?ISP_DATAFLASH

*** WARNING L16: UNCALLED SEGMENT, IGNORED FOR OVERLAY PROCESS
    SEGMENT: ?PR?INITELECMOTOR?ELECMOTOR

*** WARNING L16: UNCALLED SEGMENT, IGNORED FOR OVERLAY PROCESS
    SEGMENT: ?PR?ELECMOTOR_CLOSECODE?ELECMOTOR

*** WARNING L16: UNCALLED SEGMENT, IGNORED FOR OVERLAY PROCESS
    SEGMENT: ?PR?ELECMOTOR_STOPCODE?ELECMOTOR

*** WARNING L16: UNCALLED SEGMENT, IGNORED FOR OVERLAY PROCESS
    SEGMENT: ?PR?HSCH_DISPATCH_TASKS?SCHEDULAR

*** WARNING L16: UNCALLED SEGMENT, IGNORED FOR OVERLAY PROCESS
    SEGMENT: ?PR?_HSCH_ADD_TASK?SCHEDULAR

*** WARNING L16: UNCALLED SEGMENT, IGNORED FOR OVERLAY PROCESS
    SEGMENT: ?PR?HSCH_UPDATE?SCHEDULAR

*** WARNING L15: MULTIPLE CALL TO SEGMENT
    SEGMENT: ?PR?_SC_SPEECH?VOICE
    CALLER1: ?PR?TIMER0?MAIN
    CALLER2: ?PR?UART_ISR?MAIN

*** WARNING L15: MULTIPLE CALL TO SEGMENT
    SEGMENT: ?PR?_SC_SPEECH?VOICE
    CALLER1: ?PR?UART_ISR?MAIN
    CALLER2: ?C_C51STARTUP

Program Size: data=55.0 xdata=152 code=7676
LINK/LOCATE RUN COMPLETE.  46 WARNING(S),  0 ERROR(S)
