BL51 BANKED LINKER/LOCATER V6.22                                                        08/01/2015  14:07:00  PAGE 1


BL51 BANKED LINKER/LOCATER V6.22, INVOKED BY:
D:\PROGRAM FILES (X86)\KEIL_V5\C51\BIN\BL51.EXE .\AD.obj, .\Battery.obj, .\communication.obj, .\Delay.obj, .\operation.o
>> bj, .\Other.obj, .\pwm.obj, .\Timer.obj, .\UART.obj, .\voice.obj, .\ISP_DataFlash.obj, .\ElecMotor.obj, .\Schedular.o
>> bj, Main.obj TO DDC-Z RAMSIZE (256)


MEMORY MODEL: COMPACT


INPUT MODULES INCLUDED:
  .\AD.obj (AD)
  .\Battery.obj (BATTERY)
  .\communication.obj (COMMUNICATION)
  .\Delay.obj (DELAY)
  .\operation.obj (OPERATION)
  .\Other.obj (OTHER)
  .\pwm.obj (PWM)
  .\Timer.obj (TIMER)
  .\UART.obj (UART)
  .\voice.obj (VOICE)
  .\ISP_DataFlash.obj (ISP_DATAFLASH)
  .\ElecMotor.obj (ELECMOTOR)
  .\Schedular.obj (SCHEDULAR)
  Main.obj (MAIN)
  D:\PROGRAM FILES (X86)\KEIL_V5\C51\LIB\C51C.LIB (?C_STARTUP)
  D:\PROGRAM FILES (X86)\KEIL_V5\C51\LIB\C51C.LIB (?C?CLDPTR)
  D:\PROGRAM FILES (X86)\KEIL_V5\C51\LIB\C51C.LIB (?C?LMUL)
  D:\PROGRAM FILES (X86)\KEIL_V5\C51\LIB\C51C.LIB (?C?ULDIV)
  D:\PROGRAM FILES (X86)\KEIL_V5\C51\LIB\C51C.LIB (?C?LNEG)
  D:\PROGRAM FILES (X86)\KEIL_V5\C51\LIB\C51C.LIB (?C?ICALL)
  D:\PROGRAM FILES (X86)\KEIL_V5\C51\LIB\C51C.LIB (?C?LIMUL)
  D:\PROGRAM FILES (X86)\KEIL_V5\C51\LIB\C51C.LIB (?C_INIT)


LINK MAP OF MODULE:  DDC-Z (AD)


            TYPE    BASE      LENGTH    RELOCATION   SEGMENT NAME
            -----------------------------------------------------

            * * * * * * *   D A T A   M E M O R Y   * * * * * * *
            REG     0000H     0008H     ABSOLUTE     "REG BANK 0"
                    0008H     0018H                  *** GAP ***
            BIT     0020H.0   0004H.4   UNIT         ?BI?MAIN
            BIT     0024H.4   0000H.2   UNIT         ?BI?OPERATION
            BIT     0024H.6   0000H.1   UNIT         ?BI?ELECMOTOR
            BIT     0024H.7   0000H.1   UNIT         ?BI?_HSCH_ADD_TASK?SCHEDULAR
            BIT     0025H.0   0000H.1   UNIT         _BIT_GROUP_
                    0025H.1   0000H.7                *** GAP ***
            DATA    0026H     0028H     UNIT         ?DT?SCHEDULAR
            IDATA   004EH     0001H     UNIT         ?STACK

            * * * * * * *  X D A T A   M E M O R Y  * * * * * * *
            XDATA   0000H     0002H     INPAGE       ?PD?BATTERY
            XDATA   0002H     0003H     INPAGE       ?PD?INITSIGNAL?COMMUNICATION
            XDATA   0005H     0003H     INPAGE       ?PD?INITSIGNAL_F?COMMUNICATION
            XDATA   0008H     0003H     INPAGE       ?PD?_SEND_DATA?COMMUNICATION
            XDATA   000BH     0003H     INPAGE       ?PD?_COMMODE_DATA?COMMUNICATION
BL51 BANKED LINKER/LOCATER V6.22                                                      08/01/2015  14:07:00  PAGE 2


            XDATA   000EH     0003H     INPAGE       ?PD?_COMMODE_DATA_WX?COMMUNICATION
            XDATA   0011H     0002H     INPAGE       ?PD?_UART_SEND_DATA?COMMUNICATION
            XDATA   0013H     0002H     INPAGE       ?PD?_UART_SEND_DATA_F?COMMUNICATION
            XDATA   0015H     0004H     INPAGE       ?PD?_SEND_CODE_TO_LOCK?COMMUNICATION
            XDATA   0019H     0004H     INPAGE       ?PD?_SEND_CODE_TO_LOCK_TAILI?COMMUNICATION
            XDATA   001DH     0007H     INPAGE       ?PD?COMMUNICATION
            XDATA   0024H     0004H     INPAGE       ?PD?_CUSTOM_DELAY?DELAY
            XDATA   0028H     0002H     INPAGE       ?PD?_MAGNET_DELAY?DELAY
            XDATA   002AH     0002H     INPAGE       ?PD?DELAY
            XDATA   002CH     0005H     INPAGE       ?PD?OPERATION
            XDATA   0031H     0004H     INPAGE       ?PD?_MAGNET_CW?OTHER
            XDATA   0035H     0004H     INPAGE       ?PD?_MAGNET_CW_TAILI?OTHER
            XDATA   0039H     0002H     INPAGE       ?PD?PWM
            XDATA   003BH     0002H     INPAGE       ?PD?_INITTIMER?TIMER
            XDATA   003DH     0004H     INPAGE       ?PD?TIMER
            XDATA   0041H     0003H     INPAGE       ?PD?_SENDNBYTE?UART
            XDATA   0044H     0001H     INPAGE       ?PD?VOICE
            XDATA   0045H     0003H     INPAGE       ?PD?_FLASH_READ_DATA?ISP_DATAFLASH
            XDATA   0048H     0001H     INPAGE       ?PD?ELECMOTOR
            XDATA   0049H     0001H     INPAGE       ?PD?HSCH_DISPATCH_TASKS?SCHEDULAR
            XDATA   004AH     0002H     INPAGE       ?PD?_HSCH_ADD_TASK?SCHEDULAR
            XDATA   004CH     0001H     INPAGE       ?PD?HSCH_UPDATE?SCHEDULAR
            XDATA   004DH     0004H     INPAGE       ?PD?SCHEDULAR
            XDATA   0051H     0039H     INPAGE       ?PD?MAIN
            XDATA   008AH     0008H     INPAGE       _PDATA_GROUP_

            * * * * * * *   C O D E   M E M O R Y   * * * * * * *
            CODE    0000H     0003H     ABSOLUTE     
            CODE    0003H     0008H     INBLOCK      ?PR?MOTO_VIBRATION?OTHER
            CODE    000BH     0003H     ABSOLUTE     
            CODE    000EH     0015H     INBLOCK      ?PR?_FLASH_PAGE_ERASE?ISP_DATAFLASH
            CODE    0023H     0003H     ABSOLUTE     
            CODE    0026H     0239H     INBLOCK      ?PR?TIMER0?MAIN
            CODE    025FH     0196H     INBLOCK      ?PR?_VERIFYBATTERY?BATTERY
            CODE    03F5H     0177H     UNIT         ?C?LIB_CODE
            CODE    056CH     016DH     INBLOCK      ?PR?UART_ISR?MAIN
            CODE    06D9H     00FAH     UNIT         ?C_INITSEG
            CODE    07D3H     002CH     INBLOCK      ?PR?DETECT_WHEEL_MOVING?OPERATION
            CODE    07FFH     0001H     INBLOCK      ?PR?KEY_ROTATE_ON_SPEECH?VOICE
            CODE    0800H     00C2H     INBLOCK      ?PR?HSCH_UPDATE?SCHEDULAR
            CODE    08C2H     008CH     UNIT         ?C_C51STARTUP
            CODE    094EH     007DH     INBLOCK      ?PR?_HSCH_ADD_TASK?SCHEDULAR
            CODE    09CBH     0078H     INBLOCK      ?PR?_GETADCRESULT?AD
            CODE    0A43H     0075H     INBLOCK      ?PR?_INITTIMER?TIMER
            CODE    0AB8H     0073H     INBLOCK      ?PR?_SEND_CODE_TO_LOCK?COMMUNICATION
            CODE    0B2BH     0073H     INBLOCK      ?PR?_SEND_CODE_TO_LOCK_TAILI?COMMUNICATION
            CODE    0B9EH     0071H     INBLOCK      ?PR?HSCH_DISPATCH_TASKS?SCHEDULAR
            CODE    0C0FH     006AH     INBLOCK      ?PR?RECEIVE_BYTE?COMMUNICATION
            CODE    0C79H     006AH     INBLOCK      ?PR?RECEIVE_BYTE_LOCK?COMMUNICATION
            CODE    0CE3H     0062H     INBLOCK      ?PR?_PWM_CHANNEL?PWM
            CODE    0D45H     0060H     INBLOCK      ?PR?_SEND_DATA?COMMUNICATION
            CODE    0DA5H     005FH     INBLOCK      ?PR?DETECT_SELFLEARN_ACTION?OPERATION
            CODE    0E04H     0057H     INBLOCK      ?PR?_UART_SEND_DATA?COMMUNICATION
            CODE    0E5BH     0056H     INBLOCK      ?PR?ELECMOTOR_CODE?ELECMOTOR
            CODE    0EB1H     004CH     INBLOCK      ?PR?_INITT0?TIMER
            CODE    0EFDH     004BH     INBLOCK      ?PR?_HSCH_DELETE_TASK?SCHEDULAR
            CODE    0F48H     0048H     INBLOCK      ?PR?INITSIGNAL?COMMUNICATION
BL51 BANKED LINKER/LOCATER V6.22                                                      08/01/2015  14:07:00  PAGE 3


            CODE    0F90H     0048H     INBLOCK      ?PR?INITSIGNAL_F?COMMUNICATION
            CODE    0FD8H     0026H     INBLOCK      ?PR?SELFLEARN_RESET?OPERATION
            CODE    0FFEH     0001H     INBLOCK      ?PR?HSCH_REPORT_STATUS?SCHEDULAR
                    0FFFH     0001H                  *** GAP ***
            CODE    1000H     0048H     INBLOCK      ?PR?DETECT_CLOSE_ACTION?OPERATION
            CODE    1048H     0047H     INBLOCK      ?PR?DISABLE_SENSOR?OTHER
            CODE    108FH     0045H     INBLOCK      ?PR?_UART_SEND_DATA_F?COMMUNICATION
            CODE    10D4H     0043H     INBLOCK      ?PR?UART_SEND_DATA_MATCH?COMMUNICATION
            CODE    1117H     0041H     INBLOCK      ?PR?RECEIVE_WORD?COMMUNICATION
            CODE    1158H     0041H     INBLOCK      ?PR?SELF_LEARN_PROGRAMMING_F?ISP_DATAFLASH
            CODE    1199H     003FH     INBLOCK      ?PR?_CUSTOM_DELAY?DELAY
            CODE    11D8H     003EH     INBLOCK      ?PR?_MAGNET_DELAY?DELAY
            CODE    1216H     0036H     INBLOCK      ?PR?_INITUART?UART
            CODE    124CH     0036H     INBLOCK      ?PR?_SC_SPEECH?VOICE
            CODE    1282H     0034H     INBLOCK      ?PR?_COMMODE_DATA_WX?COMMUNICATION
            CODE    12B6H     0032H     INBLOCK      ?PR?_COMMODE_DATA?COMMUNICATION
            CODE    12E8H     0032H     INBLOCK      ?PR?ACCUMULATOR_VOICE_PROMOT?VOICE
            CODE    131AH     0032H     INBLOCK      ?PR?SELF_LEARN_PROGRAMMING?ISP_DATAFLASH
            CODE    134CH     0031H     INBLOCK      ?PR?_MAGNET_CW?OTHER
            CODE    137DH     0031H     INBLOCK      ?PR?_MAGNET_CW_TAILI?OTHER
            CODE    13AEH     0030H     INBLOCK      ?PR?_FLASH_WRITE_DATA?ISP_DATAFLASH
            CODE    13DEH     002FH     INBLOCK      ?PR?DETECT_VIBRATION?OPERATION
            CODE    140DH     002EH     INBLOCK      ?PR?SLAVE_AWAY_OPERATION?OPERATION
            CODE    143BH     002BH     INBLOCK      ?PR?_SENDNBYTE?UART
            CODE    1466H     0029H     INBLOCK      ?PR?DETECT_OPEN_ACTION?OPERATION
            CODE    148FH     0029H     INBLOCK      ?PR?ELECMOTOR_TEST?ELECMOTOR
            CODE    14B8H     0024H     INBLOCK      ?PR?SLAVE_NEARBY_OPERATION?OPERATION
            CODE    14DCH     0022H     INBLOCK      ?PR?ENSENSOR_AFTERIDCERT?OPERATION
            CODE    14FEH     0022H     INBLOCK      ?PR?ELECMOTOR_DELAY_CW?ELECMOTOR
            CODE    1520H     0022H     INBLOCK      ?PR?ELECMOTOR_DELAY_ACW?ELECMOTOR
            CODE    1542H     0021H     INBLOCK      ?PR?ENSENSOR_AFTER_SLAVE_AWAY?OPERATION
            CODE    1563H     0020H     INBLOCK      ?PR?_DELAY_MS?DELAY
            CODE    1583H     001EH     INBLOCK      ?PR?RESET_AFTER_STOLEN_ALARMING?OPERATION
            CODE    15A1H     001EH     INBLOCK      ?PR?_FLASH_READ_DATA?ISP_DATAFLASH
            CODE    15BFH     001BH     INBLOCK      ?PR?ENSENSOR_AFTER_CLOSE?OPERATION
            CODE    15DAH     001BH     INBLOCK      ?PR?INITVOICE?VOICE
            CODE    15F5H     001AH     INBLOCK      ?PR?DELAY_1MS?DELAY
            CODE    160FH     001AH     INBLOCK      ?PR?DELAY_5MS?DELAY
            CODE    1629H     001AH     INBLOCK      ?PR?DELAY_10MS?DELAY
            CODE    1643H     001AH     INBLOCK      ?PR?DELAY_12MS?DELAY
            CODE    165DH     001AH     INBLOCK      ?PR?DELAY_50MS?DELAY
            CODE    1677H     001AH     INBLOCK      ?PR?DELAY_100MS?DELAY
            CODE    1691H     001AH     INBLOCK      ?PR?DELAY_500MS?DELAY
            CODE    16ABH     001AH     INBLOCK      ?PR?TRIGGER_ISP?ISP_DATAFLASH
            CODE    16C5H     0019H     INBLOCK      ?PR?_DELAY_US?DELAY
            CODE    16DEH     0018H     INBLOCK      ?PR?INIT_PWM?PWM
            CODE    16F6H     0017H     INBLOCK      ?PR?_DELAY?DELAY
            CODE    170DH     0017H     INBLOCK      ?PR?MAIN?MAIN
            CODE    1724H     0016H     INBLOCK      ?PR?FELL_ALARM_TO_SLAVE?OPERATION
            CODE    173AH     0016H     INBLOCK      ?PR?RAISE_ALARM_TO_SLAVE?OPERATION
            CODE    1750H     0016H     INBLOCK      ?PR?BATSTOLEN_ALARM_TO_SLAVE?OPERATION
            CODE    1766H     0014H     INBLOCK      ?PR?DISABLE_ISP?ISP_DATAFLASH
            CODE    177AH     0013H     INBLOCK      ?PR?HOST_TOUCH_SPEECH?VOICE
            CODE    178DH     0013H     INBLOCK      ?PR?STOLEN_ALARM_SPEECH2?VOICE
            CODE    17A0H     0013H     INBLOCK      ?PR?ENABLE_ISP?ISP_DATAFLASH
            CODE    17B3H     0011H     INBLOCK      ?PR?SELF_LEARN_SPEECH?VOICE
            CODE    17C4H     0011H     INBLOCK      ?PR?IDCERTED_SPEECH?VOICE
BL51 BANKED LINKER/LOCATER V6.22                                                      08/01/2015  14:07:00  PAGE 4


            CODE    17D5H     0011H     INBLOCK      ?PR?ELECMOTOR_CW?ELECMOTOR
            CODE    17E6H     0010H     INBLOCK      ?PR?RESET_AFTER_WIREBROKEN?OPERATION
            CODE    17F6H     0009H     INBLOCK      ?PR?INITTRANSCEIVER?COMMUNICATION
                    17FFH     0001H                  *** GAP ***
            CODE    1800H     000FH     INBLOCK      ?PR?HSCH_MANUAL_TIMER0_RELOAD?TIMER
            CODE    180FH     000FH     INBLOCK      ?PR?MOTORBAT_LOW_SPEECH?VOICE
            CODE    181EH     000FH     INBLOCK      ?PR?BATTERY_HINT?VOICE
            CODE    182DH     000FH     INBLOCK      ?PR?ID_SPEECH?VOICE
            CODE    183CH     000FH     INBLOCK      ?PR?HOST_2NDTOUCH_SPEECH?VOICE
            CODE    184BH     000FH     INBLOCK      ?PR?STOLEN_ALARM_SPEECH1?VOICE
            CODE    185AH     000FH     INBLOCK      ?PR?OPEN_LOCK_SPEECH?VOICE
            CODE    1869H     000FH     INBLOCK      ?PR?CLOSE_LOCK_SPEECH?VOICE
            CODE    1878H     000FH     INBLOCK      ?PR?BATTERY_STOLEN_SPEECH?VOICE
            CODE    1887H     000FH     INBLOCK      ?PR?CUTTING_WIRE_VOICE?VOICE
            CODE    1896H     000FH     INBLOCK      ?PR?PRODUCT_TEST_VOICE?VOICE
            CODE    18A5H     000FH     INBLOCK      ?PR?BATTERY_LOW_ALARM_SPEECH?VOICE
            CODE    18B4H     000FH     INBLOCK      ?PR?BATTERY_HIGH_ALARM_SPEECH?VOICE
            CODE    18C3H     000FH     INBLOCK      ?PR?ALARM_STOLEN_SPEECH?VOICE
            CODE    18D2H     000FH     INBLOCK      ?PR?ALARM_RAISED_SPEECH?VOICE
            CODE    18E1H     000FH     INBLOCK      ?PR?ALARM_FELL_SPEECH?VOICE
            CODE    18F0H     000FH     INBLOCK      ?PR?HOST_BATTERY_HIGH_ALARM_SPEECH?VOICE
            CODE    18FFH     000FH     INBLOCK      ?PR?BATTERY_STOLEN_SPEECH_F3?VOICE
            CODE    190EH     000FH     INBLOCK      ?PR?WIRE_BROKEN_SPEECH?VOICE
            CODE    191DH     000FH     INBLOCK      ?PR?LOCK_ROTATED_ON_SPEECH?VOICE
            CODE    192CH     000FH     INBLOCK      ?PR?LOCK_ROTATED_OFF_SPEECH?VOICE
            CODE    193BH     000EH     INBLOCK      ?PR?_MAGNET_ACW?OTHER
            CODE    1949H     000EH     INBLOCK      ?PR?_MAGNET_ACW_TAILI?OTHER
            CODE    1957H     000EH     INBLOCK      ?PR?ELECMOTOR_ACW?ELECMOTOR
            CODE    1965H     000DH     INBLOCK      ?PR?CHECK_MOTOR_ACCUMULATOR?BATTERY
            CODE    1972H     000CH     INBLOCK      ?PR?HOST_STOLEN_ACTION?OPERATION
            CODE    197EH     000CH     INBLOCK      ?PR?ENABLE_SENSOR?OTHER
            CODE    198AH     000BH     INBLOCK      ?PR?INITSENSOR?OPERATION
            CODE    1995H     0009H     INBLOCK      ?PR?DISABLE_SENSOR_AFTER_IDCERT?OPERATION
            CODE    199EH     0009H     INBLOCK      ?PR?ENTER_NOGUARD_VOICE?VOICE
            CODE    19A7H     0008H     INBLOCK      ?PR?MYPWM?PWM
            CODE    19AFH     0008H     INBLOCK      ?PR?_SENDDATA?UART
            CODE    19B7H     0005H     INBLOCK      ?PR?OPEN_TRANCEIVER?COMMUNICATION
            CODE    19BCH     0004H     INBLOCK      ?PR?SEOS_GO_TO_SLEEP?TIMER
            CODE    19C0H     0004H     INBLOCK      ?PR?HSCH_GO_TO_SLEEP?SCHEDULAR
            CODE    19C4H     0003H     INBLOCK      ?PR?CLOSE_TRANCEIVER?COMMUNICATION
            CODE    19C7H     0003H     INBLOCK      ?PR?HSCH_START?TIMER
            CODE    19CAH     0003H     INBLOCK      ?PR?INITELECMOTOR?ELECMOTOR
                    19CDH     1633H                  *** GAP ***
            CODE    3000H     0001H     ABSOLUTE     
            CODE    3001H     0001H     ABSOLUTE     
            CODE    3002H     0001H     ABSOLUTE     
            CODE    3003H     0001H     ABSOLUTE     
            CODE    3004H     0001H     ABSOLUTE     
            CODE    3005H     0001H     ABSOLUTE     



OVERLAY MAP OF MODULE:   DDC-Z (AD)


SEGMENT                                             BIT_GROUP          PDATA_GROUP
  +--> CALLED SEGMENT                            START    LENGTH     START    LENGTH
BL51 BANKED LINKER/LOCATER V6.22                                                      08/01/2015  14:07:00  PAGE 5


------------------------------------------------------------------------------------
?PR?TIMER0?MAIN                                  -----    -----      -----    -----
  +--> ?PR?IDCERTED_SPEECH?VOICE
  +--> ?PR?CHECK_MOTOR_ACCUMULATOR?BATTERY
  +--> ?PR?ACCUMULATOR_VOICE_PROMOT?VOICE
  +--> ?PR?ENSENSOR_AFTER_SLAVE_AWAY?OPERATION
  +--> ?PR?ENSENSOR_AFTER_CLOSE?OPERATION
  +--> ?PR?HOST_STOLEN_ACTION?OPERATION
  +--> ?PR?DISABLE_SENSOR_AFTER_IDCERT?OPERA...
  +--> ?PR?RESET_AFTER_WIREBROKEN?OPERATION
  +--> ?PR?RESET_AFTER_STOLEN_ALARMING?OPERA...
  +--> ?PR?SELFLEARN_RESET?OPERATION
  +--> ?PR?ENTER_NOGUARD_VOICE?VOICE
  +--> ?PR?DETECT_SELFLEARN_ACTION?OPERATION
  +--> ?PR?DETECT_VIBRATION?OPERATION
  +--> ?PR?DETECT_WHEEL_MOVING?OPERATION
  +--> ?PR?DETECT_OPEN_ACTION?OPERATION
  +--> ?PR?DETECT_CLOSE_ACTION?OPERATION
  +--> ?PR?BATTERY_HINT?VOICE
  +--> ?PR?DELAY_500MS?DELAY
  +--> ?PR?HOST_TOUCH_SPEECH?VOICE
  +--> ?PR?ID_SPEECH?VOICE

?PR?IDCERTED_SPEECH?VOICE                        -----    -----      -----    -----
  +--> ?PR?ID_SPEECH?VOICE

?PR?ID_SPEECH?VOICE                              -----    -----      -----    -----
  +--> ?PR?_SC_SPEECH?VOICE
  +--> ?PR?_DELAY?DELAY

?PR?_SC_SPEECH?VOICE                             -----    -----      008EH    0002H
  +--> ?PR?DELAY_50MS?DELAY
  +--> ?PR?_DELAY_US?DELAY

?PR?CHECK_MOTOR_ACCUMULATOR?BATTERY              -----    -----      -----    -----
  +--> ?PR?_GETADCRESULT?AD

?PR?ACCUMULATOR_VOICE_PROMOT?VOICE               -----    -----      -----    -----
  +--> ?PR?_VERIFYBATTERY?BATTERY

?PR?_VERIFYBATTERY?BATTERY                       -----    -----      008AH    0002H
  +--> ?PR?_SC_SPEECH?VOICE
  +--> ?PR?_DELAY?DELAY
  +--> ?PR?MOTORBAT_LOW_SPEECH?VOICE

?PR?MOTORBAT_LOW_SPEECH?VOICE                    -----    -----      -----    -----
  +--> ?PR?_SC_SPEECH?VOICE
  +--> ?PR?_DELAY?DELAY

?PR?ENSENSOR_AFTER_SLAVE_AWAY?OPERATION          -----    -----      -----    -----
  +--> ?PR?ENABLE_SENSOR?OTHER

?PR?ENSENSOR_AFTER_CLOSE?OPERATION               -----    -----      -----    -----
  +--> ?PR?ENABLE_SENSOR?OTHER

?PR?HOST_STOLEN_ACTION?OPERATION                 -----    -----      -----    -----
  +--> ?PR?STOLEN_ALARM_SPEECH1?VOICE
BL51 BANKED LINKER/LOCATER V6.22                                                      08/01/2015  14:07:00  PAGE 6


  +--> ?PR?STOLEN_ALARM_SPEECH2?VOICE

?PR?STOLEN_ALARM_SPEECH1?VOICE                   -----    -----      -----    -----
  +--> ?PR?_SC_SPEECH?VOICE
  +--> ?PR?_DELAY?DELAY

?PR?STOLEN_ALARM_SPEECH2?VOICE                   -----    -----      -----    -----
  +--> ?PR?_SC_SPEECH?VOICE
  +--> ?PR?_DELAY?DELAY

?PR?DISABLE_SENSOR_AFTER_IDCERT?OPERA...         -----    -----      -----    -----
  +--> ?PR?DISABLE_SENSOR?OTHER

?PR?RESET_AFTER_STOLEN_ALARMING?OPERA...         -----    -----      -----    -----
  +--> ?PR?CLOSE_TRANCEIVER?COMMUNICATION

?PR?ENTER_NOGUARD_VOICE?VOICE                    -----    -----      -----    -----
  +--> ?PR?SELF_LEARN_SPEECH?VOICE

?PR?SELF_LEARN_SPEECH?VOICE                      -----    -----      -----    -----
  +--> ?PR?_SC_SPEECH?VOICE
  +--> ?PR?_DELAY?DELAY

?PR?DETECT_SELFLEARN_ACTION?OPERATION            -----    -----      -----    -----
  +--> ?PR?SELF_LEARN_SPEECH?VOICE
  +--> ?PR?SELF_LEARN_PROGRAMMING?ISP_DATAFLASH

?PR?SELF_LEARN_PROGRAMMING?ISP_DATAFLASH         -----    -----      -----    -----
  +--> ?PR?_FLASH_PAGE_ERASE?ISP_DATAFLASH
  +--> ?PR?_FLASH_WRITE_DATA?ISP_DATAFLASH

?PR?_FLASH_PAGE_ERASE?ISP_DATAFLASH              -----    -----      008AH    0002H
  +--> ?PR?ENABLE_ISP?ISP_DATAFLASH
  +--> ?PR?TRIGGER_ISP?ISP_DATAFLASH
  +--> ?PR?DISABLE_ISP?ISP_DATAFLASH

?PR?ENABLE_ISP?ISP_DATAFLASH                     -----    -----      -----    -----
  +--> ?PR?TRIGGER_ISP?ISP_DATAFLASH

?PR?DISABLE_ISP?ISP_DATAFLASH                    -----    -----      -----    -----
  +--> ?PR?TRIGGER_ISP?ISP_DATAFLASH

?PR?_FLASH_WRITE_DATA?ISP_DATAFLASH              -----    -----      008AH    0003H
  +--> ?PR?ENABLE_ISP?ISP_DATAFLASH
  +--> ?PR?TRIGGER_ISP?ISP_DATAFLASH
  +--> ?PR?DISABLE_ISP?ISP_DATAFLASH

?PR?DETECT_OPEN_ACTION?OPERATION                 -----    -----      -----    -----
  +--> ?PR?DISABLE_SENSOR?OTHER
  +--> ?PR?ELECMOTOR_CW?ELECMOTOR
  +--> ?PR?SLAVE_NEARBY_OPERATION?OPERATION

?PR?ELECMOTOR_CW?ELECMOTOR                       -----    -----      -----    -----
  +--> ?PR?ELECMOTOR_CODE?ELECMOTOR
  +--> ?PR?ELECMOTOR_DELAY_CW?ELECMOTOR

?PR?ELECMOTOR_CODE?ELECMOTOR                     -----    -----      008AH    0002H
BL51 BANKED LINKER/LOCATER V6.22                                                      08/01/2015  14:07:00  PAGE 7


  +--> ?PR?DELAY_12MS?DELAY
  +--> ?PR?DELAY_5MS?DELAY

?PR?ELECMOTOR_DELAY_CW?ELECMOTOR                 -----    -----      -----    -----
  +--> ?PR?DELAY_500MS?DELAY

?PR?SLAVE_NEARBY_OPERATION?OPERATION             -----    -----      -----    -----
  +--> ?PR?OPEN_LOCK_SPEECH?VOICE
  +--> ?PR?_VERIFYBATTERY?BATTERY
  +--> ?PR?KEY_ROTATE_ON_SPEECH?VOICE

?PR?OPEN_LOCK_SPEECH?VOICE                       -----    -----      -----    -----
  +--> ?PR?_SC_SPEECH?VOICE
  +--> ?PR?_DELAY?DELAY

?PR?DETECT_CLOSE_ACTION?OPERATION                -----    -----      -----    -----
  +--> ?PR?ELECMOTOR_ACW?ELECMOTOR
  +--> ?PR?SLAVE_AWAY_OPERATION?OPERATION

?PR?ELECMOTOR_ACW?ELECMOTOR                      -----    -----      -----    -----
  +--> ?PR?ELECMOTOR_DELAY_ACW?ELECMOTOR

?PR?ELECMOTOR_DELAY_ACW?ELECMOTOR                -----    -----      -----    -----
  +--> ?PR?DELAY_500MS?DELAY

?PR?SLAVE_AWAY_OPERATION?OPERATION               -----    -----      -----    -----
  +--> ?PR?CLOSE_LOCK_SPEECH?VOICE
  +--> ?PR?_VERIFYBATTERY?BATTERY
  +--> ?PR?_DELAY?DELAY

?PR?CLOSE_LOCK_SPEECH?VOICE                      -----    -----      -----    -----
  +--> ?PR?_SC_SPEECH?VOICE
  +--> ?PR?_DELAY?DELAY

?PR?BATTERY_HINT?VOICE                           -----    -----      -----    -----
  +--> ?PR?_SC_SPEECH?VOICE
  +--> ?PR?_DELAY?DELAY

?PR?HOST_TOUCH_SPEECH?VOICE                      -----    -----      -----    -----
  +--> ?PR?_SC_SPEECH?VOICE
  +--> ?PR?_DELAY?DELAY

*** NEW ROOT ***************************************************

?PR?UART_ISR?MAIN                                -----    -----      -----    -----
  +--> ?PR?IDCERTED_SPEECH?VOICE
  +--> ?PR?SELF_LEARN_SPEECH?VOICE
  +--> ?PR?ID_SPEECH?VOICE

*** NEW ROOT ***************************************************

?C_C51STARTUP                                    -----    -----      -----    -----
  +--> ?PR?MAIN?MAIN
  +--> ?C_INITSEG

?PR?MAIN?MAIN                                    -----    -----      -----    -----
  +--> ?PR?INITVOICE?VOICE
BL51 BANKED LINKER/LOCATER V6.22                                                      08/01/2015  14:07:00  PAGE 8


  +--> ?PR?_INITUART?UART
  +--> ?PR?INITSENSOR?OPERATION
  +--> ?PR?INITTRANSCEIVER?COMMUNICATION
  +--> ?PR?INITELECMOTOR?ELECMOTOR

?PR?INITVOICE?VOICE                              -----    -----      -----    -----
  +--> ?PR?_DELAY_US?DELAY

?PR?_INITUART?UART                               -----    -----      -----    -----
  +--> ?PR?_INITT0?TIMER

?PR?_INITT0?TIMER                                -----    -----      0090H    0002H
  +--> ?PR?_HSCH_DELETE_TASK?SCHEDULAR
  +--> ?PR?HSCH_MANUAL_TIMER0_RELOAD?TIMER

?PR?_HSCH_DELETE_TASK?SCHEDULAR                  0025H.0  0000H.1    -----    -----

?PR?INITELECMOTOR?ELECMOTOR                      -----    -----      -----    -----
  +--> ?PR?ELECMOTOR_ACW?ELECMOTOR



SYMBOL TABLE OF MODULE:  DDC-Z (AD)

  VALUE           TYPE          NAME
  ----------------------------------

  -------         MODULE        AD
  C:0000H         SYMBOL        _ICE_DUMMY_
  D:0080H         PUBLIC        P0
  D:0090H         PUBLIC        P1
  D:00A0H         PUBLIC        P2
  D:00B0H         PUBLIC        P3
  D:00A8H         PUBLIC        IE
  D:00E2H         PUBLIC        ADCH
  B:00F8H.4       PUBLIC        ADCI
  D:00B8H         PUBLIC        IP
  B:00F8H.3       PUBLIC        ADCS
  D:00F6H         PUBLIC        P0DIDS
  D:00D8H         PUBLIC        WDCON0
  D:0098H         PUBLIC        SCON
  D:0088H         PUBLIC        TCON
  B:00F8H.0       PUBLIC        AADR0
  B:00F8H.1       PUBLIC        AADR1
  B:00F8H.2       PUBLIC        AADR2
  D:00E8H         PUBLIC        EIE
  D:00F8H         PUBLIC        ADCCON0
  D:00E1H         PUBLIC        ADCCON1
  D:00C0H         PUBLIC        I2CON
  D:00C8H         PUBLIC        T2CON
  C:09CBH         PUBLIC        _GetADCResult
  D:00D0H         PUBLIC        PSW
  -------         PROC          _GETADCRESULT
  D:0007H         SYMBOL        ch
  -------         DO            
  D:0005H         SYMBOL        DataL
  D:0002H         SYMBOL        DataH
BL51 BANKED LINKER/LOCATER V6.22                                                      08/01/2015  14:07:00  PAGE 9


  -------         ENDDO         
  C:09CBH         LINE#         17
  C:09CBH         LINE#         18
  C:09CBH         LINE#         19
  C:09CCH         LINE#         20
  C:09CDH         LINE#         22
  C:09D2H         LINE#         23
  C:09D2H         LINE#         25
  C:09D5H         LINE#         27
  C:09D7H         LINE#         28
  C:09D9H         LINE#         29
  C:09DBH         LINE#         31
  C:09DEH         LINE#         33
  C:09E0H         LINE#         34
  C:09E2H         LINE#         36
  C:09E4H         LINE#         37
  C:09EBH         LINE#         39
  C:09EFH         LINE#         40
  C:0A01H         LINE#         42
  C:0A05H         LINE#         43
  C:0A05H         LINE#         45
  C:0A0AH         LINE#         46
  C:0A0AH         LINE#         48
  C:0A0DH         LINE#         51
  C:0A0FH         LINE#         52
  C:0A11H         LINE#         53
  C:0A13H         LINE#         55
  C:0A16H         LINE#         57
  C:0A18H         LINE#         58
  C:0A1AH         LINE#         60
  C:0A1CH         LINE#         61
  C:0A23H         LINE#         63
  C:0A29H         LINE#         64
  C:0A3BH         LINE#         66
  C:0A3FH         LINE#         67
  C:0A3FH         LINE#         69
  C:0A42H         LINE#         70
  -------         ENDPROC       _GETADCRESULT
  -------         ENDMOD        AD

  -------         MODULE        BATTERY
  C:0000H         SYMBOL        _ICE_DUMMY_
  C:1965H         PUBLIC        Check_motor_accumulator
  D:0080H         PUBLIC        P0
  D:0090H         PUBLIC        P1
  D:00A0H         PUBLIC        P2
  D:00B0H         PUBLIC        P3
  X:0000H         PUBLIC        Check2_stage
  B:0090H.4       PUBLIC        voice_EN
  D:00A8H         PUBLIC        IE
  D:00B8H         PUBLIC        IP
  C:025FH         PUBLIC        _verifybattery
  D:00D8H         PUBLIC        WDCON0
  D:0098H         PUBLIC        SCON
  D:0088H         PUBLIC        TCON
  D:00E8H         PUBLIC        EIE
  D:00F8H         PUBLIC        ADCCON0
BL51 BANKED LINKER/LOCATER V6.22                                                      08/01/2015  14:07:00  PAGE 10


  X:0001H         PUBLIC        Battery_level
  D:00C0H         PUBLIC        I2CON
  D:00C8H         PUBLIC        T2CON
  D:00D0H         PUBLIC        PSW
  -------         PROC          CHECK_MOTOR_ACCUMULATOR
  C:1965H         LINE#         23
  C:1965H         LINE#         24
  C:1965H         LINE#         26
  C:1971H         LINE#         27
  -------         ENDPROC       CHECK_MOTOR_ACCUMULATOR
  -------         PROC          _VERIFYBATTERY
  X:008AH         SYMBOL        Check2
  C:025FH         LINE#         34
  C:0266H         LINE#         35
  C:0266H         LINE#         38
  C:026EH         LINE#         39
  C:0275H         LINE#         40
  C:0281H         LINE#         41
  C:0286H         LINE#         43
  C:0295H         LINE#         44
  C:0295H         LINE#         45
  C:0295H         LINE#         46
  C:0295H         LINE#         48
  C:02A1H         LINE#         49
  C:02A1H         LINE#         50
  C:02A1H         LINE#         51
  C:02A1H         LINE#         52
  C:02A1H         LINE#         53
  C:02A1H         LINE#         54
  C:02A3H         LINE#         56
  C:02BBH         LINE#         57
  C:02BBH         LINE#         58
  C:02BBH         LINE#         59
  C:02BBH         LINE#         60
  C:02BBH         LINE#         61
  C:02BBH         LINE#         62
  C:02BDH         LINE#         64
  C:02D5H         LINE#         65
  C:02D5H         LINE#         66
  C:02D5H         LINE#         67
  C:02D5H         LINE#         68
  C:02D5H         LINE#         69
  C:02D5H         LINE#         70
  C:02D7H         LINE#         72
  C:02EFH         LINE#         73
  C:02EFH         LINE#         74
  C:02EFH         LINE#         75
  C:02EFH         LINE#         76
  C:02EFH         LINE#         77
  C:02EFH         LINE#         78
  C:02F1H         LINE#         80
  C:0309H         LINE#         81
  C:0309H         LINE#         82
  C:0309H         LINE#         83
  C:0309H         LINE#         84
  C:0309H         LINE#         85
  C:0309H         LINE#         86
BL51 BANKED LINKER/LOCATER V6.22                                                      08/01/2015  14:07:00  PAGE 11


  C:030BH         LINE#         88
  C:0319H         LINE#         89
  C:0319H         LINE#         90
  C:0319H         LINE#         91
  C:0319H         LINE#         92
  C:0319H         LINE#         93
  C:031BH         LINE#         95
  C:031BH         LINE#         96
  C:031BH         LINE#         98
  C:0327H         LINE#         99
  C:0327H         LINE#         100
  C:0329H         LINE#         101
  C:032EH         LINE#         102
  C:0330H         LINE#         103
  C:0330H         LINE#         104
  C:0332H         LINE#         106
  C:034AH         LINE#         107
  C:034AH         LINE#         108
  C:034CH         LINE#         109
  C:0351H         LINE#         110
  C:0353H         LINE#         111
  C:0353H         LINE#         112
  C:0355H         LINE#         114
  C:036DH         LINE#         115
  C:036DH         LINE#         116
  C:036FH         LINE#         117
  C:0374H         LINE#         118
  C:0376H         LINE#         119
  C:0376H         LINE#         120
  C:0378H         LINE#         122
  C:0390H         LINE#         123
  C:0390H         LINE#         124
  C:0392H         LINE#         125
  C:0397H         LINE#         126
  C:0399H         LINE#         127
  C:0399H         LINE#         128
  C:039BH         LINE#         130
  C:03B3H         LINE#         131
  C:03B3H         LINE#         132
  C:03B5H         LINE#         133
  C:03BAH         LINE#         134
  C:03BCH         LINE#         135
  C:03BCH         LINE#         136
  C:03BEH         LINE#         138
  C:03D6H         LINE#         139
  C:03D6H         LINE#         140
  C:03D8H         LINE#         141
  C:03DDH         LINE#         142
  C:03E2H         LINE#         143
  C:03E4H         LINE#         144
  C:03E5H         LINE#         146
  C:03F1H         LINE#         147
  C:03F1H         LINE#         148
  C:03F4H         LINE#         149
  C:03F4H         LINE#         150
  C:03F4H         LINE#         151
  C:03F4H         LINE#         271
BL51 BANKED LINKER/LOCATER V6.22                                                      08/01/2015  14:07:00  PAGE 12


  -------         ENDPROC       _VERIFYBATTERY
  -------         ENDMOD        BATTERY

  -------         MODULE        COMMUNICATION
  C:0000H         SYMBOL        _ICE_DUMMY_
  C:0C0FH         PUBLIC        receive_byte
  D:0080H         PUBLIC        P0
  D:0090H         PUBLIC        P1
  B:00B0H.0       PUBLIC        receive_wire
  D:00A0H         PUBLIC        P2
  D:00B0H         PUBLIC        P3
  C:12B6H         PUBLIC        _ComMode_Data
  C:0E04H         PUBLIC        _UART_Send_Data
  C:1117H         PUBLIC        receive_word
  D:00A8H         PUBLIC        IE
  C:1282H         PUBLIC        _ComMode_Data_WX
  D:00B8H         PUBLIC        IP
  C:17F6H         PUBLIC        InitTransceiver
  B:0080H.1       PUBLIC        lock_code
  C:108FH         PUBLIC        _UART_Send_Data_F
  D:00D8H         PUBLIC        WDCON0
  B:0090H.0       PUBLIC        P10
  B:0090H.1       PUBLIC        P11
  C:19C4H         PUBLIC        close_tranceiver
  D:0098H         PUBLIC        SCON
  D:0088H         PUBLIC        TCON
  C:0F48H         PUBLIC        initsignal
  B:00A0H.7       PUBLIC        transmiter_EN
  B:0090H.3       PUBLIC        receiver_EN
  C:19B7H         PUBLIC        open_tranceiver
  C:0B2BH         PUBLIC        _send_code_to_lock_Taili
  D:00E8H         PUBLIC        EIE
  B:00A0H.3       PUBLIC        MagentControl_2
  D:00F8H         PUBLIC        ADCCON0
  D:00C0H         PUBLIC        I2CON
  C:0F90H         PUBLIC        initsignal_F
  B:00A0H.6       PUBLIC        transmiter_power
  D:00C8H         PUBLIC        T2CON
  C:0D45H         PUBLIC        _Send_Data
  C:0C79H         PUBLIC        receive_byte_Lock
  B:0090H.0       PUBLIC        TXD
  C:10D4H         PUBLIC        UART_Send_Data_match
  C:0AB8H         PUBLIC        _send_code_to_lock
  D:00D0H         PUBLIC        PSW
  X:001DH         PUBLIC        myTxRxData
  -------         PROC          INITTRANSCEIVER
  C:17F6H         LINE#         38
  C:17F6H         LINE#         39
  C:17F6H         LINE#         40
  C:17F8H         LINE#         41
  C:17FAH         LINE#         42
  C:17FCH         LINE#         43
  C:17FEH         LINE#         44
  -------         ENDPROC       INITTRANSCEIVER
  -------         PROC          INITSIGNAL
  -------         DO            
  X:0002H         SYMBOL        k
BL51 BANKED LINKER/LOCATER V6.22                                                      08/01/2015  14:07:00  PAGE 13


  X:0003H         SYMBOL        k1
  X:0004H         SYMBOL        mystartbuffer
  -------         ENDDO         
  C:0F48H         LINE#         53
  C:0F48H         LINE#         54
  C:0F48H         LINE#         56
  C:0F4DH         LINE#         57
  C:0F50H         LINE#         58
  C:0F50H         LINE#         59
  C:0F54H         LINE#         60
  C:0F54H         LINE#         61
  C:0F57H         LINE#         62
  C:0F57H         LINE#         63
  C:0F57H         LINE#         64
  C:0F57H         LINE#         66
  C:0F57H         LINE#         68
  C:0F57H         LINE#         69
  C:0F59H         LINE#         70
  C:0F62H         LINE#         72
  C:0F62H         LINE#         73
  C:0F64H         LINE#         74
  C:0F6AH         LINE#         75
  C:0F73H         LINE#         77
  C:0F7EH         LINE#         78
  C:0F83H         LINE#         81
  C:0F8DH         LINE#         82
  C:0F8FH         LINE#         83
  -------         ENDPROC       INITSIGNAL
  -------         PROC          INITSIGNAL_F
  -------         DO            
  X:0005H         SYMBOL        k
  X:0006H         SYMBOL        k1
  X:0007H         SYMBOL        mystartbuffer
  -------         ENDDO         
  C:0F90H         LINE#         85
  C:0F90H         LINE#         86
  C:0F90H         LINE#         88
  C:0F95H         LINE#         89
  C:0F98H         LINE#         90
  C:0F98H         LINE#         92
  C:0F9CH         LINE#         97
  C:0F9CH         LINE#         98
  C:0F9FH         LINE#         99
  C:0F9FH         LINE#         100
  C:0F9FH         LINE#         101
  C:0F9FH         LINE#         103
  C:0F9FH         LINE#         105
  C:0F9FH         LINE#         106
  C:0FA1H         LINE#         107
  C:0FAAH         LINE#         109
  C:0FAAH         LINE#         110
  C:0FACH         LINE#         111
  C:0FB2H         LINE#         112
  C:0FBBH         LINE#         114
  C:0FC6H         LINE#         115
  C:0FCBH         LINE#         118
  C:0FD5H         LINE#         119
BL51 BANKED LINKER/LOCATER V6.22                                                      08/01/2015  14:07:00  PAGE 14


  C:0FD7H         LINE#         120
  -------         ENDPROC       INITSIGNAL_F
  -------         PROC          _SEND_DATA
  X:0008H         SYMBOL        x
  -------         DO            
  X:0009H         SYMBOL        i
  X:000AH         SYMBOL        n
  -------         ENDDO         
  C:0D45H         LINE#         126
  C:0D49H         LINE#         127
  C:0D49H         LINE#         129
  C:0D4CH         LINE#         130
  C:0D4CH         LINE#         131
  C:0D50H         LINE#         132
  C:0D50H         LINE#         133
  C:0D5AH         LINE#         134
  C:0D5AH         LINE#         135
  C:0D5CH         LINE#         136
  C:0D64H         LINE#         137
  C:0D66H         LINE#         139
  C:0D66H         LINE#         140
  C:0D68H         LINE#         141
  C:0D73H         LINE#         142
  C:0D73H         LINE#         143
  C:0D75H         LINE#         144
  C:0D83H         LINE#         145
  C:0D8EH         LINE#         146
  C:0D99H         LINE#         147
  C:0DA4H         LINE#         148
  -------         ENDPROC       _SEND_DATA
  -------         PROC          _COMMODE_DATA
  X:000BH         SYMBOL        ComMode
  X:000CH         SYMBOL        x
  C:12B6H         LINE#         156
  C:12C0H         LINE#         157
  C:12C0H         LINE#         158
  C:12C2H         LINE#         159
  C:12C7H         LINE#         160
  C:12C9H         LINE#         161
  C:12CEH         LINE#         162
  C:12D2H         LINE#         163
  C:12D8H         LINE#         165
  C:12DBH         LINE#         166
  C:12E3H         LINE#         168
  C:12E5H         LINE#         169
  C:12E7H         LINE#         170
  -------         ENDPROC       _COMMODE_DATA
  -------         PROC          _COMMODE_DATA_WX
  X:000EH         SYMBOL        ComMode
  X:000FH         SYMBOL        x
  C:1282H         LINE#         178
  C:128CH         LINE#         179
  C:128CH         LINE#         180
  C:128EH         LINE#         181
  C:1293H         LINE#         182
  C:1295H         LINE#         183
  C:129AH         LINE#         184
BL51 BANKED LINKER/LOCATER V6.22                                                      08/01/2015  14:07:00  PAGE 15


  C:129EH         LINE#         185
  C:12A4H         LINE#         187
  C:12A7H         LINE#         188
  C:12AFH         LINE#         190
  C:12B1H         LINE#         191
  C:12B3H         LINE#         192
  C:12B5H         LINE#         193
  -------         ENDPROC       _COMMODE_DATA_WX
  -------         PROC          _UART_SEND_DATA
  X:0011H         SYMBOL        command
  -------         DO            
  X:0012H         SYMBOL        ii
  -------         ENDDO         
  C:0E04H         LINE#         198
  C:0E08H         LINE#         199
  C:0E08H         LINE#         200
  C:0E0BH         LINE#         201
  C:0E0EH         LINE#         202
  C:0E16H         LINE#         203
  C:0E1DH         LINE#         204
  C:0E24H         LINE#         205
  C:0E2BH         LINE#         206
  C:0E32H         LINE#         207
  C:0E38H         LINE#         209
  C:0E3BH         LINE#         211
  C:0E3FH         LINE#         212
  C:0E3FH         LINE#         213
  C:0E4AH         LINE#         214
  C:0E4DH         LINE#         215
  C:0E58H         LINE#         217
  -------         ENDPROC       _UART_SEND_DATA
  -------         PROC          _UART_SEND_DATA_F
  X:0013H         SYMBOL        command
  -------         DO            
  X:0014H         SYMBOL        ii
  -------         ENDDO         
  C:108FH         LINE#         223
  C:1093H         LINE#         224
  C:1093H         LINE#         225
  C:1096H         LINE#         226
  C:1099H         LINE#         227
  C:10A1H         LINE#         228
  C:10A8H         LINE#         229
  C:10AFH         LINE#         230
  C:10B6H         LINE#         231
  C:10BDH         LINE#         232
  C:10C3H         LINE#         234
  C:10C6H         LINE#         235
  C:10D1H         LINE#         237
  -------         ENDPROC       _UART_SEND_DATA_F
  -------         PROC          OPEN_TRANCEIVER
  C:19B7H         LINE#         244
  C:19B7H         LINE#         245
  C:19B7H         LINE#         250
  C:19B9H         LINE#         251
  C:19BBH         LINE#         252
  -------         ENDPROC       OPEN_TRANCEIVER
BL51 BANKED LINKER/LOCATER V6.22                                                      08/01/2015  14:07:00  PAGE 16


  -------         PROC          CLOSE_TRANCEIVER
  C:19C4H         LINE#         258
  C:19C4H         LINE#         259
  C:19C4H         LINE#         264
  C:19C6H         LINE#         269
  -------         ENDPROC       CLOSE_TRANCEIVER
  -------         PROC          UART_SEND_DATA_MATCH
  C:10D4H         LINE#         274
  C:10D4H         LINE#         275
  C:10D4H         LINE#         276
  C:10D7H         LINE#         278
  C:10DCH         LINE#         279
  C:10E0H         LINE#         280
  C:10E7H         LINE#         281
  C:10EEH         LINE#         282
  C:10F5H         LINE#         283
  C:10FCH         LINE#         284
  C:1103H         LINE#         286
  C:1106H         LINE#         288
  C:1111H         LINE#         289
  C:1114H         LINE#         291
  -------         ENDPROC       UART_SEND_DATA_MATCH
  -------         PROC          RECEIVE_BYTE
  C:0C0FH         LINE#         298
  C:0C0FH         LINE#         299
  C:0C0FH         LINE#         301
  C:0C12H         LINE#         302
  C:0C12H         LINE#         304
  C:0C1CH         LINE#         305
  C:0C1CH         LINE#         306
  C:0C1EH         LINE#         307
  C:0C1EH         LINE#         308
  C:0C20H         LINE#         309
  C:0C21H         LINE#         312
  C:0C21H         LINE#         314
  C:0C24H         LINE#         315
  C:0C24H         LINE#         317
  C:0C26H         LINE#         320
  C:0C35H         LINE#         321
  C:0C35H         LINE#         323
  C:0C3BH         LINE#         324
  C:0C3DH         LINE#         325
  C:0C3DH         LINE#         326
  C:0C3DH         LINE#         327
  C:0C3FH         LINE#         329
  C:0C47H         LINE#         330
  C:0C47H         LINE#         332
  C:0C4DH         LINE#         333
  C:0C50H         LINE#         334
  C:0C55H         LINE#         335
  C:0C59H         LINE#         336
  C:0C5BH         LINE#         338
  C:0C5BH         LINE#         340
  C:0C60H         LINE#         341
  C:0C60H         LINE#         343
  C:0C64H         LINE#         344
  C:0C65H         LINE#         346
BL51 BANKED LINKER/LOCATER V6.22                                                      08/01/2015  14:07:00  PAGE 17


  C:0C65H         LINE#         348
  C:0C6FH         LINE#         349
  C:0C6FH         LINE#         350
  C:0C73H         LINE#         351
  C:0C75H         LINE#         352
  C:0C78H         LINE#         353
  C:0C78H         LINE#         354
  C:0C78H         LINE#         355
  C:0C78H         LINE#         356
  -------         ENDPROC       RECEIVE_BYTE
  -------         PROC          RECEIVE_BYTE_LOCK
  C:0C79H         LINE#         362
  C:0C79H         LINE#         363
  C:0C79H         LINE#         365
  C:0C7CH         LINE#         366
  C:0C7CH         LINE#         368
  C:0C86H         LINE#         369
  C:0C86H         LINE#         370
  C:0C88H         LINE#         371
  C:0C88H         LINE#         372
  C:0C8AH         LINE#         373
  C:0C8BH         LINE#         376
  C:0C8BH         LINE#         378
  C:0C8EH         LINE#         379
  C:0C8EH         LINE#         381
  C:0C90H         LINE#         384
  C:0C9FH         LINE#         385
  C:0C9FH         LINE#         387
  C:0CA5H         LINE#         388
  C:0CA7H         LINE#         389
  C:0CA7H         LINE#         390
  C:0CA7H         LINE#         391
  C:0CA9H         LINE#         393
  C:0CB1H         LINE#         394
  C:0CB1H         LINE#         396
  C:0CB7H         LINE#         397
  C:0CBAH         LINE#         398
  C:0CBFH         LINE#         399
  C:0CC3H         LINE#         400
  C:0CC5H         LINE#         402
  C:0CC5H         LINE#         404
  C:0CCAH         LINE#         405
  C:0CCAH         LINE#         407
  C:0CCEH         LINE#         408
  C:0CCFH         LINE#         410
  C:0CCFH         LINE#         412
  C:0CD9H         LINE#         413
  C:0CD9H         LINE#         414
  C:0CDDH         LINE#         415
  C:0CDFH         LINE#         416
  C:0CE2H         LINE#         417
  C:0CE2H         LINE#         418
  C:0CE2H         LINE#         419
  C:0CE2H         LINE#         420
  -------         ENDPROC       RECEIVE_BYTE_LOCK
  -------         PROC          RECEIVE_WORD
  C:1117H         LINE#         426
BL51 BANKED LINKER/LOCATER V6.22                                                      08/01/2015  14:07:00  PAGE 18


  C:1117H         LINE#         427
  C:1117H         LINE#         429
  C:111EH         LINE#         430
  C:111EH         LINE#         431
  C:111FH         LINE#         433
  C:112CH         LINE#         436
  C:1135H         LINE#         437
  C:1135H         LINE#         438
  C:113AH         LINE#         439
  C:113BH         LINE#         441
  C:1145H         LINE#         442
  C:1145H         LINE#         443
  C:114AH         LINE#         444
  C:114BH         LINE#         445
  C:114FH         LINE#         446
  C:114FH         LINE#         447
  C:1151H         LINE#         448
  C:1151H         LINE#         449
  C:1153H         LINE#         451
  C:1153H         LINE#         452
  C:1157H         LINE#         453
  C:1157H         LINE#         454
  C:1157H         LINE#         455
  -------         ENDPROC       RECEIVE_WORD
  -------         PROC          _SEND_CODE_TO_LOCK
  D:0007H         SYMBOL        x
  X:0015H         SYMBOL        y
  -------         DO            
  X:0017H         SYMBOL        i
  X:0018H         SYMBOL        n
  -------         ENDDO         
  C:0AB8H         LINE#         462
  C:0ABFH         LINE#         463
  C:0ABFH         LINE#         465
  C:0AC4H         LINE#         466
  C:0AC8H         LINE#         467
  C:0ACBH         LINE#         473
  C:0ACFH         LINE#         474
  C:0ACFH         LINE#         475
  C:0AD3H         LINE#         476
  C:0AD3H         LINE#         477
  C:0ADDH         LINE#         478
  C:0ADDH         LINE#         479
  C:0ADFH         LINE#         480
  C:0AE8H         LINE#         481
  C:0AEAH         LINE#         483
  C:0AEAH         LINE#         484
  C:0AECH         LINE#         485
  C:0AF8H         LINE#         486
  C:0AF8H         LINE#         487
  C:0AFAH         LINE#         488
  C:0B08H         LINE#         489
  C:0B14H         LINE#         490
  C:0B1FH         LINE#         491
  C:0B2AH         LINE#         492
  -------         ENDPROC       _SEND_CODE_TO_LOCK
  -------         PROC          _SEND_CODE_TO_LOCK_TAILI
BL51 BANKED LINKER/LOCATER V6.22                                                      08/01/2015  14:07:00  PAGE 19


  D:0007H         SYMBOL        x
  X:0019H         SYMBOL        y
  -------         DO            
  X:001BH         SYMBOL        i
  X:001CH         SYMBOL        n
  -------         ENDDO         
  C:0B2BH         LINE#         499
  C:0B32H         LINE#         500
  C:0B32H         LINE#         502
  C:0B37H         LINE#         503
  C:0B3BH         LINE#         504
  C:0B3EH         LINE#         510
  C:0B42H         LINE#         511
  C:0B42H         LINE#         512
  C:0B46H         LINE#         513
  C:0B46H         LINE#         514
  C:0B50H         LINE#         515
  C:0B50H         LINE#         516
  C:0B52H         LINE#         517
  C:0B5BH         LINE#         518
  C:0B5DH         LINE#         520
  C:0B5DH         LINE#         521
  C:0B5FH         LINE#         522
  C:0B6BH         LINE#         523
  C:0B6BH         LINE#         524
  C:0B6DH         LINE#         525
  C:0B7BH         LINE#         526
  C:0B87H         LINE#         527
  C:0B92H         LINE#         528
  C:0B9DH         LINE#         529
  -------         ENDPROC       _SEND_CODE_TO_LOCK_TAILI
  -------         ENDMOD        COMMUNICATION

  -------         MODULE        DELAY
  C:0000H         SYMBOL        _ICE_DUMMY_
  D:0080H         PUBLIC        P0
  D:0090H         PUBLIC        P1
  D:00A0H         PUBLIC        P2
  D:00B0H         PUBLIC        P3
  X:002AH         PUBLIC        Timeout_loop
  D:00A8H         PUBLIC        IE
  C:1629H         PUBLIC        Delay_10ms
  C:1643H         PUBLIC        Delay_12ms
  C:165DH         PUBLIC        Delay_50ms
  D:00B8H         PUBLIC        IP
  B:0090H.2       PUBLIC        magnet_overcurrent
  D:00D8H         PUBLIC        WDCON0
  C:11D8H         PUBLIC        _Magnet_Delay
  D:0098H         PUBLIC        SCON
  D:0088H         PUBLIC        TCON
  C:1677H         PUBLIC        Delay_100ms
  C:1691H         PUBLIC        Delay_500ms
  C:1199H         PUBLIC        _Custom_Delay
  C:1563H         PUBLIC        _delay_ms
  D:00E8H         PUBLIC        EIE
  D:00F8H         PUBLIC        ADCCON0
  C:16C5H         PUBLIC        _delay_us
BL51 BANKED LINKER/LOCATER V6.22                                                      08/01/2015  14:07:00  PAGE 20


  D:00C0H         PUBLIC        I2CON
  C:15F5H         PUBLIC        Delay_1ms
  D:00C8H         PUBLIC        T2CON
  C:160FH         PUBLIC        Delay_5ms
  C:16F6H         PUBLIC        _Delay
  D:00D0H         PUBLIC        PSW
  -------         PROC          DELAY_1MS
  C:15F5H         LINE#         15
  C:15F5H         LINE#         16
  C:15F5H         LINE#         17
  C:15FEH         LINE#         20
  C:160EH         LINE#         21
  -------         ENDPROC       DELAY_1MS
  -------         PROC          DELAY_5MS
  C:160FH         LINE#         23
  C:160FH         LINE#         24
  C:160FH         LINE#         25
  C:1618H         LINE#         28
  C:1628H         LINE#         29
  -------         ENDPROC       DELAY_5MS
  -------         PROC          DELAY_10MS
  C:1629H         LINE#         31
  C:1629H         LINE#         32
  C:1629H         LINE#         33
  C:1632H         LINE#         36
  C:1642H         LINE#         37
  -------         ENDPROC       DELAY_10MS
  -------         PROC          DELAY_12MS
  C:1643H         LINE#         39
  C:1643H         LINE#         40
  C:1643H         LINE#         41
  C:164CH         LINE#         44
  C:165CH         LINE#         45
  -------         ENDPROC       DELAY_12MS
  -------         PROC          DELAY_50MS
  C:165DH         LINE#         48
  C:165DH         LINE#         49
  C:165DH         LINE#         50
  C:1666H         LINE#         53
  C:1676H         LINE#         54
  -------         ENDPROC       DELAY_50MS
  -------         PROC          DELAY_100MS
  C:1677H         LINE#         57
  C:1677H         LINE#         58
  C:1677H         LINE#         59
  C:1680H         LINE#         62
  C:1690H         LINE#         63
  -------         ENDPROC       DELAY_100MS
  -------         PROC          DELAY_500MS
  C:1691H         LINE#         66
  C:1691H         LINE#         67
  C:1691H         LINE#         68
  C:169AH         LINE#         71
  C:16AAH         LINE#         72
  -------         ENDPROC       DELAY_500MS
  -------         PROC          _DELAY
  D:0007H         SYMBOL        n
BL51 BANKED LINKER/LOCATER V6.22                                                      08/01/2015  14:07:00  PAGE 21


  -------         DO            
  D:0004H         SYMBOL        x
  -------         ENDDO         
  C:16F6H         LINE#         79
  C:16F6H         LINE#         80
  C:16F6H         LINE#         82
  C:16FCH         LINE#         83
  C:16FCH         LINE#         84
  C:1700H         LINE#         85
  C:170CH         LINE#         87
  -------         ENDPROC       _DELAY
  -------         PROC          _CUSTOM_DELAY
  D:0007H         SYMBOL        t
  X:0024H         SYMBOL        m
  -------         DO            
  X:0026H         SYMBOL        i
  D:0006H         SYMBOL        j
  -------         ENDDO         
  C:1199H         LINE#         93
  C:11A0H         LINE#         94
  C:11A0H         LINE#         97
  C:11B2H         LINE#         98
  C:11D7H         LINE#         99
  -------         ENDPROC       _CUSTOM_DELAY
  -------         PROC          _DELAY_MS
  D:0006H         SYMBOL        count
  -------         DO            
  D:0004H         SYMBOL        i
  D:0002H         SYMBOL        j
  -------         ENDDO         
  C:1563H         LINE#         106
  C:1563H         LINE#         107
  C:1563H         LINE#         109
  C:156DH         LINE#         110
  C:156DH         LINE#         111
  C:157BH         LINE#         112
  C:1582H         LINE#         113
  -------         ENDPROC       _DELAY_MS
  -------         PROC          _DELAY_US
  D:0006H         SYMBOL        count1
  -------         DO            
  D:0004H         SYMBOL        i
  D:0003H         SYMBOL        j
  -------         ENDDO         
  C:16C5H         LINE#         121
  C:16C5H         LINE#         122
  C:16C5H         LINE#         125
  C:16CFH         LINE#         126
  C:16CFH         LINE#         127
  C:16D6H         LINE#         128
  C:16DDH         LINE#         129
  -------         ENDPROC       _DELAY_US
  -------         PROC          _MAGNET_DELAY
  X:0028H         SYMBOL        x
  D:0004H         SYMBOL        y
  -------         DO            
  D:0001H         SYMBOL        i
BL51 BANKED LINKER/LOCATER V6.22                                                      08/01/2015  14:07:00  PAGE 22


  D:0002H         SYMBOL        j
  -------         ENDDO         
  C:11D8H         LINE#         135
  C:11DFH         LINE#         136
  C:11DFH         LINE#         139
  C:11E1H         LINE#         140
  C:11E1H         LINE#         141
  C:11F5H         LINE#         142
  C:11FAH         LINE#         143
  C:11FCH         LINE#         144
  C:11FCH         LINE#         146
  C:11FFH         LINE#         147
  C:11FFH         LINE#         148
  C:1210H         LINE#         149
  C:1210H         LINE#         151
  C:1210H         LINE#         153
  C:1210H         LINE#         154
  C:1215H         LINE#         155
  -------         ENDPROC       _MAGNET_DELAY
  -------         ENDMOD        DELAY

  -------         MODULE        OPERATION
  C:0000H         SYMBOL        _ICE_DUMMY_
  D:0080H         PUBLIC        P0
  D:0090H         PUBLIC        P1
  B:0080H.3       PUBLIC        fell_sensor_detect
  D:00A0H         PUBLIC        P2
  D:00B0H         PUBLIC        P3
  D:00A8H         PUBLIC        IE
  B:0024H.4       PUBLIC        sensor_EN
  C:13DEH         PUBLIC        Detect_vibration
  C:198AH         PUBLIC        InitSensor
  D:00B8H         PUBLIC        IP
  X:002CH         PUBLIC        wire_broken_level
  C:17E6H         PUBLIC        Reset_after_wirebroken
  B:0080H.1       PUBLIC        wire_broken
  C:1750H         PUBLIC        Batstolen_Alarm_to_Slave
  C:1583H         PUBLIC        Reset_after_stolen_alarming
  D:00D8H         PUBLIC        WDCON0
  X:002DH         PUBLIC        wire_broken_time
  D:0098H         PUBLIC        SCON
  D:0088H         PUBLIC        TCON
  C:1000H         PUBLIC        Detect_close_action
  C:14B8H         PUBLIC        slave_nearby_operation
  B:00A0H.5       PUBLIC        key_rotate
  C:07D3H         PUBLIC        Detect_wheel_moving
  C:1995H         PUBLIC        Disable_sensor_after_IDcert
  B:0080H.7       PUBLIC        horizontal_sensor
  D:00E8H         PUBLIC        EIE
  C:1466H         PUBLIC        Detect_open_action
  B:0080H.2       PUBLIC        wheeled_rotate
  B:0080H.4       PUBLIC        raised_sensor_detect
  D:00F8H         PUBLIC        ADCCON0
  C:1542H         PUBLIC        Ensensor_after_slave_away
  D:00C0H         PUBLIC        I2CON
  C:15BFH         PUBLIC        ENsensor_After_Close
  C:0DA5H         PUBLIC        Detect_selflearn_action
BL51 BANKED LINKER/LOCATER V6.22                                                      08/01/2015  14:07:00  PAGE 23


  C:14DCH         PUBLIC        ENsensor_afterIDcert
  D:00C8H         PUBLIC        T2CON
  C:0FD8H         PUBLIC        SelfLearn_Reset
  C:173AH         PUBLIC        Raise_Alarm_to_Slave
  C:140DH         PUBLIC        slave_away_operation
  X:002FH         PUBLIC        key_rotate_off_time
  B:0024H.5       PUBLIC        enable_sensor_delayEN
  C:1724H         PUBLIC        Fell_Alarm_to_Slave
  D:00D0H         PUBLIC        PSW
  B:0080H.0       PUBLIC        sensor_detect
  C:1972H         PUBLIC        Host_stolen_action
  -------         PROC          SLAVE_AWAY_OPERATION
  C:140DH         LINE#         93
  C:140DH         LINE#         94
  C:140DH         LINE#         95
  C:1410H         LINE#         96
  C:1410H         LINE#         97
  C:1413H         LINE#         98
  C:1423H         LINE#         99
  C:1426H         LINE#         103
  C:1426H         LINE#         105
  C:1428H         LINE#         106
  C:142CH         LINE#         108
  C:1431H         LINE#         109
  C:1435H         LINE#         111
  C:1438H         LINE#         112
  C:143AH         LINE#         113
  -------         ENDPROC       SLAVE_AWAY_OPERATION
  -------         PROC          SLAVE_NEARBY_OPERATION
  C:14B8H         LINE#         119
  C:14B8H         LINE#         120
  C:14B8H         LINE#         121
  C:14BAH         LINE#         123
  C:14BCH         LINE#         124
  C:14C0H         LINE#         125
  C:14C2H         LINE#         126
  C:14C5H         LINE#         128
  C:14C8H         LINE#         129
  C:14C8H         LINE#         130
  C:14CBH         LINE#         131
  C:14CEH         LINE#         132
  C:14D8H         LINE#         133
  C:14DBH         LINE#         134
  C:14DBH         LINE#         135
  -------         ENDPROC       SLAVE_NEARBY_OPERATION
  -------         PROC          INITSENSOR
  C:198AH         LINE#         141
  C:198AH         LINE#         142
  C:198AH         LINE#         143
  C:198CH         LINE#         144
  C:198EH         LINE#         145
  C:1990H         LINE#         146
  C:1992H         LINE#         147
  C:1994H         LINE#         148
  -------         ENDPROC       INITSENSOR
  -------         PROC          HOST_STOLEN_ACTION
  C:1972H         LINE#         154
BL51 BANKED LINKER/LOCATER V6.22                                                      08/01/2015  14:07:00  PAGE 24


  C:1972H         LINE#         155
  C:1972H         LINE#         157
  C:1975H         LINE#         158
  C:1975H         LINE#         159
  C:1977H         LINE#         161
  C:197AH         LINE#         172
  C:197DH         LINE#         173
  C:197DH         LINE#         174
  -------         ENDPROC       HOST_STOLEN_ACTION
  -------         PROC          ENSENSOR_AFTERIDCERT
  C:14DCH         LINE#         181
  C:14DCH         LINE#         182
  C:14DCH         LINE#         183
  C:14DFH         LINE#         184
  C:14DFH         LINE#         186
  C:14E9H         LINE#         187
  C:14E9H         LINE#         188
  C:14EBH         LINE#         189
  C:14EDH         LINE#         190
  C:14F0H         LINE#         193
  C:14F8H         LINE#         194
  C:14F8H         LINE#         195
  C:14FBH         LINE#         196
  C:14FBH         LINE#         197
  C:14FDH         LINE#         199
  C:14FDH         LINE#         200
  C:14FDH         LINE#         201
  -------         ENDPROC       ENSENSOR_AFTERIDCERT
  -------         PROC          ENSENSOR_AFTER_CLOSE
  C:15BFH         LINE#         206
  C:15BFH         LINE#         207
  C:15BFH         LINE#         208
  C:15C5H         LINE#         209
  C:15C5H         LINE#         210
  C:15CFH         LINE#         211
  C:15CFH         LINE#         212
  C:15D1H         LINE#         213
  C:15D3H         LINE#         214
  C:15D6H         LINE#         215
  C:15D9H         LINE#         216
  C:15D9H         LINE#         217
  C:15D9H         LINE#         218
  -------         ENDPROC       ENSENSOR_AFTER_CLOSE
  -------         PROC          SELFLEARN_RESET
  C:0FD8H         LINE#         224
  C:0FD8H         LINE#         225
  C:0FD8H         LINE#         226
  C:0FDBH         LINE#         227
  C:0FDBH         LINE#         228
  C:0FE5H         LINE#         229
  C:0FE5H         LINE#         230
  C:0FE7H         LINE#         231
  C:0FE9H         LINE#         233
  C:0FEEH         LINE#         234
  C:0FF3H         LINE#         235
  C:0FF5H         LINE#         236
  C:0FF7H         LINE#         237
BL51 BANKED LINKER/LOCATER V6.22                                                      08/01/2015  14:07:00  PAGE 25


  C:0FF9H         LINE#         238
  C:0FFBH         LINE#         239
  C:0FFDH         LINE#         240
  C:0FFDH         LINE#         241
  C:0FFDH         LINE#         242
  -------         ENDPROC       SELFLEARN_RESET
  -------         PROC          FELL_ALARM_TO_SLAVE
  C:1724H         LINE#         248
  C:1724H         LINE#         249
  C:1724H         LINE#         250
  C:172FH         LINE#         251
  C:172FH         LINE#         252
  C:1734H         LINE#         253
  C:1739H         LINE#         254
  C:1739H         LINE#         255
  -------         ENDPROC       FELL_ALARM_TO_SLAVE
  -------         PROC          RAISE_ALARM_TO_SLAVE
  C:173AH         LINE#         261
  C:173AH         LINE#         262
  C:173AH         LINE#         263
  C:1745H         LINE#         264
  C:1745H         LINE#         265
  C:174AH         LINE#         266
  C:174FH         LINE#         267
  C:174FH         LINE#         268
  -------         ENDPROC       RAISE_ALARM_TO_SLAVE
  -------         PROC          BATSTOLEN_ALARM_TO_SLAVE
  C:1750H         LINE#         274
  C:1750H         LINE#         275
  C:1750H         LINE#         276
  C:175BH         LINE#         277
  C:175BH         LINE#         278
  C:1760H         LINE#         279
  C:1765H         LINE#         280
  C:1765H         LINE#         281
  -------         ENDPROC       BATSTOLEN_ALARM_TO_SLAVE
  -------         PROC          DISABLE_SENSOR_AFTER_IDCERT
  C:1995H         LINE#         286
  C:1995H         LINE#         287
  C:1995H         LINE#         288
  C:1998H         LINE#         289
  C:1998H         LINE#         290
  C:199AH         LINE#         292
  C:199DH         LINE#         293
  C:199DH         LINE#         294
  -------         ENDPROC       DISABLE_SENSOR_AFTER_IDCERT
  -------         PROC          RESET_AFTER_WIREBROKEN
  C:17E6H         LINE#         299
  C:17E6H         LINE#         300
  C:17E6H         LINE#         301
  C:17E9H         LINE#         302
  C:17E9H         LINE#         303
  C:17EBH         LINE#         304
  C:17EFH         LINE#         305
  C:17F1H         LINE#         306
  C:17F3H         LINE#         307
  C:17F5H         LINE#         308
BL51 BANKED LINKER/LOCATER V6.22                                                      08/01/2015  14:07:00  PAGE 26


  C:17F5H         LINE#         309
  -------         ENDPROC       RESET_AFTER_WIREBROKEN
  -------         PROC          RESET_AFTER_STOLEN_ALARMING
  C:1583H         LINE#         315
  C:1583H         LINE#         316
  C:1583H         LINE#         317
  C:1586H         LINE#         318
  C:1586H         LINE#         319
  C:1590H         LINE#         320
  C:1590H         LINE#         321
  C:1594H         LINE#         322
  C:1596H         LINE#         323
  C:1598H         LINE#         324
  C:159AH         LINE#         325
  C:159DH         LINE#         326
  C:15A0H         LINE#         327
  C:15A0H         LINE#         328
  C:15A0H         LINE#         329
  -------         ENDPROC       RESET_AFTER_STOLEN_ALARMING
  -------         PROC          ENSENSOR_AFTER_SLAVE_AWAY
  C:1542H         LINE#         334
  C:1542H         LINE#         335
  C:1542H         LINE#         336
  C:154BH         LINE#         337
  C:154BH         LINE#         338
  C:1555H         LINE#         339
  C:1555H         LINE#         340
  C:1558H         LINE#         341
  C:155AH         LINE#         342
  C:155CH         LINE#         343
  C:155FH         LINE#         344
  C:1562H         LINE#         345
  C:1562H         LINE#         346
  C:1562H         LINE#         347
  -------         ENDPROC       ENSENSOR_AFTER_SLAVE_AWAY
  -------         PROC          DETECT_SELFLEARN_ACTION
  C:0DA5H         LINE#         352
  C:0DA5H         LINE#         353
  C:0DA5H         LINE#         354
  C:0DA8H         LINE#         355
  C:0DA8H         LINE#         356
  C:0DABH         LINE#         357
  C:0DABH         LINE#         358
  C:0DB6H         LINE#         359
  C:0DC1H         LINE#         360
  C:0DC1H         LINE#         361
  C:0DC8H         LINE#         362
  C:0DCCH         LINE#         363
  C:0DCEH         LINE#         364
  C:0DCEH         LINE#         365
  C:0DD0H         LINE#         367
  C:0DD0H         LINE#         368
  C:0DDCH         LINE#         369
  C:0DDCH         LINE#         370
  C:0DE0H         LINE#         371
  C:0DE5H         LINE#         372
  C:0DE5H         LINE#         373
BL51 BANKED LINKER/LOCATER V6.22                                                      08/01/2015  14:07:00  PAGE 27


  C:0DE5H         LINE#         375
  C:0DEDH         LINE#         376
  C:0DEDH         LINE#         377
  C:0DEFH         LINE#         378
  C:0DF1H         LINE#         379
  C:0DF4H         LINE#         380
  C:0DF4H         LINE#         381
  C:0DF4H         LINE#         383
  C:0DF7H         LINE#         384
  C:0DF7H         LINE#         385
  C:0DF9H         LINE#         386
  C:0DFBH         LINE#         387
  C:0DFDH         LINE#         389
  C:0E00H         LINE#         391
  C:0E03H         LINE#         396
  C:0E03H         LINE#         397
  -------         ENDPROC       DETECT_SELFLEARN_ACTION
  -------         PROC          DETECT_OPEN_ACTION
  C:1466H         LINE#         402
  C:1466H         LINE#         403
  C:1466H         LINE#         405
  C:1471H         LINE#         406
  C:1471H         LINE#         407
  C:1474H         LINE#         408
  C:1479H         LINE#         409
  C:147BH         LINE#         411
  C:147FH         LINE#         412
  C:1481H         LINE#         413
  C:1484H         LINE#         414
  C:1486H         LINE#         415
  C:1489H         LINE#         416
  C:148CH         LINE#         418
  C:148EH         LINE#         419
  C:148EH         LINE#         420
  -------         ENDPROC       DETECT_OPEN_ACTION
  -------         PROC          DETECT_CLOSE_ACTION
  C:1000H         LINE#         425
  C:1000H         LINE#         426
  C:1000H         LINE#         427
  C:100DH         LINE#         428
  C:100DH         LINE#         429
  C:1013H         LINE#         430
  C:1013H         LINE#         431
  C:101EH         LINE#         432
  C:1029H         LINE#         433
  C:1029H         LINE#         434
  C:102FH         LINE#         435
  C:102FH         LINE#         436
  C:1032H         LINE#         438
  C:1036H         LINE#         439
  C:1039H         LINE#         440
  C:103BH         LINE#         441
  C:103DH         LINE#         442
  C:103DH         LINE#         443
  C:103DH         LINE#         444
  C:103DH         LINE#         445
  C:103EH         LINE#         446
BL51 BANKED LINKER/LOCATER V6.22                                                      08/01/2015  14:07:00  PAGE 28


  C:1041H         LINE#         447
  C:1047H         LINE#         448
  -------         ENDPROC       DETECT_CLOSE_ACTION
  -------         PROC          DETECT_VIBRATION
  C:13DEH         LINE#         453
  C:13DEH         LINE#         454
  C:13DEH         LINE#         455
  C:13E4H         LINE#         456
  C:13E4H         LINE#         457
  C:13E6H         LINE#         458
  C:13ECH         LINE#         459
  C:13ECH         LINE#         460
  C:13EFH         LINE#         461
  C:13EFH         LINE#         462
  C:1406H         LINE#         463
  C:1406H         LINE#         464
  C:1408H         LINE#         465
  C:140CH         LINE#         466
  C:140CH         LINE#         467
  C:140CH         LINE#         468
  -------         ENDPROC       DETECT_VIBRATION
  -------         PROC          DETECT_WHEEL_MOVING
  C:07D3H         LINE#         473
  C:07D3H         LINE#         474
  C:07D3H         LINE#         475
  C:07D6H         LINE#         476
  C:07D6H         LINE#         477
  C:07D8H         LINE#         478
  C:07DEH         LINE#         479
  C:07DEH         LINE#         480
  C:07E1H         LINE#         481
  C:07E1H         LINE#         482
  C:07F8H         LINE#         483
  C:07F8H         LINE#         484
  C:07FAH         LINE#         485
  C:07FEH         LINE#         486
  C:07FEH         LINE#         487
  C:07FEH         LINE#         488
  -------         ENDPROC       DETECT_WHEEL_MOVING
  -------         ENDMOD        OPERATION

  -------         MODULE        OTHER
  C:0000H         SYMBOL        _ICE_DUMMY_
  D:0080H         PUBLIC        P0
  D:0090H         PUBLIC        P1
  D:00A0H         PUBLIC        P2
  D:00B0H         PUBLIC        P3
  D:00A8H         PUBLIC        IE
  C:1949H         PUBLIC        _magnet_ACW_Taili
  B:00A0H.4       PUBLIC        Moto_EN
  D:00B8H         PUBLIC        IP
  D:00D8H         PUBLIC        WDCON0
  D:0098H         PUBLIC        SCON
  D:0088H         PUBLIC        TCON
  C:0003H         PUBLIC        Moto_Vibration
  C:193BH         PUBLIC        _magnet_ACW
  C:197EH         PUBLIC        Enable_sensor
BL51 BANKED LINKER/LOCATER V6.22                                                      08/01/2015  14:07:00  PAGE 29


  C:137DH         PUBLIC        _magnet_CW_Taili
  D:00E8H         PUBLIC        EIE
  C:1048H         PUBLIC        disable_sensor
  B:00A0H.2       PUBLIC        MagentControl_1
  B:00A0H.3       PUBLIC        MagentControl_2
  D:00F8H         PUBLIC        ADCCON0
  D:00C0H         PUBLIC        I2CON
  D:00C8H         PUBLIC        T2CON
  C:134CH         PUBLIC        _magnet_CW
  D:00D0H         PUBLIC        PSW
  B:0080H.5       PUBLIC        Externalmotor
  -------         PROC          _MAGNET_CW
  X:0031H         SYMBOL        x
  X:0033H         SYMBOL        y
  D:0003H         SYMBOL        z
  C:134CH         LINE#         44
  C:1359H         LINE#         45
  C:1359H         LINE#         47
  C:1362H         LINE#         49
  C:1364H         LINE#         50
  C:1366H         LINE#         51
  C:1376H         LINE#         52
  C:1378H         LINE#         53
  C:137AH         LINE#         54
  C:137CH         LINE#         55
  -------         ENDPROC       _MAGNET_CW
  -------         PROC          _MAGNET_CW_TAILI
  X:0035H         SYMBOL        x
  X:0037H         SYMBOL        y
  D:0003H         SYMBOL        z
  C:137DH         LINE#         61
  C:138AH         LINE#         62
  C:138AH         LINE#         64
  C:1393H         LINE#         66
  C:1395H         LINE#         67
  C:1397H         LINE#         68
  C:13A7H         LINE#         69
  C:13A9H         LINE#         70
  C:13ABH         LINE#         71
  C:13ADH         LINE#         72
  -------         ENDPROC       _MAGNET_CW_TAILI
  -------         PROC          _MAGNET_ACW
  D:0006H         SYMBOL        x
  D:0004H         SYMBOL        y
  C:193BH         LINE#         78
  C:193BH         LINE#         79
  C:193BH         LINE#         80
  C:193DH         LINE#         81
  C:193FH         LINE#         82
  C:1941H         LINE#         83
  C:1944H         LINE#         84
  C:1946H         LINE#         85
  C:1948H         LINE#         86
  -------         ENDPROC       _MAGNET_ACW
  -------         PROC          _MAGNET_ACW_TAILI
  D:0006H         SYMBOL        x
  D:0004H         SYMBOL        y
BL51 BANKED LINKER/LOCATER V6.22                                                      08/01/2015  14:07:00  PAGE 30


  C:1949H         LINE#         92
  C:1949H         LINE#         93
  C:1949H         LINE#         94
  C:194BH         LINE#         95
  C:194DH         LINE#         96
  C:194FH         LINE#         97
  C:1952H         LINE#         98
  C:1954H         LINE#         99
  C:1956H         LINE#         100
  -------         ENDPROC       _MAGNET_ACW_TAILI
  -------         PROC          DISABLE_SENSOR
  C:1048H         LINE#         106
  C:1048H         LINE#         107
  C:1048H         LINE#         109
  C:104AH         LINE#         110
  C:104CH         LINE#         112
  C:104EH         LINE#         113
  C:1050H         LINE#         114
  C:1054H         LINE#         115
  C:1057H         LINE#         116
  C:105AH         LINE#         117
  C:105FH         LINE#         118
  C:1064H         LINE#         119
  C:1069H         LINE#         120
  C:106CH         LINE#         121
  C:106FH         LINE#         122
  C:1071H         LINE#         123
  C:1073H         LINE#         124
  C:1075H         LINE#         125
  C:1078H         LINE#         126
  C:107AH         LINE#         127
  C:107DH         LINE#         129
  C:107FH         LINE#         132
  C:1082H         LINE#         133
  C:1084H         LINE#         135
  C:1086H         LINE#         136
  C:1089H         LINE#         138
  C:108BH         LINE#         139
  C:108EH         LINE#         140
  -------         ENDPROC       DISABLE_SENSOR
  -------         PROC          ENABLE_SENSOR
  C:197EH         LINE#         146
  C:197EH         LINE#         147
  C:197EH         LINE#         149
  C:1980H         LINE#         150
  C:1982H         LINE#         153
  C:1986H         LINE#         154
  C:1989H         LINE#         155
  -------         ENDPROC       ENABLE_SENSOR
  -------         PROC          MOTO_VIBRATION
  C:0003H         LINE#         161
  C:0003H         LINE#         162
  C:0003H         LINE#         163
  C:0005H         LINE#         164
  C:0008H         LINE#         165
  C:000AH         LINE#         166
  -------         ENDPROC       MOTO_VIBRATION
BL51 BANKED LINKER/LOCATER V6.22                                                      08/01/2015  14:07:00  PAGE 31


  -------         ENDMOD        OTHER

  -------         MODULE        PWM
  C:0000H         SYMBOL        _ICE_DUMMY_
  D:0080H         PUBLIC        P0
  D:0090H         PUBLIC        P1
  D:00A0H         PUBLIC        P2
  D:00B0H         PUBLIC        P3
  D:00DCH         PUBLIC        PWMCON0
  D:00D1H         PUBLIC        PWMPH
  D:00A8H         PUBLIC        IE
  D:00D9H         PUBLIC        PWMPL
  C:0CE3H         PUBLIC        _PWM_Channel
  D:00B8H         PUBLIC        IP
  C:19A7H         PUBLIC        myPwm
  D:00D8H         PUBLIC        WDCON0
  D:0098H         PUBLIC        SCON
  D:0088H         PUBLIC        TCON
  D:00E8H         PUBLIC        EIE
  D:00F8H         PUBLIC        ADCCON0
  D:00C0H         PUBLIC        I2CON
  X:0039H         PUBLIC        PWM_shadow
  D:00C8H         PUBLIC        T2CON
  C:16DEH         PUBLIC        Init_PWM
  D:00D2H         PUBLIC        PWM0H
  D:00D3H         PUBLIC        PWM1H
  D:00D5H         PUBLIC        PWM2H
  D:00D6H         PUBLIC        PWM3H
  D:00DAH         PUBLIC        PWM0L
  D:00DBH         PUBLIC        PWM1L
  D:00DDH         PUBLIC        PWM2L
  D:00DEH         PUBLIC        PWM3L
  D:00D0H         PUBLIC        PSW
  -------         PROC          INIT_PWM
  C:16DEH         LINE#         19
  C:16DEH         LINE#         20
  C:16DEH         LINE#         22
  C:16E1H         LINE#         24
  C:16E9H         LINE#         26
  C:16F2H         LINE#         27
  C:16F5H         LINE#         28
  -------         ENDPROC       INIT_PWM
  -------         PROC          _PWM_CHANNEL
  D:0007H         SYMBOL        Channel
  C:0CE3H         LINE#         34
  C:0CE3H         LINE#         35
  C:0CE3H         LINE#         36
  C:0CF1H         LINE#         37
  C:0CF1H         LINE#         39
  C:0CF1H         LINE#         40
  C:0CF1H         LINE#         41
  C:0CF9H         LINE#         42
  C:0D02H         LINE#         43
  C:0D05H         LINE#         44
  C:0D05H         LINE#         45
  C:0D06H         LINE#         47
  C:0D06H         LINE#         48
BL51 BANKED LINKER/LOCATER V6.22                                                      08/01/2015  14:07:00  PAGE 32


  C:0D06H         LINE#         49
  C:0D0EH         LINE#         50
  C:0D17H         LINE#         51
  C:0D1AH         LINE#         52
  C:0D1AH         LINE#         53
  C:0D1BH         LINE#         55
  C:0D1BH         LINE#         56
  C:0D1BH         LINE#         57
  C:0D23H         LINE#         58
  C:0D2CH         LINE#         59
  C:0D2FH         LINE#         60
  C:0D2FH         LINE#         61
  C:0D30H         LINE#         63
  C:0D30H         LINE#         64
  C:0D30H         LINE#         65
  C:0D38H         LINE#         66
  C:0D41H         LINE#         67
  C:0D44H         LINE#         68
  C:0D44H         LINE#         69
  C:0D44H         LINE#         70
  C:0D44H         LINE#         71
  -------         ENDPROC       _PWM_CHANNEL
  -------         PROC          MYPWM
  C:19A7H         LINE#         77
  C:19A7H         LINE#         78
  C:19A7H         LINE#         80
  C:19ACH         LINE#         82
  -------         ENDPROC       MYPWM
  -------         ENDMOD        PWM

  -------         MODULE        TIMER
  C:0000H         SYMBOL        _ICE_DUMMY_
  D:0080H         PUBLIC        P0
  D:0090H         PUBLIC        P1
  D:00A0H         PUBLIC        P2
  D:00B0H         PUBLIC        P3
  B:00A8H.7       PUBLIC        EA
  D:00A8H         PUBLIC        IE
  D:00B8H         PUBLIC        IP
  C:0EB1H         PUBLIC        _InitT0
  C:0A43H         PUBLIC        _InitTimer
  D:00D8H         PUBLIC        WDCON0
  D:0087H         PUBLIC        PCON
  D:0098H         PUBLIC        SCON
  X:003DH         PUBLIC        timer0_8H
  D:0089H         PUBLIC        TMOD
  D:0088H         PUBLIC        TCON
  X:003EH         PUBLIC        timer1_8H
  X:003FH         PUBLIC        timer0_8L
  C:19C7H         PUBLIC        hSCH_Start
  X:0040H         PUBLIC        timer1_8L
  B:00A8H.1       PUBLIC        ET0
  B:00A8H.3       PUBLIC        ET1
  D:008CH         PUBLIC        TH0
  D:008DH         PUBLIC        TH1
  D:008AH         PUBLIC        TL0
  D:008BH         PUBLIC        TL1
BL51 BANKED LINKER/LOCATER V6.22                                                      08/01/2015  14:07:00  PAGE 33


  D:00E8H         PUBLIC        EIE
  B:00B8H.3       PUBLIC        PT1
  B:0088H.4       PUBLIC        TR0
  B:0088H.6       PUBLIC        TR1
  C:1800H         PUBLIC        hSCH_Manual_Timer0_Reload
  D:00F8H         PUBLIC        ADCCON0
  D:00C0H         PUBLIC        I2CON
  D:00C8H         PUBLIC        T2CON
  C:19BCH         PUBLIC        sEOS_Go_To_Sleep
  D:00D0H         PUBLIC        PSW
  -------         PROC          _INITTIMER
  D:0007H         SYMBOL        Tick_ms_T0
  X:003BH         SYMBOL        Tick_us_T1
  -------         DO            
  D:0004H         SYMBOL        Inc_T0
  D:0004H         SYMBOL        Inc_T1
  D:0004H         SYMBOL        timer0_16
[...]
  B:0022H.5       PUBLIC        IDkey_flash_EN
  X:0072H         PUBLIC        ID_certificated_numbers
  X:0073H         PUBLIC        raise_wire_time
  B:00A0H.7       PUBLIC        transmiter_EN
  B:0022H.6       PUBLIC        Host_stolen_alarming
  D:008CH         PUBLIC        TH0
  B:0022H.7       PUBLIC        flashing_flag
  B:0080H.7       PUBLIC        horizontal_sensor
  D:008AH         PUBLIC        TL0
  B:0023H.0       PUBLIC        vibration_flag
  X:0074H         PUBLIC        fell_wire_time
  B:0023H.1       PUBLIC        host_stolen_alarm2_EN
  X:0075H         PUBLIC        After_IDcert_timecount
  D:00E8H         PUBLIC        EIE
  C:0026H         PUBLIC        timer0
  B:0080H.4       PUBLIC        raised_sensor_detect
  B:0023H.2       PUBLIC        ID_certificated_flag
  D:00F8H         PUBLIC        ADCCON0
  D:00C0H         PUBLIC        I2CON
  B:0023H.3       PUBLIC        wheeled_flag
  B:0023H.4       PUBLIC        EN_host_stolen_alarming
  B:0023H.5       PUBLIC        Check_Motobattery_flag
  X:0076H         PUBLIC        vibration_count
  X:0078H         PUBLIC        timer0_count
  X:007AH         PUBLIC        sensor_3rdstage_effcount
  D:00C8H         PUBLIC        T2CON
  X:007BH         PUBLIC        enable_sensor_delay_count
  X:007CH         PUBLIC        host_stolen_alarm1_count
  X:007DH         PUBLIC        host_stolen_alarm2_count
  X:007EH         PUBLIC        sensor_3rdstage_interval
  B:0023H.6       PUBLIC        ID_selflearning_flag
  B:0023H.7       PUBLIC        battery_stolen_EN
  B:0024H.0       PUBLIC        position_sensor_EN
  C:056CH         PUBLIC        uart_isr
  X:0080H         PUBLIC        wheeled_count
  X:0082H         PUBLIC        raised_fell_number
  B:0024H.1       PUBLIC        never_alarm_speech
BL51 BANKED LINKER/LOCATER V6.22                                                      08/01/2015  14:07:00  PAGE 51


  X:0084H         PUBLIC        Check_Motobattery_count
  B:0024H.2       PUBLIC        Battery_hint_flag
  X:0085H         PUBLIC        Open_action_flag
  X:0086H         PUBLIC        receive_HV_count
  X:0087H         PUBLIC        receive_LV_count
  B:0024H.3       PUBLIC        raised_flag
  X:0088H         PUBLIC        raised_alarm_count
  D:00D0H         PUBLIC        PSW
  B:0080H.0       PUBLIC        sensor_detect
  X:0089H         PUBLIC        Stolen_alarm_reset_count
  B:0080H.5       PUBLIC        Externalmotor
  -------         PROC          MAIN
  C:170DH         LINE#         131
  C:170DH         LINE#         132
  C:170DH         LINE#         133
  C:1710H         LINE#         135
  C:1717H         LINE#         140
  C:171AH         LINE#         142
  C:171DH         LINE#         145
  C:1720H         LINE#         147
  C:1722H         LINE#         149
  C:1722H         LINE#         150
  C:1722H         LINE#         151
  -------         ENDPROC       MAIN
  -------         PROC          TIMER0
  C:0026H         LINE#         159
  C:0043H         LINE#         162
  C:0048H         LINE#         163
  C:004DH         LINE#         166
  C:0064H         LINE#         167
  C:0064H         LINE#         169
  C:0068H         LINE#         172
  C:006BH         LINE#         173
  C:006BH         LINE#         174
  C:006DH         LINE#         175
  C:0070H         LINE#         176
  C:0072H         LINE#         177
  C:0075H         LINE#         178
  C:0079H         LINE#         179
  C:0079H         LINE#         183
  C:007CH         LINE#         184
  C:007FH         LINE#         193
  C:0082H         LINE#         196
  C:0085H         LINE#         204
  C:0088H         LINE#         207
  C:008BH         LINE#         209
  C:008EH         LINE#         210
  C:0091H         LINE#         211
  C:0094H         LINE#         212
  C:0094H         LINE#         215
  C:0097H         LINE#         218
  C:009AH         LINE#         219
  C:009DH         LINE#         220
  C:00A0H         LINE#         222
  C:00A3H         LINE#         223
  C:00A6H         LINE#         225
  C:00A9H         LINE#         226
BL51 BANKED LINKER/LOCATER V6.22                                                      08/01/2015  14:07:00  PAGE 52


  C:00A9H         LINE#         227
  C:00ABH         LINE#         228
  C:00AEH         LINE#         229
  C:00AEH         LINE#         235
  C:00B3H         LINE#         236
  C:00B3H         LINE#         238
  C:00C4H         LINE#         239
  C:00C4H         LINE#         241
  C:00C4H         LINE#         242
  C:00C4H         LINE#         245
  C:00D3H         LINE#         246
  C:00D3H         LINE#         248
  C:00DFH         LINE#         249
  C:00DFH         LINE#         250
  C:00E1H         LINE#         253
  C:00E5H         LINE#         257
  C:00E8H         LINE#         258
  C:00EBH         LINE#         259
  C:00EEH         LINE#         260
  C:00F1H         LINE#         261
  C:00F1H         LINE#         262
  C:00F3H         LINE#         264
  C:00F3H         LINE#         266
  C:00F7H         LINE#         267
  C:00F7H         LINE#         268
  C:00F7H         LINE#         269
  C:00F9H         LINE#         272
  C:00F9H         LINE#         273
  C:00F9H         LINE#         274
  C:00FFH         LINE#         275
  C:00FFH         LINE#         277
  C:0109H         LINE#         278
  C:0109H         LINE#         279
  C:010BH         LINE#         280
  C:0110H         LINE#         283
  C:0113H         LINE#         284
  C:0113H         LINE#         285
  C:0115H         LINE#         287
  C:0115H         LINE#         288
  C:0119H         LINE#         289
  C:0119H         LINE#         292
  C:0130H         LINE#         293
  C:0130H         LINE#         294
  C:0134H         LINE#         295
  C:0137H         LINE#         296
  C:013AH         LINE#         297
  C:013FH         LINE#         298
  C:013FH         LINE#         299
  C:013FH         LINE#         300
  C:0141H         LINE#         303
  C:0141H         LINE#         304
  C:0141H         LINE#         305
  C:0147H         LINE#         306
  C:0147H         LINE#         308
  C:0151H         LINE#         309
  C:0151H         LINE#         310
  C:0153H         LINE#         312
BL51 BANKED LINKER/LOCATER V6.22                                                      08/01/2015  14:07:00  PAGE 53


  C:0155H         LINE#         313
  C:0157H         LINE#         314
  C:0159H         LINE#         315
  C:015CH         LINE#         316
  C:015CH         LINE#         317
  C:015EH         LINE#         319
  C:015EH         LINE#         320
  C:0162H         LINE#         321
  C:0162H         LINE#         324
  C:0179H         LINE#         325
  C:0179H         LINE#         326
  C:017DH         LINE#         327
  C:0180H         LINE#         328
  C:0183H         LINE#         329
  C:0188H         LINE#         330
  C:018DH         LINE#         331
  C:0190H         LINE#         332
  C:0190H         LINE#         333
  C:0190H         LINE#         334
  C:0190H         LINE#         335
  C:0190H         LINE#         338
  C:0193H         LINE#         339
  C:0193H         LINE#         340
  C:0195H         LINE#         341
  C:0197H         LINE#         342
  C:019BH         LINE#         343
  C:019DH         LINE#         344
  C:019FH         LINE#         345
  C:01A5H         LINE#         346
  C:01A5H         LINE#         347
  C:01A7H         LINE#         348
  C:01A9H         LINE#         349
  C:01ACH         LINE#         350
  C:01ACH         LINE#         353
  C:01B4H         LINE#         354
  C:01B4H         LINE#         355
  C:01B6H         LINE#         356
  C:01B8H         LINE#         358
  C:01BAH         LINE#         359
  C:01BAH         LINE#         363
  C:01BDH         LINE#         364
  C:01BDH         LINE#         366
  C:01C0H         LINE#         367
  C:01C0H         LINE#         369
  C:01C8H         LINE#         370
  C:01C8H         LINE#         372
  C:01CAH         LINE#         373
  C:01CCH         LINE#         375
  C:01CFH         LINE#         376
  C:01CFH         LINE#         378
  C:01D1H         LINE#         379
  C:01D1H         LINE#         380
  C:01D1H         LINE#         381
  C:01D3H         LINE#         383
  C:01D3H         LINE#         384
  C:01D5H         LINE#         385
  C:01D9H         LINE#         386
BL51 BANKED LINKER/LOCATER V6.22                                                      08/01/2015  14:07:00  PAGE 54


  C:01DCH         LINE#         387
  C:01DEH         LINE#         388
  C:01DEH         LINE#         390
  C:01E1H         LINE#         391
  C:01E1H         LINE#         393
  C:01E9H         LINE#         394
  C:01E9H         LINE#         396
  C:01EBH         LINE#         397
  C:01EDH         LINE#         399
  C:01F0H         LINE#         400
  C:01F0H         LINE#         401
  C:01F2H         LINE#         402
  C:01F2H         LINE#         403
  C:01F2H         LINE#         404
  C:01F4H         LINE#         406
  C:01F4H         LINE#         407
  C:01F6H         LINE#         408
  C:01FAH         LINE#         409
  C:01FDH         LINE#         410
  C:01FFH         LINE#         411
  C:01FFH         LINE#         412
  C:01FFH         LINE#         415
  C:0202H         LINE#         416
  C:0202H         LINE#         417
  C:0219H         LINE#         418
  C:0219H         LINE#         419
  C:021BH         LINE#         420
  C:021FH         LINE#         421
  C:0221H         LINE#         423
  C:0224H         LINE#         424
  C:0227H         LINE#         425
  C:022AH         LINE#         426
  C:022FH         LINE#         427
  C:0234H         LINE#         428
  C:023DH         LINE#         429
  C:0241H         LINE#         430
  C:0244H         LINE#         431
  C:0244H         LINE#         432
  C:0244H         LINE#         433
  -------         ENDPROC       TIMER0
  -------         PROC          UART_ISR
  C:056CH         LINE#         438
  C:0589H         LINE#         440
  C:058EH         LINE#         441
  C:058EH         LINE#         442
  C:0590H         LINE#         443
  C:059AH         LINE#         447
  C:059FH         LINE#         448
  C:059FH         LINE#         450
  C:05ADH         LINE#         451
  C:05ADH         LINE#         452
  C:05B2H         LINE#         453
  C:05B4H         LINE#         454
  C:05C6H         LINE#         455
  C:05C6H         LINE#         456
  C:05CBH         LINE#         457
  C:05CDH         LINE#         458
BL51 BANKED LINKER/LOCATER V6.22                                                      08/01/2015  14:07:00  PAGE 55


  C:05E0H         LINE#         459
  C:05E0H         LINE#         460
  C:05E5H         LINE#         461
  C:05E7H         LINE#         462
  C:05F7H         LINE#         463
  C:05F7H         LINE#         464
  C:05FCH         LINE#         465
  C:05FEH         LINE#         466
  C:0610H         LINE#         467
  C:0610H         LINE#         468
  C:0615H         LINE#         469
  C:0617H         LINE#         494
  C:061DH         LINE#         495
  C:061DH         LINE#         496
  C:061FH         LINE#         497
  C:0621H         LINE#         498
  C:0623H         LINE#         501
  C:0623H         LINE#         502
  C:0627H         LINE#         503
  C:0627H         LINE#         506
  C:062CH         LINE#         507
  C:062CH         LINE#         508
  C:062EH         LINE#         509
  C:063EH         LINE#         510
  C:063EH         LINE#         511
  C:063EH         LINE#         512
  C:063EH         LINE#         513
  C:0640H         LINE#         514
  C:0644H         LINE#         515
  C:0646H         LINE#         516
  C:0649H         LINE#         517
  C:064DH         LINE#         518
  C:064DH         LINE#         519
  C:064FH         LINE#         521
  C:064FH         LINE#         522
  C:064FH         LINE#         523
  C:0651H         LINE#         524
  C:0654H         LINE#         525
  C:0654H         LINE#         526
  C:0656H         LINE#         528
  C:0656H         LINE#         529
  C:0656H         LINE#         530
  C:0658H         LINE#         531
  C:0658H         LINE#         532
  C:065AH         LINE#         533
  C:065AH         LINE#         534
  C:065AH         LINE#         536
  C:065AH         LINE#         538
  C:065AH         LINE#         548
  C:0665H         LINE#         549
  C:0665H         LINE#         550
  C:066AH         LINE#         551
  C:066CH         LINE#         552
  C:0679H         LINE#         553
  C:0679H         LINE#         554
  C:067EH         LINE#         555
  C:0680H         LINE#         556
BL51 BANKED LINKER/LOCATER V6.22                                                      08/01/2015  14:07:00  PAGE 56


  C:0684H         LINE#         557
  C:0684H         LINE#         558
  C:0689H         LINE#         559
  C:068BH         LINE#         560
  C:0692H         LINE#         561
  C:0692H         LINE#         562
  C:0695H         LINE#         563
  C:0697H         LINE#         564
  C:069BH         LINE#         565
  C:069BH         LINE#         566
  C:06A0H         LINE#         567
  C:06A2H         LINE#         568
  C:06A6H         LINE#         569
  C:06A6H         LINE#         570
  C:06ABH         LINE#         571
  C:06ADH         LINE#         572
  C:06B3H         LINE#         573
  C:06B3H         LINE#         574
  C:06B5H         LINE#         575
  C:06B7H         LINE#         576
  C:06BAH         LINE#         577
  C:06BCH         LINE#         579
  C:06BCH         LINE#         580
  C:06BEH         LINE#         581
  C:06BEH         LINE#         583
  C:06BEH         LINE#         584
  C:06BEH         LINE#         585
  -------         ENDPROC       UART_ISR
  -------         ENDMOD        MAIN

  -------         MODULE        ?C?CLDPTR
  C:03F5H         PUBLIC        ?C?CLDPTR
  -------         ENDMOD        ?C?CLDPTR

  -------         MODULE        ?C?LMUL
  C:040EH         PUBLIC        ?C?LMUL
  -------         ENDMOD        ?C?LMUL

  -------         MODULE        ?C?ULDIV
  C:0499H         PUBLIC        ?C?ULDIV
  -------         ENDMOD        ?C?ULDIV

  -------         MODULE        ?C?LNEG
  C:052BH         PUBLIC        ?C?LNEG
  -------         ENDMOD        ?C?LNEG

  -------         MODULE        ?C?ICALL
  C:0539H         PUBLIC        ?C?ICALL
  C:053DH         PUBLIC        ?C?ICALL2
  -------         ENDMOD        ?C?ICALL

  -------         MODULE        ?C?LIMUL
  C:053FH         PUBLIC        ?C?LIMUL
  -------         ENDMOD        ?C?LIMUL

*** WARNING L16: UNCALLED SEGMENT, IGNORED FOR OVERLAY PROCESS
    SEGMENT: ?PR?_COMMODE_DATA?COMMUNICATION
BL51 BANKED LINKER/LOCATER V6.22                                                      08/01/2015  14:07:00  PAGE 57



*** WARNING L16: UNCALLED SEGMENT, IGNORED FOR OVERLAY PROCESS
    SEGMENT: ?PR?_COMMODE_DATA_WX?COMMUNICATION

*** WARNING L16: UNCALLED SEGMENT, IGNORED FOR OVERLAY PROCESS
    SEGMENT: ?PR?_UART_SEND_DATA_F?COMMUNICATION

*** WARNING L16: UNCALLED SEGMENT, IGNORED FOR OVERLAY PROCESS
    SEGMENT: ?PR?UART_SEND_DATA_MATCH?COMMUNICATION

*** WARNING L16: UNCALLED SEGMENT, IGNORED FOR OVERLAY PROCESS
    SEGMENT: ?PR?RECEIVE_BYTE?COMMUNICATION

*** WARNING L16: UNCALLED SEGMENT, IGNORED FOR OVERLAY PROCESS
    SEGMENT: ?PR?RECEIVE_BYTE_LOCK?COMMUNICATION

*** WARNING L16: UNCALLED SEGMENT, IGNORED FOR OVERLAY PROCESS
    SEGMENT: ?PR?RECEIVE_WORD?COMMUNICATION

*** WARNING L16: UNCALLED SEGMENT, IGNORED FOR OVERLAY PROCESS
    SEGMENT: ?PR?DELAY_1MS?DELAY

*** WARNING L16: UNCALLED SEGMENT, IGNORED FOR OVERLAY PROCESS
    SEGMENT: ?PR?DELAY_100MS?DELAY

*** WARNING L16: UNCALLED SEGMENT, IGNORED FOR OVERLAY PROCESS
    SEGMENT: ?PR?_DELAY_MS?DELAY

*** WARNING L16: UNCALLED SEGMENT, IGNORED FOR OVERLAY PROCESS
    SEGMENT: ?PR?ENSENSOR_AFTERIDCERT?OPERATION

*** WARNING L16: UNCALLED SEGMENT, IGNORED FOR OVERLAY PROCESS
    SEGMENT: ?PR?FELL_ALARM_TO_SLAVE?OPERATION

*** WARNING L16: UNCALLED SEGMENT, IGNORED FOR OVERLAY PROCESS
    SEGMENT: ?PR?RAISE_ALARM_TO_SLAVE?OPERATION

*** WARNING L16: UNCALLED SEGMENT, IGNORED FOR OVERLAY PROCESS
    SEGMENT: ?PR?BATSTOLEN_ALARM_TO_SLAVE?OPERATION

*** WARNING L16: UNCALLED SEGMENT, IGNORED FOR OVERLAY PROCESS
    SEGMENT: ?PR?_MAGNET_CW?OTHER

*** WARNING L16: UNCALLED SEGMENT, IGNORED FOR OVERLAY PROCESS
    SEGMENT: ?PR?_MAGNET_CW_TAILI?OTHER

*** WARNING L16: UNCALLED SEGMENT, IGNORED FOR OVERLAY PROCESS
    SEGMENT: ?PR?_MAGNET_ACW?OTHER

*** WARNING L16: UNCALLED SEGMENT, IGNORED FOR OVERLAY PROCESS
    SEGMENT: ?PR?_MAGNET_ACW_TAILI?OTHER

*** WARNING L16: UNCALLED SEGMENT, IGNORED FOR OVERLAY PROCESS
    SEGMENT: ?PR?MOTO_VIBRATION?OTHER

*** WARNING L16: UNCALLED SEGMENT, IGNORED FOR OVERLAY PROCESS
    SEGMENT: ?PR?MYPWM?PWM
BL51 BANKED LINKER/LOCATER V6.22                                                      08/01/2015  14:07:00  PAGE 58



*** WARNING L16: UNCALLED SEGMENT, IGNORED FOR OVERLAY PROCESS
    SEGMENT: ?PR?_INITTIMER?TIMER

*** WARNING L16: UNCALLED SEGMENT, IGNORED FOR OVERLAY PROCESS
    SEGMENT: ?PR?HSCH_START?TIMER

*** WARNING L16: UNCALLED SEGMENT, IGNORED FOR OVERLAY PROCESS
    SEGMENT: ?PR?SEOS_GO_TO_SLEEP?TIMER

*** WARNING L16: UNCALLED SEGMENT, IGNORED FOR OVERLAY PROCESS
    SEGMENT: ?PR?HOST_2NDTOUCH_SPEECH?VOICE

*** WARNING L16: UNCALLED SEGMENT, IGNORED FOR OVERLAY PROCESS
    SEGMENT: ?PR?BATTERY_STOLEN_SPEECH?VOICE

*** WARNING L16: UNCALLED SEGMENT, IGNORED FOR OVERLAY PROCESS
    SEGMENT: ?PR?CUTTING_WIRE_VOICE?VOICE

*** WARNING L16: UNCALLED SEGMENT, IGNORED FOR OVERLAY PROCESS
    SEGMENT: ?PR?PRODUCT_TEST_VOICE?VOICE

*** WARNING L16: UNCALLED SEGMENT, IGNORED FOR OVERLAY PROCESS
    SEGMENT: ?PR?BATTERY_LOW_ALARM_SPEECH?VOICE

*** WARNING L16: UNCALLED SEGMENT, IGNORED FOR OVERLAY PROCESS
    SEGMENT: ?PR?BATTERY_HIGH_ALARM_SPEECH?VOICE

*** WARNING L16: UNCALLED SEGMENT, IGNORED FOR OVERLAY PROCESS
    SEGMENT: ?PR?ALARM_STOLEN_SPEECH?VOICE

*** WARNING L16: UNCALLED SEGMENT, IGNORED FOR OVERLAY PROCESS
    SEGMENT: ?PR?ALARM_RAISED_SPEECH?VOICE

*** WARNING L16: UNCALLED SEGMENT, IGNORED FOR OVERLAY PROCESS
    SEGMENT: ?PR?ALARM_FELL_SPEECH?VOICE

*** WARNING L16: UNCALLED SEGMENT, IGNORED FOR OVERLAY PROCESS
    SEGMENT: ?PR?HOST_BATTERY_HIGH_ALARM_SPEECH?VOICE

*** WARNING L16: UNCALLED SEGMENT, IGNORED FOR OVERLAY PROCESS
    SEGMENT: ?PR?BATTERY_STOLEN_SPEECH_F3?VOICE

*** WARNING L16: UNCALLED SEGMENT, IGNORED FOR OVERLAY PROCESS
    SEGMENT: ?PR?WIRE_BROKEN_SPEECH?VOICE

*** WARNING L16: UNCALLED SEGMENT, IGNORED FOR OVERLAY PROCESS
    SEGMENT: ?PR?LOCK_ROTATED_ON_SPEECH?VOICE

*** WARNING L16: UNCALLED SEGMENT, IGNORED FOR OVERLAY PROCESS
    SEGMENT: ?PR?LOCK_ROTATED_OFF_SPEECH?VOICE

*** WARNING L16: UNCALLED SEGMENT, IGNORED FOR OVERLAY PROCESS
    SEGMENT: ?PR?_FLASH_READ_DATA?ISP_DATAFLASH

*** WARNING L16: UNCALLED SEGMENT, IGNORED FOR OVERLAY PROCESS
    SEGMENT: ?PR?SELF_LEARN_PROGRAMMING_F?ISP_DATAFLASH
BL51 BANKED LINKER/LOCATER V6.22                                                      08/01/2015  14:07:00  PAGE 59



*** WARNING L16: UNCALLED SEGMENT, IGNORED FOR OVERLAY PROCESS
    SEGMENT: ?PR?ELECMOTOR_TEST?ELECMOTOR

*** WARNING L16: UNCALLED SEGMENT, IGNORED FOR OVERLAY PROCESS
    SEGMENT: ?PR?HSCH_DISPATCH_TASKS?SCHEDULAR

*** WARNING L16: UNCALLED SEGMENT, IGNORED FOR OVERLAY PROCESS
    SEGMENT: ?PR?_HSCH_ADD_TASK?SCHEDULAR

*** WARNING L16: UNCALLED SEGMENT, IGNORED FOR OVERLAY PROCESS
    SEGMENT: ?PR?HSCH_UPDATE?SCHEDULAR

*** WARNING L15: MULTIPLE CALL TO SEGMENT
    SEGMENT: ?PR?_SC_SPEECH?VOICE
    CALLER1: ?PR?TIMER0?MAIN
    CALLER2: ?PR?UART_ISR?MAIN

Program Size: data=54.1 xdata=146 code=6609
LINK/LOCATE RUN COMPLETE.  44 WARNING(S),  0 ERROR(S)
