C51 COMPILER V9.54   ELECMOTOR                                                             08/01/2015 14:07:00 PAGE 1   


C51 COMPILER V9.54, COMPILATION OF MODULE ELECMOTOR
OBJECT MODULE PLACED IN .\ElecMotor.obj
COMPILER INVOKED BY: D:\Program Files (x86)\Keil_v5\C51\BIN\C51.EXE ..\Library\ElecMotor.c COMPACT ROM(COMPACT) OPTIMIZE
                    -(8,SPEED) BROWSE INCDIR(..\Library) DEBUG OBJECTEXTEND PRINT(.\ElecMotor.lst) TABS(3) OBJECT(.\ElecMotor.obj)

line level    source

   1          /*---------------------------------------------------
   2             ElecMotor.c (v1.00)
   3             
   4             All programs related to Electric Motor in Main board
   5          ---------------------------------------------------*/ 
   6          
   7          #include "main.h"
   8          #include "port.h"
   9          
  10          #include "ElecMotor.h"
  11          #include "Delay.h"
  12          #include "communication.h"
  13          
  14          /*------- Public variable declarations -----------------*/
  15          extern tByte myTxRxData[7];
  16          
  17          bit CW_flag = 0;
  18          tByte Elecmotor_duration_G;
  19          
  20          /*-------------------------------------------------------
  21             InitElecmotor()
  22          --------------------------------------------------------*/
  23          void InitElecmotor(void)
  24             {
  25   1         #ifdef Guxingzha
  26   1         ElecMotor_ACW();
  27   1         #endif
  28   1         
  29   1         #ifdef Suidongzha
                 ElecMotor_CW();
                 #endif
  32   1         }
  33          /*-------------------------------------------------------
  34             ElecMotor_CW()
  35             Electric Motor rotates clockwise.
  36          --------------------------------------------------------*/
  37          void ElecMotor_CW(void)
  38             {
  39   1         ElecMotor_code();
  40   1      
  41   1         MagentControl_1 = 1;
  42   1         MagentControl_2 = 0;
  43   1         ElecMotor_Delay_CW();
  44   1         MagentControl_1 = 1;
  45   1         MagentControl_2 = 1;
  46   1         Externalmotor = 0;
  47   1         }
  48          
  49          /*-------------------------------------------------------
  50             ElecMotor_ACW()
  51             Electric Motor rotates anticlockwise.
  52          --------------------------------------------------------*/
  53          void ElecMotor_ACW(void)
  54             {
C51 COMPILER V9.54   ELECMOTOR                                                             08/01/2015 14:07:00 PAGE 2   

  55   1         Externalmotor = 1;
  56   1         MagentControl_1 = 0;
  57   1         MagentControl_2 = 1;
  58   1         ElecMotor_Delay_ACW();
  59   1         MagentControl_1 = 1;
  60   1         MagentControl_2 = 1;
  61   1         }
  62          
  63          /*--------------------------------------------------
  64             ElecMotor_code()
  65             send the code to Electric Motor.
  66          ---------------------------------------------------*/
  67          void ElecMotor_code(void)  
  68             {  
  69   1         tByte i,n;
  70   1         myTxRxData[0]=CmdHead;
  71   1         myTxRxData[1]=MyAddress;
  72   1         myTxRxData[2]=ComMode_1;
  73   1         
  74   1         for(i=0;i<3;i++)
  75   1            {
  76   2            for(n=0;n<8;n++)
  77   2               {
  78   3               if((myTxRxData[i]&0x80) == 0x80)
  79   3                  {
  80   4                  MagentControl_2 = 0;
  81   4                  Delay_12ms();
  82   4                  }
  83   3               else
  84   3                  {
  85   4                  MagentControl_2 = 0;
  86   4                  Delay_5ms();
  87   4                  }
  88   3               MagentControl_2 = 1; 
  89   3               myTxRxData[i] <<= 1;
  90   3               Delay_5ms();
  91   3               }
  92   2            }
  93   1         }
  94          
  95          /*----------------------------------------------------
  96             ElecMotor_Delay_CW()
  97             Delay program for Electric Motor.
  98          -----------------------------------------------------*/
  99          void ElecMotor_Delay_CW(void)
 100             {
 101   1         Delay_500ms();
 102   1         Delay_500ms();
 103   1         Delay_500ms();
 104   1         Delay_500ms();
 105   1      
 106   1         Delay_500ms();
 107   1         Delay_500ms();
 108   1         Delay_500ms();
 109   1         Delay_500ms();
 110   1         
 111   1         if(ElecMotor_overcurrent == 0)
 112   1            {
 113   2            Delay_500ms();
 114   2            Delay_500ms();
 115   2            }
 116   1         }
C51 COMPILER V9.54   ELECMOTOR                                                             08/01/2015 14:07:00 PAGE 3   

 117          /*----------------------------------------------------
 118             ElecMotor_Delay_ACW()
 119             Delay program for Electric Motor.
 120          -----------------------------------------------------*/
 121          void ElecMotor_Delay_ACW(void)
 122             {
 123   1         Delay_500ms();
 124   1         Delay_500ms();
 125   1      
 126   1         Delay_500ms();
 127   1         Delay_500ms();
 128   1         Delay_500ms();
 129   1         Delay_500ms();
 130   1         Delay_500ms();
 131   1         Delay_500ms();
 132   1      
 133   1         if(ElecMotor_overcurrent == 0)
 134   1            {
 135   2            Delay_500ms();
 136   2            Delay_500ms();
 137   2            }
 138   1         }
 139          
 140          /*----------------------------------------------------
 141             ElecMotor_test()
 142             Delay program for Electric Motor.
 143          -----------------------------------------------------*/
 144          void ElecMotor_test(void)
 145             {
 146   1         if(CW_flag == 1)
 147   1            {
 148   2            Elecmotor_duration_G += 1;
 149   2            if(Elecmotor_duration_G >= 10)
 150   2               {
 151   3               Elecmotor_duration_G = 0;
 152   3               ElecMotor_CW();
 153   3               CW_flag = 0;
 154   3               }
 155   2            }
 156   1         else
 157   1            {
 158   2            Elecmotor_duration_G += 1;
 159   2            if(Elecmotor_duration_G >= 10)
 160   2               {
 161   3               Elecmotor_duration_G = 0;
 162   3               ElecMotor_ACW();
 163   3               CW_flag = 1;
 164   3               }     
 165   2            }
 166   1         }
 167          
 168          /*---------------------------------------------------
 169             end of file
 170          ----------------------------------------------------*/


MODULE INFORMATION:   STATIC OVERLAYABLE
   CODE SIZE        =    229    ----
   CONSTANT SIZE    =   ----    ----
   XDATA SIZE       =   ----    ----
   PDATA SIZE       =      1       2
   DATA SIZE        =   ----    ----
C51 COMPILER V9.54   ELECMOTOR                                                             08/01/2015 14:07:00 PAGE 4   

   IDATA SIZE       =   ----    ----
   BIT SIZE         =      1    ----
END OF MODULE INFORMATION.


C51 COMPILATION COMPLETE.  0 WARNING(S),  0 ERROR(S)
