C51 COMPILER V9.54   MAIN                                                                  06/04/2017 11:50:55 PAGE 1   


C51 COMPILER V9.54, COMPILATION OF MODULE MAIN
OBJECT MODULE PLACED IN Main.OBJ
COMPILER INVOKED BY: D:\Program Files\Keil_v5\C51\BIN\C51.EXE Main.c COMPACT ROM(COMPACT) OPTIMIZE(8,SPEED) BROWSE INCDI
                    -R(..\Library) DEBUG OBJECTEXTEND TABS(2)

line level    source

   1          /*---------------------------------------------------
   2            main.c (v1.00)
   3          
   4            DDC-Z program, for electrocar.
   5          ----------------------------------------------------*/
   6          
   7          //
   8          #include "Main.h"
   9          #include "port.h"
  10          
  11          #include "AD.h"
  12          #include "voice.h"
  13          #include "pwm.h"
  14          #include "Timer.h"
  15          #include "Delay.h"
  16          #include "communication.h"
  17          #include "Battery.h"
  18          #include "Other.h"
  19          #include "operation.h"
  20          #include "UART.h"
  21          #include "ISP_DataFlash.h"
  22          #include "schedular.h"
  23          #include "ElecMotor.h"
*** ERROR C141 IN LINE 19 OF ..\Library\ElecMotor.h: syntax error near '<<'
*** ERROR C129 IN LINE 20 OF ..\Library\ElecMotor.h: missing ';' before '=='
  24          
  25          
  26          /*------- Public variable declarations --------------------------*/
  27          extern tByte timer0_8H, timer0_8L, timer1_8H, timer1_8L;
  28          extern bit enable_sensor_delayEN;
  29          extern bit sensor_EN;
  30          
  31          /*------- Public variable definitions --------------------------*/
  32          bit ID_certificated_flag = 0;     // Flagged once ID card or Slave certificated successfully.
  33          tByte ID_certificated_numbers = 0;  // Numbers of ID certificated.
  34          
  35          bit Host_stolen_alarming = 0;     // Host stolen is alarming, don't detect vibration for 1st stage.
  36          
  37          // ------ Private variable definitions -----------------------------
  38          bit position_sensor_EN=0;     //Œª÷√¥´∏–∆˜£¨º¥µπµÿÃß∆¥´∏–∆˜◊‹ø™πÿ£¨1µƒ ±∫Ú£¨ºÏ≤‚’‚¡Ω∏ˆ¥´∏–∆˜
  39          bit EN_host_stolen_alarming = 0;      //≈–∂œŒ™±ªµ¡±®æØ∫Ûµƒµ⁄“ª∂Œ”Ô“Ù πƒ‹
  40          bit host_stolen_alarm2_EN = 0;      //≈–∂œŒ™±ªµ¡±®æØ∫Ûµƒµ⁄∂˛∂Œ”Ô“Ù πƒ‹
  41          tByte host_stolen_alarm1_count = 0;   //≈–∂œŒ™±ªµ¡±®æØ∫Ûµƒµ⁄“ª∂Œ”Ô“Ù¥Œ ˝
  42          tByte host_stolen_alarm2_count = 0;   //≈–∂œŒ™±ªµ¡±®æØ∫Ûµƒµ⁄∂˛∂Œ”Ô“Ù¥Œ ˝
  43          bit fell_flag=0;            //≈–∂œ÷˜ª˙µπœ¬∫Û£¨÷√1
  44          bit raised_flag=0;          //≈–∂œ÷˜ª˙±ªÃß∆∫Û£¨÷√1
  45          tByte sensor_2ndstage_count = 0;    //¥´∏–∆˜Ω¯»Îµ⁄∂˛Ω◊∂ŒºÏ≤‚ ±£¨º∆À„µÕµÁ∆Ωµƒ ±º‰
  46          tWord sensor_3rdstage_time = 0;     //¥´∏–∆˜Ω¯»Îµ⁄»˝Ω◊∂Œµƒ ±º‰£¨
  47          tByte sensor_3rdstage_effcount = 0;   //¥´∏–∆˜Ω¯»Îµ⁄»˝Ω◊∂Œ∫Û£¨”––ß¥•≈ˆ¥Œ ˝µƒº∆ ˝
  48          tByte sensor_3rdstage_count = 0;      //¥´∏–∆˜Ω¯»Îµ⁄»˝Ω◊∂Œ∫Û£¨µÕµÁ∆Ωµƒº∆ ˝
  49          tWord sensor_3rdstage_interval = 0;   //¥´∏–∆˜‘⁄µ⁄»˝Ω◊∂Œ÷–£¨√ø¥Œ”––ßµÕµÁ∆Ωº∆ ˝÷Æº‰µƒ ±º‰º‰∏Ù°£‘⁄’‚∆⁄º‰µƒµÕµ
             -Á∆Ω≤ª»œŒ™”––ß°£
  50          bit raised_fell_flag = 0;         //µπµÿªÚ’ﬂÃß∆¥•∑¢∫Û£¨¥À±Í÷æŒª÷√1
  51          tByte sensor_trigger_count=0;   //¥´∏–∆˜¥•∑¢º∆ ˝
C51 COMPILER V9.54   MAIN                                                                  06/04/2017 11:50:55 PAGE 2   

  52          tWord sensor_2ndstage_time=0;   //¥´∏–∆˜Ω¯»Îµ⁄∂˛Ω◊∂Œ∫Û¡˜ ≈ ±º‰µƒº∆ ˝
  53          tByte sensor_1ststage_count=0;  //¥´∏–∆˜µ⁄“ªΩ◊∂Œ≈–∂œµÕµÁ∆Ωµƒº∆ ˝
  54          
  55          tByte raised_alarm_count = 0;    //÷˜ª˙±ªÃß∆∫Û£¨œÚ∏Ωª˙∑¢≥ˆ±®æØ–≈∫≈µƒ¥Œ ˝
  56          tByte fell_alarm_count = 0;        //÷˜ª˙µπµÿ∫Û£¨œÚ∏Ωª˙∑¢≥ˆ±®æØ–≈∫≈µƒ¥Œ ˝
  57          tWord timer0_count=0;   // counter for timer0, increment every ticket       
  58          tByte received_data_buffer[7]={0x00,0x00,0x00,0x00,0x00,0x00,0x00};   //Ω” ’ ˝æ›ª∫¥Ê
  59          bit receive_data_finished_flag = 0;   //Ω” ’’‚“ª¥Æ ˝æ›ÕÍ≥…∫Û£¨¥À±Í÷æŒª÷√1
  60          tByte data_count = 0;       //Ω” ’ ˝æ›ª∫¥ÊµƒŒª ˝£¨º¥±Ì√˜µ⁄º∏∏ˆª∫¥Ê ˝æ›
  61          tByte one_receive_byte = 0;   //Ω” ’ ˝æ›µƒ“ª∏ˆ◊÷Ω⁄£¨Ω” ’ÕÍ∫ÛΩ´∆‰∏≥÷µ∏¯received_data_bufferœ‡∂‘”¶µƒ◊÷Ω⁄
  62          tByte one_receive_byte_count = 0;     //one_receive_byte”–8Œª£¨¥Àº∆ ˝±Ì√˜Ω” ’µΩµ⁄º∏Œª£¨√ø¥Œº∆ ˝µΩ8µƒ ±∫Ú±Ì√˜
             -“ª∏ˆ◊÷Ω⁄Ω” ’ÕÍ≥…°£
  63          bit receive_wire_flag = 1;    //Ω” ’Õ®–≈œﬂµƒ±Í÷æŒª£¨1±Ì√˜∏ﬂµÁ∆Ω£¨0±Ì√˜µÕµÁ∆Ω£¨√ø¥Œtimer1“Á≥ˆ ±£¨≈–∂œP1.1“ª¥Œ
             -°£“‘¥À¿¥±Ì√˜ «∑ÒŒ™“ª¥Œ’˝»∑µƒœ¬Ωµ—ÿ
  64          tByte receive_HV_count = 0;   //∂® ±∆˜T1‘⁄√ª”––≈∫≈µΩ¿¥µƒ ±∫Ú£¨∂‘∏ﬂµÁ∆Ωº∆ ˝£¨“ªµ©≥¨π˝ƒ≥∏ˆ÷µ£¨‘ÚΩ´one_receive
             -_byte_count«Â0
  65          tByte receive_LV_count = 0;   //√ø¥Œtimer1“Á≥ˆ ±≈–∂œΩ” ’œﬂ»Áπ˚Œ™LV£¨‘Úº∆ ˝º”1£¨“‘¥À¿¥±Ì√˜µÕµÁ∆Ωµƒ ±º‰
  66          tByte fell_wire_time=0;         //µπµÿºÏ≤‚œﬂ£¨ºÏ≤‚µÕµÁ∆Ωµƒ ±º‰
  67          tByte raise_wire_time=0;      //Ãß∆ºÏ≤‚œﬂ£¨ºÏ≤‚µÕµÁ∆Ωµƒ ±º‰
  68          tWord raised_fell_number = 0;       //µπµÿªÚ’ﬂÃß∆≥ˆ∑¢∫Û£¨º∆ ˝£¨µΩ¥Ô“ª∂® ˝÷µ∫Û£¨Ω´∆‰”Î±Í÷æŒª“ª∆«Â¡„°£
  69          bit raised_fell_once_flag = 0;      //raised_fell_flag «∑Ò‘¯æ≠±Í÷æπ˝£¨»Áπ˚±Í÷æπ˝‘Ú÷√1.»ª∫Û÷˜ª˙±ªª÷∏¥µπµÿªÚ’ﬂª
             -÷∏¥Ãß∆ ±£¨¥À±Í÷æŒª∏¥Œª°£
  70          tByte Open_action_flag = 0;     //µÁ∂Ø≥µø™∆Ùπÿ±’±Í÷æŒª£¨1±Ì æµÁ∂Ø≥µø™∆Ù¡À£¨0±Ì æµÁ∂Ø≥µπÿ±’¡À
  71          tWord ADC_check_result = 0;   //◊˜Œ™ADºÏ≤‚÷µ
  72          
  73          
  74          tWord load_battery_result = 0xfff;
  75          tByte wire_broken_count = 0;    // ◊˜Œ™∂œœﬂ∫Ûµƒ ±º‰ºÏ≤‚
  76          bit battery_stolen_EN = 0;      // ◊˜Œ™µÁ≥ÿ±ªµ¡µƒ πƒ‹∂À
  77          tByte battery_stolen_count = 0; // ◊˜Œ™µÁ≥ÿ±ªµ¡µƒ±®æØ¥Œ ˝
  78          bit horizontal_vibration = 0;   // ±Ì æ¥π÷±¥´∏–∆˜‘⁄’Ò∂Ø£¨¥À ±æÕÀ„πÿ‘ø≥◊£¨“≤≤ªƒ‹÷¥––πÿ‘ø≥◊µƒ≤Ÿ◊˜°
  79          tWord horizontal_vibration_count = 0; //¥π÷±¥´∏–∆˜¥•∑¢∫Û£¨∂‘ ±º‰Ω¯––º∆ ˝°£
  80          bit vibration_flag = 0;
  81          tWord vibration_count = 0;
  82          bit wire_broken_flag = 0;     // ºÙ∂œÀ¯œﬂµƒ±Í÷æŒª
  83          tByte After_IDcert_timecount = 0;   // IDø®»œ÷§Õ®π˝∫Û£¨º∆ ±1∑÷÷”£¨ π‘ø≥◊ƒ‹◊™∂Ø°£
  84          tByte enable_sensor_delay_count = 0;    // ¥´∏–∆˜—”≥Ÿµƒ ±º‰
  85          bit sensor_3rdalarm_flag = 0;
  86          bit wheeled_flag = 0;
  87          tWord wheeled_count = 0;
  88          bit IDkey_speech_flash = 0;
  89          bit Emergency_open_G = 0;
  90          
  91          bit Speech_closed_G = 0;
  92          tByte Speech_closed_time = 0;
  93          
  94          // If it is a debug program, define IDkey6~11 to RAM
  95          #ifdef Debug
                tByte IDkey6;
                tByte IDkey7;
                tByte IDkey8;
                tByte IDkey9;
                tByte IDkey10;
                tByte IDkey11;
              // If it is a normal program, define IDkey6~11 to Flash ROM
              #else
 104            code tByte IDkey6 _at_ 0x003000;
 105            code tByte IDkey7 _at_ 0x003001;
 106            code tByte IDkey8 _at_ 0x003002;
 107            code tByte IDkey9 _at_ 0x003003;
 108            code tByte IDkey10 _at_ 0x003004;
 109            code tByte IDkey11 _at_ 0x003005;
C51 COMPILER V9.54   MAIN                                                                  06/04/2017 11:50:55 PAGE 3   

 110          #endif
 111          
 112          tWord IDkey_selflearn_HVcount = 0;
 113          tWord IDkey_selflearn_LVcount = 0;
 114          bit IDkey_selflearn_flag1 = 0;
 115          bit IDkey_selflearn_flag2 = 0;
 116          bit IDkey_selflearn_flag3 = 0;
 117          bit IDkey_selflearn_flag4 = 0;
 118          bit IDkey_selflearn_flag5 = 0;
 119          bit ID_selflearning_flag = 0;
 120          tByte ID_selflearning_timecount = 0;
 121          bit IDkey_flash_EN = 0;
 122          
 123          bit Silence_Flag = 0;
 124          bit flashing_flag = 0;
 125          
 126          tByte Check_Motobattery_count = 0;
 127          bit Check_Motobattery_flag = 0;
 128          bit CheckADC_flag = 0;
 129          
 130          bit never_alarm = 0;
 131          bit never_alarm_speech = 0;
 132          
 133          bit slave_nearby_actioned_flag = 0;
 134          tByte slave_nearby_count = 0;
 135          
 136          bit ID_speeched_flag = 0;
 137          
 138          tByte Stolen_alarm_reset_count = 0;
 139          
 140          bit wire_broken_reset = 0;
 141          
 142          bit Just_power_up = 1;
 143          
 144          bit Battery_hint_flag = 0;
 145          
 146          bit Autolock_G = 0;
 147          tWord timer0_count2 = 0;
 148          
 149          /*------- Private variable declaratuions --------------------------*/
 150          
 151          void main()
 152            {
 153            InitVoice();
 154          
 155            // lock the external motor, prohibit motor moving when power up.
 156          //  InitElecmotor();
 157          
 158            ID_speech();
 159          
 160            InitUART(BAUD9600);
 161          
 162            InitSensor();
 163          
 164            InitTransceiver();
 165            
 166            
 167            // Ω´P0.1, P0.2…Ë÷√≥… ‰»Î∏ﬂ◊Ëƒ£ Ω
 168            P0M1 |= 0x06;
 169            P0M2 &= 0xf9;
 170            // Ω´P2.5£¨º¥PIN16…Ë÷√≥… ‰»Î∏ﬂ◊Ëƒ£ Ω
 171            P2M1 |= 0x20;
C51 COMPILER V9.54   MAIN                                                                  06/04/2017 11:50:55 PAGE 4   

 172            P2M2 &= 0xdf;
 173          
 174            Lock_EN = 1;
 175            
 176            // µÁª˙À¯
 177            Generator_lock = 0;
 178            Externalmotor = 1;
 179          
 180            lock_power = 0;
 181              
 182            while(1)
 183              {
 184              }
 185            }
 186          
 187          /*------------------------------------------------------------------
 188            timerT0()
 189            operation every ticket.
 190          --------------------------------------------------------------------*/
 191          void timer0() interrupt interrupt_timer_0_overflow
 192            {
 193            // manually reload timer0 configuration
 194            TH0 = timer0_8H;
 195            TL0 = timer0_8L;
 196          
 197            // timer0 is 1ms ticket, count the time flow of timer0, then operate every 2s.
 198            if(++timer0_count >= 2000)
 199              {
 200              // reset timer0 ticket counter every 2s
 201              timer0_count=0;
 202          
 203          
 204          //    UART_Send_Data_match();
 205          
 206              #ifdef ID
 207              if((++timer0_count2 >= 35)&&(Autolock_G == 0))
 208                {
 209                Autolock_G = 1;
 210                }
 211              #endif
 212          /*----- Wire_cut detection ----------------------------------------*/
 213              if(sensor_EN == 1)
 214                {
 215                // judge the wire broken, if yes, it means someone has cut the wire of magnet lock
 216                if(wire_broken == 0)
 217                  {
 218                  EN_host_stolen_alarming = 1;
 219                  host_stolen_alarm2_EN = 1;
 220                  Stolen_alarm_reset_count = 0;   
 221                  wire_broken_flag = 1;
 222                  }
 223                else if((wire_broken == 1)&&(wire_broken_flag == 1))
 224                  {
 225                  wire_broken_reset = 1;
 226                  wire_broken_flag = 0;       
 227                  ID_speech();
 228                  }
 229                }
 230              
 231              if(Speech_closed_G == 1)
 232                {
 233                Speech_closed_time += 1;
C51 COMPILER V9.54   MAIN                                                                  06/04/2017 11:50:55 PAGE 5   

 234                if(Speech_closed_time > 2)
 235                  {
 236                  Speech_closed_time = 0;
 237                  voice_EN = 0;
 238                  }
 239                }
 240          
 241          /*----- Accumulator relevantly ------------------------------------*/
 242              Check_motor_accumulator();
 243              Accumulator_voice_promot();
 244          
 245          /*----- Enable sensor ---------------------------------------------*/
 246              #ifdef ID
 247              ENsensor_afterIDcert();
 248              #endif
 249              // if no vibration and wheeled, decrease slave_nearby_count,
 250              // if more than 3 times, it means slave is away, then enable sensor.
 251              #ifdef WX
                  Ensensor_after_slave_away();
                  #endif    
 254          
 255              ENsensor_After_Close();
 256          
 257          /*----- Alarm relevantly -----------------------------------------*/
 258              #ifdef Z3
                  Fell_Alarm_to_Slave();
                  Raise_Alarm_to_Slave();
                  Batstolen_Alarm_to_Slave();
                  #endif
 263              
 264              Host_stolen_action();
 265          
 266          /*----- Reset flag and disabling sensor relevantly --------------*/
 267          
 268              Reset_after_wirebroken();
 269              Reset_after_stolen_alarming();
 270              SelfLearn_Reset();
 271              }
 272          
 273            // Voice hint for entering no guard mode,
 274            Enter_noguard_voice();
 275          
 276          /*----- Detectiong relevantly -----------------------------------*/
 277            Detect_selflearn_action();
 278            Detect_vibration();
 279            Detect_wheel_moving();
 280            
 281            Disable_sensor_after_IDcert();
 282          
 283            Detect_open_action();
 284            Detect_close_action();  
 285            
 286            if(Battery_hint_flag == 1)
 287              {
 288              Battery_hint_flag = 0;
 289              Battery_hint();
 290              }
 291          
 292          // judge host is fell or raised every 1ms?
 293          //  if((raised_sensor_detect == 1)&&(fell_sensor_detect == 1))
 294          //    {
 295              // judge vibration sensor is enable?
C51 COMPILER V9.54   MAIN                                                                  06/04/2017 11:50:55 PAGE 6   

 296              if(sensor_EN == 1)  
 297                {     
 298                // sensor trigger status, 0, 1 or 2?
 299                switch(sensor_trigger_count)
 300                  {
 301                  // case 0, it means host is in waiting status. waiting for first touch.
 302                  case 0:
 303                    {         
 304                    // judge host been touched and also not in vibration alarm
 305          //          if((sensor_detect == 0)&&(Host_stolen_alarming == 0)&&(transmiter_EN == 1))   
 306          //          if(((sensor_detect == 0)||(horizontal_sensor == 0)||(the3rd_sendor == 0))&&(Host_stolen_alarming ==
             - 0)&&(flashing_flag == 0)&&(transmiter_EN == 1))    
 307                    if(((sensor_detect == 0)||(horizontal_sensor == 0)||(the3rd_sendor == 0))&&(Host_stolen_alarming == 0
             -)&&(flashing_flag == 0))    
 308                      {
 309                      // judge LV is more than 2ms, if yes, it means a effective touch
 310                      if(++sensor_1ststage_count >= 1)      
 311                        {
 312                        sensor_1ststage_count=0;
 313                        
 314                        
 315                        sensor_2ndstage_time = 0;
 316                        // sensor trigge status progress to case 1.
 317                        sensor_trigger_count = 1;
 318                        // alarm speech for first touch
 319          //              SCH_Add_Task(host_touch_speech, 0, 0);
 320          
 321                        // Êä•Ë≠¶Êó∂‰ΩøÊéßÂà∂Âô®‰æõÁîµ
 322                        Generator_lock = 1;
 323                        // ÁîµÊú∫ÈîÅÊ≠ª
 324                        Externalmotor = 0;
 325          
 326                        #ifdef voice
                            host_touch_speech();
                            #endif
 329                        
 330                        Delay_500ms();Delay_500ms();Delay_500ms();Delay_500ms();
 331                               }
 332                      }
 333                    else
 334                      {
 335                      // if no LV, reset the count.
 336                      sensor_1ststage_count = 0;
 337                      }
 338                    }
 339                  break;
 340                  
 341                  // waiting for next touch, 
 342                  case 1:
 343                    {
 344                    if((sensor_detect == 0)||(horizontal_sensor == 0)||(the3rd_sendor == 0))
 345                      {
 346                      // LV for 2s, means a effective touch
 347                      if(++sensor_2ndstage_count >= 1)
 348                        {
 349                        sensor_2ndstage_count = 0;
 350                        sensor_trigger_count = 2;
 351                        
 352                        sensor_3rdstage_time = 0;
 353                        // alarm speech for 2nd touch
 354                        
 355                        // Êä•Ë≠¶Êó∂‰ΩøÊéßÂà∂Âô®‰æõÁîµ
C51 COMPILER V9.54   MAIN                                                                  06/04/2017 11:50:55 PAGE 7   

 356                        Generator_lock = 1;
 357                        // ÁîµÊú∫ÈîÅÊ≠ª
 358                        Externalmotor = 0;
 359                          
 360                        #ifdef voice
                            //host_2ndtouch_speech();
                            host_touch_speech();
                            #endif
 364                        }
 365                      }
 366                    else
 367                      {
 368                      sensor_2ndstage_count = 0;
 369                      }
 370          
 371                    // if there is no touch in 4s, reset sensor trigger status, etc.
 372                    if(++sensor_2ndstage_time >= 8000)
 373                      {
 374                      sensor_trigger_count = 0;
 375                      sensor_2ndstage_count = 0;
 376                      sensor_1ststage_count = 0;
 377                      sensor_2ndstage_time = 0;
 378          
 379                      // Êä•Ë≠¶Êó∂‰ΩøÊéßÂà∂Âô®‰æõÁîµ
 380                      Generator_lock = 0;
 381                      // ÁîµÊú∫ÈîÅÊ≠ª
 382                      Externalmotor = 1;
 383                      }
 384                    }
 385                  break;
 386          
 387                  case 2:
 388                    {
 389                    if((sensor_detect == 0)||(horizontal_sensor == 0)||(the3rd_sendor == 0))
 390                      {
 391                      // LV for 2s, means a effective touch
 392                      if(++sensor_3rdstage_count >= 2)
 393                        {
 394                        sensor_3rdstage_count = 0;
 395                        sensor_trigger_count = 3;
 396                        sensor_3rdstage_time = 0;
 397          
 398                        // alarm speech for 2nd touch
 399          //              host_2ndtouch_speech();
 400          
 401                        // Êä•Ë≠¶Êó∂‰ΩøÊéßÂà∂Âô®‰æõÁîµ
 402                        Generator_lock = 1;
 403                        // ÁîµÊú∫ÈîÅÊ≠ª
 404                        Externalmotor = 0;
 405          
 406                        #ifdef voice
                            host_touch_speech();
                            #endif
 409                        }
 410                      }
 411                    else
 412                      {
 413                      sensor_3rdstage_count = 0;
 414                      }
 415                      
 416                    // if there is no touch in 4s, reset sensor trigger status, etc.
 417                    if(++sensor_3rdstage_time >= 8000)
C51 COMPILER V9.54   MAIN                                                                  06/04/2017 11:50:55 PAGE 8   

 418                      {
 419                      sensor_trigger_count = 0;
 420                      sensor_3rdstage_count = 0;
 421                      sensor_2ndstage_count = 0;
 422                      sensor_1ststage_count = 0;
 423                      sensor_3rdstage_time = 0;
 424          
 425                      // Êä•Ë≠¶Êó∂‰ΩøÊéßÂà∂Âô®‰æõÁîµ
 426                      Generator_lock = 0;
 427                      // ÁîµÊú∫ÈîÅÊ≠ª
 428                      Externalmotor = 1;
 429                      }
 430                    }
 431                  break;
 432                  
 433                  // waiting for 3rd touch
 434                  case 3:
 435                    {
 436                    if((sensor_detect == 0)||(horizontal_sensor == 0)||(the3rd_sendor == 0))
 437                      {
 438                      // 2s LV is a effective touch
 439                      if(++sensor_3rdstage_count >= 3)
 440                        {
 441                        sensor_3rdstage_count = 0;
 442                        // stolen alarm speech enable
 443                        EN_host_stolen_alarming = 1;
 444                        host_stolen_alarm2_EN = 1;  
 445                        sensor_3rdalarm_flag = 1; 
 446                        Stolen_alarm_reset_count = 0;
 447                        
 448                        // Êä•Ë≠¶Êó∂‰ΩøÊéßÂà∂Âô®‰æõÁîµ
 449                        Generator_lock = 1;
 450                        // ÁîµÊú∫ÈîÅÊ≠ª
 451                        Externalmotor = 0;
 452                        }
 453                      }
 454                    else
 455                      {
 456                      sensor_3rdstage_count = 0;
 457                      }
 458                    
 459                    // if there is no touch in 4s, reset all.
 460                    if(++sensor_3rdstage_time >= 8000)
 461                      {
 462                      sensor_trigger_count = 0;
 463                      sensor_1ststage_count = 0;
 464                      sensor_2ndstage_count = 0;
 465                      sensor_2ndstage_time = 0;
 466                      sensor_3rdstage_time = 0;
 467                      sensor_3rdstage_count = 0;
 468                      
 469                      if(EN_host_stolen_alarming == 0)
 470                        {
 471                        // Êä•Ë≠¶Êó∂‰ΩøÊéßÂà∂Âô®‰æõÁîµ
 472                        Generator_lock = 0;
 473                        // ÁîµÊú∫ÈîÅÊ≠ª
 474                        Externalmotor = 1;              
 475                        }
 476                      }
 477                    }
 478                  break;
 479                  }
C51 COMPILER V9.54   MAIN                                                                  06/04/2017 11:50:55 PAGE 9   

 480                
 481                
 482                if(ADC_check_result < 0x100)
 483                  {
 484                  battery_stolen_EN = 1;
 485                  }
 486                else
 487                  battery_stolen_EN = 0;
 488                  }
 489          //      }
 490            
 491            // judge whether position sensor is enable
 492            if(position_sensor_EN==1)   
 493              {
 494              // judge whether there is a LV
 495              if(raised_sensor_detect == 0) 
 496                {
 497                // LV > 0.5s means a effective input
 498                if(++raise_wire_time==10)
 499                  {
 500                  // flag raised, and reset fell
 501                  raised_flag=1;
 502                  fell_flag=0;
 503                  // judge whether there once been a raised or fell.
 504                  if(raised_fell_once_flag == 0)
 505                    {
 506                    // if no, flag raised and fell flag
 507                    raised_fell_flag = 1;         
 508                    }
 509                  }   
 510                }
 511              else
 512                {
 513                raised_flag=0;
 514                raised_alarm_count=0;
 515                raise_wire_time=0;
 516                raised_fell_flag = 0;
 517                }
 518                // judge whether there is a LV
 519              if(fell_sensor_detect==0)
 520                {
 521                // LV > 0.5s means a effective input
 522                if(++fell_wire_time==10)  
 523                  { 
 524                  //  flag fell, and reset raised
 525                  fell_flag=1;      
 526                  raised_flag=0;
 527                  // judge whether there once been a raised or fell
 528                  if(raised_fell_once_flag == 0)
 529                    {
 530                    raised_fell_flag = 1;         
 531                    }
 532                  }   
 533                }
 534              else
 535                {
 536                fell_flag=0;
 537                fell_alarm_count=0;
 538                fell_wire_time=0;
 539                raised_fell_flag = 0;
 540                }
 541              }
C51 COMPILER V9.54   MAIN                                                                  06/04/2017 11:50:55 PAGE 10  

 542            
 543            // judge whether raised or fell, if yes, reset all after 10s.
 544            if(raised_fell_flag == 1)
 545              {
 546              if(++raised_fell_number >= 4000)
 547                {
 548                raised_fell_flag = 0;
 549                raised_fell_number = 0;
 550                raised_fell_once_flag = 1;
 551                
 552                sensor_trigger_count = 0;
 553                sensor_1ststage_count = 0;
 554                sensor_2ndstage_count = 0;
 555                sensor_2ndstage_time = 0;
 556                sensor_3rdstage_time = 0;
 557                sensor_3rdstage_interval = 800;
 558                sensor_3rdstage_count = 0;
 559                sensor_3rdstage_effcount = 0;         
 560                }
 561              }
 562            }
 563          
 564          /*-----------------------------------------------
 565            UART interrupt
 566          -----------------------------------------------*/
 567          void uart_isr() interrupt 4 
 568            {
 569            if(RI)
 570              {
 571              RI=0;
 572              received_data_buffer[data_count] = SBUF;
 573          
 574              // assign one byte to buffer[i] 
 575              
 576              if(ID_selflearning_flag == 0)
 577                {
 578                // judge whether buffer[0] is CmdHead
 579                if((data_count == 0) && (received_data_buffer[0] == IDkey6))
 580                  {
 581                  data_count = 1;
 582                  }
 583                else if((data_count == 1) && (received_data_buffer[1] == IDkey7))
 584                  {
 585                  data_count = 2;
 586                  }
 587                else if((data_count == 2) && (received_data_buffer[2] == IDkey8))
 588                  {
 589                  data_count = 3;
 590                  }
 591                else if((data_count == 3) && (received_data_buffer[3] == IDkey9))
 592                  {
 593                  data_count = 4;
 594                  }
 595                else if((data_count == 4) && (received_data_buffer[4] == IDkey10))
 596                  {
 597                  data_count = 5;
 598                  }
 599                #ifdef ID
 600                else if((data_count == 5) && (received_data_buffer[5] == IDkey11))
 601                  {
 602                  data_count = 0;
 603                  ID_certificated_flag = 1;
C51 COMPILER V9.54   MAIN                                                                  06/04/2017 11:50:55 PAGE 11  

 604                  After_IDcert_timecount = 0;
 605                  IDkey_speech_flash = 1;
 606                  
 607                  IDcerted_speech();
 608                      
 609                  if(ID_certificated_numbers++ >= 1)
 610                    {
 611                    // ÈùôÈü≥Ê®°Âºè
 612                    // Silence_Flag = 1;
 613                    }
 614                  if(++ID_certificated_numbers >= 11)
 615                    {
 616                    //never_alarm = 1;
 617                    
 618                    // ”¶º±ø™À¯
 619                    Emergency_open_G = ~Emergency_open_G;
 620                    ID_certificated_flag = 1;
 621                    never_alarm_speech = 1;
 622                    
 623                    Silence_Flag = 0;
 624                    ID_certificated_numbers = 0;
 625                    }
 626                  }
 627                #endif
 628                #ifdef WX
                    else if(data_count == 5)
                      {
                      receive_data_finished_flag = 1;
                      data_count = 0;
                      }     
                    #endif
 635                else
 636                  {
 637                  data_count = 0;
 638                  }
 639          
 640                #ifdef WX
                    if(receive_data_finished_flag == 1)
                      {
                      receive_data_finished_flag  = 0;
                      switch(received_data_buffer[5])
                        {
                        case ComMode_1:
                          {
                          ID_certificated_flag = 1;
                          After_IDcert_timecount = 0;
                          IDkey_speech_flash = 1;
                          IDcerted_speech();
                          slave_nearby_count = 0;
                          }
                        break;
              
                        case ComMode_11:
                          {
                          Silence_Flag = 1;
                          Self_learn_speech();
                          }
                        break;
              
                        case ComMode_12:
                          {
                          Battery_hint_flag = 1;
C51 COMPILER V9.54   MAIN                                                                  06/04/2017 11:50:55 PAGE 12  

                          }
                        break;
                        }
                      }
                    #endif
 671                }
 672              else
 673                {
 674                #ifdef ID
 675                if(++data_count >= 6)
 676                  {
 677                  data_count = 0;
 678                  IDkey_flash_EN = 1;
 679                  }
 680                #endif
 681          
 682                #ifdef WX
                    if((data_count == 0)&&(received_data_buffer[0] == CmdHead))
                      {
                      data_count = 1;
                      }
                    else if((data_count == 1)&&(received_data_buffer[1] == ComMode_1))
                      {
                      data_count = 2;
                      }
                    else if(data_count == 2)
                      {
                      data_count = 3;
                      }
                    else if(data_count == 3)
                      {
                      data_count = 4;
                      }
                    else if(data_count == 4)
                      {
                      data_count = 5;
                      }
                    else if(data_count == 5)
                      {
                      data_count = 6;
                      }
                    else if(data_count == 6)
                      {
                      data_count = 0;
                      IDkey_flash_EN = 1;
                      ID_speech();
                      }
                    else
                      {
                      data_count = 0;
                      }
                    #endif
 718                }
 719              }
 720            }
 721          /*---------------------------------------------------
 722            end of file
 723          ----------------------------------------------------*/

C51 COMPILATION COMPLETE.  0 WARNING(S),  2 ERROR(S)
