C51 COMPILER V9.54   VOICE                                                                 02/03/2016 16:50:24 PAGE 1   


C51 COMPILER V9.54, COMPILATION OF MODULE VOICE
OBJECT MODULE PLACED IN .\voice.obj
COMPILER INVOKED BY: D:\Program Files (x86)\Keil_v5\C51\BIN\C51.EXE ..\Library\voice.c COMPACT ROM(COMPACT) OPTIMIZE(8,S
                    -PEED) BROWSE INCDIR(..\Library) DEBUG OBJECTEXTEND PRINT(.\voice.lst) TABS(3) OBJECT(.\voice.obj)

line level    source

   1          /*---------------------------------------------------
   2             voice.c (v1.00)
   3             通用语音文件
   4             201506
   5          ---------------------------------------------------*/
   6          
   7          #include "main.h"
   8          #include "port.h"
   9          
  10          #include "voice.h"
  11          #include "Delay.h"
  12          #include "communication.h"
  13          #include "Other.h"
  14          #include "battery.h"
  15          
  16          /*------ private variable --------------------------*/
  17          tByte key_rotate_on_speech_number = 1;    // 循环报两段开机语音
  18                                                      
  19          extern bit flashing_flag;
  20          extern tByte Open_action_flag;      
  21          extern bit slave_nearby_actioned_flag;
  22          extern bit ID_speeched_flag;
  23          extern tByte Check_Motobattery_count;
  24          extern bit Check_Motobattery_flag;
  25          extern bit EN_host_stolen_alarming;
  26          extern tWord load_battery_result;
  27          extern bit fell_flag;                  
  28          extern bit raised_flag;          
  29          extern tWord ADC_check_result;      
  30          extern bit battery_stolen_EN;       
  31          extern bit never_alarm_speech;
  32           
  33          /*--------------------------------------------------
  34             SC_Speech()
  35             按段数发送脉冲，即可报第几段语音。
  36          ---------------------------------------------------*/
  37          void SC_Speech(tByte cnt)
  38             {
  39   1         tByte ii;
  40   1         SC_RST = 0;
  41   1      // delay_ms(100);
  42   1         Delay_50ms();
  43   1         SC_RST = 1;
  44   1      // delay_ms(150);
  45   1         Delay_50ms();
  46   1         for(ii=0; ii < cnt; ii++)
  47   1            {
  48   2            SC_DATA = 1; 
  49   2            delay_us(20);
  50   2            SC_DATA = 0; 
  51   2            delay_us(20);
  52   2            }
  53   1         }
  54          
C51 COMPILER V9.54   VOICE                                                                 02/03/2016 16:50:24 PAGE 2   

  55          /*-------------------------------------------------
  56             InitVoice()
  57             Initialise Voice IC, shielding voice by accident on powerup.
  58          --------------------------------------------------*/
  59          void InitVoice()
  60             {
  61   1         P14=0;
  62   1         SC_DATA = 0;
  63   1         SC_RST = 0;
  64   1         delay_us(350); 
  65   1         SC_RST = 1;
  66   1         delay_us(350);
  67   1         P14 = 1; 
  68   1         voice_EN = 0;           // Close speaker.
  69   1         }
  70          
  71          /*----------------------------------------------------
  72             key_rotate_on_speech()
  73             钥匙旋转至ON后，语音提示
  74          -----------------------------------------------------*/
  75          void key_rotate_on_speech(void)
  76             {
  77   1         #ifdef Taili
                 voice_EN = 1;
                 SC_Speech(26);  
                 Delay(100);
                 voice_EN = 0;
                 #endif
  83   1      
  84   1         #ifdef Shengbaolong
                 voice_EN = 1;
                 SC_Speech(11);  
                 Delay(30);
                 SC_Speech(14);  
                 Delay(30);
                 SC_Speech(10);  
                 Delay(100); 
                 voice_EN = 0;  
                 #endif
  94   1         }
  95             
  96          /*-----------------------------------------------------
  97             key_rotate_off_speech()
  98             钥匙旋转到OFF后，语音提示
  99          void key_rotate_off_speech(void)
 100             {
 101             voice_EN = 1;
 102             SC_Speech(13);
 103             Delay(40);
 104             voice_EN = 0;
 105             }
 106          ------------------------------------------------------*/
 107          
 108          /*----------------------------------------------------
 109             motorBAT_low_speech()
 110             主机电瓶电量低于最小限定值，语音提示电量不足。
 111          -----------------------------------------------------*/
 112          void motorBAT_low_speech(void)
 113             {
 114   1         voice_EN = 1;
 115   1         SC_Speech(4);
 116   1         Delay(80);
C51 COMPILER V9.54   VOICE                                                                 02/03/2016 16:50:24 PAGE 3   

 117   1         voice_EN = 0;
 118   1         }
 119          
 120          /*----------------------------------------------------
 121             Battery_hint()
 122             第一次碰主机，会有一句提示语音
 123          --------------------------------------------------------*/
 124          void Battery_hint(void)
 125             {
 126   1         voice_EN = 1;
 127   1         SC_Speech(24); 
 128   1         Delay(1);
 129   1         voice_EN = 0;
 130   1         }
 131          
 132          /*----------------------------------------------------
 133             ID_speech()
 134             第一次碰主机，会有一句提示语音
 135          --------------------------------------------------------*/
 136          void ID_speech(void)
 137             {
 138   1         voice_EN = 1;
 139   1         SC_Speech(24); 
 140   1         Delay(30);
 141   1         voice_EN = 0;
 142   1         }
 143          
 144          /*----------------------------------------------------
 145             Self_learn_speech()
 146             第一次碰主机，会有一句提示语音
 147          --------------------------------------------------------*/
 148          void Self_learn_speech(void)
 149             {
 150   1         voice_EN = 1;
 151   1         SC_Speech(25); 
 152   1         Delay(30);
 153   1         voice_EN = 0;
 154   1         flashing_flag = 0;
 155   1         }
 156          
 157          /*----------------------------------------------------
 158             host_touch_speech()
 159             第一次碰主机，会有一句提示语音
 160          --------------------------------------------------------*/
 161          void host_touch_speech(void)
 162             {
 163   1         voice_EN = 1;
 164   1         SC_Speech(2);  
 165   1         Delay(90);
 166   1         voice_EN = 0;
 167   1         Delay(30);
 168   1         }
 169          
 170          /*-----------------------------------------------------
 171             host_2ndtouch_speech()
 172             第二次触碰主机，再报一个提示语音
 173          -------------------------------------------------------*/
 174          void host_2ndtouch_speech(void)
 175             {
 176   1         voice_EN = 1;
 177   1         SC_Speech(19);  
 178   1         Delay(140);
C51 COMPILER V9.54   VOICE                                                                 02/03/2016 16:50:24 PAGE 4   

 179   1         voice_EN = 0;
 180   1      // Delay(10);
 181   1         }
 182             
 183          /*----------------------------------------------------
 184             stolen_alarm_speech()
 185             判断为被盗的时候，发出报警语音第一段
 186          ----------------------------------------------------*/
 187          void stolen_alarm_speech1(void)
 188             {
 189   1         voice_EN = 1;
 190   1         SC_Speech(16); 
 191   1         Delay(60);
 192   1         voice_EN = 0; 
 193   1         }
 194          
 195          /*----------------------------------------------------
 196             stolen_alarm_speech()
 197             判断为被盗的时候，发出报警语音第二段
 198          ----------------------------------------------------*/
 199           void stolen_alarm_speech2(void)
 200             {
 201   1         voice_EN = 1;
 202   1         SC_Speech(3); 
 203   1         Delay(180);
 204   1         voice_EN = 0;
 205   1         Delay(20);
 206   1         }
 207          
 208          /*----------------------------------------------------
 209             open_lock_speech()
 210             附机在主机附近，通过认证后，语音提示
 211          -----------------------------------------------------*/
 212          void open_lock_speech(void)
 213             {
 214   1         #ifdef Tailing
                 voice_EN = 1;
                 SC_Speech(22);  
                 Delay(30);
                 SC_Speech(14);  
                 Delay(40);
                 voice_EN = 0;
                 #endif
 222   1      
 223   1         // 车锁已打开
 224   1         voice_EN=1;
 225   1         SC_Speech(17); 
 226   1         Delay(60);
 227   1         voice_EN=0;
 228   1         }
 229          
 230          /*----------------------------------------------------
 231             close_lock_speech()
 232             判断附机离开，语音提示
 233          -----------------------------------------------------*/
 234          void close_lock_speech(void)
 235             {
 236   1         voice_EN = 1;
 237   1         SC_Speech(18);  
 238   1         Delay(60);
 239   1         voice_EN = 0;
 240   1         }
C51 COMPILER V9.54   VOICE                                                                 02/03/2016 16:50:24 PAGE 5   

 241          
 242          /*----------------------------------------------------
 243             battery_stolen_speech()
 244             主机检测到电平不在时，语音提示电平被盗
 245          -----------------------------------------------------*/
 246          void battery_stolen_speech(void)
 247             {
 248   1         voice_EN = 1;
 249   1         SC_Speech(15);  
 250   1         Delay(100);
 251   1         voice_EN = 0;
 252   1         }
 253          
 254          /*----------------------------------------------------
 255             Cutting_Wire_Voice()
 256             有人剪断锁线的时候，播报的语音
 257          -----------------------------------------------------*/
 258          void Cutting_Wire_Voice(void)
 259             {
 260   1         voice_EN = 1;
 261   1         SC_Speech(28);  
 262   1         Delay(120);
 263   1         voice_EN = 0;
 264   1         }
 265          
 266          /*----------------------------------------------------
 267             Product_Test_Voice()
 268             测试程序中的语音提示
 269          -----------------------------------------------------*/
 270          void Product_Test_Voice(void)
 271             {
 272   1         voice_EN = 1;
 273   1         SC_Speech(21);  
 274   1         Delay(150);
 275   1         voice_EN = 0;
 276   1         }
 277          
 278          /*---------------------------------------------------------------
 279             Battery_low_alarm_speech()
 280             用于附机，当电池电量低于一定值，语音提示
 281          ----------------------------------------------------------------*/
 282          void Battery_low_alarm_speech(void)
 283             {
 284   1         voice_EN = 1;
 285   1         SC_Speech(6);
 286   1         Delay(80);
 287   1         voice_EN = 0;
 288   1         }
 289          
 290          /*---------------------------------------------------------------
 291             Battery_high_alarm_speech()
 292             用于附机，电量高于一定值的时候，语音提示
 293          ----------------------------------------------------------------*/
 294          void Battery_high_alarm_speech(void)
 295             {
 296   1         voice_EN = 1;
 297   1         SC_Speech(5);
 298   1         Delay(50);
 299   1         voice_EN = 0;
 300   1         }
 301          
 302          /*-------------------------------------------------------------
C51 COMPILER V9.54   VOICE                                                                 02/03/2016 16:50:24 PAGE 6   

 303             Alarm_stolen_speech()
 304             用于附机，主机被盗报警
 305          ---------------------------------------------------------------*/
 306          void Alarm_stolen_speech(void)
 307             {
 308   1         voice_EN = 1;
 309   1         SC_Speech(4);
 310   1         Delay(180);
 311   1         voice_EN = 0;
 312   1         }
 313             
 314          /*--------------------------------------------------------------
 315             Alarm_raised_speech()
 316             用于附机，主机被抬起报警
 317          ---------------------------------------------------------------*/
 318          void Alarm_raised_speech(void)
 319             {
 320   1         voice_EN = 1;
 321   1         SC_Speech(3);
 322   1         Delay(140);
 323   1         voice_EN = 0;
 324   1         }
 325             
 326          /*--------------------------------------------------------------
 327             Alarm_fell_speech()
 328             用于附机，主机倒地报警
 329          ----------------------------------------------------------------*/
 330          void Alarm_fell_speech(void)
 331             {
 332   1         voice_EN = 1;
 333   1         SC_Speech(2);
 334   1         Delay(120);
 335   1         voice_EN = 0;
 336   1         }
 337             
 338          /*---------------------------------------------------------------
 339             Host_battery_high_alarm_speech()
 340             用于附机，主机电量充满提示
 341          ---------------------------------------------------------------*/
 342          void Host_battery_high_alarm_speech(void)
 343             {
 344   1         voice_EN = 1;
 345   1         SC_Speech(11);  
 346   1         Delay(80);
 347   1         voice_EN = 0;
 348   1         }
 349          
 350          /*---------------------------------------------------------------
 351             battery_stolen_speech_F3()
 352             用于附机，主机电池被盗报警
 353          ---------------------------------------------------------------*/
 354          void battery_stolen_speech_F3(void)
 355             {
 356   1         voice_EN = 1;
 357   1         SC_Speech(7);  
 358   1         Delay(50);
 359   1         voice_EN = 0;
 360   1         }
 361             
 362          /*---------------------------------------------------------------
 363             wire_broken_speech(void)
 364             用于附机，主机锁线被剪断报警
C51 COMPILER V9.54   VOICE                                                                 02/03/2016 16:50:24 PAGE 7   

 365          ----------------------------------------------------------------*/
 366          void wire_broken_speech(void)
 367             {
 368   1         voice_EN = 1;
 369   1         SC_Speech(8);  
 370   1         Delay(80);
 371   1         voice_EN = 0;  
 372   1         }
 373          
 374          /*---------------------------------------------------------------
 375             lock_rotated_on_speech(void)
 376             用于附机，主机锁线被剪断报警
 377          ----------------------------------------------------------------*/
 378          void lock_rotated_on_speech(void)
 379             {
 380   1         voice_EN = 1;
 381   1         SC_Speech(12);  
 382   1         Delay(80);
 383   1         voice_EN = 0;  
 384   1         }
 385          /*---------------------------------------------------------------
 386             lock_rotated_off_speech(void)
 387             用于附机，主机锁线被剪断报警
 388          ----------------------------------------------------------------*/
 389          void lock_rotated_off_speech(void)
 390             {
 391   1         voice_EN = 1;
 392   1         SC_Speech(13);  
 393   1         Delay(80);
 394   1         voice_EN = 0;  
 395   1         }
 396          
 397          /*-------------------------------------------------------------
 398             IDcerted_speech()
 399          -------------------------------------------------------------*/
 400          void IDcerted_speech(void)
 401             {
 402   1         #ifdef ID
 403   1         ID_speech();
 404   1         #endif
 405   1         
 406   1         #ifdef WX
                 if((Open_action_flag == 0)&&(slave_nearby_actioned_flag == 0)&&(ID_speeched_flag == 0))
                    {     
                    ID_speech();
                    
                    ID_speeched_flag = 1;
                    }
                 #endif
 414   1         }
 415          /*-------------------------------------------------------------
 416             Accumulator_voice_promot()
 417          -------------------------------------------------------------*/   
 418          void Accumulator_voice_promot(void)
 419             {
 420   1         if(++Check_Motobattery_count > 3)
 421   1            {
 422   2            Check_Motobattery_count = 5;
 423   2            if((Check_Motobattery_flag == 1)&&(EN_host_stolen_alarming == 0)&&(fell_flag == 0)&&(raised_flag == 0)&&
             -(battery_stolen_EN == 0))
 424   2               {
 425   3               load_battery_result = ADC_check_result;
C51 COMPILER V9.54   VOICE                                                                 02/03/2016 16:50:24 PAGE 8   

 426   3               verifybattery(load_battery_result);
 427   3               Check_Motobattery_flag = 0;
 428   3               }
 429   2            }
 430   1         }
 431          
 432          /*--------------------------------------------------------
 433             Enter_noguard_voice()
 434          --------------------------------------------------------*/
 435          void Enter_noguard_voice()
 436             {
 437   1         if(never_alarm_speech == 1)
 438   1            {
 439   2            never_alarm_speech = 0;
 440   2            Self_learn_speech();             
 441   2            }  
 442   1         }
 443             
 444          /*---------------------------------------------------
 445             end of file
 446          ----------------------------------------------------*/


MODULE INFORMATION:   STATIC OVERLAYABLE
   CODE SIZE        =    499    ----
   CONSTANT SIZE    =   ----    ----
   XDATA SIZE       =   ----    ----
   PDATA SIZE       =      1       2
   DATA SIZE        =   ----    ----
   IDATA SIZE       =   ----    ----
   BIT SIZE         =   ----    ----
END OF MODULE INFORMATION.


C51 COMPILATION COMPLETE.  0 WARNING(S),  0 ERROR(S)
